Archive member included to satisfy reference by file (symbol)

../sbl/segalib/lib/libsat.a(dma_scu1.o)
                              main.o (_DMA_ScuInit)
../sbl/segalib/lib/libsat.a(mth_rand.o)
                              rng.o (_MTH_InitialRand)
../sbl/segalib/lib/libsat.a(mth_fixd.o)
                              sprite.o (_MTH_Mul)
../sbl/segalib/lib/libsat.a(mth_tri.o)
                              sprite.o (_MTH_Sin)
../sbl/segalib/lib/libsat.a(per_prt.o)
                              vblank.o (_PER_Init)
../sbl/segalib/lib/libsat.a(spr_2c.o)
                              sprite.o (_SPR_2SetTvMode)
../sbl/segalib/lib/libsat.a(scl_func.o)
                              scroll.o (_Scl_n_reg)
../sbl/segalib/lib/libsat.a(scl_fu02.o)
                              scroll.o (_SCL_InitVramConfigTb)
../sbl/segalib/lib/libsat.a(scl_fu03.o)
                              scroll.o (_SCL_InitConfigTb)
../sbl/segalib/lib/libsat.a(scl_fu04.o)
                              scroll.o (_SCL_SetCycleTable)
../sbl/segalib/lib/libsat.a(scl_pri.o)
                              ../sbl/segalib/lib/libsat.a(scl_func.o) (_SCL_PriorityInit)
../sbl/segalib/lib/libsat.a(scl_ro00.o)
                              scroll.o (_SCL_InitRotateTable)
../sbl/segalib/lib/libsat.a(scl_ro03.o)
                              bg.o (_SCL_RotateTo)
../sbl/segalib/lib/libsat.a(scl_back.o)
                              scroll.o (_SCL_SetBack)
../sbl/segalib/lib/libsat.a(scl_vblv.o)
                              ../sbl/segalib/lib/libsat.a(spr_2c.o) (_SCL_SetFrameInterval)
../sbl/segalib/lib/libsat.a(scl_pr01.o)
                              sprite.o (_SCL_SetSpriteMode)
../sbl/segalib/lib/libsat.a(scl_pr02.o)
                              scroll.o (_SCL_SetColRam)
../sbl/segalib/lib/libsat.a(scl_pr03.o)
                              scroll.o (_SCL_AllocColRam)
../sbl/segalib/lib/libsat.a(scl_pr05.o)
                              ../sbl/segalib/lib/libsat.a(scl_pr02.o) (_SCL_GetColRamOffset)
../sbl/segalib/lib/libsat.a(scl_pr06.o)
                              ../sbl/segalib/lib/libsat.a(scl_pr03.o) (_SCL_SetColRamOffset)
../sbl/segalib/lib/libsat.a(scl_pr07.o)
                              scroll.o (_SCL_SetPriority)
../sbl/segalib/lib/libsat.a(scl_pr11.o)
                              bg.o (_SCL_SetAutoColOffset)
../sbl/segalib/lib/libsat.a(scl_pr12.o)
                              bg.o (_SCL_SetColOffset)
../sbl/segalib/lib/libsat.a(csh_main.o)
                              ../sbl/segalib/lib/libsat.a(dma_scu1.o) (_CSH_Purge)
../sbl/segalib/lib/libsat.a(dma_scu0.o)
                              ../sbl/segalib/lib/libsat.a(dma_scu1.o) (_DMA_ScuSetPrm)
../sbl/segalib/lib/libsat.a(spr_1c.o)
                              ../sbl/segalib/lib/libsat.a(spr_2c.o) (_SPR_SetTvMode)
../sbl/segalib/lib/libsat.a(spr_2a.o)
                              ../sbl/segalib/lib/libsat.a(spr_2c.o) (_SPR_2SetDrawPrty)
/opt/toolchains/sh-elf/bin/../lib/gcc/sh-elf/11.1.0/libgcc.a(_ashiftrt.o)
                              game.o (___ashiftrt_r4_6)
/opt/toolchains/sh-elf/bin/../lib/gcc/sh-elf/11.1.0/libgcc.a(_ashiftrt_n.o)
                              pcmsys.o (___ashrsi3)
/opt/toolchains/sh-elf/bin/../lib/gcc/sh-elf/11.1.0/libgcc.a(_ashiftlt.o)
                              scroll.o (___ashlsi3_r0)
/opt/toolchains/sh-elf/bin/../lib/gcc/sh-elf/11.1.0/libgcc.a(_movmem.o)
                              scroll.o (___movmem)
/opt/toolchains/sh-elf/bin/../lib/gcc/sh-elf/11.1.0/libgcc.a(_sdivsi3.o)
                              pcmsys.o (___sdivsi3)
/opt/toolchains/sh-elf/bin/../lib/gcc/sh-elf/11.1.0/libgcc.a(_udivsi3.o)
                              ../sbl/segalib/lib/libsat.a(scl_fu03.o) (___udivsi3)
/opt/toolchains/sh-elf/bin/../lib/gcc/sh-elf/11.1.0/libgcc.a(_mul_df.o)
                              ../sbl/segalib/lib/libsat.a(scl_ro00.o) (___muldf3)
/opt/toolchains/sh-elf/bin/../lib/gcc/sh-elf/11.1.0/libgcc.a(_si_to_df.o)
                              ../sbl/segalib/lib/libsat.a(scl_ro00.o) (___floatsidf)
/opt/toolchains/sh-elf/bin/../lib/gcc/sh-elf/11.1.0/libgcc.a(_df_to_si.o)
                              ../sbl/segalib/lib/libsat.a(scl_ro00.o) (___fixdfsi)
/opt/toolchains/sh-elf/bin/../lib/gcc/sh-elf/11.1.0/libgcc.a(_thenan_df.o)
                              /opt/toolchains/sh-elf/bin/../lib/gcc/sh-elf/11.1.0/libgcc.a(_mul_df.o) (___thenan_df)
/opt/toolchains/sh-elf/bin/../lib/gcc/sh-elf/11.1.0/libgcc.a(_lshiftrt.o)
                              /opt/toolchains/sh-elf/bin/../lib/gcc/sh-elf/11.1.0/libgcc.a(_si_to_df.o) (___lshrsi3_r0)
/opt/toolchains/sh-elf/bin/../lib/gcc/sh-elf/11.1.0/libgcc.a(_clzsi2.o)
                              /opt/toolchains/sh-elf/bin/../lib/gcc/sh-elf/11.1.0/libgcc.a(_si_to_df.o) (___clzsi2)
/opt/toolchains/sh-elf/bin/../lib/gcc/sh-elf/11.1.0/libgcc.a(_pack_df.o)
                              /opt/toolchains/sh-elf/bin/../lib/gcc/sh-elf/11.1.0/libgcc.a(_mul_df.o) (___pack_d)
/opt/toolchains/sh-elf/bin/../lib/gcc/sh-elf/11.1.0/libgcc.a(_unpack_df.o)
                              /opt/toolchains/sh-elf/bin/../lib/gcc/sh-elf/11.1.0/libgcc.a(_mul_df.o) (___unpack_d)
/opt/toolchains/sh-elf/bin/../lib/gcc/sh-elf/11.1.0/libgcc.a(_clz.o)
                              /opt/toolchains/sh-elf/bin/../lib/gcc/sh-elf/11.1.0/libgcc.a(_clzsi2.o) (___clz_tab)
/opt/toolchains/sh-elf/bin/../lib/gcc/sh-elf/11.1.0/../../../../sh-elf/lib/libc.a(lib_a-memcpy.o)
                              bg.o (_memcpy)
/opt/toolchains/sh-elf/bin/../lib/gcc/sh-elf/11.1.0/../../../../sh-elf/lib/libc.a(lib_a-memset.o)
                              game.o (_memset)

Memory Configuration

Name             Origin             Length             Attributes
*default*        0x0000000000000000 0xffffffffffffffff

Linker script and memory map

LOAD entry.o
LOAD stack.o
LOAD vblank.o
LOAD bg.o
LOAD cd.o
LOAD crc.o
LOAD devcart.o
LOAD game.o
LOAD hwram.o
LOAD pcmsys.o
LOAD piece.o
LOAD print.o
LOAD rng.o
LOAD scroll.o
LOAD sound.o
LOAD sprite.o
LOAD main.o
LOAD ../sbl/segalib/lib/libsat.a
LOAD /opt/toolchains/sh-elf/bin/../lib/gcc/sh-elf/11.1.0/libgcc.a
LOAD /opt/toolchains/sh-elf/bin/../lib/gcc/sh-elf/11.1.0/libgcc-Os-4-200.a
LOAD /opt/toolchains/sh-elf/bin/../lib/gcc/sh-elf/11.1.0/../../../../sh-elf/lib/libc.a
LOAD /opt/toolchains/sh-elf/bin/../lib/gcc/sh-elf/11.1.0/libgcc.a
LOAD /opt/toolchains/sh-elf/bin/../lib/gcc/sh-elf/11.1.0/libgcc-Os-4-200.a

.entry          0x0000000006010000       0x60
 *(.entry)
 .entry         0x0000000006010000       0x50 entry.o
                0x0000000006010000                _entry
                0x0000000006010060                . = ALIGN (0x20)
 *fill*         0x0000000006010050       0x10 
                0x0000000006010060                _eentry = ABSOLUTE (.)

.text           0x0000000006010060     0xa420
 *(.text*)
 .text          0x0000000006010060        0x0 entry.o
 .text          0x0000000006010060        0x0 stack.o
 .text          0x0000000006010060      0x148 vblank.o
                0x0000000006010060                _CheckVblankEnd
                0x0000000006010070                _UsrVblankIn
                0x0000000006010088                _UsrVblankOut
                0x0000000006010118                _SetVblank
 .text          0x00000000060101a8      0x3b4 bg.o
                0x00000000060101a8                _BG_Init
                0x000000000601032c                _BG_Run
                0x0000000006010520                _BG_Next
 .text          0x000000000601055c       0x1c cd.o
                0x000000000601055c                _CD_Init
                0x0000000006010560                _CD_ChangeDir
                0x000000000601056c                _CD_Load
 .text          0x0000000006010578       0x20 crc.o
                0x0000000006010578                _crc_update
 .text          0x0000000006010598      0x1d4 devcart.o
                0x00000000060105ec                _Devcart_LoadFile
                0x00000000060106b8                _Devcart_PrintStr
                0x00000000060106f0                _Devcart_Reset
                0x0000000006010734                _Devcart_ChangeDir
 .text          0x000000000601076c      0xfec game.o
                0x0000000006010bb4                _Game_Init
                0x0000000006010eb8                _Game_Run
 .text          0x0000000006011758        0x0 hwram.o
 .text          0x0000000006011758      0x3a4 pcmsys.o
                0x0000000006011758                _smpc_wait_till_ready
                0x000000000601176c                _smpc_issue_command
                0x0000000006011780                _load_driver_binary
                0x00000000060117f4                _load_drv
                0x000000000601182c                _calculate_bytes_per_blank
                0x000000000601185c                _load_16bit_pcm
                0x000000000601197c                _load_8bit_pcm
                0x0000000006011a98                _pcm_play
                0x0000000006011abc                _pcm_parameter_change
                0x0000000006011ad8                _pcm_cease
 .text          0x0000000006011afc        0x0 piece.o
 .text          0x0000000006011afc      0x154 print.o
                0x0000000006011afc                _Print_Load
                0x0000000006011b0c                _Print_Init
                0x0000000006011b24                _Print_Num
                0x0000000006011b68                _Print_String
                0x0000000006011bc0                _Print_Display
 .text          0x0000000006011c50       0xf4 rng.o
                0x0000000006011c50                _RNG_Init
                0x0000000006011ca4                _RNG_Get
 .text          0x0000000006011d44      0x5ac scroll.o
                0x0000000006011d44                _Scroll_Init
                0x0000000006011fd4                _Scroll_TilePtr
                0x0000000006012028                _Scroll_LoadTile
                0x00000000060120a8                _Scroll_MapPtr
                0x00000000060120e0                _Scroll_Scale
                0x000000000601217c                _Scroll_Set
                0x00000000060121bc                _Scroll_Move
                0x00000000060121fc                _Scroll_ClearMaps
                0x0000000006012240                _Scroll_ClearVram
                0x000000000601225c                _Scroll_CharSize
                0x0000000006012290                _Scroll_Enable
                0x00000000060122c0                _Scroll_MapSize
 .text          0x00000000060122f0      0x1bc sound.o
                0x00000000060122f0                _Sound_CDVolume
                0x00000000060123dc                _Sound_Init
                0x0000000006012498                _Sound_CDDA
                0x000000000601249c                _Sound_Play
 .text          0x00000000060124ac      0x60c sprite.o
                0x00000000060124ac                _Sprite_Init
                0x0000000006012540                _Sprite_Clear
                0x000000000601255c                _Sprite_Load
                0x0000000006012748                _Sprite_StartDraw
                0x0000000006012778                _Sprite_Draw
                0x0000000006012990                _Sprite_Make
                0x00000000060129bc                _Sprite_DrawAll
                0x0000000006012a08                _Sprite_Next
                0x0000000006012a4c                _Sprite_ListAdd
                0x0000000006012a60                _Sprite_ListRemove
                0x0000000006012a84                _Sprite_Delete
                0x0000000006012a98                _Sprite_DeleteAll
 .text          0x0000000006012ab8        0x0 main.o
 .text.startup  0x0000000006012ab8      0x108 main.o
                0x0000000006012ab8                _main
 .text          0x0000000006012bc0      0x198 ../sbl/segalib/lib/libsat.a(dma_scu1.o)
                0x0000000006012bc0                _DMA_ScuInit
                0x0000000006012bfc                _DMA_ScuMemCopy
                0x0000000006012cc0                _DMA_ScuResult
 .text          0x0000000006012d58       0x24 ../sbl/segalib/lib/libsat.a(mth_rand.o)
                0x0000000006012d58                _MTH_InitialRand
                0x0000000006012d64                _MTH_GetRand
 .text          0x0000000006012d7c       0x78 ../sbl/segalib/lib/libsat.a(mth_fixd.o)
                0x0000000006012d7c                _MTH_Mul
                0x0000000006012d90                _MTH_Div
                0x0000000006012da4                _MTH_IntToFixed
                0x0000000006012dac                _MTH_FixedToInt
                0x0000000006012db4                _MTH_Product
 .text          0x0000000006012df4      0x5d4 ../sbl/segalib/lib/libsat.a(mth_tri.o)
                0x0000000006012df4                _MTH_Sin
                0x0000000006012e34                _MTH_Cos
                0x0000000006012e78                _fcos
                0x0000000006012e7e                _fsin
                0x0000000006013010                _MTH_Atan
 .text          0x00000000060133c8      0xf58 ../sbl/segalib/lib/libsat.a(per_prt.o)
                0x00000000060137c8                _PER_IntFunc
                0x0000000006014078                _PER_Init
                0x0000000006014220                _PER_GetPer
 .text          0x0000000006014320      0xcbc ../sbl/segalib/lib/libsat.a(spr_2c.o)
                0x0000000006014320                _SPR_2SetTvMode
                0x0000000006014330                _SPR_2FrameChgIntr
                0x0000000006014344                _SPR_2FrameEraseData
                0x0000000006014384                _SPR_2SetGourTbl
                0x00000000060143b4                _SPR_2SetLookupTbl
                0x00000000060143d0                _SPR_2SetChar
                0x00000000060144fc                _SPR_2ClrChar
                0x0000000006014604                _SPR_2ClrAllChar
                0x0000000006014650                _SPR_2Initial
                0x00000000060147a4                _SPR_2GourTblNoToVram
                0x00000000060147c0                _SPR_2LookupTblNoToVram
                0x00000000060147d0                _SPR_2CharNoToVram
                0x00000000060147e4                _SPR_2GetAreaSizeInfo
                0x0000000006014844                _SPR_2OpenCommand
                0x00000000060148dc                _SPR_2FlushDrawPrty
                0x000000000601491c                _SPR_2CloseCommand
                0x0000000006014a3c                _SPR_2LocalCoord
                0x0000000006014a94                _SPR_2SysClip
                0x0000000006014adc                _SPR_2UserClip
                0x0000000006014b2c                _SPR_2Line
                0x0000000006014bc8                _SPR_2PolyLine
                0x0000000006014c68                _SPR_2Polygon
                0x0000000006014d08                _SPR_2NormSpr
                0x0000000006014dd4                _SPR_2ScaleSpr
                0x0000000006014ebc                _SPR_2DistSpr
                0x0000000006014f94                _SPR_2Cmd
 .text          0x0000000006014fdc      0x754 ../sbl/segalib/lib/libsat.a(scl_func.o)
                0x0000000006014fdc                _SCL_ParametersInit
                0x00000000060150c8                _SCL_Vdp2Init
                0x0000000006015130                _SCL_Open
                0x000000000601514c                _SCL_Close
                0x0000000006015160                _SCL_MoveTo
                0x0000000006015254                _SCL_Move
                0x0000000006015380                _SCL_Scale
                0x0000000006015484                _SCL_Memcpyw
                0x0000000006015498                _SCL_CopyReg
                0x0000000006015578                _SCL_SetColRamMode
                0x00000000060155c8                _SCL_PriIntProc
                0x00000000060156c4                _SCL_ScrollShow
 .text          0x0000000006015730      0x384 ../sbl/segalib/lib/libsat.a(scl_fu02.o)
                0x0000000006015730                _SCL_InitVramConfigTb
                0x000000000601573e                _SCL_SetVramConfig
 .text          0x0000000006015ab4      0x62c ../sbl/segalib/lib/libsat.a(scl_fu03.o)
                0x0000000006015ab4                _SCL_InitConfigTb
                0x0000000006015acc                _SCL_SetConfig
 .text          0x00000000060160e0       0x18 ../sbl/segalib/lib/libsat.a(scl_fu04.o)
                0x00000000060160e0                _SCL_SetCycleTable
 .text          0x00000000060160f8      0xf30 ../sbl/segalib/lib/libsat.a(scl_pri.o)
                0x00000000060160f8                _SCL_PriorityInit
                0x00000000060166a4                _SCL_GetColRamMode
                0x00000000060166c4                _SCL_AbortAutoVe
                0x00000000060166d0                _SCL_SetColMixRate
                0x0000000006016a38                _SCL_IncColOffset
                0x0000000006016aac                _SCL_AutoExec
                0x0000000006016ed8                _SCL_SetShadowBit
 .text          0x0000000006017028      0xe38 ../sbl/segalib/lib/libsat.a(scl_ro00.o)
                0x000000000601714c                _SCL_InitRotateTable
                0x0000000006017394                _SCL_RotateZD
                0x00000000060174d4                _SCL_Rotate
 .text          0x0000000006017e60       0xfc ../sbl/segalib/lib/libsat.a(scl_ro03.o)
                0x0000000006017e60                _SCL_RotateTo
 .text          0x0000000006017f5c       0x74 ../sbl/segalib/lib/libsat.a(scl_back.o)
                0x0000000006017f5c                _SCL_SetBack
 .text          0x0000000006017fd0      0x264 ../sbl/segalib/lib/libsat.a(scl_vblv.o)
                0x0000000006017fd0                _SCL_SetFrameInterval
                0x0000000006018048                _SCL_DisplayFrame
                0x0000000006018074                _SCL_VblInit
                0x00000000060180bc                _SCL_VblankStart
                0x000000000601818c                _SCL_VblankEnd
 .text          0x0000000006018234       0x54 ../sbl/segalib/lib/libsat.a(scl_pr01.o)
                0x0000000006018234                _SCL_SetSpriteMode
 .text          0x0000000006018288       0x90 ../sbl/segalib/lib/libsat.a(scl_pr02.o)
                0x0000000006018288                _SCL_SetColRam
 .text          0x0000000006018318      0x10c ../sbl/segalib/lib/libsat.a(scl_pr03.o)
                0x0000000006018318                _SCL_FreeColRam
                0x0000000006018340                _SCL_AllocColRam
 .text          0x0000000006018424       0xac ../sbl/segalib/lib/libsat.a(scl_pr05.o)
                0x0000000006018424                _SCL_GetColRamOffset
 .text          0x00000000060184d0      0x180 ../sbl/segalib/lib/libsat.a(scl_pr06.o)
                0x00000000060184d0                _SCL_SetColRamOffset
 .text          0x0000000006018650      0x1c8 ../sbl/segalib/lib/libsat.a(scl_pr07.o)
                0x0000000006018650                _SCL_SetPriority
 .text          0x0000000006018818      0x13c ../sbl/segalib/lib/libsat.a(scl_pr11.o)
                0x0000000006018818                _SCL_SetAutoColOffset
 .text          0x0000000006018954      0x164 ../sbl/segalib/lib/libsat.a(scl_pr12.o)
                0x0000000006018954                _SCL_SetColOffset
 .text          0x0000000006018ab8       0xb0 ../sbl/segalib/lib/libsat.a(csh_main.o)
                0x0000000006018ab8                _CSH_Init
                0x0000000006018b04                _CSH_AllClr
                0x0000000006018b44                _CSH_Purge
 .text          0x0000000006018b68      0x274 ../sbl/segalib/lib/libsat.a(dma_scu0.o)
                0x0000000006018b68                _DMA_ScuIntFunc0
                0x0000000006018bc8                _DMA_ScuIntFunc1
                0x0000000006018c2c                _DMA_ScuIntFunc2
                0x0000000006018c90                _DMA_ScuSetPrm
                0x0000000006018cf8                _DMA_ScuStart
                0x0000000006018db0                _DMA_ScuGetStatus
 .text          0x0000000006018ddc      0x240 ../sbl/segalib/lib/libsat.a(spr_1c.o)
                0x0000000006018ddc                _SPR_SetTvMode
                0x0000000006018e58                _SPR_GetStatus
                0x0000000006018eac                _SPR_SetEraseData
                0x0000000006018f44                _SPR_Initial
                0x0000000006018ff8                _SPR_WaitDrawEnd
                0x0000000006019008                _SPR_SetEosMode
 .text          0x000000000601901c      0x16c ../sbl/segalib/lib/libsat.a(spr_2a.o)
                0x000000000601901c                _SPR_2SetDrawPrty
                0x000000000601908c                _SPR_2FlushDrawPrtyBlock
 .text          0x0000000006019188       0x52 /opt/toolchains/sh-elf/bin/../lib/gcc/sh-elf/11.1.0/libgcc.a(_ashiftrt.o)
                0x0000000006019188                ___ashiftrt_r4_31
                0x0000000006019188                ___ashiftrt_r4_32
                0x000000000601918e                ___ashiftrt_r4_30
                0x0000000006019190                ___ashiftrt_r4_29
                0x0000000006019192                ___ashiftrt_r4_28
                0x0000000006019194                ___ashiftrt_r4_27
                0x0000000006019196                ___ashiftrt_r4_26
                0x0000000006019198                ___ashiftrt_r4_25
                0x000000000601919a                ___ashiftrt_r4_24
                0x00000000060191a2                ___ashiftrt_r4_23
                0x00000000060191a4                ___ashiftrt_r4_22
                0x00000000060191a6                ___ashiftrt_r4_21
                0x00000000060191a8                ___ashiftrt_r4_20
                0x00000000060191aa                ___ashiftrt_r4_19
                0x00000000060191ac                ___ashiftrt_r4_18
                0x00000000060191ae                ___ashiftrt_r4_17
                0x00000000060191b0                ___ashiftrt_r4_16
                0x00000000060191b6                ___ashiftrt_r4_15
                0x00000000060191b8                ___ashiftrt_r4_14
                0x00000000060191ba                ___ashiftrt_r4_13
                0x00000000060191bc                ___ashiftrt_r4_12
                0x00000000060191be                ___ashiftrt_r4_11
                0x00000000060191c0                ___ashiftrt_r4_10
                0x00000000060191c2                ___ashiftrt_r4_9
                0x00000000060191c4                ___ashiftrt_r4_8
                0x00000000060191c6                ___ashiftrt_r4_7
                0x00000000060191c8                ___ashiftrt_r4_6
                0x00000000060191ca                ___ashiftrt_r4_5
                0x00000000060191cc                ___ashiftrt_r4_4
                0x00000000060191ce                ___ashiftrt_r4_3
                0x00000000060191d0                ___ashiftrt_r4_2
                0x00000000060191d2                ___ashiftrt_r4_1
                0x00000000060191d6                ___ashiftrt_r4_0
 *fill*         0x00000000060191da        0x2 
 .text          0x00000000060191dc       0x80 /opt/toolchains/sh-elf/bin/../lib/gcc/sh-elf/11.1.0/libgcc.a(_ashiftrt_n.o)
                0x00000000060191dc                ___ashrsi3
 .text          0x000000000601925c       0xbc /opt/toolchains/sh-elf/bin/../lib/gcc/sh-elf/11.1.0/libgcc.a(_ashiftlt.o)
                0x000000000601925c                ___ashlsi3
                0x0000000006019260                ___ashlsi3_r0
 .text          0x0000000006019318       0x78 /opt/toolchains/sh-elf/bin/../lib/gcc/sh-elf/11.1.0/libgcc.a(_movmem.o)
                0x0000000006019318                ___movmem
                0x0000000006019318                ___movstr
                0x000000000601934c                ___movmemSI64
                0x000000000601934c                ___movstrSI64
                0x0000000006019350                ___movmemSI60
                0x0000000006019350                ___movstrSI60
                0x0000000006019354                ___movstrSI56
                0x0000000006019354                ___movmemSI56
                0x0000000006019358                ___movmemSI52
                0x0000000006019358                ___movstrSI52
                0x000000000601935c                ___movstrSI48
                0x000000000601935c                ___movmemSI48
                0x0000000006019360                ___movmemSI44
                0x0000000006019360                ___movstrSI44
                0x0000000006019364                ___movstrSI40
                0x0000000006019364                ___movmemSI40
                0x0000000006019368                ___movstrSI36
                0x0000000006019368                ___movmemSI36
                0x000000000601936c                ___movstrSI32
                0x000000000601936c                ___movmemSI32
                0x0000000006019370                ___movmemSI28
                0x0000000006019370                ___movstrSI28
                0x0000000006019374                ___movmemSI24
                0x0000000006019374                ___movstrSI24
                0x0000000006019378                ___movmemSI20
                0x0000000006019378                ___movstrSI20
                0x000000000601937c                ___movstrSI16
                0x000000000601937c                ___movmemSI16
                0x0000000006019380                ___movmemSI12
                0x0000000006019380                ___movstrSI12
                0x0000000006019384                ___movstrSI8
                0x0000000006019384                ___movmemSI8
                0x0000000006019388                ___movstrSI4
                0x0000000006019388                ___movmemSI4
 .text          0x0000000006019390       0xa0 /opt/toolchains/sh-elf/bin/../lib/gcc/sh-elf/11.1.0/libgcc.a(_sdivsi3.o)
                0x0000000006019390                ___sdivsi3
 .text          0x0000000006019430       0x6c /opt/toolchains/sh-elf/bin/../lib/gcc/sh-elf/11.1.0/libgcc.a(_udivsi3.o)
                0x0000000006019452                ___udivsi3
 .text          0x000000000601949c      0x208 /opt/toolchains/sh-elf/bin/../lib/gcc/sh-elf/11.1.0/libgcc.a(_mul_df.o)
                0x000000000601949c                ___muldf3
 .text          0x00000000060196a4       0xa8 /opt/toolchains/sh-elf/bin/../lib/gcc/sh-elf/11.1.0/libgcc.a(_si_to_df.o)
                0x00000000060196a4                ___floatsidf
 .text          0x000000000601974c       0xa0 /opt/toolchains/sh-elf/bin/../lib/gcc/sh-elf/11.1.0/libgcc.a(_df_to_si.o)
                0x000000000601974c                ___fixdfsi
 .text          0x00000000060197ec        0x0 /opt/toolchains/sh-elf/bin/../lib/gcc/sh-elf/11.1.0/libgcc.a(_thenan_df.o)
 .text          0x00000000060197ec       0xbc /opt/toolchains/sh-elf/bin/../lib/gcc/sh-elf/11.1.0/libgcc.a(_lshiftrt.o)
                0x00000000060197ec                ___lshrsi3
                0x00000000060197f0                ___lshrsi3_r0
 .text          0x00000000060198a8       0x74 /opt/toolchains/sh-elf/bin/../lib/gcc/sh-elf/11.1.0/libgcc.a(_clzsi2.o)
                0x00000000060198a8                ___clzsi2
 .text          0x000000000601991c      0x29c /opt/toolchains/sh-elf/bin/../lib/gcc/sh-elf/11.1.0/libgcc.a(_pack_df.o)
                0x000000000601991c                ___pack_d
 .text          0x0000000006019bb8       0xcc /opt/toolchains/sh-elf/bin/../lib/gcc/sh-elf/11.1.0/libgcc.a(_unpack_df.o)
                0x0000000006019bb8                ___unpack_d
 .text          0x0000000006019c84        0x0 /opt/toolchains/sh-elf/bin/../lib/gcc/sh-elf/11.1.0/libgcc.a(_clz.o)
 .text          0x0000000006019c84       0x94 /opt/toolchains/sh-elf/bin/../lib/gcc/sh-elf/11.1.0/../../../../sh-elf/lib/libc.a(lib_a-memcpy.o)
                0x0000000006019c84                _memcpy
 .text          0x0000000006019d18       0x40 /opt/toolchains/sh-elf/bin/../lib/gcc/sh-elf/11.1.0/../../../../sh-elf/lib/libc.a(lib_a-memset.o)
                0x0000000006019d18                _memset
 *(.rodata*)
 .rodata.str1.4
                0x0000000006019d58        0x7 bg.o
 *fill*         0x0000000006019d5f        0x1 
 .rodata        0x0000000006019d60      0x100 crc.o
 .rodata.str1.4
                0x0000000006019e60       0x37 game.o
                                         0x3b (size before relaxing)
 *fill*         0x0000000006019e97        0x1 
 .rodata.str1.4
                0x0000000006019e98       0x20 pcmsys.o
 .rodata        0x0000000006019eb8      0x400 pcmsys.o
 .rodata.str1.4
                0x000000000601a2b8        0x9 print.o
 *fill*         0x000000000601a2c1        0x3 
 .rodata.str1.4
                0x000000000601a2c4       0x77 sound.o
                                         0x7b (size before relaxing)
 *fill*         0x000000000601a33b        0x1 
 .rodata        0x000000000601a33c        0xc ../sbl/segalib/lib/libsat.a(dma_scu0.o)
 .rodata        0x000000000601a348       0x20 ../sbl/segalib/lib/libsat.a(spr_1c.o)
 .rodata        0x000000000601a368       0x14 /opt/toolchains/sh-elf/bin/../lib/gcc/sh-elf/11.1.0/libgcc.a(_thenan_df.o)
                0x000000000601a368                ___thenan_df
 .rodata        0x000000000601a37c      0x100 /opt/toolchains/sh-elf/bin/../lib/gcc/sh-elf/11.1.0/libgcc.a(_clz.o)
                0x000000000601a37c                ___clz_tab
 *(.strings)
                0x000000000601a480                . = ALIGN (0x10)
 *fill*         0x000000000601a47c        0x4 
                0x000000000601a480                _etext = ABSOLUTE (.)

.tors           0x000000000601a480        0x0
                0x000000000601a480                ___ctors = .
 *(.ctors)
                0x000000000601a480                ___ctors_end = .
                0x000000000601a480                ___dtors = .
 *(.dtors)
                0x000000000601a480                ___dtors_end = .
                0x000000000601a480                . = ALIGN (0x10)
                0x000000000601a480                _etors = ABSOLUTE (.)

.data           0x000000000601a480      0x8c0
 *(.data)
 .data          0x000000000601a480        0x0 entry.o
 .data          0x000000000601a480        0x0 stack.o
 .data          0x000000000601a480        0x0 vblank.o
 .data          0x000000000601a480        0x0 bg.o
 .data          0x000000000601a480        0x0 cd.o
 .data          0x000000000601a480        0x0 crc.o
 .data          0x000000000601a480        0x0 devcart.o
 .data          0x000000000601a480      0x130 game.o
                0x000000000601a480                _songs
                0x000000000601a494                _ranks
                0x000000000601a4bc                _gravity
                0x000000000601a534                _levels
 .data          0x000000000601a5b0        0x0 hwram.o
 .data          0x000000000601a5b0        0xc pcmsys.o
                0x000000000601a5b0                _master_volume
                0x000000000601a5b4                _scsp_load
                0x000000000601a5b8                _m68k_com
 .data          0x000000000601a5bc      0x700 piece.o
                0x000000000601a5bc                _pieces
 .data          0x000000000601acbc        0x0 print.o
 .data          0x000000000601acbc        0x0 rng.o
 .data          0x000000000601acbc       0x34 scroll.o
                0x000000000601acbc                _cycleTb
                0x000000000601accc                _charOffsets
                0x000000000601acdc                _vram
 .data          0x000000000601acf0        0x0 sound.o
 .data          0x000000000601acf0       0x18 sprite.o
 .data          0x000000000601ad08        0x0 main.o
 .data          0x000000000601ad08        0x0 ../sbl/segalib/lib/libsat.a(dma_scu1.o)
 .data          0x000000000601ad08        0x0 ../sbl/segalib/lib/libsat.a(mth_rand.o)
 .data          0x000000000601ad08        0x0 ../sbl/segalib/lib/libsat.a(mth_fixd.o)
 .data          0x000000000601ad08        0x0 ../sbl/segalib/lib/libsat.a(mth_tri.o)
 .data          0x000000000601ad08        0x3 ../sbl/segalib/lib/libsat.a(per_prt.o)
 .data          0x000000000601ad0b        0x0 ../sbl/segalib/lib/libsat.a(spr_2c.o)
 *fill*         0x000000000601ad0b        0x1 
 .data          0x000000000601ad0c        0x6 ../sbl/segalib/lib/libsat.a(scl_func.o)
                0x000000000601ad0c                _SclRotateTableMode
                0x000000000601ad0e                _SclDisplayY
                0x000000000601ad10                _SclDisplayX
 .data          0x000000000601ad12        0x0 ../sbl/segalib/lib/libsat.a(scl_fu02.o)
 .data          0x000000000601ad12        0x0 ../sbl/segalib/lib/libsat.a(scl_fu03.o)
 .data          0x000000000601ad12        0x0 ../sbl/segalib/lib/libsat.a(scl_fu04.o)
 *fill*         0x000000000601ad12        0x2 
 .data          0x000000000601ad14       0x18 ../sbl/segalib/lib/libsat.a(scl_pri.o)
                0x000000000601ad14                _SclRealColOffset
                0x000000000601ad18                _SclRealBgColMix
                0x000000000601ad1c                _SclRealSpColMix
                0x000000000601ad20                _SclRealBgPriNum
                0x000000000601ad24                _SclRealSpPriNum
                0x000000000601ad28                _SclRealOtherPri
 .data          0x000000000601ad2c        0x0 ../sbl/segalib/lib/libsat.a(scl_ro00.o)
 .data          0x000000000601ad2c        0x0 ../sbl/segalib/lib/libsat.a(scl_ro03.o)
 .data          0x000000000601ad2c        0x0 ../sbl/segalib/lib/libsat.a(scl_back.o)
 .data          0x000000000601ad2c        0x8 ../sbl/segalib/lib/libsat.a(scl_vblv.o)
                0x000000000601ad2c                _VBInterval
                0x000000000601ad30                _SpFrameEraseMode
 .data          0x000000000601ad34        0x0 ../sbl/segalib/lib/libsat.a(scl_pr01.o)
 .data          0x000000000601ad34        0x0 ../sbl/segalib/lib/libsat.a(scl_pr02.o)
 .data          0x000000000601ad34        0x0 ../sbl/segalib/lib/libsat.a(scl_pr03.o)
 .data          0x000000000601ad34        0x0 ../sbl/segalib/lib/libsat.a(scl_pr05.o)
 .data          0x000000000601ad34        0x0 ../sbl/segalib/lib/libsat.a(scl_pr06.o)
 .data          0x000000000601ad34        0x0 ../sbl/segalib/lib/libsat.a(scl_pr07.o)
 .data          0x000000000601ad34        0x0 ../sbl/segalib/lib/libsat.a(scl_pr11.o)
 .data          0x000000000601ad34        0x0 ../sbl/segalib/lib/libsat.a(scl_pr12.o)
 .data          0x000000000601ad34        0x0 ../sbl/segalib/lib/libsat.a(csh_main.o)
 .data          0x000000000601ad34        0x0 ../sbl/segalib/lib/libsat.a(dma_scu0.o)
 .data          0x000000000601ad34        0x0 ../sbl/segalib/lib/libsat.a(spr_1c.o)
 .data          0x000000000601ad34        0x0 ../sbl/segalib/lib/libsat.a(spr_2a.o)
 .data          0x000000000601ad34        0x0 /opt/toolchains/sh-elf/bin/../lib/gcc/sh-elf/11.1.0/libgcc.a(_ashiftrt.o)
 .data          0x000000000601ad34        0x0 /opt/toolchains/sh-elf/bin/../lib/gcc/sh-elf/11.1.0/libgcc.a(_ashiftrt_n.o)
 .data          0x000000000601ad34        0x0 /opt/toolchains/sh-elf/bin/../lib/gcc/sh-elf/11.1.0/libgcc.a(_ashiftlt.o)
 .data          0x000000000601ad34        0x0 /opt/toolchains/sh-elf/bin/../lib/gcc/sh-elf/11.1.0/libgcc.a(_movmem.o)
 .data          0x000000000601ad34        0x0 /opt/toolchains/sh-elf/bin/../lib/gcc/sh-elf/11.1.0/libgcc.a(_sdivsi3.o)
 .data          0x000000000601ad34        0x0 /opt/toolchains/sh-elf/bin/../lib/gcc/sh-elf/11.1.0/libgcc.a(_udivsi3.o)
 .data          0x000000000601ad34        0x0 /opt/toolchains/sh-elf/bin/../lib/gcc/sh-elf/11.1.0/libgcc.a(_mul_df.o)
 .data          0x000000000601ad34        0x0 /opt/toolchains/sh-elf/bin/../lib/gcc/sh-elf/11.1.0/libgcc.a(_si_to_df.o)
 .data          0x000000000601ad34        0x0 /opt/toolchains/sh-elf/bin/../lib/gcc/sh-elf/11.1.0/libgcc.a(_df_to_si.o)
 .data          0x000000000601ad34        0x0 /opt/toolchains/sh-elf/bin/../lib/gcc/sh-elf/11.1.0/libgcc.a(_thenan_df.o)
 .data          0x000000000601ad34        0x0 /opt/toolchains/sh-elf/bin/../lib/gcc/sh-elf/11.1.0/libgcc.a(_lshiftrt.o)
 .data          0x000000000601ad34        0x0 /opt/toolchains/sh-elf/bin/../lib/gcc/sh-elf/11.1.0/libgcc.a(_clzsi2.o)
 .data          0x000000000601ad34        0x0 /opt/toolchains/sh-elf/bin/../lib/gcc/sh-elf/11.1.0/libgcc.a(_pack_df.o)
 .data          0x000000000601ad34        0x0 /opt/toolchains/sh-elf/bin/../lib/gcc/sh-elf/11.1.0/libgcc.a(_unpack_df.o)
 .data          0x000000000601ad34        0x0 /opt/toolchains/sh-elf/bin/../lib/gcc/sh-elf/11.1.0/libgcc.a(_clz.o)
 .data          0x000000000601ad34        0x0 /opt/toolchains/sh-elf/bin/../lib/gcc/sh-elf/11.1.0/../../../../sh-elf/lib/libc.a(lib_a-memcpy.o)
 .data          0x000000000601ad34        0x0 /opt/toolchains/sh-elf/bin/../lib/gcc/sh-elf/11.1.0/../../../../sh-elf/lib/libc.a(lib_a-memset.o)
                0x000000000601ad40                . = ALIGN (0x10)
 *fill*         0x000000000601ad34        0xc 
                0x000000000601ad40                _edata = ABSOLUTE (.)

.bss            0x000000000601ad40    0x18910
                0x000000000601ad40                _bss_start = .
 *(.bss)
 .bss           0x000000000601ad40        0x0 entry.o
 .bss           0x000000000601ad40        0x0 stack.o
 .bss           0x000000000601ad40       0x34 vblank.o
                0x000000000601ad40                _vblank_frames
                0x000000000601ad44                _VblankFlg
                0x000000000601ad48                _perFlag
                0x000000000601ad4c                _PadWorkArea
                0x000000000601ad68                _PadData2E
                0x000000000601ad6a                _PadData2L
                0x000000000601ad6c                _PadData2
                0x000000000601ad6e                _PadData1E
                0x000000000601ad70                _PadData1L
                0x000000000601ad72                _PadData1
 .bss           0x000000000601ad74      0x858 bg.o
 .bss           0x000000000601b5cc        0x0 cd.o
 .bss           0x000000000601b5cc        0x0 crc.o
 .bss           0x000000000601b5cc        0x0 devcart.o
 .bss           0x000000000601b5cc      0x44c game.o
                0x000000000601b5cc                _song
                0x000000000601b5d0                _boardVram
 .bss           0x000000000601ba18    0x13880 hwram.o
                0x000000000601ba18                _HWRAM_Buffer
 .bss           0x000000000602f298        0x2 pcmsys.o
                0x000000000602f298                _numberPCMs
 .bss           0x000000000602f29a        0x0 piece.o
 .bss           0x000000000602f29a      0x528 print.o
                0x000000000602f29a                _text
 *fill*         0x000000000602f7c2        0x2 
 .bss           0x000000000602f7c4        0x8 rng.o
 .bss           0x000000000602f7cc      0x17c scroll.o
                0x000000000602f7cc                _scfg
 .bss           0x000000000602f948        0x0 sound.o
 .bss           0x000000000602f948     0x257c sprite.o
                0x000000000602f948                _sprites
                0x0000000006030c08                _palCnt
                0x0000000006030c0c                _tileCount
                0x0000000006030c10                _numSprites
 .bss           0x0000000006031ec4        0x4 main.o
                0x0000000006031ec4                _frame
 .bss           0x0000000006031ec8        0xc ../sbl/segalib/lib/libsat.a(dma_scu1.o)
 .bss           0x0000000006031ed4        0x4 ../sbl/segalib/lib/libsat.a(mth_rand.o)
 .bss           0x0000000006031ed8        0x0 ../sbl/segalib/lib/libsat.a(mth_fixd.o)
 .bss           0x0000000006031ed8        0x0 ../sbl/segalib/lib/libsat.a(mth_tri.o)
 .bss           0x0000000006031ed8       0x7f ../sbl/segalib/lib/libsat.a(per_prt.o)
                0x0000000006031ed8                _per_set_sys_flg
                0x0000000006031edc                _per_get_sys_data
                0x0000000006031ee8                _per_get_time_adr
                0x0000000006031eec                _per_hot_res
                0x0000000006031eed                _per_time_out_flg
 *fill*         0x0000000006031f57        0x1 
 .bss           0x0000000006031f58       0x94 ../sbl/segalib/lib/libsat.a(spr_2c.o)
                0x0000000006031f58                _SpCmdTblR
                0x0000000006031f5c                _SpCmdTbl
                0x0000000006031f60                _SpCrCmdChain
                0x0000000006031f64                _SpDrawPrtyBlk
                0x0000000006031f68                _SpCmdChain
                0x0000000006031f6c                _SpCmdChainBlkNo
                0x0000000006031f70                _SpDrawPrtyProcFlag
                0x0000000006031f74                _SpDrawPrtyTopCmdNo
                0x0000000006031f78                _SpCmdNo
                0x0000000006031f7c                _SpDrawPrtyBlkMax
                0x0000000006031f80                _SpCharMax
                0x0000000006031f84                _SpCharTbl
                0x0000000006031f88                _SpLCoordY
                0x0000000006031f8c                _SpLCoordX
                0x0000000006031f90                _Sp2OpenFlag
 .bss           0x0000000006031fec      0xf1c ../sbl/segalib/lib/libsat.a(scl_func.o)
                0x0000000006031fec                _SclRPMD
                0x0000000006031ff0                _SclRotateMoveZ
                0x0000000006031ff8                _SclRotateDisp
                0x0000000006032000                _SclRotateZ
                0x0000000006032008                _SclRotateXy
                0x0000000006032010                _SclRotateTableAddress
                0x0000000006032014                _SclRb
                0x0000000006032015                _SclRa
                0x0000000006032016                _SclRotXySw
                0x000000000603201c                _SclRbgKtbOffset
                0x0000000006032024                _SclRbgKtbAddr
                0x000000000603202c                _SclK_TableFlag
                0x0000000006032030                _SclK_TableNum
                0x0000000006032038                _SclK_TableBuff
                0x0000000006032d08                _SclRotregBuff
                0x0000000006032e08                _Scl_w_reg
                0x0000000006032e28                _Scl_r_reg
                0x0000000006032e38                _Scl_n_reg
                0x0000000006032e78                _Scl_d_reg
                0x0000000006032ec0                _Scl_s_reg
                0x0000000006032ee8                _SclProcess
                0x0000000006032eec                _SclCurSclNum
                0x0000000006032ef0                _SclLengthCsTbl
                0x0000000006032ef2                _SclLengthLsTbl
                0x0000000006032ef4                _SclAddrCsTbl
                0x0000000006032efc                _SclAddrLsTbl
 .bss           0x0000000006032f08        0x0 ../sbl/segalib/lib/libsat.a(scl_fu02.o)
 .bss           0x0000000006032f08        0x0 ../sbl/segalib/lib/libsat.a(scl_fu03.o)
 .bss           0x0000000006032f08        0x0 ../sbl/segalib/lib/libsat.a(scl_fu04.o)
 .bss           0x0000000006032f08      0x696 ../sbl/segalib/lib/libsat.a(scl_pri.o)
                0x0000000006032f08                _SclAutoRGB
                0x0000000006033508                _SclAutoPlusFlag
                0x0000000006033509                _SclAutoVeFlag
                0x000000000603350a                _SclAutoEndRate
                0x000000000603350b                _SclAutoCurRate
                0x000000000603350c                _SclAutoEndBlue2
                0x000000000603350e                _SclAutoEndGreen2
                0x0000000006033510                _SclAutoEndRed2
                0x0000000006033512                _SclAutoEndBlue
                0x0000000006033514                _SclAutoEndGreen
                0x0000000006033516                _SclAutoEndRed
                0x0000000006033518                _SclAutoBlue
                0x000000000603351a                _SclAutoGreen
                0x000000000603351c                _SclAutoRed
                0x0000000006033520                _SclAutoMax
                0x0000000006033524                _SclAutoIndex
                0x0000000006033528                _SclAutoCount
                0x000000000603352c                _SclAutoInterval
                0x0000000006033530                _SclAutoSurface
                0x0000000006033534                _SclColRamAlloc2048
                0x0000000006033538                _SclColRamAlloc256
                0x0000000006033558                _SclLineColRamOffset
                0x000000000603355c                _SclPriBuffDirty
                0x0000000006033560                _SclColOffset
                0x0000000006033570                _SclBgColMix
                0x0000000006033578                _SclSpColMix
                0x0000000006033580                _SclBgPriNum
                0x0000000006033586                _SclSpPriNum
                0x000000000603358e                _SclOtherPri
 *fill*         0x000000000603359e        0x2 
 .bss           0x00000000060335a0       0x58 ../sbl/segalib/lib/libsat.a(scl_ro00.o)
                0x00000000060335a0                _SclCsy
                0x00000000060335a8                _SclCsx
 .bss           0x00000000060335f8        0x0 ../sbl/segalib/lib/libsat.a(scl_ro03.o)
 .bss           0x00000000060335f8        0x0 ../sbl/segalib/lib/libsat.a(scl_back.o)
 .bss           0x00000000060335f8       0x16 ../sbl/segalib/lib/libsat.a(scl_vblv.o)
                0x00000000060335f8                _frameChgFlag
                0x00000000060335fc                _VBIntrDisableDepth
                0x0000000006033600                _ReqDisplayFlag2
                0x0000000006033604                _ReqDisplayFlag1
                0x0000000006033608                _VBIntervalCounter
                0x000000000603360c                _SpFrameChgMode
 .bss           0x000000000603360e        0x0 ../sbl/segalib/lib/libsat.a(scl_pr01.o)
 .bss           0x000000000603360e        0x0 ../sbl/segalib/lib/libsat.a(scl_pr02.o)
 .bss           0x000000000603360e        0x0 ../sbl/segalib/lib/libsat.a(scl_pr03.o)
 .bss           0x000000000603360e        0x0 ../sbl/segalib/lib/libsat.a(scl_pr05.o)
 .bss           0x000000000603360e        0x0 ../sbl/segalib/lib/libsat.a(scl_pr06.o)
 .bss           0x000000000603360e        0x0 ../sbl/segalib/lib/libsat.a(scl_pr07.o)
 .bss           0x000000000603360e        0x0 ../sbl/segalib/lib/libsat.a(scl_pr11.o)
 .bss           0x000000000603360e        0x0 ../sbl/segalib/lib/libsat.a(scl_pr12.o)
 .bss           0x000000000603360e        0x0 ../sbl/segalib/lib/libsat.a(csh_main.o)
 *fill*         0x000000000603360e        0x2 
 .bss           0x0000000006033610       0x1c ../sbl/segalib/lib/libsat.a(dma_scu0.o)
 .bss           0x000000000603362c       0x20 ../sbl/segalib/lib/libsat.a(spr_1c.o)
                0x000000000603362c                _SpDil
                0x000000000603362e                _SpDie
                0x0000000006033630                _SpFbcrMode
                0x0000000006033632                _SpTvMode
                0x0000000006033634                _SpScreenY
                0x0000000006033638                _SpScreenX
                0x000000000603363c                _SpInitialFlag
 .bss           0x000000000603364c        0x0 ../sbl/segalib/lib/libsat.a(spr_2a.o)
 .bss           0x000000000603364c        0x0 /opt/toolchains/sh-elf/bin/../lib/gcc/sh-elf/11.1.0/libgcc.a(_ashiftrt.o)
 .bss           0x000000000603364c        0x0 /opt/toolchains/sh-elf/bin/../lib/gcc/sh-elf/11.1.0/libgcc.a(_ashiftrt_n.o)
 .bss           0x000000000603364c        0x0 /opt/toolchains/sh-elf/bin/../lib/gcc/sh-elf/11.1.0/libgcc.a(_ashiftlt.o)
 .bss           0x000000000603364c        0x0 /opt/toolchains/sh-elf/bin/../lib/gcc/sh-elf/11.1.0/libgcc.a(_movmem.o)
 .bss           0x000000000603364c        0x0 /opt/toolchains/sh-elf/bin/../lib/gcc/sh-elf/11.1.0/libgcc.a(_sdivsi3.o)
 .bss           0x000000000603364c        0x0 /opt/toolchains/sh-elf/bin/../lib/gcc/sh-elf/11.1.0/libgcc.a(_udivsi3.o)
 .bss           0x000000000603364c        0x0 /opt/toolchains/sh-elf/bin/../lib/gcc/sh-elf/11.1.0/libgcc.a(_mul_df.o)
 .bss           0x000000000603364c        0x0 /opt/toolchains/sh-elf/bin/../lib/gcc/sh-elf/11.1.0/libgcc.a(_si_to_df.o)
 .bss           0x000000000603364c        0x0 /opt/toolchains/sh-elf/bin/../lib/gcc/sh-elf/11.1.0/libgcc.a(_df_to_si.o)
 .bss           0x000000000603364c        0x0 /opt/toolchains/sh-elf/bin/../lib/gcc/sh-elf/11.1.0/libgcc.a(_thenan_df.o)
 .bss           0x000000000603364c        0x0 /opt/toolchains/sh-elf/bin/../lib/gcc/sh-elf/11.1.0/libgcc.a(_lshiftrt.o)
 .bss           0x000000000603364c        0x0 /opt/toolchains/sh-elf/bin/../lib/gcc/sh-elf/11.1.0/libgcc.a(_clzsi2.o)
 .bss           0x000000000603364c        0x0 /opt/toolchains/sh-elf/bin/../lib/gcc/sh-elf/11.1.0/libgcc.a(_pack_df.o)
 .bss           0x000000000603364c        0x0 /opt/toolchains/sh-elf/bin/../lib/gcc/sh-elf/11.1.0/libgcc.a(_unpack_df.o)
 .bss           0x000000000603364c        0x0 /opt/toolchains/sh-elf/bin/../lib/gcc/sh-elf/11.1.0/libgcc.a(_clz.o)
 .bss           0x000000000603364c        0x0 /opt/toolchains/sh-elf/bin/../lib/gcc/sh-elf/11.1.0/../../../../sh-elf/lib/libc.a(lib_a-memcpy.o)
 .bss           0x000000000603364c        0x0 /opt/toolchains/sh-elf/bin/../lib/gcc/sh-elf/11.1.0/../../../../sh-elf/lib/libc.a(lib_a-memset.o)
 *(COMMON)
                0x000000000603364c                _bss_end = .
                0x0000000006033650                . = ALIGN (0x10)
 *fill*         0x000000000603364c        0x4 
                0x0000000006033650                _end = ABSOLUTE (.)

.stack          0x0000000006033650     0x2000
 *(.stack)
 .stack         0x0000000006033650     0x2000 stack.o
                0x0000000006033650                _PROG_STK
                0x0000000006035650                _stack = .

.lwram          0x0000000000200000        0x0
                0x0000000000200000                . = ALIGN (0x10)
 *(.lwram)
                0x0000000000200000                . = ALIGN (0x10)
OUTPUT(main.elf elf32-sh)

.debug_info     0x0000000000000000     0x7709
 .debug_info    0x0000000000000000      0x4d4 vblank.o
 .debug_info    0x00000000000004d4      0x780 bg.o
 .debug_info    0x0000000000000c54      0x7a0 cd.o
 .debug_info    0x00000000000013f4      0x12d crc.o
 .debug_info    0x0000000000001521      0x47b devcart.o
 .debug_info    0x000000000000199c     0x165a game.o
 .debug_info    0x0000000000002ff6       0x9e hwram.o
 .debug_info    0x0000000000003094      0x6e9 pcmsys.o
 .debug_info    0x000000000000377d       0x69 piece.o
 .debug_info    0x00000000000037e6      0x3fe print.o
 .debug_info    0x0000000000003be4      0x240 rng.o
 .debug_info    0x0000000000003e24      0xf2a scroll.o
 .debug_info    0x0000000000004d4e      0x44d sound.o
 .debug_info    0x000000000000519b     0x102c sprite.o
 .debug_info    0x00000000000061c7      0x379 main.o
 .debug_info    0x0000000000006540      0x4d2 /opt/toolchains/sh-elf/bin/../lib/gcc/sh-elf/11.1.0/libgcc.a(_mul_df.o)
 .debug_info    0x0000000000006a12      0x259 /opt/toolchains/sh-elf/bin/../lib/gcc/sh-elf/11.1.0/libgcc.a(_si_to_df.o)
 .debug_info    0x0000000000006c6b      0x2a5 /opt/toolchains/sh-elf/bin/../lib/gcc/sh-elf/11.1.0/libgcc.a(_df_to_si.o)
 .debug_info    0x0000000000006f10      0x15b /opt/toolchains/sh-elf/bin/../lib/gcc/sh-elf/11.1.0/libgcc.a(_thenan_df.o)
 .debug_info    0x000000000000706b      0x130 /opt/toolchains/sh-elf/bin/../lib/gcc/sh-elf/11.1.0/libgcc.a(_clzsi2.o)
 .debug_info    0x000000000000719b      0x298 /opt/toolchains/sh-elf/bin/../lib/gcc/sh-elf/11.1.0/libgcc.a(_pack_df.o)
 .debug_info    0x0000000000007433      0x20c /opt/toolchains/sh-elf/bin/../lib/gcc/sh-elf/11.1.0/libgcc.a(_unpack_df.o)
 .debug_info    0x000000000000763f       0xca /opt/toolchains/sh-elf/bin/../lib/gcc/sh-elf/11.1.0/libgcc.a(_clz.o)

.debug_abbrev   0x0000000000000000     0x2a43
 .debug_abbrev  0x0000000000000000      0x1f2 vblank.o
 .debug_abbrev  0x00000000000001f2      0x22e bg.o
 .debug_abbrev  0x0000000000000420      0x223 cd.o
 .debug_abbrev  0x0000000000000643       0xbe crc.o
 .debug_abbrev  0x0000000000000701      0x24f devcart.o
 .debug_abbrev  0x0000000000000950      0x49a game.o
 .debug_abbrev  0x0000000000000dea       0x69 hwram.o
 .debug_abbrev  0x0000000000000e53      0x302 pcmsys.o
 .debug_abbrev  0x0000000000001155       0x5a piece.o
 .debug_abbrev  0x00000000000011af      0x1de print.o
 .debug_abbrev  0x000000000000138d      0x1ad rng.o
 .debug_abbrev  0x000000000000153a      0x332 scroll.o
 .debug_abbrev  0x000000000000186c      0x1c0 sound.o
 .debug_abbrev  0x0000000000001a2c      0x3dc sprite.o
 .debug_abbrev  0x0000000000001e08      0x166 main.o
 .debug_abbrev  0x0000000000001f6e      0x278 /opt/toolchains/sh-elf/bin/../lib/gcc/sh-elf/11.1.0/libgcc.a(_mul_df.o)
 .debug_abbrev  0x00000000000021e6      0x1b2 /opt/toolchains/sh-elf/bin/../lib/gcc/sh-elf/11.1.0/libgcc.a(_si_to_df.o)
 .debug_abbrev  0x0000000000002398      0x1b2 /opt/toolchains/sh-elf/bin/../lib/gcc/sh-elf/11.1.0/libgcc.a(_df_to_si.o)
 .debug_abbrev  0x000000000000254a       0xcf /opt/toolchains/sh-elf/bin/../lib/gcc/sh-elf/11.1.0/libgcc.a(_thenan_df.o)
 .debug_abbrev  0x0000000000002619       0xca /opt/toolchains/sh-elf/bin/../lib/gcc/sh-elf/11.1.0/libgcc.a(_clzsi2.o)
 .debug_abbrev  0x00000000000026e3      0x1ae /opt/toolchains/sh-elf/bin/../lib/gcc/sh-elf/11.1.0/libgcc.a(_pack_df.o)
 .debug_abbrev  0x0000000000002891      0x142 /opt/toolchains/sh-elf/bin/../lib/gcc/sh-elf/11.1.0/libgcc.a(_unpack_df.o)
 .debug_abbrev  0x00000000000029d3       0x70 /opt/toolchains/sh-elf/bin/../lib/gcc/sh-elf/11.1.0/libgcc.a(_clz.o)

.debug_aranges  0x0000000000000000      0x2c0
 .debug_aranges
                0x0000000000000000       0x20 vblank.o
 .debug_aranges
                0x0000000000000020       0x20 bg.o
 .debug_aranges
                0x0000000000000040       0x20 cd.o
 .debug_aranges
                0x0000000000000060       0x20 crc.o
 .debug_aranges
                0x0000000000000080       0x20 devcart.o
 .debug_aranges
                0x00000000000000a0       0x20 game.o
 .debug_aranges
                0x00000000000000c0       0x18 hwram.o
 .debug_aranges
                0x00000000000000d8       0x20 pcmsys.o
 .debug_aranges
                0x00000000000000f8       0x18 piece.o
 .debug_aranges
                0x0000000000000110       0x20 print.o
 .debug_aranges
                0x0000000000000130       0x20 rng.o
 .debug_aranges
                0x0000000000000150       0x20 scroll.o
 .debug_aranges
                0x0000000000000170       0x20 sound.o
 .debug_aranges
                0x0000000000000190       0x20 sprite.o
 .debug_aranges
                0x00000000000001b0       0x20 main.o
 .debug_aranges
                0x00000000000001d0       0x20 /opt/toolchains/sh-elf/bin/../lib/gcc/sh-elf/11.1.0/libgcc.a(_mul_df.o)
 .debug_aranges
                0x00000000000001f0       0x20 /opt/toolchains/sh-elf/bin/../lib/gcc/sh-elf/11.1.0/libgcc.a(_si_to_df.o)
 .debug_aranges
                0x0000000000000210       0x20 /opt/toolchains/sh-elf/bin/../lib/gcc/sh-elf/11.1.0/libgcc.a(_df_to_si.o)
 .debug_aranges
                0x0000000000000230       0x18 /opt/toolchains/sh-elf/bin/../lib/gcc/sh-elf/11.1.0/libgcc.a(_thenan_df.o)
 .debug_aranges
                0x0000000000000248       0x20 /opt/toolchains/sh-elf/bin/../lib/gcc/sh-elf/11.1.0/libgcc.a(_clzsi2.o)
 .debug_aranges
                0x0000000000000268       0x20 /opt/toolchains/sh-elf/bin/../lib/gcc/sh-elf/11.1.0/libgcc.a(_pack_df.o)
 .debug_aranges
                0x0000000000000288       0x20 /opt/toolchains/sh-elf/bin/../lib/gcc/sh-elf/11.1.0/libgcc.a(_unpack_df.o)
 .debug_aranges
                0x00000000000002a8       0x18 /opt/toolchains/sh-elf/bin/../lib/gcc/sh-elf/11.1.0/libgcc.a(_clz.o)

.debug_line     0x0000000000000000     0x4102
 .debug_line    0x0000000000000000      0x153 vblank.o
 .debug_line    0x0000000000000153      0x4a3 bg.o
 .debug_line    0x00000000000005f6       0xa4 cd.o
 .debug_line    0x000000000000069a       0xaa crc.o
 .debug_line    0x0000000000000744      0x3d0 devcart.o
 .debug_line    0x0000000000000b14     0x1016 game.o
 .debug_line    0x0000000000001b2a       0x58 hwram.o
 .debug_line    0x0000000000001b82      0x4e1 pcmsys.o
 .debug_line    0x0000000000002063       0x33 piece.o
 .debug_line    0x0000000000002096      0x1db print.o
 .debug_line    0x0000000000002271      0x155 rng.o
 .debug_line    0x00000000000023c6      0x6b9 scroll.o
 .debug_line    0x0000000000002a7f      0x234 sound.o
 .debug_line    0x0000000000002cb3      0x820 sprite.o
 .debug_line    0x00000000000034d3      0x185 main.o
 .debug_line    0x0000000000003658      0x2d6 /opt/toolchains/sh-elf/bin/../lib/gcc/sh-elf/11.1.0/libgcc.a(_mul_df.o)
 .debug_line    0x000000000000392e      0x13d /opt/toolchains/sh-elf/bin/../lib/gcc/sh-elf/11.1.0/libgcc.a(_si_to_df.o)
 .debug_line    0x0000000000003a6b       0xf6 /opt/toolchains/sh-elf/bin/../lib/gcc/sh-elf/11.1.0/libgcc.a(_df_to_si.o)
 .debug_line    0x0000000000003b61       0x50 /opt/toolchains/sh-elf/bin/../lib/gcc/sh-elf/11.1.0/libgcc.a(_thenan_df.o)
 .debug_line    0x0000000000003bb1       0xad /opt/toolchains/sh-elf/bin/../lib/gcc/sh-elf/11.1.0/libgcc.a(_clzsi2.o)
 .debug_line    0x0000000000003c5e      0x30c /opt/toolchains/sh-elf/bin/../lib/gcc/sh-elf/11.1.0/libgcc.a(_pack_df.o)
 .debug_line    0x0000000000003f6a      0x146 /opt/toolchains/sh-elf/bin/../lib/gcc/sh-elf/11.1.0/libgcc.a(_unpack_df.o)
 .debug_line    0x00000000000040b0       0x52 /opt/toolchains/sh-elf/bin/../lib/gcc/sh-elf/11.1.0/libgcc.a(_clz.o)

.debug_str      0x0000000000000000     0x1997
 .debug_str     0x0000000000000000      0x236 vblank.o
                                        0x298 (size before relaxing)
 .debug_str     0x0000000000000236      0x1e3 bg.o
                                        0x2c8 (size before relaxing)
 .debug_str     0x0000000000000419      0x219 cd.o
                                        0x329 (size before relaxing)
 .debug_str     0x0000000000000632       0x3a crc.o
                                        0x121 (size before relaxing)
 .debug_str     0x000000000000066c       0xfc devcart.o
                                        0x246 (size before relaxing)
 .debug_str     0x0000000000000768      0x4ed game.o
                                        0x621 (size before relaxing)
 .debug_str     0x0000000000000c55        0x8 hwram.o
                                         0xcd (size before relaxing)
 .debug_str     0x0000000000000c5d      0x161 pcmsys.o
                                        0x313 (size before relaxing)
 .debug_str     0x0000000000000dbe        0x8 piece.o
                                         0x62 (size before relaxing)
 .debug_str     0x0000000000000dc6       0x56 print.o
                                        0x1f4 (size before relaxing)
 .debug_str     0x0000000000000e1c       0x7c rng.o
                                        0x184 (size before relaxing)
 .debug_str     0x0000000000000e98      0x355 scroll.o
                                        0x4f8 (size before relaxing)
 .debug_str     0x00000000000011ed       0xad sound.o
                                        0x201 (size before relaxing)
 .debug_str     0x000000000000129a      0x330 sprite.o
                                        0x560 (size before relaxing)
 .debug_str     0x00000000000015ca      0x12a main.o
                                        0x30c (size before relaxing)
 .debug_str     0x00000000000016f4      0x212 /opt/toolchains/sh-elf/bin/../lib/gcc/sh-elf/11.1.0/libgcc.a(_mul_df.o)
                                        0x28a (size before relaxing)
 .debug_str     0x0000000000001906       0x27 /opt/toolchains/sh-elf/bin/../lib/gcc/sh-elf/11.1.0/libgcc.a(_si_to_df.o)
                                        0x216 (size before relaxing)
 .debug_str     0x000000000000192d        0xa /opt/toolchains/sh-elf/bin/../lib/gcc/sh-elf/11.1.0/libgcc.a(_df_to_si.o)
                                        0x233 (size before relaxing)
 .debug_str     0x0000000000001937      0x1d5 /opt/toolchains/sh-elf/bin/../lib/gcc/sh-elf/11.1.0/libgcc.a(_thenan_df.o)
 .debug_str     0x0000000000001937       0x59 /opt/toolchains/sh-elf/bin/../lib/gcc/sh-elf/11.1.0/libgcc.a(_clzsi2.o)
                                        0x198 (size before relaxing)
 .debug_str     0x0000000000001990        0x7 /opt/toolchains/sh-elf/bin/../lib/gcc/sh-elf/11.1.0/libgcc.a(_pack_df.o)
                                        0x227 (size before relaxing)
 .debug_str     0x0000000000001997      0x209 /opt/toolchains/sh-elf/bin/../lib/gcc/sh-elf/11.1.0/libgcc.a(_unpack_df.o)
 .debug_str     0x0000000000001997      0x17b /opt/toolchains/sh-elf/bin/../lib/gcc/sh-elf/11.1.0/libgcc.a(_clz.o)

.comment        0x0000000000000000       0x12
 .comment       0x0000000000000000       0x12 vblank.o
                                         0x13 (size before relaxing)
 .comment       0x0000000000000012       0x13 bg.o
 .comment       0x0000000000000012       0x13 cd.o
 .comment       0x0000000000000012       0x13 crc.o
 .comment       0x0000000000000012       0x13 devcart.o
 .comment       0x0000000000000012       0x13 game.o
 .comment       0x0000000000000012       0x13 hwram.o
 .comment       0x0000000000000012       0x13 pcmsys.o
 .comment       0x0000000000000012       0x13 piece.o
 .comment       0x0000000000000012       0x13 print.o
 .comment       0x0000000000000012       0x13 rng.o
 .comment       0x0000000000000012       0x13 scroll.o
 .comment       0x0000000000000012       0x13 sound.o
 .comment       0x0000000000000012       0x13 sprite.o
 .comment       0x0000000000000012       0x13 main.o
 .comment       0x0000000000000012       0x13 ../sbl/segalib/lib/libsat.a(dma_scu1.o)
 .comment       0x0000000000000012       0x13 ../sbl/segalib/lib/libsat.a(mth_rand.o)
 .comment       0x0000000000000012       0x13 ../sbl/segalib/lib/libsat.a(per_prt.o)
 .comment       0x0000000000000012       0x13 ../sbl/segalib/lib/libsat.a(spr_2c.o)
 .comment       0x0000000000000012       0x13 ../sbl/segalib/lib/libsat.a(scl_func.o)
 .comment       0x0000000000000012       0x13 ../sbl/segalib/lib/libsat.a(scl_fu02.o)
 .comment       0x0000000000000012       0x13 ../sbl/segalib/lib/libsat.a(scl_fu03.o)
 .comment       0x0000000000000012       0x13 ../sbl/segalib/lib/libsat.a(scl_fu04.o)
 .comment       0x0000000000000012       0x13 ../sbl/segalib/lib/libsat.a(scl_pri.o)
 .comment       0x0000000000000012       0x13 ../sbl/segalib/lib/libsat.a(scl_ro00.o)
 .comment       0x0000000000000012       0x13 ../sbl/segalib/lib/libsat.a(scl_ro03.o)
 .comment       0x0000000000000012       0x13 ../sbl/segalib/lib/libsat.a(scl_back.o)
 .comment       0x0000000000000012       0x13 ../sbl/segalib/lib/libsat.a(scl_vblv.o)
 .comment       0x0000000000000012       0x13 ../sbl/segalib/lib/libsat.a(scl_pr01.o)
 .comment       0x0000000000000012       0x13 ../sbl/segalib/lib/libsat.a(scl_pr02.o)
 .comment       0x0000000000000012       0x13 ../sbl/segalib/lib/libsat.a(scl_pr03.o)
 .comment       0x0000000000000012       0x13 ../sbl/segalib/lib/libsat.a(scl_pr05.o)
 .comment       0x0000000000000012       0x13 ../sbl/segalib/lib/libsat.a(scl_pr06.o)
 .comment       0x0000000000000012       0x13 ../sbl/segalib/lib/libsat.a(scl_pr07.o)
 .comment       0x0000000000000012       0x13 ../sbl/segalib/lib/libsat.a(scl_pr11.o)
 .comment       0x0000000000000012       0x13 ../sbl/segalib/lib/libsat.a(scl_pr12.o)
 .comment       0x0000000000000012       0x13 ../sbl/segalib/lib/libsat.a(csh_main.o)
 .comment       0x0000000000000012       0x13 ../sbl/segalib/lib/libsat.a(dma_scu0.o)
 .comment       0x0000000000000012       0x13 ../sbl/segalib/lib/libsat.a(spr_1c.o)
 .comment       0x0000000000000012       0x13 /opt/toolchains/sh-elf/bin/../lib/gcc/sh-elf/11.1.0/libgcc.a(_mul_df.o)
 .comment       0x0000000000000012       0x13 /opt/toolchains/sh-elf/bin/../lib/gcc/sh-elf/11.1.0/libgcc.a(_si_to_df.o)
 .comment       0x0000000000000012       0x13 /opt/toolchains/sh-elf/bin/../lib/gcc/sh-elf/11.1.0/libgcc.a(_df_to_si.o)
 .comment       0x0000000000000012       0x13 /opt/toolchains/sh-elf/bin/../lib/gcc/sh-elf/11.1.0/libgcc.a(_thenan_df.o)
 .comment       0x0000000000000012       0x13 /opt/toolchains/sh-elf/bin/../lib/gcc/sh-elf/11.1.0/libgcc.a(_clzsi2.o)
 .comment       0x0000000000000012       0x13 /opt/toolchains/sh-elf/bin/../lib/gcc/sh-elf/11.1.0/libgcc.a(_pack_df.o)
 .comment       0x0000000000000012       0x13 /opt/toolchains/sh-elf/bin/../lib/gcc/sh-elf/11.1.0/libgcc.a(_unpack_df.o)
 .comment       0x0000000000000012       0x13 /opt/toolchains/sh-elf/bin/../lib/gcc/sh-elf/11.1.0/libgcc.a(_clz.o)

.debug_frame    0x0000000000000000      0xec4
 .debug_frame   0x0000000000000000       0x84 vblank.o
 .debug_frame   0x0000000000000084       0xfc bg.o
 .debug_frame   0x0000000000000180       0x40 cd.o
 .debug_frame   0x00000000000001c0       0x20 crc.o
 .debug_frame   0x00000000000001e0       0x98 devcart.o
 .debug_frame   0x0000000000000278      0x284 game.o
 .debug_frame   0x00000000000004fc      0x174 pcmsys.o
 .debug_frame   0x0000000000000670       0xc4 print.o
 .debug_frame   0x0000000000000734       0x80 rng.o
 .debug_frame   0x00000000000007b4      0x250 scroll.o
 .debug_frame   0x0000000000000a04       0x74 sound.o
 .debug_frame   0x0000000000000a78      0x224 sprite.o
 .debug_frame   0x0000000000000c9c       0x48 main.o
 .debug_frame   0x0000000000000ce4       0x98 /opt/toolchains/sh-elf/bin/../lib/gcc/sh-elf/11.1.0/libgcc.a(_mul_df.o)
 .debug_frame   0x0000000000000d7c       0x3c /opt/toolchains/sh-elf/bin/../lib/gcc/sh-elf/11.1.0/libgcc.a(_si_to_df.o)
 .debug_frame   0x0000000000000db8       0x48 /opt/toolchains/sh-elf/bin/../lib/gcc/sh-elf/11.1.0/libgcc.a(_df_to_si.o)
 .debug_frame   0x0000000000000e00       0x38 /opt/toolchains/sh-elf/bin/../lib/gcc/sh-elf/11.1.0/libgcc.a(_clzsi2.o)
 .debug_frame   0x0000000000000e38       0x6c /opt/toolchains/sh-elf/bin/../lib/gcc/sh-elf/11.1.0/libgcc.a(_pack_df.o)
 .debug_frame   0x0000000000000ea4       0x20 /opt/toolchains/sh-elf/bin/../lib/gcc/sh-elf/11.1.0/libgcc.a(_unpack_df.o)

.debug_loclists
                0x0000000000000000     0x1ac8
 .debug_loclists
                0x0000000000000000       0x63 bg.o
 .debug_loclists
                0x0000000000000063       0x36 cd.o
 .debug_loclists
                0x0000000000000099       0x64 crc.o
 .debug_loclists
                0x00000000000000fd      0x1ae devcart.o
 .debug_loclists
                0x00000000000002ab      0x5ad game.o
 .debug_loclists
                0x0000000000000858      0x26a pcmsys.o
 .debug_loclists
                0x0000000000000ac2      0x19d print.o
 .debug_loclists
                0x0000000000000c5f       0x70 rng.o
 .debug_loclists
                0x0000000000000ccf      0x42c scroll.o
 .debug_loclists
                0x00000000000010fb       0x70 sound.o
 .debug_loclists
                0x000000000000116b      0x2ed sprite.o
 .debug_loclists
                0x0000000000001458      0x30c /opt/toolchains/sh-elf/bin/../lib/gcc/sh-elf/11.1.0/libgcc.a(_mul_df.o)
 .debug_loclists
                0x0000000000001764       0x6c /opt/toolchains/sh-elf/bin/../lib/gcc/sh-elf/11.1.0/libgcc.a(_si_to_df.o)
 .debug_loclists
                0x00000000000017d0       0x35 /opt/toolchains/sh-elf/bin/../lib/gcc/sh-elf/11.1.0/libgcc.a(_df_to_si.o)
 .debug_loclists
                0x0000000000001805       0x22 /opt/toolchains/sh-elf/bin/../lib/gcc/sh-elf/11.1.0/libgcc.a(_clzsi2.o)
 .debug_loclists
                0x0000000000001827      0x230 /opt/toolchains/sh-elf/bin/../lib/gcc/sh-elf/11.1.0/libgcc.a(_pack_df.o)
 .debug_loclists
                0x0000000000001a57       0x71 /opt/toolchains/sh-elf/bin/../lib/gcc/sh-elf/11.1.0/libgcc.a(_unpack_df.o)

.debug_rnglists
                0x0000000000000000      0x5b1
 .debug_rnglists
                0x0000000000000000       0x24 bg.o
 .debug_rnglists
                0x0000000000000024       0x7e devcart.o
 .debug_rnglists
                0x00000000000000a2      0x2bf game.o
 .debug_rnglists
                0x0000000000000361       0x66 pcmsys.o
 .debug_rnglists
                0x00000000000003c7       0x23 rng.o
 .debug_rnglists
                0x00000000000003ea       0x47 scroll.o
 .debug_rnglists
                0x0000000000000431       0x7b sprite.o
 .debug_rnglists
                0x00000000000004ac       0x14 main.o
 .debug_rnglists
                0x00000000000004c0       0x2e /opt/toolchains/sh-elf/bin/../lib/gcc/sh-elf/11.1.0/libgcc.a(_mul_df.o)
 .debug_rnglists
                0x00000000000004ee       0x26 /opt/toolchains/sh-elf/bin/../lib/gcc/sh-elf/11.1.0/libgcc.a(_si_to_df.o)
 .debug_rnglists
                0x0000000000000514       0x1f /opt/toolchains/sh-elf/bin/../lib/gcc/sh-elf/11.1.0/libgcc.a(_clzsi2.o)
 .debug_rnglists
                0x0000000000000533       0x7e /opt/toolchains/sh-elf/bin/../lib/gcc/sh-elf/11.1.0/libgcc.a(_pack_df.o)
