Archive member included to satisfy reference by file (symbol)

../sbl/segalib/lib/libsat.a(cdc_cmn.o)
                              main.o (_CDC_GetPeriStat)
../sbl/segalib/lib/libsat.a(cdc_drv.o)
                              sound.o (_CDC_CdPlay)
../sbl/segalib/lib/libsat.a(dma_scu1.o)
                              main.o (_DMA_ScuInit)
../sbl/segalib/lib/libsat.a(gfs.o)
                              cd.o (_GFS_SetDir)
../sbl/segalib/lib/libsat.a(gfs_buf.o)
                              ../sbl/segalib/lib/libsat.a(gfs.o) (_GFBF_GetNumData)
../sbl/segalib/lib/libsat.a(gfs_cdb.o)
                              ../sbl/segalib/lib/libsat.a(gfs.o) (_GFCB_Close)
../sbl/segalib/lib/libsat.a(gfs_cdc.o)
                              ../sbl/segalib/lib/libsat.a(gfs_cdb.o) (_GFCD_AllocFilt)
../sbl/segalib/lib/libsat.a(gfs_cdf.o)
                              ../sbl/segalib/lib/libsat.a(gfs.o) (_GFCF_Init)
../sbl/segalib/lib/libsat.a(gfs_dir.o)
                              ../sbl/segalib/lib/libsat.a(gfs.o) (_GFDR_NameToId)
../sbl/segalib/lib/libsat.a(gfs_trn.o)
                              ../sbl/segalib/lib/libsat.a(gfs.o) (_GFTR_Setup)
../sbl/segalib/lib/libsat.a(mth_rand.o)
                              rng.o (_MTH_InitialRand)
../sbl/segalib/lib/libsat.a(mth_fixd.o)
                              sprite.o (_MTH_Mul)
../sbl/segalib/lib/libsat.a(mth_tri.o)
                              sprite.o (_MTH_Sin)
../sbl/segalib/lib/libsat.a(per_prt.o)
                              vblank.o (_PER_Init)
../sbl/segalib/lib/libsat.a(spr_2c.o)
                              sprite.o (_SPR_2SetTvMode)
../sbl/segalib/lib/libsat.a(scl_func.o)
                              scroll.o (_Scl_n_reg)
../sbl/segalib/lib/libsat.a(scl_fu02.o)
                              scroll.o (_SCL_InitVramConfigTb)
../sbl/segalib/lib/libsat.a(scl_fu03.o)
                              scroll.o (_SCL_InitConfigTb)
../sbl/segalib/lib/libsat.a(scl_fu04.o)
                              scroll.o (_SCL_SetCycleTable)
../sbl/segalib/lib/libsat.a(scl_pri.o)
                              ../sbl/segalib/lib/libsat.a(scl_func.o) (_SCL_PriorityInit)
../sbl/segalib/lib/libsat.a(scl_ro00.o)
                              scroll.o (_SCL_InitRotateTable)
../sbl/segalib/lib/libsat.a(scl_ro03.o)
                              bg.o (_SCL_RotateTo)
../sbl/segalib/lib/libsat.a(scl_back.o)
                              scroll.o (_SCL_SetBack)
../sbl/segalib/lib/libsat.a(scl_vblv.o)
                              ../sbl/segalib/lib/libsat.a(spr_2c.o) (_SCL_SetFrameInterval)
../sbl/segalib/lib/libsat.a(scl_pr01.o)
                              sprite.o (_SCL_SetSpriteMode)
../sbl/segalib/lib/libsat.a(scl_pr02.o)
                              scroll.o (_SCL_SetColRam)
../sbl/segalib/lib/libsat.a(scl_pr03.o)
                              scroll.o (_SCL_AllocColRam)
../sbl/segalib/lib/libsat.a(scl_pr05.o)
                              ../sbl/segalib/lib/libsat.a(scl_pr02.o) (_SCL_GetColRamOffset)
../sbl/segalib/lib/libsat.a(scl_pr06.o)
                              ../sbl/segalib/lib/libsat.a(scl_pr03.o) (_SCL_SetColRamOffset)
../sbl/segalib/lib/libsat.a(scl_pr07.o)
                              scroll.o (_SCL_SetPriority)
../sbl/segalib/lib/libsat.a(scl_pr11.o)
                              bg.o (_SCL_SetAutoColOffset)
../sbl/segalib/lib/libsat.a(scl_pr12.o)
                              bg.o (_SCL_SetColOffset)
../sbl/segalib/lib/libsat.a(cdc_reg.o)
                              ../sbl/segalib/lib/libsat.a(gfs_cdb.o) (_CDC_GetDataPtr)
../sbl/segalib/lib/libsat.a(cdc_sub.o)
                              ../sbl/segalib/lib/libsat.a(cdc_cmn.o) (_CDSUB_GetCdstat)
../sbl/segalib/lib/libsat.a(cdc_dev.o)
                              ../sbl/segalib/lib/libsat.a(gfs_cdc.o) (_CDC_CdSetCon)
../sbl/segalib/lib/libsat.a(cdc_sel.o)
                              ../sbl/segalib/lib/libsat.a(gfs_cdc.o) (_CDC_SetFiltRange)
../sbl/segalib/lib/libsat.a(cdc_bif.o)
                              ../sbl/segalib/lib/libsat.a(gfs_cdc.o) (_CDC_GetBufSiz)
../sbl/segalib/lib/libsat.a(cdc_bio.o)
                              ../sbl/segalib/lib/libsat.a(gfs_cdc.o) (_CDC_SetSctLen)
../sbl/segalib/lib/libsat.a(cdc_cfs.o)
                              ../sbl/segalib/lib/libsat.a(gfs_cdc.o) (_CDC_ChgDir)
../sbl/segalib/lib/libsat.a(csh_main.o)
                              ../sbl/segalib/lib/libsat.a(dma_scu1.o) (_CSH_Purge)
../sbl/segalib/lib/libsat.a(dma_cpu0.o)
                              ../sbl/segalib/lib/libsat.a(gfs_trn.o) (_DMA_CpuSetComPrm)
../sbl/segalib/lib/libsat.a(dma_scu0.o)
                              ../sbl/segalib/lib/libsat.a(dma_scu1.o) (_DMA_ScuSetPrm)
../sbl/segalib/lib/libsat.a(spr_1c.o)
                              ../sbl/segalib/lib/libsat.a(spr_2c.o) (_SPR_SetTvMode)
../sbl/segalib/lib/libsat.a(spr_2a.o)
                              ../sbl/segalib/lib/libsat.a(spr_2c.o) (_SPR_2SetDrawPrty)
/opt/toolchains/sh-elf/bin/../lib/gcc/sh-elf/11.1.0/libgcc.a(_ashiftrt.o)
[...]
Memory Configuration

Name             Origin             Length             Attributes
*default*        0x0000000000000000 0xffffffffffffffff

Linker script and memory map

LOAD entry.o
LOAD stack.o
LOAD vblank.o
LOAD bg.o
LOAD cd.o
LOAD crc.o
LOAD devcart.o
LOAD game.o
LOAD hwram.o
LOAD rank.o
LOAD pcmsys.o
LOAD piece.o
LOAD print.o
LOAD rng.o
LOAD scroll.o
LOAD sound.o
LOAD sprite.o
LOAD title.o
LOAD main.o
LOAD ../sbl/segalib/lib/libsat.a
LOAD /opt/toolchains/sh-elf/bin/../lib/gcc/sh-elf/11.1.0/libgcc.a
LOAD /opt/toolchains/sh-elf/bin/../lib/gcc/sh-elf/11.1.0/libgcc-Os-4-200.a
LOAD /opt/toolchains/sh-elf/bin/../lib/gcc/sh-elf/11.1.0/../../../../sh-elf/lib/libc.a
LOAD /opt/toolchains/sh-elf/bin/../lib/gcc/sh-elf/11.1.0/libgcc.a
LOAD /opt/toolchains/sh-elf/bin/../lib/gcc/sh-elf/11.1.0/libgcc-Os-4-200.a

.entry          0x0000000006010000       0x60
 *(.entry)
 .entry         0x0000000006010000       0x50 entry.o
                0x0000000006010000                _entry
                0x0000000006010060                . = ALIGN (0x20)
 *fill*         0x0000000006010050       0x10 
                0x0000000006010060                _eentry = ABSOLUTE (.)

.text           0x0000000006010060    0x108f0
 *(.text*)
 .text          0x0000000006010060        0x0 entry.o
 .text          0x0000000006010060        0x0 stack.o
 .text          0x0000000006010060      0x148 vblank.o
                0x0000000006010060                _CheckVblankEnd
                0x0000000006010070                _UsrVblankIn
                0x0000000006010088                _UsrVblankOut
                0x0000000006010118                _SetVblank
 .text          0x00000000060101a8      0x3c4 bg.o
                0x00000000060101a8                _BG_Init
                0x000000000601033c                _BG_Run
                0x0000000006010530                _BG_Next
 .text          0x000000000601056c       0xdc cd.o
                0x000000000601056c                _CD_Init
                0x0000000006010594                _CD_ChangeDir
                0x00000000060105d4                _CD_Load
 .text          0x0000000006010648       0x20 crc.o
                0x0000000006010648                _crc_update
 .text          0x0000000006010668      0x1d4 devcart.o
                0x00000000060106bc                _Devcart_LoadFile
                0x0000000006010788                _Devcart_PrintStr
                0x00000000060107c0                _Devcart_Reset
                0x0000000006010804                _Devcart_ChangeDir
 .text          0x000000000601083c     0x1100 game.o
                0x0000000006010c84                _Game_Init
                0x0000000006010fc0                _Game_Run
 .text          0x000000000601193c        0x0 hwram.o
 .text          0x000000000601193c      0x284 rank.o
                0x000000000601193c                _Rank_Setup
                0x0000000006011948                _Rank_Init
                0x0000000006011a78                _Rank_Run
 .text          0x0000000006011bc0      0x35c pcmsys.o
                0x0000000006011bc0                _smpc_wait_till_ready
                0x0000000006011bd4                _smpc_issue_command
                0x0000000006011be8                _load_driver_binary
                0x0000000006011c5c                _load_drv
                0x0000000006011c94                _calculate_bytes_per_blank
                0x0000000006011cc4                _load_16bit_pcm
                0x0000000006011dc0                _load_8bit_pcm
                0x0000000006011eb8                _pcm_play
                0x0000000006011edc                _pcm_parameter_change
                0x0000000006011ef8                _pcm_cease
 .text          0x0000000006011f1c        0x0 piece.o
 .text          0x0000000006011f1c      0x154 print.o
                0x0000000006011f1c                _Print_Load
                0x0000000006011f2c                _Print_Init
                0x0000000006011f44                _Print_Num
                0x0000000006011f88                _Print_String
                0x0000000006011fe0                _Print_Display
 .text          0x0000000006012070       0xf4 rng.o
                0x0000000006012070                _RNG_Init
                0x00000000060120c4                _RNG_Get
 .text          0x0000000006012164      0x5ac scroll.o
                0x0000000006012164                _Scroll_Init
                0x00000000060123f4                _Scroll_TilePtr
                0x0000000006012448                _Scroll_LoadTile
                0x00000000060124c8                _Scroll_MapPtr
                0x0000000006012500                _Scroll_Scale
                0x000000000601259c                _Scroll_Set
                0x00000000060125dc                _Scroll_Move
                0x000000000601261c                _Scroll_ClearMaps
                0x0000000006012660                _Scroll_ClearVram
                0x000000000601267c                _Scroll_CharSize
                0x00000000060126b0                _Scroll_Enable
                0x00000000060126e0                _Scroll_MapSize
 .text          0x0000000006012710      0x204 sound.o
                0x0000000006012710                _Sound_CDVolume
                0x00000000060127fc                _Sound_Init
                0x00000000060128c4                _Sound_CDDA
                0x0000000006012904                _Sound_Play
 .text          0x0000000006012914      0x60c sprite.o
                0x0000000006012914                _Sprite_Init
                0x00000000060129a8                _Sprite_Clear
                0x00000000060129c4                _Sprite_Load
                0x0000000006012bb0                _Sprite_StartDraw
                0x0000000006012be0                _Sprite_Draw
                0x0000000006012df8                _Sprite_Make
                0x0000000006012e24                _Sprite_DrawAll
                0x0000000006012e70                _Sprite_Next
                0x0000000006012eb4                _Sprite_ListAdd
                0x0000000006012ec8                _Sprite_ListRemove
                0x0000000006012eec                _Sprite_Delete
                0x0000000006012f00                _Sprite_DeleteAll
 .text          0x0000000006012f20      0x430 title.o
                0x0000000006012f20                _Title_Init
                0x0000000006013098                _Title_Run
 .text          0x0000000006013350        0x0 main.o
 .text.startup  0x0000000006013350      0x158 main.o
                0x0000000006013350                _main
 .text          0x00000000060134a8      0x354 ../sbl/segalib/lib/libsat.a(cdc_cmn.o)
                0x00000000060134a8                _CDC_GetCurStat
                0x00000000060134ec                _CDC_GetLastStat
                0x00000000060134f8                _getPeriRsp
                0x0000000006013580                _CDC_GetPeriStat
                0x00000000060135c4                _CDC_GetHwInfo
                0x000000000601361c                _CDC_TgetToc
                0x0000000006013674                _CDC_GetSes
                0x00000000060136ac                _CDC_CdInit
                0x0000000006013724                _CDC_CdOpen
                0x000000000601374c                _CDC_DataEnd
                0x00000000060137a0                _CDC_DataReady
 .text          0x00000000060137fc      0x108 ../sbl/segalib/lib/libsat.a(cdc_drv.o)
                0x00000000060137fc                _analyPos
                0x000000000601384c                _CDC_CdPlay
                0x00000000060138a0                _CDC_CdSeek
                0x00000000060138d8                _CDC_CdScan
 .text          0x0000000006013904      0x198 ../sbl/segalib/lib/libsat.a(dma_scu1.o)
                0x0000000006013904                _DMA_ScuInit
                0x0000000006013940                _DMA_ScuMemCopy
                0x0000000006013a04                _DMA_ScuResult
 .text          0x0000000006013a9c     0x1610 ../sbl/segalib/lib/libsat.a(gfs.o)
                0x0000000006013a9c                _gfs_recovRdErr
                0x0000000006013ac4                _GFS_SetErrFunc
                0x0000000006013ae8                _GFS_GetErrStat
                0x0000000006013b08                _gfs_mngSetupFuncTbl
                0x0000000006013b34                _gfs_mngInitWork
                0x0000000006013bb4                _gfs_mngGetNumFile
                0x0000000006013c0c                _GFS_mngAllocGrp
                0x0000000006013c4c                _gfs_mngFreeGrp
                0x0000000006013c52                _gfs_mngTermAccess
                0x0000000006013cbc                _gfs_mngSetErrCode
                0x0000000006013cec                _GFS_SetDir
                0x0000000006013d50                _GFS_NameToId
                0x0000000006013da0                _GFS_IdToName
                0x0000000006013dfc                _GFS_Tell
                0x0000000006013e3c                _GFS_NwIsComplete
                0x0000000006013e64                _GFS_CdMovePickup
                0x0000000006013ec4                _GFS_GetDirInfo
                0x0000000006013f3c                _gfs_svrSearchHndl
                0x0000000006013f70                _gfs_svrAddHndl
                0x0000000006013fa4                _gfs_svrRemoveHndl
                0x0000000006014018                _GFS_NwStop
                0x0000000006014070                _GFS_OpenSub
                0x00000000060140b8                _GFS_Open
                0x000000000601415c                _GFS_GetFad
                0x00000000060141a0                _gfs_SetSct
                0x00000000060141cc                _GFS_NwCdRead
                0x0000000006014250                _gfs_GetFinfo
                0x000000000601429e                _GFS_GetFileSize
                0x0000000006014300                _GFS_Seek
                0x00000000060143b4                _GFS_IsEof
                0x0000000006014414                _GFS_ByteToSct
                0x0000000006014470                _GFS_GetFileInfo
                0x00000000060144e4                _GFS_NwFread
                0x00000000060145f8                _GFS_NwGetStat
                0x000000000601466c                _GFS_SetGmode
                0x00000000060146d0                _GFS_SetTmode
                0x0000000006014744                _GFS_SetReadPara
                0x00000000060147a8                _GFS_SetTransPara
                0x000000000601481c                _gfs_transData
                0x00000000060148ac                _gfs_closeSub
                0x00000000060148dc                _GFS_Close
                0x0000000006014914                _GFS_LoadDir
                0x00000000060149b0                _gfs_getGmode
                0x00000000060149b6                _gfs_isTaskDone
                0x0000000006014a00                _gfs_convFinStat
                0x0000000006014a64                _gfs_flowIn
                0x0000000006014ae4                _GFS_NwExecOne
                0x0000000006014b74                _GFS_Fread
                0x0000000006014cbc                _GFS_Load
                0x0000000006014d84                _gfs_loadVol
                0x0000000006014e48                _gfs_getRootDir
                0x0000000006014ed0                _gfs_loadRootDir
                0x0000000006014f58                _GFS_Init
                0x0000000006015044                _GFS_NwExecServer
 .text          0x00000000060150ac       0x6c ../sbl/segalib/lib/libsat.a(gfs_buf.o)
                0x00000000060150ac                _GFBF_GetTranData
                0x00000000060150c0                _GFBF_GetNumData
                0x00000000060150d8                _GFBF_GetSrcPk
                0x00000000060150ec                _GFBF_GetSctData
                0x0000000006015100                _GFBF_RtnPk
                0x0000000006015114                _gfbf_getSctDt
 .text          0x0000000006015118      0x484 ../sbl/segalib/lib/libsat.a(gfs_cdb.o)
                0x0000000006015118                _GFCB_Setup
                0x00000000060151dc                _GFCB_Close
                0x00000000060151fc                _GFCB_GetLenData
                0x0000000006015290                _GFCB_GetLenRoom
                0x0000000006015294                _GFCB_SetFilt
                0x00000000060152ec                _GFCB_DeleteAllData
                0x0000000006015308                _GFCB_Tell
                0x0000000006015310                _GFCB_Seek
                0x00000000060153f4                _GFCB_GetSrcPack
                0x00000000060154bc                _GFCB_GetSctData
                0x00000000060154e8                _GFCB_GetDstPack
                0x00000000060154ec                _GFCB_RtnPk
                0x000000000601552c                _GFCB_MovePickup
                0x000000000601553c                _GFCB_SetCon
                0x0000000006015564                _GFCB_GetPickup
                0x0000000006015584                _GFCB_IsPuOwner
                0x0000000006015590                _GFCB_UngetPickup
 .text          0x000000000601559c     0x1504 ../sbl/segalib/lib/libsat.a(gfs_cdc.o)
                0x000000000601559c                _GFCD_AllocFilt
                0x00000000060155cc                _GFCD_FreeFilt
                0x00000000060155f4                _GFCD_AllocBuf
                0x0000000006015620                _GFCD_GetBaseFad
                0x000000000601564c                _GFCD_GetPickup
                0x0000000006015670                _GFCD_UngetPickup
                0x0000000006015694                _GFCD_IsPuOwner
                0x00000000060156ac                _GFCD_CheckDelSctData
                0x00000000060156d4                _GFCD_CheckMove
                0x00000000060156ec                _gfcd_isIdleTask
                0x0000000006015750                _GFCD_SetTimer
                0x000000000601575c                _gfcd_checkEflag
                0x0000000006015778                _gfcd_initCdbMng
                0x00000000060157e0                _gfcd_setStat
                0x0000000006015804                _GFCD_GetFilt
                0x0000000006015848                _GFCD_EndData
                0x000000000601588c                _GFCD_GetSctInfo
                0x00000000060158d0                _GFCD_GetFileInfo
                0x0000000006015998                _GFCD_GetBufSiz
                0x00000000060159c8                _gfcd_doSetFiltTsk
                0x0000000006015b34                _GFCD_SetFilt
                0x0000000006015bcc                _gfcd_doSetConTsk
                0x0000000006015c44                _GFCD_SetCon
                0x0000000006015c90                _gfcd_doGetLenDataTsk
                0x0000000006015d90                _GFCD_GetLenData
                0x0000000006015dd4                _gfcd_doReqDataTsk
                0x0000000006015e48                _GFCD_ReqData
                0x0000000006015e90                _gfcd_doDelSctDataTsk
                0x0000000006015f9c                _GFCD_DelSctData
                0x0000000006015fe8                _gfcd_doMoveSctTsk
                0x0000000006016104                _GFCD_MoveSctData
                0x0000000006016160                _gfcd_doSetFiltConTsk
                0x000000000601625c                _GFCD_SetFiltCon
                0x0000000006016354                _GFCD_SetCsctFunc
                0x0000000006016364                _GFCD_WaitScdqFlag
                0x00000000060163a8                _GFCD_GetStat
                0x0000000006016418                _GFCD_Init
                0x0000000006016600                _GFCD_Play
                0x0000000006016650                _GFCD_MovePickup
                0x0000000006016698                _gfcd_doChgDirTsk
                0x000000000601683c                _GFCD_ChgDir
                0x00000000060168a4                _gfcd_doTask
                0x0000000006016914                _GFCD_ExecServer
                0x00000000060169f0                _GFCD_FreeBuf
                0x0000000006016a6c                _GFCD_WaitServer
 .text          0x0000000006016aa0      0x600 ../sbl/segalib/lib/libsat.a(gfs_cdf.o)
                0x0000000006016aa0                _GFCF_Init
                0x0000000006016af8                _GFCF_SetSct
                0x0000000006016b24                _GFCF_GetFileInfo
                0x0000000006016b82                _GFCF_Recover
                0x0000000006016bc4                _GFCF_Tell
                0x0000000006016bd0                _GFCF_Seek
                0x0000000006016bdc                _GFCF_cnvIntlvOfs
                0x0000000006016c10                _GFCF_GetStat
                0x0000000006016c5c                _GFCF_StopInBuf
                0x0000000006016cd4                _GFCF_MovePickup
                0x0000000006016d58                _gfcf_getSctSize
                0x0000000006016d90                _GFCF_Setup
                0x0000000006016e48                _gfcf_isCdOk
                0x0000000006016e94                _gfcf_getPlayRange
                0x0000000006016f9c                _GFCF_FlowInBuf
 .text          0x00000000060170a0      0x7e8 ../sbl/segalib/lib/libsat.a(gfs_dir.o)
                0x00000000060170a0                _GFDR_NameToId
                0x00000000060170f0                _GFDR_GetInfoDirId
                0x00000000060170fc                _GFDR_GetInfoDirName
                0x0000000006017108                _GFDR_GetAtrDirId
                0x0000000006017118                _GFDR_GetAtrDirName
                0x0000000006017128                _GFDR_ChgDir
                0x0000000006017198                _GFDR_ChgRoot
                0x00000000060171a4                _gfdr_open
                0x00000000060171c4                _gfdr_read
                0x000000000601727c                _gfdr_readByte
                0x00000000060172a4                _gfdr_readWord
                0x00000000060172cc                _gfdr_readWordNB
                0x0000000006017318                _gfdr_readLongNB
                0x0000000006017360                _gfdr_readLongNM
                0x0000000006017380                _gfdr_setNextRec
                0x00000000060173fc                _gfdr_readDirEnt
                0x00000000060176e4                _gfdr_setDirrecCd
                0x0000000006017702                _gfdr_setupDirIdTbl
                0x0000000006017778                _gfdr_setupDirNameTbl
                0x0000000006017818                _GFDR_SetupDirTbl
 .text          0x0000000006017888      0x818 ../sbl/segalib/lib/libsat.a(gfs_trn.o)
                0x0000000006017888                _gftr_reqScu
                0x000000000601788c                _gftr_remCpu
                0x0000000006017890                _gftr_execScu
                0x0000000006017910                _gftr_remScu
                0x0000000006017930                _gftr_reqDma0
                0x0000000006017934                _gftr_reqDma1
                0x0000000006017938                _gftr_reqCpu
                0x000000000601793c                _GFTR_Setup
                0x0000000006017962                _GFTR_SetMode
                0x000000000601796e                _GFTR_SetUnit
                0x0000000006017972                _GFTR_SetTransPara
                0x0000000006017984                _GFTR_GetTransPara
                0x0000000006017988                _GFTR_GetNumTrans
                0x000000000601798c                _GFTR_SetTransMax
                0x0000000006017992                _GFTR_Start
                0x0000000006017998                _GFTR_Pause
                0x000000000601799e                _gfdma_canUse
                0x00000000060179a2                _gfdma_exec
                0x0000000006017a7c                _gftr_execSdma0
                0x0000000006017aa0                _gftr_execSdma1
                0x0000000006017ac4                _gftr_reqTrn
                0x0000000006017b18                _gftr_execTrn
                0x0000000006017be4                _gftr_remTrn
                0x0000000006017c44                _gftr_copyFrac
                0x0000000006017c68                _gfdma_getBytecnt
                0x0000000006017c98                _gftr_remDma0
                0x0000000006017ca4                _gftr_remDma1
                0x0000000006017cb0                _gftr_execCpu
                0x0000000006017cfc                _GFTR_GetLenData
                0x0000000006017d00                _GFTR_GetLenRoom
                0x0000000006017d0e                _gftr_getSrcPack
                0x0000000006017d90                _GFTR_Idle
                0x0000000006017e00                _GFTR_GetDstPack
                0x0000000006017e2c                _gftr_getDstPack
                0x0000000006017e6c                _gftr_execSub
                0x0000000006017f74                _GFTR_Exec
                0x0000000006017fcc                _GFTR_Stop
                0x000000000601806c                _GFTR_RtnDstPk
                0x000000000601807a                _GFTR_GetData
                0x0000000006018088                _GFTR_SetData
                0x0000000006018094                _GFTR_SetTransFunc
 .text          0x00000000060180a0       0x24 ../sbl/segalib/lib/libsat.a(mth_rand.o)
                0x00000000060180a0                _MTH_InitialRand
                0x00000000060180ac                _MTH_GetRand
 .text          0x00000000060180c4       0x78 ../sbl/segalib/lib/libsat.a(mth_fixd.o)
                0x00000000060180c4                _MTH_Mul
                0x00000000060180d8                _MTH_Div
                0x00000000060180ec                _MTH_IntToFixed
                0x00000000060180f4                _MTH_FixedToInt
                0x00000000060180fc                _MTH_Product
 .text          0x000000000601813c      0x5d4 ../sbl/segalib/lib/libsat.a(mth_tri.o)
                0x000000000601813c                _MTH_Sin
                0x000000000601817c                _MTH_Cos
                0x00000000060181c0                _fcos
                0x00000000060181c6                _fsin
                0x0000000006018358                _MTH_Atan
 .text          0x0000000006018710      0xf58 ../sbl/segalib/lib/libsat.a(per_prt.o)
                0x0000000006018b10                _PER_IntFunc
                0x00000000060193c0                _PER_Init
                0x0000000006019568                _PER_GetPer
 .text          0x0000000006019668      0xcbc ../sbl/segalib/lib/libsat.a(spr_2c.o)
                0x0000000006019668                _SPR_2SetTvMode
                0x0000000006019678                _SPR_2FrameChgIntr
                0x000000000601968c                _SPR_2FrameEraseData
                0x00000000060196cc                _SPR_2SetGourTbl
                0x00000000060196fc                _SPR_2SetLookupTbl
                0x0000000006019718                _SPR_2SetChar
                0x0000000006019844                _SPR_2ClrChar
                0x000000000601994c                _SPR_2ClrAllChar
                0x0000000006019998                _SPR_2Initial
                0x0000000006019aec                _SPR_2GourTblNoToVram
                0x0000000006019b08                _SPR_2LookupTblNoToVram
                0x0000000006019b18                _SPR_2CharNoToVram
                0x0000000006019b2c                _SPR_2GetAreaSizeInfo
                0x0000000006019b8c                _SPR_2OpenCommand
                0x0000000006019c24                _SPR_2FlushDrawPrty
                0x0000000006019c64                _SPR_2CloseCommand
                0x0000000006019d84                _SPR_2LocalCoord
                0x0000000006019ddc                _SPR_2SysClip
                0x0000000006019e24                _SPR_2UserClip
                0x0000000006019e74                _SPR_2Line
                0x0000000006019f10                _SPR_2PolyLine
                0x0000000006019fb0                _SPR_2Polygon
                0x000000000601a050                _SPR_2NormSpr
                0x000000000601a11c                _SPR_2ScaleSpr
                0x000000000601a204                _SPR_2DistSpr
                0x000000000601a2dc                _SPR_2Cmd
 .text          0x000000000601a324      0x754 ../sbl/segalib/lib/libsat.a(scl_func.o)
                0x000000000601a324                _SCL_ParametersInit
                0x000000000601a410                _SCL_Vdp2Init
                0x000000000601a478                _SCL_Open
                0x000000000601a494                _SCL_Close
                0x000000000601a4a8                _SCL_MoveTo
                0x000000000601a59c                _SCL_Move
                0x000000000601a6c8                _SCL_Scale
                0x000000000601a7cc                _SCL_Memcpyw
                0x000000000601a7e0                _SCL_CopyReg
                0x000000000601a8c0                _SCL_SetColRamMode
                0x000000000601a910                _SCL_PriIntProc
                0x000000000601aa0c                _SCL_ScrollShow
 .text          0x000000000601aa78      0x384 ../sbl/segalib/lib/libsat.a(scl_fu02.o)
                0x000000000601aa78                _SCL_InitVramConfigTb
                0x000000000601aa86                _SCL_SetVramConfig
 .text          0x000000000601adfc      0x62c ../sbl/segalib/lib/libsat.a(scl_fu03.o)
                0x000000000601adfc                _SCL_InitConfigTb
                0x000000000601ae14                _SCL_SetConfig
 .text          0x000000000601b428       0x18 ../sbl/segalib/lib/libsat.a(scl_fu04.o)
                0x000000000601b428                _SCL_SetCycleTable
 .text          0x000000000601b440      0xf30 ../sbl/segalib/lib/libsat.a(scl_pri.o)
                0x000000000601b440                _SCL_PriorityInit
                0x000000000601b9ec                _SCL_GetColRamMode
                0x000000000601ba0c                _SCL_AbortAutoVe
                0x000000000601ba18                _SCL_SetColMixRate
                0x000000000601bd80                _SCL_IncColOffset
                0x000000000601bdf4                _SCL_AutoExec
                0x000000000601c220                _SCL_SetShadowBit
 .text          0x000000000601c370      0xe38 ../sbl/segalib/lib/libsat.a(scl_ro00.o)
                0x000000000601c494                _SCL_InitRotateTable
                0x000000000601c6dc                _SCL_RotateZD
                0x000000000601c81c                _SCL_Rotate
 .text          0x000000000601d1a8       0xfc ../sbl/segalib/lib/libsat.a(scl_ro03.o)
                0x000000000601d1a8                _SCL_RotateTo
 .text          0x000000000601d2a4       0x74 ../sbl/segalib/lib/libsat.a(scl_back.o)
                0x000000000601d2a4                _SCL_SetBack
 .text          0x000000000601d318      0x264 ../sbl/segalib/lib/libsat.a(scl_vblv.o)
                0x000000000601d318                _SCL_SetFrameInterval
                0x000000000601d390                _SCL_DisplayFrame
                0x000000000601d3bc                _SCL_VblInit
                0x000000000601d404                _SCL_VblankStart
                0x000000000601d4d4                _SCL_VblankEnd
 .text          0x000000000601d57c       0x54 ../sbl/segalib/lib/libsat.a(scl_pr01.o)
                0x000000000601d57c                _SCL_SetSpriteMode
 .text          0x000000000601d5d0       0x90 ../sbl/segalib/lib/libsat.a(scl_pr02.o)
                0x000000000601d5d0                _SCL_SetColRam
 .text          0x000000000601d660      0x10c ../sbl/segalib/lib/libsat.a(scl_pr03.o)
                0x000000000601d660                _SCL_FreeColRam
                0x000000000601d688                _SCL_AllocColRam
 .text          0x000000000601d76c       0xac ../sbl/segalib/lib/libsat.a(scl_pr05.o)
                0x000000000601d76c                _SCL_GetColRamOffset
 .text          0x000000000601d818      0x180 ../sbl/segalib/lib/libsat.a(scl_pr06.o)
                0x000000000601d818                _SCL_SetColRamOffset
 .text          0x000000000601d998      0x1c8 ../sbl/segalib/lib/libsat.a(scl_pr07.o)
                0x000000000601d998                _SCL_SetPriority
 .text          0x000000000601db60      0x13c ../sbl/segalib/lib/libsat.a(scl_pr11.o)
                0x000000000601db60                _SCL_SetAutoColOffset
 .text          0x000000000601dc9c      0x164 ../sbl/segalib/lib/libsat.a(scl_pr12.o)
                0x000000000601dc9c                _SCL_SetColOffset
 .text          0x000000000601de00      0x234 ../sbl/segalib/lib/libsat.a(cdc_reg.o)
                0x000000000601de00                _CDC_GetDataPtr
                0x000000000601de0c                _CDC_GetHirqReq
                0x000000000601de18                _CDC_ClrHirqReq
                0x000000000601de38                _CDREG_ClrHirqReq
                0x000000000601de44                _CDREG_InitHirqReq
                0x000000000601de5c                _CDREG_SetHirqFlag
                0x000000000601de6c                _CDC_GetHirqMsk
                0x000000000601de78                _CDC_SetHirqMsk
                0x000000000601de84                _CDC_GetMpegPtr
                0x000000000601de90                _CDREG_TgetData
                0x000000000601deec                _CDREG_WaitHirq
                0x000000000601df14                _writeCmd
                0x000000000601df34                _CDREG_ReadRsp
                0x000000000601df58                _doCmdRsp
                0x000000000601e000                _CDREG_CmdRsp
 .text          0x000000000601e034       0xf4 ../sbl/segalib/lib/libsat.a(cdc_sub.o)
                0x000000000601e034                _CDSUB_GetCdstat
                0x000000000601e068                _CDSUB_RspToCdstat
                0x000000000601e09a                _CDSUB_CdCmd
                0x000000000601e0fc                _CDSUB_UpdStatus
                0x000000000601e108                _CDSUB_UpdCdstat
                0x000000000601e124                _CDSUB_SoftTimer
 .text          0x000000000601e128       0xb4 ../sbl/segalib/lib/libsat.a(cdc_dev.o)
                0x000000000601e128                _CDC_CdSetCon
                0x000000000601e15c                _CDC_CdGetCon
                0x000000000601e19c                _CDC_CdGetLastBuf
 .text          0x000000000601e1dc      0x290 ../sbl/segalib/lib/libsat.a(cdc_sel.o)
                0x000000000601e1dc                _CDC_SetFiltRange
                0x000000000601e218                _CDC_GetFiltRange
                0x000000000601e284                _CDC_SetFiltSubh
                0x000000000601e2d4                _CDC_GetFiltSubh
                0x000000000601e338                _CDC_SetFiltMode
                0x000000000601e36c                _CDC_GetFiltMode
                0x000000000601e3ac                _CDC_SetFiltCon
                0x000000000601e3e4                _CDC_GetFiltCon
                0x000000000601e438                _CDC_ResetSelector
 .text          0x000000000601e46c      0x234 ../sbl/segalib/lib/libsat.a(cdc_bif.o)
                0x000000000601e46c                _CDC_GetBufSiz
                0x000000000601e4c4                _CDC_GetSctNum
                0x000000000601e50c                _CDC_CalActSiz
                0x000000000601e53c                _chkEselUpdStatus
                0x000000000601e570                _CDC_GetActSiz
                0x000000000601e5b4                _CDC_GetSctInfo
                0x000000000601e60c                _CDC_ExeFadSearch
                0x000000000601e640                _CDC_GetFadSearch
 .text          0x000000000601e6a0      0x190 ../sbl/segalib/lib/libsat.a(cdc_bio.o)
                0x000000000601e6a0                _CDC_SetSctLen
                0x000000000601e6d0                _CDC_GetSctData
                0x000000000601e700                _CDC_DelSctData
                0x000000000601e730                _CDC_GetdelSctData
                0x000000000601e760                _CDC_PutSctData
                0x000000000601e790                _CDC_CopySctData
                0x000000000601e7c4                _CDC_MoveSctData
                0x000000000601e7f8                _CDC_GetCopyErr
 .text          0x000000000601e830      0x1a4 ../sbl/segalib/lib/libsat.a(cdc_cfs.o)
                0x000000000601e830                _CDC_ChgDir
                0x000000000601e868                _CDC_ReadDir
                0x000000000601e8a0                _CDC_GetFileScope
                0x000000000601e900                _CDC_TgetFileInfo
                0x000000000601e958                _CDC_ReadFile
                0x000000000601e998                _CDC_AbortFile
 .text          0x000000000601e9d4       0xb0 ../sbl/segalib/lib/libsat.a(csh_main.o)
                0x000000000601e9d4                _CSH_Init
                0x000000000601ea20                _CSH_AllClr
                0x000000000601ea60                _CSH_Purge
 .text          0x000000000601ea84      0x13c ../sbl/segalib/lib/libsat.a(dma_cpu0.o)
                0x000000000601ea84                _DMA_CpuSetComPrm
                0x000000000601eabc                _DMA_CpuSetPrm
                0x000000000601eb70                _DMA_CpuStart
                0x000000000601eb80                _DMA_CpuStop
                0x000000000601eb92                _DMA_CpuAllStop
                0x000000000601eba0                _DMA_CpuGetComStatus
                0x000000000601ebb2                _DMA_CpuGetStatus
 .text          0x000000000601ebc0      0x274 ../sbl/segalib/lib/libsat.a(dma_scu0.o)
                0x000000000601ebc0                _DMA_ScuIntFunc0
                0x000000000601ec20                _DMA_ScuIntFunc1
                0x000000000601ec84                _DMA_ScuIntFunc2
                0x000000000601ece8                _DMA_ScuSetPrm
                0x000000000601ed50                _DMA_ScuStart
                0x000000000601ee08                _DMA_ScuGetStatus
 .text          0x000000000601ee34      0x240 ../sbl/segalib/lib/libsat.a(spr_1c.o)
                0x000000000601ee34                _SPR_SetTvMode
                0x000000000601eeb0                _SPR_GetStatus
                0x000000000601ef04                _SPR_SetEraseData
                0x000000000601ef9c                _SPR_Initial
                0x000000000601f050                _SPR_WaitDrawEnd
                0x000000000601f060                _SPR_SetEosMode
 .text          0x000000000601f074      0x16c ../sbl/segalib/lib/libsat.a(spr_2a.o)
                0x000000000601f074                _SPR_2SetDrawPrty
                0x000000000601f0e4                _SPR_2FlushDrawPrtyBlock
 .text          0x000000000601f1e0       0x52 /opt/toolchains/sh-elf/bin/../lib/gcc/sh-elf/11.1.0/libgcc.a(_ashiftrt.o)
                0x000000000601f1e0                ___ashiftrt_r4_31
                0x000000000601f1e0                ___ashiftrt_r4_32
                0x000000000601f1e6                ___ashiftrt_r4_30
                0x000000000601f1e8                ___ashiftrt_r4_29
                0x000000000601f1ea                ___ashiftrt_r4_28
                0x000000000601f1ec                ___ashiftrt_r4_27
                0x000000000601f1ee                ___ashiftrt_r4_26
                0x000000000601f1f0                ___ashiftrt_r4_25
                0x000000000601f1f2                ___ashiftrt_r4_24
                0x000000000601f1fa                ___ashiftrt_r4_23
                0x000000000601f1fc                ___ashiftrt_r4_22
                0x000000000601f1fe                ___ashiftrt_r4_21
                0x000000000601f200                ___ashiftrt_r4_20
                0x000000000601f202                ___ashiftrt_r4_19
                0x000000000601f204                ___ashiftrt_r4_18
                0x000000000601f206                ___ashiftrt_r4_17
                0x000000000601f208                ___ashiftrt_r4_16
                0x000000000601f20e                ___ashiftrt_r4_15
                0x000000000601f210                ___ashiftrt_r4_14
                0x000000000601f212                ___ashiftrt_r4_13
                0x000000000601f214                ___ashiftrt_r4_12
                0x000000000601f216                ___ashiftrt_r4_11
                0x000000000601f218                ___ashiftrt_r4_10
                0x000000000601f21a                ___ashiftrt_r4_9
                0x000000000601f21c                ___ashiftrt_r4_8
                0x000000000601f21e                ___ashiftrt_r4_7
                0x000000000601f220                ___ashiftrt_r4_6
                0x000000000601f222                ___ashiftrt_r4_5
                0x000000000601f224                ___ashiftrt_r4_4
                0x000000000601f226                ___ashiftrt_r4_3
                0x000000000601f228                ___ashiftrt_r4_2
                0x000000000601f22a                ___ashiftrt_r4_1
                0x000000000601f22e                ___ashiftrt_r4_0
 *fill*         0x000000000601f232        0x2 
 .text          0x000000000601f234       0x80 /opt/toolchains/sh-elf/bin/../lib/gcc/sh-elf/11.1.0/libgcc.a(_ashiftrt_n.o)
                0x000000000601f234                ___ashrsi3
 .text          0x000000000601f2b4       0xbc /opt/toolchains/sh-elf/bin/../lib/gcc/sh-elf/11.1.0/libgcc.a(_ashiftlt.o)
                0x000000000601f2b4                ___ashlsi3
                0x000000000601f2b8                ___ashlsi3_r0
 .text          0x000000000601f370       0x78 /opt/toolchains/sh-elf/bin/../lib/gcc/sh-elf/11.1.0/libgcc.a(_movmem.o)
                0x000000000601f370                ___movmem
                0x000000000601f370                ___movstr
                0x000000000601f3a4                ___movmemSI64
                0x000000000601f3a4                ___movstrSI64
                0x000000000601f3a8                ___movmemSI60
                0x000000000601f3a8                ___movstrSI60
                0x000000000601f3ac                ___movstrSI56
                0x000000000601f3ac                ___movmemSI56
                0x000000000601f3b0                ___movmemSI52
                0x000000000601f3b0                ___movstrSI52
                0x000000000601f3b4                ___movstrSI48
                0x000000000601f3b4                ___movmemSI48
                0x000000000601f3b8                ___movmemSI44
                0x000000000601f3b8                ___movstrSI44
                0x000000000601f3bc                ___movstrSI40
                0x000000000601f3bc                ___movmemSI40
                0x000000000601f3c0                ___movstrSI36
                0x000000000601f3c0                ___movmemSI36
                0x000000000601f3c4                ___movstrSI32
                0x000000000601f3c4                ___movmemSI32
                0x000000000601f3c8                ___movmemSI28
                0x000000000601f3c8                ___movstrSI28
                0x000000000601f3cc                ___movmemSI24
                0x000000000601f3cc                ___movstrSI24
                0x000000000601f3d0                ___movmemSI20
                0x000000000601f3d0                ___movstrSI20
                0x000000000601f3d4                ___movstrSI16
                0x000000000601f3d4                ___movmemSI16
                0x000000000601f3d8                ___movmemSI12
                0x000000000601f3d8                ___movstrSI12
                0x000000000601f3dc                ___movstrSI8
                0x000000000601f3dc                ___movmemSI8
                0x000000000601f3e0                ___movstrSI4
                0x000000000601f3e0                ___movmemSI4
 .text          0x000000000601f3e8       0xa0 /opt/toolchains/sh-elf/bin/../lib/gcc/sh-elf/11.1.0/libgcc.a(_sdivsi3.o)
                0x000000000601f3e8                ___sdivsi3
 .text          0x000000000601f488       0x6c /opt/toolchains/sh-elf/bin/../lib/gcc/sh-elf/11.1.0/libgcc.a(_udivsi3.o)
                0x000000000601f4aa                ___udivsi3
 .text          0x000000000601f4f4      0x208 /opt/toolchains/sh-elf/bin/../lib/gcc/sh-elf/11.1.0/libgcc.a(_mul_df.o)
                0x000000000601f4f4                ___muldf3
 .text          0x000000000601f6fc       0xa8 /opt/toolchains/sh-elf/bin/../lib/gcc/sh-elf/11.1.0/libgcc.a(_si_to_df.o)
                0x000000000601f6fc                ___floatsidf
 .text          0x000000000601f7a4       0xa0 /opt/toolchains/sh-elf/bin/../lib/gcc/sh-elf/11.1.0/libgcc.a(_df_to_si.o)
                0x000000000601f7a4                ___fixdfsi
 .text          0x000000000601f844        0x0 /opt/toolchains/sh-elf/bin/../lib/gcc/sh-elf/11.1.0/libgcc.a(_thenan_df.o)
 .text          0x000000000601f844       0xbc /opt/toolchains/sh-elf/bin/../lib/gcc/sh-elf/11.1.0/libgcc.a(_lshiftrt.o)
                0x000000000601f844                ___lshrsi3
                0x000000000601f848                ___lshrsi3_r0
 .text          0x000000000601f900       0x74 /opt/toolchains/sh-elf/bin/../lib/gcc/sh-elf/11.1.0/libgcc.a(_clzsi2.o)
                0x000000000601f900                ___clzsi2
 .text          0x000000000601f974      0x29c /opt/toolchains/sh-elf/bin/../lib/gcc/sh-elf/11.1.0/libgcc.a(_pack_df.o)
                0x000000000601f974                ___pack_d
 .text          0x000000000601fc10       0xcc /opt/toolchains/sh-elf/bin/../lib/gcc/sh-elf/11.1.0/libgcc.a(_unpack_df.o)
                0x000000000601fc10                ___unpack_d
 .text          0x000000000601fcdc        0x0 /opt/toolchains/sh-elf/bin/../lib/gcc/sh-elf/11.1.0/libgcc.a(_clz.o)
 .text          0x000000000601fcdc       0x64 /opt/toolchains/sh-elf/bin/../lib/gcc/sh-elf/11.1.0/../../../../sh-elf/lib/libc.a(lib_a-memcmp.o)
                0x000000000601fcdc                _memcmp
 .text          0x000000000601fd40       0x94 /opt/toolchains/sh-elf/bin/../lib/gcc/sh-elf/11.1.0/../../../../sh-elf/lib/libc.a(lib_a-memcpy.o)
                0x000000000601fd40                _memcpy
 .text          0x000000000601fdd4       0xcc /opt/toolchains/sh-elf/bin/../lib/gcc/sh-elf/11.1.0/../../../../sh-elf/lib/libc.a(lib_a-memmove.o)
                0x000000000601fdd4                _memmove
 .text          0x000000000601fea0       0x40 /opt/toolchains/sh-elf/bin/../lib/gcc/sh-elf/11.1.0/../../../../sh-elf/lib/libc.a(lib_a-memset.o)
                0x000000000601fea0                _memset
 .text          0x000000000601fee0       0x3c /opt/toolchains/sh-elf/bin/../lib/gcc/sh-elf/11.1.0/../../../../sh-elf/lib/libc.a(lib_a-strcpy.o)
                0x000000000601fee0                _strcpy
 .text          0x000000000601ff1c       0xd0 /opt/toolchains/sh-elf/bin/../lib/gcc/sh-elf/11.1.0/../../../../sh-elf/lib/libc.a(lib_a-strncmp.o)
                0x000000000601ff1c                _strncmp
 .text          0x000000000601ffec       0xd4 /opt/toolchains/sh-elf/bin/../lib/gcc/sh-elf/11.1.0/../../../../sh-elf/lib/libc.a(lib_a-strncpy.o)
                0x000000000601ffec                _strncpy
 *(.rodata*)
 .rodata.str1.4
                0x00000000060200c0        0x7 bg.o
 *fill*         0x00000000060200c7        0x1 
 .rodata        0x00000000060200c8      0x100 crc.o
 .rodata.str1.4
                0x00000000060201c8       0x37 game.o
                                         0x3b (size before relaxing)
 *fill*         0x00000000060201ff        0x1 
 .rodata.str1.4
                0x0000000006020200       0x74 rank.o
                                         0x78 (size before relaxing)
 .rodata        0x0000000006020274       0x28 rank.o
 .rodata.str1.4
                0x000000000602029c        0x9 pcmsys.o
 *fill*         0x00000000060202a5        0x3 
 .rodata        0x00000000060202a8      0x400 pcmsys.o
 .rodata.str1.4
                0x00000000060206a8        0x9 print.o
 *fill*         0x00000000060206b1        0x3 
 .rodata.str1.4
                0x00000000060206b4       0x77 sound.o
                                         0x7b (size before relaxing)
 *fill*         0x000000000602072b        0x1 
 .rodata.str1.4
                0x000000000602072c       0x36 title.o
                                         0x3b (size before relaxing)
 *fill*         0x0000000006020762        0x2 
 .rodata        0x0000000006020764        0xa ../sbl/segalib/lib/libsat.a(gfs.o)
 *fill*         0x000000000602076e        0x2 
 .rodata        0x0000000006020770       0x30 ../sbl/segalib/lib/libsat.a(gfs_buf.o)
 .rodata        0x00000000060207a0       0x2d ../sbl/segalib/lib/libsat.a(gfs_cdf.o)
 *fill*         0x00000000060207cd        0x3 
 .rodata.str1.4
                0x00000000060207d0        0x2 ../sbl/segalib/lib/libsat.a(gfs_dir.o)
                                          0x7 (size before relaxing)
 *fill*         0x00000000060207d2        0x2 
 .rodata        0x00000000060207d4       0x30 ../sbl/segalib/lib/libsat.a(gfs_trn.o)
 .rodata        0x0000000006020804        0xc ../sbl/segalib/lib/libsat.a(dma_scu0.o)
 .rodata        0x0000000006020810       0x20 ../sbl/segalib/lib/libsat.a(spr_1c.o)
 .rodata        0x0000000006020830       0x14 /opt/toolchains/sh-elf/bin/../lib/gcc/sh-elf/11.1.0/libgcc.a(_thenan_df.o)
                0x0000000006020830                ___thenan_df
 .rodata        0x0000000006020844      0x100 /opt/toolchains/sh-elf/bin/../lib/gcc/sh-elf/11.1.0/libgcc.a(_clz.o)
                0x0000000006020844                ___clz_tab
 *(.strings)
                0x0000000006020950                . = ALIGN (0x10)
 *fill*         0x0000000006020944        0xc 
                0x0000000006020950                _etext = ABSOLUTE (.)

.tors           0x0000000006020950        0x0
                0x0000000006020950                ___ctors = .
 *(.ctors)
                0x0000000006020950                ___ctors_end = .
                0x0000000006020950                ___dtors = .
 *(.dtors)
                0x0000000006020950                ___dtors_end = .
                0x0000000006020950                . = ALIGN (0x10)
                0x0000000006020950                _etors = ABSOLUTE (.)

.data           0x0000000006020950      0x8c0
 *(.data)
 .data          0x0000000006020950        0x0 entry.o
 .data          0x0000000006020950        0x0 stack.o
 .data          0x0000000006020950        0x0 vblank.o
 .data          0x0000000006020950        0x0 bg.o
 .data          0x0000000006020950        0x0 cd.o
 .data          0x0000000006020950        0x0 crc.o
 .data          0x0000000006020950        0x0 devcart.o
 .data          0x0000000006020950      0x130 game.o
                0x0000000006020950                _songs
                0x0000000006020964                _ranks
                0x000000000602098c                _gravity
                0x0000000006020a04                _levels
 .data          0x0000000006020a80        0x0 hwram.o
 .data          0x0000000006020a80        0x0 rank.o
 .data          0x0000000006020a80        0xc pcmsys.o
                0x0000000006020a80                _master_volume
                0x0000000006020a84                _scsp_load
                0x0000000006020a88                _m68k_com
 .data          0x0000000006020a8c      0x700 piece.o
                0x0000000006020a8c                _pieces
 .data          0x000000000602118c        0x0 print.o
 .data          0x000000000602118c        0x0 rng.o
 .data          0x000000000602118c       0x34 scroll.o
                0x000000000602118c                _cycleTb
                0x000000000602119c                _charOffsets
                0x00000000060211ac                _vram
 .data          0x00000000060211c0        0x0 sound.o
 .data          0x00000000060211c0       0x18 sprite.o
 .data          0x00000000060211d8        0x0 title.o
 .data          0x00000000060211d8        0x0 main.o
 .data          0x00000000060211d8        0x0 ../sbl/segalib/lib/libsat.a(cdc_cmn.o)
 .data          0x00000000060211d8        0x0 ../sbl/segalib/lib/libsat.a(cdc_drv.o)
 .data          0x00000000060211d8        0x0 ../sbl/segalib/lib/libsat.a(dma_scu1.o)
 .data          0x00000000060211d8        0x0 ../sbl/segalib/lib/libsat.a(gfs.o)
 .data          0x00000000060211d8        0x0 ../sbl/segalib/lib/libsat.a(gfs_buf.o)
 .data          0x00000000060211d8        0x0 ../sbl/segalib/lib/libsat.a(gfs_cdb.o)
 .data          0x00000000060211d8        0x0 ../sbl/segalib/lib/libsat.a(gfs_cdc.o)
 .data          0x00000000060211d8        0x0 ../sbl/segalib/lib/libsat.a(gfs_cdf.o)
 .data          0x00000000060211d8        0x0 ../sbl/segalib/lib/libsat.a(gfs_dir.o)
 .data          0x00000000060211d8        0x0 ../sbl/segalib/lib/libsat.a(gfs_trn.o)
 .data          0x00000000060211d8        0x0 ../sbl/segalib/lib/libsat.a(mth_rand.o)
 .data          0x00000000060211d8        0x0 ../sbl/segalib/lib/libsat.a(mth_fixd.o)
 .data          0x00000000060211d8        0x0 ../sbl/segalib/lib/libsat.a(mth_tri.o)
 .data          0x00000000060211d8        0x3 ../sbl/segalib/lib/libsat.a(per_prt.o)
 .data          0x00000000060211db        0x0 ../sbl/segalib/lib/libsat.a(spr_2c.o)
 *fill*         0x00000000060211db        0x1 
 .data          0x00000000060211dc        0x6 ../sbl/segalib/lib/libsat.a(scl_func.o)
                0x00000000060211dc                _SclRotateTableMode
                0x00000000060211de                _SclDisplayY
                0x00000000060211e0                _SclDisplayX
 .data          0x00000000060211e2        0x0 ../sbl/segalib/lib/libsat.a(scl_fu02.o)
 .data          0x00000000060211e2        0x0 ../sbl/segalib/lib/libsat.a(scl_fu03.o)
 .data          0x00000000060211e2        0x0 ../sbl/segalib/lib/libsat.a(scl_fu04.o)
 *fill*         0x00000000060211e2        0x2 
 .data          0x00000000060211e4       0x18 ../sbl/segalib/lib/libsat.a(scl_pri.o)
                0x00000000060211e4                _SclRealColOffset
                0x00000000060211e8                _SclRealBgColMix
                0x00000000060211ec                _SclRealSpColMix
                0x00000000060211f0                _SclRealBgPriNum
                0x00000000060211f4                _SclRealSpPriNum
                0x00000000060211f8                _SclRealOtherPri
 .data          0x00000000060211fc        0x0 ../sbl/segalib/lib/libsat.a(scl_ro00.o)
 .data          0x00000000060211fc        0x0 ../sbl/segalib/lib/libsat.a(scl_ro03.o)
 .data          0x00000000060211fc        0x0 ../sbl/segalib/lib/libsat.a(scl_back.o)
 .data          0x00000000060211fc        0x8 ../sbl/segalib/lib/libsat.a(scl_vblv.o)
                0x00000000060211fc                _VBInterval
                0x0000000006021200                _SpFrameEraseMode
 .data          0x0000000006021204        0x0 ../sbl/segalib/lib/libsat.a(scl_pr01.o)
 .data          0x0000000006021204        0x0 ../sbl/segalib/lib/libsat.a(scl_pr02.o)
 .data          0x0000000006021204        0x0 ../sbl/segalib/lib/libsat.a(scl_pr03.o)
 .data          0x0000000006021204        0x0 ../sbl/segalib/lib/libsat.a(scl_pr05.o)
 .data          0x0000000006021204        0x0 ../sbl/segalib/lib/libsat.a(scl_pr06.o)
 .data          0x0000000006021204        0x0 ../sbl/segalib/lib/libsat.a(scl_pr07.o)
 .data          0x0000000006021204        0x0 ../sbl/segalib/lib/libsat.a(scl_pr11.o)
 .data          0x0000000006021204        0x0 ../sbl/segalib/lib/libsat.a(scl_pr12.o)
 .data          0x0000000006021204        0x0 ../sbl/segalib/lib/libsat.a(cdc_reg.o)
 .data          0x0000000006021204        0x0 ../sbl/segalib/lib/libsat.a(cdc_sub.o)
 .data          0x0000000006021204        0x0 ../sbl/segalib/lib/libsat.a(cdc_dev.o)
 .data          0x0000000006021204        0x0 ../sbl/segalib/lib/libsat.a(cdc_sel.o)
 .data          0x0000000006021204        0x0 ../sbl/segalib/lib/libsat.a(cdc_bif.o)
 .data          0x0000000006021204        0x0 ../sbl/segalib/lib/libsat.a(cdc_bio.o)
 .data          0x0000000006021204        0x0 ../sbl/segalib/lib/libsat.a(cdc_cfs.o)
 .data          0x0000000006021204        0x0 ../sbl/segalib/lib/libsat.a(csh_main.o)
 .data          0x0000000006021204        0x0 ../sbl/segalib/lib/libsat.a(dma_cpu0.o)
 .data          0x0000000006021204        0x0 ../sbl/segalib/lib/libsat.a(dma_scu0.o)
 .data          0x0000000006021204        0x0 ../sbl/segalib/lib/libsat.a(spr_1c.o)
 .data          0x0000000006021204        0x0 ../sbl/segalib/lib/libsat.a(spr_2a.o)
 .data          0x0000000006021204        0x0 /opt/toolchains/sh-elf/bin/../lib/gcc/sh-elf/11.1.0/libgcc.a(_ashiftrt.o)
 .data          0x0000000006021204        0x0 /opt/toolchains/sh-elf/bin/../lib/gcc/sh-elf/11.1.0/libgcc.a(_ashiftrt_n.o)
 .data          0x0000000006021204        0x0 /opt/toolchains/sh-elf/bin/../lib/gcc/sh-elf/11.1.0/libgcc.a(_ashiftlt.o)
 .data          0x0000000006021204        0x0 /opt/toolchains/sh-elf/bin/../lib/gcc/sh-elf/11.1.0/libgcc.a(_movmem.o)
 .data          0x0000000006021204        0x0 /opt/toolchains/sh-elf/bin/../lib/gcc/sh-elf/11.1.0/libgcc.a(_sdivsi3.o)
 .data          0x0000000006021204        0x0 /opt/toolchains/sh-elf/bin/../lib/gcc/sh-elf/11.1.0/libgcc.a(_udivsi3.o)
 .data          0x0000000006021204        0x0 /opt/toolchains/sh-elf/bin/../lib/gcc/sh-elf/11.1.0/libgcc.a(_mul_df.o)
 .data          0x0000000006021204        0x0 /opt/toolchains/sh-elf/bin/../lib/gcc/sh-elf/11.1.0/libgcc.a(_si_to_df.o)
 .data          0x0000000006021204        0x0 /opt/toolchains/sh-elf/bin/../lib/gcc/sh-elf/11.1.0/libgcc.a(_df_to_si.o)
 .data          0x0000000006021204        0x0 /opt/toolchains/sh-elf/bin/../lib/gcc/sh-elf/11.1.0/libgcc.a(_thenan_df.o)
 .data          0x0000000006021204        0x0 /opt/toolchains/sh-elf/bin/../lib/gcc/sh-elf/11.1.0/libgcc.a(_lshiftrt.o)
 .data          0x0000000006021204        0x0 /opt/toolchains/sh-elf/bin/../lib/gcc/sh-elf/11.1.0/libgcc.a(_clzsi2.o)
 .data          0x0000000006021204        0x0 /opt/toolchains/sh-elf/bin/../lib/gcc/sh-elf/11.1.0/libgcc.a(_pack_df.o)
 .data          0x0000000006021204        0x0 /opt/toolchains/sh-elf/bin/../lib/gcc/sh-elf/11.1.0/libgcc.a(_unpack_df.o)
 .data          0x0000000006021204        0x0 /opt/toolchains/sh-elf/bin/../lib/gcc/sh-elf/11.1.0/libgcc.a(_clz.o)
 .data          0x0000000006021204        0x0 /opt/toolchains/sh-elf/bin/../lib/gcc/sh-elf/11.1.0/../../../../sh-elf/lib/libc.a(lib_a-memcmp.o)
 .data          0x0000000006021204        0x0 /opt/toolchains/sh-elf/bin/../lib/gcc/sh-elf/11.1.0/../../../../sh-elf/lib/libc.a(lib_a-memcpy.o)
 .data          0x0000000006021204        0x0 /opt/toolchains/sh-elf/bin/../lib/gcc/sh-elf/11.1.0/../../../../sh-elf/lib/libc.a(lib_a-memmove.o)
 .data          0x0000000006021204        0x0 /opt/toolchains/sh-elf/bin/../lib/gcc/sh-elf/11.1.0/../../../../sh-elf/lib/libc.a(lib_a-memset.o)
 .data          0x0000000006021204        0x0 /opt/toolchains/sh-elf/bin/../lib/gcc/sh-elf/11.1.0/../../../../sh-elf/lib/libc.a(lib_a-strcpy.o)
 .data          0x0000000006021204        0x0 /opt/toolchains/sh-elf/bin/../lib/gcc/sh-elf/11.1.0/../../../../sh-elf/lib/libc.a(lib_a-strncmp.o)
 .data          0x0000000006021204        0x0 /opt/toolchains/sh-elf/bin/../lib/gcc/sh-elf/11.1.0/../../../../sh-elf/lib/libc.a(lib_a-strncpy.o)
                0x0000000006021210                . = ALIGN (0x10)
 *fill*         0x0000000006021204        0xc 
                0x0000000006021210                _edata = ABSOLUTE (.)

.bss            0x0000000006021210    0x1a000
                0x0000000006021210                _bss_start = .
 *(.bss)
 .bss           0x0000000006021210        0x0 entry.o
 .bss           0x0000000006021210        0x0 stack.o
 .bss           0x0000000006021210       0x34 vblank.o
                0x0000000006021210                _vblank_frames
                0x0000000006021214                _VblankFlg
                0x0000000006021218                _perFlag
                0x000000000602121c                _PadWorkArea
                0x0000000006021238                _PadData2E
                0x000000000602123a                _PadData2L
                0x000000000602123c                _PadData2
                0x000000000602123e                _PadData1E
                0x0000000006021240                _PadData1L
                0x0000000006021242                _PadData1
 .bss           0x0000000006021244      0x858 bg.o
 .bss           0x0000000006021a9c     0x1674 cd.o
 .bss           0x0000000006023110        0x0 crc.o
 .bss           0x0000000006023110        0x0 devcart.o
 .bss           0x0000000006023110      0x450 game.o
                0x0000000006023110                _song
                0x0000000006023114                _boardVram
 .bss           0x0000000006023560    0x13880 hwram.o
                0x0000000006023560                _HWRAM_Buffer
 .bss           0x0000000006036de0        0x8 rank.o
 .bss           0x0000000006036de8        0x2 pcmsys.o
                0x0000000006036de8                _numberPCMs
 .bss           0x0000000006036dea        0x0 piece.o
 .bss           0x0000000006036dea      0x528 print.o
                0x0000000006036dea                _text
 *fill*         0x0000000006037312        0x2 
 .bss           0x0000000006037314        0x8 rng.o
 .bss           0x000000000603731c      0x17c scroll.o
                0x000000000603731c                _scfg
 .bss           0x0000000006037498        0x0 sound.o
 .bss           0x0000000006037498     0x257c sprite.o
                0x0000000006037498                _sprites
                0x0000000006038758                _palCnt
                0x000000000603875c                _tileCount
                0x0000000006038760                _numSprites
 .bss           0x0000000006039a14       0x44 title.o
 .bss           0x0000000006039a58        0x8 main.o
                0x0000000006039a58                _state
                0x0000000006039a5c                _frame
 .bss           0x0000000006039a60        0x0 ../sbl/segalib/lib/libsat.a(cdc_cmn.o)
 .bss           0x0000000006039a60        0x0 ../sbl/segalib/lib/libsat.a(cdc_drv.o)
 .bss           0x0000000006039a60        0xc ../sbl/segalib/lib/libsat.a(dma_scu1.o)
 .bss           0x0000000006039a6c        0xc ../sbl/segalib/lib/libsat.a(gfs.o)
                0x0000000006039a6c                _GFMC_base
                0x0000000006039a70                _gfs_mng_ptr
                0x0000000006039a74                _bobtest
 .bss           0x0000000006039a78        0x0 ../sbl/segalib/lib/libsat.a(gfs_buf.o)
 .bss           0x0000000006039a78        0x0 ../sbl/segalib/lib/libsat.a(gfs_cdb.o)
 .bss           0x0000000006039a78        0x4 ../sbl/segalib/lib/libsat.a(gfs_cdc.o)
                0x0000000006039a78                _gfcd_work
 .bss           0x0000000006039a7c        0x0 ../sbl/segalib/lib/libsat.a(gfs_cdf.o)
 .bss           0x0000000006039a7c        0x0 ../sbl/segalib/lib/libsat.a(gfs_dir.o)
 .bss           0x0000000006039a7c        0xc ../sbl/segalib/lib/libsat.a(gfs_trn.o)
 .bss           0x0000000006039a88        0x4 ../sbl/segalib/lib/libsat.a(mth_rand.o)
 .bss           0x0000000006039a8c        0x0 ../sbl/segalib/lib/libsat.a(mth_fixd.o)
 .bss           0x0000000006039a8c        0x0 ../sbl/segalib/lib/libsat.a(mth_tri.o)
 .bss           0x0000000006039a8c       0x7f ../sbl/segalib/lib/libsat.a(per_prt.o)
                0x0000000006039a8c                _per_set_sys_flg
                0x0000000006039a90                _per_get_sys_data
                0x0000000006039a9c                _per_get_time_adr
                0x0000000006039aa0                _per_hot_res
                0x0000000006039aa1                _per_time_out_flg
 *fill*         0x0000000006039b0b        0x1 
 .bss           0x0000000006039b0c       0x94 ../sbl/segalib/lib/libsat.a(spr_2c.o)
                0x0000000006039b0c                _SpCmdTblR
                0x0000000006039b10                _SpCmdTbl
                0x0000000006039b14                _SpCrCmdChain
                0x0000000006039b18                _SpDrawPrtyBlk
                0x0000000006039b1c                _SpCmdChain
                0x0000000006039b20                _SpCmdChainBlkNo
                0x0000000006039b24                _SpDrawPrtyProcFlag
                0x0000000006039b28                _SpDrawPrtyTopCmdNo
                0x0000000006039b2c                _SpCmdNo
                0x0000000006039b30                _SpDrawPrtyBlkMax
                0x0000000006039b34                _SpCharMax
                0x0000000006039b38                _SpCharTbl
                0x0000000006039b3c                _SpLCoordY
                0x0000000006039b40                _SpLCoordX
                0x0000000006039b44                _Sp2OpenFlag
 .bss           0x0000000006039ba0      0xf1c ../sbl/segalib/lib/libsat.a(scl_func.o)
                0x0000000006039ba0                _SclRPMD
                0x0000000006039ba4                _SclRotateMoveZ
                0x0000000006039bac                _SclRotateDisp
                0x0000000006039bb4                _SclRotateZ
                0x0000000006039bbc                _SclRotateXy
                0x0000000006039bc4                _SclRotateTableAddress
                0x0000000006039bc8                _SclRb
                0x0000000006039bc9                _SclRa
                0x0000000006039bca                _SclRotXySw
                0x0000000006039bd0                _SclRbgKtbOffset
                0x0000000006039bd8                _SclRbgKtbAddr
                0x0000000006039be0                _SclK_TableFlag
                0x0000000006039be4                _SclK_TableNum
                0x0000000006039bec                _SclK_TableBuff
                0x000000000603a8bc                _SclRotregBuff
                0x000000000603a9bc                _Scl_w_reg
                0x000000000603a9dc                _Scl_r_reg
                0x000000000603a9ec                _Scl_n_reg
                0x000000000603aa2c                _Scl_d_reg
                0x000000000603aa74                _Scl_s_reg
                0x000000000603aa9c                _SclProcess
                0x000000000603aaa0                _SclCurSclNum
                0x000000000603aaa4                _SclLengthCsTbl
                0x000000000603aaa6                _SclLengthLsTbl
                0x000000000603aaa8                _SclAddrCsTbl
                0x000000000603aab0                _SclAddrLsTbl
 .bss           0x000000000603aabc        0x0 ../sbl/segalib/lib/libsat.a(scl_fu02.o)
 .bss           0x000000000603aabc        0x0 ../sbl/segalib/lib/libsat.a(scl_fu03.o)
 .bss           0x000000000603aabc        0x0 ../sbl/segalib/lib/libsat.a(scl_fu04.o)
 .bss           0x000000000603aabc      0x696 ../sbl/segalib/lib/libsat.a(scl_pri.o)
                0x000000000603aabc                _SclAutoRGB
                0x000000000603b0bc                _SclAutoPlusFlag
                0x000000000603b0bd                _SclAutoVeFlag
                0x000000000603b0be                _SclAutoEndRate
                0x000000000603b0bf                _SclAutoCurRate
                0x000000000603b0c0                _SclAutoEndBlue2
                0x000000000603b0c2                _SclAutoEndGreen2
                0x000000000603b0c4                _SclAutoEndRed2
                0x000000000603b0c6                _SclAutoEndBlue
                0x000000000603b0c8                _SclAutoEndGreen
                0x000000000603b0ca                _SclAutoEndRed
                0x000000000603b0cc                _SclAutoBlue
                0x000000000603b0ce                _SclAutoGreen
                0x000000000603b0d0                _SclAutoRed
                0x000000000603b0d4                _SclAutoMax
                0x000000000603b0d8                _SclAutoIndex
                0x000000000603b0dc                _SclAutoCount
                0x000000000603b0e0                _SclAutoInterval
                0x000000000603b0e4                _SclAutoSurface
                0x000000000603b0e8                _SclColRamAlloc2048
                0x000000000603b0ec                _SclColRamAlloc256
                0x000000000603b10c                _SclLineColRamOffset
                0x000000000603b110                _SclPriBuffDirty
                0x000000000603b114                _SclColOffset
                0x000000000603b124                _SclBgColMix
                0x000000000603b12c                _SclSpColMix
                0x000000000603b134                _SclBgPriNum
                0x000000000603b13a                _SclSpPriNum
                0x000000000603b142                _SclOtherPri
 *fill*         0x000000000603b152        0x2 
 .bss           0x000000000603b154       0x58 ../sbl/segalib/lib/libsat.a(scl_ro00.o)
                0x000000000603b154                _SclCsy
                0x000000000603b15c                _SclCsx
 .bss           0x000000000603b1ac        0x0 ../sbl/segalib/lib/libsat.a(scl_ro03.o)
 .bss           0x000000000603b1ac        0x0 ../sbl/segalib/lib/libsat.a(scl_back.o)
 .bss           0x000000000603b1ac       0x16 ../sbl/segalib/lib/libsat.a(scl_vblv.o)
                0x000000000603b1ac                _frameChgFlag
                0x000000000603b1b0                _VBIntrDisableDepth
                0x000000000603b1b4                _ReqDisplayFlag2
                0x000000000603b1b8                _ReqDisplayFlag1
                0x000000000603b1bc                _VBIntervalCounter
                0x000000000603b1c0                _SpFrameChgMode
 .bss           0x000000000603b1c2        0x0 ../sbl/segalib/lib/libsat.a(scl_pr01.o)
 .bss           0x000000000603b1c2        0x0 ../sbl/segalib/lib/libsat.a(scl_pr02.o)
 .bss           0x000000000603b1c2        0x0 ../sbl/segalib/lib/libsat.a(scl_pr03.o)
 .bss           0x000000000603b1c2        0x0 ../sbl/segalib/lib/libsat.a(scl_pr05.o)
 .bss           0x000000000603b1c2        0x0 ../sbl/segalib/lib/libsat.a(scl_pr06.o)
 .bss           0x000000000603b1c2        0x0 ../sbl/segalib/lib/libsat.a(scl_pr07.o)
 .bss           0x000000000603b1c2        0x0 ../sbl/segalib/lib/libsat.a(scl_pr11.o)
 .bss           0x000000000603b1c2        0x0 ../sbl/segalib/lib/libsat.a(scl_pr12.o)
 .bss           0x000000000603b1c2        0x2 ../sbl/segalib/lib/libsat.a(cdc_reg.o)
                0x000000000603b1c2                _hirq_flag
 .bss           0x000000000603b1c4        0xc ../sbl/segalib/lib/libsat.a(cdc_sub.o)
                0x000000000603b1c4                _cd_stat
 .bss           0x000000000603b1d0        0x0 ../sbl/segalib/lib/libsat.a(cdc_dev.o)
 .bss           0x000000000603b1d0        0x0 ../sbl/segalib/lib/libsat.a(cdc_sel.o)
 .bss           0x000000000603b1d0        0x0 ../sbl/segalib/lib/libsat.a(cdc_bif.o)
 .bss           0x000000000603b1d0        0x0 ../sbl/segalib/lib/libsat.a(cdc_bio.o)
 .bss           0x000000000603b1d0        0x0 ../sbl/segalib/lib/libsat.a(cdc_cfs.o)
 .bss           0x000000000603b1d0        0x0 ../sbl/segalib/lib/libsat.a(csh_main.o)
 .bss           0x000000000603b1d0        0x0 ../sbl/segalib/lib/libsat.a(dma_cpu0.o)
 .bss           0x000000000603b1d0       0x1c ../sbl/segalib/lib/libsat.a(dma_scu0.o)
 .bss           0x000000000603b1ec       0x20 ../sbl/segalib/lib/libsat.a(spr_1c.o)
                0x000000000603b1ec                _SpDil
                0x000000000603b1ee                _SpDie
                0x000000000603b1f0                _SpFbcrMode
                0x000000000603b1f2                _SpTvMode
                0x000000000603b1f4                _SpScreenY
                0x000000000603b1f8                _SpScreenX
                0x000000000603b1fc                _SpInitialFlag
 .bss           0x000000000603b20c        0x0 ../sbl/segalib/lib/libsat.a(spr_2a.o)
 .bss           0x000000000603b20c        0x0 /opt/toolchains/sh-elf/bin/../lib/gcc/sh-elf/11.1.0/libgcc.a(_ashiftrt.o)
 .bss           0x000000000603b20c        0x0 /opt/toolchains/sh-elf/bin/../lib/gcc/sh-elf/11.1.0/libgcc.a(_ashiftrt_n.o)
 .bss           0x000000000603b20c        0x0 /opt/toolchains/sh-elf/bin/../lib/gcc/sh-elf/11.1.0/libgcc.a(_ashiftlt.o)
 .bss           0x000000000603b20c        0x0 /opt/toolchains/sh-elf/bin/../lib/gcc/sh-elf/11.1.0/libgcc.a(_movmem.o)
 .bss           0x000000000603b20c        0x0 /opt/toolchains/sh-elf/bin/../lib/gcc/sh-elf/11.1.0/libgcc.a(_sdivsi3.o)
 .bss           0x000000000603b20c        0x0 /opt/toolchains/sh-elf/bin/../lib/gcc/sh-elf/11.1.0/libgcc.a(_udivsi3.o)
 .bss           0x000000000603b20c        0x0 /opt/toolchains/sh-elf/bin/../lib/gcc/sh-elf/11.1.0/libgcc.a(_mul_df.o)
 .bss           0x000000000603b20c        0x0 /opt/toolchains/sh-elf/bin/../lib/gcc/sh-elf/11.1.0/libgcc.a(_si_to_df.o)
 .bss           0x000000000603b20c        0x0 /opt/toolchains/sh-elf/bin/../lib/gcc/sh-elf/11.1.0/libgcc.a(_df_to_si.o)
 .bss           0x000000000603b20c        0x0 /opt/toolchains/sh-elf/bin/../lib/gcc/sh-elf/11.1.0/libgcc.a(_thenan_df.o)
 .bss           0x000000000603b20c        0x0 /opt/toolchains/sh-elf/bin/../lib/gcc/sh-elf/11.1.0/libgcc.a(_lshiftrt.o)
 .bss           0x000000000603b20c        0x0 /opt/toolchains/sh-elf/bin/../lib/gcc/sh-elf/11.1.0/libgcc.a(_clzsi2.o)
 .bss           0x000000000603b20c        0x0 /opt/toolchains/sh-elf/bin/../lib/gcc/sh-elf/11.1.0/libgcc.a(_pack_df.o)
 .bss           0x000000000603b20c        0x0 /opt/toolchains/sh-elf/bin/../lib/gcc/sh-elf/11.1.0/libgcc.a(_unpack_df.o)
 .bss           0x000000000603b20c        0x0 /opt/toolchains/sh-elf/bin/../lib/gcc/sh-elf/11.1.0/libgcc.a(_clz.o)
 .bss           0x000000000603b20c        0x0 /opt/toolchains/sh-elf/bin/../lib/gcc/sh-elf/11.1.0/../../../../sh-elf/lib/libc.a(lib_a-memcmp.o)
 .bss           0x000000000603b20c        0x0 /opt/toolchains/sh-elf/bin/../lib/gcc/sh-elf/11.1.0/../../../../sh-elf/lib/libc.a(lib_a-memcpy.o)
 .bss           0x000000000603b20c        0x0 /opt/toolchains/sh-elf/bin/../lib/gcc/sh-elf/11.1.0/../../../../sh-elf/lib/libc.a(lib_a-memmove.o)
 .bss           0x000000000603b20c        0x0 /opt/toolchains/sh-elf/bin/../lib/gcc/sh-elf/11.1.0/../../../../sh-elf/lib/libc.a(lib_a-memset.o)
 .bss           0x000000000603b20c        0x0 /opt/toolchains/sh-elf/bin/../lib/gcc/sh-elf/11.1.0/../../../../sh-elf/lib/libc.a(lib_a-strcpy.o)
 .bss           0x000000000603b20c        0x0 /opt/toolchains/sh-elf/bin/../lib/gcc/sh-elf/11.1.0/../../../../sh-elf/lib/libc.a(lib_a-strncmp.o)
 .bss           0x000000000603b20c        0x0 /opt/toolchains/sh-elf/bin/../lib/gcc/sh-elf/11.1.0/../../../../sh-elf/lib/libc.a(lib_a-strncpy.o)
 *(COMMON)
                0x000000000603b20c                _bss_end = .
                0x000000000603b210                . = ALIGN (0x10)
 *fill*         0x000000000603b20c        0x4 
                0x000000000603b210                _end = ABSOLUTE (.)

.stack          0x000000000603b210     0x2000
 *(.stack)
 .stack         0x000000000603b210     0x2000 stack.o
                0x000000000603b210                _PROG_STK
                0x000000000603d210                _stack = .

.lwram          0x0000000000200000        0x0
                0x0000000000200000                . = ALIGN (0x10)
 *(.lwram)
                0x0000000000200000                . = ALIGN (0x10)
OUTPUT(main.elf elf32-sh)

.debug_info     0x0000000000000000     0x8cc1
 .debug_info    0x0000000000000000      0x4d4 vblank.o
 .debug_info    0x00000000000004d4      0x7a5 bg.o
 .debug_info    0x0000000000000c79      0x937 cd.o
 .debug_info    0x00000000000015b0      0x12d crc.o
 .debug_info    0x00000000000016dd      0x47b devcart.o
 .debug_info    0x0000000000001b58     0x172c game.o
 .debug_info    0x0000000000003284       0x9e hwram.o
 .debug_info    0x0000000000003322      0x69c rank.o
 .debug_info    0x00000000000039be      0x6a5 pcmsys.o
 .debug_info    0x0000000000004063       0x69 piece.o
 .debug_info    0x00000000000040cc      0x3fe print.o
 .debug_info    0x00000000000044ca      0x240 rng.o
 .debug_info    0x000000000000470a      0xf2a scroll.o
 .debug_info    0x0000000000005634      0x49a sound.o
 .debug_info    0x0000000000005ace     0x102c sprite.o
 .debug_info    0x0000000000006afa      0x7ad title.o
 .debug_info    0x00000000000072a7      0x3ec main.o
 .debug_info    0x0000000000007693      0x4d2 /opt/toolchains/sh-elf/bin/../lib/gcc/sh-elf/11.1.0/libgcc.a(_mul_df.o)
 .debug_info    0x0000000000007b65      0x259 /opt/toolchains/sh-elf/bin/../lib/gcc/sh-elf/11.1.0/libgcc.a(_si_to_df.o)
 .debug_info    0x0000000000007dbe      0x2a5 /opt/toolchains/sh-elf/bin/../lib/gcc/sh-elf/11.1.0/libgcc.a(_df_to_si.o)
 .debug_info    0x0000000000008063      0x15b /opt/toolchains/sh-elf/bin/../lib/gcc/sh-elf/11.1.0/libgcc.a(_thenan_df.o)
 .debug_info    0x00000000000081be      0x130 /opt/toolchains/sh-elf/bin/../lib/gcc/sh-elf/11.1.0/libgcc.a(_clzsi2.o)
 .debug_info    0x00000000000082ee      0x298 /opt/toolchains/sh-elf/bin/../lib/gcc/sh-elf/11.1.0/libgcc.a(_pack_df.o)
 .debug_info    0x0000000000008586      0x20c /opt/toolchains/sh-elf/bin/../lib/gcc/sh-elf/11.1.0/libgcc.a(_unpack_df.o)
 .debug_info    0x0000000000008792       0xca /opt/toolchains/sh-elf/bin/../lib/gcc/sh-elf/11.1.0/libgcc.a(_clz.o)
 .debug_info    0x000000000000885c      0x10f /opt/toolchains/sh-elf/bin/../lib/gcc/sh-elf/11.1.0/../../../../sh-elf/lib/libc.a(lib_a-memcmp.o)
 .debug_info    0x000000000000896b      0x130 /opt/toolchains/sh-elf/bin/../lib/gcc/sh-elf/11.1.0/../../../../sh-elf/lib/libc.a(lib_a-memmove.o)
 .debug_info    0x0000000000008a9b       0xf4 /opt/toolchains/sh-elf/bin/../lib/gcc/sh-elf/11.1.0/../../../../sh-elf/lib/libc.a(lib_a-strncmp.o)
 .debug_info    0x0000000000008b8f      0x132 /opt/toolchains/sh-elf/bin/../lib/gcc/sh-elf/11.1.0/../../../../sh-elf/lib/libc.a(lib_a-strncpy.o)

.debug_abbrev   0x0000000000000000     0x31af
 .debug_abbrev  0x0000000000000000      0x1f2 vblank.o
 .debug_abbrev  0x00000000000001f2      0x22e bg.o
 .debug_abbrev  0x0000000000000420      0x25b cd.o
 .debug_abbrev  0x000000000000067b       0xbe crc.o
 .debug_abbrev  0x0000000000000739      0x24f devcart.o
 .debug_abbrev  0x0000000000000988      0x498 game.o
 .debug_abbrev  0x0000000000000e20       0x69 hwram.o
 .debug_abbrev  0x0000000000000e89      0x275 rank.o
 .debug_abbrev  0x00000000000010fe      0x2f6 pcmsys.o
 .debug_abbrev  0x00000000000013f4       0x5a piece.o
 .debug_abbrev  0x000000000000144e      0x1de print.o
 .debug_abbrev  0x000000000000162c      0x1ad rng.o
 .debug_abbrev  0x00000000000017d9      0x332 scroll.o
 .debug_abbrev  0x0000000000001b0b      0x1cf sound.o
 .debug_abbrev  0x0000000000001cda      0x3dc sprite.o
 .debug_abbrev  0x00000000000020b6      0x1e9 title.o
 .debug_abbrev  0x000000000000229f      0x1b6 main.o
 .debug_abbrev  0x0000000000002455      0x278 /opt/toolchains/sh-elf/bin/../lib/gcc/sh-elf/11.1.0/libgcc.a(_mul_df.o)
 .debug_abbrev  0x00000000000026cd      0x1b2 /opt/toolchains/sh-elf/bin/../lib/gcc/sh-elf/11.1.0/libgcc.a(_si_to_df.o)
 .debug_abbrev  0x000000000000287f      0x1b2 /opt/toolchains/sh-elf/bin/../lib/gcc/sh-elf/11.1.0/libgcc.a(_df_to_si.o)
 .debug_abbrev  0x0000000000002a31       0xcf /opt/toolchains/sh-elf/bin/../lib/gcc/sh-elf/11.1.0/libgcc.a(_thenan_df.o)
 .debug_abbrev  0x0000000000002b00       0xca /opt/toolchains/sh-elf/bin/../lib/gcc/sh-elf/11.1.0/libgcc.a(_clzsi2.o)
 .debug_abbrev  0x0000000000002bca      0x1ae /opt/toolchains/sh-elf/bin/../lib/gcc/sh-elf/11.1.0/libgcc.a(_pack_df.o)
 .debug_abbrev  0x0000000000002d78      0x142 /opt/toolchains/sh-elf/bin/../lib/gcc/sh-elf/11.1.0/libgcc.a(_unpack_df.o)
 .debug_abbrev  0x0000000000002eba       0x70 /opt/toolchains/sh-elf/bin/../lib/gcc/sh-elf/11.1.0/libgcc.a(_clz.o)
 .debug_abbrev  0x0000000000002f2a       0x8a /opt/toolchains/sh-elf/bin/../lib/gcc/sh-elf/11.1.0/../../../../sh-elf/lib/libc.a(lib_a-memcmp.o)
 .debug_abbrev  0x0000000000002fb4       0xba /opt/toolchains/sh-elf/bin/../lib/gcc/sh-elf/11.1.0/../../../../sh-elf/lib/libc.a(lib_a-memmove.o)
 .debug_abbrev  0x000000000000306e       0x8c /opt/toolchains/sh-elf/bin/../lib/gcc/sh-elf/11.1.0/../../../../sh-elf/lib/libc.a(lib_a-strncmp.o)
 .debug_abbrev  0x00000000000030fa       0xb5 /opt/toolchains/sh-elf/bin/../lib/gcc/sh-elf/11.1.0/../../../../sh-elf/lib/libc.a(lib_a-strncpy.o)

.debug_aranges  0x0000000000000000      0x380
 .debug_aranges
                0x0000000000000000       0x20 vblank.o
 .debug_aranges
                0x0000000000000020       0x20 bg.o
 .debug_aranges
                0x0000000000000040       0x20 cd.o
 .debug_aranges
                0x0000000000000060       0x20 crc.o
 .debug_aranges
                0x0000000000000080       0x20 devcart.o
 .debug_aranges
                0x00000000000000a0       0x20 game.o
 .debug_aranges
                0x00000000000000c0       0x18 hwram.o
 .debug_aranges
                0x00000000000000d8       0x20 rank.o
 .debug_aranges
                0x00000000000000f8       0x20 pcmsys.o
 .debug_aranges
                0x0000000000000118       0x18 piece.o
 .debug_aranges
                0x0000000000000130       0x20 print.o
 .debug_aranges
                0x0000000000000150       0x20 rng.o
 .debug_aranges
                0x0000000000000170       0x20 scroll.o
 .debug_aranges
                0x0000000000000190       0x20 sound.o
 .debug_aranges
                0x00000000000001b0       0x20 sprite.o
 .debug_aranges
                0x00000000000001d0       0x20 title.o
 .debug_aranges
                0x00000000000001f0       0x20 main.o
 .debug_aranges
                0x0000000000000210       0x20 /opt/toolchains/sh-elf/bin/../lib/gcc/sh-elf/11.1.0/libgcc.a(_mul_df.o)
 .debug_aranges
                0x0000000000000230       0x20 /opt/toolchains/sh-elf/bin/../lib/gcc/sh-elf/11.1.0/libgcc.a(_si_to_df.o)
 .debug_aranges
                0x0000000000000250       0x20 /opt/toolchains/sh-elf/bin/../lib/gcc/sh-elf/11.1.0/libgcc.a(_df_to_si.o)
 .debug_aranges
                0x0000000000000270       0x18 /opt/toolchains/sh-elf/bin/../lib/gcc/sh-elf/11.1.0/libgcc.a(_thenan_df.o)
 .debug_aranges
                0x0000000000000288       0x20 /opt/toolchains/sh-elf/bin/../lib/gcc/sh-elf/11.1.0/libgcc.a(_clzsi2.o)
 .debug_aranges
                0x00000000000002a8       0x20 /opt/toolchains/sh-elf/bin/../lib/gcc/sh-elf/11.1.0/libgcc.a(_pack_df.o)
 .debug_aranges
                0x00000000000002c8       0x20 /opt/toolchains/sh-elf/bin/../lib/gcc/sh-elf/11.1.0/libgcc.a(_unpack_df.o)
 .debug_aranges
                0x00000000000002e8       0x18 /opt/toolchains/sh-elf/bin/../lib/gcc/sh-elf/11.1.0/libgcc.a(_clz.o)
 .debug_aranges
                0x0000000000000300       0x20 /opt/toolchains/sh-elf/bin/../lib/gcc/sh-elf/11.1.0/../../../../sh-elf/lib/libc.a(lib_a-memcmp.o)
 .debug_aranges
                0x0000000000000320       0x20 /opt/toolchains/sh-elf/bin/../lib/gcc/sh-elf/11.1.0/../../../../sh-elf/lib/libc.a(lib_a-memmove.o)
 .debug_aranges
                0x0000000000000340       0x20 /opt/toolchains/sh-elf/bin/../lib/gcc/sh-elf/11.1.0/../../../../sh-elf/lib/libc.a(lib_a-strncmp.o)
 .debug_aranges
                0x0000000000000360       0x20 /opt/toolchains/sh-elf/bin/../lib/gcc/sh-elf/11.1.0/../../../../sh-elf/lib/libc.a(lib_a-strncpy.o)

.debug_line     0x0000000000000000     0x51c9
 .debug_line    0x0000000000000000      0x153 vblank.o
 .debug_line    0x0000000000000153      0x49a bg.o
 .debug_line    0x00000000000005ed      0x13e cd.o
 .debug_line    0x000000000000072b       0xaa crc.o
 .debug_line    0x00000000000007d5      0x3d0 devcart.o
 .debug_line    0x0000000000000ba5     0x1123 game.o
 .debug_line    0x0000000000001cc8       0x58 hwram.o
 .debug_line    0x0000000000001d20      0x301 rank.o
 .debug_line    0x0000000000002021      0x4ce pcmsys.o
 .debug_line    0x00000000000024ef       0x33 piece.o
 .debug_line    0x0000000000002522      0x1db print.o
 .debug_line    0x00000000000026fd      0x155 rng.o
 .debug_line    0x0000000000002852      0x6b9 scroll.o
 .debug_line    0x0000000000002f0b      0x285 sound.o
 .debug_line    0x0000000000003190      0x820 sprite.o
 .debug_line    0x00000000000039b0      0x46a title.o
 .debug_line    0x0000000000003e1a      0x1de main.o
 .debug_line    0x0000000000003ff8      0x2d6 /opt/toolchains/sh-elf/bin/../lib/gcc/sh-elf/11.1.0/libgcc.a(_mul_df.o)
 .debug_line    0x00000000000042ce      0x13d /opt/toolchains/sh-elf/bin/../lib/gcc/sh-elf/11.1.0/libgcc.a(_si_to_df.o)
 .debug_line    0x000000000000440b       0xf6 /opt/toolchains/sh-elf/bin/../lib/gcc/sh-elf/11.1.0/libgcc.a(_df_to_si.o)
 .debug_line    0x0000000000004501       0x50 /opt/toolchains/sh-elf/bin/../lib/gcc/sh-elf/11.1.0/libgcc.a(_thenan_df.o)
 .debug_line    0x0000000000004551       0xad /opt/toolchains/sh-elf/bin/../lib/gcc/sh-elf/11.1.0/libgcc.a(_clzsi2.o)
 .debug_line    0x00000000000045fe      0x30c /opt/toolchains/sh-elf/bin/../lib/gcc/sh-elf/11.1.0/libgcc.a(_pack_df.o)
 .debug_line    0x000000000000490a      0x146 /opt/toolchains/sh-elf/bin/../lib/gcc/sh-elf/11.1.0/libgcc.a(_unpack_df.o)
 .debug_line    0x0000000000004a50       0x52 /opt/toolchains/sh-elf/bin/../lib/gcc/sh-elf/11.1.0/libgcc.a(_clz.o)
 .debug_line    0x0000000000004aa2      0x167 /opt/toolchains/sh-elf/bin/../lib/gcc/sh-elf/11.1.0/../../../../sh-elf/lib/libc.a(lib_a-memcmp.o)
 .debug_line    0x0000000000004c09      0x1ec /opt/toolchains/sh-elf/bin/../lib/gcc/sh-elf/11.1.0/../../../../sh-elf/lib/libc.a(lib_a-memmove.o)
 .debug_line    0x0000000000004df5      0x200 /opt/toolchains/sh-elf/bin/../lib/gcc/sh-elf/11.1.0/../../../../sh-elf/lib/libc.a(lib_a-strncmp.o)
 .debug_line    0x0000000000004ff5      0x1d4 /opt/toolchains/sh-elf/bin/../lib/gcc/sh-elf/11.1.0/../../../../sh-elf/lib/libc.a(lib_a-strncpy.o)

.debug_str      0x0000000000000000     0x1d90
 .debug_str     0x0000000000000000      0x236 vblank.o
                                        0x298 (size before relaxing)
 .debug_str     0x0000000000000236      0x1e3 bg.o
                                        0x2c8 (size before relaxing)
 .debug_str     0x0000000000000419      0x25a cd.o
                                        0x36a (size before relaxing)
 .debug_str     0x0000000000000673       0x3a crc.o
                                        0x121 (size before relaxing)
 .debug_str     0x00000000000006ad      0x118 devcart.o
                                        0x246 (size before relaxing)
 .debug_str     0x00000000000007c5      0x50f game.o
                                        0x652 (size before relaxing)
 .debug_str     0x0000000000000cd4        0x8 hwram.o
                                         0xcd (size before relaxing)
 .debug_str     0x0000000000000cdc       0xa9 rank.o
                                        0x2d7 (size before relaxing)
 .debug_str     0x0000000000000d85      0x161 pcmsys.o
                                        0x302 (size before relaxing)
 .debug_str     0x0000000000000ee6        0x8 piece.o
                                         0x62 (size before relaxing)
 .debug_str     0x0000000000000eee       0x4b print.o
                                        0x1f4 (size before relaxing)
 .debug_str     0x0000000000000f39       0x7c rng.o
                                        0x184 (size before relaxing)
 .debug_str     0x0000000000000fb5      0x355 scroll.o
                                        0x4f8 (size before relaxing)
 .debug_str     0x000000000000130a       0xb8 sound.o
                                        0x20c (size before relaxing)
 .debug_str     0x00000000000013c2      0x328 sprite.o
                                        0x560 (size before relaxing)
 .debug_str     0x00000000000016ea      0x10b title.o
                                        0x337 (size before relaxing)
 .debug_str     0x00000000000017f5      0x152 main.o
                                        0x33d (size before relaxing)
 .debug_str     0x0000000000001947      0x212 /opt/toolchains/sh-elf/bin/../lib/gcc/sh-elf/11.1.0/libgcc.a(_mul_df.o)
                                        0x28a (size before relaxing)
 .debug_str     0x0000000000001b59       0x27 /opt/toolchains/sh-elf/bin/../lib/gcc/sh-elf/11.1.0/libgcc.a(_si_to_df.o)
                                        0x216 (size before relaxing)
 .debug_str     0x0000000000001b80        0xa /opt/toolchains/sh-elf/bin/../lib/gcc/sh-elf/11.1.0/libgcc.a(_df_to_si.o)
                                        0x233 (size before relaxing)
 .debug_str     0x0000000000001b8a      0x1d5 /opt/toolchains/sh-elf/bin/../lib/gcc/sh-elf/11.1.0/libgcc.a(_thenan_df.o)
 .debug_str     0x0000000000001b8a       0x59 /opt/toolchains/sh-elf/bin/../lib/gcc/sh-elf/11.1.0/libgcc.a(_clzsi2.o)
                                        0x198 (size before relaxing)
 .debug_str     0x0000000000001be3        0x7 /opt/toolchains/sh-elf/bin/../lib/gcc/sh-elf/11.1.0/libgcc.a(_pack_df.o)
                                        0x227 (size before relaxing)
 .debug_str     0x0000000000001bea      0x209 /opt/toolchains/sh-elf/bin/../lib/gcc/sh-elf/11.1.0/libgcc.a(_unpack_df.o)
 .debug_str     0x0000000000001bea      0x17b /opt/toolchains/sh-elf/bin/../lib/gcc/sh-elf/11.1.0/libgcc.a(_clz.o)
 .debug_str     0x0000000000001bea       0xa8 /opt/toolchains/sh-elf/bin/../lib/gcc/sh-elf/11.1.0/../../../../sh-elf/lib/libc.a(lib_a-memcmp.o)
                                        0x144 (size before relaxing)
 .debug_str     0x0000000000001c92       0x72 /opt/toolchains/sh-elf/bin/../lib/gcc/sh-elf/11.1.0/../../../../sh-elf/lib/libc.a(lib_a-memmove.o)
                                        0x177 (size before relaxing)
 .debug_str     0x0000000000001d04       0x41 /opt/toolchains/sh-elf/bin/../lib/gcc/sh-elf/11.1.0/../../../../sh-elf/lib/libc.a(lib_a-strncmp.o)
                                        0x146 (size before relaxing)
 .debug_str     0x0000000000001d45       0x4b /opt/toolchains/sh-elf/bin/../lib/gcc/sh-elf/11.1.0/../../../../sh-elf/lib/libc.a(lib_a-strncpy.o)
                                        0x16e (size before relaxing)

.comment        0x0000000000000000       0x12
 .comment       0x0000000000000000       0x12 vblank.o
                                         0x13 (size before relaxing)
 .comment       0x0000000000000012       0x13 bg.o
 .comment       0x0000000000000012       0x13 cd.o
 .comment       0x0000000000000012       0x13 crc.o
 .comment       0x0000000000000012       0x13 devcart.o
 .comment       0x0000000000000012       0x13 game.o
 .comment       0x0000000000000012       0x13 hwram.o
 .comment       0x0000000000000012       0x13 rank.o
 .comment       0x0000000000000012       0x13 pcmsys.o
 .comment       0x0000000000000012       0x13 piece.o
 .comment       0x0000000000000012       0x13 print.o
 .comment       0x0000000000000012       0x13 rng.o
 .comment       0x0000000000000012       0x13 scroll.o
 .comment       0x0000000000000012       0x13 sound.o
 .comment       0x0000000000000012       0x13 sprite.o
 .comment       0x0000000000000012       0x13 title.o
 .comment       0x0000000000000012       0x13 main.o
 .comment       0x0000000000000012       0x13 ../sbl/segalib/lib/libsat.a(cdc_cmn.o)
 .comment       0x0000000000000012       0x13 ../sbl/segalib/lib/libsat.a(cdc_drv.o)
 .comment       0x0000000000000012       0x13 ../sbl/segalib/lib/libsat.a(dma_scu1.o)
 .comment       0x0000000000000012       0x13 ../sbl/segalib/lib/libsat.a(gfs.o)
 .comment       0x0000000000000012       0x13 ../sbl/segalib/lib/libsat.a(gfs_buf.o)
 .comment       0x0000000000000012       0x13 ../sbl/segalib/lib/libsat.a(gfs_cdb.o)
 .comment       0x0000000000000012       0x13 ../sbl/segalib/lib/libsat.a(gfs_cdc.o)
 .comment       0x0000000000000012       0x13 ../sbl/segalib/lib/libsat.a(gfs_cdf.o)
 .comment       0x0000000000000012       0x13 ../sbl/segalib/lib/libsat.a(gfs_dir.o)
 .comment       0x0000000000000012       0x13 ../sbl/segalib/lib/libsat.a(gfs_trn.o)
 .comment       0x0000000000000012       0x13 ../sbl/segalib/lib/libsat.a(mth_rand.o)
 .comment       0x0000000000000012       0x13 ../sbl/segalib/lib/libsat.a(per_prt.o)
 .comment       0x0000000000000012       0x13 ../sbl/segalib/lib/libsat.a(spr_2c.o)
 .comment       0x0000000000000012       0x13 ../sbl/segalib/lib/libsat.a(scl_func.o)
 .comment       0x0000000000000012       0x13 ../sbl/segalib/lib/libsat.a(scl_fu02.o)
 .comment       0x0000000000000012       0x13 ../sbl/segalib/lib/libsat.a(scl_fu03.o)
 .comment       0x0000000000000012       0x13 ../sbl/segalib/lib/libsat.a(scl_fu04.o)
 .comment       0x0000000000000012       0x13 ../sbl/segalib/lib/libsat.a(scl_pri.o)
 .comment       0x0000000000000012       0x13 ../sbl/segalib/lib/libsat.a(scl_ro00.o)
 .comment       0x0000000000000012       0x13 ../sbl/segalib/lib/libsat.a(scl_ro03.o)
 .comment       0x0000000000000012       0x13 ../sbl/segalib/lib/libsat.a(scl_back.o)
 .comment       0x0000000000000012       0x13 ../sbl/segalib/lib/libsat.a(scl_vblv.o)
 .comment       0x0000000000000012       0x13 ../sbl/segalib/lib/libsat.a(scl_pr01.o)
 .comment       0x0000000000000012       0x13 ../sbl/segalib/lib/libsat.a(scl_pr02.o)
 .comment       0x0000000000000012       0x13 ../sbl/segalib/lib/libsat.a(scl_pr03.o)
 .comment       0x0000000000000012       0x13 ../sbl/segalib/lib/libsat.a(scl_pr05.o)
 .comment       0x0000000000000012       0x13 ../sbl/segalib/lib/libsat.a(scl_pr06.o)
 .comment       0x0000000000000012       0x13 ../sbl/segalib/lib/libsat.a(scl_pr07.o)
 .comment       0x0000000000000012       0x13 ../sbl/segalib/lib/libsat.a(scl_pr11.o)
 .comment       0x0000000000000012       0x13 ../sbl/segalib/lib/libsat.a(scl_pr12.o)
 .comment       0x0000000000000012       0x13 ../sbl/segalib/lib/libsat.a(cdc_reg.o)
 .comment       0x0000000000000012       0x13 ../sbl/segalib/lib/libsat.a(cdc_sub.o)
 .comment       0x0000000000000012       0x13 ../sbl/segalib/lib/libsat.a(cdc_dev.o)
 .comment       0x0000000000000012       0x13 ../sbl/segalib/lib/libsat.a(cdc_sel.o)
 .comment       0x0000000000000012       0x13 ../sbl/segalib/lib/libsat.a(cdc_bif.o)
 .comment       0x0000000000000012       0x13 ../sbl/segalib/lib/libsat.a(cdc_bio.o)
 .comment       0x0000000000000012       0x13 ../sbl/segalib/lib/libsat.a(cdc_cfs.o)
 .comment       0x0000000000000012       0x13 ../sbl/segalib/lib/libsat.a(csh_main.o)
 .comment       0x0000000000000012       0x13 ../sbl/segalib/lib/libsat.a(dma_cpu0.o)
 .comment       0x0000000000000012       0x13 ../sbl/segalib/lib/libsat.a(dma_scu0.o)
 .comment       0x0000000000000012       0x13 ../sbl/segalib/lib/libsat.a(spr_1c.o)
 .comment       0x0000000000000012       0x13 /opt/toolchains/sh-elf/bin/../lib/gcc/sh-elf/11.1.0/libgcc.a(_mul_df.o)
 .comment       0x0000000000000012       0x13 /opt/toolchains/sh-elf/bin/../lib/gcc/sh-elf/11.1.0/libgcc.a(_si_to_df.o)
 .comment       0x0000000000000012       0x13 /opt/toolchains/sh-elf/bin/../lib/gcc/sh-elf/11.1.0/libgcc.a(_df_to_si.o)
 .comment       0x0000000000000012       0x13 /opt/toolchains/sh-elf/bin/../lib/gcc/sh-elf/11.1.0/libgcc.a(_thenan_df.o)
 .comment       0x0000000000000012       0x13 /opt/toolchains/sh-elf/bin/../lib/gcc/sh-elf/11.1.0/libgcc.a(_clzsi2.o)
 .comment       0x0000000000000012       0x13 /opt/toolchains/sh-elf/bin/../lib/gcc/sh-elf/11.1.0/libgcc.a(_pack_df.o)
 .comment       0x0000000000000012       0x13 /opt/toolchains/sh-elf/bin/../lib/gcc/sh-elf/11.1.0/libgcc.a(_unpack_df.o)
 .comment       0x0000000000000012       0x13 /opt/toolchains/sh-elf/bin/../lib/gcc/sh-elf/11.1.0/libgcc.a(_clz.o)
 .comment       0x0000000000000012       0x13 /opt/toolchains/sh-elf/bin/../lib/gcc/sh-elf/11.1.0/../../../../sh-elf/lib/libc.a(lib_a-memcmp.o)
 .comment       0x0000000000000012       0x13 /opt/toolchains/sh-elf/bin/../lib/gcc/sh-elf/11.1.0/../../../../sh-elf/lib/libc.a(lib_a-memmove.o)
 .comment       0x0000000000000012       0x13 /opt/toolchains/sh-elf/bin/../lib/gcc/sh-elf/11.1.0/../../../../sh-elf/lib/libc.a(lib_a-strncmp.o)
 .comment       0x0000000000000012       0x13 /opt/toolchains/sh-elf/bin/../lib/gcc/sh-elf/11.1.0/../../../../sh-elf/lib/libc.a(lib_a-strncpy.o)

.debug_frame    0x0000000000000000     0x1114
 .debug_frame   0x0000000000000000       0x84 vblank.o
 .debug_frame   0x0000000000000084       0xfc bg.o
 .debug_frame   0x0000000000000180       0x78 cd.o
 .debug_frame   0x00000000000001f8       0x20 crc.o
 .debug_frame   0x0000000000000218       0x98 devcart.o
 .debug_frame   0x00000000000002b0      0x28c game.o
 .debug_frame   0x000000000000053c       0x94 rank.o
 .debug_frame   0x00000000000005d0      0x174 pcmsys.o
 .debug_frame   0x0000000000000744       0xc4 print.o
 .debug_frame   0x0000000000000808       0x80 rng.o
 .debug_frame   0x0000000000000888      0x250 scroll.o
 .debug_frame   0x0000000000000ad8       0x84 sound.o
 .debug_frame   0x0000000000000b5c      0x224 sprite.o
 .debug_frame   0x0000000000000d80       0xb4 title.o
 .debug_frame   0x0000000000000e34       0x4c main.o
 .debug_frame   0x0000000000000e80       0x98 /opt/toolchains/sh-elf/bin/../lib/gcc/sh-elf/11.1.0/libgcc.a(_mul_df.o)
 .debug_frame   0x0000000000000f18       0x3c /opt/toolchains/sh-elf/bin/../lib/gcc/sh-elf/11.1.0/libgcc.a(_si_to_df.o)
 .debug_frame   0x0000000000000f54       0x48 /opt/toolchains/sh-elf/bin/../lib/gcc/sh-elf/11.1.0/libgcc.a(_df_to_si.o)
 .debug_frame   0x0000000000000f9c       0x38 /opt/toolchains/sh-elf/bin/../lib/gcc/sh-elf/11.1.0/libgcc.a(_clzsi2.o)
 .debug_frame   0x0000000000000fd4       0x6c /opt/toolchains/sh-elf/bin/../lib/gcc/sh-elf/11.1.0/libgcc.a(_pack_df.o)
 .debug_frame   0x0000000000001040       0x20 /opt/toolchains/sh-elf/bin/../lib/gcc/sh-elf/11.1.0/libgcc.a(_unpack_df.o)
 .debug_frame   0x0000000000001060       0x20 /opt/toolchains/sh-elf/bin/../lib/gcc/sh-elf/11.1.0/../../../../sh-elf/lib/libc.a(lib_a-memcmp.o)
 .debug_frame   0x0000000000001080       0x20 /opt/toolchains/sh-elf/bin/../lib/gcc/sh-elf/11.1.0/../../../../sh-elf/lib/libc.a(lib_a-memmove.o)
 .debug_frame   0x00000000000010a0       0x30 /opt/toolchains/sh-elf/bin/../lib/gcc/sh-elf/11.1.0/../../../../sh-elf/lib/libc.a(lib_a-strncmp.o)
 .debug_frame   0x00000000000010d0       0x44 /opt/toolchains/sh-elf/bin/../lib/gcc/sh-elf/11.1.0/../../../../sh-elf/lib/libc.a(lib_a-strncpy.o)

.debug_loclists