Archive member included to satisfy reference by file (symbol)

../sbl/segalib/lib/libsat.a(cdc_cmn.o)
                              main.o (_CDC_GetPeriStat)
../sbl/segalib/lib/libsat.a(cdc_drv.o)
                              sound.o (_CDC_CdPlay)
../sbl/segalib/lib/libsat.a(dma_scu1.o)
                              main.o (_DMA_ScuInit)
../sbl/segalib/lib/libsat.a(gfs.o)
                              cd.o (_GFS_SetDir)
../sbl/segalib/lib/libsat.a(gfs_buf.o)
                              ../sbl/segalib/lib/libsat.a(gfs.o) (_GFBF_GetNumData)
../sbl/segalib/lib/libsat.a(gfs_cdb.o)
                              ../sbl/segalib/lib/libsat.a(gfs.o) (_GFCB_Close)
../sbl/segalib/lib/libsat.a(gfs_cdc.o)
                              ../sbl/segalib/lib/libsat.a(gfs_cdb.o) (_GFCD_AllocFilt)
../sbl/segalib/lib/libsat.a(gfs_cdf.o)
                              ../sbl/segalib/lib/libsat.a(gfs.o) (_GFCF_Init)
../sbl/segalib/lib/libsat.a(gfs_dir.o)
                              ../sbl/segalib/lib/libsat.a(gfs.o) (_GFDR_NameToId)
../sbl/segalib/lib/libsat.a(gfs_trn.o)
                              ../sbl/segalib/lib/libsat.a(gfs.o) (_GFTR_Setup)
../sbl/segalib/lib/libsat.a(mth_rand.o)
                              rng.o (_MTH_InitialRand)
../sbl/segalib/lib/libsat.a(mth_fixd.o)
                              sprite.o (_MTH_Mul)
../sbl/segalib/lib/libsat.a(mth_tri.o)
                              sprite.o (_MTH_Sin)
../sbl/segalib/lib/libsat.a(per_prt.o)
                              vblank.o (_PER_Init)
../sbl/segalib/lib/libsat.a(spr_2c.o)
                              sprite.o (_SPR_2SetTvMode)
../sbl/segalib/lib/libsat.a(scl_func.o)
                              scroll.o (_Scl_n_reg)
../sbl/segalib/lib/libsat.a(scl_fu02.o)
                              scroll.o (_SCL_InitVramConfigTb)
../sbl/segalib/lib/libsat.a(scl_fu03.o)
                              scroll.o (_SCL_InitConfigTb)
../sbl/segalib/lib/libsat.a(scl_fu04.o)
                              scroll.o (_SCL_SetCycleTable)
../sbl/segalib/lib/libsat.a(scl_pri.o)
                              ../sbl/segalib/lib/libsat.a(scl_func.o) (_SCL_PriorityInit)
../sbl/segalib/lib/libsat.a(scl_ro00.o)
                              scroll.o (_SCL_InitRotateTable)
../sbl/segalib/lib/libsat.a(scl_ro03.o)
                              bg.o (_SCL_RotateTo)
../sbl/segalib/lib/libsat.a(scl_back.o)
                              scroll.o (_SCL_SetBack)
../sbl/segalib/lib/libsat.a(scl_vblv.o)
                              ../sbl/segalib/lib/libsat.a(spr_2c.o) (_SCL_SetFrameInterval)
../sbl/segalib/lib/libsat.a(scl_pr01.o)
                              sprite.o (_SCL_SetSpriteMode)
../sbl/segalib/lib/libsat.a(scl_pr02.o)
                              scroll.o (_SCL_SetColRam)
../sbl/segalib/lib/libsat.a(scl_pr03.o)
                              scroll.o (_SCL_AllocColRam)
../sbl/segalib/lib/libsat.a(scl_pr05.o)
                              ../sbl/segalib/lib/libsat.a(scl_pr02.o) (_SCL_GetColRamOffset)
../sbl/segalib/lib/libsat.a(scl_pr06.o)
                              ../sbl/segalib/lib/libsat.a(scl_pr03.o) (_SCL_SetColRamOffset)
../sbl/segalib/lib/libsat.a(scl_pr07.o)
                              scroll.o (_SCL_SetPriority)
../sbl/segalib/lib/libsat.a(scl_pr11.o)
                              bg.o (_SCL_SetAutoColOffset)
../sbl/segalib/lib/libsat.a(scl_pr12.o)
                              bg.o (_SCL_SetColOffset)
../sbl/segalib/lib/libsat.a(cdc_reg.o)
                              ../sbl/segalib/lib/libsat.a(gfs_cdb.o) (_CDC_GetDataPtr)
../sbl/segalib/lib/libsat.a(cdc_sub.o)
                              ../sbl/segalib/lib/libsat.a(cdc_cmn.o) (_CDSUB_GetCdstat)
../sbl/segalib/lib/libsat.a(cdc_dev.o)
                              ../sbl/segalib/lib/libsat.a(gfs_cdc.o) (_CDC_CdSetCon)
../sbl/segalib/lib/libsat.a(cdc_sel.o)
                              ../sbl/segalib/lib/libsat.a(gfs_cdc.o) (_CDC_SetFiltRange)
../sbl/segalib/lib/libsat.a(cdc_bif.o)
                              ../sbl/segalib/lib/libsat.a(gfs_cdc.o) (_CDC_GetBufSiz)
../sbl/segalib/lib/libsat.a(cdc_bio.o)
                              ../sbl/segalib/lib/libsat.a(gfs_cdc.o) (_CDC_SetSctLen)
../sbl/segalib/lib/libsat.a(cdc_cfs.o)
                              ../sbl/segalib/lib/libsat.a(gfs_cdc.o) (_CDC_ChgDir)
../sbl/segalib/lib/libsat.a(csh_main.o)
                              ../sbl/segalib/lib/libsat.a(dma_scu1.o) (_CSH_Purge)
../sbl/segalib/lib/libsat.a(dma_cpu0.o)
                              ../sbl/segalib/lib/libsat.a(gfs_trn.o) (_DMA_CpuSetComPrm)
../sbl/segalib/lib/libsat.a(dma_scu0.o)
                              ../sbl/segalib/lib/libsat.a(dma_scu1.o) (_DMA_ScuSetPrm)
../sbl/segalib/lib/libsat.a(spr_1c.o)
                              ../sbl/segalib/lib/libsat.a(spr_2c.o) (_SPR_SetTvMode)
../sbl/segalib/lib/libsat.a(spr_2a.o)
                              ../sbl/segalib/lib/libsat.a(spr_2c.o) (_SPR_2SetDrawPrty)
/opt/toolchains/sh-elf/bin/../lib/gcc/sh-elf/11.1.0/libgcc.a(_ashiftrt.o)
[...]
Memory Configuration

Name             Origin             Length             Attributes
*default*        0x0000000000000000 0xffffffffffffffff

Linker script and memory map

LOAD entry.o
LOAD stack.o
LOAD vblank.o
LOAD bg.o
LOAD cd.o
LOAD crc.o
LOAD devcart.o
LOAD game.o
LOAD hwram.o
LOAD rank.o
LOAD pcmsys.o
LOAD piece.o
LOAD print.o
LOAD rng.o
LOAD scroll.o
LOAD sound.o
LOAD sprite.o
LOAD main.o
LOAD ../sbl/segalib/lib/libsat.a
LOAD /opt/toolchains/sh-elf/bin/../lib/gcc/sh-elf/11.1.0/libgcc.a
LOAD /opt/toolchains/sh-elf/bin/../lib/gcc/sh-elf/11.1.0/libgcc-Os-4-200.a
LOAD /opt/toolchains/sh-elf/bin/../lib/gcc/sh-elf/11.1.0/../../../../sh-elf/lib/libc.a
LOAD /opt/toolchains/sh-elf/bin/../lib/gcc/sh-elf/11.1.0/libgcc.a
LOAD /opt/toolchains/sh-elf/bin/../lib/gcc/sh-elf/11.1.0/libgcc-Os-4-200.a

.entry          0x0000000006010000       0x60
 *(.entry)
 .entry         0x0000000006010000       0x50 entry.o
                0x0000000006010000                _entry
                0x0000000006010060                . = ALIGN (0x20)
 *fill*         0x0000000006010050       0x10 
                0x0000000006010060                _eentry = ABSOLUTE (.)

.text           0x0000000006010060    0x102b0
 *(.text*)
 .text          0x0000000006010060        0x0 entry.o
 .text          0x0000000006010060        0x0 stack.o
 .text          0x0000000006010060      0x148 vblank.o
                0x0000000006010060                _CheckVblankEnd
                0x0000000006010070                _UsrVblankIn
                0x0000000006010088                _UsrVblankOut
                0x0000000006010118                _SetVblank
 .text          0x00000000060101a8      0x3b4 bg.o
                0x00000000060101a8                _BG_Init
                0x000000000601032c                _BG_Run
                0x0000000006010520                _BG_Next
 .text          0x000000000601055c       0xdc cd.o
                0x000000000601055c                _CD_Init
                0x0000000006010584                _CD_ChangeDir
                0x00000000060105c4                _CD_Load
 .text          0x0000000006010638       0x20 crc.o
                0x0000000006010638                _crc_update
 .text          0x0000000006010658      0x1d4 devcart.o
                0x00000000060106ac                _Devcart_LoadFile
                0x0000000006010778                _Devcart_PrintStr
                0x00000000060107b0                _Devcart_Reset
                0x00000000060107f4                _Devcart_ChangeDir
 .text          0x000000000601082c     0x1048 game.o
                0x0000000006010c74                _Game_Init
                0x0000000006010f88                _Game_Run
 .text          0x0000000006011874        0x0 hwram.o
 .text          0x0000000006011874      0x1a0 rank.o
                0x0000000006011874                _Rank_Setup
                0x0000000006011880                _Rank_Init
                0x0000000006011950                _Rank_Run
 .text          0x0000000006011a14      0x35c pcmsys.o
                0x0000000006011a14                _smpc_wait_till_ready
                0x0000000006011a28                _smpc_issue_command
                0x0000000006011a3c                _load_driver_binary
                0x0000000006011ab0                _load_drv
                0x0000000006011ae8                _calculate_bytes_per_blank
                0x0000000006011b18                _load_16bit_pcm
                0x0000000006011c14                _load_8bit_pcm
                0x0000000006011d0c                _pcm_play
                0x0000000006011d30                _pcm_parameter_change
                0x0000000006011d4c                _pcm_cease
 .text          0x0000000006011d70        0x0 piece.o
 .text          0x0000000006011d70      0x154 print.o
                0x0000000006011d70                _Print_Load
                0x0000000006011d80                _Print_Init
                0x0000000006011d98                _Print_Num
                0x0000000006011ddc                _Print_String
                0x0000000006011e34                _Print_Display
 .text          0x0000000006011ec4       0xf4 rng.o
                0x0000000006011ec4                _RNG_Init
                0x0000000006011f18                _RNG_Get
 .text          0x0000000006011fb8      0x5ac scroll.o
                0x0000000006011fb8                _Scroll_Init
                0x0000000006012248                _Scroll_TilePtr
                0x000000000601229c                _Scroll_LoadTile
                0x000000000601231c                _Scroll_MapPtr
                0x0000000006012354                _Scroll_Scale
                0x00000000060123f0                _Scroll_Set
                0x0000000006012430                _Scroll_Move
                0x0000000006012470                _Scroll_ClearMaps
                0x00000000060124b4                _Scroll_ClearVram
                0x00000000060124d0                _Scroll_CharSize
                0x0000000006012504                _Scroll_Enable
                0x0000000006012534                _Scroll_MapSize
 .text          0x0000000006012564      0x204 sound.o
                0x0000000006012564                _Sound_CDVolume
                0x0000000006012650                _Sound_Init
                0x0000000006012718                _Sound_CDDA
                0x0000000006012758                _Sound_Play
 .text          0x0000000006012768      0x60c sprite.o
                0x0000000006012768                _Sprite_Init
                0x00000000060127fc                _Sprite_Clear
                0x0000000006012818                _Sprite_Load
                0x0000000006012a04                _Sprite_StartDraw
                0x0000000006012a34                _Sprite_Draw
                0x0000000006012c4c                _Sprite_Make
                0x0000000006012c78                _Sprite_DrawAll
                0x0000000006012cc4                _Sprite_Next
                0x0000000006012d08                _Sprite_ListAdd
                0x0000000006012d1c                _Sprite_ListRemove
                0x0000000006012d40                _Sprite_Delete
                0x0000000006012d54                _Sprite_DeleteAll
 .text          0x0000000006012d74        0x0 main.o
 .text.startup  0x0000000006012d74      0x138 main.o
                0x0000000006012d74                _main
 .text          0x0000000006012eac      0x354 ../sbl/segalib/lib/libsat.a(cdc_cmn.o)
                0x0000000006012eac                _CDC_GetCurStat
                0x0000000006012ef0                _CDC_GetLastStat
                0x0000000006012efc                _getPeriRsp
                0x0000000006012f84                _CDC_GetPeriStat
                0x0000000006012fc8                _CDC_GetHwInfo
                0x0000000006013020                _CDC_TgetToc
                0x0000000006013078                _CDC_GetSes
                0x00000000060130b0                _CDC_CdInit
                0x0000000006013128                _CDC_CdOpen
                0x0000000006013150                _CDC_DataEnd
                0x00000000060131a4                _CDC_DataReady
 .text          0x0000000006013200      0x108 ../sbl/segalib/lib/libsat.a(cdc_drv.o)
                0x0000000006013200                _analyPos
                0x0000000006013250                _CDC_CdPlay
                0x00000000060132a4                _CDC_CdSeek
                0x00000000060132dc                _CDC_CdScan
 .text          0x0000000006013308      0x198 ../sbl/segalib/lib/libsat.a(dma_scu1.o)
                0x0000000006013308                _DMA_ScuInit
                0x0000000006013344                _DMA_ScuMemCopy
                0x0000000006013408                _DMA_ScuResult
 .text          0x00000000060134a0     0x1610 ../sbl/segalib/lib/libsat.a(gfs.o)
                0x00000000060134a0                _gfs_recovRdErr
                0x00000000060134c8                _GFS_SetErrFunc
                0x00000000060134ec                _GFS_GetErrStat
                0x000000000601350c                _gfs_mngSetupFuncTbl
                0x0000000006013538                _gfs_mngInitWork
                0x00000000060135b8                _gfs_mngGetNumFile
                0x0000000006013610                _GFS_mngAllocGrp
                0x0000000006013650                _gfs_mngFreeGrp
                0x0000000006013656                _gfs_mngTermAccess
                0x00000000060136c0                _gfs_mngSetErrCode
                0x00000000060136f0                _GFS_SetDir
                0x0000000006013754                _GFS_NameToId
                0x00000000060137a4                _GFS_IdToName
                0x0000000006013800                _GFS_Tell
                0x0000000006013840                _GFS_NwIsComplete
                0x0000000006013868                _GFS_CdMovePickup
                0x00000000060138c8                _GFS_GetDirInfo
                0x0000000006013940                _gfs_svrSearchHndl
                0x0000000006013974                _gfs_svrAddHndl
                0x00000000060139a8                _gfs_svrRemoveHndl
                0x0000000006013a1c                _GFS_NwStop
                0x0000000006013a74                _GFS_OpenSub
                0x0000000006013abc                _GFS_Open
                0x0000000006013b60                _GFS_GetFad
                0x0000000006013ba4                _gfs_SetSct
                0x0000000006013bd0                _GFS_NwCdRead
                0x0000000006013c54                _gfs_GetFinfo
                0x0000000006013ca2                _GFS_GetFileSize
                0x0000000006013d04                _GFS_Seek
                0x0000000006013db8                _GFS_IsEof
                0x0000000006013e18                _GFS_ByteToSct
                0x0000000006013e74                _GFS_GetFileInfo
                0x0000000006013ee8                _GFS_NwFread
                0x0000000006013ffc                _GFS_NwGetStat
                0x0000000006014070                _GFS_SetGmode
                0x00000000060140d4                _GFS_SetTmode
                0x0000000006014148                _GFS_SetReadPara
                0x00000000060141ac                _GFS_SetTransPara
                0x0000000006014220                _gfs_transData
                0x00000000060142b0                _gfs_closeSub
                0x00000000060142e0                _GFS_Close
                0x0000000006014318                _GFS_LoadDir
                0x00000000060143b4                _gfs_getGmode
                0x00000000060143ba                _gfs_isTaskDone
                0x0000000006014404                _gfs_convFinStat
                0x0000000006014468                _gfs_flowIn
                0x00000000060144e8                _GFS_NwExecOne
                0x0000000006014578                _GFS_Fread
                0x00000000060146c0                _GFS_Load
                0x0000000006014788                _gfs_loadVol
                0x000000000601484c                _gfs_getRootDir
                0x00000000060148d4                _gfs_loadRootDir
                0x000000000601495c                _GFS_Init
                0x0000000006014a48                _GFS_NwExecServer
 .text          0x0000000006014ab0       0x6c ../sbl/segalib/lib/libsat.a(gfs_buf.o)
                0x0000000006014ab0                _GFBF_GetTranData
                0x0000000006014ac4                _GFBF_GetNumData
                0x0000000006014adc                _GFBF_GetSrcPk
                0x0000000006014af0                _GFBF_GetSctData
                0x0000000006014b04                _GFBF_RtnPk
                0x0000000006014b18                _gfbf_getSctDt
 .text          0x0000000006014b1c      0x484 ../sbl/segalib/lib/libsat.a(gfs_cdb.o)
                0x0000000006014b1c                _GFCB_Setup
                0x0000000006014be0                _GFCB_Close
                0x0000000006014c00                _GFCB_GetLenData
                0x0000000006014c94                _GFCB_GetLenRoom
                0x0000000006014c98                _GFCB_SetFilt
                0x0000000006014cf0                _GFCB_DeleteAllData
                0x0000000006014d0c                _GFCB_Tell
                0x0000000006014d14                _GFCB_Seek
                0x0000000006014df8                _GFCB_GetSrcPack
                0x0000000006014ec0                _GFCB_GetSctData
                0x0000000006014eec                _GFCB_GetDstPack
                0x0000000006014ef0                _GFCB_RtnPk
                0x0000000006014f30                _GFCB_MovePickup
                0x0000000006014f40                _GFCB_SetCon
                0x0000000006014f68                _GFCB_GetPickup
                0x0000000006014f88                _GFCB_IsPuOwner
                0x0000000006014f94                _GFCB_UngetPickup
 .text          0x0000000006014fa0     0x1504 ../sbl/segalib/lib/libsat.a(gfs_cdc.o)
                0x0000000006014fa0                _GFCD_AllocFilt
                0x0000000006014fd0                _GFCD_FreeFilt
                0x0000000006014ff8                _GFCD_AllocBuf
                0x0000000006015024                _GFCD_GetBaseFad
                0x0000000006015050                _GFCD_GetPickup
                0x0000000006015074                _GFCD_UngetPickup
                0x0000000006015098                _GFCD_IsPuOwner
                0x00000000060150b0                _GFCD_CheckDelSctData
                0x00000000060150d8                _GFCD_CheckMove
                0x00000000060150f0                _gfcd_isIdleTask
                0x0000000006015154                _GFCD_SetTimer
                0x0000000006015160                _gfcd_checkEflag
                0x000000000601517c                _gfcd_initCdbMng
                0x00000000060151e4                _gfcd_setStat
                0x0000000006015208                _GFCD_GetFilt
                0x000000000601524c                _GFCD_EndData
                0x0000000006015290                _GFCD_GetSctInfo
                0x00000000060152d4                _GFCD_GetFileInfo
                0x000000000601539c                _GFCD_GetBufSiz
                0x00000000060153cc                _gfcd_doSetFiltTsk
                0x0000000006015538                _GFCD_SetFilt
                0x00000000060155d0                _gfcd_doSetConTsk
                0x0000000006015648                _GFCD_SetCon
                0x0000000006015694                _gfcd_doGetLenDataTsk
                0x0000000006015794                _GFCD_GetLenData
                0x00000000060157d8                _gfcd_doReqDataTsk
                0x000000000601584c                _GFCD_ReqData
                0x0000000006015894                _gfcd_doDelSctDataTsk
                0x00000000060159a0                _GFCD_DelSctData
                0x00000000060159ec                _gfcd_doMoveSctTsk
                0x0000000006015b08                _GFCD_MoveSctData
                0x0000000006015b64                _gfcd_doSetFiltConTsk
                0x0000000006015c60                _GFCD_SetFiltCon
                0x0000000006015d58                _GFCD_SetCsctFunc
                0x0000000006015d68                _GFCD_WaitScdqFlag
                0x0000000006015dac                _GFCD_GetStat
                0x0000000006015e1c                _GFCD_Init
                0x0000000006016004                _GFCD_Play
                0x0000000006016054                _GFCD_MovePickup
                0x000000000601609c                _gfcd_doChgDirTsk
                0x0000000006016240                _GFCD_ChgDir
                0x00000000060162a8                _gfcd_doTask
                0x0000000006016318                _GFCD_ExecServer
                0x00000000060163f4                _GFCD_FreeBuf
                0x0000000006016470                _GFCD_WaitServer
 .text          0x00000000060164a4      0x600 ../sbl/segalib/lib/libsat.a(gfs_cdf.o)
                0x00000000060164a4                _GFCF_Init
                0x00000000060164fc                _GFCF_SetSct
                0x0000000006016528                _GFCF_GetFileInfo
                0x0000000006016586                _GFCF_Recover
                0x00000000060165c8                _GFCF_Tell
                0x00000000060165d4                _GFCF_Seek
                0x00000000060165e0                _GFCF_cnvIntlvOfs
                0x0000000006016614                _GFCF_GetStat
                0x0000000006016660                _GFCF_StopInBuf
                0x00000000060166d8                _GFCF_MovePickup
                0x000000000601675c                _gfcf_getSctSize
                0x0000000006016794                _GFCF_Setup
                0x000000000601684c                _gfcf_isCdOk
                0x0000000006016898                _gfcf_getPlayRange
                0x00000000060169a0                _GFCF_FlowInBuf
 .text          0x0000000006016aa4      0x7e8 ../sbl/segalib/lib/libsat.a(gfs_dir.o)
                0x0000000006016aa4                _GFDR_NameToId
                0x0000000006016af4                _GFDR_GetInfoDirId
                0x0000000006016b00                _GFDR_GetInfoDirName
                0x0000000006016b0c                _GFDR_GetAtrDirId
                0x0000000006016b1c                _GFDR_GetAtrDirName
                0x0000000006016b2c                _GFDR_ChgDir
                0x0000000006016b9c                _GFDR_ChgRoot
                0x0000000006016ba8                _gfdr_open
                0x0000000006016bc8                _gfdr_read
                0x0000000006016c80                _gfdr_readByte
                0x0000000006016ca8                _gfdr_readWord
                0x0000000006016cd0                _gfdr_readWordNB
                0x0000000006016d1c                _gfdr_readLongNB
                0x0000000006016d64                _gfdr_readLongNM
                0x0000000006016d84                _gfdr_setNextRec
                0x0000000006016e00                _gfdr_readDirEnt
                0x00000000060170e8                _gfdr_setDirrecCd
                0x0000000006017106                _gfdr_setupDirIdTbl
                0x000000000601717c                _gfdr_setupDirNameTbl
                0x000000000601721c                _GFDR_SetupDirTbl
 .text          0x000000000601728c      0x818 ../sbl/segalib/lib/libsat.a(gfs_trn.o)
                0x000000000601728c                _gftr_reqScu
                0x0000000006017290                _gftr_remCpu
                0x0000000006017294                _gftr_execScu
                0x0000000006017314                _gftr_remScu
                0x0000000006017334                _gftr_reqDma0
                0x0000000006017338                _gftr_reqDma1
                0x000000000601733c                _gftr_reqCpu
                0x0000000006017340                _GFTR_Setup
                0x0000000006017366                _GFTR_SetMode
                0x0000000006017372                _GFTR_SetUnit
                0x0000000006017376                _GFTR_SetTransPara
                0x0000000006017388                _GFTR_GetTransPara
                0x000000000601738c                _GFTR_GetNumTrans
                0x0000000006017390                _GFTR_SetTransMax
                0x0000000006017396                _GFTR_Start
                0x000000000601739c                _GFTR_Pause
                0x00000000060173a2                _gfdma_canUse
                0x00000000060173a6                _gfdma_exec
                0x0000000006017480                _gftr_execSdma0
                0x00000000060174a4                _gftr_execSdma1
                0x00000000060174c8                _gftr_reqTrn
                0x000000000601751c                _gftr_execTrn
                0x00000000060175e8                _gftr_remTrn
                0x0000000006017648                _gftr_copyFrac
                0x000000000601766c                _gfdma_getBytecnt
                0x000000000601769c                _gftr_remDma0
                0x00000000060176a8                _gftr_remDma1
                0x00000000060176b4                _gftr_execCpu
                0x0000000006017700                _GFTR_GetLenData
                0x0000000006017704                _GFTR_GetLenRoom
                0x0000000006017712                _gftr_getSrcPack
                0x0000000006017794                _GFTR_Idle
                0x0000000006017804                _GFTR_GetDstPack
                0x0000000006017830                _gftr_getDstPack
                0x0000000006017870                _gftr_execSub
                0x0000000006017978                _GFTR_Exec
                0x00000000060179d0                _GFTR_Stop
                0x0000000006017a70                _GFTR_RtnDstPk
                0x0000000006017a7e                _GFTR_GetData
                0x0000000006017a8c                _GFTR_SetData
                0x0000000006017a98                _GFTR_SetTransFunc
 .text          0x0000000006017aa4       0x24 ../sbl/segalib/lib/libsat.a(mth_rand.o)
                0x0000000006017aa4                _MTH_InitialRand
                0x0000000006017ab0                _MTH_GetRand
 .text          0x0000000006017ac8       0x78 ../sbl/segalib/lib/libsat.a(mth_fixd.o)
                0x0000000006017ac8                _MTH_Mul
                0x0000000006017adc                _MTH_Div
                0x0000000006017af0                _MTH_IntToFixed
                0x0000000006017af8                _MTH_FixedToInt
                0x0000000006017b00                _MTH_Product
 .text          0x0000000006017b40      0x5d4 ../sbl/segalib/lib/libsat.a(mth_tri.o)
                0x0000000006017b40                _MTH_Sin
                0x0000000006017b80                _MTH_Cos
                0x0000000006017bc4                _fcos
                0x0000000006017bca                _fsin
                0x0000000006017d5c                _MTH_Atan
 .text          0x0000000006018114      0xf58 ../sbl/segalib/lib/libsat.a(per_prt.o)
                0x0000000006018514                _PER_IntFunc
                0x0000000006018dc4                _PER_Init
                0x0000000006018f6c                _PER_GetPer
 .text          0x000000000601906c      0xcbc ../sbl/segalib/lib/libsat.a(spr_2c.o)
                0x000000000601906c                _SPR_2SetTvMode
                0x000000000601907c                _SPR_2FrameChgIntr
                0x0000000006019090                _SPR_2FrameEraseData
                0x00000000060190d0                _SPR_2SetGourTbl
                0x0000000006019100                _SPR_2SetLookupTbl
                0x000000000601911c                _SPR_2SetChar
                0x0000000006019248                _SPR_2ClrChar
                0x0000000006019350                _SPR_2ClrAllChar
                0x000000000601939c                _SPR_2Initial
                0x00000000060194f0                _SPR_2GourTblNoToVram
                0x000000000601950c                _SPR_2LookupTblNoToVram
                0x000000000601951c                _SPR_2CharNoToVram
                0x0000000006019530                _SPR_2GetAreaSizeInfo
                0x0000000006019590                _SPR_2OpenCommand
                0x0000000006019628                _SPR_2FlushDrawPrty
                0x0000000006019668                _SPR_2CloseCommand
                0x0000000006019788                _SPR_2LocalCoord
                0x00000000060197e0                _SPR_2SysClip
                0x0000000006019828                _SPR_2UserClip
                0x0000000006019878                _SPR_2Line
                0x0000000006019914                _SPR_2PolyLine
                0x00000000060199b4                _SPR_2Polygon
                0x0000000006019a54                _SPR_2NormSpr
                0x0000000006019b20                _SPR_2ScaleSpr
                0x0000000006019c08                _SPR_2DistSpr
                0x0000000006019ce0                _SPR_2Cmd
 .text          0x0000000006019d28      0x754 ../sbl/segalib/lib/libsat.a(scl_func.o)
                0x0000000006019d28                _SCL_ParametersInit
                0x0000000006019e14                _SCL_Vdp2Init
                0x0000000006019e7c                _SCL_Open
                0x0000000006019e98                _SCL_Close
                0x0000000006019eac                _SCL_MoveTo
                0x0000000006019fa0                _SCL_Move
                0x000000000601a0cc                _SCL_Scale
                0x000000000601a1d0                _SCL_Memcpyw
                0x000000000601a1e4                _SCL_CopyReg
                0x000000000601a2c4                _SCL_SetColRamMode
                0x000000000601a314                _SCL_PriIntProc
                0x000000000601a410                _SCL_ScrollShow
 .text          0x000000000601a47c      0x384 ../sbl/segalib/lib/libsat.a(scl_fu02.o)
                0x000000000601a47c                _SCL_InitVramConfigTb
                0x000000000601a48a                _SCL_SetVramConfig
 .text          0x000000000601a800      0x62c ../sbl/segalib/lib/libsat.a(scl_fu03.o)
                0x000000000601a800                _SCL_InitConfigTb
                0x000000000601a818                _SCL_SetConfig
 .text          0x000000000601ae2c       0x18 ../sbl/segalib/lib/libsat.a(scl_fu04.o)
                0x000000000601ae2c                _SCL_SetCycleTable
 .text          0x000000000601ae44      0xf30 ../sbl/segalib/lib/libsat.a(scl_pri.o)
                0x000000000601ae44                _SCL_PriorityInit
                0x000000000601b3f0                _SCL_GetColRamMode
                0x000000000601b410                _SCL_AbortAutoVe
                0x000000000601b41c                _SCL_SetColMixRate
                0x000000000601b784                _SCL_IncColOffset
                0x000000000601b7f8                _SCL_AutoExec
                0x000000000601bc24                _SCL_SetShadowBit
 .text          0x000000000601bd74      0xe38 ../sbl/segalib/lib/libsat.a(scl_ro00.o)
                0x000000000601be98                _SCL_InitRotateTable
                0x000000000601c0e0                _SCL_RotateZD
                0x000000000601c220                _SCL_Rotate
 .text          0x000000000601cbac       0xfc ../sbl/segalib/lib/libsat.a(scl_ro03.o)
                0x000000000601cbac                _SCL_RotateTo
 .text          0x000000000601cca8       0x74 ../sbl/segalib/lib/libsat.a(scl_back.o)
                0x000000000601cca8                _SCL_SetBack
 .text          0x000000000601cd1c      0x264 ../sbl/segalib/lib/libsat.a(scl_vblv.o)
                0x000000000601cd1c                _SCL_SetFrameInterval
                0x000000000601cd94                _SCL_DisplayFrame
                0x000000000601cdc0                _SCL_VblInit
                0x000000000601ce08                _SCL_VblankStart
                0x000000000601ced8                _SCL_VblankEnd
 .text          0x000000000601cf80       0x54 ../sbl/segalib/lib/libsat.a(scl_pr01.o)
                0x000000000601cf80                _SCL_SetSpriteMode
 .text          0x000000000601cfd4       0x90 ../sbl/segalib/lib/libsat.a(scl_pr02.o)
                0x000000000601cfd4                _SCL_SetColRam
 .text          0x000000000601d064      0x10c ../sbl/segalib/lib/libsat.a(scl_pr03.o)
                0x000000000601d064                _SCL_FreeColRam
                0x000000000601d08c                _SCL_AllocColRam
 .text          0x000000000601d170       0xac ../sbl/segalib/lib/libsat.a(scl_pr05.o)
                0x000000000601d170                _SCL_GetColRamOffset
 .text          0x000000000601d21c      0x180 ../sbl/segalib/lib/libsat.a(scl_pr06.o)
                0x000000000601d21c                _SCL_SetColRamOffset
 .text          0x000000000601d39c      0x1c8 ../sbl/segalib/lib/libsat.a(scl_pr07.o)
                0x000000000601d39c                _SCL_SetPriority
 .text          0x000000000601d564      0x13c ../sbl/segalib/lib/libsat.a(scl_pr11.o)
                0x000000000601d564                _SCL_SetAutoColOffset
 .text          0x000000000601d6a0      0x164 ../sbl/segalib/lib/libsat.a(scl_pr12.o)
                0x000000000601d6a0                _SCL_SetColOffset
 .text          0x000000000601d804      0x234 ../sbl/segalib/lib/libsat.a(cdc_reg.o)
                0x000000000601d804                _CDC_GetDataPtr
                0x000000000601d810                _CDC_GetHirqReq
                0x000000000601d81c                _CDC_ClrHirqReq
                0x000000000601d83c                _CDREG_ClrHirqReq
                0x000000000601d848                _CDREG_InitHirqReq
                0x000000000601d860                _CDREG_SetHirqFlag
                0x000000000601d870                _CDC_GetHirqMsk
                0x000000000601d87c                _CDC_SetHirqMsk
                0x000000000601d888                _CDC_GetMpegPtr
                0x000000000601d894                _CDREG_TgetData
                0x000000000601d8f0                _CDREG_WaitHirq
                0x000000000601d918                _writeCmd
                0x000000000601d938                _CDREG_ReadRsp
                0x000000000601d95c                _doCmdRsp
                0x000000000601da04                _CDREG_CmdRsp
 .text          0x000000000601da38       0xf4 ../sbl/segalib/lib/libsat.a(cdc_sub.o)
                0x000000000601da38                _CDSUB_GetCdstat
                0x000000000601da6c                _CDSUB_RspToCdstat
                0x000000000601da9e                _CDSUB_CdCmd
                0x000000000601db00                _CDSUB_UpdStatus
                0x000000000601db0c                _CDSUB_UpdCdstat
                0x000000000601db28                _CDSUB_SoftTimer
 .text          0x000000000601db2c       0xb4 ../sbl/segalib/lib/libsat.a(cdc_dev.o)
                0x000000000601db2c                _CDC_CdSetCon
                0x000000000601db60                _CDC_CdGetCon
                0x000000000601dba0                _CDC_CdGetLastBuf
 .text          0x000000000601dbe0      0x290 ../sbl/segalib/lib/libsat.a(cdc_sel.o)
                0x000000000601dbe0                _CDC_SetFiltRange
                0x000000000601dc1c                _CDC_GetFiltRange
                0x000000000601dc88                _CDC_SetFiltSubh
                0x000000000601dcd8                _CDC_GetFiltSubh
                0x000000000601dd3c                _CDC_SetFiltMode
                0x000000000601dd70                _CDC_GetFiltMode
                0x000000000601ddb0                _CDC_SetFiltCon
                0x000000000601dde8                _CDC_GetFiltCon
                0x000000000601de3c                _CDC_ResetSelector
 .text          0x000000000601de70      0x234 ../sbl/segalib/lib/libsat.a(cdc_bif.o)
                0x000000000601de70                _CDC_GetBufSiz
                0x000000000601dec8                _CDC_GetSctNum
                0x000000000601df10                _CDC_CalActSiz
                0x000000000601df40                _chkEselUpdStatus
                0x000000000601df74                _CDC_GetActSiz
                0x000000000601dfb8                _CDC_GetSctInfo
                0x000000000601e010                _CDC_ExeFadSearch
                0x000000000601e044                _CDC_GetFadSearch
 .text          0x000000000601e0a4      0x190 ../sbl/segalib/lib/libsat.a(cdc_bio.o)
                0x000000000601e0a4                _CDC_SetSctLen
                0x000000000601e0d4                _CDC_GetSctData
                0x000000000601e104                _CDC_DelSctData
                0x000000000601e134                _CDC_GetdelSctData
                0x000000000601e164                _CDC_PutSctData
                0x000000000601e194                _CDC_CopySctData
                0x000000000601e1c8                _CDC_MoveSctData
                0x000000000601e1fc                _CDC_GetCopyErr
 .text          0x000000000601e234      0x1a4 ../sbl/segalib/lib/libsat.a(cdc_cfs.o)
                0x000000000601e234                _CDC_ChgDir
                0x000000000601e26c                _CDC_ReadDir
                0x000000000601e2a4                _CDC_GetFileScope
                0x000000000601e304                _CDC_TgetFileInfo
                0x000000000601e35c                _CDC_ReadFile
                0x000000000601e39c                _CDC_AbortFile
 .text          0x000000000601e3d8       0xb0 ../sbl/segalib/lib/libsat.a(csh_main.o)
                0x000000000601e3d8                _CSH_Init
                0x000000000601e424                _CSH_AllClr
                0x000000000601e464                _CSH_Purge
 .text          0x000000000601e488      0x13c ../sbl/segalib/lib/libsat.a(dma_cpu0.o)
                0x000000000601e488                _DMA_CpuSetComPrm
                0x000000000601e4c0                _DMA_CpuSetPrm
                0x000000000601e574                _DMA_CpuStart
                0x000000000601e584                _DMA_CpuStop
                0x000000000601e596                _DMA_CpuAllStop
                0x000000000601e5a4                _DMA_CpuGetComStatus
                0x000000000601e5b6                _DMA_CpuGetStatus
 .text          0x000000000601e5c4      0x274 ../sbl/segalib/lib/libsat.a(dma_scu0.o)
                0x000000000601e5c4                _DMA_ScuIntFunc0
                0x000000000601e624                _DMA_ScuIntFunc1
                0x000000000601e688                _DMA_ScuIntFunc2
                0x000000000601e6ec                _DMA_ScuSetPrm
                0x000000000601e754                _DMA_ScuStart
                0x000000000601e80c                _DMA_ScuGetStatus
 .text          0x000000000601e838      0x240 ../sbl/segalib/lib/libsat.a(spr_1c.o)
                0x000000000601e838                _SPR_SetTvMode
                0x000000000601e8b4                _SPR_GetStatus
                0x000000000601e908                _SPR_SetEraseData
                0x000000000601e9a0                _SPR_Initial
                0x000000000601ea54                _SPR_WaitDrawEnd
                0x000000000601ea64                _SPR_SetEosMode
 .text          0x000000000601ea78      0x16c ../sbl/segalib/lib/libsat.a(spr_2a.o)
                0x000000000601ea78                _SPR_2SetDrawPrty
                0x000000000601eae8                _SPR_2FlushDrawPrtyBlock
 .text          0x000000000601ebe4       0x52 /opt/toolchains/sh-elf/bin/../lib/gcc/sh-elf/11.1.0/libgcc.a(_ashiftrt.o)
                0x000000000601ebe4                ___ashiftrt_r4_31
                0x000000000601ebe4                ___ashiftrt_r4_32
                0x000000000601ebea                ___ashiftrt_r4_30
                0x000000000601ebec                ___ashiftrt_r4_29
                0x000000000601ebee                ___ashiftrt_r4_28
                0x000000000601ebf0                ___ashiftrt_r4_27
                0x000000000601ebf2                ___ashiftrt_r4_26
                0x000000000601ebf4                ___ashiftrt_r4_25
                0x000000000601ebf6                ___ashiftrt_r4_24
                0x000000000601ebfe                ___ashiftrt_r4_23
                0x000000000601ec00                ___ashiftrt_r4_22
                0x000000000601ec02                ___ashiftrt_r4_21
                0x000000000601ec04                ___ashiftrt_r4_20
                0x000000000601ec06                ___ashiftrt_r4_19
                0x000000000601ec08                ___ashiftrt_r4_18
                0x000000000601ec0a                ___ashiftrt_r4_17
                0x000000000601ec0c                ___ashiftrt_r4_16
                0x000000000601ec12                ___ashiftrt_r4_15
                0x000000000601ec14                ___ashiftrt_r4_14
                0x000000000601ec16                ___ashiftrt_r4_13
                0x000000000601ec18                ___ashiftrt_r4_12
                0x000000000601ec1a                ___ashiftrt_r4_11
                0x000000000601ec1c                ___ashiftrt_r4_10
                0x000000000601ec1e                ___ashiftrt_r4_9
                0x000000000601ec20                ___ashiftrt_r4_8
                0x000000000601ec22                ___ashiftrt_r4_7
                0x000000000601ec24                ___ashiftrt_r4_6
                0x000000000601ec26                ___ashiftrt_r4_5
                0x000000000601ec28                ___ashiftrt_r4_4
                0x000000000601ec2a                ___ashiftrt_r4_3
                0x000000000601ec2c                ___ashiftrt_r4_2
                0x000000000601ec2e                ___ashiftrt_r4_1
                0x000000000601ec32                ___ashiftrt_r4_0
 *fill*         0x000000000601ec36        0x2 
 .text          0x000000000601ec38       0x80 /opt/toolchains/sh-elf/bin/../lib/gcc/sh-elf/11.1.0/libgcc.a(_ashiftrt_n.o)
                0x000000000601ec38                ___ashrsi3
 .text          0x000000000601ecb8       0xbc /opt/toolchains/sh-elf/bin/../lib/gcc/sh-elf/11.1.0/libgcc.a(_ashiftlt.o)
                0x000000000601ecb8                ___ashlsi3
                0x000000000601ecbc                ___ashlsi3_r0
 .text          0x000000000601ed74       0x78 /opt/toolchains/sh-elf/bin/../lib/gcc/sh-elf/11.1.0/libgcc.a(_movmem.o)
                0x000000000601ed74                ___movmem
                0x000000000601ed74                ___movstr
                0x000000000601eda8                ___movmemSI64
                0x000000000601eda8                ___movstrSI64
                0x000000000601edac                ___movmemSI60
                0x000000000601edac                ___movstrSI60
                0x000000000601edb0                ___movstrSI56
                0x000000000601edb0                ___movmemSI56
                0x000000000601edb4                ___movmemSI52
                0x000000000601edb4                ___movstrSI52
                0x000000000601edb8                ___movstrSI48
                0x000000000601edb8                ___movmemSI48
                0x000000000601edbc                ___movmemSI44
                0x000000000601edbc                ___movstrSI44
                0x000000000601edc0                ___movstrSI40
                0x000000000601edc0                ___movmemSI40
                0x000000000601edc4                ___movstrSI36
                0x000000000601edc4                ___movmemSI36
                0x000000000601edc8                ___movstrSI32
                0x000000000601edc8                ___movmemSI32
                0x000000000601edcc                ___movmemSI28
                0x000000000601edcc                ___movstrSI28
                0x000000000601edd0                ___movmemSI24
                0x000000000601edd0                ___movstrSI24
                0x000000000601edd4                ___movmemSI20
                0x000000000601edd4                ___movstrSI20
                0x000000000601edd8                ___movstrSI16
                0x000000000601edd8                ___movmemSI16
                0x000000000601eddc                ___movmemSI12
                0x000000000601eddc                ___movstrSI12
                0x000000000601ede0                ___movstrSI8
                0x000000000601ede0                ___movmemSI8
                0x000000000601ede4                ___movstrSI4
                0x000000000601ede4                ___movmemSI4
 .text          0x000000000601edec       0xa0 /opt/toolchains/sh-elf/bin/../lib/gcc/sh-elf/11.1.0/libgcc.a(_sdivsi3.o)
                0x000000000601edec                ___sdivsi3
 .text          0x000000000601ee8c       0x6c /opt/toolchains/sh-elf/bin/../lib/gcc/sh-elf/11.1.0/libgcc.a(_udivsi3.o)
                0x000000000601eeae                ___udivsi3
 .text          0x000000000601eef8      0x208 /opt/toolchains/sh-elf/bin/../lib/gcc/sh-elf/11.1.0/libgcc.a(_mul_df.o)
                0x000000000601eef8                ___muldf3
 .text          0x000000000601f100       0xa8 /opt/toolchains/sh-elf/bin/../lib/gcc/sh-elf/11.1.0/libgcc.a(_si_to_df.o)
                0x000000000601f100                ___floatsidf
 .text          0x000000000601f1a8       0xa0 /opt/toolchains/sh-elf/bin/../lib/gcc/sh-elf/11.1.0/libgcc.a(_df_to_si.o)
                0x000000000601f1a8                ___fixdfsi
 .text          0x000000000601f248        0x0 /opt/toolchains/sh-elf/bin/../lib/gcc/sh-elf/11.1.0/libgcc.a(_thenan_df.o)
 .text          0x000000000601f248       0xbc /opt/toolchains/sh-elf/bin/../lib/gcc/sh-elf/11.1.0/libgcc.a(_lshiftrt.o)
                0x000000000601f248                ___lshrsi3
                0x000000000601f24c                ___lshrsi3_r0
 .text          0x000000000601f304       0x74 /opt/toolchains/sh-elf/bin/../lib/gcc/sh-elf/11.1.0/libgcc.a(_clzsi2.o)
                0x000000000601f304                ___clzsi2
 .text          0x000000000601f378      0x29c /opt/toolchains/sh-elf/bin/../lib/gcc/sh-elf/11.1.0/libgcc.a(_pack_df.o)
                0x000000000601f378                ___pack_d
 .text          0x000000000601f614       0xcc /opt/toolchains/sh-elf/bin/../lib/gcc/sh-elf/11.1.0/libgcc.a(_unpack_df.o)
                0x000000000601f614                ___unpack_d
 .text          0x000000000601f6e0        0x0 /opt/toolchains/sh-elf/bin/../lib/gcc/sh-elf/11.1.0/libgcc.a(_clz.o)
 .text          0x000000000601f6e0       0x64 /opt/toolchains/sh-elf/bin/../lib/gcc/sh-elf/11.1.0/../../../../sh-elf/lib/libc.a(lib_a-memcmp.o)
                0x000000000601f6e0                _memcmp
 .text          0x000000000601f744       0x94 /opt/toolchains/sh-elf/bin/../lib/gcc/sh-elf/11.1.0/../../../../sh-elf/lib/libc.a(lib_a-memcpy.o)
                0x000000000601f744                _memcpy
 .text          0x000000000601f7d8       0xcc /opt/toolchains/sh-elf/bin/../lib/gcc/sh-elf/11.1.0/../../../../sh-elf/lib/libc.a(lib_a-memmove.o)
                0x000000000601f7d8                _memmove
 .text          0x000000000601f8a4       0x40 /opt/toolchains/sh-elf/bin/../lib/gcc/sh-elf/11.1.0/../../../../sh-elf/lib/libc.a(lib_a-memset.o)
                0x000000000601f8a4                _memset
 .text          0x000000000601f8e4       0x3c /opt/toolchains/sh-elf/bin/../lib/gcc/sh-elf/11.1.0/../../../../sh-elf/lib/libc.a(lib_a-strcpy.o)
                0x000000000601f8e4                _strcpy
 .text          0x000000000601f920       0xd0 /opt/toolchains/sh-elf/bin/../lib/gcc/sh-elf/11.1.0/../../../../sh-elf/lib/libc.a(lib_a-strncmp.o)
                0x000000000601f920                _strncmp
 .text          0x000000000601f9f0       0xd4 /opt/toolchains/sh-elf/bin/../lib/gcc/sh-elf/11.1.0/../../../../sh-elf/lib/libc.a(lib_a-strncpy.o)
                0x000000000601f9f0                _strncpy
 *(.rodata*)
 .rodata.str1.4
                0x000000000601fac4        0x7 bg.o
 *fill*         0x000000000601facb        0x1 
 .rodata        0x000000000601facc      0x100 crc.o
 .rodata.str1.4
                0x000000000601fbcc       0x37 game.o
                                         0x3b (size before relaxing)
 *fill*         0x000000000601fc03        0x1 
 .rodata.str1.4
                0x000000000601fc04       0x6b rank.o
 *fill*         0x000000000601fc6f        0x1 
 .rodata        0x000000000601fc70       0x28 rank.o
 .rodata.str1.4
                0x000000000601fc98        0x9 pcmsys.o
 *fill*         0x000000000601fca1        0x3 
 .rodata        0x000000000601fca4      0x400 pcmsys.o
 .rodata.str1.4
                0x00000000060200a4        0x9 print.o
 *fill*         0x00000000060200ad        0x3 
 .rodata.str1.4
                0x00000000060200b0       0x77 sound.o
                                         0x7b (size before relaxing)
 *fill*         0x0000000006020127        0x1 
 .rodata        0x0000000006020128        0xa ../sbl/segalib/lib/libsat.a(gfs.o)
 *fill*         0x0000000006020132        0x2 
 .rodata        0x0000000006020134       0x30 ../sbl/segalib/lib/libsat.a(gfs_buf.o)
 .rodata        0x0000000006020164       0x2d ../sbl/segalib/lib/libsat.a(gfs_cdf.o)
 *fill*         0x0000000006020191        0x3 
 .rodata.str1.4
                0x0000000006020194        0x2 ../sbl/segalib/lib/libsat.a(gfs_dir.o)
                                          0x7 (size before relaxing)
 *fill*         0x0000000006020196        0x2 
 .rodata        0x0000000006020198       0x30 ../sbl/segalib/lib/libsat.a(gfs_trn.o)
 .rodata        0x00000000060201c8        0xc ../sbl/segalib/lib/libsat.a(dma_scu0.o)
 .rodata        0x00000000060201d4       0x20 ../sbl/segalib/lib/libsat.a(spr_1c.o)
 .rodata        0x00000000060201f4       0x14 /opt/toolchains/sh-elf/bin/../lib/gcc/sh-elf/11.1.0/libgcc.a(_thenan_df.o)
                0x00000000060201f4                ___thenan_df
 .rodata        0x0000000006020208      0x100 /opt/toolchains/sh-elf/bin/../lib/gcc/sh-elf/11.1.0/libgcc.a(_clz.o)
                0x0000000006020208                ___clz_tab
 *(.strings)
                0x0000000006020310                . = ALIGN (0x10)
 *fill*         0x0000000006020308        0x8 
                0x0000000006020310                _etext = ABSOLUTE (.)

.tors           0x0000000006020310        0x0
                0x0000000006020310                ___ctors = .
 *(.ctors)
                0x0000000006020310                ___ctors_end = .
                0x0000000006020310                ___dtors = .
 *(.dtors)
                0x0000000006020310                ___dtors_end = .
                0x0000000006020310                . = ALIGN (0x10)
                0x0000000006020310                _etors = ABSOLUTE (.)

.data           0x0000000006020310      0x8c0
 *(.data)
 .data          0x0000000006020310        0x0 entry.o
 .data          0x0000000006020310        0x0 stack.o
 .data          0x0000000006020310        0x0 vblank.o
 .data          0x0000000006020310        0x0 bg.o
 .data          0x0000000006020310        0x0 cd.o
 .data          0x0000000006020310        0x0 crc.o
 .data          0x0000000006020310        0x0 devcart.o
 .data          0x0000000006020310      0x130 game.o
                0x0000000006020310                _songs
                0x0000000006020324                _ranks
                0x000000000602034c                _gravity
                0x00000000060203c4                _levels
 .data          0x0000000006020440        0x0 hwram.o
 .data          0x0000000006020440        0x0 rank.o
 .data          0x0000000006020440        0xc pcmsys.o
                0x0000000006020440                _master_volume
                0x0000000006020444                _scsp_load
                0x0000000006020448                _m68k_com
 .data          0x000000000602044c      0x700 piece.o
                0x000000000602044c                _pieces
 .data          0x0000000006020b4c        0x0 print.o
 .data          0x0000000006020b4c        0x0 rng.o
 .data          0x0000000006020b4c       0x34 scroll.o
                0x0000000006020b4c                _cycleTb
                0x0000000006020b5c                _charOffsets
                0x0000000006020b6c                _vram
 .data          0x0000000006020b80        0x0 sound.o
 .data          0x0000000006020b80       0x18 sprite.o
 .data          0x0000000006020b98        0x0 main.o
 .data          0x0000000006020b98        0x0 ../sbl/segalib/lib/libsat.a(cdc_cmn.o)
 .data          0x0000000006020b98        0x0 ../sbl/segalib/lib/libsat.a(cdc_drv.o)
 .data          0x0000000006020b98        0x0 ../sbl/segalib/lib/libsat.a(dma_scu1.o)
 .data          0x0000000006020b98        0x0 ../sbl/segalib/lib/libsat.a(gfs.o)
 .data          0x0000000006020b98        0x0 ../sbl/segalib/lib/libsat.a(gfs_buf.o)
 .data          0x0000000006020b98        0x0 ../sbl/segalib/lib/libsat.a(gfs_cdb.o)
 .data          0x0000000006020b98        0x0 ../sbl/segalib/lib/libsat.a(gfs_cdc.o)
 .data          0x0000000006020b98        0x0 ../sbl/segalib/lib/libsat.a(gfs_cdf.o)
 .data          0x0000000006020b98        0x0 ../sbl/segalib/lib/libsat.a(gfs_dir.o)
 .data          0x0000000006020b98        0x0 ../sbl/segalib/lib/libsat.a(gfs_trn.o)
 .data          0x0000000006020b98        0x0 ../sbl/segalib/lib/libsat.a(mth_rand.o)
 .data          0x0000000006020b98        0x0 ../sbl/segalib/lib/libsat.a(mth_fixd.o)
 .data          0x0000000006020b98        0x0 ../sbl/segalib/lib/libsat.a(mth_tri.o)
 .data          0x0000000006020b98        0x3 ../sbl/segalib/lib/libsat.a(per_prt.o)
 .data          0x0000000006020b9b        0x0 ../sbl/segalib/lib/libsat.a(spr_2c.o)
 *fill*         0x0000000006020b9b        0x1 
 .data          0x0000000006020b9c        0x6 ../sbl/segalib/lib/libsat.a(scl_func.o)
                0x0000000006020b9c                _SclRotateTableMode
                0x0000000006020b9e                _SclDisplayY
                0x0000000006020ba0                _SclDisplayX
 .data          0x0000000006020ba2        0x0 ../sbl/segalib/lib/libsat.a(scl_fu02.o)
 .data          0x0000000006020ba2        0x0 ../sbl/segalib/lib/libsat.a(scl_fu03.o)
 .data          0x0000000006020ba2        0x0 ../sbl/segalib/lib/libsat.a(scl_fu04.o)
 *fill*         0x0000000006020ba2        0x2 
 .data          0x0000000006020ba4       0x18 ../sbl/segalib/lib/libsat.a(scl_pri.o)
                0x0000000006020ba4                _SclRealColOffset
                0x0000000006020ba8                _SclRealBgColMix
                0x0000000006020bac                _SclRealSpColMix
                0x0000000006020bb0                _SclRealBgPriNum
                0x0000000006020bb4                _SclRealSpPriNum
                0x0000000006020bb8                _SclRealOtherPri
 .data          0x0000000006020bbc        0x0 ../sbl/segalib/lib/libsat.a(scl_ro00.o)
 .data          0x0000000006020bbc        0x0 ../sbl/segalib/lib/libsat.a(scl_ro03.o)
 .data          0x0000000006020bbc        0x0 ../sbl/segalib/lib/libsat.a(scl_back.o)
 .data          0x0000000006020bbc        0x8 ../sbl/segalib/lib/libsat.a(scl_vblv.o)
                0x0000000006020bbc                _VBInterval
                0x0000000006020bc0                _SpFrameEraseMode
 .data          0x0000000006020bc4        0x0 ../sbl/segalib/lib/libsat.a(scl_pr01.o)
 .data          0x0000000006020bc4        0x0 ../sbl/segalib/lib/libsat.a(scl_pr02.o)
 .data          0x0000000006020bc4        0x0 ../sbl/segalib/lib/libsat.a(scl_pr03.o)
 .data          0x0000000006020bc4        0x0 ../sbl/segalib/lib/libsat.a(scl_pr05.o)
 .data          0x0000000006020bc4        0x0 ../sbl/segalib/lib/libsat.a(scl_pr06.o)
 .data          0x0000000006020bc4        0x0 ../sbl/segalib/lib/libsat.a(scl_pr07.o)
 .data          0x0000000006020bc4        0x0 ../sbl/segalib/lib/libsat.a(scl_pr11.o)
 .data          0x0000000006020bc4        0x0 ../sbl/segalib/lib/libsat.a(scl_pr12.o)
 .data          0x0000000006020bc4        0x0 ../sbl/segalib/lib/libsat.a(cdc_reg.o)
 .data          0x0000000006020bc4        0x0 ../sbl/segalib/lib/libsat.a(cdc_sub.o)
 .data          0x0000000006020bc4        0x0 ../sbl/segalib/lib/libsat.a(cdc_dev.o)
 .data          0x0000000006020bc4        0x0 ../sbl/segalib/lib/libsat.a(cdc_sel.o)
 .data          0x0000000006020bc4        0x0 ../sbl/segalib/lib/libsat.a(cdc_bif.o)
 .data          0x0000000006020bc4        0x0 ../sbl/segalib/lib/libsat.a(cdc_bio.o)
 .data          0x0000000006020bc4        0x0 ../sbl/segalib/lib/libsat.a(cdc_cfs.o)
 .data          0x0000000006020bc4        0x0 ../sbl/segalib/lib/libsat.a(csh_main.o)
 .data          0x0000000006020bc4        0x0 ../sbl/segalib/lib/libsat.a(dma_cpu0.o)
 .data          0x0000000006020bc4        0x0 ../sbl/segalib/lib/libsat.a(dma_scu0.o)
 .data          0x0000000006020bc4        0x0 ../sbl/segalib/lib/libsat.a(spr_1c.o)
 .data          0x0000000006020bc4        0x0 ../sbl/segalib/lib/libsat.a(spr_2a.o)
 .data          0x0000000006020bc4        0x0 /opt/toolchains/sh-elf/bin/../lib/gcc/sh-elf/11.1.0/libgcc.a(_ashiftrt.o)
 .data          0x0000000006020bc4        0x0 /opt/toolchains/sh-elf/bin/../lib/gcc/sh-elf/11.1.0/libgcc.a(_ashiftrt_n.o)
 .data          0x0000000006020bc4        0x0 /opt/toolchains/sh-elf/bin/../lib/gcc/sh-elf/11.1.0/libgcc.a(_ashiftlt.o)
 .data          0x0000000006020bc4        0x0 /opt/toolchains/sh-elf/bin/../lib/gcc/sh-elf/11.1.0/libgcc.a(_movmem.o)
 .data          0x0000000006020bc4        0x0 /opt/toolchains/sh-elf/bin/../lib/gcc/sh-elf/11.1.0/libgcc.a(_sdivsi3.o)
 .data          0x0000000006020bc4        0x0 /opt/toolchains/sh-elf/bin/../lib/gcc/sh-elf/11.1.0/libgcc.a(_udivsi3.o)
 .data          0x0000000006020bc4        0x0 /opt/toolchains/sh-elf/bin/../lib/gcc/sh-elf/11.1.0/libgcc.a(_mul_df.o)
 .data          0x0000000006020bc4        0x0 /opt/toolchains/sh-elf/bin/../lib/gcc/sh-elf/11.1.0/libgcc.a(_si_to_df.o)
 .data          0x0000000006020bc4        0x0 /opt/toolchains/sh-elf/bin/../lib/gcc/sh-elf/11.1.0/libgcc.a(_df_to_si.o)
 .data          0x0000000006020bc4        0x0 /opt/toolchains/sh-elf/bin/../lib/gcc/sh-elf/11.1.0/libgcc.a(_thenan_df.o)
 .data          0x0000000006020bc4        0x0 /opt/toolchains/sh-elf/bin/../lib/gcc/sh-elf/11.1.0/libgcc.a(_lshiftrt.o)
 .data          0x0000000006020bc4        0x0 /opt/toolchains/sh-elf/bin/../lib/gcc/sh-elf/11.1.0/libgcc.a(_clzsi2.o)
 .data          0x0000000006020bc4        0x0 /opt/toolchains/sh-elf/bin/../lib/gcc/sh-elf/11.1.0/libgcc.a(_pack_df.o)
 .data          0x0000000006020bc4        0x0 /opt/toolchains/sh-elf/bin/../lib/gcc/sh-elf/11.1.0/libgcc.a(_unpack_df.o)
 .data          0x0000000006020bc4        0x0 /opt/toolchains/sh-elf/bin/../lib/gcc/sh-elf/11.1.0/libgcc.a(_clz.o)
 .data          0x0000000006020bc4        0x0 /opt/toolchains/sh-elf/bin/../lib/gcc/sh-elf/11.1.0/../../../../sh-elf/lib/libc.a(lib_a-memcmp.o)
 .data          0x0000000006020bc4        0x0 /opt/toolchains/sh-elf/bin/../lib/gcc/sh-elf/11.1.0/../../../../sh-elf/lib/libc.a(lib_a-memcpy.o)
 .data          0x0000000006020bc4        0x0 /opt/toolchains/sh-elf/bin/../lib/gcc/sh-elf/11.1.0/../../../../sh-elf/lib/libc.a(lib_a-memmove.o)
 .data          0x0000000006020bc4        0x0 /opt/toolchains/sh-elf/bin/../lib/gcc/sh-elf/11.1.0/../../../../sh-elf/lib/libc.a(lib_a-memset.o)
 .data          0x0000000006020bc4        0x0 /opt/toolchains/sh-elf/bin/../lib/gcc/sh-elf/11.1.0/../../../../sh-elf/lib/libc.a(lib_a-strcpy.o)
 .data          0x0000000006020bc4        0x0 /opt/toolchains/sh-elf/bin/../lib/gcc/sh-elf/11.1.0/../../../../sh-elf/lib/libc.a(lib_a-strncmp.o)
 .data          0x0000000006020bc4        0x0 /opt/toolchains/sh-elf/bin/../lib/gcc/sh-elf/11.1.0/../../../../sh-elf/lib/libc.a(lib_a-strncpy.o)
                0x0000000006020bd0                . = ALIGN (0x10)
 *fill*         0x0000000006020bc4        0xc 
                0x0000000006020bd0                _edata = ABSOLUTE (.)

.bss            0x0000000006020bd0    0x19fc0
                0x0000000006020bd0                _bss_start = .
 *(.bss)
 .bss           0x0000000006020bd0        0x0 entry.o
 .bss           0x0000000006020bd0        0x0 stack.o
 .bss           0x0000000006020bd0       0x34 vblank.o
                0x0000000006020bd0                _vblank_frames
                0x0000000006020bd4                _VblankFlg
                0x0000000006020bd8                _perFlag
                0x0000000006020bdc                _PadWorkArea
                0x0000000006020bf8                _PadData2E
                0x0000000006020bfa                _PadData2L
                0x0000000006020bfc                _PadData2
                0x0000000006020bfe                _PadData1E
                0x0000000006020c00                _PadData1L
                0x0000000006020c02                _PadData1
 .bss           0x0000000006020c04      0x858 bg.o
 .bss           0x000000000602145c     0x1674 cd.o
 .bss           0x0000000006022ad0        0x0 crc.o
 .bss           0x0000000006022ad0        0x0 devcart.o
 .bss           0x0000000006022ad0      0x44c game.o
                0x0000000006022ad0                _song
                0x0000000006022ad4                _boardVram
 .bss           0x0000000006022f1c    0x13880 hwram.o
                0x0000000006022f1c                _HWRAM_Buffer
 .bss           0x000000000603679c        0x8 rank.o
 .bss           0x00000000060367a4        0x2 pcmsys.o
                0x00000000060367a4                _numberPCMs
 .bss           0x00000000060367a6        0x0 piece.o
 .bss           0x00000000060367a6      0x528 print.o
                0x00000000060367a6                _text
 *fill*         0x0000000006036cce        0x2 
 .bss           0x0000000006036cd0        0x8 rng.o
 .bss           0x0000000006036cd8      0x17c scroll.o
                0x0000000006036cd8                _scfg
 .bss           0x0000000006036e54        0x0 sound.o
 .bss           0x0000000006036e54     0x257c sprite.o
                0x0000000006036e54                _sprites
                0x0000000006038114                _palCnt
                0x0000000006038118                _tileCount
                0x000000000603811c                _numSprites
 .bss           0x00000000060393d0        0x8 main.o
                0x00000000060393d0                _state
                0x00000000060393d4                _frame
 .bss           0x00000000060393d8        0x0 ../sbl/segalib/lib/libsat.a(cdc_cmn.o)
 .bss           0x00000000060393d8        0x0 ../sbl/segalib/lib/libsat.a(cdc_drv.o)
 .bss           0x00000000060393d8        0xc ../sbl/segalib/lib/libsat.a(dma_scu1.o)
 .bss           0x00000000060393e4        0xc ../sbl/segalib/lib/libsat.a(gfs.o)
                0x00000000060393e4                _GFMC_base
                0x00000000060393e8                _gfs_mng_ptr
                0x00000000060393ec                _bobtest
 .bss           0x00000000060393f0        0x0 ../sbl/segalib/lib/libsat.a(gfs_buf.o)
 .bss           0x00000000060393f0        0x0 ../sbl/segalib/lib/libsat.a(gfs_cdb.o)
 .bss           0x00000000060393f0        0x4 ../sbl/segalib/lib/libsat.a(gfs_cdc.o)
                0x00000000060393f0                _gfcd_work
 .bss           0x00000000060393f4        0x0 ../sbl/segalib/lib/libsat.a(gfs_cdf.o)
 .bss           0x00000000060393f4        0x0 ../sbl/segalib/lib/libsat.a(gfs_dir.o)
 .bss           0x00000000060393f4        0xc ../sbl/segalib/lib/libsat.a(gfs_trn.o)
 .bss           0x0000000006039400        0x4 ../sbl/segalib/lib/libsat.a(mth_rand.o)
 .bss           0x0000000006039404        0x0 ../sbl/segalib/lib/libsat.a(mth_fixd.o)
 .bss           0x0000000006039404        0x0 ../sbl/segalib/lib/libsat.a(mth_tri.o)
 .bss           0x0000000006039404       0x7f ../sbl/segalib/lib/libsat.a(per_prt.o)
                0x0000000006039404                _per_set_sys_flg
                0x0000000006039408                _per_get_sys_data
                0x0000000006039414                _per_get_time_adr
                0x0000000006039418                _per_hot_res
                0x0000000006039419                _per_time_out_flg
 *fill*         0x0000000006039483        0x1 
 .bss           0x0000000006039484       0x94 ../sbl/segalib/lib/libsat.a(spr_2c.o)
                0x0000000006039484                _SpCmdTblR
                0x0000000006039488                _SpCmdTbl
                0x000000000603948c                _SpCrCmdChain
                0x0000000006039490                _SpDrawPrtyBlk
                0x0000000006039494                _SpCmdChain
                0x0000000006039498                _SpCmdChainBlkNo
                0x000000000603949c                _SpDrawPrtyProcFlag
                0x00000000060394a0                _SpDrawPrtyTopCmdNo
                0x00000000060394a4                _SpCmdNo
                0x00000000060394a8                _SpDrawPrtyBlkMax
                0x00000000060394ac                _SpCharMax
                0x00000000060394b0                _SpCharTbl
                0x00000000060394b4                _SpLCoordY
                0x00000000060394b8                _SpLCoordX
                0x00000000060394bc                _Sp2OpenFlag
 .bss           0x0000000006039518      0xf1c ../sbl/segalib/lib/libsat.a(scl_func.o)
                0x0000000006039518                _SclRPMD
                0x000000000603951c                _SclRotateMoveZ
                0x0000000006039524                _SclRotateDisp
                0x000000000603952c                _SclRotateZ
                0x0000000006039534                _SclRotateXy
                0x000000000603953c                _SclRotateTableAddress
                0x0000000006039540                _SclRb
                0x0000000006039541                _SclRa
                0x0000000006039542                _SclRotXySw
                0x0000000006039548                _SclRbgKtbOffset
                0x0000000006039550                _SclRbgKtbAddr
                0x0000000006039558                _SclK_TableFlag
                0x000000000603955c                _SclK_TableNum
                0x0000000006039564                _SclK_TableBuff
                0x000000000603a234                _SclRotregBuff
                0x000000000603a334                _Scl_w_reg
                0x000000000603a354                _Scl_r_reg
                0x000000000603a364                _Scl_n_reg
                0x000000000603a3a4                _Scl_d_reg
                0x000000000603a3ec                _Scl_s_reg
                0x000000000603a414                _SclProcess
                0x000000000603a418                _SclCurSclNum
                0x000000000603a41c                _SclLengthCsTbl
                0x000000000603a41e                _SclLengthLsTbl
                0x000000000603a420                _SclAddrCsTbl
                0x000000000603a428                _SclAddrLsTbl
 .bss           0x000000000603a434        0x0 ../sbl/segalib/lib/libsat.a(scl_fu02.o)
 .bss           0x000000000603a434        0x0 ../sbl/segalib/lib/libsat.a(scl_fu03.o)
 .bss           0x000000000603a434        0x0 ../sbl/segalib/lib/libsat.a(scl_fu04.o)
 .bss           0x000000000603a434      0x696 ../sbl/segalib/lib/libsat.a(scl_pri.o)
                0x000000000603a434                _SclAutoRGB
                0x000000000603aa34                _SclAutoPlusFlag
                0x000000000603aa35                _SclAutoVeFlag
                0x000000000603aa36                _SclAutoEndRate
                0x000000000603aa37                _SclAutoCurRate
                0x000000000603aa38                _SclAutoEndBlue2
                0x000000000603aa3a                _SclAutoEndGreen2
                0x000000000603aa3c                _SclAutoEndRed2
                0x000000000603aa3e                _SclAutoEndBlue
                0x000000000603aa40                _SclAutoEndGreen
                0x000000000603aa42                _SclAutoEndRed
                0x000000000603aa44                _SclAutoBlue
                0x000000000603aa46                _SclAutoGreen
                0x000000000603aa48                _SclAutoRed
                0x000000000603aa4c                _SclAutoMax
                0x000000000603aa50                _SclAutoIndex
                0x000000000603aa54                _SclAutoCount
                0x000000000603aa58                _SclAutoInterval
                0x000000000603aa5c                _SclAutoSurface
                0x000000000603aa60                _SclColRamAlloc2048
                0x000000000603aa64                _SclColRamAlloc256
                0x000000000603aa84                _SclLineColRamOffset
                0x000000000603aa88                _SclPriBuffDirty
                0x000000000603aa8c                _SclColOffset
                0x000000000603aa9c                _SclBgColMix
                0x000000000603aaa4                _SclSpColMix
                0x000000000603aaac                _SclBgPriNum
                0x000000000603aab2                _SclSpPriNum
                0x000000000603aaba                _SclOtherPri
 *fill*         0x000000000603aaca        0x2 
 .bss           0x000000000603aacc       0x58 ../sbl/segalib/lib/libsat.a(scl_ro00.o)
                0x000000000603aacc                _SclCsy
                0x000000000603aad4                _SclCsx
 .bss           0x000000000603ab24        0x0 ../sbl/segalib/lib/libsat.a(scl_ro03.o)
 .bss           0x000000000603ab24        0x0 ../sbl/segalib/lib/libsat.a(scl_back.o)
 .bss           0x000000000603ab24       0x16 ../sbl/segalib/lib/libsat.a(scl_vblv.o)
                0x000000000603ab24                _frameChgFlag
                0x000000000603ab28                _VBIntrDisableDepth
                0x000000000603ab2c                _ReqDisplayFlag2
                0x000000000603ab30                _ReqDisplayFlag1
                0x000000000603ab34                _VBIntervalCounter
                0x000000000603ab38                _SpFrameChgMode
 .bss           0x000000000603ab3a        0x0 ../sbl/segalib/lib/libsat.a(scl_pr01.o)
 .bss           0x000000000603ab3a        0x0 ../sbl/segalib/lib/libsat.a(scl_pr02.o)
 .bss           0x000000000603ab3a        0x0 ../sbl/segalib/lib/libsat.a(scl_pr03.o)
 .bss           0x000000000603ab3a        0x0 ../sbl/segalib/lib/libsat.a(scl_pr05.o)
 .bss           0x000000000603ab3a        0x0 ../sbl/segalib/lib/libsat.a(scl_pr06.o)
 .bss           0x000000000603ab3a        0x0 ../sbl/segalib/lib/libsat.a(scl_pr07.o)
 .bss           0x000000000603ab3a        0x0 ../sbl/segalib/lib/libsat.a(scl_pr11.o)
 .bss           0x000000000603ab3a        0x0 ../sbl/segalib/lib/libsat.a(scl_pr12.o)
 .bss           0x000000000603ab3a        0x2 ../sbl/segalib/lib/libsat.a(cdc_reg.o)
                0x000000000603ab3a                _hirq_flag
 .bss           0x000000000603ab3c        0xc ../sbl/segalib/lib/libsat.a(cdc_sub.o)
                0x000000000603ab3c                _cd_stat
 .bss           0x000000000603ab48        0x0 ../sbl/segalib/lib/libsat.a(cdc_dev.o)
 .bss           0x000000000603ab48        0x0 ../sbl/segalib/lib/libsat.a(cdc_sel.o)
 .bss           0x000000000603ab48        0x0 ../sbl/segalib/lib/libsat.a(cdc_bif.o)
 .bss           0x000000000603ab48        0x0 ../sbl/segalib/lib/libsat.a(cdc_bio.o)
 .bss           0x000000000603ab48        0x0 ../sbl/segalib/lib/libsat.a(cdc_cfs.o)
 .bss           0x000000000603ab48        0x0 ../sbl/segalib/lib/libsat.a(csh_main.o)
 .bss           0x000000000603ab48        0x0 ../sbl/segalib/lib/libsat.a(dma_cpu0.o)
 .bss           0x000000000603ab48       0x1c ../sbl/segalib/lib/libsat.a(dma_scu0.o)
 .bss           0x000000000603ab64       0x20 ../sbl/segalib/lib/libsat.a(spr_1c.o)
                0x000000000603ab64                _SpDil
                0x000000000603ab66                _SpDie
                0x000000000603ab68                _SpFbcrMode
                0x000000000603ab6a                _SpTvMode
                0x000000000603ab6c                _SpScreenY
                0x000000000603ab70                _SpScreenX
                0x000000000603ab74                _SpInitialFlag
 .bss           0x000000000603ab84        0x0 ../sbl/segalib/lib/libsat.a(spr_2a.o)
 .bss           0x000000000603ab84        0x0 /opt/toolchains/sh-elf/bin/../lib/gcc/sh-elf/11.1.0/libgcc.a(_ashiftrt.o)
 .bss           0x000000000603ab84        0x0 /opt/toolchains/sh-elf/bin/../lib/gcc/sh-elf/11.1.0/libgcc.a(_ashiftrt_n.o)
 .bss           0x000000000603ab84        0x0 /opt/toolchains/sh-elf/bin/../lib/gcc/sh-elf/11.1.0/libgcc.a(_ashiftlt.o)
 .bss           0x000000000603ab84        0x0 /opt/toolchains/sh-elf/bin/../lib/gcc/sh-elf/11.1.0/libgcc.a(_movmem.o)
 .bss           0x000000000603ab84        0x0 /opt/toolchains/sh-elf/bin/../lib/gcc/sh-elf/11.1.0/libgcc.a(_sdivsi3.o)
 .bss           0x000000000603ab84        0x0 /opt/toolchains/sh-elf/bin/../lib/gcc/sh-elf/11.1.0/libgcc.a(_udivsi3.o)
 .bss           0x000000000603ab84        0x0 /opt/toolchains/sh-elf/bin/../lib/gcc/sh-elf/11.1.0/libgcc.a(_mul_df.o)
 .bss           0x000000000603ab84        0x0 /opt/toolchains/sh-elf/bin/../lib/gcc/sh-elf/11.1.0/libgcc.a(_si_to_df.o)
 .bss           0x000000000603ab84        0x0 /opt/toolchains/sh-elf/bin/../lib/gcc/sh-elf/11.1.0/libgcc.a(_df_to_si.o)
 .bss           0x000000000603ab84        0x0 /opt/toolchains/sh-elf/bin/../lib/gcc/sh-elf/11.1.0/libgcc.a(_thenan_df.o)
 .bss           0x000000000603ab84        0x0 /opt/toolchains/sh-elf/bin/../lib/gcc/sh-elf/11.1.0/libgcc.a(_lshiftrt.o)
 .bss           0x000000000603ab84        0x0 /opt/toolchains/sh-elf/bin/../lib/gcc/sh-elf/11.1.0/libgcc.a(_clzsi2.o)
 .bss           0x000000000603ab84        0x0 /opt/toolchains/sh-elf/bin/../lib/gcc/sh-elf/11.1.0/libgcc.a(_pack_df.o)
 .bss           0x000000000603ab84        0x0 /opt/toolchains/sh-elf/bin/../lib/gcc/sh-elf/11.1.0/libgcc.a(_unpack_df.o)
 .bss           0x000000000603ab84        0x0 /opt/toolchains/sh-elf/bin/../lib/gcc/sh-elf/11.1.0/libgcc.a(_clz.o)
 .bss           0x000000000603ab84        0x0 /opt/toolchains/sh-elf/bin/../lib/gcc/sh-elf/11.1.0/../../../../sh-elf/lib/libc.a(lib_a-memcmp.o)
 .bss           0x000000000603ab84        0x0 /opt/toolchains/sh-elf/bin/../lib/gcc/sh-elf/11.1.0/../../../../sh-elf/lib/libc.a(lib_a-memcpy.o)
 .bss           0x000000000603ab84        0x0 /opt/toolchains/sh-elf/bin/../lib/gcc/sh-elf/11.1.0/../../../../sh-elf/lib/libc.a(lib_a-memmove.o)
 .bss           0x000000000603ab84        0x0 /opt/toolchains/sh-elf/bin/../lib/gcc/sh-elf/11.1.0/../../../../sh-elf/lib/libc.a(lib_a-memset.o)
 .bss           0x000000000603ab84        0x0 /opt/toolchains/sh-elf/bin/../lib/gcc/sh-elf/11.1.0/../../../../sh-elf/lib/libc.a(lib_a-strcpy.o)
 .bss           0x000000000603ab84        0x0 /opt/toolchains/sh-elf/bin/../lib/gcc/sh-elf/11.1.0/../../../../sh-elf/lib/libc.a(lib_a-strncmp.o)
 .bss           0x000000000603ab84        0x0 /opt/toolchains/sh-elf/bin/../lib/gcc/sh-elf/11.1.0/../../../../sh-elf/lib/libc.a(lib_a-strncpy.o)
 *(COMMON)
                0x000000000603ab84                _bss_end = .
                0x000000000603ab90                . = ALIGN (0x10)
 *fill*         0x000000000603ab84        0xc 
                0x000000000603ab90                _end = ABSOLUTE (.)

.stack          0x000000000603ab90     0x2000
 *(.stack)
 .stack         0x000000000603ab90     0x2000 stack.o
                0x000000000603ab90                _PROG_STK
                0x000000000603cb90                _stack = .

.lwram          0x0000000000200000        0x0
                0x0000000000200000                . = ALIGN (0x10)
 *(.lwram)
                0x0000000000200000                . = ALIGN (0x10)
OUTPUT(main.elf elf32-sh)

.debug_info     0x0000000000000000     0x826f
 .debug_info    0x0000000000000000      0x4d4 vblank.o
 .debug_info    0x00000000000004d4      0x780 bg.o
 .debug_info    0x0000000000000c54      0x937 cd.o
 .debug_info    0x000000000000158b      0x12d crc.o
 .debug_info    0x00000000000016b8      0x47b devcart.o
 .debug_info    0x0000000000001b33     0x16c2 game.o
 .debug_info    0x00000000000031f5       0x9e hwram.o
 .debug_info    0x0000000000003293      0x4bc rank.o
 .debug_info    0x000000000000374f      0x6a5 pcmsys.o
 .debug_info    0x0000000000003df4       0x69 piece.o
 .debug_info    0x0000000000003e5d      0x3fe print.o
 .debug_info    0x000000000000425b      0x240 rng.o
 .debug_info    0x000000000000449b      0xf2a scroll.o
 .debug_info    0x00000000000053c5      0x49a sound.o
 .debug_info    0x000000000000585f     0x102c sprite.o
 .debug_info    0x000000000000688b      0x3b6 main.o
 .debug_info    0x0000000000006c41      0x4d2 /opt/toolchains/sh-elf/bin/../lib/gcc/sh-elf/11.1.0/libgcc.a(_mul_df.o)
 .debug_info    0x0000000000007113      0x259 /opt/toolchains/sh-elf/bin/../lib/gcc/sh-elf/11.1.0/libgcc.a(_si_to_df.o)
 .debug_info    0x000000000000736c      0x2a5 /opt/toolchains/sh-elf/bin/../lib/gcc/sh-elf/11.1.0/libgcc.a(_df_to_si.o)
 .debug_info    0x0000000000007611      0x15b /opt/toolchains/sh-elf/bin/../lib/gcc/sh-elf/11.1.0/libgcc.a(_thenan_df.o)
 .debug_info    0x000000000000776c      0x130 /opt/toolchains/sh-elf/bin/../lib/gcc/sh-elf/11.1.0/libgcc.a(_clzsi2.o)
 .debug_info    0x000000000000789c      0x298 /opt/toolchains/sh-elf/bin/../lib/gcc/sh-elf/11.1.0/libgcc.a(_pack_df.o)
 .debug_info    0x0000000000007b34      0x20c /opt/toolchains/sh-elf/bin/../lib/gcc/sh-elf/11.1.0/libgcc.a(_unpack_df.o)
 .debug_info    0x0000000000007d40       0xca /opt/toolchains/sh-elf/bin/../lib/gcc/sh-elf/11.1.0/libgcc.a(_clz.o)
 .debug_info    0x0000000000007e0a      0x10f /opt/toolchains/sh-elf/bin/../lib/gcc/sh-elf/11.1.0/../../../../sh-elf/lib/libc.a(lib_a-memcmp.o)
 .debug_info    0x0000000000007f19      0x130 /opt/toolchains/sh-elf/bin/../lib/gcc/sh-elf/11.1.0/../../../../sh-elf/lib/libc.a(lib_a-memmove.o)
 .debug_info    0x0000000000008049       0xf4 /opt/toolchains/sh-elf/bin/../lib/gcc/sh-elf/11.1.0/../../../../sh-elf/lib/libc.a(lib_a-strncmp.o)
 .debug_info    0x000000000000813d      0x132 /opt/toolchains/sh-elf/bin/../lib/gcc/sh-elf/11.1.0/../../../../sh-elf/lib/libc.a(lib_a-strncpy.o)

.debug_abbrev   0x0000000000000000     0x2fb0
 .debug_abbrev  0x0000000000000000      0x1f2 vblank.o
 .debug_abbrev  0x00000000000001f2      0x22e bg.o
 .debug_abbrev  0x0000000000000420      0x25b cd.o
 .debug_abbrev  0x000000000000067b       0xbe crc.o
 .debug_abbrev  0x0000000000000739      0x24f devcart.o
 .debug_abbrev  0x0000000000000988      0x499 game.o
 .debug_abbrev  0x0000000000000e21       0x69 hwram.o
 .debug_abbrev  0x0000000000000e8a      0x25e rank.o
 .debug_abbrev  0x00000000000010e8      0x2f6 pcmsys.o
 .debug_abbrev  0x00000000000013de       0x5a piece.o
 .debug_abbrev  0x0000000000001438      0x1de print.o
 .debug_abbrev  0x0000000000001616      0x1ad rng.o
 .debug_abbrev  0x00000000000017c3      0x332 scroll.o
 .debug_abbrev  0x0000000000001af5      0x1cf sound.o
 .debug_abbrev  0x0000000000001cc4      0x3dc sprite.o
 .debug_abbrev  0x00000000000020a0      0x1b6 main.o
 .debug_abbrev  0x0000000000002256      0x278 /opt/toolchains/sh-elf/bin/../lib/gcc/sh-elf/11.1.0/libgcc.a(_mul_df.o)
 .debug_abbrev  0x00000000000024ce      0x1b2 /opt/toolchains/sh-elf/bin/../lib/gcc/sh-elf/11.1.0/libgcc.a(_si_to_df.o)
 .debug_abbrev  0x0000000000002680      0x1b2 /opt/toolchains/sh-elf/bin/../lib/gcc/sh-elf/11.1.0/libgcc.a(_df_to_si.o)
 .debug_abbrev  0x0000000000002832       0xcf /opt/toolchains/sh-elf/bin/../lib/gcc/sh-elf/11.1.0/libgcc.a(_thenan_df.o)
 .debug_abbrev  0x0000000000002901       0xca /opt/toolchains/sh-elf/bin/../lib/gcc/sh-elf/11.1.0/libgcc.a(_clzsi2.o)
 .debug_abbrev  0x00000000000029cb      0x1ae /opt/toolchains/sh-elf/bin/../lib/gcc/sh-elf/11.1.0/libgcc.a(_pack_df.o)
 .debug_abbrev  0x0000000000002b79      0x142 /opt/toolchains/sh-elf/bin/../lib/gcc/sh-elf/11.1.0/libgcc.a(_unpack_df.o)
 .debug_abbrev  0x0000000000002cbb       0x70 /opt/toolchains/sh-elf/bin/../lib/gcc/sh-elf/11.1.0/libgcc.a(_clz.o)
 .debug_abbrev  0x0000000000002d2b       0x8a /opt/toolchains/sh-elf/bin/../lib/gcc/sh-elf/11.1.0/../../../../sh-elf/lib/libc.a(lib_a-memcmp.o)
 .debug_abbrev  0x0000000000002db5       0xba /opt/toolchains/sh-elf/bin/../lib/gcc/sh-elf/11.1.0/../../../../sh-elf/lib/libc.a(lib_a-memmove.o)
 .debug_abbrev  0x0000000000002e6f       0x8c /opt/toolchains/sh-elf/bin/../lib/gcc/sh-elf/11.1.0/../../../../sh-elf/lib/libc.a(lib_a-strncmp.o)
 .debug_abbrev  0x0000000000002efb       0xb5 /opt/toolchains/sh-elf/bin/../lib/gcc/sh-elf/11.1.0/../../../../sh-elf/lib/libc.a(lib_a-strncpy.o)

.debug_aranges  0x0000000000000000      0x360
 .debug_aranges
                0x0000000000000000       0x20 vblank.o
 .debug_aranges
                0x0000000000000020       0x20 bg.o
 .debug_aranges
                0x0000000000000040       0x20 cd.o
 .debug_aranges
                0x0000000000000060       0x20 crc.o
 .debug_aranges
                0x0000000000000080       0x20 devcart.o
 .debug_aranges
                0x00000000000000a0       0x20 game.o
 .debug_aranges
                0x00000000000000c0       0x18 hwram.o
 .debug_aranges
                0x00000000000000d8       0x20 rank.o
 .debug_aranges
                0x00000000000000f8       0x20 pcmsys.o
 .debug_aranges
                0x0000000000000118       0x18 piece.o
 .debug_aranges
                0x0000000000000130       0x20 print.o
 .debug_aranges
                0x0000000000000150       0x20 rng.o
 .debug_aranges
                0x0000000000000170       0x20 scroll.o
 .debug_aranges
                0x0000000000000190       0x20 sound.o
 .debug_aranges
                0x00000000000001b0       0x20 sprite.o
 .debug_aranges
                0x00000000000001d0       0x20 main.o
 .debug_aranges
                0x00000000000001f0       0x20 /opt/toolchains/sh-elf/bin/../lib/gcc/sh-elf/11.1.0/libgcc.a(_mul_df.o)
 .debug_aranges
                0x0000000000000210       0x20 /opt/toolchains/sh-elf/bin/../lib/gcc/sh-elf/11.1.0/libgcc.a(_si_to_df.o)
 .debug_aranges
                0x0000000000000230       0x20 /opt/toolchains/sh-elf/bin/../lib/gcc/sh-elf/11.1.0/libgcc.a(_df_to_si.o)
 .debug_aranges
                0x0000000000000250       0x18 /opt/toolchains/sh-elf/bin/../lib/gcc/sh-elf/11.1.0/libgcc.a(_thenan_df.o)
 .debug_aranges
                0x0000000000000268       0x20 /opt/toolchains/sh-elf/bin/../lib/gcc/sh-elf/11.1.0/libgcc.a(_clzsi2.o)
 .debug_aranges
                0x0000000000000288       0x20 /opt/toolchains/sh-elf/bin/../lib/gcc/sh-elf/11.1.0/libgcc.a(_pack_df.o)
 .debug_aranges
                0x00000000000002a8       0x20 /opt/toolchains/sh-elf/bin/../lib/gcc/sh-elf/11.1.0/libgcc.a(_unpack_df.o)
 .debug_aranges
                0x00000000000002c8       0x18 /opt/toolchains/sh-elf/bin/../lib/gcc/sh-elf/11.1.0/libgcc.a(_clz.o)
 .debug_aranges
                0x00000000000002e0       0x20 /opt/toolchains/sh-elf/bin/../lib/gcc/sh-elf/11.1.0/../../../../sh-elf/lib/libc.a(lib_a-memcmp.o)
 .debug_aranges
                0x0000000000000300       0x20 /opt/toolchains/sh-elf/bin/../lib/gcc/sh-elf/11.1.0/../../../../sh-elf/lib/libc.a(lib_a-memmove.o)
 .debug_aranges
                0x0000000000000320       0x20 /opt/toolchains/sh-elf/bin/../lib/gcc/sh-elf/11.1.0/../../../../sh-elf/lib/libc.a(lib_a-strncmp.o)
 .debug_aranges
                0x0000000000000340       0x20 /opt/toolchains/sh-elf/bin/../lib/gcc/sh-elf/11.1.0/../../../../sh-elf/lib/libc.a(lib_a-strncpy.o)

.debug_line     0x0000000000000000     0x4bc7
 .debug_line    0x0000000000000000      0x153 vblank.o
 .debug_line    0x0000000000000153      0x4a3 bg.o
 .debug_line    0x00000000000005f6      0x13e cd.o
 .debug_line    0x0000000000000734       0xaa crc.o
 .debug_line    0x00000000000007de      0x3d0 devcart.o
 .debug_line    0x0000000000000bae     0x1071 game.o
 .debug_line    0x0000000000001c1f       0x58 hwram.o
 .debug_line    0x0000000000001c77      0x237 rank.o
 .debug_line    0x0000000000001eae      0x4ce pcmsys.o
 .debug_line    0x000000000000237c       0x33 piece.o
 .debug_line    0x00000000000023af      0x1db print.o
 .debug_line    0x000000000000258a      0x155 rng.o
 .debug_line    0x00000000000026df      0x6b9 scroll.o
 .debug_line    0x0000000000002d98      0x285 sound.o
 .debug_line    0x000000000000301d      0x820 sprite.o
 .debug_line    0x000000000000383d      0x1b9 main.o
 .debug_line    0x00000000000039f6      0x2d6 /opt/toolchains/sh-elf/bin/../lib/gcc/sh-elf/11.1.0/libgcc.a(_mul_df.o)
 .debug_line    0x0000000000003ccc      0x13d /opt/toolchains/sh-elf/bin/../lib/gcc/sh-elf/11.1.0/libgcc.a(_si_to_df.o)
 .debug_line    0x0000000000003e09       0xf6 /opt/toolchains/sh-elf/bin/../lib/gcc/sh-elf/11.1.0/libgcc.a(_df_to_si.o)
 .debug_line    0x0000000000003eff       0x50 /opt/toolchains/sh-elf/bin/../lib/gcc/sh-elf/11.1.0/libgcc.a(_thenan_df.o)
 .debug_line    0x0000000000003f4f       0xad /opt/toolchains/sh-elf/bin/../lib/gcc/sh-elf/11.1.0/libgcc.a(_clzsi2.o)
 .debug_line    0x0000000000003ffc      0x30c /opt/toolchains/sh-elf/bin/../lib/gcc/sh-elf/11.1.0/libgcc.a(_pack_df.o)
 .debug_line    0x0000000000004308      0x146 /opt/toolchains/sh-elf/bin/../lib/gcc/sh-elf/11.1.0/libgcc.a(_unpack_df.o)
 .debug_line    0x000000000000444e       0x52 /opt/toolchains/sh-elf/bin/../lib/gcc/sh-elf/11.1.0/libgcc.a(_clz.o)
 .debug_line    0x00000000000044a0      0x167 /opt/toolchains/sh-elf/bin/../lib/gcc/sh-elf/11.1.0/../../../../sh-elf/lib/libc.a(lib_a-memcmp.o)
 .debug_line    0x0000000000004607      0x1ec /opt/toolchains/sh-elf/bin/../lib/gcc/sh-elf/11.1.0/../../../../sh-elf/lib/libc.a(lib_a-memmove.o)
 .debug_line    0x00000000000047f3      0x200 /opt/toolchains/sh-elf/bin/../lib/gcc/sh-elf/11.1.0/../../../../sh-elf/lib/libc.a(lib_a-strncmp.o)
 .debug_line    0x00000000000049f3      0x1d4 /opt/toolchains/sh-elf/bin/../lib/gcc/sh-elf/11.1.0/../../../../sh-elf/lib/libc.a(lib_a-strncpy.o)

.debug_str      0x0000000000000000     0x1c62
 .debug_str     0x0000000000000000      0x236 vblank.o
                                        0x298 (size before relaxing)
 .debug_str     0x0000000000000236      0x1e3 bg.o
                                        0x2c8 (size before relaxing)
 .debug_str     0x0000000000000419      0x25a cd.o
                                        0x36a (size before relaxing)
 .debug_str     0x0000000000000673       0x3a crc.o
                                        0x121 (size before relaxing)
 .debug_str     0x00000000000006ad      0x118 devcart.o
                                        0x246 (size before relaxing)
 .debug_str     0x00000000000007c5      0x4f8 game.o
                                        0x63b (size before relaxing)
 .debug_str     0x0000000000000cbd        0x8 hwram.o
                                         0xcd (size before relaxing)
 .debug_str     0x0000000000000cc5       0xa9 rank.o
                                        0x298 (size before relaxing)
 .debug_str     0x0000000000000d6e      0x161 pcmsys.o
                                        0x302 (size before relaxing)
 .debug_str     0x0000000000000ecf        0x8 piece.o
                                         0x62 (size before relaxing)
 .debug_str     0x0000000000000ed7       0x4b print.o
                                        0x1f4 (size before relaxing)
 .debug_str     0x0000000000000f22       0x7c rng.o
                                        0x184 (size before relaxing)
 .debug_str     0x0000000000000f9e      0x355 scroll.o
                                        0x4f8 (size before relaxing)
 .debug_str     0x00000000000012f3       0xb8 sound.o
                                        0x20c (size before relaxing)
 .debug_str     0x00000000000013ab      0x328 sprite.o
                                        0x560 (size before relaxing)
 .debug_str     0x00000000000016d3      0x146 main.o
                                        0x31c (size before relaxing)
 .debug_str     0x0000000000001819      0x212 /opt/toolchains/sh-elf/bin/../lib/gcc/sh-elf/11.1.0/libgcc.a(_mul_df.o)
                                        0x28a (size before relaxing)
 .debug_str     0x0000000000001a2b       0x27 /opt/toolchains/sh-elf/bin/../lib/gcc/sh-elf/11.1.0/libgcc.a(_si_to_df.o)
                                        0x216 (size before relaxing)
 .debug_str     0x0000000000001a52        0xa /opt/toolchains/sh-elf/bin/../lib/gcc/sh-elf/11.1.0/libgcc.a(_df_to_si.o)
                                        0x233 (size before relaxing)
 .debug_str     0x0000000000001a5c      0x1d5 /opt/toolchains/sh-elf/bin/../lib/gcc/sh-elf/11.1.0/libgcc.a(_thenan_df.o)
 .debug_str     0x0000000000001a5c       0x59 /opt/toolchains/sh-elf/bin/../lib/gcc/sh-elf/11.1.0/libgcc.a(_clzsi2.o)
                                        0x198 (size before relaxing)
 .debug_str     0x0000000000001ab5        0x7 /opt/toolchains/sh-elf/bin/../lib/gcc/sh-elf/11.1.0/libgcc.a(_pack_df.o)
                                        0x227 (size before relaxing)
 .debug_str     0x0000000000001abc      0x209 /opt/toolchains/sh-elf/bin/../lib/gcc/sh-elf/11.1.0/libgcc.a(_unpack_df.o)
 .debug_str     0x0000000000001abc      0x17b /opt/toolchains/sh-elf/bin/../lib/gcc/sh-elf/11.1.0/libgcc.a(_clz.o)
 .debug_str     0x0000000000001abc       0xa8 /opt/toolchains/sh-elf/bin/../lib/gcc/sh-elf/11.1.0/../../../../sh-elf/lib/libc.a(lib_a-memcmp.o)
                                        0x144 (size before relaxing)
 .debug_str     0x0000000000001b64       0x72 /opt/toolchains/sh-elf/bin/../lib/gcc/sh-elf/11.1.0/../../../../sh-elf/lib/libc.a(lib_a-memmove.o)
                                        0x177 (size before relaxing)
 .debug_str     0x0000000000001bd6       0x41 /opt/toolchains/sh-elf/bin/../lib/gcc/sh-elf/11.1.0/../../../../sh-elf/lib/libc.a(lib_a-strncmp.o)
                                        0x146 (size before relaxing)
 .debug_str     0x0000000000001c17       0x4b /opt/toolchains/sh-elf/bin/../lib/gcc/sh-elf/11.1.0/../../../../sh-elf/lib/libc.a(lib_a-strncpy.o)
                                        0x16e (size before relaxing)

.comment        0x0000000000000000       0x12
 .comment       0x0000000000000000       0x12 vblank.o
                                         0x13 (size before relaxing)
 .comment       0x0000000000000012       0x13 bg.o
 .comment       0x0000000000000012       0x13 cd.o
 .comment       0x0000000000000012       0x13 crc.o
 .comment       0x0000000000000012       0x13 devcart.o
 .comment       0x0000000000000012       0x13 game.o
 .comment       0x0000000000000012       0x13 hwram.o
 .comment       0x0000000000000012       0x13 rank.o
 .comment       0x0000000000000012       0x13 pcmsys.o
 .comment       0x0000000000000012       0x13 piece.o
 .comment       0x0000000000000012       0x13 print.o
 .comment       0x0000000000000012       0x13 rng.o
 .comment       0x0000000000000012       0x13 scroll.o
 .comment       0x0000000000000012       0x13 sound.o
 .comment       0x0000000000000012       0x13 sprite.o
 .comment       0x0000000000000012       0x13 main.o
 .comment       0x0000000000000012       0x13 ../sbl/segalib/lib/libsat.a(cdc_cmn.o)
 .comment       0x0000000000000012       0x13 ../sbl/segalib/lib/libsat.a(cdc_drv.o)
 .comment       0x0000000000000012       0x13 ../sbl/segalib/lib/libsat.a(dma_scu1.o)
 .comment       0x0000000000000012       0x13 ../sbl/segalib/lib/libsat.a(gfs.o)
 .comment       0x0000000000000012       0x13 ../sbl/segalib/lib/libsat.a(gfs_buf.o)
 .comment       0x0000000000000012       0x13 ../sbl/segalib/lib/libsat.a(gfs_cdb.o)
 .comment       0x0000000000000012       0x13 ../sbl/segalib/lib/libsat.a(gfs_cdc.o)
 .comment       0x0000000000000012       0x13 ../sbl/segalib/lib/libsat.a(gfs_cdf.o)
 .comment       0x0000000000000012       0x13 ../sbl/segalib/lib/libsat.a(gfs_dir.o)
 .comment       0x0000000000000012       0x13 ../sbl/segalib/lib/libsat.a(gfs_trn.o)
 .comment       0x0000000000000012       0x13 ../sbl/segalib/lib/libsat.a(mth_rand.o)
 .comment       0x0000000000000012       0x13 ../sbl/segalib/lib/libsat.a(per_prt.o)
 .comment       0x0000000000000012       0x13 ../sbl/segalib/lib/libsat.a(spr_2c.o)
 .comment       0x0000000000000012       0x13 ../sbl/segalib/lib/libsat.a(scl_func.o)
 .comment       0x0000000000000012       0x13 ../sbl/segalib/lib/libsat.a(scl_fu02.o)
 .comment       0x0000000000000012       0x13 ../sbl/segalib/lib/libsat.a(scl_fu03.o)
 .comment       0x0000000000000012       0x13 ../sbl/segalib/lib/libsat.a(scl_fu04.o)
 .comment       0x0000000000000012       0x13 ../sbl/segalib/lib/libsat.a(scl_pri.o)
 .comment       0x0000000000000012       0x13 ../sbl/segalib/lib/libsat.a(scl_ro00.o)
 .comment       0x0000000000000012       0x13 ../sbl/segalib/lib/libsat.a(scl_ro03.o)
 .comment       0x0000000000000012       0x13 ../sbl/segalib/lib/libsat.a(scl_back.o)
 .comment       0x0000000000000012       0x13 ../sbl/segalib/lib/libsat.a(scl_vblv.o)
 .comment       0x0000000000000012       0x13 ../sbl/segalib/lib/libsat.a(scl_pr01.o)
 .comment       0x0000000000000012       0x13 ../sbl/segalib/lib/libsat.a(scl_pr02.o)
 .comment       0x0000000000000012       0x13 ../sbl/segalib/lib/libsat.a(scl_pr03.o)
 .comment       0x0000000000000012       0x13 ../sbl/segalib/lib/libsat.a(scl_pr05.o)
 .comment       0x0000000000000012       0x13 ../sbl/segalib/lib/libsat.a(scl_pr06.o)
 .comment       0x0000000000000012       0x13 ../sbl/segalib/lib/libsat.a(scl_pr07.o)
 .comment       0x0000000000000012       0x13 ../sbl/segalib/lib/libsat.a(scl_pr11.o)
 .comment       0x0000000000000012       0x13 ../sbl/segalib/lib/libsat.a(scl_pr12.o)
 .comment       0x0000000000000012       0x13 ../sbl/segalib/lib/libsat.a(cdc_reg.o)
 .comment       0x0000000000000012       0x13 ../sbl/segalib/lib/libsat.a(cdc_sub.o)
 .comment       0x0000000000000012       0x13 ../sbl/segalib/lib/libsat.a(cdc_dev.o)
 .comment       0x0000000000000012       0x13 ../sbl/segalib/lib/libsat.a(cdc_sel.o)
 .comment       0x0000000000000012       0x13 ../sbl/segalib/lib/libsat.a(cdc_bif.o)
 .comment       0x0000000000000012       0x13 ../sbl/segalib/lib/libsat.a(cdc_bio.o)
 .comment       0x0000000000000012       0x13 ../sbl/segalib/lib/libsat.a(cdc_cfs.o)
 .comment       0x0000000000000012       0x13 ../sbl/segalib/lib/libsat.a(csh_main.o)
 .comment       0x0000000000000012       0x13 ../sbl/segalib/lib/libsat.a(dma_cpu0.o)
 .comment       0x0000000000000012       0x13 ../sbl/segalib/lib/libsat.a(dma_scu0.o)
 .comment       0x0000000000000012       0x13 ../sbl/segalib/lib/libsat.a(spr_1c.o)
 .comment       0x0000000000000012       0x13 /opt/toolchains/sh-elf/bin/../lib/gcc/sh-elf/11.1.0/libgcc.a(_mul_df.o)
 .comment       0x0000000000000012       0x13 /opt/toolchains/sh-elf/bin/../lib/gcc/sh-elf/11.1.0/libgcc.a(_si_to_df.o)
 .comment       0x0000000000000012       0x13 /opt/toolchains/sh-elf/bin/../lib/gcc/sh-elf/11.1.0/libgcc.a(_df_to_si.o)
 .comment       0x0000000000000012       0x13 /opt/toolchains/sh-elf/bin/../lib/gcc/sh-elf/11.1.0/libgcc.a(_thenan_df.o)
 .comment       0x0000000000000012       0x13 /opt/toolchains/sh-elf/bin/../lib/gcc/sh-elf/11.1.0/libgcc.a(_clzsi2.o)
 .comment       0x0000000000000012       0x13 /opt/toolchains/sh-elf/bin/../lib/gcc/sh-elf/11.1.0/libgcc.a(_pack_df.o)
 .comment       0x0000000000000012       0x13 /opt/toolchains/sh-elf/bin/../lib/gcc/sh-elf/11.1.0/libgcc.a(_unpack_df.o)
 .comment       0x0000000000000012       0x13 /opt/toolchains/sh-elf/bin/../lib/gcc/sh-elf/11.1.0/libgcc.a(_clz.o)
 .comment       0x0000000000000012       0x13 /opt/toolchains/sh-elf/bin/../lib/gcc/sh-elf/11.1.0/../../../../sh-elf/lib/libc.a(lib_a-memcmp.o)
 .comment       0x0000000000000012       0x13 /opt/toolchains/sh-elf/bin/../lib/gcc/sh-elf/11.1.0/../../../../sh-elf/lib/libc.a(lib_a-memmove.o)
 .comment       0x0000000000000012       0x13 /opt/toolchains/sh-elf/bin/../lib/gcc/sh-elf/11.1.0/../../../../sh-elf/lib/libc.a(lib_a-strncmp.o)
 .comment       0x0000000000000012       0x13 /opt/toolchains/sh-elf/bin/../lib/gcc/sh-elf/11.1.0/../../../../sh-elf/lib/libc.a(lib_a-strncpy.o)

.debug_frame    0x0000000000000000     0x1024
 .debug_frame   0x0000000000000000       0x84 vblank.o
 .debug_frame   0x0000000000000084       0xfc bg.o
 .debug_frame   0x0000000000000180       0x78 cd.o
 .debug_frame   0x00000000000001f8       0x20 crc.o
 .debug_frame   0x0000000000000218       0x98 devcart.o
 .debug_frame   0x00000000000002b0      0x284 game.o
 .debug_frame   0x0000000000000534       0x60 rank.o
 .debug_frame   0x0000000000000594      0x174 pcmsys.o
 .debug_frame   0x0000000000000708       0xc4 print.o
 .debug_frame   0x00000000000007cc       0x80 rng.o
 .debug_frame   0x000000000000084c      0x250 scroll.o
 .debug_frame   0x0000000000000a9c       0x84 sound.o
 .debug_frame   0x0000000000000b20      0x224 sprite.o
 .debug_frame   0x0000000000000d44       0x4c main.o
 .debug_frame   0x0000000000000d90       0x98 /opt/toolchains/sh-elf/bin/../lib/gcc/sh-elf/11.1.0/libgcc.a(_mul_df.o)
 .debug_frame   0x0000000000000e28       0x3c /opt/toolchains/sh-elf/bin/../lib/gcc/sh-elf/11.1.0/libgcc.a(_si_to_df.o)
 .debug_frame   0x0000000000000e64       0x48 /opt/toolchains/sh-elf/bin/../lib/gcc/sh-elf/11.1.0/libgcc.a(_df_to_si.o)
 .debug_frame   0x0000000000000eac       0x38 /opt/toolchains/sh-elf/bin/../lib/gcc/sh-elf/11.1.0/libgcc.a(_clzsi2.o)
 .debug_frame   0x0000000000000ee4       0x6c /opt/toolchains/sh-elf/bin/../lib/gcc/sh-elf/11.1.0/libgcc.a(_pack_df.o)
 .debug_frame   0x0000000000000f50       0x20 /opt/toolchains/sh-elf/bin/../lib/gcc/sh-elf/11.1.0/libgcc.a(_unpack_df.o)
 .debug_frame   0x0000000000000f70       0x20 /opt/toolchains/sh-elf/bin/../lib/gcc/sh-elf/11.1.0/../../../../sh-elf/lib/libc.a(lib_a-memcmp.o)
 .debug_frame   0x0000000000000f90       0x20 /opt/toolchains/sh-elf/bin/../lib/gcc/sh-elf/11.1.0/../../../../sh-elf/lib/libc.a(lib_a-memmove.o)
 .debug_frame   0x0000000000000fb0       0x30 /opt/toolchains/sh-elf/bin/../lib/gcc/sh-elf/11.1.0/../../../../sh-elf/lib/libc.a(lib_a-strncmp.o)
 .debug_frame   0x0000000000000fe0       0x44 /opt/toolchains/sh-elf/bin/../lib/gcc/sh-elf/11.1.0/../../../../sh-elf/lib/libc.a(lib_a-strncpy.o)

.debug_loclists
                0x0000000000000000     0x1f8f
 .debug_loclists
                0x0000000000000000       0x63 bg.o
 .debug_loclists
                0x0000000000000063       0x59 cd.o
 .debug_loclists
                0x00000000000000bc       0x64 crc.o
 .debug_loclists
                0x0000000000000120      0x1ae devcart.o
 .debug_loclists
                0x00000000000002ce      0x59d game.o
 .debug_loclists
                0x000000000000086b      0x142 rank.o
 .debug_loclists
                0x00000000000009ad      0x1fe pcmsys.o
 .debug_loclists
                0x0000000000000bab      0x19d print.o
 .debug_loclists
                0x0000000000000d48       0x70 rng.o
 .debug_loclists
                0x0000000000000db8      0x42c scroll.o
 .debug_loclists
                0x00000000000011e4       0x94 sound.o
 .debug_loclists
                0x0000000000001278      0x2ed sprite.o
 .debug_loclists