Archive member included to satisfy reference by file (symbol)

../sbl/segalib/lib/libsat.a(cdc_cmn.o)
                              main.o (_CDC_GetPeriStat)
../sbl/segalib/lib/libsat.a(cdc_drv.o)
                              sound.o (_CDC_CdPlay)
../sbl/segalib/lib/libsat.a(dma_scu1.o)
                              main.o (_DMA_ScuInit)
../sbl/segalib/lib/libsat.a(gfs.o)
                              cd.o (_GFS_SetDir)
../sbl/segalib/lib/libsat.a(gfs_buf.o)
                              ../sbl/segalib/lib/libsat.a(gfs.o) (_GFBF_GetNumData)
../sbl/segalib/lib/libsat.a(gfs_cdb.o)
                              ../sbl/segalib/lib/libsat.a(gfs.o) (_GFCB_Close)
../sbl/segalib/lib/libsat.a(gfs_cdc.o)
                              ../sbl/segalib/lib/libsat.a(gfs_cdb.o) (_GFCD_AllocFilt)
../sbl/segalib/lib/libsat.a(gfs_cdf.o)
                              ../sbl/segalib/lib/libsat.a(gfs.o) (_GFCF_Init)
../sbl/segalib/lib/libsat.a(gfs_dir.o)
                              ../sbl/segalib/lib/libsat.a(gfs.o) (_GFDR_NameToId)
../sbl/segalib/lib/libsat.a(gfs_trn.o)
                              ../sbl/segalib/lib/libsat.a(gfs.o) (_GFTR_Setup)
../sbl/segalib/lib/libsat.a(mth_rand.o)
                              rng.o (_MTH_InitialRand)
../sbl/segalib/lib/libsat.a(mth_fixd.o)
                              sprite.o (_MTH_Mul)
../sbl/segalib/lib/libsat.a(mth_tri.o)
                              sprite.o (_MTH_Sin)
../sbl/segalib/lib/libsat.a(per_prt.o)
                              vblank.o (_PER_Init)
../sbl/segalib/lib/libsat.a(spr_2c.o)
                              sprite.o (_SPR_2SetTvMode)
../sbl/segalib/lib/libsat.a(scl_func.o)
                              scroll.o (_Scl_n_reg)
../sbl/segalib/lib/libsat.a(scl_fu02.o)
                              scroll.o (_SCL_InitVramConfigTb)
../sbl/segalib/lib/libsat.a(scl_fu03.o)
                              scroll.o (_SCL_InitConfigTb)
../sbl/segalib/lib/libsat.a(scl_fu04.o)
                              scroll.o (_SCL_SetCycleTable)
../sbl/segalib/lib/libsat.a(scl_pri.o)
                              ../sbl/segalib/lib/libsat.a(scl_func.o) (_SCL_PriorityInit)
../sbl/segalib/lib/libsat.a(scl_ro00.o)
                              scroll.o (_SCL_InitRotateTable)
../sbl/segalib/lib/libsat.a(scl_ro03.o)
                              bg.o (_SCL_RotateTo)
../sbl/segalib/lib/libsat.a(scl_back.o)
                              scroll.o (_SCL_SetBack)
../sbl/segalib/lib/libsat.a(scl_vblv.o)
                              ../sbl/segalib/lib/libsat.a(spr_2c.o) (_SCL_SetFrameInterval)
../sbl/segalib/lib/libsat.a(scl_pr01.o)
                              sprite.o (_SCL_SetSpriteMode)
../sbl/segalib/lib/libsat.a(scl_pr02.o)
                              scroll.o (_SCL_SetColRam)
../sbl/segalib/lib/libsat.a(scl_pr03.o)
                              scroll.o (_SCL_AllocColRam)
../sbl/segalib/lib/libsat.a(scl_pr05.o)
                              ../sbl/segalib/lib/libsat.a(scl_pr02.o) (_SCL_GetColRamOffset)
../sbl/segalib/lib/libsat.a(scl_pr06.o)
                              ../sbl/segalib/lib/libsat.a(scl_pr03.o) (_SCL_SetColRamOffset)
../sbl/segalib/lib/libsat.a(scl_pr07.o)
                              scroll.o (_SCL_SetPriority)
../sbl/segalib/lib/libsat.a(scl_pr11.o)
                              bg.o (_SCL_SetAutoColOffset)
../sbl/segalib/lib/libsat.a(scl_pr12.o)
                              bg.o (_SCL_SetColOffset)
../sbl/segalib/lib/libsat.a(cdc_reg.o)
                              ../sbl/segalib/lib/libsat.a(gfs_cdb.o) (_CDC_GetDataPtr)
../sbl/segalib/lib/libsat.a(cdc_sub.o)
                              ../sbl/segalib/lib/libsat.a(cdc_cmn.o) (_CDSUB_GetCdstat)
../sbl/segalib/lib/libsat.a(cdc_dev.o)
                              ../sbl/segalib/lib/libsat.a(gfs_cdc.o) (_CDC_CdSetCon)
../sbl/segalib/lib/libsat.a(cdc_sel.o)
                              ../sbl/segalib/lib/libsat.a(gfs_cdc.o) (_CDC_SetFiltRange)
../sbl/segalib/lib/libsat.a(cdc_bif.o)
                              ../sbl/segalib/lib/libsat.a(gfs_cdc.o) (_CDC_GetBufSiz)
../sbl/segalib/lib/libsat.a(cdc_bio.o)
                              ../sbl/segalib/lib/libsat.a(gfs_cdc.o) (_CDC_SetSctLen)
../sbl/segalib/lib/libsat.a(cdc_cfs.o)
                              ../sbl/segalib/lib/libsat.a(gfs_cdc.o) (_CDC_ChgDir)
../sbl/segalib/lib/libsat.a(csh_main.o)
                              ../sbl/segalib/lib/libsat.a(dma_scu1.o) (_CSH_Purge)
../sbl/segalib/lib/libsat.a(dma_cpu0.o)
                              ../sbl/segalib/lib/libsat.a(gfs_trn.o) (_DMA_CpuSetComPrm)
../sbl/segalib/lib/libsat.a(dma_scu0.o)
                              ../sbl/segalib/lib/libsat.a(dma_scu1.o) (_DMA_ScuSetPrm)
../sbl/segalib/lib/libsat.a(spr_1c.o)
                              ../sbl/segalib/lib/libsat.a(spr_2c.o) (_SPR_SetTvMode)
../sbl/segalib/lib/libsat.a(spr_2a.o)
                              ../sbl/segalib/lib/libsat.a(spr_2c.o) (_SPR_2SetDrawPrty)
/opt/toolchains/sh-elf/bin/../lib/gcc/sh-elf/11.1.0/libgcc.a(_ashiftrt.o)
[...]
Memory Configuration

Name             Origin             Length             Attributes
*default*        0x0000000000000000 0xffffffffffffffff

Linker script and memory map

LOAD entry.o
LOAD stack.o
LOAD vblank.o
LOAD bg.o
LOAD cd.o
LOAD crc.o
LOAD devcart.o
LOAD game.o
LOAD hwram.o
LOAD pcmsys.o
LOAD piece.o
LOAD print.o
LOAD rng.o
LOAD scroll.o
LOAD sound.o
LOAD sprite.o
LOAD main.o
LOAD ../sbl/segalib/lib/libsat.a
LOAD /opt/toolchains/sh-elf/bin/../lib/gcc/sh-elf/11.1.0/libgcc.a
LOAD /opt/toolchains/sh-elf/bin/../lib/gcc/sh-elf/11.1.0/libgcc-Os-4-200.a
LOAD /opt/toolchains/sh-elf/bin/../lib/gcc/sh-elf/11.1.0/../../../../sh-elf/lib/libc.a
LOAD /opt/toolchains/sh-elf/bin/../lib/gcc/sh-elf/11.1.0/libgcc.a
LOAD /opt/toolchains/sh-elf/bin/../lib/gcc/sh-elf/11.1.0/libgcc-Os-4-200.a

.entry          0x0000000006010000       0x60
 *(.entry)
 .entry         0x0000000006010000       0x50 entry.o
                0x0000000006010000                _entry
                0x0000000006010060                . = ALIGN (0x20)
 *fill*         0x0000000006010050       0x10 
                0x0000000006010060                _eentry = ABSOLUTE (.)

.text           0x0000000006010060     0xfeb0
 *(.text*)
 .text          0x0000000006010060        0x0 entry.o
 .text          0x0000000006010060        0x0 stack.o
 .text          0x0000000006010060      0x148 vblank.o
                0x0000000006010060                _CheckVblankEnd
                0x0000000006010070                _UsrVblankIn
                0x0000000006010088                _UsrVblankOut
                0x0000000006010118                _SetVblank
 .text          0x00000000060101a8      0x2c8 bg.o
                0x00000000060101a8                _BG_Init
                0x00000000060102f8                _BG_Run
                0x0000000006010434                _BG_Next
 .text          0x0000000006010470       0xdc cd.o
                0x0000000006010470                _CD_Init
                0x0000000006010498                _CD_ChangeDir
                0x00000000060104d8                _CD_Load
 .text          0x000000000601054c       0x20 crc.o
                0x000000000601054c                _crc_update
 .text          0x000000000601056c      0x1d4 devcart.o
                0x00000000060105c0                _Devcart_LoadFile
                0x000000000601068c                _Devcart_PrintStr
                0x00000000060106c4                _Devcart_Reset
                0x0000000006010708                _Devcart_ChangeDir
 .text          0x0000000006010740      0xf78 game.o
                0x0000000006010a50                _Game_Init
                0x0000000006010d54                _Game_Run
 .text          0x00000000060116b8        0x0 hwram.o
 .text          0x00000000060116b8      0x35c pcmsys.o
                0x00000000060116b8                _smpc_wait_till_ready
                0x00000000060116cc                _smpc_issue_command
                0x00000000060116e0                _load_driver_binary
                0x0000000006011754                _load_drv
                0x000000000601178c                _calculate_bytes_per_blank
                0x00000000060117bc                _load_16bit_pcm
                0x00000000060118b8                _load_8bit_pcm
                0x00000000060119b0                _pcm_play
                0x00000000060119d4                _pcm_parameter_change
                0x00000000060119f0                _pcm_cease
 .text          0x0000000006011a14        0x0 piece.o
 .text          0x0000000006011a14      0x154 print.o
                0x0000000006011a14                _Print_Load
                0x0000000006011a24                _Print_Init
                0x0000000006011a3c                _Print_Num
                0x0000000006011a80                _Print_String
                0x0000000006011ad8                _Print_Display
 .text          0x0000000006011b68       0xf4 rng.o
                0x0000000006011b68                _RNG_Init
                0x0000000006011bbc                _RNG_Get
 .text          0x0000000006011c5c      0x5ac scroll.o
                0x0000000006011c5c                _Scroll_Init
                0x0000000006011eec                _Scroll_TilePtr
                0x0000000006011f40                _Scroll_LoadTile
                0x0000000006011fc0                _Scroll_MapPtr
                0x0000000006011ff8                _Scroll_Scale
                0x0000000006012094                _Scroll_Set
                0x00000000060120d4                _Scroll_Move
                0x0000000006012114                _Scroll_ClearMaps
                0x0000000006012158                _Scroll_ClearVram
                0x0000000006012174                _Scroll_CharSize
                0x00000000060121a8                _Scroll_Enable
                0x00000000060121d8                _Scroll_MapSize
 .text          0x0000000006012208      0x204 sound.o
                0x0000000006012208                _Sound_CDVolume
                0x00000000060122f4                _Sound_Init
                0x00000000060123bc                _Sound_CDDA
                0x00000000060123fc                _Sound_Play
 .text          0x000000000601240c      0x60c sprite.o
                0x000000000601240c                _Sprite_Init
                0x00000000060124a0                _Sprite_Clear
                0x00000000060124bc                _Sprite_Load
                0x00000000060126a8                _Sprite_StartDraw
                0x00000000060126d8                _Sprite_Draw
                0x00000000060128f0                _Sprite_Make
                0x000000000601291c                _Sprite_DrawAll
                0x0000000006012968                _Sprite_Next
                0x00000000060129ac                _Sprite_ListAdd
                0x00000000060129c0                _Sprite_ListRemove
                0x00000000060129e4                _Sprite_Delete
                0x00000000060129f8                _Sprite_DeleteAll
 .text          0x0000000006012a18        0x0 main.o
 .text.startup  0x0000000006012a18      0x124 main.o
                0x0000000006012a18                _main
 .text          0x0000000006012b3c      0x354 ../sbl/segalib/lib/libsat.a(cdc_cmn.o)
                0x0000000006012b3c                _CDC_GetCurStat
                0x0000000006012b80                _CDC_GetLastStat
                0x0000000006012b8c                _getPeriRsp
                0x0000000006012c14                _CDC_GetPeriStat
                0x0000000006012c58                _CDC_GetHwInfo
                0x0000000006012cb0                _CDC_TgetToc
                0x0000000006012d08                _CDC_GetSes
                0x0000000006012d40                _CDC_CdInit
                0x0000000006012db8                _CDC_CdOpen
                0x0000000006012de0                _CDC_DataEnd
                0x0000000006012e34                _CDC_DataReady
 .text          0x0000000006012e90      0x108 ../sbl/segalib/lib/libsat.a(cdc_drv.o)
                0x0000000006012e90                _analyPos
                0x0000000006012ee0                _CDC_CdPlay
                0x0000000006012f34                _CDC_CdSeek
                0x0000000006012f6c                _CDC_CdScan
 .text          0x0000000006012f98      0x198 ../sbl/segalib/lib/libsat.a(dma_scu1.o)
                0x0000000006012f98                _DMA_ScuInit
                0x0000000006012fd4                _DMA_ScuMemCopy
                0x0000000006013098                _DMA_ScuResult
 .text          0x0000000006013130     0x1610 ../sbl/segalib/lib/libsat.a(gfs.o)
                0x0000000006013130                _gfs_recovRdErr
                0x0000000006013158                _GFS_SetErrFunc
                0x000000000601317c                _GFS_GetErrStat
                0x000000000601319c                _gfs_mngSetupFuncTbl
                0x00000000060131c8                _gfs_mngInitWork
                0x0000000006013248                _gfs_mngGetNumFile
                0x00000000060132a0                _GFS_mngAllocGrp
                0x00000000060132e0                _gfs_mngFreeGrp
                0x00000000060132e6                _gfs_mngTermAccess
                0x0000000006013350                _gfs_mngSetErrCode
                0x0000000006013380                _GFS_SetDir
                0x00000000060133e4                _GFS_NameToId
                0x0000000006013434                _GFS_IdToName
                0x0000000006013490                _GFS_Tell
                0x00000000060134d0                _GFS_NwIsComplete
                0x00000000060134f8                _GFS_CdMovePickup
                0x0000000006013558                _GFS_GetDirInfo
                0x00000000060135d0                _gfs_svrSearchHndl
                0x0000000006013604                _gfs_svrAddHndl
                0x0000000006013638                _gfs_svrRemoveHndl
                0x00000000060136ac                _GFS_NwStop
                0x0000000006013704                _GFS_OpenSub
                0x000000000601374c                _GFS_Open
                0x00000000060137f0                _GFS_GetFad
                0x0000000006013834                _gfs_SetSct
                0x0000000006013860                _GFS_NwCdRead
                0x00000000060138e4                _gfs_GetFinfo
                0x0000000006013932                _GFS_GetFileSize
                0x0000000006013994                _GFS_Seek
                0x0000000006013a48                _GFS_IsEof
                0x0000000006013aa8                _GFS_ByteToSct
                0x0000000006013b04                _GFS_GetFileInfo
                0x0000000006013b78                _GFS_NwFread
                0x0000000006013c8c                _GFS_NwGetStat
                0x0000000006013d00                _GFS_SetGmode
                0x0000000006013d64                _GFS_SetTmode
                0x0000000006013dd8                _GFS_SetReadPara
                0x0000000006013e3c                _GFS_SetTransPara
                0x0000000006013eb0                _gfs_transData
                0x0000000006013f40                _gfs_closeSub
                0x0000000006013f70                _GFS_Close
                0x0000000006013fa8                _GFS_LoadDir
                0x0000000006014044                _gfs_getGmode
                0x000000000601404a                _gfs_isTaskDone
                0x0000000006014094                _gfs_convFinStat
                0x00000000060140f8                _gfs_flowIn
                0x0000000006014178                _GFS_NwExecOne
                0x0000000006014208                _GFS_Fread
                0x0000000006014350                _GFS_Load
                0x0000000006014418                _gfs_loadVol
                0x00000000060144dc                _gfs_getRootDir
                0x0000000006014564                _gfs_loadRootDir
                0x00000000060145ec                _GFS_Init
                0x00000000060146d8                _GFS_NwExecServer
 .text          0x0000000006014740       0x6c ../sbl/segalib/lib/libsat.a(gfs_buf.o)
                0x0000000006014740                _GFBF_GetTranData
                0x0000000006014754                _GFBF_GetNumData
                0x000000000601476c                _GFBF_GetSrcPk
                0x0000000006014780                _GFBF_GetSctData
                0x0000000006014794                _GFBF_RtnPk
                0x00000000060147a8                _gfbf_getSctDt
 .text          0x00000000060147ac      0x484 ../sbl/segalib/lib/libsat.a(gfs_cdb.o)
                0x00000000060147ac                _GFCB_Setup
                0x0000000006014870                _GFCB_Close
                0x0000000006014890                _GFCB_GetLenData
                0x0000000006014924                _GFCB_GetLenRoom
                0x0000000006014928                _GFCB_SetFilt
                0x0000000006014980                _GFCB_DeleteAllData
                0x000000000601499c                _GFCB_Tell
                0x00000000060149a4                _GFCB_Seek
                0x0000000006014a88                _GFCB_GetSrcPack
                0x0000000006014b50                _GFCB_GetSctData
                0x0000000006014b7c                _GFCB_GetDstPack
                0x0000000006014b80                _GFCB_RtnPk
                0x0000000006014bc0                _GFCB_MovePickup
                0x0000000006014bd0                _GFCB_SetCon
                0x0000000006014bf8                _GFCB_GetPickup
                0x0000000006014c18                _GFCB_IsPuOwner
                0x0000000006014c24                _GFCB_UngetPickup
 .text          0x0000000006014c30     0x1504 ../sbl/segalib/lib/libsat.a(gfs_cdc.o)
                0x0000000006014c30                _GFCD_AllocFilt
                0x0000000006014c60                _GFCD_FreeFilt
                0x0000000006014c88                _GFCD_AllocBuf
                0x0000000006014cb4                _GFCD_GetBaseFad
                0x0000000006014ce0                _GFCD_GetPickup
                0x0000000006014d04                _GFCD_UngetPickup
                0x0000000006014d28                _GFCD_IsPuOwner
                0x0000000006014d40                _GFCD_CheckDelSctData
                0x0000000006014d68                _GFCD_CheckMove
                0x0000000006014d80                _gfcd_isIdleTask
                0x0000000006014de4                _GFCD_SetTimer
                0x0000000006014df0                _gfcd_checkEflag
                0x0000000006014e0c                _gfcd_initCdbMng
                0x0000000006014e74                _gfcd_setStat
                0x0000000006014e98                _GFCD_GetFilt
                0x0000000006014edc                _GFCD_EndData
                0x0000000006014f20                _GFCD_GetSctInfo
                0x0000000006014f64                _GFCD_GetFileInfo
                0x000000000601502c                _GFCD_GetBufSiz
                0x000000000601505c                _gfcd_doSetFiltTsk
                0x00000000060151c8                _GFCD_SetFilt
                0x0000000006015260                _gfcd_doSetConTsk
                0x00000000060152d8                _GFCD_SetCon
                0x0000000006015324                _gfcd_doGetLenDataTsk
                0x0000000006015424                _GFCD_GetLenData
                0x0000000006015468                _gfcd_doReqDataTsk
                0x00000000060154dc                _GFCD_ReqData
                0x0000000006015524                _gfcd_doDelSctDataTsk
                0x0000000006015630                _GFCD_DelSctData
                0x000000000601567c                _gfcd_doMoveSctTsk
                0x0000000006015798                _GFCD_MoveSctData
                0x00000000060157f4                _gfcd_doSetFiltConTsk
                0x00000000060158f0                _GFCD_SetFiltCon
                0x00000000060159e8                _GFCD_SetCsctFunc
                0x00000000060159f8                _GFCD_WaitScdqFlag
                0x0000000006015a3c                _GFCD_GetStat
                0x0000000006015aac                _GFCD_Init
                0x0000000006015c94                _GFCD_Play
                0x0000000006015ce4                _GFCD_MovePickup
                0x0000000006015d2c                _gfcd_doChgDirTsk
                0x0000000006015ed0                _GFCD_ChgDir
                0x0000000006015f38                _gfcd_doTask
                0x0000000006015fa8                _GFCD_ExecServer
                0x0000000006016084                _GFCD_FreeBuf
                0x0000000006016100                _GFCD_WaitServer
 .text          0x0000000006016134      0x600 ../sbl/segalib/lib/libsat.a(gfs_cdf.o)
                0x0000000006016134                _GFCF_Init
                0x000000000601618c                _GFCF_SetSct
                0x00000000060161b8                _GFCF_GetFileInfo
                0x0000000006016216                _GFCF_Recover
                0x0000000006016258                _GFCF_Tell
                0x0000000006016264                _GFCF_Seek
                0x0000000006016270                _GFCF_cnvIntlvOfs
                0x00000000060162a4                _GFCF_GetStat
                0x00000000060162f0                _GFCF_StopInBuf
                0x0000000006016368                _GFCF_MovePickup
                0x00000000060163ec                _gfcf_getSctSize
                0x0000000006016424                _GFCF_Setup
                0x00000000060164dc                _gfcf_isCdOk
                0x0000000006016528                _gfcf_getPlayRange
                0x0000000006016630                _GFCF_FlowInBuf
 .text          0x0000000006016734      0x7e8 ../sbl/segalib/lib/libsat.a(gfs_dir.o)
                0x0000000006016734                _GFDR_NameToId
                0x0000000006016784                _GFDR_GetInfoDirId
                0x0000000006016790                _GFDR_GetInfoDirName
                0x000000000601679c                _GFDR_GetAtrDirId
                0x00000000060167ac                _GFDR_GetAtrDirName
                0x00000000060167bc                _GFDR_ChgDir
                0x000000000601682c                _GFDR_ChgRoot
                0x0000000006016838                _gfdr_open
                0x0000000006016858                _gfdr_read
                0x0000000006016910                _gfdr_readByte
                0x0000000006016938                _gfdr_readWord
                0x0000000006016960                _gfdr_readWordNB
                0x00000000060169ac                _gfdr_readLongNB
                0x00000000060169f4                _gfdr_readLongNM
                0x0000000006016a14                _gfdr_setNextRec
                0x0000000006016a90                _gfdr_readDirEnt
                0x0000000006016d78                _gfdr_setDirrecCd
                0x0000000006016d96                _gfdr_setupDirIdTbl
                0x0000000006016e0c                _gfdr_setupDirNameTbl
                0x0000000006016eac                _GFDR_SetupDirTbl
 .text          0x0000000006016f1c      0x818 ../sbl/segalib/lib/libsat.a(gfs_trn.o)
                0x0000000006016f1c                _gftr_reqScu
                0x0000000006016f20                _gftr_remCpu
                0x0000000006016f24                _gftr_execScu
                0x0000000006016fa4                _gftr_remScu
                0x0000000006016fc4                _gftr_reqDma0
                0x0000000006016fc8                _gftr_reqDma1
                0x0000000006016fcc                _gftr_reqCpu
                0x0000000006016fd0                _GFTR_Setup
                0x0000000006016ff6                _GFTR_SetMode
                0x0000000006017002                _GFTR_SetUnit
                0x0000000006017006                _GFTR_SetTransPara
                0x0000000006017018                _GFTR_GetTransPara
                0x000000000601701c                _GFTR_GetNumTrans
                0x0000000006017020                _GFTR_SetTransMax
                0x0000000006017026                _GFTR_Start
                0x000000000601702c                _GFTR_Pause
                0x0000000006017032                _gfdma_canUse
                0x0000000006017036                _gfdma_exec
                0x0000000006017110                _gftr_execSdma0
                0x0000000006017134                _gftr_execSdma1
                0x0000000006017158                _gftr_reqTrn
                0x00000000060171ac                _gftr_execTrn
                0x0000000006017278                _gftr_remTrn
                0x00000000060172d8                _gftr_copyFrac
                0x00000000060172fc                _gfdma_getBytecnt
                0x000000000601732c                _gftr_remDma0
                0x0000000006017338                _gftr_remDma1
                0x0000000006017344                _gftr_execCpu
                0x0000000006017390                _GFTR_GetLenData
                0x0000000006017394                _GFTR_GetLenRoom
                0x00000000060173a2                _gftr_getSrcPack
                0x0000000006017424                _GFTR_Idle
                0x0000000006017494                _GFTR_GetDstPack
                0x00000000060174c0                _gftr_getDstPack
                0x0000000006017500                _gftr_execSub
                0x0000000006017608                _GFTR_Exec
                0x0000000006017660                _GFTR_Stop
                0x0000000006017700                _GFTR_RtnDstPk
                0x000000000601770e                _GFTR_GetData
                0x000000000601771c                _GFTR_SetData
                0x0000000006017728                _GFTR_SetTransFunc
 .text          0x0000000006017734       0x24 ../sbl/segalib/lib/libsat.a(mth_rand.o)
                0x0000000006017734                _MTH_InitialRand
                0x0000000006017740                _MTH_GetRand
 .text          0x0000000006017758       0x78 ../sbl/segalib/lib/libsat.a(mth_fixd.o)
                0x0000000006017758                _MTH_Mul
                0x000000000601776c                _MTH_Div
                0x0000000006017780                _MTH_IntToFixed
                0x0000000006017788                _MTH_FixedToInt
                0x0000000006017790                _MTH_Product
 .text          0x00000000060177d0      0x5d4 ../sbl/segalib/lib/libsat.a(mth_tri.o)
                0x00000000060177d0                _MTH_Sin
                0x0000000006017810                _MTH_Cos
                0x0000000006017854                _fcos
                0x000000000601785a                _fsin
                0x00000000060179ec                _MTH_Atan
 .text          0x0000000006017da4      0xf58 ../sbl/segalib/lib/libsat.a(per_prt.o)
                0x00000000060181a4                _PER_IntFunc
                0x0000000006018a54                _PER_Init
                0x0000000006018bfc                _PER_GetPer
 .text          0x0000000006018cfc      0xcbc ../sbl/segalib/lib/libsat.a(spr_2c.o)
                0x0000000006018cfc                _SPR_2SetTvMode
                0x0000000006018d0c                _SPR_2FrameChgIntr
                0x0000000006018d20                _SPR_2FrameEraseData
                0x0000000006018d60                _SPR_2SetGourTbl
                0x0000000006018d90                _SPR_2SetLookupTbl
                0x0000000006018dac                _SPR_2SetChar
                0x0000000006018ed8                _SPR_2ClrChar
                0x0000000006018fe0                _SPR_2ClrAllChar
                0x000000000601902c                _SPR_2Initial
                0x0000000006019180                _SPR_2GourTblNoToVram
                0x000000000601919c                _SPR_2LookupTblNoToVram
                0x00000000060191ac                _SPR_2CharNoToVram
                0x00000000060191c0                _SPR_2GetAreaSizeInfo
                0x0000000006019220                _SPR_2OpenCommand
                0x00000000060192b8                _SPR_2FlushDrawPrty
                0x00000000060192f8                _SPR_2CloseCommand
                0x0000000006019418                _SPR_2LocalCoord
                0x0000000006019470                _SPR_2SysClip
                0x00000000060194b8                _SPR_2UserClip
                0x0000000006019508                _SPR_2Line
                0x00000000060195a4                _SPR_2PolyLine
                0x0000000006019644                _SPR_2Polygon
                0x00000000060196e4                _SPR_2NormSpr
                0x00000000060197b0                _SPR_2ScaleSpr
                0x0000000006019898                _SPR_2DistSpr
                0x0000000006019970                _SPR_2Cmd
 .text          0x00000000060199b8      0x754 ../sbl/segalib/lib/libsat.a(scl_func.o)
                0x00000000060199b8                _SCL_ParametersInit
                0x0000000006019aa4                _SCL_Vdp2Init
                0x0000000006019b0c                _SCL_Open
                0x0000000006019b28                _SCL_Close
                0x0000000006019b3c                _SCL_MoveTo
                0x0000000006019c30                _SCL_Move
                0x0000000006019d5c                _SCL_Scale
                0x0000000006019e60                _SCL_Memcpyw
                0x0000000006019e74                _SCL_CopyReg
                0x0000000006019f54                _SCL_SetColRamMode
                0x0000000006019fa4                _SCL_PriIntProc
                0x000000000601a0a0                _SCL_ScrollShow
 .text          0x000000000601a10c      0x384 ../sbl/segalib/lib/libsat.a(scl_fu02.o)
                0x000000000601a10c                _SCL_InitVramConfigTb
                0x000000000601a11a                _SCL_SetVramConfig
 .text          0x000000000601a490      0x62c ../sbl/segalib/lib/libsat.a(scl_fu03.o)
                0x000000000601a490                _SCL_InitConfigTb
                0x000000000601a4a8                _SCL_SetConfig
 .text          0x000000000601aabc       0x18 ../sbl/segalib/lib/libsat.a(scl_fu04.o)
                0x000000000601aabc                _SCL_SetCycleTable
 .text          0x000000000601aad4      0xf30 ../sbl/segalib/lib/libsat.a(scl_pri.o)
                0x000000000601aad4                _SCL_PriorityInit
                0x000000000601b080                _SCL_GetColRamMode
                0x000000000601b0a0                _SCL_AbortAutoVe
                0x000000000601b0ac                _SCL_SetColMixRate
                0x000000000601b414                _SCL_IncColOffset
                0x000000000601b488                _SCL_AutoExec
                0x000000000601b8b4                _SCL_SetShadowBit
 .text          0x000000000601ba04      0xe38 ../sbl/segalib/lib/libsat.a(scl_ro00.o)
                0x000000000601bb28                _SCL_InitRotateTable
                0x000000000601bd70                _SCL_RotateZD
                0x000000000601beb0                _SCL_Rotate
 .text          0x000000000601c83c       0xfc ../sbl/segalib/lib/libsat.a(scl_ro03.o)
                0x000000000601c83c                _SCL_RotateTo
 .text          0x000000000601c938       0x74 ../sbl/segalib/lib/libsat.a(scl_back.o)
                0x000000000601c938                _SCL_SetBack
 .text          0x000000000601c9ac      0x264 ../sbl/segalib/lib/libsat.a(scl_vblv.o)
                0x000000000601c9ac                _SCL_SetFrameInterval
                0x000000000601ca24                _SCL_DisplayFrame
                0x000000000601ca50                _SCL_VblInit
                0x000000000601ca98                _SCL_VblankStart
                0x000000000601cb68                _SCL_VblankEnd
 .text          0x000000000601cc10       0x54 ../sbl/segalib/lib/libsat.a(scl_pr01.o)
                0x000000000601cc10                _SCL_SetSpriteMode
 .text          0x000000000601cc64       0x90 ../sbl/segalib/lib/libsat.a(scl_pr02.o)
                0x000000000601cc64                _SCL_SetColRam
 .text          0x000000000601ccf4      0x10c ../sbl/segalib/lib/libsat.a(scl_pr03.o)
                0x000000000601ccf4                _SCL_FreeColRam
                0x000000000601cd1c                _SCL_AllocColRam
 .text          0x000000000601ce00       0xac ../sbl/segalib/lib/libsat.a(scl_pr05.o)
                0x000000000601ce00                _SCL_GetColRamOffset
 .text          0x000000000601ceac      0x180 ../sbl/segalib/lib/libsat.a(scl_pr06.o)
                0x000000000601ceac                _SCL_SetColRamOffset
 .text          0x000000000601d02c      0x1c8 ../sbl/segalib/lib/libsat.a(scl_pr07.o)
                0x000000000601d02c                _SCL_SetPriority
 .text          0x000000000601d1f4      0x13c ../sbl/segalib/lib/libsat.a(scl_pr11.o)
                0x000000000601d1f4                _SCL_SetAutoColOffset
 .text          0x000000000601d330      0x164 ../sbl/segalib/lib/libsat.a(scl_pr12.o)
                0x000000000601d330                _SCL_SetColOffset
 .text          0x000000000601d494      0x234 ../sbl/segalib/lib/libsat.a(cdc_reg.o)
                0x000000000601d494                _CDC_GetDataPtr
                0x000000000601d4a0                _CDC_GetHirqReq
                0x000000000601d4ac                _CDC_ClrHirqReq
                0x000000000601d4cc                _CDREG_ClrHirqReq
                0x000000000601d4d8                _CDREG_InitHirqReq
                0x000000000601d4f0                _CDREG_SetHirqFlag
                0x000000000601d500                _CDC_GetHirqMsk
                0x000000000601d50c                _CDC_SetHirqMsk
                0x000000000601d518                _CDC_GetMpegPtr
                0x000000000601d524                _CDREG_TgetData
                0x000000000601d580                _CDREG_WaitHirq
                0x000000000601d5a8                _writeCmd
                0x000000000601d5c8                _CDREG_ReadRsp
                0x000000000601d5ec                _doCmdRsp
                0x000000000601d694                _CDREG_CmdRsp
 .text          0x000000000601d6c8       0xf4 ../sbl/segalib/lib/libsat.a(cdc_sub.o)
                0x000000000601d6c8                _CDSUB_GetCdstat
                0x000000000601d6fc                _CDSUB_RspToCdstat
                0x000000000601d72e                _CDSUB_CdCmd
                0x000000000601d790                _CDSUB_UpdStatus
                0x000000000601d79c                _CDSUB_UpdCdstat
                0x000000000601d7b8                _CDSUB_SoftTimer
 .text          0x000000000601d7bc       0xb4 ../sbl/segalib/lib/libsat.a(cdc_dev.o)
                0x000000000601d7bc                _CDC_CdSetCon
                0x000000000601d7f0                _CDC_CdGetCon
                0x000000000601d830                _CDC_CdGetLastBuf
 .text          0x000000000601d870      0x290 ../sbl/segalib/lib/libsat.a(cdc_sel.o)
                0x000000000601d870                _CDC_SetFiltRange
                0x000000000601d8ac                _CDC_GetFiltRange
                0x000000000601d918                _CDC_SetFiltSubh
                0x000000000601d968                _CDC_GetFiltSubh
                0x000000000601d9cc                _CDC_SetFiltMode
                0x000000000601da00                _CDC_GetFiltMode
                0x000000000601da40                _CDC_SetFiltCon
                0x000000000601da78                _CDC_GetFiltCon
                0x000000000601dacc                _CDC_ResetSelector
 .text          0x000000000601db00      0x234 ../sbl/segalib/lib/libsat.a(cdc_bif.o)
                0x000000000601db00                _CDC_GetBufSiz
                0x000000000601db58                _CDC_GetSctNum
                0x000000000601dba0                _CDC_CalActSiz
                0x000000000601dbd0                _chkEselUpdStatus
                0x000000000601dc04                _CDC_GetActSiz
                0x000000000601dc48                _CDC_GetSctInfo
                0x000000000601dca0                _CDC_ExeFadSearch
                0x000000000601dcd4                _CDC_GetFadSearch
 .text          0x000000000601dd34      0x190 ../sbl/segalib/lib/libsat.a(cdc_bio.o)
                0x000000000601dd34                _CDC_SetSctLen
                0x000000000601dd64                _CDC_GetSctData
                0x000000000601dd94                _CDC_DelSctData
                0x000000000601ddc4                _CDC_GetdelSctData
                0x000000000601ddf4                _CDC_PutSctData
                0x000000000601de24                _CDC_CopySctData
                0x000000000601de58                _CDC_MoveSctData
                0x000000000601de8c                _CDC_GetCopyErr
 .text          0x000000000601dec4      0x1a4 ../sbl/segalib/lib/libsat.a(cdc_cfs.o)
                0x000000000601dec4                _CDC_ChgDir
                0x000000000601defc                _CDC_ReadDir
                0x000000000601df34                _CDC_GetFileScope
                0x000000000601df94                _CDC_TgetFileInfo
                0x000000000601dfec                _CDC_ReadFile
                0x000000000601e02c                _CDC_AbortFile
 .text          0x000000000601e068       0xb0 ../sbl/segalib/lib/libsat.a(csh_main.o)
                0x000000000601e068                _CSH_Init
                0x000000000601e0b4                _CSH_AllClr
                0x000000000601e0f4                _CSH_Purge
 .text          0x000000000601e118      0x13c ../sbl/segalib/lib/libsat.a(dma_cpu0.o)
                0x000000000601e118                _DMA_CpuSetComPrm
                0x000000000601e150                _DMA_CpuSetPrm
                0x000000000601e204                _DMA_CpuStart
                0x000000000601e214                _DMA_CpuStop
                0x000000000601e226                _DMA_CpuAllStop
                0x000000000601e234                _DMA_CpuGetComStatus
                0x000000000601e246                _DMA_CpuGetStatus
 .text          0x000000000601e254      0x274 ../sbl/segalib/lib/libsat.a(dma_scu0.o)
                0x000000000601e254                _DMA_ScuIntFunc0
                0x000000000601e2b4                _DMA_ScuIntFunc1
                0x000000000601e318                _DMA_ScuIntFunc2
                0x000000000601e37c                _DMA_ScuSetPrm
                0x000000000601e3e4                _DMA_ScuStart
                0x000000000601e49c                _DMA_ScuGetStatus
 .text          0x000000000601e4c8      0x240 ../sbl/segalib/lib/libsat.a(spr_1c.o)
                0x000000000601e4c8                _SPR_SetTvMode
                0x000000000601e544                _SPR_GetStatus
                0x000000000601e598                _SPR_SetEraseData
                0x000000000601e630                _SPR_Initial
                0x000000000601e6e4                _SPR_WaitDrawEnd
                0x000000000601e6f4                _SPR_SetEosMode
 .text          0x000000000601e708      0x16c ../sbl/segalib/lib/libsat.a(spr_2a.o)
                0x000000000601e708                _SPR_2SetDrawPrty
                0x000000000601e778                _SPR_2FlushDrawPrtyBlock
 .text          0x000000000601e874       0x52 /opt/toolchains/sh-elf/bin/../lib/gcc/sh-elf/11.1.0/libgcc.a(_ashiftrt.o)
                0x000000000601e874                ___ashiftrt_r4_31
                0x000000000601e874                ___ashiftrt_r4_32
                0x000000000601e87a                ___ashiftrt_r4_30
                0x000000000601e87c                ___ashiftrt_r4_29
                0x000000000601e87e                ___ashiftrt_r4_28
                0x000000000601e880                ___ashiftrt_r4_27
                0x000000000601e882                ___ashiftrt_r4_26
                0x000000000601e884                ___ashiftrt_r4_25
                0x000000000601e886                ___ashiftrt_r4_24
                0x000000000601e88e                ___ashiftrt_r4_23
                0x000000000601e890                ___ashiftrt_r4_22
                0x000000000601e892                ___ashiftrt_r4_21
                0x000000000601e894                ___ashiftrt_r4_20
                0x000000000601e896                ___ashiftrt_r4_19
                0x000000000601e898                ___ashiftrt_r4_18
                0x000000000601e89a                ___ashiftrt_r4_17
                0x000000000601e89c                ___ashiftrt_r4_16
                0x000000000601e8a2                ___ashiftrt_r4_15
                0x000000000601e8a4                ___ashiftrt_r4_14
                0x000000000601e8a6                ___ashiftrt_r4_13
                0x000000000601e8a8                ___ashiftrt_r4_12
                0x000000000601e8aa                ___ashiftrt_r4_11
                0x000000000601e8ac                ___ashiftrt_r4_10
                0x000000000601e8ae                ___ashiftrt_r4_9
                0x000000000601e8b0                ___ashiftrt_r4_8
                0x000000000601e8b2                ___ashiftrt_r4_7
                0x000000000601e8b4                ___ashiftrt_r4_6
                0x000000000601e8b6                ___ashiftrt_r4_5
                0x000000000601e8b8                ___ashiftrt_r4_4
                0x000000000601e8ba                ___ashiftrt_r4_3
                0x000000000601e8bc                ___ashiftrt_r4_2
                0x000000000601e8be                ___ashiftrt_r4_1
                0x000000000601e8c2                ___ashiftrt_r4_0
 *fill*         0x000000000601e8c6        0x2 
 .text          0x000000000601e8c8       0x80 /opt/toolchains/sh-elf/bin/../lib/gcc/sh-elf/11.1.0/libgcc.a(_ashiftrt_n.o)
                0x000000000601e8c8                ___ashrsi3
 .text          0x000000000601e948       0xbc /opt/toolchains/sh-elf/bin/../lib/gcc/sh-elf/11.1.0/libgcc.a(_ashiftlt.o)
                0x000000000601e948                ___ashlsi3
                0x000000000601e94c                ___ashlsi3_r0
 .text          0x000000000601ea04       0x78 /opt/toolchains/sh-elf/bin/../lib/gcc/sh-elf/11.1.0/libgcc.a(_movmem.o)
                0x000000000601ea04                ___movmem
                0x000000000601ea04                ___movstr
                0x000000000601ea38                ___movmemSI64
                0x000000000601ea38                ___movstrSI64
                0x000000000601ea3c                ___movmemSI60
                0x000000000601ea3c                ___movstrSI60
                0x000000000601ea40                ___movstrSI56
                0x000000000601ea40                ___movmemSI56
                0x000000000601ea44                ___movmemSI52
                0x000000000601ea44                ___movstrSI52
                0x000000000601ea48                ___movstrSI48
                0x000000000601ea48                ___movmemSI48
                0x000000000601ea4c                ___movmemSI44
                0x000000000601ea4c                ___movstrSI44
                0x000000000601ea50                ___movstrSI40
                0x000000000601ea50                ___movmemSI40
                0x000000000601ea54                ___movstrSI36
                0x000000000601ea54                ___movmemSI36
                0x000000000601ea58                ___movstrSI32
                0x000000000601ea58                ___movmemSI32
                0x000000000601ea5c                ___movmemSI28
                0x000000000601ea5c                ___movstrSI28
                0x000000000601ea60                ___movmemSI24
                0x000000000601ea60                ___movstrSI24
                0x000000000601ea64                ___movmemSI20
                0x000000000601ea64                ___movstrSI20
                0x000000000601ea68                ___movstrSI16
                0x000000000601ea68                ___movmemSI16
                0x000000000601ea6c                ___movmemSI12
                0x000000000601ea6c                ___movstrSI12
                0x000000000601ea70                ___movstrSI8
                0x000000000601ea70                ___movmemSI8
                0x000000000601ea74                ___movstrSI4
                0x000000000601ea74                ___movmemSI4
 .text          0x000000000601ea7c       0xa0 /opt/toolchains/sh-elf/bin/../lib/gcc/sh-elf/11.1.0/libgcc.a(_sdivsi3.o)
                0x000000000601ea7c                ___sdivsi3
 .text          0x000000000601eb1c       0x6c /opt/toolchains/sh-elf/bin/../lib/gcc/sh-elf/11.1.0/libgcc.a(_udivsi3.o)
                0x000000000601eb3e                ___udivsi3
 .text          0x000000000601eb88      0x208 /opt/toolchains/sh-elf/bin/../lib/gcc/sh-elf/11.1.0/libgcc.a(_mul_df.o)
                0x000000000601eb88                ___muldf3
 .text          0x000000000601ed90       0xa8 /opt/toolchains/sh-elf/bin/../lib/gcc/sh-elf/11.1.0/libgcc.a(_si_to_df.o)
                0x000000000601ed90                ___floatsidf
 .text          0x000000000601ee38       0xa0 /opt/toolchains/sh-elf/bin/../lib/gcc/sh-elf/11.1.0/libgcc.a(_df_to_si.o)
                0x000000000601ee38                ___fixdfsi
 .text          0x000000000601eed8        0x0 /opt/toolchains/sh-elf/bin/../lib/gcc/sh-elf/11.1.0/libgcc.a(_thenan_df.o)
 .text          0x000000000601eed8       0xbc /opt/toolchains/sh-elf/bin/../lib/gcc/sh-elf/11.1.0/libgcc.a(_lshiftrt.o)
                0x000000000601eed8                ___lshrsi3
                0x000000000601eedc                ___lshrsi3_r0
 .text          0x000000000601ef94       0x74 /opt/toolchains/sh-elf/bin/../lib/gcc/sh-elf/11.1.0/libgcc.a(_clzsi2.o)
                0x000000000601ef94                ___clzsi2
 .text          0x000000000601f008      0x29c /opt/toolchains/sh-elf/bin/../lib/gcc/sh-elf/11.1.0/libgcc.a(_pack_df.o)
                0x000000000601f008                ___pack_d
 .text          0x000000000601f2a4       0xcc /opt/toolchains/sh-elf/bin/../lib/gcc/sh-elf/11.1.0/libgcc.a(_unpack_df.o)
                0x000000000601f2a4                ___unpack_d
 .text          0x000000000601f370        0x0 /opt/toolchains/sh-elf/bin/../lib/gcc/sh-elf/11.1.0/libgcc.a(_clz.o)
 .text          0x000000000601f370       0x64 /opt/toolchains/sh-elf/bin/../lib/gcc/sh-elf/11.1.0/../../../../sh-elf/lib/libc.a(lib_a-memcmp.o)
                0x000000000601f370                _memcmp
 .text          0x000000000601f3d4       0x94 /opt/toolchains/sh-elf/bin/../lib/gcc/sh-elf/11.1.0/../../../../sh-elf/lib/libc.a(lib_a-memcpy.o)
                0x000000000601f3d4                _memcpy
 .text          0x000000000601f468       0xcc /opt/toolchains/sh-elf/bin/../lib/gcc/sh-elf/11.1.0/../../../../sh-elf/lib/libc.a(lib_a-memmove.o)
                0x000000000601f468                _memmove
 .text          0x000000000601f534       0x40 /opt/toolchains/sh-elf/bin/../lib/gcc/sh-elf/11.1.0/../../../../sh-elf/lib/libc.a(lib_a-memset.o)
                0x000000000601f534                _memset
 .text          0x000000000601f574       0x3c /opt/toolchains/sh-elf/bin/../lib/gcc/sh-elf/11.1.0/../../../../sh-elf/lib/libc.a(lib_a-strcpy.o)
                0x000000000601f574                _strcpy
 .text          0x000000000601f5b0       0xd0 /opt/toolchains/sh-elf/bin/../lib/gcc/sh-elf/11.1.0/../../../../sh-elf/lib/libc.a(lib_a-strncmp.o)
                0x000000000601f5b0                _strncmp
 .text          0x000000000601f680       0xd4 /opt/toolchains/sh-elf/bin/../lib/gcc/sh-elf/11.1.0/../../../../sh-elf/lib/libc.a(lib_a-strncpy.o)
                0x000000000601f680                _strncpy
 *(.rodata*)
 .rodata.str1.4
                0x000000000601f754        0x7 bg.o
 *fill*         0x000000000601f75b        0x1 
 .rodata        0x000000000601f75c      0x100 crc.o
 .rodata.str1.4
                0x000000000601f85c       0x37 game.o
                                         0x3b (size before relaxing)
 *fill*         0x000000000601f893        0x1 
 .rodata.str1.4
                0x000000000601f894        0x9 pcmsys.o
 *fill*         0x000000000601f89d        0x3 
 .rodata        0x000000000601f8a0      0x400 pcmsys.o
 .rodata.str1.4
                0x000000000601fca0        0x9 print.o
 *fill*         0x000000000601fca9        0x3 
 .rodata.str1.4
                0x000000000601fcac       0x77 sound.o
                                         0x7b (size before relaxing)
 *fill*         0x000000000601fd23        0x1 
 .rodata        0x000000000601fd24        0xa ../sbl/segalib/lib/libsat.a(gfs.o)
 *fill*         0x000000000601fd2e        0x2 
 .rodata        0x000000000601fd30       0x30 ../sbl/segalib/lib/libsat.a(gfs_buf.o)
 .rodata        0x000000000601fd60       0x2d ../sbl/segalib/lib/libsat.a(gfs_cdf.o)
 *fill*         0x000000000601fd8d        0x3 
 .rodata.str1.4
                0x000000000601fd90        0x2 ../sbl/segalib/lib/libsat.a(gfs_dir.o)
                                          0x7 (size before relaxing)
 *fill*         0x000000000601fd92        0x2 
 .rodata        0x000000000601fd94       0x30 ../sbl/segalib/lib/libsat.a(gfs_trn.o)
 .rodata        0x000000000601fdc4        0xc ../sbl/segalib/lib/libsat.a(dma_scu0.o)
 .rodata        0x000000000601fdd0       0x20 ../sbl/segalib/lib/libsat.a(spr_1c.o)
 .rodata        0x000000000601fdf0       0x14 /opt/toolchains/sh-elf/bin/../lib/gcc/sh-elf/11.1.0/libgcc.a(_thenan_df.o)
                0x000000000601fdf0                ___thenan_df
 .rodata        0x000000000601fe04      0x100 /opt/toolchains/sh-elf/bin/../lib/gcc/sh-elf/11.1.0/libgcc.a(_clz.o)
                0x000000000601fe04                ___clz_tab
 *(.strings)
                0x000000000601ff10                . = ALIGN (0x10)
 *fill*         0x000000000601ff04        0xc 
                0x000000000601ff10                _etext = ABSOLUTE (.)

.tors           0x000000000601ff10        0x0
                0x000000000601ff10                ___ctors = .
 *(.ctors)
                0x000000000601ff10                ___ctors_end = .
                0x000000000601ff10                ___dtors = .
 *(.dtors)
                0x000000000601ff10                ___dtors_end = .
                0x000000000601ff10                . = ALIGN (0x10)
                0x000000000601ff10                _etors = ABSOLUTE (.)

.data           0x000000000601ff10      0x8c0
 *(.data)
 .data          0x000000000601ff10        0x0 entry.o
 .data          0x000000000601ff10        0x0 stack.o
 .data          0x000000000601ff10        0x0 vblank.o
 .data          0x000000000601ff10        0x0 bg.o
 .data          0x000000000601ff10        0x0 cd.o
 .data          0x000000000601ff10        0x0 crc.o
 .data          0x000000000601ff10        0x0 devcart.o
 .data          0x000000000601ff10      0x130 game.o
                0x000000000601ff10                _songs
                0x000000000601ff24                _ranks
                0x000000000601ff4c                _gravity
                0x000000000601ffc4                _levels
 .data          0x0000000006020040        0x0 hwram.o
 .data          0x0000000006020040        0xc pcmsys.o
                0x0000000006020040                _master_volume
                0x0000000006020044                _scsp_load
                0x0000000006020048                _m68k_com
 .data          0x000000000602004c      0x700 piece.o
                0x000000000602004c                _pieces
 .data          0x000000000602074c        0x0 print.o
 .data          0x000000000602074c        0x0 rng.o
 .data          0x000000000602074c       0x34 scroll.o
                0x000000000602074c                _cycleTb
                0x000000000602075c                _charOffsets
                0x000000000602076c                _vram
 .data          0x0000000006020780        0x0 sound.o
 .data          0x0000000006020780       0x18 sprite.o
 .data          0x0000000006020798        0x0 main.o
 .data          0x0000000006020798        0x0 ../sbl/segalib/lib/libsat.a(cdc_cmn.o)
 .data          0x0000000006020798        0x0 ../sbl/segalib/lib/libsat.a(cdc_drv.o)
 .data          0x0000000006020798        0x0 ../sbl/segalib/lib/libsat.a(dma_scu1.o)
 .data          0x0000000006020798        0x0 ../sbl/segalib/lib/libsat.a(gfs.o)
 .data          0x0000000006020798        0x0 ../sbl/segalib/lib/libsat.a(gfs_buf.o)
 .data          0x0000000006020798        0x0 ../sbl/segalib/lib/libsat.a(gfs_cdb.o)
 .data          0x0000000006020798        0x0 ../sbl/segalib/lib/libsat.a(gfs_cdc.o)
 .data          0x0000000006020798        0x0 ../sbl/segalib/lib/libsat.a(gfs_cdf.o)
 .data          0x0000000006020798        0x0 ../sbl/segalib/lib/libsat.a(gfs_dir.o)
 .data          0x0000000006020798        0x0 ../sbl/segalib/lib/libsat.a(gfs_trn.o)
 .data          0x0000000006020798        0x0 ../sbl/segalib/lib/libsat.a(mth_rand.o)
 .data          0x0000000006020798        0x0 ../sbl/segalib/lib/libsat.a(mth_fixd.o)
 .data          0x0000000006020798        0x0 ../sbl/segalib/lib/libsat.a(mth_tri.o)
 .data          0x0000000006020798        0x3 ../sbl/segalib/lib/libsat.a(per_prt.o)
 .data          0x000000000602079b        0x0 ../sbl/segalib/lib/libsat.a(spr_2c.o)
 *fill*         0x000000000602079b        0x1 
 .data          0x000000000602079c        0x6 ../sbl/segalib/lib/libsat.a(scl_func.o)
                0x000000000602079c                _SclRotateTableMode
                0x000000000602079e                _SclDisplayY
                0x00000000060207a0                _SclDisplayX
 .data          0x00000000060207a2        0x0 ../sbl/segalib/lib/libsat.a(scl_fu02.o)
 .data          0x00000000060207a2        0x0 ../sbl/segalib/lib/libsat.a(scl_fu03.o)
 .data          0x00000000060207a2        0x0 ../sbl/segalib/lib/libsat.a(scl_fu04.o)
 *fill*         0x00000000060207a2        0x2 
 .data          0x00000000060207a4       0x18 ../sbl/segalib/lib/libsat.a(scl_pri.o)
                0x00000000060207a4                _SclRealColOffset
                0x00000000060207a8                _SclRealBgColMix
                0x00000000060207ac                _SclRealSpColMix
                0x00000000060207b0                _SclRealBgPriNum
                0x00000000060207b4                _SclRealSpPriNum
                0x00000000060207b8                _SclRealOtherPri
 .data          0x00000000060207bc        0x0 ../sbl/segalib/lib/libsat.a(scl_ro00.o)
 .data          0x00000000060207bc        0x0 ../sbl/segalib/lib/libsat.a(scl_ro03.o)
 .data          0x00000000060207bc        0x0 ../sbl/segalib/lib/libsat.a(scl_back.o)
 .data          0x00000000060207bc        0x8 ../sbl/segalib/lib/libsat.a(scl_vblv.o)
                0x00000000060207bc                _VBInterval
                0x00000000060207c0                _SpFrameEraseMode
 .data          0x00000000060207c4        0x0 ../sbl/segalib/lib/libsat.a(scl_pr01.o)
 .data          0x00000000060207c4        0x0 ../sbl/segalib/lib/libsat.a(scl_pr02.o)
 .data          0x00000000060207c4        0x0 ../sbl/segalib/lib/libsat.a(scl_pr03.o)
 .data          0x00000000060207c4        0x0 ../sbl/segalib/lib/libsat.a(scl_pr05.o)
 .data          0x00000000060207c4        0x0 ../sbl/segalib/lib/libsat.a(scl_pr06.o)
 .data          0x00000000060207c4        0x0 ../sbl/segalib/lib/libsat.a(scl_pr07.o)
 .data          0x00000000060207c4        0x0 ../sbl/segalib/lib/libsat.a(scl_pr11.o)
 .data          0x00000000060207c4        0x0 ../sbl/segalib/lib/libsat.a(scl_pr12.o)
 .data          0x00000000060207c4        0x0 ../sbl/segalib/lib/libsat.a(cdc_reg.o)
 .data          0x00000000060207c4        0x0 ../sbl/segalib/lib/libsat.a(cdc_sub.o)
 .data          0x00000000060207c4        0x0 ../sbl/segalib/lib/libsat.a(cdc_dev.o)
 .data          0x00000000060207c4        0x0 ../sbl/segalib/lib/libsat.a(cdc_sel.o)
 .data          0x00000000060207c4        0x0 ../sbl/segalib/lib/libsat.a(cdc_bif.o)
 .data          0x00000000060207c4        0x0 ../sbl/segalib/lib/libsat.a(cdc_bio.o)
 .data          0x00000000060207c4        0x0 ../sbl/segalib/lib/libsat.a(cdc_cfs.o)
 .data          0x00000000060207c4        0x0 ../sbl/segalib/lib/libsat.a(csh_main.o)
 .data          0x00000000060207c4        0x0 ../sbl/segalib/lib/libsat.a(dma_cpu0.o)
 .data          0x00000000060207c4        0x0 ../sbl/segalib/lib/libsat.a(dma_scu0.o)
 .data          0x00000000060207c4        0x0 ../sbl/segalib/lib/libsat.a(spr_1c.o)
 .data          0x00000000060207c4        0x0 ../sbl/segalib/lib/libsat.a(spr_2a.o)
 .data          0x00000000060207c4        0x0 /opt/toolchains/sh-elf/bin/../lib/gcc/sh-elf/11.1.0/libgcc.a(_ashiftrt.o)
 .data          0x00000000060207c4        0x0 /opt/toolchains/sh-elf/bin/../lib/gcc/sh-elf/11.1.0/libgcc.a(_ashiftrt_n.o)
 .data          0x00000000060207c4        0x0 /opt/toolchains/sh-elf/bin/../lib/gcc/sh-elf/11.1.0/libgcc.a(_ashiftlt.o)
 .data          0x00000000060207c4        0x0 /opt/toolchains/sh-elf/bin/../lib/gcc/sh-elf/11.1.0/libgcc.a(_movmem.o)
 .data          0x00000000060207c4        0x0 /opt/toolchains/sh-elf/bin/../lib/gcc/sh-elf/11.1.0/libgcc.a(_sdivsi3.o)
 .data          0x00000000060207c4        0x0 /opt/toolchains/sh-elf/bin/../lib/gcc/sh-elf/11.1.0/libgcc.a(_udivsi3.o)
 .data          0x00000000060207c4        0x0 /opt/toolchains/sh-elf/bin/../lib/gcc/sh-elf/11.1.0/libgcc.a(_mul_df.o)
 .data          0x00000000060207c4        0x0 /opt/toolchains/sh-elf/bin/../lib/gcc/sh-elf/11.1.0/libgcc.a(_si_to_df.o)
 .data          0x00000000060207c4        0x0 /opt/toolchains/sh-elf/bin/../lib/gcc/sh-elf/11.1.0/libgcc.a(_df_to_si.o)
 .data          0x00000000060207c4        0x0 /opt/toolchains/sh-elf/bin/../lib/gcc/sh-elf/11.1.0/libgcc.a(_thenan_df.o)
 .data          0x00000000060207c4        0x0 /opt/toolchains/sh-elf/bin/../lib/gcc/sh-elf/11.1.0/libgcc.a(_lshiftrt.o)
 .data          0x00000000060207c4        0x0 /opt/toolchains/sh-elf/bin/../lib/gcc/sh-elf/11.1.0/libgcc.a(_clzsi2.o)
 .data          0x00000000060207c4        0x0 /opt/toolchains/sh-elf/bin/../lib/gcc/sh-elf/11.1.0/libgcc.a(_pack_df.o)
 .data          0x00000000060207c4        0x0 /opt/toolchains/sh-elf/bin/../lib/gcc/sh-elf/11.1.0/libgcc.a(_unpack_df.o)
 .data          0x00000000060207c4        0x0 /opt/toolchains/sh-elf/bin/../lib/gcc/sh-elf/11.1.0/libgcc.a(_clz.o)
 .data          0x00000000060207c4        0x0 /opt/toolchains/sh-elf/bin/../lib/gcc/sh-elf/11.1.0/../../../../sh-elf/lib/libc.a(lib_a-memcmp.o)
 .data          0x00000000060207c4        0x0 /opt/toolchains/sh-elf/bin/../lib/gcc/sh-elf/11.1.0/../../../../sh-elf/lib/libc.a(lib_a-memcpy.o)
 .data          0x00000000060207c4        0x0 /opt/toolchains/sh-elf/bin/../lib/gcc/sh-elf/11.1.0/../../../../sh-elf/lib/libc.a(lib_a-memmove.o)
 .data          0x00000000060207c4        0x0 /opt/toolchains/sh-elf/bin/../lib/gcc/sh-elf/11.1.0/../../../../sh-elf/lib/libc.a(lib_a-memset.o)
 .data          0x00000000060207c4        0x0 /opt/toolchains/sh-elf/bin/../lib/gcc/sh-elf/11.1.0/../../../../sh-elf/lib/libc.a(lib_a-strcpy.o)
 .data          0x00000000060207c4        0x0 /opt/toolchains/sh-elf/bin/../lib/gcc/sh-elf/11.1.0/../../../../sh-elf/lib/libc.a(lib_a-strncmp.o)
 .data          0x00000000060207c4        0x0 /opt/toolchains/sh-elf/bin/../lib/gcc/sh-elf/11.1.0/../../../../sh-elf/lib/libc.a(lib_a-strncpy.o)
                0x00000000060207d0                . = ALIGN (0x10)
 *fill*         0x00000000060207c4        0xc 
                0x00000000060207d0                _edata = ABSOLUTE (.)

.bss            0x00000000060207d0    0x197b0
                0x00000000060207d0                _bss_start = .
 *(.bss)
 .bss           0x00000000060207d0        0x0 entry.o
 .bss           0x00000000060207d0        0x0 stack.o
 .bss           0x00000000060207d0       0x34 vblank.o
                0x00000000060207d0                _vblank_frames
                0x00000000060207d4                _VblankFlg
                0x00000000060207d8                _perFlag
                0x00000000060207dc                _PadWorkArea
                0x00000000060207f8                _PadData2E
                0x00000000060207fa                _PadData2L
                0x00000000060207fc                _PadData2
                0x00000000060207fe                _PadData1E
                0x0000000006020800                _PadData1L
                0x0000000006020802                _PadData1
 .bss           0x0000000006020804       0x58 bg.o
 .bss           0x000000000602085c     0x1674 cd.o
 .bss           0x0000000006021ed0        0x0 crc.o
 .bss           0x0000000006021ed0        0x0 devcart.o
 .bss           0x0000000006021ed0      0x44c game.o
                0x0000000006021ed0                _song
                0x0000000006021ed4                _boardVram
 .bss           0x000000000602231c    0x13880 hwram.o
                0x000000000602231c                _HWRAM_Buffer
 .bss           0x0000000006035b9c        0x2 pcmsys.o
                0x0000000006035b9c                _numberPCMs
 .bss           0x0000000006035b9e        0x0 piece.o
 .bss           0x0000000006035b9e      0x528 print.o
                0x0000000006035b9e                _text
 *fill*         0x00000000060360c6        0x2 
 .bss           0x00000000060360c8        0x8 rng.o
 .bss           0x00000000060360d0      0x17c scroll.o
                0x00000000060360d0                _scfg
 .bss           0x000000000603624c        0x0 sound.o
 .bss           0x000000000603624c     0x257c sprite.o
                0x000000000603624c                _sprites
                0x000000000603750c                _palCnt
                0x0000000006037510                _tileCount
                0x0000000006037514                _numSprites
 .bss           0x00000000060387c8        0x4 main.o
                0x00000000060387c8                _frame
 .bss           0x00000000060387cc        0x0 ../sbl/segalib/lib/libsat.a(cdc_cmn.o)
 .bss           0x00000000060387cc        0x0 ../sbl/segalib/lib/libsat.a(cdc_drv.o)
 .bss           0x00000000060387cc        0xc ../sbl/segalib/lib/libsat.a(dma_scu1.o)
 .bss           0x00000000060387d8        0xc ../sbl/segalib/lib/libsat.a(gfs.o)
                0x00000000060387d8                _GFMC_base
                0x00000000060387dc                _gfs_mng_ptr
                0x00000000060387e0                _bobtest
 .bss           0x00000000060387e4        0x0 ../sbl/segalib/lib/libsat.a(gfs_buf.o)
 .bss           0x00000000060387e4        0x0 ../sbl/segalib/lib/libsat.a(gfs_cdb.o)
 .bss           0x00000000060387e4        0x4 ../sbl/segalib/lib/libsat.a(gfs_cdc.o)
                0x00000000060387e4                _gfcd_work
 .bss           0x00000000060387e8        0x0 ../sbl/segalib/lib/libsat.a(gfs_cdf.o)
 .bss           0x00000000060387e8        0x0 ../sbl/segalib/lib/libsat.a(gfs_dir.o)
 .bss           0x00000000060387e8        0xc ../sbl/segalib/lib/libsat.a(gfs_trn.o)
 .bss           0x00000000060387f4        0x4 ../sbl/segalib/lib/libsat.a(mth_rand.o)
 .bss           0x00000000060387f8        0x0 ../sbl/segalib/lib/libsat.a(mth_fixd.o)
 .bss           0x00000000060387f8        0x0 ../sbl/segalib/lib/libsat.a(mth_tri.o)
 .bss           0x00000000060387f8       0x7f ../sbl/segalib/lib/libsat.a(per_prt.o)
                0x00000000060387f8                _per_set_sys_flg
                0x00000000060387fc                _per_get_sys_data
                0x0000000006038808                _per_get_time_adr
                0x000000000603880c                _per_hot_res
                0x000000000603880d                _per_time_out_flg
 *fill*         0x0000000006038877        0x1 
 .bss           0x0000000006038878       0x94 ../sbl/segalib/lib/libsat.a(spr_2c.o)
                0x0000000006038878                _SpCmdTblR
                0x000000000603887c                _SpCmdTbl
                0x0000000006038880                _SpCrCmdChain
                0x0000000006038884                _SpDrawPrtyBlk
                0x0000000006038888                _SpCmdChain
                0x000000000603888c                _SpCmdChainBlkNo
                0x0000000006038890                _SpDrawPrtyProcFlag
                0x0000000006038894                _SpDrawPrtyTopCmdNo
                0x0000000006038898                _SpCmdNo
                0x000000000603889c                _SpDrawPrtyBlkMax
                0x00000000060388a0                _SpCharMax
                0x00000000060388a4                _SpCharTbl
                0x00000000060388a8                _SpLCoordY
                0x00000000060388ac                _SpLCoordX
                0x00000000060388b0                _Sp2OpenFlag
 .bss           0x000000000603890c      0xf1c ../sbl/segalib/lib/libsat.a(scl_func.o)
                0x000000000603890c                _SclRPMD
                0x0000000006038910                _SclRotateMoveZ
                0x0000000006038918                _SclRotateDisp
                0x0000000006038920                _SclRotateZ
                0x0000000006038928                _SclRotateXy
                0x0000000006038930                _SclRotateTableAddress
                0x0000000006038934                _SclRb
                0x0000000006038935                _SclRa
                0x0000000006038936                _SclRotXySw
                0x000000000603893c                _SclRbgKtbOffset
                0x0000000006038944                _SclRbgKtbAddr
                0x000000000603894c                _SclK_TableFlag
                0x0000000006038950                _SclK_TableNum
                0x0000000006038958                _SclK_TableBuff
                0x0000000006039628                _SclRotregBuff
                0x0000000006039728                _Scl_w_reg
                0x0000000006039748                _Scl_r_reg
                0x0000000006039758                _Scl_n_reg
                0x0000000006039798                _Scl_d_reg
                0x00000000060397e0                _Scl_s_reg
                0x0000000006039808                _SclProcess
                0x000000000603980c                _SclCurSclNum
                0x0000000006039810                _SclLengthCsTbl
                0x0000000006039812                _SclLengthLsTbl
                0x0000000006039814                _SclAddrCsTbl
                0x000000000603981c                _SclAddrLsTbl
 .bss           0x0000000006039828        0x0 ../sbl/segalib/lib/libsat.a(scl_fu02.o)
 .bss           0x0000000006039828        0x0 ../sbl/segalib/lib/libsat.a(scl_fu03.o)
 .bss           0x0000000006039828        0x0 ../sbl/segalib/lib/libsat.a(scl_fu04.o)
 .bss           0x0000000006039828      0x696 ../sbl/segalib/lib/libsat.a(scl_pri.o)
                0x0000000006039828                _SclAutoRGB
                0x0000000006039e28                _SclAutoPlusFlag
                0x0000000006039e29                _SclAutoVeFlag
                0x0000000006039e2a                _SclAutoEndRate
                0x0000000006039e2b                _SclAutoCurRate
                0x0000000006039e2c                _SclAutoEndBlue2
                0x0000000006039e2e                _SclAutoEndGreen2
                0x0000000006039e30                _SclAutoEndRed2
                0x0000000006039e32                _SclAutoEndBlue
                0x0000000006039e34                _SclAutoEndGreen
                0x0000000006039e36                _SclAutoEndRed
                0x0000000006039e38                _SclAutoBlue
                0x0000000006039e3a                _SclAutoGreen
                0x0000000006039e3c                _SclAutoRed
                0x0000000006039e40                _SclAutoMax
                0x0000000006039e44                _SclAutoIndex
                0x0000000006039e48                _SclAutoCount
                0x0000000006039e4c                _SclAutoInterval
                0x0000000006039e50                _SclAutoSurface
                0x0000000006039e54                _SclColRamAlloc2048
                0x0000000006039e58                _SclColRamAlloc256
                0x0000000006039e78                _SclLineColRamOffset
                0x0000000006039e7c                _SclPriBuffDirty
                0x0000000006039e80                _SclColOffset
                0x0000000006039e90                _SclBgColMix
                0x0000000006039e98                _SclSpColMix
                0x0000000006039ea0                _SclBgPriNum
                0x0000000006039ea6                _SclSpPriNum
                0x0000000006039eae                _SclOtherPri
 *fill*         0x0000000006039ebe        0x2 
 .bss           0x0000000006039ec0       0x58 ../sbl/segalib/lib/libsat.a(scl_ro00.o)
                0x0000000006039ec0                _SclCsy
                0x0000000006039ec8                _SclCsx
 .bss           0x0000000006039f18        0x0 ../sbl/segalib/lib/libsat.a(scl_ro03.o)
 .bss           0x0000000006039f18        0x0 ../sbl/segalib/lib/libsat.a(scl_back.o)
 .bss           0x0000000006039f18       0x16 ../sbl/segalib/lib/libsat.a(scl_vblv.o)
                0x0000000006039f18                _frameChgFlag
                0x0000000006039f1c                _VBIntrDisableDepth
                0x0000000006039f20                _ReqDisplayFlag2
                0x0000000006039f24                _ReqDisplayFlag1
                0x0000000006039f28                _VBIntervalCounter
                0x0000000006039f2c                _SpFrameChgMode
 .bss           0x0000000006039f2e        0x0 ../sbl/segalib/lib/libsat.a(scl_pr01.o)
 .bss           0x0000000006039f2e        0x0 ../sbl/segalib/lib/libsat.a(scl_pr02.o)
 .bss           0x0000000006039f2e        0x0 ../sbl/segalib/lib/libsat.a(scl_pr03.o)
 .bss           0x0000000006039f2e        0x0 ../sbl/segalib/lib/libsat.a(scl_pr05.o)
 .bss           0x0000000006039f2e        0x0 ../sbl/segalib/lib/libsat.a(scl_pr06.o)
 .bss           0x0000000006039f2e        0x0 ../sbl/segalib/lib/libsat.a(scl_pr07.o)
 .bss           0x0000000006039f2e        0x0 ../sbl/segalib/lib/libsat.a(scl_pr11.o)
 .bss           0x0000000006039f2e        0x0 ../sbl/segalib/lib/libsat.a(scl_pr12.o)
 .bss           0x0000000006039f2e        0x2 ../sbl/segalib/lib/libsat.a(cdc_reg.o)
                0x0000000006039f2e                _hirq_flag
 .bss           0x0000000006039f30        0xc ../sbl/segalib/lib/libsat.a(cdc_sub.o)
                0x0000000006039f30                _cd_stat
 .bss           0x0000000006039f3c        0x0 ../sbl/segalib/lib/libsat.a(cdc_dev.o)
 .bss           0x0000000006039f3c        0x0 ../sbl/segalib/lib/libsat.a(cdc_sel.o)
 .bss           0x0000000006039f3c        0x0 ../sbl/segalib/lib/libsat.a(cdc_bif.o)
 .bss           0x0000000006039f3c        0x0 ../sbl/segalib/lib/libsat.a(cdc_bio.o)
 .bss           0x0000000006039f3c        0x0 ../sbl/segalib/lib/libsat.a(cdc_cfs.o)
 .bss           0x0000000006039f3c        0x0 ../sbl/segalib/lib/libsat.a(csh_main.o)
 .bss           0x0000000006039f3c        0x0 ../sbl/segalib/lib/libsat.a(dma_cpu0.o)
 .bss           0x0000000006039f3c       0x1c ../sbl/segalib/lib/libsat.a(dma_scu0.o)
 .bss           0x0000000006039f58       0x20 ../sbl/segalib/lib/libsat.a(spr_1c.o)
                0x0000000006039f58                _SpDil
                0x0000000006039f5a                _SpDie
                0x0000000006039f5c                _SpFbcrMode
                0x0000000006039f5e                _SpTvMode
                0x0000000006039f60                _SpScreenY
                0x0000000006039f64                _SpScreenX
                0x0000000006039f68                _SpInitialFlag
 .bss           0x0000000006039f78        0x0 ../sbl/segalib/lib/libsat.a(spr_2a.o)
 .bss           0x0000000006039f78        0x0 /opt/toolchains/sh-elf/bin/../lib/gcc/sh-elf/11.1.0/libgcc.a(_ashiftrt.o)
 .bss           0x0000000006039f78        0x0 /opt/toolchains/sh-elf/bin/../lib/gcc/sh-elf/11.1.0/libgcc.a(_ashiftrt_n.o)
 .bss           0x0000000006039f78        0x0 /opt/toolchains/sh-elf/bin/../lib/gcc/sh-elf/11.1.0/libgcc.a(_ashiftlt.o)
 .bss           0x0000000006039f78        0x0 /opt/toolchains/sh-elf/bin/../lib/gcc/sh-elf/11.1.0/libgcc.a(_movmem.o)
 .bss           0x0000000006039f78        0x0 /opt/toolchains/sh-elf/bin/../lib/gcc/sh-elf/11.1.0/libgcc.a(_sdivsi3.o)
 .bss           0x0000000006039f78        0x0 /opt/toolchains/sh-elf/bin/../lib/gcc/sh-elf/11.1.0/libgcc.a(_udivsi3.o)
 .bss           0x0000000006039f78        0x0 /opt/toolchains/sh-elf/bin/../lib/gcc/sh-elf/11.1.0/libgcc.a(_mul_df.o)
 .bss           0x0000000006039f78        0x0 /opt/toolchains/sh-elf/bin/../lib/gcc/sh-elf/11.1.0/libgcc.a(_si_to_df.o)
 .bss           0x0000000006039f78        0x0 /opt/toolchains/sh-elf/bin/../lib/gcc/sh-elf/11.1.0/libgcc.a(_df_to_si.o)
 .bss           0x0000000006039f78        0x0 /opt/toolchains/sh-elf/bin/../lib/gcc/sh-elf/11.1.0/libgcc.a(_thenan_df.o)
 .bss           0x0000000006039f78        0x0 /opt/toolchains/sh-elf/bin/../lib/gcc/sh-elf/11.1.0/libgcc.a(_lshiftrt.o)
 .bss           0x0000000006039f78        0x0 /opt/toolchains/sh-elf/bin/../lib/gcc/sh-elf/11.1.0/libgcc.a(_clzsi2.o)
 .bss           0x0000000006039f78        0x0 /opt/toolchains/sh-elf/bin/../lib/gcc/sh-elf/11.1.0/libgcc.a(_pack_df.o)
 .bss           0x0000000006039f78        0x0 /opt/toolchains/sh-elf/bin/../lib/gcc/sh-elf/11.1.0/libgcc.a(_unpack_df.o)
 .bss           0x0000000006039f78        0x0 /opt/toolchains/sh-elf/bin/../lib/gcc/sh-elf/11.1.0/libgcc.a(_clz.o)
 .bss           0x0000000006039f78        0x0 /opt/toolchains/sh-elf/bin/../lib/gcc/sh-elf/11.1.0/../../../../sh-elf/lib/libc.a(lib_a-memcmp.o)
 .bss           0x0000000006039f78        0x0 /opt/toolchains/sh-elf/bin/../lib/gcc/sh-elf/11.1.0/../../../../sh-elf/lib/libc.a(lib_a-memcpy.o)
 .bss           0x0000000006039f78        0x0 /opt/toolchains/sh-elf/bin/../lib/gcc/sh-elf/11.1.0/../../../../sh-elf/lib/libc.a(lib_a-memmove.o)
 .bss           0x0000000006039f78        0x0 /opt/toolchains/sh-elf/bin/../lib/gcc/sh-elf/11.1.0/../../../../sh-elf/lib/libc.a(lib_a-memset.o)
 .bss           0x0000000006039f78        0x0 /opt/toolchains/sh-elf/bin/../lib/gcc/sh-elf/11.1.0/../../../../sh-elf/lib/libc.a(lib_a-strcpy.o)
 .bss           0x0000000006039f78        0x0 /opt/toolchains/sh-elf/bin/../lib/gcc/sh-elf/11.1.0/../../../../sh-elf/lib/libc.a(lib_a-strncmp.o)
 .bss           0x0000000006039f78        0x0 /opt/toolchains/sh-elf/bin/../lib/gcc/sh-elf/11.1.0/../../../../sh-elf/lib/libc.a(lib_a-strncpy.o)
 *(COMMON)
                0x0000000006039f78                _bss_end = .
                0x0000000006039f80                . = ALIGN (0x10)
 *fill*         0x0000000006039f78        0x8 
                0x0000000006039f80                _end = ABSOLUTE (.)

.stack          0x0000000006039f80     0x2000
 *(.stack)
 .stack         0x0000000006039f80     0x2000 stack.o
                0x0000000006039f80                _PROG_STK
                0x000000000603bf80                _stack = .

.lwram          0x0000000000200000        0x0
                0x0000000000200000                . = ALIGN (0x10)
 *(.lwram)
                0x0000000000200000                . = ALIGN (0x10)
OUTPUT(main.elf elf32-sh)

.debug_info     0x0000000000000000     0x7c06
 .debug_info    0x0000000000000000      0x4d4 vblank.o
 .debug_info    0x00000000000004d4      0x65e bg.o
 .debug_info    0x0000000000000b32      0x937 cd.o
 .debug_info    0x0000000000001469      0x12d crc.o
 .debug_info    0x0000000000001596      0x47b devcart.o
 .debug_info    0x0000000000001a11     0x1650 game.o
 .debug_info    0x0000000000003061       0x9e hwram.o
 .debug_info    0x00000000000030ff      0x6a5 pcmsys.o
 .debug_info    0x00000000000037a4       0x69 piece.o
 .debug_info    0x000000000000380d      0x3fe print.o
 .debug_info    0x0000000000003c0b      0x240 rng.o
 .debug_info    0x0000000000003e4b      0xf2a scroll.o
 .debug_info    0x0000000000004d75      0x49a sound.o
 .debug_info    0x000000000000520f     0x102c sprite.o
 .debug_info    0x000000000000623b      0x39d main.o
 .debug_info    0x00000000000065d8      0x4d2 /opt/toolchains/sh-elf/bin/../lib/gcc/sh-elf/11.1.0/libgcc.a(_mul_df.o)
 .debug_info    0x0000000000006aaa      0x259 /opt/toolchains/sh-elf/bin/../lib/gcc/sh-elf/11.1.0/libgcc.a(_si_to_df.o)
 .debug_info    0x0000000000006d03      0x2a5 /opt/toolchains/sh-elf/bin/../lib/gcc/sh-elf/11.1.0/libgcc.a(_df_to_si.o)
 .debug_info    0x0000000000006fa8      0x15b /opt/toolchains/sh-elf/bin/../lib/gcc/sh-elf/11.1.0/libgcc.a(_thenan_df.o)
 .debug_info    0x0000000000007103      0x130 /opt/toolchains/sh-elf/bin/../lib/gcc/sh-elf/11.1.0/libgcc.a(_clzsi2.o)
 .debug_info    0x0000000000007233      0x298 /opt/toolchains/sh-elf/bin/../lib/gcc/sh-elf/11.1.0/libgcc.a(_pack_df.o)
 .debug_info    0x00000000000074cb      0x20c /opt/toolchains/sh-elf/bin/../lib/gcc/sh-elf/11.1.0/libgcc.a(_unpack_df.o)
 .debug_info    0x00000000000076d7       0xca /opt/toolchains/sh-elf/bin/../lib/gcc/sh-elf/11.1.0/libgcc.a(_clz.o)
 .debug_info    0x00000000000077a1      0x10f /opt/toolchains/sh-elf/bin/../lib/gcc/sh-elf/11.1.0/../../../../sh-elf/lib/libc.a(lib_a-memcmp.o)
 .debug_info    0x00000000000078b0      0x130 /opt/toolchains/sh-elf/bin/../lib/gcc/sh-elf/11.1.0/../../../../sh-elf/lib/libc.a(lib_a-memmove.o)
 .debug_info    0x00000000000079e0       0xf4 /opt/toolchains/sh-elf/bin/../lib/gcc/sh-elf/11.1.0/../../../../sh-elf/lib/libc.a(lib_a-strncmp.o)
 .debug_info    0x0000000000007ad4      0x132 /opt/toolchains/sh-elf/bin/../lib/gcc/sh-elf/11.1.0/../../../../sh-elf/lib/libc.a(lib_a-strncpy.o)

.debug_abbrev   0x0000000000000000     0x2d1e
 .debug_abbrev  0x0000000000000000      0x1f2 vblank.o
 .debug_abbrev  0x00000000000001f2      0x1f9 bg.o
 .debug_abbrev  0x00000000000003eb      0x25b cd.o
 .debug_abbrev  0x0000000000000646       0xbe crc.o
 .debug_abbrev  0x0000000000000704      0x24f devcart.o
 .debug_abbrev  0x0000000000000953      0x4ad game.o
 .debug_abbrev  0x0000000000000e00       0x69 hwram.o
 .debug_abbrev  0x0000000000000e69      0x2f6 pcmsys.o
 .debug_abbrev  0x000000000000115f       0x5a piece.o
 .debug_abbrev  0x00000000000011b9      0x1de print.o
 .debug_abbrev  0x0000000000001397      0x1ad rng.o
 .debug_abbrev  0x0000000000001544      0x332 scroll.o
 .debug_abbrev  0x0000000000001876      0x1cf sound.o
 .debug_abbrev  0x0000000000001a45      0x3dc sprite.o
 .debug_abbrev  0x0000000000001e21      0x1a3 main.o
 .debug_abbrev  0x0000000000001fc4      0x278 /opt/toolchains/sh-elf/bin/../lib/gcc/sh-elf/11.1.0/libgcc.a(_mul_df.o)
 .debug_abbrev  0x000000000000223c      0x1b2 /opt/toolchains/sh-elf/bin/../lib/gcc/sh-elf/11.1.0/libgcc.a(_si_to_df.o)
 .debug_abbrev  0x00000000000023ee      0x1b2 /opt/toolchains/sh-elf/bin/../lib/gcc/sh-elf/11.1.0/libgcc.a(_df_to_si.o)
 .debug_abbrev  0x00000000000025a0       0xcf /opt/toolchains/sh-elf/bin/../lib/gcc/sh-elf/11.1.0/libgcc.a(_thenan_df.o)
 .debug_abbrev  0x000000000000266f       0xca /opt/toolchains/sh-elf/bin/../lib/gcc/sh-elf/11.1.0/libgcc.a(_clzsi2.o)
 .debug_abbrev  0x0000000000002739      0x1ae /opt/toolchains/sh-elf/bin/../lib/gcc/sh-elf/11.1.0/libgcc.a(_pack_df.o)
 .debug_abbrev  0x00000000000028e7      0x142 /opt/toolchains/sh-elf/bin/../lib/gcc/sh-elf/11.1.0/libgcc.a(_unpack_df.o)
 .debug_abbrev  0x0000000000002a29       0x70 /opt/toolchains/sh-elf/bin/../lib/gcc/sh-elf/11.1.0/libgcc.a(_clz.o)
 .debug_abbrev  0x0000000000002a99       0x8a /opt/toolchains/sh-elf/bin/../lib/gcc/sh-elf/11.1.0/../../../../sh-elf/lib/libc.a(lib_a-memcmp.o)
 .debug_abbrev  0x0000000000002b23       0xba /opt/toolchains/sh-elf/bin/../lib/gcc/sh-elf/11.1.0/../../../../sh-elf/lib/libc.a(lib_a-memmove.o)
 .debug_abbrev  0x0000000000002bdd       0x8c /opt/toolchains/sh-elf/bin/../lib/gcc/sh-elf/11.1.0/../../../../sh-elf/lib/libc.a(lib_a-strncmp.o)
 .debug_abbrev  0x0000000000002c69       0xb5 /opt/toolchains/sh-elf/bin/../lib/gcc/sh-elf/11.1.0/../../../../sh-elf/lib/libc.a(lib_a-strncpy.o)

.debug_aranges  0x0000000000000000      0x340
 .debug_aranges
                0x0000000000000000       0x20 vblank.o
 .debug_aranges
                0x0000000000000020       0x20 bg.o
 .debug_aranges
                0x0000000000000040       0x20 cd.o
 .debug_aranges
                0x0000000000000060       0x20 crc.o
 .debug_aranges
                0x0000000000000080       0x20 devcart.o
 .debug_aranges
                0x00000000000000a0       0x20 game.o
 .debug_aranges
                0x00000000000000c0       0x18 hwram.o
 .debug_aranges
                0x00000000000000d8       0x20 pcmsys.o
 .debug_aranges
                0x00000000000000f8       0x18 piece.o
 .debug_aranges
                0x0000000000000110       0x20 print.o
 .debug_aranges
                0x0000000000000130       0x20 rng.o
 .debug_aranges
                0x0000000000000150       0x20 scroll.o
 .debug_aranges
                0x0000000000000170       0x20 sound.o
 .debug_aranges
                0x0000000000000190       0x20 sprite.o
 .debug_aranges
                0x00000000000001b0       0x20 main.o
 .debug_aranges
                0x00000000000001d0       0x20 /opt/toolchains/sh-elf/bin/../lib/gcc/sh-elf/11.1.0/libgcc.a(_mul_df.o)
 .debug_aranges
                0x00000000000001f0       0x20 /opt/toolchains/sh-elf/bin/../lib/gcc/sh-elf/11.1.0/libgcc.a(_si_to_df.o)
 .debug_aranges
                0x0000000000000210       0x20 /opt/toolchains/sh-elf/bin/../lib/gcc/sh-elf/11.1.0/libgcc.a(_df_to_si.o)
 .debug_aranges
                0x0000000000000230       0x18 /opt/toolchains/sh-elf/bin/../lib/gcc/sh-elf/11.1.0/libgcc.a(_thenan_df.o)
 .debug_aranges
                0x0000000000000248       0x20 /opt/toolchains/sh-elf/bin/../lib/gcc/sh-elf/11.1.0/libgcc.a(_clzsi2.o)
 .debug_aranges
                0x0000000000000268       0x20 /opt/toolchains/sh-elf/bin/../lib/gcc/sh-elf/11.1.0/libgcc.a(_pack_df.o)
 .debug_aranges
                0x0000000000000288       0x20 /opt/toolchains/sh-elf/bin/../lib/gcc/sh-elf/11.1.0/libgcc.a(_unpack_df.o)
 .debug_aranges
                0x00000000000002a8       0x18 /opt/toolchains/sh-elf/bin/../lib/gcc/sh-elf/11.1.0/libgcc.a(_clz.o)
 .debug_aranges
                0x00000000000002c0       0x20 /opt/toolchains/sh-elf/bin/../lib/gcc/sh-elf/11.1.0/../../../../sh-elf/lib/libc.a(lib_a-memcmp.o)
 .debug_aranges
                0x00000000000002e0       0x20 /opt/toolchains/sh-elf/bin/../lib/gcc/sh-elf/11.1.0/../../../../sh-elf/lib/libc.a(lib_a-memmove.o)
 .debug_aranges
                0x0000000000000300       0x20 /opt/toolchains/sh-elf/bin/../lib/gcc/sh-elf/11.1.0/../../../../sh-elf/lib/libc.a(lib_a-strncmp.o)
 .debug_aranges
                0x0000000000000320       0x20 /opt/toolchains/sh-elf/bin/../lib/gcc/sh-elf/11.1.0/../../../../sh-elf/lib/libc.a(lib_a-strncpy.o)

.debug_line     0x0000000000000000     0x47f1
 .debug_line    0x0000000000000000      0x153 vblank.o
 .debug_line    0x0000000000000153      0x3d2 bg.o
 .debug_line    0x0000000000000525      0x13e cd.o
 .debug_line    0x0000000000000663       0xaa crc.o
 .debug_line    0x000000000000070d      0x3d0 devcart.o
 .debug_line    0x0000000000000add      0xfcb game.o
 .debug_line    0x0000000000001aa8       0x58 hwram.o
 .debug_line    0x0000000000001b00      0x4ce pcmsys.o
 .debug_line    0x0000000000001fce       0x33 piece.o
 .debug_line    0x0000000000002001      0x1db print.o
 .debug_line    0x00000000000021dc      0x155 rng.o
 .debug_line    0x0000000000002331      0x6b9 scroll.o
 .debug_line    0x00000000000029ea      0x285 sound.o
 .debug_line    0x0000000000002c6f      0x820 sprite.o
 .debug_line    0x000000000000348f      0x191 main.o
 .debug_line    0x0000000000003620      0x2d6 /opt/toolchains/sh-elf/bin/../lib/gcc/sh-elf/11.1.0/libgcc.a(_mul_df.o)
 .debug_line    0x00000000000038f6      0x13d /opt/toolchains/sh-elf/bin/../lib/gcc/sh-elf/11.1.0/libgcc.a(_si_to_df.o)
 .debug_line    0x0000000000003a33       0xf6 /opt/toolchains/sh-elf/bin/../lib/gcc/sh-elf/11.1.0/libgcc.a(_df_to_si.o)
 .debug_line    0x0000000000003b29       0x50 /opt/toolchains/sh-elf/bin/../lib/gcc/sh-elf/11.1.0/libgcc.a(_thenan_df.o)
 .debug_line    0x0000000000003b79       0xad /opt/toolchains/sh-elf/bin/../lib/gcc/sh-elf/11.1.0/libgcc.a(_clzsi2.o)
 .debug_line    0x0000000000003c26      0x30c /opt/toolchains/sh-elf/bin/../lib/gcc/sh-elf/11.1.0/libgcc.a(_pack_df.o)
 .debug_line    0x0000000000003f32      0x146 /opt/toolchains/sh-elf/bin/../lib/gcc/sh-elf/11.1.0/libgcc.a(_unpack_df.o)
 .debug_line    0x0000000000004078       0x52 /opt/toolchains/sh-elf/bin/../lib/gcc/sh-elf/11.1.0/libgcc.a(_clz.o)
 .debug_line    0x00000000000040ca      0x167 /opt/toolchains/sh-elf/bin/../lib/gcc/sh-elf/11.1.0/../../../../sh-elf/lib/libc.a(lib_a-memcmp.o)
 .debug_line    0x0000000000004231      0x1ec /opt/toolchains/sh-elf/bin/../lib/gcc/sh-elf/11.1.0/../../../../sh-elf/lib/libc.a(lib_a-memmove.o)
 .debug_line    0x000000000000441d      0x200 /opt/toolchains/sh-elf/bin/../lib/gcc/sh-elf/11.1.0/../../../../sh-elf/lib/libc.a(lib_a-strncmp.o)
 .debug_line    0x000000000000461d      0x1d4 /opt/toolchains/sh-elf/bin/../lib/gcc/sh-elf/11.1.0/../../../../sh-elf/lib/libc.a(lib_a-strncpy.o)

.debug_str      0x0000000000000000     0x1b95
 .debug_str     0x0000000000000000      0x236 vblank.o
                                        0x298 (size before relaxing)
 .debug_str     0x0000000000000236      0x1c4 bg.o
                                        0x2a9 (size before relaxing)
 .debug_str     0x00000000000003fa      0x25a cd.o
                                        0x36a (size before relaxing)
 .debug_str     0x0000000000000654       0x3a crc.o
                                        0x121 (size before relaxing)
 .debug_str     0x000000000000068e      0x118 devcart.o
                                        0x246 (size before relaxing)
 .debug_str     0x00000000000007a6      0x4ed game.o
                                        0x621 (size before relaxing)
 .debug_str     0x0000000000000c93        0x8 hwram.o
                                         0xcd (size before relaxing)
 .debug_str     0x0000000000000c9b      0x161 pcmsys.o
                                        0x302 (size before relaxing)
 .debug_str     0x0000000000000dfc        0x8 piece.o
                                         0x62 (size before relaxing)
 .debug_str     0x0000000000000e04       0x56 print.o
                                        0x1f4 (size before relaxing)
 .debug_str     0x0000000000000e5a       0x7c rng.o
                                        0x184 (size before relaxing)
 .debug_str     0x0000000000000ed6      0x35e scroll.o
                                        0x4f8 (size before relaxing)
 .debug_str     0x0000000000001234       0xb8 sound.o
                                        0x20c (size before relaxing)
 .debug_str     0x00000000000012ec      0x330 sprite.o
                                        0x560 (size before relaxing)
 .debug_str     0x000000000000161c      0x130 main.o
                                        0x30e (size before relaxing)
 .debug_str     0x000000000000174c      0x212 /opt/toolchains/sh-elf/bin/../lib/gcc/sh-elf/11.1.0/libgcc.a(_mul_df.o)
                                        0x28a (size before relaxing)
 .debug_str     0x000000000000195e       0x27 /opt/toolchains/sh-elf/bin/../lib/gcc/sh-elf/11.1.0/libgcc.a(_si_to_df.o)
                                        0x216 (size before relaxing)
 .debug_str     0x0000000000001985        0xa /opt/toolchains/sh-elf/bin/../lib/gcc/sh-elf/11.1.0/libgcc.a(_df_to_si.o)
                                        0x233 (size before relaxing)
 .debug_str     0x000000000000198f      0x1d5 /opt/toolchains/sh-elf/bin/../lib/gcc/sh-elf/11.1.0/libgcc.a(_thenan_df.o)
 .debug_str     0x000000000000198f       0x59 /opt/toolchains/sh-elf/bin/../lib/gcc/sh-elf/11.1.0/libgcc.a(_clzsi2.o)
                                        0x198 (size before relaxing)
 .debug_str     0x00000000000019e8        0x7 /opt/toolchains/sh-elf/bin/../lib/gcc/sh-elf/11.1.0/libgcc.a(_pack_df.o)
                                        0x227 (size before relaxing)
 .debug_str     0x00000000000019ef      0x209 /opt/toolchains/sh-elf/bin/../lib/gcc/sh-elf/11.1.0/libgcc.a(_unpack_df.o)
 .debug_str     0x00000000000019ef      0x17b /opt/toolchains/sh-elf/bin/../lib/gcc/sh-elf/11.1.0/libgcc.a(_clz.o)
 .debug_str     0x00000000000019ef       0xa8 /opt/toolchains/sh-elf/bin/../lib/gcc/sh-elf/11.1.0/../../../../sh-elf/lib/libc.a(lib_a-memcmp.o)
                                        0x144 (size before relaxing)
 .debug_str     0x0000000000001a97       0x72 /opt/toolchains/sh-elf/bin/../lib/gcc/sh-elf/11.1.0/../../../../sh-elf/lib/libc.a(lib_a-memmove.o)
                                        0x177 (size before relaxing)
 .debug_str     0x0000000000001b09       0x41 /opt/toolchains/sh-elf/bin/../lib/gcc/sh-elf/11.1.0/../../../../sh-elf/lib/libc.a(lib_a-strncmp.o)
                                        0x146 (size before relaxing)
 .debug_str     0x0000000000001b4a       0x4b /opt/toolchains/sh-elf/bin/../lib/gcc/sh-elf/11.1.0/../../../../sh-elf/lib/libc.a(lib_a-strncpy.o)
                                        0x16e (size before relaxing)

.comment        0x0000000000000000       0x12
 .comment       0x0000000000000000       0x12 vblank.o
                                         0x13 (size before relaxing)
 .comment       0x0000000000000012       0x13 bg.o
 .comment       0x0000000000000012       0x13 cd.o
 .comment       0x0000000000000012       0x13 crc.o
 .comment       0x0000000000000012       0x13 devcart.o
 .comment       0x0000000000000012       0x13 game.o
 .comment       0x0000000000000012       0x13 hwram.o
 .comment       0x0000000000000012       0x13 pcmsys.o
 .comment       0x0000000000000012       0x13 piece.o
 .comment       0x0000000000000012       0x13 print.o
 .comment       0x0000000000000012       0x13 rng.o
 .comment       0x0000000000000012       0x13 scroll.o
 .comment       0x0000000000000012       0x13 sound.o
 .comment       0x0000000000000012       0x13 sprite.o
 .comment       0x0000000000000012       0x13 main.o
 .comment       0x0000000000000012       0x13 ../sbl/segalib/lib/libsat.a(cdc_cmn.o)
 .comment       0x0000000000000012       0x13 ../sbl/segalib/lib/libsat.a(cdc_drv.o)
 .comment       0x0000000000000012       0x13 ../sbl/segalib/lib/libsat.a(dma_scu1.o)
 .comment       0x0000000000000012       0x13 ../sbl/segalib/lib/libsat.a(gfs.o)
 .comment       0x0000000000000012       0x13 ../sbl/segalib/lib/libsat.a(gfs_buf.o)
 .comment       0x0000000000000012       0x13 ../sbl/segalib/lib/libsat.a(gfs_cdb.o)
 .comment       0x0000000000000012       0x13 ../sbl/segalib/lib/libsat.a(gfs_cdc.o)
 .comment       0x0000000000000012       0x13 ../sbl/segalib/lib/libsat.a(gfs_cdf.o)
 .comment       0x0000000000000012       0x13 ../sbl/segalib/lib/libsat.a(gfs_dir.o)
 .comment       0x0000000000000012       0x13 ../sbl/segalib/lib/libsat.a(gfs_trn.o)
 .comment       0x0000000000000012       0x13 ../sbl/segalib/lib/libsat.a(mth_rand.o)
 .comment       0x0000000000000012       0x13 ../sbl/segalib/lib/libsat.a(per_prt.o)
 .comment       0x0000000000000012       0x13 ../sbl/segalib/lib/libsat.a(spr_2c.o)
 .comment       0x0000000000000012       0x13 ../sbl/segalib/lib/libsat.a(scl_func.o)
 .comment       0x0000000000000012       0x13 ../sbl/segalib/lib/libsat.a(scl_fu02.o)
 .comment       0x0000000000000012       0x13 ../sbl/segalib/lib/libsat.a(scl_fu03.o)
 .comment       0x0000000000000012       0x13 ../sbl/segalib/lib/libsat.a(scl_fu04.o)
 .comment       0x0000000000000012       0x13 ../sbl/segalib/lib/libsat.a(scl_pri.o)
 .comment       0x0000000000000012       0x13 ../sbl/segalib/lib/libsat.a(scl_ro00.o)
 .comment       0x0000000000000012       0x13 ../sbl/segalib/lib/libsat.a(scl_ro03.o)
 .comment       0x0000000000000012       0x13 ../sbl/segalib/lib/libsat.a(scl_back.o)
 .comment       0x0000000000000012       0x13 ../sbl/segalib/lib/libsat.a(scl_vblv.o)
 .comment       0x0000000000000012       0x13 ../sbl/segalib/lib/libsat.a(scl_pr01.o)
 .comment       0x0000000000000012       0x13 ../sbl/segalib/lib/libsat.a(scl_pr02.o)
 .comment       0x0000000000000012       0x13 ../sbl/segalib/lib/libsat.a(scl_pr03.o)
 .comment       0x0000000000000012       0x13 ../sbl/segalib/lib/libsat.a(scl_pr05.o)
 .comment       0x0000000000000012       0x13 ../sbl/segalib/lib/libsat.a(scl_pr06.o)
 .comment       0x0000000000000012       0x13 ../sbl/segalib/lib/libsat.a(scl_pr07.o)
 .comment       0x0000000000000012       0x13 ../sbl/segalib/lib/libsat.a(scl_pr11.o)
 .comment       0x0000000000000012       0x13 ../sbl/segalib/lib/libsat.a(scl_pr12.o)
 .comment       0x0000000000000012       0x13 ../sbl/segalib/lib/libsat.a(cdc_reg.o)
 .comment       0x0000000000000012       0x13 ../sbl/segalib/lib/libsat.a(cdc_sub.o)
 .comment       0x0000000000000012       0x13 ../sbl/segalib/lib/libsat.a(cdc_dev.o)
 .comment       0x0000000000000012       0x13 ../sbl/segalib/lib/libsat.a(cdc_sel.o)
 .comment       0x0000000000000012       0x13 ../sbl/segalib/lib/libsat.a(cdc_bif.o)
 .comment       0x0000000000000012       0x13 ../sbl/segalib/lib/libsat.a(cdc_bio.o)
 .comment       0x0000000000000012       0x13 ../sbl/segalib/lib/libsat.a(cdc_cfs.o)
 .comment       0x0000000000000012       0x13 ../sbl/segalib/lib/libsat.a(csh_main.o)
 .comment       0x0000000000000012       0x13 ../sbl/segalib/lib/libsat.a(dma_cpu0.o)
 .comment       0x0000000000000012       0x13 ../sbl/segalib/lib/libsat.a(dma_scu0.o)
 .comment       0x0000000000000012       0x13 ../sbl/segalib/lib/libsat.a(spr_1c.o)
 .comment       0x0000000000000012       0x13 /opt/toolchains/sh-elf/bin/../lib/gcc/sh-elf/11.1.0/libgcc.a(_mul_df.o)
 .comment       0x0000000000000012       0x13 /opt/toolchains/sh-elf/bin/../lib/gcc/sh-elf/11.1.0/libgcc.a(_si_to_df.o)
 .comment       0x0000000000000012       0x13 /opt/toolchains/sh-elf/bin/../lib/gcc/sh-elf/11.1.0/libgcc.a(_df_to_si.o)
 .comment       0x0000000000000012       0x13 /opt/toolchains/sh-elf/bin/../lib/gcc/sh-elf/11.1.0/libgcc.a(_thenan_df.o)
 .comment       0x0000000000000012       0x13 /opt/toolchains/sh-elf/bin/../lib/gcc/sh-elf/11.1.0/libgcc.a(_clzsi2.o)
 .comment       0x0000000000000012       0x13 /opt/toolchains/sh-elf/bin/../lib/gcc/sh-elf/11.1.0/libgcc.a(_pack_df.o)
 .comment       0x0000000000000012       0x13 /opt/toolchains/sh-elf/bin/../lib/gcc/sh-elf/11.1.0/libgcc.a(_unpack_df.o)
 .comment       0x0000000000000012       0x13 /opt/toolchains/sh-elf/bin/../lib/gcc/sh-elf/11.1.0/libgcc.a(_clz.o)
 .comment       0x0000000000000012       0x13 /opt/toolchains/sh-elf/bin/../lib/gcc/sh-elf/11.1.0/../../../../sh-elf/lib/libc.a(lib_a-memcmp.o)
 .comment       0x0000000000000012       0x13 /opt/toolchains/sh-elf/bin/../lib/gcc/sh-elf/11.1.0/../../../../sh-elf/lib/libc.a(lib_a-memmove.o)
 .comment       0x0000000000000012       0x13 /opt/toolchains/sh-elf/bin/../lib/gcc/sh-elf/11.1.0/../../../../sh-elf/lib/libc.a(lib_a-strncmp.o)
 .comment       0x0000000000000012       0x13 /opt/toolchains/sh-elf/bin/../lib/gcc/sh-elf/11.1.0/../../../../sh-elf/lib/libc.a(lib_a-strncpy.o)

.debug_frame    0x0000000000000000      0xf64
 .debug_frame   0x0000000000000000       0x84 vblank.o
 .debug_frame   0x0000000000000084       0xf0 bg.o
 .debug_frame   0x0000000000000174       0x78 cd.o
 .debug_frame   0x00000000000001ec       0x20 crc.o
 .debug_frame   0x000000000000020c       0x98 devcart.o
 .debug_frame   0x00000000000002a4      0x230 game.o
 .debug_frame   0x00000000000004d4      0x174 pcmsys.o
 .debug_frame   0x0000000000000648       0xc4 print.o
 .debug_frame   0x000000000000070c       0x80 rng.o
 .debug_frame   0x000000000000078c      0x250 scroll.o
 .debug_frame   0x00000000000009dc       0x84 sound.o
 .debug_frame   0x0000000000000a60      0x224 sprite.o
 .debug_frame   0x0000000000000c84       0x4c main.o
 .debug_frame   0x0000000000000cd0       0x98 /opt/toolchains/sh-elf/bin/../lib/gcc/sh-elf/11.1.0/libgcc.a(_mul_df.o)
 .debug_frame   0x0000000000000d68       0x3c /opt/toolchains/sh-elf/bin/../lib/gcc/sh-elf/11.1.0/libgcc.a(_si_to_df.o)
 .debug_frame   0x0000000000000da4       0x48 /opt/toolchains/sh-elf/bin/../lib/gcc/sh-elf/11.1.0/libgcc.a(_df_to_si.o)
 .debug_frame   0x0000000000000dec       0x38 /opt/toolchains/sh-elf/bin/../lib/gcc/sh-elf/11.1.0/libgcc.a(_clzsi2.o)
 .debug_frame   0x0000000000000e24       0x6c /opt/toolchains/sh-elf/bin/../lib/gcc/sh-elf/11.1.0/libgcc.a(_pack_df.o)
 .debug_frame   0x0000000000000e90       0x20 /opt/toolchains/sh-elf/bin/../lib/gcc/sh-elf/11.1.0/libgcc.a(_unpack_df.o)
 .debug_frame   0x0000000000000eb0       0x20 /opt/toolchains/sh-elf/bin/../lib/gcc/sh-elf/11.1.0/../../../../sh-elf/lib/libc.a(lib_a-memcmp.o)
 .debug_frame   0x0000000000000ed0       0x20 /opt/toolchains/sh-elf/bin/../lib/gcc/sh-elf/11.1.0/../../../../sh-elf/lib/libc.a(lib_a-memmove.o)
 .debug_frame   0x0000000000000ef0       0x30 /opt/toolchains/sh-elf/bin/../lib/gcc/sh-elf/11.1.0/../../../../sh-elf/lib/libc.a(lib_a-strncmp.o)
 .debug_frame   0x0000000000000f20       0x44 /opt/toolchains/sh-elf/bin/../lib/gcc/sh-elf/11.1.0/../../../../sh-elf/lib/libc.a(lib_a-strncpy.o)

.debug_loclists
                0x0000000000000000     0x1e50
 .debug_loclists
                0x0000000000000000       0x4b bg.o
 .debug_loclists
                0x000000000000004b       0x59 cd.o
 .debug_loclists
                0x00000000000000a4       0x64 crc.o
 .debug_loclists
                0x0000000000000108      0x1ae devcart.o
 .debug_loclists
                0x00000000000002b6      0x5b8 game.o
 .debug_loclists
                0x000000000000086e      0x1fe pcmsys.o
 .debug_loclists
                0x0000000000000a6c      0x19d print.o
 .debug_loclists
                0x0000000000000c09       0x70 rng.o
 .debug_loclists
                0x0000000000000c79      0x42c scroll.o
 .debug_loclists
                0x00000000000010a5       0x94 sound.o
 .debug_loclists
                0x0000000000001139      0x2ed sprite.o
 .debug_loclists
                0x0000000000001426      0x30c /opt/toolchains/sh-elf/bin/../lib/gcc/sh-elf/11.1.0/libgcc.a(_mul_df.o)
 .debug_loclists
                0x0000000000001732       0x6c /opt/toolchains/sh-elf/bin/../lib/gcc/sh-elf/11.1.0/libgcc.a(_si_to_df.o)
 .debug_loclists
                0x000000000000179e       0x35 /opt/toolchains/sh-elf/bin/../lib/gcc/sh-elf/11.1.0/libgcc.a(_df_to_si.o)
 .debug_loclists
                0x00000000000017d3       0x22 /opt/toolchains/sh-elf/bin/../lib/gcc/sh-elf/11.1.0/libgcc.a(_clzsi2.o)
 .debug_loclists
                0x00000000000017f5      0x230 /opt/toolchains/sh-elf/bin/../lib/gcc/sh-elf/11.1.0/libgcc.a(_pack_df.o)
 .debug_loclists
                0x0000000000001a25       0x71 /opt/toolchains/sh-elf/bin/../lib/gcc/sh-elf/11.1.0/libgcc.a(_unpack_df.o)
 .debug_loclists
                0x0000000000001a96       0xae /opt/toolchains/sh-elf/bin/../lib/gcc/sh-elf/11.1.0/../../../../sh-elf/lib/libc.a(lib_a-memcmp.o)
 .debug_loclists
                0x0000000000001b44      0x13c /opt/toolchains/sh-elf/bin/../lib/gcc/sh-elf/11.1.0/../../../../sh-elf/lib/libc.a(lib_a-memmove.o)
 .debug_loclists