Archive member included to satisfy reference by file (symbol)

../sbl/segalib/lib/libsat.a(cdc_cmn.o)
                              main.o (_CDC_GetPeriStat)
../sbl/segalib/lib/libsat.a(cdc_drv.o)
                              sound.o (_CDC_CdPlay)
../sbl/segalib/lib/libsat.a(dma_scu1.o)
                              main.o (_DMA_ScuInit)
../sbl/segalib/lib/libsat.a(gfs.o)
                              cd.o (_GFS_SetDir)
../sbl/segalib/lib/libsat.a(gfs_buf.o)
                              ../sbl/segalib/lib/libsat.a(gfs.o) (_GFBF_GetNumData)
../sbl/segalib/lib/libsat.a(gfs_cdb.o)
                              ../sbl/segalib/lib/libsat.a(gfs.o) (_GFCB_Close)
../sbl/segalib/lib/libsat.a(gfs_cdc.o)
                              ../sbl/segalib/lib/libsat.a(gfs_cdb.o) (_GFCD_AllocFilt)
../sbl/segalib/lib/libsat.a(gfs_cdf.o)
                              ../sbl/segalib/lib/libsat.a(gfs.o) (_GFCF_Init)
../sbl/segalib/lib/libsat.a(gfs_dir.o)
                              ../sbl/segalib/lib/libsat.a(gfs.o) (_GFDR_NameToId)
../sbl/segalib/lib/libsat.a(gfs_trn.o)
                              ../sbl/segalib/lib/libsat.a(gfs.o) (_GFTR_Setup)
../sbl/segalib/lib/libsat.a(mth_rand.o)
                              rng.o (_MTH_InitialRand)
../sbl/segalib/lib/libsat.a(mth_fixd.o)
                              sprite.o (_MTH_Mul)
../sbl/segalib/lib/libsat.a(mth_tri.o)
                              sprite.o (_MTH_Sin)
../sbl/segalib/lib/libsat.a(per_prt.o)
                              vblank.o (_PER_Init)
../sbl/segalib/lib/libsat.a(spr_2c.o)
                              sprite.o (_SPR_2SetTvMode)
../sbl/segalib/lib/libsat.a(scl_func.o)
                              scroll.o (_Scl_n_reg)
../sbl/segalib/lib/libsat.a(scl_fu02.o)
                              scroll.o (_SCL_InitVramConfigTb)
../sbl/segalib/lib/libsat.a(scl_fu03.o)
                              scroll.o (_SCL_InitConfigTb)
../sbl/segalib/lib/libsat.a(scl_fu04.o)
                              scroll.o (_SCL_SetCycleTable)
../sbl/segalib/lib/libsat.a(scl_pri.o)
                              ../sbl/segalib/lib/libsat.a(scl_func.o) (_SCL_PriorityInit)
../sbl/segalib/lib/libsat.a(scl_ro00.o)
                              scroll.o (_SCL_InitRotateTable)
../sbl/segalib/lib/libsat.a(scl_ro03.o)
                              bg.o (_SCL_RotateTo)
../sbl/segalib/lib/libsat.a(scl_back.o)
                              scroll.o (_SCL_SetBack)
../sbl/segalib/lib/libsat.a(scl_vblv.o)
                              ../sbl/segalib/lib/libsat.a(spr_2c.o) (_SCL_SetFrameInterval)
../sbl/segalib/lib/libsat.a(scl_pr01.o)
                              sprite.o (_SCL_SetSpriteMode)
../sbl/segalib/lib/libsat.a(scl_pr02.o)
                              scroll.o (_SCL_SetColRam)
../sbl/segalib/lib/libsat.a(scl_pr03.o)
                              scroll.o (_SCL_AllocColRam)
../sbl/segalib/lib/libsat.a(scl_pr05.o)
                              ../sbl/segalib/lib/libsat.a(scl_pr02.o) (_SCL_GetColRamOffset)
../sbl/segalib/lib/libsat.a(scl_pr06.o)
                              ../sbl/segalib/lib/libsat.a(scl_pr03.o) (_SCL_SetColRamOffset)
../sbl/segalib/lib/libsat.a(scl_pr07.o)
                              scroll.o (_SCL_SetPriority)
../sbl/segalib/lib/libsat.a(scl_pr11.o)
                              bg.o (_SCL_SetAutoColOffset)
../sbl/segalib/lib/libsat.a(scl_pr12.o)
                              bg.o (_SCL_SetColOffset)
../sbl/segalib/lib/libsat.a(cdc_reg.o)
                              ../sbl/segalib/lib/libsat.a(gfs_cdb.o) (_CDC_GetDataPtr)
../sbl/segalib/lib/libsat.a(cdc_sub.o)
                              ../sbl/segalib/lib/libsat.a(cdc_cmn.o) (_CDSUB_GetCdstat)
../sbl/segalib/lib/libsat.a(cdc_dev.o)
                              ../sbl/segalib/lib/libsat.a(gfs_cdc.o) (_CDC_CdSetCon)
../sbl/segalib/lib/libsat.a(cdc_sel.o)
                              ../sbl/segalib/lib/libsat.a(gfs_cdc.o) (_CDC_SetFiltRange)
../sbl/segalib/lib/libsat.a(cdc_bif.o)
                              ../sbl/segalib/lib/libsat.a(gfs_cdc.o) (_CDC_GetBufSiz)
../sbl/segalib/lib/libsat.a(cdc_bio.o)
                              ../sbl/segalib/lib/libsat.a(gfs_cdc.o) (_CDC_SetSctLen)
../sbl/segalib/lib/libsat.a(cdc_cfs.o)
                              ../sbl/segalib/lib/libsat.a(gfs_cdc.o) (_CDC_ChgDir)
../sbl/segalib/lib/libsat.a(csh_main.o)
                              ../sbl/segalib/lib/libsat.a(dma_scu1.o) (_CSH_Purge)
../sbl/segalib/lib/libsat.a(dma_cpu0.o)
                              ../sbl/segalib/lib/libsat.a(gfs_trn.o) (_DMA_CpuSetComPrm)
../sbl/segalib/lib/libsat.a(dma_scu0.o)
                              ../sbl/segalib/lib/libsat.a(dma_scu1.o) (_DMA_ScuSetPrm)
../sbl/segalib/lib/libsat.a(spr_1c.o)
                              ../sbl/segalib/lib/libsat.a(spr_2c.o) (_SPR_SetTvMode)
../sbl/segalib/lib/libsat.a(spr_2a.o)
                              ../sbl/segalib/lib/libsat.a(spr_2c.o) (_SPR_2SetDrawPrty)
/opt/toolchains/sh-elf/bin/../lib/gcc/sh-elf/11.1.0/libgcc.a(_ashiftrt.o)
[...]
Memory Configuration

Name             Origin             Length             Attributes
*default*        0x0000000000000000 0xffffffffffffffff

Linker script and memory map

LOAD entry.o
LOAD stack.o
LOAD vblank.o
LOAD bg.o
LOAD cd.o
LOAD crc.o
LOAD devcart.o
LOAD game.o
LOAD hwram.o
LOAD pcmsys.o
LOAD piece.o
LOAD print.o
LOAD rng.o
LOAD scroll.o
LOAD sound.o
LOAD sprite.o
LOAD main.o
LOAD ../sbl/segalib/lib/libsat.a
LOAD /opt/toolchains/sh-elf/bin/../lib/gcc/sh-elf/11.1.0/libgcc.a
LOAD /opt/toolchains/sh-elf/bin/../lib/gcc/sh-elf/11.1.0/libgcc-Os-4-200.a
LOAD /opt/toolchains/sh-elf/bin/../lib/gcc/sh-elf/11.1.0/../../../../sh-elf/lib/libc.a
LOAD /opt/toolchains/sh-elf/bin/../lib/gcc/sh-elf/11.1.0/libgcc.a
LOAD /opt/toolchains/sh-elf/bin/../lib/gcc/sh-elf/11.1.0/libgcc-Os-4-200.a

.entry          0x0000000006010000       0x60
 *(.entry)
 .entry         0x0000000006010000       0x50 entry.o
                0x0000000006010000                _entry
                0x0000000006010060                . = ALIGN (0x20)
 *fill*         0x0000000006010050       0x10 
                0x0000000006010060                _eentry = ABSOLUTE (.)

.text           0x0000000006010060     0xfec0
 *(.text*)
 .text          0x0000000006010060        0x0 entry.o
 .text          0x0000000006010060        0x0 stack.o
 .text          0x0000000006010060      0x148 vblank.o
                0x0000000006010060                _CheckVblankEnd
                0x0000000006010070                _UsrVblankIn
                0x0000000006010088                _UsrVblankOut
                0x0000000006010118                _SetVblank
 .text          0x00000000060101a8      0x2c8 bg.o
                0x00000000060101a8                _BG_Init
                0x00000000060102f8                _BG_Run
                0x0000000006010434                _BG_Next
 .text          0x0000000006010470       0xdc cd.o
                0x0000000006010470                _CD_Init
                0x0000000006010498                _CD_ChangeDir
                0x00000000060104d8                _CD_Load
 .text          0x000000000601054c       0x20 crc.o
                0x000000000601054c                _crc_update
 .text          0x000000000601056c      0x1d4 devcart.o
                0x00000000060105c0                _Devcart_LoadFile
                0x000000000601068c                _Devcart_PrintStr
                0x00000000060106c4                _Devcart_Reset
                0x0000000006010708                _Devcart_ChangeDir
 .text          0x0000000006010740      0xf90 game.o
                0x0000000006010ad4                _Game_Init
                0x0000000006010dd8                _Game_Run
 .text          0x00000000060116d0        0x0 hwram.o
 .text          0x00000000060116d0      0x35c pcmsys.o
                0x00000000060116d0                _smpc_wait_till_ready
                0x00000000060116e4                _smpc_issue_command
                0x00000000060116f8                _load_driver_binary
                0x000000000601176c                _load_drv
                0x00000000060117a4                _calculate_bytes_per_blank
                0x00000000060117d4                _load_16bit_pcm
                0x00000000060118d0                _load_8bit_pcm
                0x00000000060119c8                _pcm_play
                0x00000000060119ec                _pcm_parameter_change
                0x0000000006011a08                _pcm_cease
 .text          0x0000000006011a2c        0x0 piece.o
 .text          0x0000000006011a2c      0x154 print.o
                0x0000000006011a2c                _Print_Load
                0x0000000006011a3c                _Print_Init
                0x0000000006011a54                _Print_Num
                0x0000000006011a98                _Print_String
                0x0000000006011af0                _Print_Display
 .text          0x0000000006011b80       0xf4 rng.o
                0x0000000006011b80                _RNG_Init
                0x0000000006011bd4                _RNG_Get
 .text          0x0000000006011c74      0x5ac scroll.o
                0x0000000006011c74                _Scroll_Init
                0x0000000006011f04                _Scroll_TilePtr
                0x0000000006011f58                _Scroll_LoadTile
                0x0000000006011fd8                _Scroll_MapPtr
                0x0000000006012010                _Scroll_Scale
                0x00000000060120ac                _Scroll_Set
                0x00000000060120ec                _Scroll_Move
                0x000000000601212c                _Scroll_ClearMaps
                0x0000000006012170                _Scroll_ClearVram
                0x000000000601218c                _Scroll_CharSize
                0x00000000060121c0                _Scroll_Enable
                0x00000000060121f0                _Scroll_MapSize
 .text          0x0000000006012220      0x204 sound.o
                0x0000000006012220                _Sound_CDVolume
                0x000000000601230c                _Sound_Init
                0x00000000060123d4                _Sound_CDDA
                0x0000000006012414                _Sound_Play
 .text          0x0000000006012424      0x60c sprite.o
                0x0000000006012424                _Sprite_Init
                0x00000000060124b8                _Sprite_Clear
                0x00000000060124d4                _Sprite_Load
                0x00000000060126c0                _Sprite_StartDraw
                0x00000000060126f0                _Sprite_Draw
                0x0000000006012908                _Sprite_Make
                0x0000000006012934                _Sprite_DrawAll
                0x0000000006012980                _Sprite_Next
                0x00000000060129c4                _Sprite_ListAdd
                0x00000000060129d8                _Sprite_ListRemove
                0x00000000060129fc                _Sprite_Delete
                0x0000000006012a10                _Sprite_DeleteAll
 .text          0x0000000006012a30        0x0 main.o
 .text.startup  0x0000000006012a30      0x124 main.o
                0x0000000006012a30                _main
 .text          0x0000000006012b54      0x354 ../sbl/segalib/lib/libsat.a(cdc_cmn.o)
                0x0000000006012b54                _CDC_GetCurStat
                0x0000000006012b98                _CDC_GetLastStat
                0x0000000006012ba4                _getPeriRsp
                0x0000000006012c2c                _CDC_GetPeriStat
                0x0000000006012c70                _CDC_GetHwInfo
                0x0000000006012cc8                _CDC_TgetToc
                0x0000000006012d20                _CDC_GetSes
                0x0000000006012d58                _CDC_CdInit
                0x0000000006012dd0                _CDC_CdOpen
                0x0000000006012df8                _CDC_DataEnd
                0x0000000006012e4c                _CDC_DataReady
 .text          0x0000000006012ea8      0x108 ../sbl/segalib/lib/libsat.a(cdc_drv.o)
                0x0000000006012ea8                _analyPos
                0x0000000006012ef8                _CDC_CdPlay
                0x0000000006012f4c                _CDC_CdSeek
                0x0000000006012f84                _CDC_CdScan
 .text          0x0000000006012fb0      0x198 ../sbl/segalib/lib/libsat.a(dma_scu1.o)
                0x0000000006012fb0                _DMA_ScuInit
                0x0000000006012fec                _DMA_ScuMemCopy
                0x00000000060130b0                _DMA_ScuResult
 .text          0x0000000006013148     0x1610 ../sbl/segalib/lib/libsat.a(gfs.o)
                0x0000000006013148                _gfs_recovRdErr
                0x0000000006013170                _GFS_SetErrFunc
                0x0000000006013194                _GFS_GetErrStat
                0x00000000060131b4                _gfs_mngSetupFuncTbl
                0x00000000060131e0                _gfs_mngInitWork
                0x0000000006013260                _gfs_mngGetNumFile
                0x00000000060132b8                _GFS_mngAllocGrp
                0x00000000060132f8                _gfs_mngFreeGrp
                0x00000000060132fe                _gfs_mngTermAccess
                0x0000000006013368                _gfs_mngSetErrCode
                0x0000000006013398                _GFS_SetDir
                0x00000000060133fc                _GFS_NameToId
                0x000000000601344c                _GFS_IdToName
                0x00000000060134a8                _GFS_Tell
                0x00000000060134e8                _GFS_NwIsComplete
                0x0000000006013510                _GFS_CdMovePickup
                0x0000000006013570                _GFS_GetDirInfo
                0x00000000060135e8                _gfs_svrSearchHndl
                0x000000000601361c                _gfs_svrAddHndl
                0x0000000006013650                _gfs_svrRemoveHndl
                0x00000000060136c4                _GFS_NwStop
                0x000000000601371c                _GFS_OpenSub
                0x0000000006013764                _GFS_Open
                0x0000000006013808                _GFS_GetFad
                0x000000000601384c                _gfs_SetSct
                0x0000000006013878                _GFS_NwCdRead
                0x00000000060138fc                _gfs_GetFinfo
                0x000000000601394a                _GFS_GetFileSize
                0x00000000060139ac                _GFS_Seek
                0x0000000006013a60                _GFS_IsEof
                0x0000000006013ac0                _GFS_ByteToSct
                0x0000000006013b1c                _GFS_GetFileInfo
                0x0000000006013b90                _GFS_NwFread
                0x0000000006013ca4                _GFS_NwGetStat
                0x0000000006013d18                _GFS_SetGmode
                0x0000000006013d7c                _GFS_SetTmode
                0x0000000006013df0                _GFS_SetReadPara
                0x0000000006013e54                _GFS_SetTransPara
                0x0000000006013ec8                _gfs_transData
                0x0000000006013f58                _gfs_closeSub
                0x0000000006013f88                _GFS_Close
                0x0000000006013fc0                _GFS_LoadDir
                0x000000000601405c                _gfs_getGmode
                0x0000000006014062                _gfs_isTaskDone
                0x00000000060140ac                _gfs_convFinStat
                0x0000000006014110                _gfs_flowIn
                0x0000000006014190                _GFS_NwExecOne
                0x0000000006014220                _GFS_Fread
                0x0000000006014368                _GFS_Load
                0x0000000006014430                _gfs_loadVol
                0x00000000060144f4                _gfs_getRootDir
                0x000000000601457c                _gfs_loadRootDir
                0x0000000006014604                _GFS_Init
                0x00000000060146f0                _GFS_NwExecServer
 .text          0x0000000006014758       0x6c ../sbl/segalib/lib/libsat.a(gfs_buf.o)
                0x0000000006014758                _GFBF_GetTranData
                0x000000000601476c                _GFBF_GetNumData
                0x0000000006014784                _GFBF_GetSrcPk
                0x0000000006014798                _GFBF_GetSctData
                0x00000000060147ac                _GFBF_RtnPk
                0x00000000060147c0                _gfbf_getSctDt
 .text          0x00000000060147c4      0x484 ../sbl/segalib/lib/libsat.a(gfs_cdb.o)
                0x00000000060147c4                _GFCB_Setup
                0x0000000006014888                _GFCB_Close
                0x00000000060148a8                _GFCB_GetLenData
                0x000000000601493c                _GFCB_GetLenRoom
                0x0000000006014940                _GFCB_SetFilt
                0x0000000006014998                _GFCB_DeleteAllData
                0x00000000060149b4                _GFCB_Tell
                0x00000000060149bc                _GFCB_Seek
                0x0000000006014aa0                _GFCB_GetSrcPack
                0x0000000006014b68                _GFCB_GetSctData
                0x0000000006014b94                _GFCB_GetDstPack
                0x0000000006014b98                _GFCB_RtnPk
                0x0000000006014bd8                _GFCB_MovePickup
                0x0000000006014be8                _GFCB_SetCon
                0x0000000006014c10                _GFCB_GetPickup
                0x0000000006014c30                _GFCB_IsPuOwner
                0x0000000006014c3c                _GFCB_UngetPickup
 .text          0x0000000006014c48     0x1504 ../sbl/segalib/lib/libsat.a(gfs_cdc.o)
                0x0000000006014c48                _GFCD_AllocFilt
                0x0000000006014c78                _GFCD_FreeFilt
                0x0000000006014ca0                _GFCD_AllocBuf
                0x0000000006014ccc                _GFCD_GetBaseFad
                0x0000000006014cf8                _GFCD_GetPickup
                0x0000000006014d1c                _GFCD_UngetPickup
                0x0000000006014d40                _GFCD_IsPuOwner
                0x0000000006014d58                _GFCD_CheckDelSctData
                0x0000000006014d80                _GFCD_CheckMove
                0x0000000006014d98                _gfcd_isIdleTask
                0x0000000006014dfc                _GFCD_SetTimer
                0x0000000006014e08                _gfcd_checkEflag
                0x0000000006014e24                _gfcd_initCdbMng
                0x0000000006014e8c                _gfcd_setStat
                0x0000000006014eb0                _GFCD_GetFilt
                0x0000000006014ef4                _GFCD_EndData
                0x0000000006014f38                _GFCD_GetSctInfo
                0x0000000006014f7c                _GFCD_GetFileInfo
                0x0000000006015044                _GFCD_GetBufSiz
                0x0000000006015074                _gfcd_doSetFiltTsk
                0x00000000060151e0                _GFCD_SetFilt
                0x0000000006015278                _gfcd_doSetConTsk
                0x00000000060152f0                _GFCD_SetCon
                0x000000000601533c                _gfcd_doGetLenDataTsk
                0x000000000601543c                _GFCD_GetLenData
                0x0000000006015480                _gfcd_doReqDataTsk
                0x00000000060154f4                _GFCD_ReqData
                0x000000000601553c                _gfcd_doDelSctDataTsk
                0x0000000006015648                _GFCD_DelSctData
                0x0000000006015694                _gfcd_doMoveSctTsk
                0x00000000060157b0                _GFCD_MoveSctData
                0x000000000601580c                _gfcd_doSetFiltConTsk
                0x0000000006015908                _GFCD_SetFiltCon
                0x0000000006015a00                _GFCD_SetCsctFunc
                0x0000000006015a10                _GFCD_WaitScdqFlag
                0x0000000006015a54                _GFCD_GetStat
                0x0000000006015ac4                _GFCD_Init
                0x0000000006015cac                _GFCD_Play
                0x0000000006015cfc                _GFCD_MovePickup
                0x0000000006015d44                _gfcd_doChgDirTsk
                0x0000000006015ee8                _GFCD_ChgDir
                0x0000000006015f50                _gfcd_doTask
                0x0000000006015fc0                _GFCD_ExecServer
                0x000000000601609c                _GFCD_FreeBuf
                0x0000000006016118                _GFCD_WaitServer
 .text          0x000000000601614c      0x600 ../sbl/segalib/lib/libsat.a(gfs_cdf.o)
                0x000000000601614c                _GFCF_Init
                0x00000000060161a4                _GFCF_SetSct
                0x00000000060161d0                _GFCF_GetFileInfo
                0x000000000601622e                _GFCF_Recover
                0x0000000006016270                _GFCF_Tell
                0x000000000601627c                _GFCF_Seek
                0x0000000006016288                _GFCF_cnvIntlvOfs
                0x00000000060162bc                _GFCF_GetStat
                0x0000000006016308                _GFCF_StopInBuf
                0x0000000006016380                _GFCF_MovePickup
                0x0000000006016404                _gfcf_getSctSize
                0x000000000601643c                _GFCF_Setup
                0x00000000060164f4                _gfcf_isCdOk
                0x0000000006016540                _gfcf_getPlayRange
                0x0000000006016648                _GFCF_FlowInBuf
 .text          0x000000000601674c      0x7e8 ../sbl/segalib/lib/libsat.a(gfs_dir.o)
                0x000000000601674c                _GFDR_NameToId
                0x000000000601679c                _GFDR_GetInfoDirId
                0x00000000060167a8                _GFDR_GetInfoDirName
                0x00000000060167b4                _GFDR_GetAtrDirId
                0x00000000060167c4                _GFDR_GetAtrDirName
                0x00000000060167d4                _GFDR_ChgDir
                0x0000000006016844                _GFDR_ChgRoot
                0x0000000006016850                _gfdr_open
                0x0000000006016870                _gfdr_read
                0x0000000006016928                _gfdr_readByte
                0x0000000006016950                _gfdr_readWord
                0x0000000006016978                _gfdr_readWordNB
                0x00000000060169c4                _gfdr_readLongNB
                0x0000000006016a0c                _gfdr_readLongNM
                0x0000000006016a2c                _gfdr_setNextRec
                0x0000000006016aa8                _gfdr_readDirEnt
                0x0000000006016d90                _gfdr_setDirrecCd
                0x0000000006016dae                _gfdr_setupDirIdTbl
                0x0000000006016e24                _gfdr_setupDirNameTbl
                0x0000000006016ec4                _GFDR_SetupDirTbl
 .text          0x0000000006016f34      0x818 ../sbl/segalib/lib/libsat.a(gfs_trn.o)
                0x0000000006016f34                _gftr_reqScu
                0x0000000006016f38                _gftr_remCpu
                0x0000000006016f3c                _gftr_execScu
                0x0000000006016fbc                _gftr_remScu
                0x0000000006016fdc                _gftr_reqDma0
                0x0000000006016fe0                _gftr_reqDma1
                0x0000000006016fe4                _gftr_reqCpu
                0x0000000006016fe8                _GFTR_Setup
                0x000000000601700e                _GFTR_SetMode
                0x000000000601701a                _GFTR_SetUnit
                0x000000000601701e                _GFTR_SetTransPara
                0x0000000006017030                _GFTR_GetTransPara
                0x0000000006017034                _GFTR_GetNumTrans
                0x0000000006017038                _GFTR_SetTransMax
                0x000000000601703e                _GFTR_Start
                0x0000000006017044                _GFTR_Pause
                0x000000000601704a                _gfdma_canUse
                0x000000000601704e                _gfdma_exec
                0x0000000006017128                _gftr_execSdma0
                0x000000000601714c                _gftr_execSdma1
                0x0000000006017170                _gftr_reqTrn
                0x00000000060171c4                _gftr_execTrn
                0x0000000006017290                _gftr_remTrn
                0x00000000060172f0                _gftr_copyFrac
                0x0000000006017314                _gfdma_getBytecnt
                0x0000000006017344                _gftr_remDma0
                0x0000000006017350                _gftr_remDma1
                0x000000000601735c                _gftr_execCpu
                0x00000000060173a8                _GFTR_GetLenData
                0x00000000060173ac                _GFTR_GetLenRoom
                0x00000000060173ba                _gftr_getSrcPack
                0x000000000601743c                _GFTR_Idle
                0x00000000060174ac                _GFTR_GetDstPack
                0x00000000060174d8                _gftr_getDstPack
                0x0000000006017518                _gftr_execSub
                0x0000000006017620                _GFTR_Exec
                0x0000000006017678                _GFTR_Stop
                0x0000000006017718                _GFTR_RtnDstPk
                0x0000000006017726                _GFTR_GetData
                0x0000000006017734                _GFTR_SetData
                0x0000000006017740                _GFTR_SetTransFunc
 .text          0x000000000601774c       0x24 ../sbl/segalib/lib/libsat.a(mth_rand.o)
                0x000000000601774c                _MTH_InitialRand
                0x0000000006017758                _MTH_GetRand
 .text          0x0000000006017770       0x78 ../sbl/segalib/lib/libsat.a(mth_fixd.o)
                0x0000000006017770                _MTH_Mul
                0x0000000006017784                _MTH_Div
                0x0000000006017798                _MTH_IntToFixed
                0x00000000060177a0                _MTH_FixedToInt
                0x00000000060177a8                _MTH_Product
 .text          0x00000000060177e8      0x5d4 ../sbl/segalib/lib/libsat.a(mth_tri.o)
                0x00000000060177e8                _MTH_Sin
                0x0000000006017828                _MTH_Cos
                0x000000000601786c                _fcos
                0x0000000006017872                _fsin
                0x0000000006017a04                _MTH_Atan
 .text          0x0000000006017dbc      0xf58 ../sbl/segalib/lib/libsat.a(per_prt.o)
                0x00000000060181bc                _PER_IntFunc
                0x0000000006018a6c                _PER_Init
                0x0000000006018c14                _PER_GetPer
 .text          0x0000000006018d14      0xcbc ../sbl/segalib/lib/libsat.a(spr_2c.o)
                0x0000000006018d14                _SPR_2SetTvMode
                0x0000000006018d24                _SPR_2FrameChgIntr
                0x0000000006018d38                _SPR_2FrameEraseData
                0x0000000006018d78                _SPR_2SetGourTbl
                0x0000000006018da8                _SPR_2SetLookupTbl
                0x0000000006018dc4                _SPR_2SetChar
                0x0000000006018ef0                _SPR_2ClrChar
                0x0000000006018ff8                _SPR_2ClrAllChar
                0x0000000006019044                _SPR_2Initial
                0x0000000006019198                _SPR_2GourTblNoToVram
                0x00000000060191b4                _SPR_2LookupTblNoToVram
                0x00000000060191c4                _SPR_2CharNoToVram
                0x00000000060191d8                _SPR_2GetAreaSizeInfo
                0x0000000006019238                _SPR_2OpenCommand
                0x00000000060192d0                _SPR_2FlushDrawPrty
                0x0000000006019310                _SPR_2CloseCommand
                0x0000000006019430                _SPR_2LocalCoord
                0x0000000006019488                _SPR_2SysClip
                0x00000000060194d0                _SPR_2UserClip
                0x0000000006019520                _SPR_2Line
                0x00000000060195bc                _SPR_2PolyLine
                0x000000000601965c                _SPR_2Polygon
                0x00000000060196fc                _SPR_2NormSpr
                0x00000000060197c8                _SPR_2ScaleSpr
                0x00000000060198b0                _SPR_2DistSpr
                0x0000000006019988                _SPR_2Cmd
 .text          0x00000000060199d0      0x754 ../sbl/segalib/lib/libsat.a(scl_func.o)
                0x00000000060199d0                _SCL_ParametersInit
                0x0000000006019abc                _SCL_Vdp2Init
                0x0000000006019b24                _SCL_Open
                0x0000000006019b40                _SCL_Close
                0x0000000006019b54                _SCL_MoveTo
                0x0000000006019c48                _SCL_Move
                0x0000000006019d74                _SCL_Scale
                0x0000000006019e78                _SCL_Memcpyw
                0x0000000006019e8c                _SCL_CopyReg
                0x0000000006019f6c                _SCL_SetColRamMode
                0x0000000006019fbc                _SCL_PriIntProc
                0x000000000601a0b8                _SCL_ScrollShow
 .text          0x000000000601a124      0x384 ../sbl/segalib/lib/libsat.a(scl_fu02.o)
                0x000000000601a124                _SCL_InitVramConfigTb
                0x000000000601a132                _SCL_SetVramConfig
 .text          0x000000000601a4a8      0x62c ../sbl/segalib/lib/libsat.a(scl_fu03.o)
                0x000000000601a4a8                _SCL_InitConfigTb
                0x000000000601a4c0                _SCL_SetConfig
 .text          0x000000000601aad4       0x18 ../sbl/segalib/lib/libsat.a(scl_fu04.o)
                0x000000000601aad4                _SCL_SetCycleTable
 .text          0x000000000601aaec      0xf30 ../sbl/segalib/lib/libsat.a(scl_pri.o)
                0x000000000601aaec                _SCL_PriorityInit
                0x000000000601b098                _SCL_GetColRamMode
                0x000000000601b0b8                _SCL_AbortAutoVe
                0x000000000601b0c4                _SCL_SetColMixRate
                0x000000000601b42c                _SCL_IncColOffset
                0x000000000601b4a0                _SCL_AutoExec
                0x000000000601b8cc                _SCL_SetShadowBit
 .text          0x000000000601ba1c      0xe38 ../sbl/segalib/lib/libsat.a(scl_ro00.o)
                0x000000000601bb40                _SCL_InitRotateTable
                0x000000000601bd88                _SCL_RotateZD
                0x000000000601bec8                _SCL_Rotate
 .text          0x000000000601c854       0xfc ../sbl/segalib/lib/libsat.a(scl_ro03.o)
                0x000000000601c854                _SCL_RotateTo
 .text          0x000000000601c950       0x74 ../sbl/segalib/lib/libsat.a(scl_back.o)
                0x000000000601c950                _SCL_SetBack
 .text          0x000000000601c9c4      0x264 ../sbl/segalib/lib/libsat.a(scl_vblv.o)
                0x000000000601c9c4                _SCL_SetFrameInterval
                0x000000000601ca3c                _SCL_DisplayFrame
                0x000000000601ca68                _SCL_VblInit
                0x000000000601cab0                _SCL_VblankStart
                0x000000000601cb80                _SCL_VblankEnd
 .text          0x000000000601cc28       0x54 ../sbl/segalib/lib/libsat.a(scl_pr01.o)
                0x000000000601cc28                _SCL_SetSpriteMode
 .text          0x000000000601cc7c       0x90 ../sbl/segalib/lib/libsat.a(scl_pr02.o)
                0x000000000601cc7c                _SCL_SetColRam
 .text          0x000000000601cd0c      0x10c ../sbl/segalib/lib/libsat.a(scl_pr03.o)
                0x000000000601cd0c                _SCL_FreeColRam
                0x000000000601cd34                _SCL_AllocColRam
 .text          0x000000000601ce18       0xac ../sbl/segalib/lib/libsat.a(scl_pr05.o)
                0x000000000601ce18                _SCL_GetColRamOffset
 .text          0x000000000601cec4      0x180 ../sbl/segalib/lib/libsat.a(scl_pr06.o)
                0x000000000601cec4                _SCL_SetColRamOffset
 .text          0x000000000601d044      0x1c8 ../sbl/segalib/lib/libsat.a(scl_pr07.o)
                0x000000000601d044                _SCL_SetPriority
 .text          0x000000000601d20c      0x13c ../sbl/segalib/lib/libsat.a(scl_pr11.o)
                0x000000000601d20c                _SCL_SetAutoColOffset
 .text          0x000000000601d348      0x164 ../sbl/segalib/lib/libsat.a(scl_pr12.o)
                0x000000000601d348                _SCL_SetColOffset
 .text          0x000000000601d4ac      0x234 ../sbl/segalib/lib/libsat.a(cdc_reg.o)
                0x000000000601d4ac                _CDC_GetDataPtr
                0x000000000601d4b8                _CDC_GetHirqReq
                0x000000000601d4c4                _CDC_ClrHirqReq
                0x000000000601d4e4                _CDREG_ClrHirqReq
                0x000000000601d4f0                _CDREG_InitHirqReq
                0x000000000601d508                _CDREG_SetHirqFlag
                0x000000000601d518                _CDC_GetHirqMsk
                0x000000000601d524                _CDC_SetHirqMsk
                0x000000000601d530                _CDC_GetMpegPtr
                0x000000000601d53c                _CDREG_TgetData
                0x000000000601d598                _CDREG_WaitHirq
                0x000000000601d5c0                _writeCmd
                0x000000000601d5e0                _CDREG_ReadRsp
                0x000000000601d604                _doCmdRsp
                0x000000000601d6ac                _CDREG_CmdRsp
 .text          0x000000000601d6e0       0xf4 ../sbl/segalib/lib/libsat.a(cdc_sub.o)
                0x000000000601d6e0                _CDSUB_GetCdstat
                0x000000000601d714                _CDSUB_RspToCdstat
                0x000000000601d746                _CDSUB_CdCmd
                0x000000000601d7a8                _CDSUB_UpdStatus
                0x000000000601d7b4                _CDSUB_UpdCdstat
                0x000000000601d7d0                _CDSUB_SoftTimer
 .text          0x000000000601d7d4       0xb4 ../sbl/segalib/lib/libsat.a(cdc_dev.o)
                0x000000000601d7d4                _CDC_CdSetCon
                0x000000000601d808                _CDC_CdGetCon
                0x000000000601d848                _CDC_CdGetLastBuf
 .text          0x000000000601d888      0x290 ../sbl/segalib/lib/libsat.a(cdc_sel.o)
                0x000000000601d888                _CDC_SetFiltRange
                0x000000000601d8c4                _CDC_GetFiltRange
                0x000000000601d930                _CDC_SetFiltSubh
                0x000000000601d980                _CDC_GetFiltSubh
                0x000000000601d9e4                _CDC_SetFiltMode
                0x000000000601da18                _CDC_GetFiltMode
                0x000000000601da58                _CDC_SetFiltCon
                0x000000000601da90                _CDC_GetFiltCon
                0x000000000601dae4                _CDC_ResetSelector
 .text          0x000000000601db18      0x234 ../sbl/segalib/lib/libsat.a(cdc_bif.o)
                0x000000000601db18                _CDC_GetBufSiz
                0x000000000601db70                _CDC_GetSctNum
                0x000000000601dbb8                _CDC_CalActSiz
                0x000000000601dbe8                _chkEselUpdStatus
                0x000000000601dc1c                _CDC_GetActSiz
                0x000000000601dc60                _CDC_GetSctInfo
                0x000000000601dcb8                _CDC_ExeFadSearch
                0x000000000601dcec                _CDC_GetFadSearch
 .text          0x000000000601dd4c      0x190 ../sbl/segalib/lib/libsat.a(cdc_bio.o)
                0x000000000601dd4c                _CDC_SetSctLen
                0x000000000601dd7c                _CDC_GetSctData
                0x000000000601ddac                _CDC_DelSctData
                0x000000000601dddc                _CDC_GetdelSctData
                0x000000000601de0c                _CDC_PutSctData
                0x000000000601de3c                _CDC_CopySctData
                0x000000000601de70                _CDC_MoveSctData
                0x000000000601dea4                _CDC_GetCopyErr
 .text          0x000000000601dedc      0x1a4 ../sbl/segalib/lib/libsat.a(cdc_cfs.o)
                0x000000000601dedc                _CDC_ChgDir
                0x000000000601df14                _CDC_ReadDir
                0x000000000601df4c                _CDC_GetFileScope
                0x000000000601dfac                _CDC_TgetFileInfo
                0x000000000601e004                _CDC_ReadFile
                0x000000000601e044                _CDC_AbortFile
 .text          0x000000000601e080       0xb0 ../sbl/segalib/lib/libsat.a(csh_main.o)
                0x000000000601e080                _CSH_Init
                0x000000000601e0cc                _CSH_AllClr
                0x000000000601e10c                _CSH_Purge
 .text          0x000000000601e130      0x13c ../sbl/segalib/lib/libsat.a(dma_cpu0.o)
                0x000000000601e130                _DMA_CpuSetComPrm
                0x000000000601e168                _DMA_CpuSetPrm
                0x000000000601e21c                _DMA_CpuStart
                0x000000000601e22c                _DMA_CpuStop
                0x000000000601e23e                _DMA_CpuAllStop
                0x000000000601e24c                _DMA_CpuGetComStatus
                0x000000000601e25e                _DMA_CpuGetStatus
 .text          0x000000000601e26c      0x274 ../sbl/segalib/lib/libsat.a(dma_scu0.o)
                0x000000000601e26c                _DMA_ScuIntFunc0
                0x000000000601e2cc                _DMA_ScuIntFunc1
                0x000000000601e330                _DMA_ScuIntFunc2
                0x000000000601e394                _DMA_ScuSetPrm
                0x000000000601e3fc                _DMA_ScuStart
                0x000000000601e4b4                _DMA_ScuGetStatus
 .text          0x000000000601e4e0      0x240 ../sbl/segalib/lib/libsat.a(spr_1c.o)
                0x000000000601e4e0                _SPR_SetTvMode
                0x000000000601e55c                _SPR_GetStatus
                0x000000000601e5b0                _SPR_SetEraseData
                0x000000000601e648                _SPR_Initial
                0x000000000601e6fc                _SPR_WaitDrawEnd
                0x000000000601e70c                _SPR_SetEosMode
 .text          0x000000000601e720      0x16c ../sbl/segalib/lib/libsat.a(spr_2a.o)
                0x000000000601e720                _SPR_2SetDrawPrty
                0x000000000601e790                _SPR_2FlushDrawPrtyBlock
 .text          0x000000000601e88c       0x52 /opt/toolchains/sh-elf/bin/../lib/gcc/sh-elf/11.1.0/libgcc.a(_ashiftrt.o)
                0x000000000601e88c                ___ashiftrt_r4_31
                0x000000000601e88c                ___ashiftrt_r4_32
                0x000000000601e892                ___ashiftrt_r4_30
                0x000000000601e894                ___ashiftrt_r4_29
                0x000000000601e896                ___ashiftrt_r4_28
                0x000000000601e898                ___ashiftrt_r4_27
                0x000000000601e89a                ___ashiftrt_r4_26
                0x000000000601e89c                ___ashiftrt_r4_25
                0x000000000601e89e                ___ashiftrt_r4_24
                0x000000000601e8a6                ___ashiftrt_r4_23
                0x000000000601e8a8                ___ashiftrt_r4_22
                0x000000000601e8aa                ___ashiftrt_r4_21
                0x000000000601e8ac                ___ashiftrt_r4_20
                0x000000000601e8ae                ___ashiftrt_r4_19
                0x000000000601e8b0                ___ashiftrt_r4_18
                0x000000000601e8b2                ___ashiftrt_r4_17
                0x000000000601e8b4                ___ashiftrt_r4_16
                0x000000000601e8ba                ___ashiftrt_r4_15
                0x000000000601e8bc                ___ashiftrt_r4_14
                0x000000000601e8be                ___ashiftrt_r4_13
                0x000000000601e8c0                ___ashiftrt_r4_12
                0x000000000601e8c2                ___ashiftrt_r4_11
                0x000000000601e8c4                ___ashiftrt_r4_10
                0x000000000601e8c6                ___ashiftrt_r4_9
                0x000000000601e8c8                ___ashiftrt_r4_8
                0x000000000601e8ca                ___ashiftrt_r4_7
                0x000000000601e8cc                ___ashiftrt_r4_6
                0x000000000601e8ce                ___ashiftrt_r4_5
                0x000000000601e8d0                ___ashiftrt_r4_4
                0x000000000601e8d2                ___ashiftrt_r4_3
                0x000000000601e8d4                ___ashiftrt_r4_2
                0x000000000601e8d6                ___ashiftrt_r4_1
                0x000000000601e8da                ___ashiftrt_r4_0
 *fill*         0x000000000601e8de        0x2 
 .text          0x000000000601e8e0       0x80 /opt/toolchains/sh-elf/bin/../lib/gcc/sh-elf/11.1.0/libgcc.a(_ashiftrt_n.o)
                0x000000000601e8e0                ___ashrsi3
 .text          0x000000000601e960       0xbc /opt/toolchains/sh-elf/bin/../lib/gcc/sh-elf/11.1.0/libgcc.a(_ashiftlt.o)
                0x000000000601e960                ___ashlsi3
                0x000000000601e964                ___ashlsi3_r0
 .text          0x000000000601ea1c       0x78 /opt/toolchains/sh-elf/bin/../lib/gcc/sh-elf/11.1.0/libgcc.a(_movmem.o)
                0x000000000601ea1c                ___movmem
                0x000000000601ea1c                ___movstr
                0x000000000601ea50                ___movmemSI64
                0x000000000601ea50                ___movstrSI64
                0x000000000601ea54                ___movmemSI60
                0x000000000601ea54                ___movstrSI60
                0x000000000601ea58                ___movstrSI56
                0x000000000601ea58                ___movmemSI56
                0x000000000601ea5c                ___movmemSI52
                0x000000000601ea5c                ___movstrSI52
                0x000000000601ea60                ___movstrSI48
                0x000000000601ea60                ___movmemSI48
                0x000000000601ea64                ___movmemSI44
                0x000000000601ea64                ___movstrSI44
                0x000000000601ea68                ___movstrSI40
                0x000000000601ea68                ___movmemSI40
                0x000000000601ea6c                ___movstrSI36
                0x000000000601ea6c                ___movmemSI36
                0x000000000601ea70                ___movstrSI32
                0x000000000601ea70                ___movmemSI32
                0x000000000601ea74                ___movmemSI28
                0x000000000601ea74                ___movstrSI28
                0x000000000601ea78                ___movmemSI24
                0x000000000601ea78                ___movstrSI24
                0x000000000601ea7c                ___movmemSI20
                0x000000000601ea7c                ___movstrSI20
                0x000000000601ea80                ___movstrSI16
                0x000000000601ea80                ___movmemSI16
                0x000000000601ea84                ___movmemSI12
                0x000000000601ea84                ___movstrSI12
                0x000000000601ea88                ___movstrSI8
                0x000000000601ea88                ___movmemSI8
                0x000000000601ea8c                ___movstrSI4
                0x000000000601ea8c                ___movmemSI4
 .text          0x000000000601ea94       0xa0 /opt/toolchains/sh-elf/bin/../lib/gcc/sh-elf/11.1.0/libgcc.a(_sdivsi3.o)
                0x000000000601ea94                ___sdivsi3
 .text          0x000000000601eb34       0x6c /opt/toolchains/sh-elf/bin/../lib/gcc/sh-elf/11.1.0/libgcc.a(_udivsi3.o)
                0x000000000601eb56                ___udivsi3
 .text          0x000000000601eba0      0x208 /opt/toolchains/sh-elf/bin/../lib/gcc/sh-elf/11.1.0/libgcc.a(_mul_df.o)
                0x000000000601eba0                ___muldf3
 .text          0x000000000601eda8       0xa8 /opt/toolchains/sh-elf/bin/../lib/gcc/sh-elf/11.1.0/libgcc.a(_si_to_df.o)
                0x000000000601eda8                ___floatsidf
 .text          0x000000000601ee50       0xa0 /opt/toolchains/sh-elf/bin/../lib/gcc/sh-elf/11.1.0/libgcc.a(_df_to_si.o)
                0x000000000601ee50                ___fixdfsi
 .text          0x000000000601eef0        0x0 /opt/toolchains/sh-elf/bin/../lib/gcc/sh-elf/11.1.0/libgcc.a(_thenan_df.o)
 .text          0x000000000601eef0       0xbc /opt/toolchains/sh-elf/bin/../lib/gcc/sh-elf/11.1.0/libgcc.a(_lshiftrt.o)
                0x000000000601eef0                ___lshrsi3
                0x000000000601eef4                ___lshrsi3_r0
 .text          0x000000000601efac       0x74 /opt/toolchains/sh-elf/bin/../lib/gcc/sh-elf/11.1.0/libgcc.a(_clzsi2.o)
                0x000000000601efac                ___clzsi2
 .text          0x000000000601f020      0x29c /opt/toolchains/sh-elf/bin/../lib/gcc/sh-elf/11.1.0/libgcc.a(_pack_df.o)
                0x000000000601f020                ___pack_d
 .text          0x000000000601f2bc       0xcc /opt/toolchains/sh-elf/bin/../lib/gcc/sh-elf/11.1.0/libgcc.a(_unpack_df.o)
                0x000000000601f2bc                ___unpack_d
 .text          0x000000000601f388        0x0 /opt/toolchains/sh-elf/bin/../lib/gcc/sh-elf/11.1.0/libgcc.a(_clz.o)
 .text          0x000000000601f388       0x64 /opt/toolchains/sh-elf/bin/../lib/gcc/sh-elf/11.1.0/../../../../sh-elf/lib/libc.a(lib_a-memcmp.o)
                0x000000000601f388                _memcmp
 .text          0x000000000601f3ec       0x94 /opt/toolchains/sh-elf/bin/../lib/gcc/sh-elf/11.1.0/../../../../sh-elf/lib/libc.a(lib_a-memcpy.o)
                0x000000000601f3ec                _memcpy
 .text          0x000000000601f480       0xcc /opt/toolchains/sh-elf/bin/../lib/gcc/sh-elf/11.1.0/../../../../sh-elf/lib/libc.a(lib_a-memmove.o)
                0x000000000601f480                _memmove
 .text          0x000000000601f54c       0x40 /opt/toolchains/sh-elf/bin/../lib/gcc/sh-elf/11.1.0/../../../../sh-elf/lib/libc.a(lib_a-memset.o)
                0x000000000601f54c                _memset
 .text          0x000000000601f58c       0x3c /opt/toolchains/sh-elf/bin/../lib/gcc/sh-elf/11.1.0/../../../../sh-elf/lib/libc.a(lib_a-strcpy.o)
                0x000000000601f58c                _strcpy
 .text          0x000000000601f5c8       0xd0 /opt/toolchains/sh-elf/bin/../lib/gcc/sh-elf/11.1.0/../../../../sh-elf/lib/libc.a(lib_a-strncmp.o)
                0x000000000601f5c8                _strncmp
 .text          0x000000000601f698       0xd4 /opt/toolchains/sh-elf/bin/../lib/gcc/sh-elf/11.1.0/../../../../sh-elf/lib/libc.a(lib_a-strncpy.o)
                0x000000000601f698                _strncpy
 *(.rodata*)
 .rodata.str1.4
                0x000000000601f76c        0x7 bg.o
 *fill*         0x000000000601f773        0x1 
 .rodata        0x000000000601f774      0x100 crc.o
 .rodata.str1.4
                0x000000000601f874       0x37 game.o
                                         0x3b (size before relaxing)
 *fill*         0x000000000601f8ab        0x1 
 .rodata.str1.4
                0x000000000601f8ac        0x9 pcmsys.o
 *fill*         0x000000000601f8b5        0x3 
 .rodata        0x000000000601f8b8      0x400 pcmsys.o
 .rodata.str1.4
                0x000000000601fcb8        0x9 print.o
 *fill*         0x000000000601fcc1        0x3 
 .rodata.str1.4
                0x000000000601fcc4       0x77 sound.o
                                         0x7b (size before relaxing)
 *fill*         0x000000000601fd3b        0x1 
 .rodata        0x000000000601fd3c        0xa ../sbl/segalib/lib/libsat.a(gfs.o)
 *fill*         0x000000000601fd46        0x2 
 .rodata        0x000000000601fd48       0x30 ../sbl/segalib/lib/libsat.a(gfs_buf.o)
 .rodata        0x000000000601fd78       0x2d ../sbl/segalib/lib/libsat.a(gfs_cdf.o)
 *fill*         0x000000000601fda5        0x3 
 .rodata.str1.4
                0x000000000601fda8        0x2 ../sbl/segalib/lib/libsat.a(gfs_dir.o)
                                          0x7 (size before relaxing)
 *fill*         0x000000000601fdaa        0x2 
 .rodata        0x000000000601fdac       0x30 ../sbl/segalib/lib/libsat.a(gfs_trn.o)
 .rodata        0x000000000601fddc        0xc ../sbl/segalib/lib/libsat.a(dma_scu0.o)
 .rodata        0x000000000601fde8       0x20 ../sbl/segalib/lib/libsat.a(spr_1c.o)
 .rodata        0x000000000601fe08       0x14 /opt/toolchains/sh-elf/bin/../lib/gcc/sh-elf/11.1.0/libgcc.a(_thenan_df.o)
                0x000000000601fe08                ___thenan_df
 .rodata        0x000000000601fe1c      0x100 /opt/toolchains/sh-elf/bin/../lib/gcc/sh-elf/11.1.0/libgcc.a(_clz.o)
                0x000000000601fe1c                ___clz_tab
 *(.strings)
                0x000000000601ff20                . = ALIGN (0x10)
 *fill*         0x000000000601ff1c        0x4 
                0x000000000601ff20                _etext = ABSOLUTE (.)

.tors           0x000000000601ff20        0x0
                0x000000000601ff20                ___ctors = .
 *(.ctors)
                0x000000000601ff20                ___ctors_end = .
                0x000000000601ff20                ___dtors = .
 *(.dtors)
                0x000000000601ff20                ___dtors_end = .
                0x000000000601ff20                . = ALIGN (0x10)
                0x000000000601ff20                _etors = ABSOLUTE (.)

.data           0x000000000601ff20      0x8c0
 *(.data)
 .data          0x000000000601ff20        0x0 entry.o
 .data          0x000000000601ff20        0x0 stack.o
 .data          0x000000000601ff20        0x0 vblank.o
 .data          0x000000000601ff20        0x0 bg.o
 .data          0x000000000601ff20        0x0 cd.o
 .data          0x000000000601ff20        0x0 crc.o
 .data          0x000000000601ff20        0x0 devcart.o
 .data          0x000000000601ff20      0x130 game.o
                0x000000000601ff20                _songs
                0x000000000601ff34                _ranks
                0x000000000601ff5c                _gravity
                0x000000000601ffd4                _levels
 .data          0x0000000006020050        0x0 hwram.o
 .data          0x0000000006020050        0xc pcmsys.o
                0x0000000006020050                _master_volume
                0x0000000006020054                _scsp_load
                0x0000000006020058                _m68k_com
 .data          0x000000000602005c      0x700 piece.o
                0x000000000602005c                _pieces
 .data          0x000000000602075c        0x0 print.o
 .data          0x000000000602075c        0x0 rng.o
 .data          0x000000000602075c       0x34 scroll.o
                0x000000000602075c                _cycleTb
                0x000000000602076c                _charOffsets
                0x000000000602077c                _vram
 .data          0x0000000006020790        0x0 sound.o
 .data          0x0000000006020790       0x18 sprite.o
 .data          0x00000000060207a8        0x0 main.o
 .data          0x00000000060207a8        0x0 ../sbl/segalib/lib/libsat.a(cdc_cmn.o)
 .data          0x00000000060207a8        0x0 ../sbl/segalib/lib/libsat.a(cdc_drv.o)
 .data          0x00000000060207a8        0x0 ../sbl/segalib/lib/libsat.a(dma_scu1.o)
 .data          0x00000000060207a8        0x0 ../sbl/segalib/lib/libsat.a(gfs.o)
 .data          0x00000000060207a8        0x0 ../sbl/segalib/lib/libsat.a(gfs_buf.o)
 .data          0x00000000060207a8        0x0 ../sbl/segalib/lib/libsat.a(gfs_cdb.o)
 .data          0x00000000060207a8        0x0 ../sbl/segalib/lib/libsat.a(gfs_cdc.o)
 .data          0x00000000060207a8        0x0 ../sbl/segalib/lib/libsat.a(gfs_cdf.o)
 .data          0x00000000060207a8        0x0 ../sbl/segalib/lib/libsat.a(gfs_dir.o)
 .data          0x00000000060207a8        0x0 ../sbl/segalib/lib/libsat.a(gfs_trn.o)
 .data          0x00000000060207a8        0x0 ../sbl/segalib/lib/libsat.a(mth_rand.o)
 .data          0x00000000060207a8        0x0 ../sbl/segalib/lib/libsat.a(mth_fixd.o)
 .data          0x00000000060207a8        0x0 ../sbl/segalib/lib/libsat.a(mth_tri.o)
 .data          0x00000000060207a8        0x3 ../sbl/segalib/lib/libsat.a(per_prt.o)
 .data          0x00000000060207ab        0x0 ../sbl/segalib/lib/libsat.a(spr_2c.o)
 *fill*         0x00000000060207ab        0x1 
 .data          0x00000000060207ac        0x6 ../sbl/segalib/lib/libsat.a(scl_func.o)
                0x00000000060207ac                _SclRotateTableMode
                0x00000000060207ae                _SclDisplayY
                0x00000000060207b0                _SclDisplayX
 .data          0x00000000060207b2        0x0 ../sbl/segalib/lib/libsat.a(scl_fu02.o)
 .data          0x00000000060207b2        0x0 ../sbl/segalib/lib/libsat.a(scl_fu03.o)
 .data          0x00000000060207b2        0x0 ../sbl/segalib/lib/libsat.a(scl_fu04.o)
 *fill*         0x00000000060207b2        0x2 
 .data          0x00000000060207b4       0x18 ../sbl/segalib/lib/libsat.a(scl_pri.o)
                0x00000000060207b4                _SclRealColOffset
                0x00000000060207b8                _SclRealBgColMix
                0x00000000060207bc                _SclRealSpColMix
                0x00000000060207c0                _SclRealBgPriNum
                0x00000000060207c4                _SclRealSpPriNum
                0x00000000060207c8                _SclRealOtherPri
 .data          0x00000000060207cc        0x0 ../sbl/segalib/lib/libsat.a(scl_ro00.o)
 .data          0x00000000060207cc        0x0 ../sbl/segalib/lib/libsat.a(scl_ro03.o)
 .data          0x00000000060207cc        0x0 ../sbl/segalib/lib/libsat.a(scl_back.o)
 .data          0x00000000060207cc        0x8 ../sbl/segalib/lib/libsat.a(scl_vblv.o)
                0x00000000060207cc                _VBInterval
                0x00000000060207d0                _SpFrameEraseMode
 .data          0x00000000060207d4        0x0 ../sbl/segalib/lib/libsat.a(scl_pr01.o)
 .data          0x00000000060207d4        0x0 ../sbl/segalib/lib/libsat.a(scl_pr02.o)
 .data          0x00000000060207d4        0x0 ../sbl/segalib/lib/libsat.a(scl_pr03.o)
 .data          0x00000000060207d4        0x0 ../sbl/segalib/lib/libsat.a(scl_pr05.o)
 .data          0x00000000060207d4        0x0 ../sbl/segalib/lib/libsat.a(scl_pr06.o)
 .data          0x00000000060207d4        0x0 ../sbl/segalib/lib/libsat.a(scl_pr07.o)
 .data          0x00000000060207d4        0x0 ../sbl/segalib/lib/libsat.a(scl_pr11.o)
 .data          0x00000000060207d4        0x0 ../sbl/segalib/lib/libsat.a(scl_pr12.o)
 .data          0x00000000060207d4        0x0 ../sbl/segalib/lib/libsat.a(cdc_reg.o)
 .data          0x00000000060207d4        0x0 ../sbl/segalib/lib/libsat.a(cdc_sub.o)
 .data          0x00000000060207d4        0x0 ../sbl/segalib/lib/libsat.a(cdc_dev.o)
 .data          0x00000000060207d4        0x0 ../sbl/segalib/lib/libsat.a(cdc_sel.o)
 .data          0x00000000060207d4        0x0 ../sbl/segalib/lib/libsat.a(cdc_bif.o)
 .data          0x00000000060207d4        0x0 ../sbl/segalib/lib/libsat.a(cdc_bio.o)
 .data          0x00000000060207d4        0x0 ../sbl/segalib/lib/libsat.a(cdc_cfs.o)
 .data          0x00000000060207d4        0x0 ../sbl/segalib/lib/libsat.a(csh_main.o)
 .data          0x00000000060207d4        0x0 ../sbl/segalib/lib/libsat.a(dma_cpu0.o)
 .data          0x00000000060207d4        0x0 ../sbl/segalib/lib/libsat.a(dma_scu0.o)
 .data          0x00000000060207d4        0x0 ../sbl/segalib/lib/libsat.a(spr_1c.o)
 .data          0x00000000060207d4        0x0 ../sbl/segalib/lib/libsat.a(spr_2a.o)
 .data          0x00000000060207d4        0x0 /opt/toolchains/sh-elf/bin/../lib/gcc/sh-elf/11.1.0/libgcc.a(_ashiftrt.o)
 .data          0x00000000060207d4        0x0 /opt/toolchains/sh-elf/bin/../lib/gcc/sh-elf/11.1.0/libgcc.a(_ashiftrt_n.o)
 .data          0x00000000060207d4        0x0 /opt/toolchains/sh-elf/bin/../lib/gcc/sh-elf/11.1.0/libgcc.a(_ashiftlt.o)
 .data          0x00000000060207d4        0x0 /opt/toolchains/sh-elf/bin/../lib/gcc/sh-elf/11.1.0/libgcc.a(_movmem.o)
 .data          0x00000000060207d4        0x0 /opt/toolchains/sh-elf/bin/../lib/gcc/sh-elf/11.1.0/libgcc.a(_sdivsi3.o)
 .data          0x00000000060207d4        0x0 /opt/toolchains/sh-elf/bin/../lib/gcc/sh-elf/11.1.0/libgcc.a(_udivsi3.o)
 .data          0x00000000060207d4        0x0 /opt/toolchains/sh-elf/bin/../lib/gcc/sh-elf/11.1.0/libgcc.a(_mul_df.o)
 .data          0x00000000060207d4        0x0 /opt/toolchains/sh-elf/bin/../lib/gcc/sh-elf/11.1.0/libgcc.a(_si_to_df.o)
 .data          0x00000000060207d4        0x0 /opt/toolchains/sh-elf/bin/../lib/gcc/sh-elf/11.1.0/libgcc.a(_df_to_si.o)
 .data          0x00000000060207d4        0x0 /opt/toolchains/sh-elf/bin/../lib/gcc/sh-elf/11.1.0/libgcc.a(_thenan_df.o)
 .data          0x00000000060207d4        0x0 /opt/toolchains/sh-elf/bin/../lib/gcc/sh-elf/11.1.0/libgcc.a(_lshiftrt.o)
 .data          0x00000000060207d4        0x0 /opt/toolchains/sh-elf/bin/../lib/gcc/sh-elf/11.1.0/libgcc.a(_clzsi2.o)
 .data          0x00000000060207d4        0x0 /opt/toolchains/sh-elf/bin/../lib/gcc/sh-elf/11.1.0/libgcc.a(_pack_df.o)
 .data          0x00000000060207d4        0x0 /opt/toolchains/sh-elf/bin/../lib/gcc/sh-elf/11.1.0/libgcc.a(_unpack_df.o)
 .data          0x00000000060207d4        0x0 /opt/toolchains/sh-elf/bin/../lib/gcc/sh-elf/11.1.0/libgcc.a(_clz.o)
 .data          0x00000000060207d4        0x0 /opt/toolchains/sh-elf/bin/../lib/gcc/sh-elf/11.1.0/../../../../sh-elf/lib/libc.a(lib_a-memcmp.o)
 .data          0x00000000060207d4        0x0 /opt/toolchains/sh-elf/bin/../lib/gcc/sh-elf/11.1.0/../../../../sh-elf/lib/libc.a(lib_a-memcpy.o)
 .data          0x00000000060207d4        0x0 /opt/toolchains/sh-elf/bin/../lib/gcc/sh-elf/11.1.0/../../../../sh-elf/lib/libc.a(lib_a-memmove.o)
 .data          0x00000000060207d4        0x0 /opt/toolchains/sh-elf/bin/../lib/gcc/sh-elf/11.1.0/../../../../sh-elf/lib/libc.a(lib_a-memset.o)
 .data          0x00000000060207d4        0x0 /opt/toolchains/sh-elf/bin/../lib/gcc/sh-elf/11.1.0/../../../../sh-elf/lib/libc.a(lib_a-strcpy.o)
 .data          0x00000000060207d4        0x0 /opt/toolchains/sh-elf/bin/../lib/gcc/sh-elf/11.1.0/../../../../sh-elf/lib/libc.a(lib_a-strncmp.o)
 .data          0x00000000060207d4        0x0 /opt/toolchains/sh-elf/bin/../lib/gcc/sh-elf/11.1.0/../../../../sh-elf/lib/libc.a(lib_a-strncpy.o)
                0x00000000060207e0                . = ALIGN (0x10)
 *fill*         0x00000000060207d4        0xc 
                0x00000000060207e0                _edata = ABSOLUTE (.)

.bss            0x00000000060207e0    0x197b0
                0x00000000060207e0                _bss_start = .
 *(.bss)
 .bss           0x00000000060207e0        0x0 entry.o
 .bss           0x00000000060207e0        0x0 stack.o
 .bss           0x00000000060207e0       0x34 vblank.o
                0x00000000060207e0                _vblank_frames
                0x00000000060207e4                _VblankFlg
                0x00000000060207e8                _perFlag
                0x00000000060207ec                _PadWorkArea
                0x0000000006020808                _PadData2E
                0x000000000602080a                _PadData2L
                0x000000000602080c                _PadData2
                0x000000000602080e                _PadData1E
                0x0000000006020810                _PadData1L
                0x0000000006020812                _PadData1
 .bss           0x0000000006020814       0x58 bg.o
 .bss           0x000000000602086c     0x1674 cd.o
 .bss           0x0000000006021ee0        0x0 crc.o
 .bss           0x0000000006021ee0        0x0 devcart.o
 .bss           0x0000000006021ee0      0x44c game.o
                0x0000000006021ee0                _song
                0x0000000006021ee4                _boardVram
 .bss           0x000000000602232c    0x13880 hwram.o
                0x000000000602232c                _HWRAM_Buffer
 .bss           0x0000000006035bac        0x2 pcmsys.o
                0x0000000006035bac                _numberPCMs
 .bss           0x0000000006035bae        0x0 piece.o
 .bss           0x0000000006035bae      0x528 print.o
                0x0000000006035bae                _text
 *fill*         0x00000000060360d6        0x2 
 .bss           0x00000000060360d8        0x8 rng.o
 .bss           0x00000000060360e0      0x17c scroll.o
                0x00000000060360e0                _scfg
 .bss           0x000000000603625c        0x0 sound.o
 .bss           0x000000000603625c     0x257c sprite.o
                0x000000000603625c                _sprites
                0x000000000603751c                _palCnt
                0x0000000006037520                _tileCount
                0x0000000006037524                _numSprites
 .bss           0x00000000060387d8        0x4 main.o
                0x00000000060387d8                _frame
 .bss           0x00000000060387dc        0x0 ../sbl/segalib/lib/libsat.a(cdc_cmn.o)
 .bss           0x00000000060387dc        0x0 ../sbl/segalib/lib/libsat.a(cdc_drv.o)
 .bss           0x00000000060387dc        0xc ../sbl/segalib/lib/libsat.a(dma_scu1.o)
 .bss           0x00000000060387e8        0xc ../sbl/segalib/lib/libsat.a(gfs.o)
                0x00000000060387e8                _GFMC_base
                0x00000000060387ec                _gfs_mng_ptr
                0x00000000060387f0                _bobtest
 .bss           0x00000000060387f4        0x0 ../sbl/segalib/lib/libsat.a(gfs_buf.o)
 .bss           0x00000000060387f4        0x0 ../sbl/segalib/lib/libsat.a(gfs_cdb.o)
 .bss           0x00000000060387f4        0x4 ../sbl/segalib/lib/libsat.a(gfs_cdc.o)
                0x00000000060387f4                _gfcd_work
 .bss           0x00000000060387f8        0x0 ../sbl/segalib/lib/libsat.a(gfs_cdf.o)
 .bss           0x00000000060387f8        0x0 ../sbl/segalib/lib/libsat.a(gfs_dir.o)
 .bss           0x00000000060387f8        0xc ../sbl/segalib/lib/libsat.a(gfs_trn.o)
 .bss           0x0000000006038804        0x4 ../sbl/segalib/lib/libsat.a(mth_rand.o)
 .bss           0x0000000006038808        0x0 ../sbl/segalib/lib/libsat.a(mth_fixd.o)
 .bss           0x0000000006038808        0x0 ../sbl/segalib/lib/libsat.a(mth_tri.o)
 .bss           0x0000000006038808       0x7f ../sbl/segalib/lib/libsat.a(per_prt.o)
                0x0000000006038808                _per_set_sys_flg
                0x000000000603880c                _per_get_sys_data
                0x0000000006038818                _per_get_time_adr
                0x000000000603881c                _per_hot_res
                0x000000000603881d                _per_time_out_flg
 *fill*         0x0000000006038887        0x1 
 .bss           0x0000000006038888       0x94 ../sbl/segalib/lib/libsat.a(spr_2c.o)
                0x0000000006038888                _SpCmdTblR
                0x000000000603888c                _SpCmdTbl
                0x0000000006038890                _SpCrCmdChain
                0x0000000006038894                _SpDrawPrtyBlk
                0x0000000006038898                _SpCmdChain
                0x000000000603889c                _SpCmdChainBlkNo
                0x00000000060388a0                _SpDrawPrtyProcFlag
                0x00000000060388a4                _SpDrawPrtyTopCmdNo
                0x00000000060388a8                _SpCmdNo
                0x00000000060388ac                _SpDrawPrtyBlkMax
                0x00000000060388b0                _SpCharMax
                0x00000000060388b4                _SpCharTbl
                0x00000000060388b8                _SpLCoordY
                0x00000000060388bc                _SpLCoordX
                0x00000000060388c0                _Sp2OpenFlag
 .bss           0x000000000603891c      0xf1c ../sbl/segalib/lib/libsat.a(scl_func.o)
                0x000000000603891c                _SclRPMD
                0x0000000006038920                _SclRotateMoveZ
                0x0000000006038928                _SclRotateDisp
                0x0000000006038930                _SclRotateZ
                0x0000000006038938                _SclRotateXy
                0x0000000006038940                _SclRotateTableAddress
                0x0000000006038944                _SclRb
                0x0000000006038945                _SclRa
                0x0000000006038946                _SclRotXySw
                0x000000000603894c                _SclRbgKtbOffset
                0x0000000006038954                _SclRbgKtbAddr
                0x000000000603895c                _SclK_TableFlag
                0x0000000006038960                _SclK_TableNum
                0x0000000006038968                _SclK_TableBuff
                0x0000000006039638                _SclRotregBuff
                0x0000000006039738                _Scl_w_reg
                0x0000000006039758                _Scl_r_reg
                0x0000000006039768                _Scl_n_reg
                0x00000000060397a8                _Scl_d_reg
                0x00000000060397f0                _Scl_s_reg
                0x0000000006039818                _SclProcess
                0x000000000603981c                _SclCurSclNum
                0x0000000006039820                _SclLengthCsTbl
                0x0000000006039822                _SclLengthLsTbl
                0x0000000006039824                _SclAddrCsTbl
                0x000000000603982c                _SclAddrLsTbl
 .bss           0x0000000006039838        0x0 ../sbl/segalib/lib/libsat.a(scl_fu02.o)
 .bss           0x0000000006039838        0x0 ../sbl/segalib/lib/libsat.a(scl_fu03.o)
 .bss           0x0000000006039838        0x0 ../sbl/segalib/lib/libsat.a(scl_fu04.o)
 .bss           0x0000000006039838      0x696 ../sbl/segalib/lib/libsat.a(scl_pri.o)
                0x0000000006039838                _SclAutoRGB
                0x0000000006039e38                _SclAutoPlusFlag
                0x0000000006039e39                _SclAutoVeFlag
                0x0000000006039e3a                _SclAutoEndRate
                0x0000000006039e3b                _SclAutoCurRate
                0x0000000006039e3c                _SclAutoEndBlue2
                0x0000000006039e3e                _SclAutoEndGreen2
                0x0000000006039e40                _SclAutoEndRed2
                0x0000000006039e42                _SclAutoEndBlue
                0x0000000006039e44                _SclAutoEndGreen
                0x0000000006039e46                _SclAutoEndRed
                0x0000000006039e48                _SclAutoBlue
                0x0000000006039e4a                _SclAutoGreen
                0x0000000006039e4c                _SclAutoRed
                0x0000000006039e50                _SclAutoMax
                0x0000000006039e54                _SclAutoIndex
                0x0000000006039e58                _SclAutoCount
                0x0000000006039e5c                _SclAutoInterval
                0x0000000006039e60                _SclAutoSurface
                0x0000000006039e64                _SclColRamAlloc2048
                0x0000000006039e68                _SclColRamAlloc256
                0x0000000006039e88                _SclLineColRamOffset
                0x0000000006039e8c                _SclPriBuffDirty
                0x0000000006039e90                _SclColOffset
                0x0000000006039ea0                _SclBgColMix
                0x0000000006039ea8                _SclSpColMix
                0x0000000006039eb0                _SclBgPriNum
                0x0000000006039eb6                _SclSpPriNum
                0x0000000006039ebe                _SclOtherPri
 *fill*         0x0000000006039ece        0x2 
 .bss           0x0000000006039ed0       0x58 ../sbl/segalib/lib/libsat.a(scl_ro00.o)
                0x0000000006039ed0                _SclCsy
                0x0000000006039ed8                _SclCsx
 .bss           0x0000000006039f28        0x0 ../sbl/segalib/lib/libsat.a(scl_ro03.o)
 .bss           0x0000000006039f28        0x0 ../sbl/segalib/lib/libsat.a(scl_back.o)
 .bss           0x0000000006039f28       0x16 ../sbl/segalib/lib/libsat.a(scl_vblv.o)
                0x0000000006039f28                _frameChgFlag
                0x0000000006039f2c                _VBIntrDisableDepth
                0x0000000006039f30                _ReqDisplayFlag2
                0x0000000006039f34                _ReqDisplayFlag1
                0x0000000006039f38                _VBIntervalCounter
                0x0000000006039f3c                _SpFrameChgMode
 .bss           0x0000000006039f3e        0x0 ../sbl/segalib/lib/libsat.a(scl_pr01.o)
 .bss           0x0000000006039f3e        0x0 ../sbl/segalib/lib/libsat.a(scl_pr02.o)
 .bss           0x0000000006039f3e        0x0 ../sbl/segalib/lib/libsat.a(scl_pr03.o)
 .bss           0x0000000006039f3e        0x0 ../sbl/segalib/lib/libsat.a(scl_pr05.o)
 .bss           0x0000000006039f3e        0x0 ../sbl/segalib/lib/libsat.a(scl_pr06.o)
 .bss           0x0000000006039f3e        0x0 ../sbl/segalib/lib/libsat.a(scl_pr07.o)
 .bss           0x0000000006039f3e        0x0 ../sbl/segalib/lib/libsat.a(scl_pr11.o)
 .bss           0x0000000006039f3e        0x0 ../sbl/segalib/lib/libsat.a(scl_pr12.o)
 .bss           0x0000000006039f3e        0x2 ../sbl/segalib/lib/libsat.a(cdc_reg.o)
                0x0000000006039f3e                _hirq_flag
 .bss           0x0000000006039f40        0xc ../sbl/segalib/lib/libsat.a(cdc_sub.o)
                0x0000000006039f40                _cd_stat
 .bss           0x0000000006039f4c        0x0 ../sbl/segalib/lib/libsat.a(cdc_dev.o)
 .bss           0x0000000006039f4c        0x0 ../sbl/segalib/lib/libsat.a(cdc_sel.o)
 .bss           0x0000000006039f4c        0x0 ../sbl/segalib/lib/libsat.a(cdc_bif.o)
 .bss           0x0000000006039f4c        0x0 ../sbl/segalib/lib/libsat.a(cdc_bio.o)
 .bss           0x0000000006039f4c        0x0 ../sbl/segalib/lib/libsat.a(cdc_cfs.o)
 .bss           0x0000000006039f4c        0x0 ../sbl/segalib/lib/libsat.a(csh_main.o)
 .bss           0x0000000006039f4c        0x0 ../sbl/segalib/lib/libsat.a(dma_cpu0.o)
 .bss           0x0000000006039f4c       0x1c ../sbl/segalib/lib/libsat.a(dma_scu0.o)
 .bss           0x0000000006039f68       0x20 ../sbl/segalib/lib/libsat.a(spr_1c.o)
                0x0000000006039f68                _SpDil
                0x0000000006039f6a                _SpDie
                0x0000000006039f6c                _SpFbcrMode
                0x0000000006039f6e                _SpTvMode
                0x0000000006039f70                _SpScreenY
                0x0000000006039f74                _SpScreenX
                0x0000000006039f78                _SpInitialFlag
 .bss           0x0000000006039f88        0x0 ../sbl/segalib/lib/libsat.a(spr_2a.o)
 .bss           0x0000000006039f88        0x0 /opt/toolchains/sh-elf/bin/../lib/gcc/sh-elf/11.1.0/libgcc.a(_ashiftrt.o)
 .bss           0x0000000006039f88        0x0 /opt/toolchains/sh-elf/bin/../lib/gcc/sh-elf/11.1.0/libgcc.a(_ashiftrt_n.o)
 .bss           0x0000000006039f88        0x0 /opt/toolchains/sh-elf/bin/../lib/gcc/sh-elf/11.1.0/libgcc.a(_ashiftlt.o)
 .bss           0x0000000006039f88        0x0 /opt/toolchains/sh-elf/bin/../lib/gcc/sh-elf/11.1.0/libgcc.a(_movmem.o)
 .bss           0x0000000006039f88        0x0 /opt/toolchains/sh-elf/bin/../lib/gcc/sh-elf/11.1.0/libgcc.a(_sdivsi3.o)
 .bss           0x0000000006039f88        0x0 /opt/toolchains/sh-elf/bin/../lib/gcc/sh-elf/11.1.0/libgcc.a(_udivsi3.o)
 .bss           0x0000000006039f88        0x0 /opt/toolchains/sh-elf/bin/../lib/gcc/sh-elf/11.1.0/libgcc.a(_mul_df.o)
 .bss           0x0000000006039f88        0x0 /opt/toolchains/sh-elf/bin/../lib/gcc/sh-elf/11.1.0/libgcc.a(_si_to_df.o)
 .bss           0x0000000006039f88        0x0 /opt/toolchains/sh-elf/bin/../lib/gcc/sh-elf/11.1.0/libgcc.a(_df_to_si.o)
 .bss           0x0000000006039f88        0x0 /opt/toolchains/sh-elf/bin/../lib/gcc/sh-elf/11.1.0/libgcc.a(_thenan_df.o)
 .bss           0x0000000006039f88        0x0 /opt/toolchains/sh-elf/bin/../lib/gcc/sh-elf/11.1.0/libgcc.a(_lshiftrt.o)
 .bss           0x0000000006039f88        0x0 /opt/toolchains/sh-elf/bin/../lib/gcc/sh-elf/11.1.0/libgcc.a(_clzsi2.o)
 .bss           0x0000000006039f88        0x0 /opt/toolchains/sh-elf/bin/../lib/gcc/sh-elf/11.1.0/libgcc.a(_pack_df.o)
 .bss           0x0000000006039f88        0x0 /opt/toolchains/sh-elf/bin/../lib/gcc/sh-elf/11.1.0/libgcc.a(_unpack_df.o)
 .bss           0x0000000006039f88        0x0 /opt/toolchains/sh-elf/bin/../lib/gcc/sh-elf/11.1.0/libgcc.a(_clz.o)
 .bss           0x0000000006039f88        0x0 /opt/toolchains/sh-elf/bin/../lib/gcc/sh-elf/11.1.0/../../../../sh-elf/lib/libc.a(lib_a-memcmp.o)
 .bss           0x0000000006039f88        0x0 /opt/toolchains/sh-elf/bin/../lib/gcc/sh-elf/11.1.0/../../../../sh-elf/lib/libc.a(lib_a-memcpy.o)
 .bss           0x0000000006039f88        0x0 /opt/toolchains/sh-elf/bin/../lib/gcc/sh-elf/11.1.0/../../../../sh-elf/lib/libc.a(lib_a-memmove.o)
 .bss           0x0000000006039f88        0x0 /opt/toolchains/sh-elf/bin/../lib/gcc/sh-elf/11.1.0/../../../../sh-elf/lib/libc.a(lib_a-memset.o)
 .bss           0x0000000006039f88        0x0 /opt/toolchains/sh-elf/bin/../lib/gcc/sh-elf/11.1.0/../../../../sh-elf/lib/libc.a(lib_a-strcpy.o)
 .bss           0x0000000006039f88        0x0 /opt/toolchains/sh-elf/bin/../lib/gcc/sh-elf/11.1.0/../../../../sh-elf/lib/libc.a(lib_a-strncmp.o)
 .bss           0x0000000006039f88        0x0 /opt/toolchains/sh-elf/bin/../lib/gcc/sh-elf/11.1.0/../../../../sh-elf/lib/libc.a(lib_a-strncpy.o)
 *(COMMON)
                0x0000000006039f88                _bss_end = .
                0x0000000006039f90                . = ALIGN (0x10)
 *fill*         0x0000000006039f88        0x8 
                0x0000000006039f90                _end = ABSOLUTE (.)

.stack          0x0000000006039f90     0x2000
 *(.stack)
 .stack         0x0000000006039f90     0x2000 stack.o
                0x0000000006039f90                _PROG_STK
                0x000000000603bf90                _stack = .

.lwram          0x0000000000200000        0x0
                0x0000000000200000                . = ALIGN (0x10)
 *(.lwram)
                0x0000000000200000                . = ALIGN (0x10)
OUTPUT(main.elf elf32-sh)

.debug_info     0x0000000000000000     0x7c34
 .debug_info    0x0000000000000000      0x4d4 vblank.o
 .debug_info    0x00000000000004d4      0x65e bg.o
 .debug_info    0x0000000000000b32      0x937 cd.o
 .debug_info    0x0000000000001469      0x12d crc.o
 .debug_info    0x0000000000001596      0x47b devcart.o
 .debug_info    0x0000000000001a11     0x167e game.o
 .debug_info    0x000000000000308f       0x9e hwram.o
 .debug_info    0x000000000000312d      0x6a5 pcmsys.o
 .debug_info    0x00000000000037d2       0x69 piece.o
 .debug_info    0x000000000000383b      0x3fe print.o
 .debug_info    0x0000000000003c39      0x240 rng.o
 .debug_info    0x0000000000003e79      0xf2a scroll.o
 .debug_info    0x0000000000004da3      0x49a sound.o
 .debug_info    0x000000000000523d     0x102c sprite.o
 .debug_info    0x0000000000006269      0x39d main.o
 .debug_info    0x0000000000006606      0x4d2 /opt/toolchains/sh-elf/bin/../lib/gcc/sh-elf/11.1.0/libgcc.a(_mul_df.o)
 .debug_info    0x0000000000006ad8      0x259 /opt/toolchains/sh-elf/bin/../lib/gcc/sh-elf/11.1.0/libgcc.a(_si_to_df.o)
 .debug_info    0x0000000000006d31      0x2a5 /opt/toolchains/sh-elf/bin/../lib/gcc/sh-elf/11.1.0/libgcc.a(_df_to_si.o)
 .debug_info    0x0000000000006fd6      0x15b /opt/toolchains/sh-elf/bin/../lib/gcc/sh-elf/11.1.0/libgcc.a(_thenan_df.o)
 .debug_info    0x0000000000007131      0x130 /opt/toolchains/sh-elf/bin/../lib/gcc/sh-elf/11.1.0/libgcc.a(_clzsi2.o)
 .debug_info    0x0000000000007261      0x298 /opt/toolchains/sh-elf/bin/../lib/gcc/sh-elf/11.1.0/libgcc.a(_pack_df.o)
 .debug_info    0x00000000000074f9      0x20c /opt/toolchains/sh-elf/bin/../lib/gcc/sh-elf/11.1.0/libgcc.a(_unpack_df.o)
 .debug_info    0x0000000000007705       0xca /opt/toolchains/sh-elf/bin/../lib/gcc/sh-elf/11.1.0/libgcc.a(_clz.o)
 .debug_info    0x00000000000077cf      0x10f /opt/toolchains/sh-elf/bin/../lib/gcc/sh-elf/11.1.0/../../../../sh-elf/lib/libc.a(lib_a-memcmp.o)
 .debug_info    0x00000000000078de      0x130 /opt/toolchains/sh-elf/bin/../lib/gcc/sh-elf/11.1.0/../../../../sh-elf/lib/libc.a(lib_a-memmove.o)
 .debug_info    0x0000000000007a0e       0xf4 /opt/toolchains/sh-elf/bin/../lib/gcc/sh-elf/11.1.0/../../../../sh-elf/lib/libc.a(lib_a-strncmp.o)
 .debug_info    0x0000000000007b02      0x132 /opt/toolchains/sh-elf/bin/../lib/gcc/sh-elf/11.1.0/../../../../sh-elf/lib/libc.a(lib_a-strncpy.o)

.debug_abbrev   0x0000000000000000     0x2d1e
 .debug_abbrev  0x0000000000000000      0x1f2 vblank.o
 .debug_abbrev  0x00000000000001f2      0x1f9 bg.o
 .debug_abbrev  0x00000000000003eb      0x25b cd.o
 .debug_abbrev  0x0000000000000646       0xbe crc.o
 .debug_abbrev  0x0000000000000704      0x24f devcart.o
 .debug_abbrev  0x0000000000000953      0x4ad game.o
 .debug_abbrev  0x0000000000000e00       0x69 hwram.o
 .debug_abbrev  0x0000000000000e69      0x2f6 pcmsys.o
 .debug_abbrev  0x000000000000115f       0x5a piece.o
 .debug_abbrev  0x00000000000011b9      0x1de print.o
 .debug_abbrev  0x0000000000001397      0x1ad rng.o
 .debug_abbrev  0x0000000000001544      0x332 scroll.o
 .debug_abbrev  0x0000000000001876      0x1cf sound.o
 .debug_abbrev  0x0000000000001a45      0x3dc sprite.o
 .debug_abbrev  0x0000000000001e21      0x1a3 main.o
 .debug_abbrev  0x0000000000001fc4      0x278 /opt/toolchains/sh-elf/bin/../lib/gcc/sh-elf/11.1.0/libgcc.a(_mul_df.o)
 .debug_abbrev  0x000000000000223c      0x1b2 /opt/toolchains/sh-elf/bin/../lib/gcc/sh-elf/11.1.0/libgcc.a(_si_to_df.o)
 .debug_abbrev  0x00000000000023ee      0x1b2 /opt/toolchains/sh-elf/bin/../lib/gcc/sh-elf/11.1.0/libgcc.a(_df_to_si.o)
 .debug_abbrev  0x00000000000025a0       0xcf /opt/toolchains/sh-elf/bin/../lib/gcc/sh-elf/11.1.0/libgcc.a(_thenan_df.o)
 .debug_abbrev  0x000000000000266f       0xca /opt/toolchains/sh-elf/bin/../lib/gcc/sh-elf/11.1.0/libgcc.a(_clzsi2.o)
 .debug_abbrev  0x0000000000002739      0x1ae /opt/toolchains/sh-elf/bin/../lib/gcc/sh-elf/11.1.0/libgcc.a(_pack_df.o)
 .debug_abbrev  0x00000000000028e7      0x142 /opt/toolchains/sh-elf/bin/../lib/gcc/sh-elf/11.1.0/libgcc.a(_unpack_df.o)
 .debug_abbrev  0x0000000000002a29       0x70 /opt/toolchains/sh-elf/bin/../lib/gcc/sh-elf/11.1.0/libgcc.a(_clz.o)
 .debug_abbrev  0x0000000000002a99       0x8a /opt/toolchains/sh-elf/bin/../lib/gcc/sh-elf/11.1.0/../../../../sh-elf/lib/libc.a(lib_a-memcmp.o)
 .debug_abbrev  0x0000000000002b23       0xba /opt/toolchains/sh-elf/bin/../lib/gcc/sh-elf/11.1.0/../../../../sh-elf/lib/libc.a(lib_a-memmove.o)
 .debug_abbrev  0x0000000000002bdd       0x8c /opt/toolchains/sh-elf/bin/../lib/gcc/sh-elf/11.1.0/../../../../sh-elf/lib/libc.a(lib_a-strncmp.o)
 .debug_abbrev  0x0000000000002c69       0xb5 /opt/toolchains/sh-elf/bin/../lib/gcc/sh-elf/11.1.0/../../../../sh-elf/lib/libc.a(lib_a-strncpy.o)

.debug_aranges  0x0000000000000000      0x340
 .debug_aranges
                0x0000000000000000       0x20 vblank.o
 .debug_aranges
                0x0000000000000020       0x20 bg.o
 .debug_aranges
                0x0000000000000040       0x20 cd.o
 .debug_aranges
                0x0000000000000060       0x20 crc.o
 .debug_aranges
                0x0000000000000080       0x20 devcart.o
 .debug_aranges
                0x00000000000000a0       0x20 game.o
 .debug_aranges
                0x00000000000000c0       0x18 hwram.o
 .debug_aranges
                0x00000000000000d8       0x20 pcmsys.o
 .debug_aranges
                0x00000000000000f8       0x18 piece.o
 .debug_aranges
                0x0000000000000110       0x20 print.o
 .debug_aranges
                0x0000000000000130       0x20 rng.o
 .debug_aranges
                0x0000000000000150       0x20 scroll.o
 .debug_aranges
                0x0000000000000170       0x20 sound.o
 .debug_aranges
                0x0000000000000190       0x20 sprite.o
 .debug_aranges
                0x00000000000001b0       0x20 main.o
 .debug_aranges
                0x00000000000001d0       0x20 /opt/toolchains/sh-elf/bin/../lib/gcc/sh-elf/11.1.0/libgcc.a(_mul_df.o)
 .debug_aranges
                0x00000000000001f0       0x20 /opt/toolchains/sh-elf/bin/../lib/gcc/sh-elf/11.1.0/libgcc.a(_si_to_df.o)
 .debug_aranges
                0x0000000000000210       0x20 /opt/toolchains/sh-elf/bin/../lib/gcc/sh-elf/11.1.0/libgcc.a(_df_to_si.o)
 .debug_aranges
                0x0000000000000230       0x18 /opt/toolchains/sh-elf/bin/../lib/gcc/sh-elf/11.1.0/libgcc.a(_thenan_df.o)
 .debug_aranges
                0x0000000000000248       0x20 /opt/toolchains/sh-elf/bin/../lib/gcc/sh-elf/11.1.0/libgcc.a(_clzsi2.o)
 .debug_aranges
                0x0000000000000268       0x20 /opt/toolchains/sh-elf/bin/../lib/gcc/sh-elf/11.1.0/libgcc.a(_pack_df.o)
 .debug_aranges
                0x0000000000000288       0x20 /opt/toolchains/sh-elf/bin/../lib/gcc/sh-elf/11.1.0/libgcc.a(_unpack_df.o)
 .debug_aranges
                0x00000000000002a8       0x18 /opt/toolchains/sh-elf/bin/../lib/gcc/sh-elf/11.1.0/libgcc.a(_clz.o)
 .debug_aranges
                0x00000000000002c0       0x20 /opt/toolchains/sh-elf/bin/../lib/gcc/sh-elf/11.1.0/../../../../sh-elf/lib/libc.a(lib_a-memcmp.o)
 .debug_aranges
                0x00000000000002e0       0x20 /opt/toolchains/sh-elf/bin/../lib/gcc/sh-elf/11.1.0/../../../../sh-elf/lib/libc.a(lib_a-memmove.o)
 .debug_aranges
                0x0000000000000300       0x20 /opt/toolchains/sh-elf/bin/../lib/gcc/sh-elf/11.1.0/../../../../sh-elf/lib/libc.a(lib_a-strncmp.o)
 .debug_aranges
                0x0000000000000320       0x20 /opt/toolchains/sh-elf/bin/../lib/gcc/sh-elf/11.1.0/../../../../sh-elf/lib/libc.a(lib_a-strncpy.o)

.debug_line     0x0000000000000000     0x4805
 .debug_line    0x0000000000000000      0x153 vblank.o
 .debug_line    0x0000000000000153      0x3d2 bg.o
 .debug_line    0x0000000000000525      0x13e cd.o
 .debug_line    0x0000000000000663       0xaa crc.o
 .debug_line    0x000000000000070d      0x3d0 devcart.o
 .debug_line    0x0000000000000add      0xfdf game.o
 .debug_line    0x0000000000001abc       0x58 hwram.o
 .debug_line    0x0000000000001b14      0x4ce pcmsys.o
 .debug_line    0x0000000000001fe2       0x33 piece.o
 .debug_line    0x0000000000002015      0x1db print.o
 .debug_line    0x00000000000021f0      0x155 rng.o
 .debug_line    0x0000000000002345      0x6b9 scroll.o
 .debug_line    0x00000000000029fe      0x285 sound.o
 .debug_line    0x0000000000002c83      0x820 sprite.o
 .debug_line    0x00000000000034a3      0x191 main.o
 .debug_line    0x0000000000003634      0x2d6 /opt/toolchains/sh-elf/bin/../lib/gcc/sh-elf/11.1.0/libgcc.a(_mul_df.o)
 .debug_line    0x000000000000390a      0x13d /opt/toolchains/sh-elf/bin/../lib/gcc/sh-elf/11.1.0/libgcc.a(_si_to_df.o)
 .debug_line    0x0000000000003a47       0xf6 /opt/toolchains/sh-elf/bin/../lib/gcc/sh-elf/11.1.0/libgcc.a(_df_to_si.o)
 .debug_line    0x0000000000003b3d       0x50 /opt/toolchains/sh-elf/bin/../lib/gcc/sh-elf/11.1.0/libgcc.a(_thenan_df.o)
 .debug_line    0x0000000000003b8d       0xad /opt/toolchains/sh-elf/bin/../lib/gcc/sh-elf/11.1.0/libgcc.a(_clzsi2.o)
 .debug_line    0x0000000000003c3a      0x30c /opt/toolchains/sh-elf/bin/../lib/gcc/sh-elf/11.1.0/libgcc.a(_pack_df.o)
 .debug_line    0x0000000000003f46      0x146 /opt/toolchains/sh-elf/bin/../lib/gcc/sh-elf/11.1.0/libgcc.a(_unpack_df.o)
 .debug_line    0x000000000000408c       0x52 /opt/toolchains/sh-elf/bin/../lib/gcc/sh-elf/11.1.0/libgcc.a(_clz.o)
 .debug_line    0x00000000000040de      0x167 /opt/toolchains/sh-elf/bin/../lib/gcc/sh-elf/11.1.0/../../../../sh-elf/lib/libc.a(lib_a-memcmp.o)
 .debug_line    0x0000000000004245      0x1ec /opt/toolchains/sh-elf/bin/../lib/gcc/sh-elf/11.1.0/../../../../sh-elf/lib/libc.a(lib_a-memmove.o)
 .debug_line    0x0000000000004431      0x200 /opt/toolchains/sh-elf/bin/../lib/gcc/sh-elf/11.1.0/../../../../sh-elf/lib/libc.a(lib_a-strncmp.o)
 .debug_line    0x0000000000004631      0x1d4 /opt/toolchains/sh-elf/bin/../lib/gcc/sh-elf/11.1.0/../../../../sh-elf/lib/libc.a(lib_a-strncpy.o)

.debug_str      0x0000000000000000     0x1b95
 .debug_str     0x0000000000000000      0x236 vblank.o
                                        0x298 (size before relaxing)
 .debug_str     0x0000000000000236      0x1c4 bg.o
                                        0x2a9 (size before relaxing)
 .debug_str     0x00000000000003fa      0x25a cd.o
                                        0x36a (size before relaxing)
 .debug_str     0x0000000000000654       0x3a crc.o
                                        0x121 (size before relaxing)
 .debug_str     0x000000000000068e      0x118 devcart.o
                                        0x246 (size before relaxing)
 .debug_str     0x00000000000007a6      0x4ed game.o
                                        0x621 (size before relaxing)
 .debug_str     0x0000000000000c93        0x8 hwram.o
                                         0xcd (size before relaxing)
 .debug_str     0x0000000000000c9b      0x161 pcmsys.o
                                        0x302 (size before relaxing)
 .debug_str     0x0000000000000dfc        0x8 piece.o
                                         0x62 (size before relaxing)
 .debug_str     0x0000000000000e04       0x56 print.o
                                        0x1f4 (size before relaxing)
 .debug_str     0x0000000000000e5a       0x7c rng.o
                                        0x184 (size before relaxing)
 .debug_str     0x0000000000000ed6      0x35e scroll.o
                                        0x4f8 (size before relaxing)
 .debug_str     0x0000000000001234       0xb8 sound.o
                                        0x20c (size before relaxing)
 .debug_str     0x00000000000012ec      0x330 sprite.o
                                        0x560 (size before relaxing)
 .debug_str     0x000000000000161c      0x130 main.o
                                        0x30e (size before relaxing)
 .debug_str     0x000000000000174c      0x212 /opt/toolchains/sh-elf/bin/../lib/gcc/sh-elf/11.1.0/libgcc.a(_mul_df.o)
                                        0x28a (size before relaxing)
 .debug_str     0x000000000000195e       0x27 /opt/toolchains/sh-elf/bin/../lib/gcc/sh-elf/11.1.0/libgcc.a(_si_to_df.o)
                                        0x216 (size before relaxing)
 .debug_str     0x0000000000001985        0xa /opt/toolchains/sh-elf/bin/../lib/gcc/sh-elf/11.1.0/libgcc.a(_df_to_si.o)
                                        0x233 (size before relaxing)
 .debug_str     0x000000000000198f      0x1d5 /opt/toolchains/sh-elf/bin/../lib/gcc/sh-elf/11.1.0/libgcc.a(_thenan_df.o)
 .debug_str     0x000000000000198f       0x59 /opt/toolchains/sh-elf/bin/../lib/gcc/sh-elf/11.1.0/libgcc.a(_clzsi2.o)
                                        0x198 (size before relaxing)
 .debug_str     0x00000000000019e8        0x7 /opt/toolchains/sh-elf/bin/../lib/gcc/sh-elf/11.1.0/libgcc.a(_pack_df.o)
                                        0x227 (size before relaxing)
 .debug_str     0x00000000000019ef      0x209 /opt/toolchains/sh-elf/bin/../lib/gcc/sh-elf/11.1.0/libgcc.a(_unpack_df.o)
 .debug_str     0x00000000000019ef      0x17b /opt/toolchains/sh-elf/bin/../lib/gcc/sh-elf/11.1.0/libgcc.a(_clz.o)
 .debug_str     0x00000000000019ef       0xa8 /opt/toolchains/sh-elf/bin/../lib/gcc/sh-elf/11.1.0/../../../../sh-elf/lib/libc.a(lib_a-memcmp.o)
                                        0x144 (size before relaxing)
 .debug_str     0x0000000000001a97       0x72 /opt/toolchains/sh-elf/bin/../lib/gcc/sh-elf/11.1.0/../../../../sh-elf/lib/libc.a(lib_a-memmove.o)
                                        0x177 (size before relaxing)
 .debug_str     0x0000000000001b09       0x41 /opt/toolchains/sh-elf/bin/../lib/gcc/sh-elf/11.1.0/../../../../sh-elf/lib/libc.a(lib_a-strncmp.o)
                                        0x146 (size before relaxing)
 .debug_str     0x0000000000001b4a       0x4b /opt/toolchains/sh-elf/bin/../lib/gcc/sh-elf/11.1.0/../../../../sh-elf/lib/libc.a(lib_a-strncpy.o)
                                        0x16e (size before relaxing)

.comment        0x0000000000000000       0x12
 .comment       0x0000000000000000       0x12 vblank.o
                                         0x13 (size before relaxing)
 .comment       0x0000000000000012       0x13 bg.o
 .comment       0x0000000000000012       0x13 cd.o
 .comment       0x0000000000000012       0x13 crc.o
 .comment       0x0000000000000012       0x13 devcart.o
 .comment       0x0000000000000012       0x13 game.o
 .comment       0x0000000000000012       0x13 hwram.o
 .comment       0x0000000000000012       0x13 pcmsys.o
 .comment       0x0000000000000012       0x13 piece.o
 .comment       0x0000000000000012       0x13 print.o
 .comment       0x0000000000000012       0x13 rng.o
 .comment       0x0000000000000012       0x13 scroll.o
 .comment       0x0000000000000012       0x13 sound.o
 .comment       0x0000000000000012       0x13 sprite.o
 .comment       0x0000000000000012       0x13 main.o
 .comment       0x0000000000000012       0x13 ../sbl/segalib/lib/libsat.a(cdc_cmn.o)
 .comment       0x0000000000000012       0x13 ../sbl/segalib/lib/libsat.a(cdc_drv.o)
 .comment       0x0000000000000012       0x13 ../sbl/segalib/lib/libsat.a(dma_scu1.o)
 .comment       0x0000000000000012       0x13 ../sbl/segalib/lib/libsat.a(gfs.o)
 .comment       0x0000000000000012       0x13 ../sbl/segalib/lib/libsat.a(gfs_buf.o)
 .comment       0x0000000000000012       0x13 ../sbl/segalib/lib/libsat.a(gfs_cdb.o)
 .comment       0x0000000000000012       0x13 ../sbl/segalib/lib/libsat.a(gfs_cdc.o)
 .comment       0x0000000000000012       0x13 ../sbl/segalib/lib/libsat.a(gfs_cdf.o)
 .comment       0x0000000000000012       0x13 ../sbl/segalib/lib/libsat.a(gfs_dir.o)
 .comment       0x0000000000000012       0x13 ../sbl/segalib/lib/libsat.a(gfs_trn.o)
 .comment       0x0000000000000012       0x13 ../sbl/segalib/lib/libsat.a(mth_rand.o)
 .comment       0x0000000000000012       0x13 ../sbl/segalib/lib/libsat.a(per_prt.o)
 .comment       0x0000000000000012       0x13 ../sbl/segalib/lib/libsat.a(spr_2c.o)
 .comment       0x0000000000000012       0x13 ../sbl/segalib/lib/libsat.a(scl_func.o)
 .comment       0x0000000000000012       0x13 ../sbl/segalib/lib/libsat.a(scl_fu02.o)
 .comment       0x0000000000000012       0x13 ../sbl/segalib/lib/libsat.a(scl_fu03.o)
 .comment       0x0000000000000012       0x13 ../sbl/segalib/lib/libsat.a(scl_fu04.o)
 .comment       0x0000000000000012       0x13 ../sbl/segalib/lib/libsat.a(scl_pri.o)
 .comment       0x0000000000000012       0x13 ../sbl/segalib/lib/libsat.a(scl_ro00.o)
 .comment       0x0000000000000012       0x13 ../sbl/segalib/lib/libsat.a(scl_ro03.o)
 .comment       0x0000000000000012       0x13 ../sbl/segalib/lib/libsat.a(scl_back.o)
 .comment       0x0000000000000012       0x13 ../sbl/segalib/lib/libsat.a(scl_vblv.o)
 .comment       0x0000000000000012       0x13 ../sbl/segalib/lib/libsat.a(scl_pr01.o)
 .comment       0x0000000000000012       0x13 ../sbl/segalib/lib/libsat.a(scl_pr02.o)
 .comment       0x0000000000000012       0x13 ../sbl/segalib/lib/libsat.a(scl_pr03.o)
 .comment       0x0000000000000012       0x13 ../sbl/segalib/lib/libsat.a(scl_pr05.o)
 .comment       0x0000000000000012       0x13 ../sbl/segalib/lib/libsat.a(scl_pr06.o)
 .comment       0x0000000000000012       0x13 ../sbl/segalib/lib/libsat.a(scl_pr07.o)
 .comment       0x0000000000000012       0x13 ../sbl/segalib/lib/libsat.a(scl_pr11.o)
 .comment       0x0000000000000012       0x13 ../sbl/segalib/lib/libsat.a(scl_pr12.o)
 .comment       0x0000000000000012       0x13 ../sbl/segalib/lib/libsat.a(cdc_reg.o)
 .comment       0x0000000000000012       0x13 ../sbl/segalib/lib/libsat.a(cdc_sub.o)
 .comment       0x0000000000000012       0x13 ../sbl/segalib/lib/libsat.a(cdc_dev.o)
 .comment       0x0000000000000012       0x13 ../sbl/segalib/lib/libsat.a(cdc_sel.o)
 .comment       0x0000000000000012       0x13 ../sbl/segalib/lib/libsat.a(cdc_bif.o)
 .comment       0x0000000000000012       0x13 ../sbl/segalib/lib/libsat.a(cdc_bio.o)
 .comment       0x0000000000000012       0x13 ../sbl/segalib/lib/libsat.a(cdc_cfs.o)
 .comment       0x0000000000000012       0x13 ../sbl/segalib/lib/libsat.a(csh_main.o)
 .comment       0x0000000000000012       0x13 ../sbl/segalib/lib/libsat.a(dma_cpu0.o)
 .comment       0x0000000000000012       0x13 ../sbl/segalib/lib/libsat.a(dma_scu0.o)
 .comment       0x0000000000000012       0x13 ../sbl/segalib/lib/libsat.a(spr_1c.o)
 .comment       0x0000000000000012       0x13 /opt/toolchains/sh-elf/bin/../lib/gcc/sh-elf/11.1.0/libgcc.a(_mul_df.o)
 .comment       0x0000000000000012       0x13 /opt/toolchains/sh-elf/bin/../lib/gcc/sh-elf/11.1.0/libgcc.a(_si_to_df.o)
 .comment       0x0000000000000012       0x13 /opt/toolchains/sh-elf/bin/../lib/gcc/sh-elf/11.1.0/libgcc.a(_df_to_si.o)
 .comment       0x0000000000000012       0x13 /opt/toolchains/sh-elf/bin/../lib/gcc/sh-elf/11.1.0/libgcc.a(_thenan_df.o)
 .comment       0x0000000000000012       0x13 /opt/toolchains/sh-elf/bin/../lib/gcc/sh-elf/11.1.0/libgcc.a(_clzsi2.o)
 .comment       0x0000000000000012       0x13 /opt/toolchains/sh-elf/bin/../lib/gcc/sh-elf/11.1.0/libgcc.a(_pack_df.o)
 .comment       0x0000000000000012       0x13 /opt/toolchains/sh-elf/bin/../lib/gcc/sh-elf/11.1.0/libgcc.a(_unpack_df.o)
 .comment       0x0000000000000012       0x13 /opt/toolchains/sh-elf/bin/../lib/gcc/sh-elf/11.1.0/libgcc.a(_clz.o)
 .comment       0x0000000000000012       0x13 /opt/toolchains/sh-elf/bin/../lib/gcc/sh-elf/11.1.0/../../../../sh-elf/lib/libc.a(lib_a-memcmp.o)
 .comment       0x0000000000000012       0x13 /opt/toolchains/sh-elf/bin/../lib/gcc/sh-elf/11.1.0/../../../../sh-elf/lib/libc.a(lib_a-memmove.o)
 .comment       0x0000000000000012       0x13 /opt/toolchains/sh-elf/bin/../lib/gcc/sh-elf/11.1.0/../../../../sh-elf/lib/libc.a(lib_a-strncmp.o)
 .comment       0x0000000000000012       0x13 /opt/toolchains/sh-elf/bin/../lib/gcc/sh-elf/11.1.0/../../../../sh-elf/lib/libc.a(lib_a-strncpy.o)

.debug_frame    0x0000000000000000      0xf98
 .debug_frame   0x0000000000000000       0x84 vblank.o
 .debug_frame   0x0000000000000084       0xf0 bg.o
 .debug_frame   0x0000000000000174       0x78 cd.o
 .debug_frame   0x00000000000001ec       0x20 crc.o
 .debug_frame   0x000000000000020c       0x98 devcart.o
 .debug_frame   0x00000000000002a4      0x264 game.o
 .debug_frame   0x0000000000000508      0x174 pcmsys.o
 .debug_frame   0x000000000000067c       0xc4 print.o
 .debug_frame   0x0000000000000740       0x80 rng.o
 .debug_frame   0x00000000000007c0      0x250 scroll.o
 .debug_frame   0x0000000000000a10       0x84 sound.o
 .debug_frame   0x0000000000000a94      0x224 sprite.o
 .debug_frame   0x0000000000000cb8       0x4c main.o
 .debug_frame   0x0000000000000d04       0x98 /opt/toolchains/sh-elf/bin/../lib/gcc/sh-elf/11.1.0/libgcc.a(_mul_df.o)
 .debug_frame   0x0000000000000d9c       0x3c /opt/toolchains/sh-elf/bin/../lib/gcc/sh-elf/11.1.0/libgcc.a(_si_to_df.o)
 .debug_frame   0x0000000000000dd8       0x48 /opt/toolchains/sh-elf/bin/../lib/gcc/sh-elf/11.1.0/libgcc.a(_df_to_si.o)
 .debug_frame   0x0000000000000e20       0x38 /opt/toolchains/sh-elf/bin/../lib/gcc/sh-elf/11.1.0/libgcc.a(_clzsi2.o)
 .debug_frame   0x0000000000000e58       0x6c /opt/toolchains/sh-elf/bin/../lib/gcc/sh-elf/11.1.0/libgcc.a(_pack_df.o)
 .debug_frame   0x0000000000000ec4       0x20 /opt/toolchains/sh-elf/bin/../lib/gcc/sh-elf/11.1.0/libgcc.a(_unpack_df.o)
 .debug_frame   0x0000000000000ee4       0x20 /opt/toolchains/sh-elf/bin/../lib/gcc/sh-elf/11.1.0/../../../../sh-elf/lib/libc.a(lib_a-memcmp.o)
 .debug_frame   0x0000000000000f04       0x20 /opt/toolchains/sh-elf/bin/../lib/gcc/sh-elf/11.1.0/../../../../sh-elf/lib/libc.a(lib_a-memmove.o)
 .debug_frame   0x0000000000000f24       0x30 /opt/toolchains/sh-elf/bin/../lib/gcc/sh-elf/11.1.0/../../../../sh-elf/lib/libc.a(lib_a-strncmp.o)
 .debug_frame   0x0000000000000f54       0x44 /opt/toolchains/sh-elf/bin/../lib/gcc/sh-elf/11.1.0/../../../../sh-elf/lib/libc.a(lib_a-strncpy.o)

.debug_loclists
                0x0000000000000000     0x1e64
 .debug_loclists
                0x0000000000000000       0x4b bg.o
 .debug_loclists
                0x000000000000004b       0x59 cd.o
 .debug_loclists
                0x00000000000000a4       0x64 crc.o
 .debug_loclists
                0x0000000000000108      0x1ae devcart.o
 .debug_loclists
                0x00000000000002b6      0x5cc game.o
 .debug_loclists
                0x0000000000000882      0x1fe pcmsys.o
 .debug_loclists
                0x0000000000000a80      0x19d print.o
 .debug_loclists
                0x0000000000000c1d       0x70 rng.o
 .debug_loclists
                0x0000000000000c8d      0x42c scroll.o
 .debug_loclists
                0x00000000000010b9       0x94 sound.o
 .debug_loclists
                0x000000000000114d      0x2ed sprite.o
 .debug_loclists
                0x000000000000143a      0x30c /opt/toolchains/sh-elf/bin/../lib/gcc/sh-elf/11.1.0/libgcc.a(_mul_df.o)
 .debug_loclists
                0x0000000000001746       0x6c /opt/toolchains/sh-elf/bin/../lib/gcc/sh-elf/11.1.0/libgcc.a(_si_to_df.o)
 .debug_loclists
                0x00000000000017b2       0x35 /opt/toolchains/sh-elf/bin/../lib/gcc/sh-elf/11.1.0/libgcc.a(_df_to_si.o)
 .debug_loclists
                0x00000000000017e7       0x22 /opt/toolchains/sh-elf/bin/../lib/gcc/sh-elf/11.1.0/libgcc.a(_clzsi2.o)
 .debug_loclists
                0x0000000000001809      0x230 /opt/toolchains/sh-elf/bin/../lib/gcc/sh-elf/11.1.0/libgcc.a(_pack_df.o)
 .debug_loclists
                0x0000000000001a39       0x71 /opt/toolchains/sh-elf/bin/../lib/gcc/sh-elf/11.1.0/libgcc.a(_unpack_df.o)
 .debug_loclists
                0x0000000000001aaa       0xae /opt/toolchains/sh-elf/bin/../lib/gcc/sh-elf/11.1.0/../../../../sh-elf/lib/libc.a(lib_a-memcmp.o)
 .debug_loclists
                0x0000000000001b58      0x13c /opt/toolchains/sh-elf/bin/../lib/gcc/sh-elf/11.1.0/../../../../sh-elf/lib/libc.a(lib_a-memmove.o)
 .debug_loclists