Archive member included to satisfy reference by file (symbol)

../sbl/segalib/lib/libsat.a(mth_rand.o)
                              rng.o (_MTH_InitialRand)
../sbl/segalib/lib/libsat.a(mth_fixd.o)
                              sprite.o (_MTH_Mul)
../sbl/segalib/lib/libsat.a(mth_tri.o)
                              sprite.o (_MTH_Sin)
../sbl/segalib/lib/libsat.a(per_prt.o)
                              vblank.o (_PER_Init)
../sbl/segalib/lib/libsat.a(spr_2c.o)
                              sprite.o (_SPR_2SetTvMode)
../sbl/segalib/lib/libsat.a(scl_func.o)
                              scroll.o (_Scl_n_reg)
../sbl/segalib/lib/libsat.a(scl_fu02.o)
                              scroll.o (_SCL_InitVramConfigTb)
../sbl/segalib/lib/libsat.a(scl_fu03.o)
                              scroll.o (_SCL_InitConfigTb)
../sbl/segalib/lib/libsat.a(scl_fu04.o)
                              scroll.o (_SCL_SetCycleTable)
../sbl/segalib/lib/libsat.a(scl_pri.o)
                              ../sbl/segalib/lib/libsat.a(scl_func.o) (_SCL_PriorityInit)
../sbl/segalib/lib/libsat.a(scl_ro00.o)
                              ../sbl/segalib/lib/libsat.a(scl_func.o) (_SCL_Rotate)
../sbl/segalib/lib/libsat.a(scl_back.o)
                              scroll.o (_SCL_SetBack)
../sbl/segalib/lib/libsat.a(scl_vblv.o)
                              ../sbl/segalib/lib/libsat.a(spr_2c.o) (_SCL_SetFrameInterval)
../sbl/segalib/lib/libsat.a(scl_pr01.o)
                              sprite.o (_SCL_SetSpriteMode)
../sbl/segalib/lib/libsat.a(scl_pr02.o)
                              scroll.o (_SCL_SetColRam)
../sbl/segalib/lib/libsat.a(scl_pr03.o)
                              scroll.o (_SCL_AllocColRam)
../sbl/segalib/lib/libsat.a(scl_pr05.o)
                              ../sbl/segalib/lib/libsat.a(scl_pr02.o) (_SCL_GetColRamOffset)
../sbl/segalib/lib/libsat.a(scl_pr06.o)
                              ../sbl/segalib/lib/libsat.a(scl_pr03.o) (_SCL_SetColRamOffset)
../sbl/segalib/lib/libsat.a(scl_pr07.o)
                              scroll.o (_SCL_SetPriority)
../sbl/segalib/lib/libsat.a(spr_1c.o)
                              ../sbl/segalib/lib/libsat.a(spr_2c.o) (_SPR_SetTvMode)
../sbl/segalib/lib/libsat.a(spr_2a.o)
                              ../sbl/segalib/lib/libsat.a(spr_2c.o) (_SPR_2SetDrawPrty)
/opt/toolchains/sh-elf/bin/../lib/gcc/sh-elf/11.1.0/libgcc.a(_ashiftrt.o)
                              ../sbl/segalib/lib/libsat.a(scl_ro00.o) (___ashiftrt_r4_6)
/opt/toolchains/sh-elf/bin/../lib/gcc/sh-elf/11.1.0/libgcc.a(_ashiftrt_n.o)
                              pcmsys.o (___ashrsi3)
/opt/toolchains/sh-elf/bin/../lib/gcc/sh-elf/11.1.0/libgcc.a(_ashiftlt.o)
                              scroll.o (___ashlsi3_r0)
/opt/toolchains/sh-elf/bin/../lib/gcc/sh-elf/11.1.0/libgcc.a(_movmem.o)
                              scroll.o (___movmem)
/opt/toolchains/sh-elf/bin/../lib/gcc/sh-elf/11.1.0/libgcc.a(_sdivsi3.o)
                              pcmsys.o (___sdivsi3)
/opt/toolchains/sh-elf/bin/../lib/gcc/sh-elf/11.1.0/libgcc.a(_udivsi3.o)
                              ../sbl/segalib/lib/libsat.a(scl_fu03.o) (___udivsi3)
/opt/toolchains/sh-elf/bin/../lib/gcc/sh-elf/11.1.0/libgcc.a(_mul_df.o)
                              ../sbl/segalib/lib/libsat.a(scl_ro00.o) (___muldf3)
/opt/toolchains/sh-elf/bin/../lib/gcc/sh-elf/11.1.0/libgcc.a(_si_to_df.o)
                              ../sbl/segalib/lib/libsat.a(scl_ro00.o) (___floatsidf)
/opt/toolchains/sh-elf/bin/../lib/gcc/sh-elf/11.1.0/libgcc.a(_df_to_si.o)
                              ../sbl/segalib/lib/libsat.a(scl_ro00.o) (___fixdfsi)
/opt/toolchains/sh-elf/bin/../lib/gcc/sh-elf/11.1.0/libgcc.a(_thenan_df.o)
                              /opt/toolchains/sh-elf/bin/../lib/gcc/sh-elf/11.1.0/libgcc.a(_mul_df.o) (___thenan_df)
/opt/toolchains/sh-elf/bin/../lib/gcc/sh-elf/11.1.0/libgcc.a(_lshiftrt.o)
                              /opt/toolchains/sh-elf/bin/../lib/gcc/sh-elf/11.1.0/libgcc.a(_si_to_df.o) (___lshrsi3_r0)
/opt/toolchains/sh-elf/bin/../lib/gcc/sh-elf/11.1.0/libgcc.a(_clzsi2.o)
                              /opt/toolchains/sh-elf/bin/../lib/gcc/sh-elf/11.1.0/libgcc.a(_si_to_df.o) (___clzsi2)
/opt/toolchains/sh-elf/bin/../lib/gcc/sh-elf/11.1.0/libgcc.a(_pack_df.o)
                              /opt/toolchains/sh-elf/bin/../lib/gcc/sh-elf/11.1.0/libgcc.a(_mul_df.o) (___pack_d)
/opt/toolchains/sh-elf/bin/../lib/gcc/sh-elf/11.1.0/libgcc.a(_unpack_df.o)
                              /opt/toolchains/sh-elf/bin/../lib/gcc/sh-elf/11.1.0/libgcc.a(_mul_df.o) (___unpack_d)
/opt/toolchains/sh-elf/bin/../lib/gcc/sh-elf/11.1.0/libgcc.a(_clz.o)
                              /opt/toolchains/sh-elf/bin/../lib/gcc/sh-elf/11.1.0/libgcc.a(_clzsi2.o) (___clz_tab)
/opt/toolchains/sh-elf/bin/../lib/gcc/sh-elf/11.1.0/../../../../sh-elf/lib/libc.a(lib_a-memcpy.o)
                              scroll.o (_memcpy)
/opt/toolchains/sh-elf/bin/../lib/gcc/sh-elf/11.1.0/../../../../sh-elf/lib/libc.a(lib_a-memset.o)
                              scroll.o (_memset)

Memory Configuration

Name             Origin             Length             Attributes
*default*        0x0000000000000000 0xffffffffffffffff

Linker script and memory map

LOAD entry.o
LOAD stack.o
LOAD vblank.o
LOAD cd.o
LOAD crc.o
LOAD devcart.o
LOAD game.o
LOAD pcmsys.o
LOAD piece.o
LOAD print.o
LOAD rng.o
LOAD scroll.o
LOAD sound.o
LOAD sprite.o
LOAD main.o
LOAD ../sbl/segalib/lib/libsat.a
LOAD /opt/toolchains/sh-elf/bin/../lib/gcc/sh-elf/11.1.0/libgcc.a
LOAD /opt/toolchains/sh-elf/bin/../lib/gcc/sh-elf/11.1.0/libgcc-Os-4-200.a
LOAD /opt/toolchains/sh-elf/bin/../lib/gcc/sh-elf/11.1.0/../../../../sh-elf/lib/libc.a
LOAD /opt/toolchains/sh-elf/bin/../lib/gcc/sh-elf/11.1.0/libgcc.a
LOAD /opt/toolchains/sh-elf/bin/../lib/gcc/sh-elf/11.1.0/libgcc-Os-4-200.a

.entry          0x0000000006010000       0x60
 *(.entry)
 .entry         0x0000000006010000       0x50 entry.o
                0x0000000006010000                _entry
                0x0000000006010060                . = ALIGN (0x20)
 *fill*         0x0000000006010050       0x10 
                0x0000000006010060                _eentry = ABSOLUTE (.)

.text           0x0000000006010060     0xb430
 *(.text*)
 .text          0x0000000006010060        0x0 entry.o
 .text          0x0000000006010060        0x0 stack.o
 .text          0x0000000006010060      0x1d0 vblank.o
                0x0000000006010060                _SetVblank
                0x0000000006010118                _CheckVblankEnd
                0x0000000006010130                _UsrVblankIn
                0x0000000006010158                _UsrVblankOut
 .text          0x0000000006010230       0x78 cd.o
                0x0000000006010230                _CD_Init
                0x000000000601023e                _CD_ChangeDir
                0x000000000601026c                _CD_Load
 .text          0x00000000060102a8       0x98 crc.o
                0x00000000060102a8                _crc_update
 .text          0x0000000006010340      0x418 devcart.o
                0x000000000601046c                _Devcart_LoadFile
                0x0000000006010618                _Devcart_PrintStr
                0x000000000601068c                _Devcart_Reset
                0x00000000060106e4                _Devcart_ChangeDir
 .text          0x0000000006010758     0x125c game.o
                0x0000000006010814                _Game_Init
                0x0000000006011970                _Game_Run
 .text          0x00000000060119b4      0x8e0 pcmsys.o
                0x00000000060119b4                _smpc_wait_till_ready
                0x00000000060119d8                _smpc_issue_command
                0x0000000006011a10                _load_driver_binary
                0x0000000006011aec                _load_drv
                0x0000000006011b70                _calculate_bytes_per_blank
                0x0000000006011bf8                _load_16bit_pcm
                0x0000000006011e7c                _load_8bit_pcm
                0x00000000060120fc                _pcm_play
                0x0000000006012198                _pcm_parameter_change
                0x0000000006012218                _pcm_cease
 .text          0x0000000006012294        0x0 piece.o
 .text          0x0000000006012294      0x340 print.o
                0x0000000006012294                _Print_Load
                0x00000000060122bc                _Print_Init
                0x000000000601233c                _Print_Num
                0x0000000006012400                _Print_String
                0x00000000060124d4                _Print_Display
 .text          0x00000000060125d4      0x240 rng.o
                0x0000000006012688                _RNG_Init
                0x0000000006012730                _RNG_Get
 .text          0x0000000006012814      0xa60 scroll.o
                0x0000000006012814                _Scroll_Init
                0x0000000006012bb0                _Scroll_LoadTile
                0x0000000006012ce4                _Scroll_TilePtr
                0x0000000006012d6c                _Scroll_MapPtr
                0x0000000006012df8                _Scroll_Scale
                0x0000000006012f50                _Scroll_Set
                0x0000000006012fc0                _Scroll_Move
                0x0000000006013030                _Scroll_ClearMaps
                0x000000000601309c                _Scroll_ClearVram
                0x00000000060130ec                _Scroll_CharSize
                0x0000000006013170                _Scroll_Enable
                0x00000000060131f0                _Scroll_MapSize
 .text          0x0000000006013274      0x368 sound.o
                0x00000000060134a4                _sound_init
                0x0000000006013588                _sound_cdda
                0x00000000060135a4                _sound_play
 .text          0x00000000060135dc      0xd9c sprite.o
                0x00000000060135dc                _Sprite_Init
                0x00000000060136c8                _Sprite_Clear
                0x0000000006013a9c                _Sprite_Load
                0x0000000006013b58                _Sprite_StartDraw
                0x0000000006013b9c                _Sprite_Draw
                0x0000000006013fa0                _Sprite_Make
                0x0000000006014058                _Sprite_DrawAll
                0x0000000006014140                _Sprite_Next
                0x00000000060141fc                _Sprite_ListAdd
                0x000000000601425e                _Sprite_ListRemove
                0x00000000060142da                _Sprite_Delete
                0x0000000006014318                _Sprite_DeleteAll
 .text          0x0000000006014378       0xf4 main.o
                0x0000000006014378                _main
 .text          0x000000000601446c       0x24 ../sbl/segalib/lib/libsat.a(mth_rand.o)
                0x000000000601446c                _MTH_InitialRand
                0x0000000006014478                _MTH_GetRand
 .text          0x0000000006014490       0x78 ../sbl/segalib/lib/libsat.a(mth_fixd.o)
                0x0000000006014490                _MTH_Mul
                0x00000000060144a4                _MTH_Div
                0x00000000060144b8                _MTH_IntToFixed
                0x00000000060144c0                _MTH_FixedToInt
                0x00000000060144c8                _MTH_Product
 .text          0x0000000006014508      0x5d4 ../sbl/segalib/lib/libsat.a(mth_tri.o)
                0x0000000006014508                _MTH_Sin
                0x0000000006014548                _MTH_Cos
                0x000000000601458c                _fcos
                0x0000000006014592                _fsin
                0x0000000006014724                _MTH_Atan
 .text          0x0000000006014adc      0xf58 ../sbl/segalib/lib/libsat.a(per_prt.o)
                0x0000000006014edc                _PER_IntFunc
                0x000000000601578c                _PER_Init
                0x0000000006015934                _PER_GetPer
 .text          0x0000000006015a34      0xcbc ../sbl/segalib/lib/libsat.a(spr_2c.o)
                0x0000000006015a34                _SPR_2SetTvMode
                0x0000000006015a44                _SPR_2FrameChgIntr
                0x0000000006015a58                _SPR_2FrameEraseData
                0x0000000006015a98                _SPR_2SetGourTbl
                0x0000000006015ac8                _SPR_2SetLookupTbl
                0x0000000006015ae4                _SPR_2SetChar
                0x0000000006015c10                _SPR_2ClrChar
                0x0000000006015d18                _SPR_2ClrAllChar
                0x0000000006015d64                _SPR_2Initial
                0x0000000006015eb8                _SPR_2GourTblNoToVram
                0x0000000006015ed4                _SPR_2LookupTblNoToVram
                0x0000000006015ee4                _SPR_2CharNoToVram
                0x0000000006015ef8                _SPR_2GetAreaSizeInfo
                0x0000000006015f58                _SPR_2OpenCommand
                0x0000000006015ff0                _SPR_2FlushDrawPrty
                0x0000000006016030                _SPR_2CloseCommand
                0x0000000006016150                _SPR_2LocalCoord
                0x00000000060161a8                _SPR_2SysClip
                0x00000000060161f0                _SPR_2UserClip
                0x0000000006016240                _SPR_2Line
                0x00000000060162dc                _SPR_2PolyLine
                0x000000000601637c                _SPR_2Polygon
                0x000000000601641c                _SPR_2NormSpr
                0x00000000060164e8                _SPR_2ScaleSpr
                0x00000000060165d0                _SPR_2DistSpr
                0x00000000060166a8                _SPR_2Cmd
 .text          0x00000000060166f0      0x754 ../sbl/segalib/lib/libsat.a(scl_func.o)
                0x00000000060166f0                _SCL_ParametersInit
                0x00000000060167dc                _SCL_Vdp2Init
                0x0000000006016844                _SCL_Open
                0x0000000006016860                _SCL_Close
                0x0000000006016874                _SCL_MoveTo
                0x0000000006016968                _SCL_Move
                0x0000000006016a94                _SCL_Scale
                0x0000000006016b98                _SCL_Memcpyw
                0x0000000006016bac                _SCL_CopyReg
                0x0000000006016c8c                _SCL_SetColRamMode
                0x0000000006016cdc                _SCL_PriIntProc
                0x0000000006016dd8                _SCL_ScrollShow
 .text          0x0000000006016e44      0x384 ../sbl/segalib/lib/libsat.a(scl_fu02.o)
                0x0000000006016e44                _SCL_InitVramConfigTb
                0x0000000006016e52                _SCL_SetVramConfig
 .text          0x00000000060171c8      0x62c ../sbl/segalib/lib/libsat.a(scl_fu03.o)
                0x00000000060171c8                _SCL_InitConfigTb
                0x00000000060171e0                _SCL_SetConfig
 .text          0x00000000060177f4       0x18 ../sbl/segalib/lib/libsat.a(scl_fu04.o)
                0x00000000060177f4                _SCL_SetCycleTable
 .text          0x000000000601780c      0xf30 ../sbl/segalib/lib/libsat.a(scl_pri.o)
                0x000000000601780c                _SCL_PriorityInit
                0x0000000006017db8                _SCL_GetColRamMode
                0x0000000006017dd8                _SCL_AbortAutoVe
                0x0000000006017de4                _SCL_SetColMixRate
                0x000000000601814c                _SCL_IncColOffset
                0x00000000060181c0                _SCL_AutoExec
                0x00000000060185ec                _SCL_SetShadowBit
 .text          0x000000000601873c      0xe38 ../sbl/segalib/lib/libsat.a(scl_ro00.o)
                0x0000000006018860                _SCL_InitRotateTable
                0x0000000006018aa8                _SCL_RotateZD
                0x0000000006018be8                _SCL_Rotate
 .text          0x0000000006019574       0x74 ../sbl/segalib/lib/libsat.a(scl_back.o)
                0x0000000006019574                _SCL_SetBack
 .text          0x00000000060195e8      0x264 ../sbl/segalib/lib/libsat.a(scl_vblv.o)
                0x00000000060195e8                _SCL_SetFrameInterval
                0x0000000006019660                _SCL_DisplayFrame
                0x000000000601968c                _SCL_VblInit
                0x00000000060196d4                _SCL_VblankStart
                0x00000000060197a4                _SCL_VblankEnd
 .text          0x000000000601984c       0x54 ../sbl/segalib/lib/libsat.a(scl_pr01.o)
                0x000000000601984c                _SCL_SetSpriteMode
 .text          0x00000000060198a0       0x90 ../sbl/segalib/lib/libsat.a(scl_pr02.o)
                0x00000000060198a0                _SCL_SetColRam
 .text          0x0000000006019930      0x10c ../sbl/segalib/lib/libsat.a(scl_pr03.o)
                0x0000000006019930                _SCL_FreeColRam
                0x0000000006019958                _SCL_AllocColRam
 .text          0x0000000006019a3c       0xac ../sbl/segalib/lib/libsat.a(scl_pr05.o)
                0x0000000006019a3c                _SCL_GetColRamOffset
 .text          0x0000000006019ae8      0x180 ../sbl/segalib/lib/libsat.a(scl_pr06.o)
                0x0000000006019ae8                _SCL_SetColRamOffset
 .text          0x0000000006019c68      0x1c8 ../sbl/segalib/lib/libsat.a(scl_pr07.o)
                0x0000000006019c68                _SCL_SetPriority
 .text          0x0000000006019e30      0x240 ../sbl/segalib/lib/libsat.a(spr_1c.o)
                0x0000000006019e30                _SPR_SetTvMode
                0x0000000006019eac                _SPR_GetStatus
                0x0000000006019f00                _SPR_SetEraseData
                0x0000000006019f98                _SPR_Initial
                0x000000000601a04c                _SPR_WaitDrawEnd
                0x000000000601a05c                _SPR_SetEosMode
 .text          0x000000000601a070      0x16c ../sbl/segalib/lib/libsat.a(spr_2a.o)
                0x000000000601a070                _SPR_2SetDrawPrty
                0x000000000601a0e0                _SPR_2FlushDrawPrtyBlock
 .text          0x000000000601a1dc       0x52 /opt/toolchains/sh-elf/bin/../lib/gcc/sh-elf/11.1.0/libgcc.a(_ashiftrt.o)
                0x000000000601a1dc                ___ashiftrt_r4_31
                0x000000000601a1dc                ___ashiftrt_r4_32
                0x000000000601a1e2                ___ashiftrt_r4_30
                0x000000000601a1e4                ___ashiftrt_r4_29
                0x000000000601a1e6                ___ashiftrt_r4_28
                0x000000000601a1e8                ___ashiftrt_r4_27
                0x000000000601a1ea                ___ashiftrt_r4_26
                0x000000000601a1ec                ___ashiftrt_r4_25
                0x000000000601a1ee                ___ashiftrt_r4_24
                0x000000000601a1f6                ___ashiftrt_r4_23
                0x000000000601a1f8                ___ashiftrt_r4_22
                0x000000000601a1fa                ___ashiftrt_r4_21
                0x000000000601a1fc                ___ashiftrt_r4_20
                0x000000000601a1fe                ___ashiftrt_r4_19
                0x000000000601a200                ___ashiftrt_r4_18
                0x000000000601a202                ___ashiftrt_r4_17
                0x000000000601a204                ___ashiftrt_r4_16
                0x000000000601a20a                ___ashiftrt_r4_15
                0x000000000601a20c                ___ashiftrt_r4_14
                0x000000000601a20e                ___ashiftrt_r4_13
                0x000000000601a210                ___ashiftrt_r4_12
                0x000000000601a212                ___ashiftrt_r4_11
                0x000000000601a214                ___ashiftrt_r4_10
                0x000000000601a216                ___ashiftrt_r4_9
                0x000000000601a218                ___ashiftrt_r4_8
                0x000000000601a21a                ___ashiftrt_r4_7
                0x000000000601a21c                ___ashiftrt_r4_6
                0x000000000601a21e                ___ashiftrt_r4_5
                0x000000000601a220                ___ashiftrt_r4_4
                0x000000000601a222                ___ashiftrt_r4_3
                0x000000000601a224                ___ashiftrt_r4_2
                0x000000000601a226                ___ashiftrt_r4_1
                0x000000000601a22a                ___ashiftrt_r4_0
 *fill*         0x000000000601a22e        0x2 
 .text          0x000000000601a230       0x80 /opt/toolchains/sh-elf/bin/../lib/gcc/sh-elf/11.1.0/libgcc.a(_ashiftrt_n.o)
                0x000000000601a230                ___ashrsi3
 .text          0x000000000601a2b0       0xbc /opt/toolchains/sh-elf/bin/../lib/gcc/sh-elf/11.1.0/libgcc.a(_ashiftlt.o)
                0x000000000601a2b0                ___ashlsi3
                0x000000000601a2b4                ___ashlsi3_r0
 .text          0x000000000601a36c       0x78 /opt/toolchains/sh-elf/bin/../lib/gcc/sh-elf/11.1.0/libgcc.a(_movmem.o)
                0x000000000601a36c                ___movmem
                0x000000000601a36c                ___movstr
                0x000000000601a3a0                ___movmemSI64
                0x000000000601a3a0                ___movstrSI64
                0x000000000601a3a4                ___movmemSI60
                0x000000000601a3a4                ___movstrSI60
                0x000000000601a3a8                ___movstrSI56
                0x000000000601a3a8                ___movmemSI56
                0x000000000601a3ac                ___movmemSI52
                0x000000000601a3ac                ___movstrSI52
                0x000000000601a3b0                ___movstrSI48
                0x000000000601a3b0                ___movmemSI48
                0x000000000601a3b4                ___movmemSI44
                0x000000000601a3b4                ___movstrSI44
                0x000000000601a3b8                ___movstrSI40
                0x000000000601a3b8                ___movmemSI40
                0x000000000601a3bc                ___movstrSI36
                0x000000000601a3bc                ___movmemSI36
                0x000000000601a3c0                ___movstrSI32
                0x000000000601a3c0                ___movmemSI32
                0x000000000601a3c4                ___movmemSI28
                0x000000000601a3c4                ___movstrSI28
                0x000000000601a3c8                ___movmemSI24
                0x000000000601a3c8                ___movstrSI24
                0x000000000601a3cc                ___movmemSI20
                0x000000000601a3cc                ___movstrSI20
                0x000000000601a3d0                ___movstrSI16
                0x000000000601a3d0                ___movmemSI16
                0x000000000601a3d4                ___movmemSI12
                0x000000000601a3d4                ___movstrSI12
                0x000000000601a3d8                ___movstrSI8
                0x000000000601a3d8                ___movmemSI8
                0x000000000601a3dc                ___movstrSI4
                0x000000000601a3dc                ___movmemSI4
 .text          0x000000000601a3e4       0xa0 /opt/toolchains/sh-elf/bin/../lib/gcc/sh-elf/11.1.0/libgcc.a(_sdivsi3.o)
                0x000000000601a3e4                ___sdivsi3
 .text          0x000000000601a484       0x6c /opt/toolchains/sh-elf/bin/../lib/gcc/sh-elf/11.1.0/libgcc.a(_udivsi3.o)
                0x000000000601a4a6                ___udivsi3
 .text          0x000000000601a4f0      0x208 /opt/toolchains/sh-elf/bin/../lib/gcc/sh-elf/11.1.0/libgcc.a(_mul_df.o)
                0x000000000601a4f0                ___muldf3
 .text          0x000000000601a6f8       0xa8 /opt/toolchains/sh-elf/bin/../lib/gcc/sh-elf/11.1.0/libgcc.a(_si_to_df.o)
                0x000000000601a6f8                ___floatsidf
 .text          0x000000000601a7a0       0xa0 /opt/toolchains/sh-elf/bin/../lib/gcc/sh-elf/11.1.0/libgcc.a(_df_to_si.o)
                0x000000000601a7a0                ___fixdfsi
 .text          0x000000000601a840        0x0 /opt/toolchains/sh-elf/bin/../lib/gcc/sh-elf/11.1.0/libgcc.a(_thenan_df.o)
 .text          0x000000000601a840       0xbc /opt/toolchains/sh-elf/bin/../lib/gcc/sh-elf/11.1.0/libgcc.a(_lshiftrt.o)
                0x000000000601a840                ___lshrsi3
                0x000000000601a844                ___lshrsi3_r0
 .text          0x000000000601a8fc       0x74 /opt/toolchains/sh-elf/bin/../lib/gcc/sh-elf/11.1.0/libgcc.a(_clzsi2.o)
                0x000000000601a8fc                ___clzsi2
 .text          0x000000000601a970      0x29c /opt/toolchains/sh-elf/bin/../lib/gcc/sh-elf/11.1.0/libgcc.a(_pack_df.o)
                0x000000000601a970                ___pack_d
 .text          0x000000000601ac0c       0xcc /opt/toolchains/sh-elf/bin/../lib/gcc/sh-elf/11.1.0/libgcc.a(_unpack_df.o)
                0x000000000601ac0c                ___unpack_d
 .text          0x000000000601acd8        0x0 /opt/toolchains/sh-elf/bin/../lib/gcc/sh-elf/11.1.0/libgcc.a(_clz.o)
 .text          0x000000000601acd8       0x94 /opt/toolchains/sh-elf/bin/../lib/gcc/sh-elf/11.1.0/../../../../sh-elf/lib/libc.a(lib_a-memcpy.o)
                0x000000000601acd8                _memcpy
 .text          0x000000000601ad6c       0x40 /opt/toolchains/sh-elf/bin/../lib/gcc/sh-elf/11.1.0/../../../../sh-elf/lib/libc.a(lib_a-memset.o)
                0x000000000601ad6c                _memset
 *(.rodata*)
 .rodata        0x000000000601adac      0x100 crc.o
 .rodata        0x000000000601aeac       0x23 game.o
 *fill*         0x000000000601aecf        0x1 
 .rodata        0x000000000601aed0      0x420 pcmsys.o
 .rodata        0x000000000601b2f0        0x9 print.o
 *fill*         0x000000000601b2f9        0x3 
 .rodata        0x000000000601b2fc       0x57 sound.o
 *fill*         0x000000000601b353        0x1 
 .rodata        0x000000000601b354        0x6 main.o
 .rodata        0x000000000601b35a       0x20 ../sbl/segalib/lib/libsat.a(spr_1c.o)
 *fill*         0x000000000601b37a        0x2 
 .rodata        0x000000000601b37c       0x14 /opt/toolchains/sh-elf/bin/../lib/gcc/sh-elf/11.1.0/libgcc.a(_thenan_df.o)
                0x000000000601b37c                ___thenan_df
 .rodata        0x000000000601b390      0x100 /opt/toolchains/sh-elf/bin/../lib/gcc/sh-elf/11.1.0/libgcc.a(_clz.o)
                0x000000000601b390                ___clz_tab
 *(.strings)
                0x000000000601b490                . = ALIGN (0x10)
                0x000000000601b490                _etext = ABSOLUTE (.)

.tors           0x000000000601b490        0x0
                0x000000000601b490                ___ctors = .
 *(.ctors)
                0x000000000601b490                ___ctors_end = .
                0x000000000601b490                ___dtors = .
 *(.dtors)
                0x000000000601b490                ___dtors_end = .
                0x000000000601b490                . = ALIGN (0x10)
                0x000000000601b490                _etors = ABSOLUTE (.)

.data           0x000000000601b490      0x7a0
 *(.data)
 .data          0x000000000601b490        0x0 entry.o
 .data          0x000000000601b490        0x0 stack.o
 .data          0x000000000601b490        0x0 vblank.o
 .data          0x000000000601b490        0x0 cd.o
 .data          0x000000000601b490        0x0 crc.o
 .data          0x000000000601b490        0x0 devcart.o
 .data          0x000000000601b490        0x0 game.o
 .data          0x000000000601b490        0xc pcmsys.o
                0x000000000601b490                _m68k_com
                0x000000000601b494                _scsp_load
                0x000000000601b498                _master_volume
 .data          0x000000000601b49c      0x700 piece.o
                0x000000000601b49c                _pieces
 .data          0x000000000601bb9c        0x0 print.o
 .data          0x000000000601bb9c        0x0 rng.o
 .data          0x000000000601bb9c       0x50 scroll.o
                0x000000000601bb9c                _vram
                0x000000000601bbac                _charOffsets
                0x000000000601bbbc                _cycleTbLoRes
                0x000000000601bbcc                _cycleTbHiRes
                0x000000000601bbdc                _cycleTbBitmap
 .data          0x000000000601bbec        0x0 sound.o
 .data          0x000000000601bbec       0x18 sprite.o
 .data          0x000000000601bc04        0x0 main.o
 .data          0x000000000601bc04        0x0 ../sbl/segalib/lib/libsat.a(mth_rand.o)
 .data          0x000000000601bc04        0x0 ../sbl/segalib/lib/libsat.a(mth_fixd.o)
 .data          0x000000000601bc04        0x0 ../sbl/segalib/lib/libsat.a(mth_tri.o)
 .data          0x000000000601bc04        0x3 ../sbl/segalib/lib/libsat.a(per_prt.o)
 .data          0x000000000601bc07        0x0 ../sbl/segalib/lib/libsat.a(spr_2c.o)
 *fill*         0x000000000601bc07        0x1 
 .data          0x000000000601bc08        0x6 ../sbl/segalib/lib/libsat.a(scl_func.o)
                0x000000000601bc08                _SclRotateTableMode
                0x000000000601bc0a                _SclDisplayY
                0x000000000601bc0c                _SclDisplayX
 .data          0x000000000601bc0e        0x0 ../sbl/segalib/lib/libsat.a(scl_fu02.o)
 .data          0x000000000601bc0e        0x0 ../sbl/segalib/lib/libsat.a(scl_fu03.o)
 .data          0x000000000601bc0e        0x0 ../sbl/segalib/lib/libsat.a(scl_fu04.o)
 *fill*         0x000000000601bc0e        0x2 
 .data          0x000000000601bc10       0x18 ../sbl/segalib/lib/libsat.a(scl_pri.o)
                0x000000000601bc10                _SclRealColOffset
                0x000000000601bc14                _SclRealBgColMix
                0x000000000601bc18                _SclRealSpColMix
                0x000000000601bc1c                _SclRealBgPriNum
                0x000000000601bc20                _SclRealSpPriNum
                0x000000000601bc24                _SclRealOtherPri
 .data          0x000000000601bc28        0x0 ../sbl/segalib/lib/libsat.a(scl_ro00.o)
 .data          0x000000000601bc28        0x0 ../sbl/segalib/lib/libsat.a(scl_back.o)
 .data          0x000000000601bc28        0x8 ../sbl/segalib/lib/libsat.a(scl_vblv.o)
                0x000000000601bc28                _VBInterval
                0x000000000601bc2c                _SpFrameEraseMode
 .data          0x000000000601bc30        0x0 ../sbl/segalib/lib/libsat.a(scl_pr01.o)
 .data          0x000000000601bc30        0x0 ../sbl/segalib/lib/libsat.a(scl_pr02.o)
 .data          0x000000000601bc30        0x0 ../sbl/segalib/lib/libsat.a(scl_pr03.o)
 .data          0x000000000601bc30        0x0 ../sbl/segalib/lib/libsat.a(scl_pr05.o)
 .data          0x000000000601bc30        0x0 ../sbl/segalib/lib/libsat.a(scl_pr06.o)
 .data          0x000000000601bc30        0x0 ../sbl/segalib/lib/libsat.a(scl_pr07.o)
 .data          0x000000000601bc30        0x0 ../sbl/segalib/lib/libsat.a(spr_1c.o)
 .data          0x000000000601bc30        0x0 ../sbl/segalib/lib/libsat.a(spr_2a.o)
 .data          0x000000000601bc30        0x0 /opt/toolchains/sh-elf/bin/../lib/gcc/sh-elf/11.1.0/libgcc.a(_ashiftrt.o)
 .data          0x000000000601bc30        0x0 /opt/toolchains/sh-elf/bin/../lib/gcc/sh-elf/11.1.0/libgcc.a(_ashiftrt_n.o)
 .data          0x000000000601bc30        0x0 /opt/toolchains/sh-elf/bin/../lib/gcc/sh-elf/11.1.0/libgcc.a(_ashiftlt.o)
 .data          0x000000000601bc30        0x0 /opt/toolchains/sh-elf/bin/../lib/gcc/sh-elf/11.1.0/libgcc.a(_movmem.o)
 .data          0x000000000601bc30        0x0 /opt/toolchains/sh-elf/bin/../lib/gcc/sh-elf/11.1.0/libgcc.a(_sdivsi3.o)
 .data          0x000000000601bc30        0x0 /opt/toolchains/sh-elf/bin/../lib/gcc/sh-elf/11.1.0/libgcc.a(_udivsi3.o)
 .data          0x000000000601bc30        0x0 /opt/toolchains/sh-elf/bin/../lib/gcc/sh-elf/11.1.0/libgcc.a(_mul_df.o)
 .data          0x000000000601bc30        0x0 /opt/toolchains/sh-elf/bin/../lib/gcc/sh-elf/11.1.0/libgcc.a(_si_to_df.o)
 .data          0x000000000601bc30        0x0 /opt/toolchains/sh-elf/bin/../lib/gcc/sh-elf/11.1.0/libgcc.a(_df_to_si.o)
 .data          0x000000000601bc30        0x0 /opt/toolchains/sh-elf/bin/../lib/gcc/sh-elf/11.1.0/libgcc.a(_thenan_df.o)
 .data          0x000000000601bc30        0x0 /opt/toolchains/sh-elf/bin/../lib/gcc/sh-elf/11.1.0/libgcc.a(_lshiftrt.o)
 .data          0x000000000601bc30        0x0 /opt/toolchains/sh-elf/bin/../lib/gcc/sh-elf/11.1.0/libgcc.a(_clzsi2.o)
 .data          0x000000000601bc30        0x0 /opt/toolchains/sh-elf/bin/../lib/gcc/sh-elf/11.1.0/libgcc.a(_pack_df.o)
 .data          0x000000000601bc30        0x0 /opt/toolchains/sh-elf/bin/../lib/gcc/sh-elf/11.1.0/libgcc.a(_unpack_df.o)
 .data          0x000000000601bc30        0x0 /opt/toolchains/sh-elf/bin/../lib/gcc/sh-elf/11.1.0/libgcc.a(_clz.o)
 .data          0x000000000601bc30        0x0 /opt/toolchains/sh-elf/bin/../lib/gcc/sh-elf/11.1.0/../../../../sh-elf/lib/libc.a(lib_a-memcpy.o)
 .data          0x000000000601bc30        0x0 /opt/toolchains/sh-elf/bin/../lib/gcc/sh-elf/11.1.0/../../../../sh-elf/lib/libc.a(lib_a-memset.o)
                0x000000000601bc30                . = ALIGN (0x10)
                0x000000000601bc30                _edata = ABSOLUTE (.)

.bss            0x000000000601bc30    0x16dd0
                0x000000000601bc30                _bss_start = .
 *(.bss)
 .bss           0x000000000601bc30        0x0 entry.o
 .bss           0x000000000601bc30        0x0 stack.o
 .bss           0x000000000601bc30       0x34 vblank.o
                0x000000000601bc30                _PadData1
                0x000000000601bc32                _PadData1L
                0x000000000601bc34                _PadData1E
                0x000000000601bc36                _PadData2
                0x000000000601bc38                _PadData2L
                0x000000000601bc3a                _PadData2E
                0x000000000601bc3c                _PadWorkArea
                0x000000000601bc58                _perFlag
                0x000000000601bc5c                _VblankFlg
                0x000000000601bc60                _vblank_frames
 .bss           0x000000000601bc64     0x1674 cd.o
 .bss           0x000000000601d2d8        0x0 crc.o
 .bss           0x000000000601d2d8        0x0 devcart.o
 .bss           0x000000000601d2d8      0x3ec game.o
                0x000000000601d2d8                _boardVram
 .bss           0x000000000601d6c4        0x2 pcmsys.o
                0x000000000601d6c4                _numberPCMs
 .bss           0x000000000601d6c6        0x0 piece.o
 .bss           0x000000000601d6c6     0x14a0 print.o
                0x000000000601d6c6                _text
 *fill*         0x000000000601eb66        0x2 
 .bss           0x000000000601eb68        0x8 rng.o
 .bss           0x000000000601eb70      0x130 scroll.o
                0x000000000601eb70                _scfg
 .bss           0x000000000601eca0        0x0 sound.o
 .bss           0x000000000601eca0    0x125fc sprite.o
                0x000000000601eca0                _numSprites
                0x000000000601eca4                _tileCount
                0x000000000601eca8                _palCnt
                0x000000000601ecac                _sprites
 .bss           0x000000000603129c        0x4 main.o
                0x000000000603129c                _frame
 .bss           0x00000000060312a0        0x4 ../sbl/segalib/lib/libsat.a(mth_rand.o)
 .bss           0x00000000060312a4        0x0 ../sbl/segalib/lib/libsat.a(mth_fixd.o)
 .bss           0x00000000060312a4        0x0 ../sbl/segalib/lib/libsat.a(mth_tri.o)
 .bss           0x00000000060312a4       0x7f ../sbl/segalib/lib/libsat.a(per_prt.o)
                0x00000000060312a4                _per_set_sys_flg
                0x00000000060312a8                _per_get_sys_data
                0x00000000060312b4                _per_get_time_adr
                0x00000000060312b8                _per_hot_res
                0x00000000060312b9                _per_time_out_flg
 *fill*         0x0000000006031323        0x1 
 .bss           0x0000000006031324       0x94 ../sbl/segalib/lib/libsat.a(spr_2c.o)
                0x0000000006031324                _SpCmdTblR
                0x0000000006031328                _SpCmdTbl
                0x000000000603132c                _SpCrCmdChain
                0x0000000006031330                _SpDrawPrtyBlk
                0x0000000006031334                _SpCmdChain
                0x0000000006031338                _SpCmdChainBlkNo
                0x000000000603133c                _SpDrawPrtyProcFlag
                0x0000000006031340                _SpDrawPrtyTopCmdNo
                0x0000000006031344                _SpCmdNo
                0x0000000006031348                _SpDrawPrtyBlkMax
                0x000000000603134c                _SpCharMax
                0x0000000006031350                _SpCharTbl
                0x0000000006031354                _SpLCoordY
                0x0000000006031358                _SpLCoordX
                0x000000000603135c                _Sp2OpenFlag
 .bss           0x00000000060313b8      0xf1c ../sbl/segalib/lib/libsat.a(scl_func.o)
                0x00000000060313b8                _SclRPMD
                0x00000000060313bc                _SclRotateMoveZ
                0x00000000060313c4                _SclRotateDisp
                0x00000000060313cc                _SclRotateZ
                0x00000000060313d4                _SclRotateXy
                0x00000000060313dc                _SclRotateTableAddress
                0x00000000060313e0                _SclRb
                0x00000000060313e1                _SclRa
                0x00000000060313e2                _SclRotXySw
                0x00000000060313e8                _SclRbgKtbOffset
                0x00000000060313f0                _SclRbgKtbAddr
                0x00000000060313f8                _SclK_TableFlag
                0x00000000060313fc                _SclK_TableNum
                0x0000000006031404                _SclK_TableBuff
                0x00000000060320d4                _SclRotregBuff
                0x00000000060321d4                _Scl_w_reg
                0x00000000060321f4                _Scl_r_reg
                0x0000000006032204                _Scl_n_reg
                0x0000000006032244                _Scl_d_reg
                0x000000000603228c                _Scl_s_reg
                0x00000000060322b4                _SclProcess
                0x00000000060322b8                _SclCurSclNum
                0x00000000060322bc                _SclLengthCsTbl
                0x00000000060322be                _SclLengthLsTbl
                0x00000000060322c0                _SclAddrCsTbl
                0x00000000060322c8                _SclAddrLsTbl
 .bss           0x00000000060322d4        0x0 ../sbl/segalib/lib/libsat.a(scl_fu02.o)
 .bss           0x00000000060322d4        0x0 ../sbl/segalib/lib/libsat.a(scl_fu03.o)
 .bss           0x00000000060322d4        0x0 ../sbl/segalib/lib/libsat.a(scl_fu04.o)
 .bss           0x00000000060322d4      0x696 ../sbl/segalib/lib/libsat.a(scl_pri.o)
                0x00000000060322d4                _SclAutoRGB
                0x00000000060328d4                _SclAutoPlusFlag
                0x00000000060328d5                _SclAutoVeFlag
                0x00000000060328d6                _SclAutoEndRate
                0x00000000060328d7                _SclAutoCurRate
                0x00000000060328d8                _SclAutoEndBlue2
                0x00000000060328da                _SclAutoEndGreen2
                0x00000000060328dc                _SclAutoEndRed2
                0x00000000060328de                _SclAutoEndBlue
                0x00000000060328e0                _SclAutoEndGreen
                0x00000000060328e2                _SclAutoEndRed
                0x00000000060328e4                _SclAutoBlue
                0x00000000060328e6                _SclAutoGreen
                0x00000000060328e8                _SclAutoRed
                0x00000000060328ec                _SclAutoMax
                0x00000000060328f0                _SclAutoIndex
                0x00000000060328f4                _SclAutoCount
                0x00000000060328f8                _SclAutoInterval
                0x00000000060328fc                _SclAutoSurface
                0x0000000006032900                _SclColRamAlloc2048
                0x0000000006032904                _SclColRamAlloc256
                0x0000000006032924                _SclLineColRamOffset
                0x0000000006032928                _SclPriBuffDirty
                0x000000000603292c                _SclColOffset
                0x000000000603293c                _SclBgColMix
                0x0000000006032944                _SclSpColMix
                0x000000000603294c                _SclBgPriNum
                0x0000000006032952                _SclSpPriNum
                0x000000000603295a                _SclOtherPri
 *fill*         0x000000000603296a        0x2 
 .bss           0x000000000603296c       0x58 ../sbl/segalib/lib/libsat.a(scl_ro00.o)
                0x000000000603296c                _SclCsy
                0x0000000006032974                _SclCsx
 .bss           0x00000000060329c4        0x0 ../sbl/segalib/lib/libsat.a(scl_back.o)
 .bss           0x00000000060329c4       0x16 ../sbl/segalib/lib/libsat.a(scl_vblv.o)
                0x00000000060329c4                _frameChgFlag
                0x00000000060329c8                _VBIntrDisableDepth
                0x00000000060329cc                _ReqDisplayFlag2
                0x00000000060329d0                _ReqDisplayFlag1
                0x00000000060329d4                _VBIntervalCounter
                0x00000000060329d8                _SpFrameChgMode
 .bss           0x00000000060329da        0x0 ../sbl/segalib/lib/libsat.a(scl_pr01.o)
 .bss           0x00000000060329da        0x0 ../sbl/segalib/lib/libsat.a(scl_pr02.o)
 .bss           0x00000000060329da        0x0 ../sbl/segalib/lib/libsat.a(scl_pr03.o)
 .bss           0x00000000060329da        0x0 ../sbl/segalib/lib/libsat.a(scl_pr05.o)
 .bss           0x00000000060329da        0x0 ../sbl/segalib/lib/libsat.a(scl_pr06.o)
 .bss           0x00000000060329da        0x0 ../sbl/segalib/lib/libsat.a(scl_pr07.o)
 *fill*         0x00000000060329da        0x2 
 .bss           0x00000000060329dc       0x20 ../sbl/segalib/lib/libsat.a(spr_1c.o)
                0x00000000060329dc                _SpDil
                0x00000000060329de                _SpDie
                0x00000000060329e0                _SpFbcrMode
                0x00000000060329e2                _SpTvMode
                0x00000000060329e4                _SpScreenY
                0x00000000060329e8                _SpScreenX
                0x00000000060329ec                _SpInitialFlag
 .bss           0x00000000060329fc        0x0 ../sbl/segalib/lib/libsat.a(spr_2a.o)
 .bss           0x00000000060329fc        0x0 /opt/toolchains/sh-elf/bin/../lib/gcc/sh-elf/11.1.0/libgcc.a(_ashiftrt.o)
 .bss           0x00000000060329fc        0x0 /opt/toolchains/sh-elf/bin/../lib/gcc/sh-elf/11.1.0/libgcc.a(_ashiftrt_n.o)
 .bss           0x00000000060329fc        0x0 /opt/toolchains/sh-elf/bin/../lib/gcc/sh-elf/11.1.0/libgcc.a(_ashiftlt.o)
 .bss           0x00000000060329fc        0x0 /opt/toolchains/sh-elf/bin/../lib/gcc/sh-elf/11.1.0/libgcc.a(_movmem.o)
 .bss           0x00000000060329fc        0x0 /opt/toolchains/sh-elf/bin/../lib/gcc/sh-elf/11.1.0/libgcc.a(_sdivsi3.o)
 .bss           0x00000000060329fc        0x0 /opt/toolchains/sh-elf/bin/../lib/gcc/sh-elf/11.1.0/libgcc.a(_udivsi3.o)
 .bss           0x00000000060329fc        0x0 /opt/toolchains/sh-elf/bin/../lib/gcc/sh-elf/11.1.0/libgcc.a(_mul_df.o)
 .bss           0x00000000060329fc        0x0 /opt/toolchains/sh-elf/bin/../lib/gcc/sh-elf/11.1.0/libgcc.a(_si_to_df.o)
 .bss           0x00000000060329fc        0x0 /opt/toolchains/sh-elf/bin/../lib/gcc/sh-elf/11.1.0/libgcc.a(_df_to_si.o)
 .bss           0x00000000060329fc        0x0 /opt/toolchains/sh-elf/bin/../lib/gcc/sh-elf/11.1.0/libgcc.a(_thenan_df.o)
 .bss           0x00000000060329fc        0x0 /opt/toolchains/sh-elf/bin/../lib/gcc/sh-elf/11.1.0/libgcc.a(_lshiftrt.o)
 .bss           0x00000000060329fc        0x0 /opt/toolchains/sh-elf/bin/../lib/gcc/sh-elf/11.1.0/libgcc.a(_clzsi2.o)
 .bss           0x00000000060329fc        0x0 /opt/toolchains/sh-elf/bin/../lib/gcc/sh-elf/11.1.0/libgcc.a(_pack_df.o)
 .bss           0x00000000060329fc        0x0 /opt/toolchains/sh-elf/bin/../lib/gcc/sh-elf/11.1.0/libgcc.a(_unpack_df.o)
 .bss           0x00000000060329fc        0x0 /opt/toolchains/sh-elf/bin/../lib/gcc/sh-elf/11.1.0/libgcc.a(_clz.o)
 .bss           0x00000000060329fc        0x0 /opt/toolchains/sh-elf/bin/../lib/gcc/sh-elf/11.1.0/../../../../sh-elf/lib/libc.a(lib_a-memcpy.o)
 .bss           0x00000000060329fc        0x0 /opt/toolchains/sh-elf/bin/../lib/gcc/sh-elf/11.1.0/../../../../sh-elf/lib/libc.a(lib_a-memset.o)
 *(COMMON)
                0x00000000060329fc                _bss_end = .
                0x0000000006032a00                . = ALIGN (0x10)
 *fill*         0x00000000060329fc        0x4 
                0x0000000006032a00                _end = ABSOLUTE (.)

.stack          0x0000000006032a00     0x2000
 *(.stack)
 .stack         0x0000000006032a00     0x2000 stack.o
                0x0000000006032a00                _PROG_STK
                0x0000000006034a00                _stack = .

.lwram          0x0000000000200000        0x0
                0x0000000000200000                . = ALIGN (0x10)
 *(.lwram)
                0x0000000000200000                . = ALIGN (0x10)

.vdp2_vram      0x0000000005e00000        0x0
                0x0000000005e00000                . = ALIGN (0x10)
 *(.vdp2_vram)
                0x0000000005e00000                . = ALIGN (0x10)
OUTPUT(main.elf elf32-sh)

.debug_info     0x0000000000000000     0x5883
 .debug_info    0x0000000000000000      0x40f vblank.o
 .debug_info    0x000000000000040f      0x7b2 cd.o
 .debug_info    0x0000000000000bc1      0x127 crc.o
 .debug_info    0x0000000000000ce8      0x3e9 devcart.o
 .debug_info    0x00000000000010d1      0xc36 game.o
 .debug_info    0x0000000000001d07      0x58f pcmsys.o
 .debug_info    0x0000000000002296       0x69 piece.o
 .debug_info    0x00000000000022ff      0x38e print.o
 .debug_info    0x000000000000268d      0x230 rng.o
 .debug_info    0x00000000000028bd      0xa4c scroll.o
 .debug_info    0x0000000000003309      0x317 sound.o
 .debug_info    0x0000000000003620      0xd37 sprite.o
 .debug_info    0x0000000000004357      0x363 main.o
 .debug_info    0x00000000000046ba      0x4d2 /opt/toolchains/sh-elf/bin/../lib/gcc/sh-elf/11.1.0/libgcc.a(_mul_df.o)
 .debug_info    0x0000000000004b8c      0x259 /opt/toolchains/sh-elf/bin/../lib/gcc/sh-elf/11.1.0/libgcc.a(_si_to_df.o)
 .debug_info    0x0000000000004de5      0x2a5 /opt/toolchains/sh-elf/bin/../lib/gcc/sh-elf/11.1.0/libgcc.a(_df_to_si.o)
 .debug_info    0x000000000000508a      0x15b /opt/toolchains/sh-elf/bin/../lib/gcc/sh-elf/11.1.0/libgcc.a(_thenan_df.o)
 .debug_info    0x00000000000051e5      0x130 /opt/toolchains/sh-elf/bin/../lib/gcc/sh-elf/11.1.0/libgcc.a(_clzsi2.o)
 .debug_info    0x0000000000005315      0x298 /opt/toolchains/sh-elf/bin/../lib/gcc/sh-elf/11.1.0/libgcc.a(_pack_df.o)
 .debug_info    0x00000000000055ad      0x20c /opt/toolchains/sh-elf/bin/../lib/gcc/sh-elf/11.1.0/libgcc.a(_unpack_df.o)
 .debug_info    0x00000000000057b9       0xca /opt/toolchains/sh-elf/bin/../lib/gcc/sh-elf/11.1.0/libgcc.a(_clz.o)

.debug_abbrev   0x0000000000000000     0x21f8
 .debug_abbrev  0x0000000000000000      0x1b6 vblank.o
 .debug_abbrev  0x00000000000001b6      0x23c cd.o
 .debug_abbrev  0x00000000000003f2       0xae crc.o
 .debug_abbrev  0x00000000000004a0      0x19d devcart.o
 .debug_abbrev  0x000000000000063d      0x324 game.o
 .debug_abbrev  0x0000000000000961      0x1c7 pcmsys.o
 .debug_abbrev  0x0000000000000b28       0x5a piece.o
 .debug_abbrev  0x0000000000000b82      0x181 print.o
 .debug_abbrev  0x0000000000000d03      0x163 rng.o
 .debug_abbrev  0x0000000000000e66      0x281 scroll.o
 .debug_abbrev  0x00000000000010e7      0x1a8 sound.o
 .debug_abbrev  0x000000000000128f      0x307 sprite.o
 .debug_abbrev  0x0000000000001596      0x18d main.o
 .debug_abbrev  0x0000000000001723      0x278 /opt/toolchains/sh-elf/bin/../lib/gcc/sh-elf/11.1.0/libgcc.a(_mul_df.o)
 .debug_abbrev  0x000000000000199b      0x1b2 /opt/toolchains/sh-elf/bin/../lib/gcc/sh-elf/11.1.0/libgcc.a(_si_to_df.o)
 .debug_abbrev  0x0000000000001b4d      0x1b2 /opt/toolchains/sh-elf/bin/../lib/gcc/sh-elf/11.1.0/libgcc.a(_df_to_si.o)
 .debug_abbrev  0x0000000000001cff       0xcf /opt/toolchains/sh-elf/bin/../lib/gcc/sh-elf/11.1.0/libgcc.a(_thenan_df.o)
 .debug_abbrev  0x0000000000001dce       0xca /opt/toolchains/sh-elf/bin/../lib/gcc/sh-elf/11.1.0/libgcc.a(_clzsi2.o)
 .debug_abbrev  0x0000000000001e98      0x1ae /opt/toolchains/sh-elf/bin/../lib/gcc/sh-elf/11.1.0/libgcc.a(_pack_df.o)
 .debug_abbrev  0x0000000000002046      0x142 /opt/toolchains/sh-elf/bin/../lib/gcc/sh-elf/11.1.0/libgcc.a(_unpack_df.o)
 .debug_abbrev  0x0000000000002188       0x70 /opt/toolchains/sh-elf/bin/../lib/gcc/sh-elf/11.1.0/libgcc.a(_clz.o)

.debug_aranges  0x0000000000000000      0x288
 .debug_aranges
                0x0000000000000000       0x20 vblank.o
 .debug_aranges
                0x0000000000000020       0x20 cd.o
 .debug_aranges
                0x0000000000000040       0x20 crc.o
 .debug_aranges
                0x0000000000000060       0x20 devcart.o
 .debug_aranges
                0x0000000000000080       0x20 game.o
 .debug_aranges
                0x00000000000000a0       0x20 pcmsys.o
 .debug_aranges
                0x00000000000000c0       0x18 piece.o
 .debug_aranges
                0x00000000000000d8       0x20 print.o
 .debug_aranges
                0x00000000000000f8       0x20 rng.o
 .debug_aranges
                0x0000000000000118       0x20 scroll.o
 .debug_aranges
                0x0000000000000138       0x20 sound.o
 .debug_aranges
                0x0000000000000158       0x20 sprite.o
 .debug_aranges
                0x0000000000000178       0x20 main.o
 .debug_aranges
                0x0000000000000198       0x20 /opt/toolchains/sh-elf/bin/../lib/gcc/sh-elf/11.1.0/libgcc.a(_mul_df.o)
 .debug_aranges
                0x00000000000001b8       0x20 /opt/toolchains/sh-elf/bin/../lib/gcc/sh-elf/11.1.0/libgcc.a(_si_to_df.o)
 .debug_aranges
                0x00000000000001d8       0x20 /opt/toolchains/sh-elf/bin/../lib/gcc/sh-elf/11.1.0/libgcc.a(_df_to_si.o)
 .debug_aranges
                0x00000000000001f8       0x18 /opt/toolchains/sh-elf/bin/../lib/gcc/sh-elf/11.1.0/libgcc.a(_thenan_df.o)
 .debug_aranges
                0x0000000000000210       0x20 /opt/toolchains/sh-elf/bin/../lib/gcc/sh-elf/11.1.0/libgcc.a(_clzsi2.o)
 .debug_aranges
                0x0000000000000230       0x20 /opt/toolchains/sh-elf/bin/../lib/gcc/sh-elf/11.1.0/libgcc.a(_pack_df.o)
 .debug_aranges
                0x0000000000000250       0x20 /opt/toolchains/sh-elf/bin/../lib/gcc/sh-elf/11.1.0/libgcc.a(_unpack_df.o)
 .debug_aranges
                0x0000000000000270       0x18 /opt/toolchains/sh-elf/bin/../lib/gcc/sh-elf/11.1.0/libgcc.a(_clz.o)

.debug_line     0x0000000000000000     0x29ce
 .debug_line    0x0000000000000000       0xf6 vblank.o
 .debug_line    0x00000000000000f6       0x9d cd.o
 .debug_line    0x0000000000000193       0xa3 crc.o
 .debug_line    0x0000000000000236      0x215 devcart.o
 .debug_line    0x000000000000044b      0x73d game.o
 .debug_line    0x0000000000000b88      0x4c8 pcmsys.o
 .debug_line    0x0000000000001050       0x33 piece.o
 .debug_line    0x0000000000001083      0x177 print.o
 .debug_line    0x00000000000011fa      0x152 rng.o
 .debug_line    0x000000000000134c      0x3bb scroll.o
 .debug_line    0x0000000000001707      0x18e sound.o
 .debug_line    0x0000000000001895      0x579 sprite.o
 .debug_line    0x0000000000001e0e      0x116 main.o
 .debug_line    0x0000000000001f24      0x2d6 /opt/toolchains/sh-elf/bin/../lib/gcc/sh-elf/11.1.0/libgcc.a(_mul_df.o)
 .debug_line    0x00000000000021fa      0x13d /opt/toolchains/sh-elf/bin/../lib/gcc/sh-elf/11.1.0/libgcc.a(_si_to_df.o)
 .debug_line    0x0000000000002337       0xf6 /opt/toolchains/sh-elf/bin/../lib/gcc/sh-elf/11.1.0/libgcc.a(_df_to_si.o)
 .debug_line    0x000000000000242d       0x50 /opt/toolchains/sh-elf/bin/../lib/gcc/sh-elf/11.1.0/libgcc.a(_thenan_df.o)
 .debug_line    0x000000000000247d       0xad /opt/toolchains/sh-elf/bin/../lib/gcc/sh-elf/11.1.0/libgcc.a(_clzsi2.o)
 .debug_line    0x000000000000252a      0x30c /opt/toolchains/sh-elf/bin/../lib/gcc/sh-elf/11.1.0/libgcc.a(_pack_df.o)
 .debug_line    0x0000000000002836      0x146 /opt/toolchains/sh-elf/bin/../lib/gcc/sh-elf/11.1.0/libgcc.a(_unpack_df.o)
 .debug_line    0x000000000000297c       0x52 /opt/toolchains/sh-elf/bin/../lib/gcc/sh-elf/11.1.0/libgcc.a(_clz.o)

.debug_str      0x0000000000000000     0x1746
 .debug_str     0x0000000000000000      0x236 vblank.o
                                        0x298 (size before relaxing)
 .debug_str     0x0000000000000236      0x241 cd.o
                                        0x333 (size before relaxing)
 .debug_str     0x0000000000000477       0x72 crc.o
                                        0x121 (size before relaxing)
 .debug_str     0x00000000000004e9       0xfc devcart.o
                                        0x246 (size before relaxing)
 .debug_str     0x00000000000005e5      0x3af game.o
                                        0x4b4 (size before relaxing)
 .debug_str     0x0000000000000994      0x161 pcmsys.o
                                        0x2fb (size before relaxing)
 .debug_str     0x0000000000000af5        0x8 piece.o
                                         0x62 (size before relaxing)
 .debug_str     0x0000000000000afd       0x56 print.o
                                        0x1dc (size before relaxing)
 .debug_str     0x0000000000000b53       0x7c rng.o
                                        0x184 (size before relaxing)
 .debug_str     0x0000000000000bcf      0x3a3 scroll.o
                                        0x4f4 (size before relaxing)
 .debug_str     0x0000000000000f72       0xd4 sound.o
                                        0x20e (size before relaxing)
 .debug_str     0x0000000000001046      0x349 sprite.o
                                        0x56d (size before relaxing)
 .debug_str     0x000000000000138f      0x114 main.o
                                        0x2f6 (size before relaxing)
 .debug_str     0x00000000000014a3      0x212 /opt/toolchains/sh-elf/bin/../lib/gcc/sh-elf/11.1.0/libgcc.a(_mul_df.o)
                                        0x28a (size before relaxing)
 .debug_str     0x00000000000016b5       0x27 /opt/toolchains/sh-elf/bin/../lib/gcc/sh-elf/11.1.0/libgcc.a(_si_to_df.o)
                                        0x216 (size before relaxing)
 .debug_str     0x00000000000016dc        0xa /opt/toolchains/sh-elf/bin/../lib/gcc/sh-elf/11.1.0/libgcc.a(_df_to_si.o)
                                        0x233 (size before relaxing)
 .debug_str     0x00000000000016e6      0x1d5 /opt/toolchains/sh-elf/bin/../lib/gcc/sh-elf/11.1.0/libgcc.a(_thenan_df.o)
 .debug_str     0x00000000000016e6       0x59 /opt/toolchains/sh-elf/bin/../lib/gcc/sh-elf/11.1.0/libgcc.a(_clzsi2.o)
                                        0x198 (size before relaxing)
 .debug_str     0x000000000000173f        0x7 /opt/toolchains/sh-elf/bin/../lib/gcc/sh-elf/11.1.0/libgcc.a(_pack_df.o)
                                        0x227 (size before relaxing)
 .debug_str     0x0000000000001746      0x209 /opt/toolchains/sh-elf/bin/../lib/gcc/sh-elf/11.1.0/libgcc.a(_unpack_df.o)
 .debug_str     0x0000000000001746      0x17b /opt/toolchains/sh-elf/bin/../lib/gcc/sh-elf/11.1.0/libgcc.a(_clz.o)

.comment        0x0000000000000000       0x12
 .comment       0x0000000000000000       0x12 vblank.o
                                         0x13 (size before relaxing)
 .comment       0x0000000000000012       0x13 cd.o
 .comment       0x0000000000000012       0x13 crc.o
 .comment       0x0000000000000012       0x13 devcart.o
 .comment       0x0000000000000012       0x13 game.o
 .comment       0x0000000000000012       0x13 pcmsys.o
 .comment       0x0000000000000012       0x13 piece.o
 .comment       0x0000000000000012       0x13 print.o
 .comment       0x0000000000000012       0x13 rng.o
 .comment       0x0000000000000012       0x13 scroll.o
 .comment       0x0000000000000012       0x13 sound.o
 .comment       0x0000000000000012       0x13 sprite.o
 .comment       0x0000000000000012       0x13 main.o
 .comment       0x0000000000000012       0x13 ../sbl/segalib/lib/libsat.a(mth_rand.o)
 .comment       0x0000000000000012       0x13 ../sbl/segalib/lib/libsat.a(per_prt.o)
 .comment       0x0000000000000012       0x13 ../sbl/segalib/lib/libsat.a(spr_2c.o)
 .comment       0x0000000000000012       0x13 ../sbl/segalib/lib/libsat.a(scl_func.o)
 .comment       0x0000000000000012       0x13 ../sbl/segalib/lib/libsat.a(scl_fu02.o)
 .comment       0x0000000000000012       0x13 ../sbl/segalib/lib/libsat.a(scl_fu03.o)
 .comment       0x0000000000000012       0x13 ../sbl/segalib/lib/libsat.a(scl_fu04.o)
 .comment       0x0000000000000012       0x13 ../sbl/segalib/lib/libsat.a(scl_pri.o)
 .comment       0x0000000000000012       0x13 ../sbl/segalib/lib/libsat.a(scl_ro00.o)
 .comment       0x0000000000000012       0x13 ../sbl/segalib/lib/libsat.a(scl_back.o)
 .comment       0x0000000000000012       0x13 ../sbl/segalib/lib/libsat.a(scl_vblv.o)
 .comment       0x0000000000000012       0x13 ../sbl/segalib/lib/libsat.a(scl_pr01.o)
 .comment       0x0000000000000012       0x13 ../sbl/segalib/lib/libsat.a(scl_pr02.o)
 .comment       0x0000000000000012       0x13 ../sbl/segalib/lib/libsat.a(scl_pr03.o)
 .comment       0x0000000000000012       0x13 ../sbl/segalib/lib/libsat.a(scl_pr05.o)
 .comment       0x0000000000000012       0x13 ../sbl/segalib/lib/libsat.a(scl_pr06.o)
 .comment       0x0000000000000012       0x13 ../sbl/segalib/lib/libsat.a(scl_pr07.o)
 .comment       0x0000000000000012       0x13 ../sbl/segalib/lib/libsat.a(spr_1c.o)
 .comment       0x0000000000000012       0x13 /opt/toolchains/sh-elf/bin/../lib/gcc/sh-elf/11.1.0/libgcc.a(_mul_df.o)
 .comment       0x0000000000000012       0x13 /opt/toolchains/sh-elf/bin/../lib/gcc/sh-elf/11.1.0/libgcc.a(_si_to_df.o)
 .comment       0x0000000000000012       0x13 /opt/toolchains/sh-elf/bin/../lib/gcc/sh-elf/11.1.0/libgcc.a(_df_to_si.o)
 .comment       0x0000000000000012       0x13 /opt/toolchains/sh-elf/bin/../lib/gcc/sh-elf/11.1.0/libgcc.a(_thenan_df.o)
 .comment       0x0000000000000012       0x13 /opt/toolchains/sh-elf/bin/../lib/gcc/sh-elf/11.1.0/libgcc.a(_clzsi2.o)
 .comment       0x0000000000000012       0x13 /opt/toolchains/sh-elf/bin/../lib/gcc/sh-elf/11.1.0/libgcc.a(_pack_df.o)
 .comment       0x0000000000000012       0x13 /opt/toolchains/sh-elf/bin/../lib/gcc/sh-elf/11.1.0/libgcc.a(_unpack_df.o)
 .comment       0x0000000000000012       0x13 /opt/toolchains/sh-elf/bin/../lib/gcc/sh-elf/11.1.0/libgcc.a(_clz.o)

.debug_frame    0x0000000000000000     0x11c8
 .debug_frame   0x0000000000000000       0xb8 vblank.o
 .debug_frame   0x00000000000000b8       0x90 cd.o
 .debug_frame   0x0000000000000148       0x38 crc.o
 .debug_frame   0x0000000000000180      0x198 devcart.o
 .debug_frame   0x0000000000000318      0x38c game.o
 .debug_frame   0x00000000000006a4      0x1e0 pcmsys.o
 .debug_frame   0x0000000000000884       0xf4 print.o
 .debug_frame   0x0000000000000978       0xc0 rng.o
 .debug_frame   0x0000000000000a38      0x240 scroll.o
 .debug_frame   0x0000000000000c78       0xbc sound.o
 .debug_frame   0x0000000000000d34      0x284 sprite.o
 .debug_frame   0x0000000000000fb8       0x30 main.o
 .debug_frame   0x0000000000000fe8       0x98 /opt/toolchains/sh-elf/bin/../lib/gcc/sh-elf/11.1.0/libgcc.a(_mul_df.o)
 .debug_frame   0x0000000000001080       0x3c /opt/toolchains/sh-elf/bin/../lib/gcc/sh-elf/11.1.0/libgcc.a(_si_to_df.o)
 .debug_frame   0x00000000000010bc       0x48 /opt/toolchains/sh-elf/bin/../lib/gcc/sh-elf/11.1.0/libgcc.a(_df_to_si.o)
 .debug_frame   0x0000000000001104       0x38 /opt/toolchains/sh-elf/bin/../lib/gcc/sh-elf/11.1.0/libgcc.a(_clzsi2.o)
 .debug_frame   0x000000000000113c       0x6c /opt/toolchains/sh-elf/bin/../lib/gcc/sh-elf/11.1.0/libgcc.a(_pack_df.o)
 .debug_frame   0x00000000000011a8       0x20 /opt/toolchains/sh-elf/bin/../lib/gcc/sh-elf/11.1.0/libgcc.a(_unpack_df.o)

.debug_loclists
                0x0000000000000000      0x670
 .debug_loclists
                0x0000000000000000      0x30c /opt/toolchains/sh-elf/bin/../lib/gcc/sh-elf/11.1.0/libgcc.a(_mul_df.o)
 .debug_loclists
                0x000000000000030c       0x6c /opt/toolchains/sh-elf/bin/../lib/gcc/sh-elf/11.1.0/libgcc.a(_si_to_df.o)
 .debug_loclists
                0x0000000000000378       0x35 /opt/toolchains/sh-elf/bin/../lib/gcc/sh-elf/11.1.0/libgcc.a(_df_to_si.o)
 .debug_loclists
                0x00000000000003ad       0x22 /opt/toolchains/sh-elf/bin/../lib/gcc/sh-elf/11.1.0/libgcc.a(_clzsi2.o)
 .debug_loclists
                0x00000000000003cf      0x230 /opt/toolchains/sh-elf/bin/../lib/gcc/sh-elf/11.1.0/libgcc.a(_pack_df.o)
 .debug_loclists
                0x00000000000005ff       0x71 /opt/toolchains/sh-elf/bin/../lib/gcc/sh-elf/11.1.0/libgcc.a(_unpack_df.o)

.debug_rnglists
                0x0000000000000000       0xf1
 .debug_rnglists
                0x0000000000000000       0x2e /opt/toolchains/sh-elf/bin/../lib/gcc/sh-elf/11.1.0/libgcc.a(_mul_df.o)
 .debug_rnglists
                0x000000000000002e       0x26 /opt/toolchains/sh-elf/bin/../lib/gcc/sh-elf/11.1.0/libgcc.a(_si_to_df.o)
 .debug_rnglists
                0x0000000000000054       0x1f /opt/toolchains/sh-elf/bin/../lib/gcc/sh-elf/11.1.0/libgcc.a(_clzsi2.o)
 .debug_rnglists
                0x0000000000000073       0x7e /opt/toolchains/sh-elf/bin/../lib/gcc/sh-elf/11.1.0/libgcc.a(_pack_df.o)
