Archive member included to satisfy reference by file (symbol)

../sbl/segalib/lib/libsat.a(cdc_cmn.o)
                              main.o (_CDC_GetPeriStat)
../sbl/segalib/lib/libsat.a(cdc_drv.o)
                              sound.o (_CDC_CdPlay)
../sbl/segalib/lib/libsat.a(gfs.o)
                              cd.o (_GFS_SetDir)
../sbl/segalib/lib/libsat.a(gfs_buf.o)
                              ../sbl/segalib/lib/libsat.a(gfs.o) (_GFBF_GetNumData)
../sbl/segalib/lib/libsat.a(gfs_cdb.o)
                              ../sbl/segalib/lib/libsat.a(gfs.o) (_GFCB_Close)
../sbl/segalib/lib/libsat.a(gfs_cdc.o)
                              ../sbl/segalib/lib/libsat.a(gfs_cdb.o) (_GFCD_AllocFilt)
../sbl/segalib/lib/libsat.a(gfs_cdf.o)
                              ../sbl/segalib/lib/libsat.a(gfs.o) (_GFCF_Init)
../sbl/segalib/lib/libsat.a(gfs_dir.o)
                              ../sbl/segalib/lib/libsat.a(gfs.o) (_GFDR_NameToId)
../sbl/segalib/lib/libsat.a(gfs_trn.o)
                              ../sbl/segalib/lib/libsat.a(gfs.o) (_GFTR_Setup)
../sbl/segalib/lib/libsat.a(mth_rand.o)
                              rng.o (_MTH_InitialRand)
../sbl/segalib/lib/libsat.a(mth_fixd.o)
                              sprite.o (_MTH_Mul)
../sbl/segalib/lib/libsat.a(mth_tri.o)
                              sprite.o (_MTH_Sin)
../sbl/segalib/lib/libsat.a(per_prt.o)
                              vblank.o (_PER_Init)
../sbl/segalib/lib/libsat.a(spr_2c.o)
                              sprite.o (_SPR_2SetTvMode)
../sbl/segalib/lib/libsat.a(scl_func.o)
                              scroll.o (_Scl_n_reg)
../sbl/segalib/lib/libsat.a(scl_fu02.o)
                              scroll.o (_SCL_InitVramConfigTb)
../sbl/segalib/lib/libsat.a(scl_fu03.o)
                              scroll.o (_SCL_InitConfigTb)
../sbl/segalib/lib/libsat.a(scl_fu04.o)
                              scroll.o (_SCL_SetCycleTable)
../sbl/segalib/lib/libsat.a(scl_pri.o)
                              ../sbl/segalib/lib/libsat.a(scl_func.o) (_SCL_PriorityInit)
../sbl/segalib/lib/libsat.a(scl_ro00.o)
                              ../sbl/segalib/lib/libsat.a(scl_func.o) (_SCL_Rotate)
../sbl/segalib/lib/libsat.a(scl_back.o)
                              scroll.o (_SCL_SetBack)
../sbl/segalib/lib/libsat.a(scl_vblv.o)
                              ../sbl/segalib/lib/libsat.a(spr_2c.o) (_SCL_SetFrameInterval)
../sbl/segalib/lib/libsat.a(scl_pr01.o)
                              sprite.o (_SCL_SetSpriteMode)
../sbl/segalib/lib/libsat.a(scl_pr02.o)
                              scroll.o (_SCL_SetColRam)
../sbl/segalib/lib/libsat.a(scl_pr03.o)
                              scroll.o (_SCL_AllocColRam)
../sbl/segalib/lib/libsat.a(scl_pr05.o)
                              ../sbl/segalib/lib/libsat.a(scl_pr02.o) (_SCL_GetColRamOffset)
../sbl/segalib/lib/libsat.a(scl_pr06.o)
                              ../sbl/segalib/lib/libsat.a(scl_pr03.o) (_SCL_SetColRamOffset)
../sbl/segalib/lib/libsat.a(scl_pr07.o)
                              scroll.o (_SCL_SetPriority)
../sbl/segalib/lib/libsat.a(cdc_reg.o)
                              ../sbl/segalib/lib/libsat.a(gfs_cdb.o) (_CDC_GetDataPtr)
../sbl/segalib/lib/libsat.a(cdc_sub.o)
                              ../sbl/segalib/lib/libsat.a(cdc_cmn.o) (_CDSUB_GetCdstat)
../sbl/segalib/lib/libsat.a(cdc_dev.o)
                              ../sbl/segalib/lib/libsat.a(gfs_cdc.o) (_CDC_CdSetCon)
../sbl/segalib/lib/libsat.a(cdc_sel.o)
                              ../sbl/segalib/lib/libsat.a(gfs_cdc.o) (_CDC_SetFiltRange)
../sbl/segalib/lib/libsat.a(cdc_bif.o)
                              ../sbl/segalib/lib/libsat.a(gfs_cdc.o) (_CDC_GetBufSiz)
../sbl/segalib/lib/libsat.a(cdc_bio.o)
                              ../sbl/segalib/lib/libsat.a(gfs_cdc.o) (_CDC_SetSctLen)
../sbl/segalib/lib/libsat.a(cdc_cfs.o)
                              ../sbl/segalib/lib/libsat.a(gfs_cdc.o) (_CDC_ChgDir)
../sbl/segalib/lib/libsat.a(csh_main.o)
                              ../sbl/segalib/lib/libsat.a(gfs_trn.o) (_CSH_Purge)
../sbl/segalib/lib/libsat.a(dma_cpu0.o)
                              ../sbl/segalib/lib/libsat.a(gfs_trn.o) (_DMA_CpuSetComPrm)
../sbl/segalib/lib/libsat.a(dma_scu0.o)
                              ../sbl/segalib/lib/libsat.a(gfs_trn.o) (_DMA_ScuSetPrm)
../sbl/segalib/lib/libsat.a(spr_1c.o)
                              ../sbl/segalib/lib/libsat.a(spr_2c.o) (_SPR_SetTvMode)
../sbl/segalib/lib/libsat.a(spr_2a.o)
                              ../sbl/segalib/lib/libsat.a(spr_2c.o) (_SPR_2SetDrawPrty)
/opt/toolchains/sh-elf/bin/../lib/gcc/sh-elf/11.1.0/libgcc.a(_ashiftrt.o)
                              ../sbl/segalib/lib/libsat.a(gfs_cdf.o) (___ashiftrt_r4_6)
/opt/toolchains/sh-elf/bin/../lib/gcc/sh-elf/11.1.0/libgcc.a(_ashiftlt.o)
                              scroll.o (___ashlsi3_r0)
/opt/toolchains/sh-elf/bin/../lib/gcc/sh-elf/11.1.0/libgcc.a(_movmem.o)
                              scroll.o (___movmem)
/opt/toolchains/sh-elf/bin/../lib/gcc/sh-elf/11.1.0/libgcc.a(_sdivsi3.o)
                              ../sbl/segalib/lib/libsat.a(gfs.o) (___sdivsi3)
/opt/toolchains/sh-elf/bin/../lib/gcc/sh-elf/11.1.0/libgcc.a(_udivsi3.o)
                              ../sbl/segalib/lib/libsat.a(gfs.o) (___udivsi3)
/opt/toolchains/sh-elf/bin/../lib/gcc/sh-elf/11.1.0/libgcc.a(_mul_df.o)
                              ../sbl/segalib/lib/libsat.a(scl_ro00.o) (___muldf3)
/opt/toolchains/sh-elf/bin/../lib/gcc/sh-elf/11.1.0/libgcc.a(_si_to_df.o)
                              ../sbl/segalib/lib/libsat.a(scl_ro00.o) (___floatsidf)
/opt/toolchains/sh-elf/bin/../lib/gcc/sh-elf/11.1.0/libgcc.a(_df_to_si.o)
                              ../sbl/segalib/lib/libsat.a(scl_ro00.o) (___fixdfsi)
/opt/toolchains/sh-elf/bin/../lib/gcc/sh-elf/11.1.0/libgcc.a(_thenan_df.o)
                              /opt/toolchains/sh-elf/bin/../lib/gcc/sh-elf/11.1.0/libgcc.a(_mul_df.o) (___thenan_df)
/opt/toolchains/sh-elf/bin/../lib/gcc/sh-elf/11.1.0/libgcc.a(_lshiftrt.o)
                              /opt/toolchains/sh-elf/bin/../lib/gcc/sh-elf/11.1.0/libgcc.a(_si_to_df.o) (___lshrsi3_r0)
/opt/toolchains/sh-elf/bin/../lib/gcc/sh-elf/11.1.0/libgcc.a(_clzsi2.o)
                              /opt/toolchains/sh-elf/bin/../lib/gcc/sh-elf/11.1.0/libgcc.a(_si_to_df.o) (___clzsi2)
/opt/toolchains/sh-elf/bin/../lib/gcc/sh-elf/11.1.0/libgcc.a(_pack_df.o)
                              /opt/toolchains/sh-elf/bin/../lib/gcc/sh-elf/11.1.0/libgcc.a(_mul_df.o) (___pack_d)
/opt/toolchains/sh-elf/bin/../lib/gcc/sh-elf/11.1.0/libgcc.a(_unpack_df.o)
                              /opt/toolchains/sh-elf/bin/../lib/gcc/sh-elf/11.1.0/libgcc.a(_mul_df.o) (___unpack_d)
/opt/toolchains/sh-elf/bin/../lib/gcc/sh-elf/11.1.0/libgcc.a(_clz.o)
                              /opt/toolchains/sh-elf/bin/../lib/gcc/sh-elf/11.1.0/libgcc.a(_clzsi2.o) (___clz_tab)
/opt/toolchains/sh-elf/bin/../lib/gcc/sh-elf/11.1.0/../../../../sh-elf/lib/libc.a(lib_a-memcmp.o)
                              ../sbl/segalib/lib/libsat.a(gfs.o) (_memcmp)
/opt/toolchains/sh-elf/bin/../lib/gcc/sh-elf/11.1.0/../../../../sh-elf/lib/libc.a(lib_a-memcpy.o)
                              scroll.o (_memcpy)
/opt/toolchains/sh-elf/bin/../lib/gcc/sh-elf/11.1.0/../../../../sh-elf/lib/libc.a(lib_a-memmove.o)
                              ../sbl/segalib/lib/libsat.a(gfs.o) (_memmove)
/opt/toolchains/sh-elf/bin/../lib/gcc/sh-elf/11.1.0/../../../../sh-elf/lib/libc.a(lib_a-memset.o)
                              scroll.o (_memset)
/opt/toolchains/sh-elf/bin/../lib/gcc/sh-elf/11.1.0/../../../../sh-elf/lib/libc.a(lib_a-strcpy.o)
                              ../sbl/segalib/lib/libsat.a(gfs_dir.o) (_strcpy)
/opt/toolchains/sh-elf/bin/../lib/gcc/sh-elf/11.1.0/../../../../sh-elf/lib/libc.a(lib_a-strncmp.o)
                              ../sbl/segalib/lib/libsat.a(gfs_dir.o) (_strncmp)
/opt/toolchains/sh-elf/bin/../lib/gcc/sh-elf/11.1.0/../../../../sh-elf/lib/libc.a(lib_a-strncpy.o)
                              ../sbl/segalib/lib/libsat.a(gfs_dir.o) (_strncpy)

Memory Configuration

Name             Origin             Length             Attributes
*default*        0x0000000000000000 0xffffffffffffffff

Linker script and memory map

LOAD entry.o
LOAD stack.o
LOAD vblank.o
LOAD cd.o
LOAD crc.o
LOAD devcart.o
LOAD game.o
LOAD piece.o
LOAD print.o
LOAD rng.o
LOAD scroll.o
LOAD sound.o
LOAD sprite.o
LOAD main.o
LOAD ../sbl/segalib/lib/libsat.a
LOAD /opt/toolchains/sh-elf/bin/../lib/gcc/sh-elf/11.1.0/libgcc.a
LOAD /opt/toolchains/sh-elf/bin/../lib/gcc/sh-elf/11.1.0/libgcc-Os-4-200.a
LOAD /opt/toolchains/sh-elf/bin/../lib/gcc/sh-elf/11.1.0/../../../../sh-elf/lib/libc.a
LOAD /opt/toolchains/sh-elf/bin/../lib/gcc/sh-elf/11.1.0/libgcc.a
LOAD /opt/toolchains/sh-elf/bin/../lib/gcc/sh-elf/11.1.0/libgcc-Os-4-200.a

.entry          0x0000000006010000       0x60
 *(.entry)
 .entry         0x0000000006010000       0x50 entry.o
                0x0000000006010000                _entry
                0x0000000006010060                . = ALIGN (0x20)
 *fill*         0x0000000006010050       0x10 
                0x0000000006010060                _eentry = ABSOLUTE (.)

.text           0x0000000006010060     0xfb30
 *(.text*)
 .text          0x0000000006010060        0x0 entry.o
 .text          0x0000000006010060        0x0 stack.o
 .text          0x0000000006010060      0x1c4 vblank.o
                0x0000000006010060                _SetVblank
                0x0000000006010118                _CheckVblankEnd
                0x0000000006010130                _UsrVblankIn
                0x000000000601014c                _UsrVblankOut
 .text          0x0000000006010224      0x180 cd.o
                0x0000000006010224                _CD_Init
                0x0000000006010268                _CD_ChangeDir
                0x00000000060102dc                _CD_Load
 .text          0x00000000060103a4       0x98 crc.o
                0x00000000060103a4                _crc_update
 .text          0x000000000601043c      0x418 devcart.o
                0x0000000006010568                _Devcart_LoadFile
                0x0000000006010714                _Devcart_PrintStr
                0x0000000006010788                _Devcart_Reset
                0x00000000060107e0                _Devcart_ChangeDir
 .text          0x0000000006010854      0x824 game.o
                0x0000000006010c74                _Game_Init
                0x0000000006010dac                _Game_Run
 .text          0x0000000006011078        0x0 piece.o
 .text          0x0000000006011078      0x340 print.o
                0x0000000006011078                _Print_Load
                0x00000000060110a0                _Print_Init
                0x0000000006011120                _Print_Num
                0x00000000060111e4                _Print_String
                0x00000000060112b8                _Print_Display
 .text          0x00000000060113b8      0x240 rng.o
                0x000000000601146c                _RNG_Init
                0x0000000006011514                _RNG_Get
 .text          0x00000000060115f8      0xa60 scroll.o
                0x00000000060115f8                _Scroll_Init
                0x0000000006011994                _Scroll_LoadTile
                0x0000000006011ac8                _Scroll_TilePtr
                0x0000000006011b50                _Scroll_MapPtr
                0x0000000006011bdc                _Scroll_Scale
                0x0000000006011d34                _Scroll_Set
                0x0000000006011da4                _Scroll_Move
                0x0000000006011e14                _Scroll_ClearMaps
                0x0000000006011e80                _Scroll_ClearVram
                0x0000000006011ed0                _Scroll_CharSize
                0x0000000006011f54                _Scroll_Enable
                0x0000000006011fd4                _Scroll_MapSize
 .text          0x0000000006012058      0x304 sound.o
                0x0000000006012288                _sound_init
                0x00000000060122a8                _sound_cdda
                0x0000000006012340                _sound_play
 .text          0x000000000601235c      0xd9c sprite.o
                0x000000000601235c                _Sprite_Init
                0x0000000006012448                _Sprite_Clear
                0x000000000601281c                _Sprite_Load
                0x00000000060128d8                _Sprite_StartDraw
                0x000000000601291c                _Sprite_Draw
                0x0000000006012d20                _Sprite_Make
                0x0000000006012dd8                _Sprite_DrawAll
                0x0000000006012ec0                _Sprite_Next
                0x0000000006012f7c                _Sprite_ListAdd
                0x0000000006012fde                _Sprite_ListRemove
                0x000000000601305a                _Sprite_Delete
                0x0000000006013098                _Sprite_DeleteAll
 .text          0x00000000060130f8      0x114 main.o
                0x00000000060130f8                _main
 .text          0x000000000601320c      0x354 ../sbl/segalib/lib/libsat.a(cdc_cmn.o)
                0x000000000601320c                _CDC_GetCurStat
                0x0000000006013250                _CDC_GetLastStat
                0x000000000601325c                _getPeriRsp
                0x00000000060132e4                _CDC_GetPeriStat
                0x0000000006013328                _CDC_GetHwInfo
                0x0000000006013380                _CDC_TgetToc
                0x00000000060133d8                _CDC_GetSes
                0x0000000006013410                _CDC_CdInit
                0x0000000006013488                _CDC_CdOpen
                0x00000000060134b0                _CDC_DataEnd
                0x0000000006013504                _CDC_DataReady
 .text          0x0000000006013560      0x108 ../sbl/segalib/lib/libsat.a(cdc_drv.o)
                0x0000000006013560                _analyPos
                0x00000000060135b0                _CDC_CdPlay
                0x0000000006013604                _CDC_CdSeek
                0x000000000601363c                _CDC_CdScan
 .text          0x0000000006013668     0x1610 ../sbl/segalib/lib/libsat.a(gfs.o)
                0x0000000006013668                _gfs_recovRdErr
                0x0000000006013690                _GFS_SetErrFunc
                0x00000000060136b4                _GFS_GetErrStat
                0x00000000060136d4                _gfs_mngSetupFuncTbl
                0x0000000006013700                _gfs_mngInitWork
                0x0000000006013780                _gfs_mngGetNumFile
                0x00000000060137d8                _GFS_mngAllocGrp
                0x0000000006013818                _gfs_mngFreeGrp
                0x000000000601381e                _gfs_mngTermAccess
                0x0000000006013888                _gfs_mngSetErrCode
                0x00000000060138b8                _GFS_SetDir
                0x000000000601391c                _GFS_NameToId
                0x000000000601396c                _GFS_IdToName
                0x00000000060139c8                _GFS_Tell
                0x0000000006013a08                _GFS_NwIsComplete
                0x0000000006013a30                _GFS_CdMovePickup
                0x0000000006013a90                _GFS_GetDirInfo
                0x0000000006013b08                _gfs_svrSearchHndl
                0x0000000006013b3c                _gfs_svrAddHndl
                0x0000000006013b70                _gfs_svrRemoveHndl
                0x0000000006013be4                _GFS_NwStop
                0x0000000006013c3c                _GFS_OpenSub
                0x0000000006013c84                _GFS_Open
                0x0000000006013d28                _GFS_GetFad
                0x0000000006013d6c                _gfs_SetSct
                0x0000000006013d98                _GFS_NwCdRead
                0x0000000006013e1c                _gfs_GetFinfo
                0x0000000006013e6a                _GFS_GetFileSize
                0x0000000006013ecc                _GFS_Seek
                0x0000000006013f80                _GFS_IsEof
                0x0000000006013fe0                _GFS_ByteToSct
                0x000000000601403c                _GFS_GetFileInfo
                0x00000000060140b0                _GFS_NwFread
                0x00000000060141c4                _GFS_NwGetStat
                0x0000000006014238                _GFS_SetGmode
                0x000000000601429c                _GFS_SetTmode
                0x0000000006014310                _GFS_SetReadPara
                0x0000000006014374                _GFS_SetTransPara
                0x00000000060143e8                _gfs_transData
                0x0000000006014478                _gfs_closeSub
                0x00000000060144a8                _GFS_Close
                0x00000000060144e0                _GFS_LoadDir
                0x000000000601457c                _gfs_getGmode
                0x0000000006014582                _gfs_isTaskDone
                0x00000000060145cc                _gfs_convFinStat
                0x0000000006014630                _gfs_flowIn
                0x00000000060146b0                _GFS_NwExecOne
                0x0000000006014740                _GFS_Fread
                0x0000000006014888                _GFS_Load
                0x0000000006014950                _gfs_loadVol
                0x0000000006014a14                _gfs_getRootDir
                0x0000000006014a9c                _gfs_loadRootDir
                0x0000000006014b24                _GFS_Init
                0x0000000006014c10                _GFS_NwExecServer
 .text          0x0000000006014c78       0x6c ../sbl/segalib/lib/libsat.a(gfs_buf.o)
                0x0000000006014c78                _GFBF_GetTranData
                0x0000000006014c8c                _GFBF_GetNumData
                0x0000000006014ca4                _GFBF_GetSrcPk
                0x0000000006014cb8                _GFBF_GetSctData
                0x0000000006014ccc                _GFBF_RtnPk
                0x0000000006014ce0                _gfbf_getSctDt
 .text          0x0000000006014ce4      0x484 ../sbl/segalib/lib/libsat.a(gfs_cdb.o)
                0x0000000006014ce4                _GFCB_Setup
                0x0000000006014da8                _GFCB_Close
                0x0000000006014dc8                _GFCB_GetLenData
                0x0000000006014e5c                _GFCB_GetLenRoom
                0x0000000006014e60                _GFCB_SetFilt
                0x0000000006014eb8                _GFCB_DeleteAllData
                0x0000000006014ed4                _GFCB_Tell
                0x0000000006014edc                _GFCB_Seek
                0x0000000006014fc0                _GFCB_GetSrcPack
                0x0000000006015088                _GFCB_GetSctData
                0x00000000060150b4                _GFCB_GetDstPack
                0x00000000060150b8                _GFCB_RtnPk
                0x00000000060150f8                _GFCB_MovePickup
                0x0000000006015108                _GFCB_SetCon
                0x0000000006015130                _GFCB_GetPickup
                0x0000000006015150                _GFCB_IsPuOwner
                0x000000000601515c                _GFCB_UngetPickup
 .text          0x0000000006015168     0x1504 ../sbl/segalib/lib/libsat.a(gfs_cdc.o)
                0x0000000006015168                _GFCD_AllocFilt
                0x0000000006015198                _GFCD_FreeFilt
                0x00000000060151c0                _GFCD_AllocBuf
                0x00000000060151ec                _GFCD_GetBaseFad
                0x0000000006015218                _GFCD_GetPickup
                0x000000000601523c                _GFCD_UngetPickup
                0x0000000006015260                _GFCD_IsPuOwner
                0x0000000006015278                _GFCD_CheckDelSctData
                0x00000000060152a0                _GFCD_CheckMove
                0x00000000060152b8                _gfcd_isIdleTask
                0x000000000601531c                _GFCD_SetTimer
                0x0000000006015328                _gfcd_checkEflag
                0x0000000006015344                _gfcd_initCdbMng
                0x00000000060153ac                _gfcd_setStat
                0x00000000060153d0                _GFCD_GetFilt
                0x0000000006015414                _GFCD_EndData
                0x0000000006015458                _GFCD_GetSctInfo
                0x000000000601549c                _GFCD_GetFileInfo
                0x0000000006015564                _GFCD_GetBufSiz
                0x0000000006015594                _gfcd_doSetFiltTsk
                0x0000000006015700                _GFCD_SetFilt
                0x0000000006015798                _gfcd_doSetConTsk
                0x0000000006015810                _GFCD_SetCon
                0x000000000601585c                _gfcd_doGetLenDataTsk
                0x000000000601595c                _GFCD_GetLenData
                0x00000000060159a0                _gfcd_doReqDataTsk
                0x0000000006015a14                _GFCD_ReqData
                0x0000000006015a5c                _gfcd_doDelSctDataTsk
                0x0000000006015b68                _GFCD_DelSctData
                0x0000000006015bb4                _gfcd_doMoveSctTsk
                0x0000000006015cd0                _GFCD_MoveSctData
                0x0000000006015d2c                _gfcd_doSetFiltConTsk
                0x0000000006015e28                _GFCD_SetFiltCon
                0x0000000006015f20                _GFCD_SetCsctFunc
                0x0000000006015f30                _GFCD_WaitScdqFlag
                0x0000000006015f74                _GFCD_GetStat
                0x0000000006015fe4                _GFCD_Init
                0x00000000060161cc                _GFCD_Play
                0x000000000601621c                _GFCD_MovePickup
                0x0000000006016264                _gfcd_doChgDirTsk
                0x0000000006016408                _GFCD_ChgDir
                0x0000000006016470                _gfcd_doTask
                0x00000000060164e0                _GFCD_ExecServer
                0x00000000060165bc                _GFCD_FreeBuf
                0x0000000006016638                _GFCD_WaitServer
 .text          0x000000000601666c      0x600 ../sbl/segalib/lib/libsat.a(gfs_cdf.o)
                0x000000000601666c                _GFCF_Init
                0x00000000060166c4                _GFCF_SetSct
                0x00000000060166f0                _GFCF_GetFileInfo
                0x000000000601674e                _GFCF_Recover
                0x0000000006016790                _GFCF_Tell
                0x000000000601679c                _GFCF_Seek
                0x00000000060167a8                _GFCF_cnvIntlvOfs
                0x00000000060167dc                _GFCF_GetStat
                0x0000000006016828                _GFCF_StopInBuf
                0x00000000060168a0                _GFCF_MovePickup
                0x0000000006016924                _gfcf_getSctSize
                0x000000000601695c                _GFCF_Setup
                0x0000000006016a14                _gfcf_isCdOk
                0x0000000006016a60                _gfcf_getPlayRange
                0x0000000006016b68                _GFCF_FlowInBuf
 .text          0x0000000006016c6c      0x7e8 ../sbl/segalib/lib/libsat.a(gfs_dir.o)
                0x0000000006016c6c                _GFDR_NameToId
                0x0000000006016cbc                _GFDR_GetInfoDirId
                0x0000000006016cc8                _GFDR_GetInfoDirName
                0x0000000006016cd4                _GFDR_GetAtrDirId
                0x0000000006016ce4                _GFDR_GetAtrDirName
                0x0000000006016cf4                _GFDR_ChgDir
                0x0000000006016d64                _GFDR_ChgRoot
                0x0000000006016d70                _gfdr_open
                0x0000000006016d90                _gfdr_read
                0x0000000006016e48                _gfdr_readByte
                0x0000000006016e70                _gfdr_readWord
                0x0000000006016e98                _gfdr_readWordNB
                0x0000000006016ee4                _gfdr_readLongNB
                0x0000000006016f2c                _gfdr_readLongNM
                0x0000000006016f4c                _gfdr_setNextRec
                0x0000000006016fc8                _gfdr_readDirEnt
                0x00000000060172b0                _gfdr_setDirrecCd
                0x00000000060172ce                _gfdr_setupDirIdTbl
                0x0000000006017344                _gfdr_setupDirNameTbl
                0x00000000060173e4                _GFDR_SetupDirTbl
 .text          0x0000000006017454      0x818 ../sbl/segalib/lib/libsat.a(gfs_trn.o)
                0x0000000006017454                _gftr_reqScu
                0x0000000006017458                _gftr_remCpu
                0x000000000601745c                _gftr_execScu
                0x00000000060174dc                _gftr_remScu
                0x00000000060174fc                _gftr_reqDma0
                0x0000000006017500                _gftr_reqDma1
                0x0000000006017504                _gftr_reqCpu
                0x0000000006017508                _GFTR_Setup
                0x000000000601752e                _GFTR_SetMode
                0x000000000601753a                _GFTR_SetUnit
                0x000000000601753e                _GFTR_SetTransPara
                0x0000000006017550                _GFTR_GetTransPara
                0x0000000006017554                _GFTR_GetNumTrans
                0x0000000006017558                _GFTR_SetTransMax
                0x000000000601755e                _GFTR_Start
                0x0000000006017564                _GFTR_Pause
                0x000000000601756a                _gfdma_canUse
                0x000000000601756e                _gfdma_exec
                0x0000000006017648                _gftr_execSdma0
                0x000000000601766c                _gftr_execSdma1
                0x0000000006017690                _gftr_reqTrn
                0x00000000060176e4                _gftr_execTrn
                0x00000000060177b0                _gftr_remTrn
                0x0000000006017810                _gftr_copyFrac
                0x0000000006017834                _gfdma_getBytecnt
                0x0000000006017864                _gftr_remDma0
                0x0000000006017870                _gftr_remDma1
                0x000000000601787c                _gftr_execCpu
                0x00000000060178c8                _GFTR_GetLenData
                0x00000000060178cc                _GFTR_GetLenRoom
                0x00000000060178da                _gftr_getSrcPack
                0x000000000601795c                _GFTR_Idle
                0x00000000060179cc                _GFTR_GetDstPack
                0x00000000060179f8                _gftr_getDstPack
                0x0000000006017a38                _gftr_execSub
                0x0000000006017b40                _GFTR_Exec
                0x0000000006017b98                _GFTR_Stop
                0x0000000006017c38                _GFTR_RtnDstPk
                0x0000000006017c46                _GFTR_GetData
                0x0000000006017c54                _GFTR_SetData
                0x0000000006017c60                _GFTR_SetTransFunc
 .text          0x0000000006017c6c       0x24 ../sbl/segalib/lib/libsat.a(mth_rand.o)
                0x0000000006017c6c                _MTH_InitialRand
                0x0000000006017c78                _MTH_GetRand
 .text          0x0000000006017c90       0x78 ../sbl/segalib/lib/libsat.a(mth_fixd.o)
                0x0000000006017c90                _MTH_Mul
                0x0000000006017ca4                _MTH_Div
                0x0000000006017cb8                _MTH_IntToFixed
                0x0000000006017cc0                _MTH_FixedToInt
                0x0000000006017cc8                _MTH_Product
 .text          0x0000000006017d08      0x5d4 ../sbl/segalib/lib/libsat.a(mth_tri.o)
                0x0000000006017d08                _MTH_Sin
                0x0000000006017d48                _MTH_Cos
                0x0000000006017d8c                _fcos
                0x0000000006017d92                _fsin
                0x0000000006017f24                _MTH_Atan
 .text          0x00000000060182dc      0xf58 ../sbl/segalib/lib/libsat.a(per_prt.o)
                0x00000000060186dc                _PER_IntFunc
                0x0000000006018f8c                _PER_Init
                0x0000000006019134                _PER_GetPer
 .text          0x0000000006019234      0xcbc ../sbl/segalib/lib/libsat.a(spr_2c.o)
                0x0000000006019234                _SPR_2SetTvMode
                0x0000000006019244                _SPR_2FrameChgIntr
                0x0000000006019258                _SPR_2FrameEraseData
                0x0000000006019298                _SPR_2SetGourTbl
                0x00000000060192c8                _SPR_2SetLookupTbl
                0x00000000060192e4                _SPR_2SetChar
                0x0000000006019410                _SPR_2ClrChar
                0x0000000006019518                _SPR_2ClrAllChar
                0x0000000006019564                _SPR_2Initial
                0x00000000060196b8                _SPR_2GourTblNoToVram
                0x00000000060196d4                _SPR_2LookupTblNoToVram
                0x00000000060196e4                _SPR_2CharNoToVram
                0x00000000060196f8                _SPR_2GetAreaSizeInfo
                0x0000000006019758                _SPR_2OpenCommand
                0x00000000060197f0                _SPR_2FlushDrawPrty
                0x0000000006019830                _SPR_2CloseCommand
                0x0000000006019950                _SPR_2LocalCoord
                0x00000000060199a8                _SPR_2SysClip
                0x00000000060199f0                _SPR_2UserClip
                0x0000000006019a40                _SPR_2Line
                0x0000000006019adc                _SPR_2PolyLine
                0x0000000006019b7c                _SPR_2Polygon
                0x0000000006019c1c                _SPR_2NormSpr
                0x0000000006019ce8                _SPR_2ScaleSpr
                0x0000000006019dd0                _SPR_2DistSpr
                0x0000000006019ea8                _SPR_2Cmd
 .text          0x0000000006019ef0      0x754 ../sbl/segalib/lib/libsat.a(scl_func.o)
                0x0000000006019ef0                _SCL_ParametersInit
                0x0000000006019fdc                _SCL_Vdp2Init
                0x000000000601a044                _SCL_Open
                0x000000000601a060                _SCL_Close
                0x000000000601a074                _SCL_MoveTo
                0x000000000601a168                _SCL_Move
                0x000000000601a294                _SCL_Scale
                0x000000000601a398                _SCL_Memcpyw
                0x000000000601a3ac                _SCL_CopyReg
                0x000000000601a48c                _SCL_SetColRamMode
                0x000000000601a4dc                _SCL_PriIntProc
                0x000000000601a5d8                _SCL_ScrollShow
 .text          0x000000000601a644      0x384 ../sbl/segalib/lib/libsat.a(scl_fu02.o)
                0x000000000601a644                _SCL_InitVramConfigTb
                0x000000000601a652                _SCL_SetVramConfig
 .text          0x000000000601a9c8      0x62c ../sbl/segalib/lib/libsat.a(scl_fu03.o)
                0x000000000601a9c8                _SCL_InitConfigTb
                0x000000000601a9e0                _SCL_SetConfig
 .text          0x000000000601aff4       0x18 ../sbl/segalib/lib/libsat.a(scl_fu04.o)
                0x000000000601aff4                _SCL_SetCycleTable
 .text          0x000000000601b00c      0xf30 ../sbl/segalib/lib/libsat.a(scl_pri.o)
                0x000000000601b00c                _SCL_PriorityInit
                0x000000000601b5b8                _SCL_GetColRamMode
                0x000000000601b5d8                _SCL_AbortAutoVe
                0x000000000601b5e4                _SCL_SetColMixRate
                0x000000000601b94c                _SCL_IncColOffset
                0x000000000601b9c0                _SCL_AutoExec
                0x000000000601bdec                _SCL_SetShadowBit
 .text          0x000000000601bf3c      0xe38 ../sbl/segalib/lib/libsat.a(scl_ro00.o)
                0x000000000601c060                _SCL_InitRotateTable
                0x000000000601c2a8                _SCL_RotateZD
                0x000000000601c3e8                _SCL_Rotate
 .text          0x000000000601cd74       0x74 ../sbl/segalib/lib/libsat.a(scl_back.o)
                0x000000000601cd74                _SCL_SetBack
 .text          0x000000000601cde8      0x264 ../sbl/segalib/lib/libsat.a(scl_vblv.o)
                0x000000000601cde8                _SCL_SetFrameInterval
                0x000000000601ce60                _SCL_DisplayFrame
                0x000000000601ce8c                _SCL_VblInit
                0x000000000601ced4                _SCL_VblankStart
                0x000000000601cfa4                _SCL_VblankEnd
 .text          0x000000000601d04c       0x54 ../sbl/segalib/lib/libsat.a(scl_pr01.o)
                0x000000000601d04c                _SCL_SetSpriteMode
 .text          0x000000000601d0a0       0x90 ../sbl/segalib/lib/libsat.a(scl_pr02.o)
                0x000000000601d0a0                _SCL_SetColRam
 .text          0x000000000601d130      0x10c ../sbl/segalib/lib/libsat.a(scl_pr03.o)
                0x000000000601d130                _SCL_FreeColRam
                0x000000000601d158                _SCL_AllocColRam
 .text          0x000000000601d23c       0xac ../sbl/segalib/lib/libsat.a(scl_pr05.o)
                0x000000000601d23c                _SCL_GetColRamOffset
 .text          0x000000000601d2e8      0x180 ../sbl/segalib/lib/libsat.a(scl_pr06.o)
                0x000000000601d2e8                _SCL_SetColRamOffset
 .text          0x000000000601d468      0x1c8 ../sbl/segalib/lib/libsat.a(scl_pr07.o)
                0x000000000601d468                _SCL_SetPriority
 .text          0x000000000601d630      0x234 ../sbl/segalib/lib/libsat.a(cdc_reg.o)
                0x000000000601d630                _CDC_GetDataPtr
                0x000000000601d63c                _CDC_GetHirqReq
                0x000000000601d648                _CDC_ClrHirqReq
                0x000000000601d668                _CDREG_ClrHirqReq
                0x000000000601d674                _CDREG_InitHirqReq
                0x000000000601d68c                _CDREG_SetHirqFlag
                0x000000000601d69c                _CDC_GetHirqMsk
                0x000000000601d6a8                _CDC_SetHirqMsk
                0x000000000601d6b4                _CDC_GetMpegPtr
                0x000000000601d6c0                _CDREG_TgetData
                0x000000000601d71c                _CDREG_WaitHirq
                0x000000000601d744                _writeCmd
                0x000000000601d764                _CDREG_ReadRsp
                0x000000000601d788                _doCmdRsp
                0x000000000601d830                _CDREG_CmdRsp
 .text          0x000000000601d864       0xf4 ../sbl/segalib/lib/libsat.a(cdc_sub.o)
                0x000000000601d864                _CDSUB_GetCdstat
                0x000000000601d898                _CDSUB_RspToCdstat
                0x000000000601d8ca                _CDSUB_CdCmd
                0x000000000601d92c                _CDSUB_UpdStatus
                0x000000000601d938                _CDSUB_UpdCdstat
                0x000000000601d954                _CDSUB_SoftTimer
 .text          0x000000000601d958       0xb4 ../sbl/segalib/lib/libsat.a(cdc_dev.o)
                0x000000000601d958                _CDC_CdSetCon
                0x000000000601d98c                _CDC_CdGetCon
                0x000000000601d9cc                _CDC_CdGetLastBuf
 .text          0x000000000601da0c      0x290 ../sbl/segalib/lib/libsat.a(cdc_sel.o)
                0x000000000601da0c                _CDC_SetFiltRange
                0x000000000601da48                _CDC_GetFiltRange
                0x000000000601dab4                _CDC_SetFiltSubh
                0x000000000601db04                _CDC_GetFiltSubh
                0x000000000601db68                _CDC_SetFiltMode
                0x000000000601db9c                _CDC_GetFiltMode
                0x000000000601dbdc                _CDC_SetFiltCon
                0x000000000601dc14                _CDC_GetFiltCon
                0x000000000601dc68                _CDC_ResetSelector
 .text          0x000000000601dc9c      0x234 ../sbl/segalib/lib/libsat.a(cdc_bif.o)
                0x000000000601dc9c                _CDC_GetBufSiz
                0x000000000601dcf4                _CDC_GetSctNum
                0x000000000601dd3c                _CDC_CalActSiz
                0x000000000601dd6c                _chkEselUpdStatus
                0x000000000601dda0                _CDC_GetActSiz
                0x000000000601dde4                _CDC_GetSctInfo
                0x000000000601de3c                _CDC_ExeFadSearch
                0x000000000601de70                _CDC_GetFadSearch
 .text          0x000000000601ded0      0x190 ../sbl/segalib/lib/libsat.a(cdc_bio.o)
                0x000000000601ded0                _CDC_SetSctLen
                0x000000000601df00                _CDC_GetSctData
                0x000000000601df30                _CDC_DelSctData
                0x000000000601df60                _CDC_GetdelSctData
                0x000000000601df90                _CDC_PutSctData
                0x000000000601dfc0                _CDC_CopySctData
                0x000000000601dff4                _CDC_MoveSctData
                0x000000000601e028                _CDC_GetCopyErr
 .text          0x000000000601e060      0x1a4 ../sbl/segalib/lib/libsat.a(cdc_cfs.o)
                0x000000000601e060                _CDC_ChgDir
                0x000000000601e098                _CDC_ReadDir
                0x000000000601e0d0                _CDC_GetFileScope
                0x000000000601e130                _CDC_TgetFileInfo
                0x000000000601e188                _CDC_ReadFile
                0x000000000601e1c8                _CDC_AbortFile
 .text          0x000000000601e204       0xb0 ../sbl/segalib/lib/libsat.a(csh_main.o)
                0x000000000601e204                _CSH_Init
                0x000000000601e250                _CSH_AllClr
                0x000000000601e290                _CSH_Purge
 .text          0x000000000601e2b4      0x13c ../sbl/segalib/lib/libsat.a(dma_cpu0.o)
                0x000000000601e2b4                _DMA_CpuSetComPrm
                0x000000000601e2ec                _DMA_CpuSetPrm
                0x000000000601e3a0                _DMA_CpuStart
                0x000000000601e3b0                _DMA_CpuStop
                0x000000000601e3c2                _DMA_CpuAllStop
                0x000000000601e3d0                _DMA_CpuGetComStatus
                0x000000000601e3e2                _DMA_CpuGetStatus
 .text          0x000000000601e3f0      0x274 ../sbl/segalib/lib/libsat.a(dma_scu0.o)
                0x000000000601e3f0                _DMA_ScuIntFunc0
                0x000000000601e450                _DMA_ScuIntFunc1
                0x000000000601e4b4                _DMA_ScuIntFunc2
                0x000000000601e518                _DMA_ScuSetPrm
                0x000000000601e580                _DMA_ScuStart
                0x000000000601e638                _DMA_ScuGetStatus
 .text          0x000000000601e664      0x240 ../sbl/segalib/lib/libsat.a(spr_1c.o)
                0x000000000601e664                _SPR_SetTvMode
                0x000000000601e6e0                _SPR_GetStatus
                0x000000000601e734                _SPR_SetEraseData
                0x000000000601e7cc                _SPR_Initial
                0x000000000601e880                _SPR_WaitDrawEnd
                0x000000000601e890                _SPR_SetEosMode
 .text          0x000000000601e8a4      0x16c ../sbl/segalib/lib/libsat.a(spr_2a.o)
                0x000000000601e8a4                _SPR_2SetDrawPrty
                0x000000000601e914                _SPR_2FlushDrawPrtyBlock
 .text          0x000000000601ea10       0x52 /opt/toolchains/sh-elf/bin/../lib/gcc/sh-elf/11.1.0/libgcc.a(_ashiftrt.o)
                0x000000000601ea10                ___ashiftrt_r4_31
                0x000000000601ea10                ___ashiftrt_r4_32
                0x000000000601ea16                ___ashiftrt_r4_30
                0x000000000601ea18                ___ashiftrt_r4_29
                0x000000000601ea1a                ___ashiftrt_r4_28
                0x000000000601ea1c                ___ashiftrt_r4_27
                0x000000000601ea1e                ___ashiftrt_r4_26
                0x000000000601ea20                ___ashiftrt_r4_25
                0x000000000601ea22                ___ashiftrt_r4_24
                0x000000000601ea2a                ___ashiftrt_r4_23
                0x000000000601ea2c                ___ashiftrt_r4_22
                0x000000000601ea2e                ___ashiftrt_r4_21
                0x000000000601ea30                ___ashiftrt_r4_20
                0x000000000601ea32                ___ashiftrt_r4_19
                0x000000000601ea34                ___ashiftrt_r4_18
                0x000000000601ea36                ___ashiftrt_r4_17
                0x000000000601ea38                ___ashiftrt_r4_16
                0x000000000601ea3e                ___ashiftrt_r4_15
                0x000000000601ea40                ___ashiftrt_r4_14
                0x000000000601ea42                ___ashiftrt_r4_13
                0x000000000601ea44                ___ashiftrt_r4_12
                0x000000000601ea46                ___ashiftrt_r4_11
                0x000000000601ea48                ___ashiftrt_r4_10
                0x000000000601ea4a                ___ashiftrt_r4_9
                0x000000000601ea4c                ___ashiftrt_r4_8
                0x000000000601ea4e                ___ashiftrt_r4_7
                0x000000000601ea50                ___ashiftrt_r4_6
                0x000000000601ea52                ___ashiftrt_r4_5
                0x000000000601ea54                ___ashiftrt_r4_4
                0x000000000601ea56                ___ashiftrt_r4_3
                0x000000000601ea58                ___ashiftrt_r4_2
                0x000000000601ea5a                ___ashiftrt_r4_1
                0x000000000601ea5e                ___ashiftrt_r4_0
 *fill*         0x000000000601ea62        0x2 
 .text          0x000000000601ea64       0xbc /opt/toolchains/sh-elf/bin/../lib/gcc/sh-elf/11.1.0/libgcc.a(_ashiftlt.o)
                0x000000000601ea64                ___ashlsi3
                0x000000000601ea68                ___ashlsi3_r0
 .text          0x000000000601eb20       0x78 /opt/toolchains/sh-elf/bin/../lib/gcc/sh-elf/11.1.0/libgcc.a(_movmem.o)
                0x000000000601eb20                ___movmem
                0x000000000601eb20                ___movstr
                0x000000000601eb54                ___movmemSI64
                0x000000000601eb54                ___movstrSI64
                0x000000000601eb58                ___movmemSI60
                0x000000000601eb58                ___movstrSI60
                0x000000000601eb5c                ___movstrSI56
                0x000000000601eb5c                ___movmemSI56
                0x000000000601eb60                ___movmemSI52
                0x000000000601eb60                ___movstrSI52
                0x000000000601eb64                ___movstrSI48
                0x000000000601eb64                ___movmemSI48
                0x000000000601eb68                ___movmemSI44
                0x000000000601eb68                ___movstrSI44
                0x000000000601eb6c                ___movstrSI40
                0x000000000601eb6c                ___movmemSI40
                0x000000000601eb70                ___movstrSI36
                0x000000000601eb70                ___movmemSI36
                0x000000000601eb74                ___movstrSI32
                0x000000000601eb74                ___movmemSI32
                0x000000000601eb78                ___movmemSI28
                0x000000000601eb78                ___movstrSI28
                0x000000000601eb7c                ___movmemSI24
                0x000000000601eb7c                ___movstrSI24
                0x000000000601eb80                ___movmemSI20
                0x000000000601eb80                ___movstrSI20
                0x000000000601eb84                ___movstrSI16
                0x000000000601eb84                ___movmemSI16
                0x000000000601eb88                ___movmemSI12
                0x000000000601eb88                ___movstrSI12
                0x000000000601eb8c                ___movstrSI8
                0x000000000601eb8c                ___movmemSI8
                0x000000000601eb90                ___movstrSI4
                0x000000000601eb90                ___movmemSI4
 .text          0x000000000601eb98       0xa0 /opt/toolchains/sh-elf/bin/../lib/gcc/sh-elf/11.1.0/libgcc.a(_sdivsi3.o)
                0x000000000601eb98                ___sdivsi3
 .text          0x000000000601ec38       0x6c /opt/toolchains/sh-elf/bin/../lib/gcc/sh-elf/11.1.0/libgcc.a(_udivsi3.o)
                0x000000000601ec5a                ___udivsi3
 .text          0x000000000601eca4      0x208 /opt/toolchains/sh-elf/bin/../lib/gcc/sh-elf/11.1.0/libgcc.a(_mul_df.o)
                0x000000000601eca4                ___muldf3
 .text          0x000000000601eeac       0xa8 /opt/toolchains/sh-elf/bin/../lib/gcc/sh-elf/11.1.0/libgcc.a(_si_to_df.o)
                0x000000000601eeac                ___floatsidf
 .text          0x000000000601ef54       0xa0 /opt/toolchains/sh-elf/bin/../lib/gcc/sh-elf/11.1.0/libgcc.a(_df_to_si.o)
                0x000000000601ef54                ___fixdfsi
 .text          0x000000000601eff4        0x0 /opt/toolchains/sh-elf/bin/../lib/gcc/sh-elf/11.1.0/libgcc.a(_thenan_df.o)
 .text          0x000000000601eff4       0xbc /opt/toolchains/sh-elf/bin/../lib/gcc/sh-elf/11.1.0/libgcc.a(_lshiftrt.o)
                0x000000000601eff4                ___lshrsi3
                0x000000000601eff8                ___lshrsi3_r0
 .text          0x000000000601f0b0       0x74 /opt/toolchains/sh-elf/bin/../lib/gcc/sh-elf/11.1.0/libgcc.a(_clzsi2.o)
                0x000000000601f0b0                ___clzsi2
 .text          0x000000000601f124      0x29c /opt/toolchains/sh-elf/bin/../lib/gcc/sh-elf/11.1.0/libgcc.a(_pack_df.o)
                0x000000000601f124                ___pack_d
 .text          0x000000000601f3c0       0xcc /opt/toolchains/sh-elf/bin/../lib/gcc/sh-elf/11.1.0/libgcc.a(_unpack_df.o)
                0x000000000601f3c0                ___unpack_d
 .text          0x000000000601f48c        0x0 /opt/toolchains/sh-elf/bin/../lib/gcc/sh-elf/11.1.0/libgcc.a(_clz.o)
 .text          0x000000000601f48c       0x64 /opt/toolchains/sh-elf/bin/../lib/gcc/sh-elf/11.1.0/../../../../sh-elf/lib/libc.a(lib_a-memcmp.o)
                0x000000000601f48c                _memcmp
 .text          0x000000000601f4f0       0x94 /opt/toolchains/sh-elf/bin/../lib/gcc/sh-elf/11.1.0/../../../../sh-elf/lib/libc.a(lib_a-memcpy.o)
                0x000000000601f4f0                _memcpy
 .text          0x000000000601f584       0xcc /opt/toolchains/sh-elf/bin/../lib/gcc/sh-elf/11.1.0/../../../../sh-elf/lib/libc.a(lib_a-memmove.o)
                0x000000000601f584                _memmove
 .text          0x000000000601f650       0x40 /opt/toolchains/sh-elf/bin/../lib/gcc/sh-elf/11.1.0/../../../../sh-elf/lib/libc.a(lib_a-memset.o)
                0x000000000601f650                _memset
 .text          0x000000000601f690       0x3c /opt/toolchains/sh-elf/bin/../lib/gcc/sh-elf/11.1.0/../../../../sh-elf/lib/libc.a(lib_a-strcpy.o)
                0x000000000601f690                _strcpy
 .text          0x000000000601f6cc       0xd0 /opt/toolchains/sh-elf/bin/../lib/gcc/sh-elf/11.1.0/../../../../sh-elf/lib/libc.a(lib_a-strncmp.o)
                0x000000000601f6cc                _strncmp
 .text          0x000000000601f79c       0xd4 /opt/toolchains/sh-elf/bin/../lib/gcc/sh-elf/11.1.0/../../../../sh-elf/lib/libc.a(lib_a-strncpy.o)
                0x000000000601f79c                _strncpy
 *(.rodata*)
 .rodata        0x000000000601f870      0x100 crc.o
 .rodata        0x000000000601f970       0x23 game.o
 *fill*         0x000000000601f993        0x1 
 .rodata        0x000000000601f994        0x9 print.o
 *fill*         0x000000000601f99d        0x3 
 .rodata        0x000000000601f9a0        0x6 main.o
 *fill*         0x000000000601f9a6        0x2 
 .rodata        0x000000000601f9a8        0xa ../sbl/segalib/lib/libsat.a(gfs.o)
 *fill*         0x000000000601f9b2        0x2 
 .rodata        0x000000000601f9b4       0x30 ../sbl/segalib/lib/libsat.a(gfs_buf.o)
 .rodata        0x000000000601f9e4       0x2d ../sbl/segalib/lib/libsat.a(gfs_cdf.o)
 *fill*         0x000000000601fa11        0x3 
 .rodata.str1.4
                0x000000000601fa14        0x7 ../sbl/segalib/lib/libsat.a(gfs_dir.o)
 *fill*         0x000000000601fa1b        0x1 
 .rodata        0x000000000601fa1c       0x30 ../sbl/segalib/lib/libsat.a(gfs_trn.o)
 .rodata        0x000000000601fa4c        0xc ../sbl/segalib/lib/libsat.a(dma_scu0.o)
 .rodata        0x000000000601fa58       0x20 ../sbl/segalib/lib/libsat.a(spr_1c.o)
 .rodata        0x000000000601fa78       0x14 /opt/toolchains/sh-elf/bin/../lib/gcc/sh-elf/11.1.0/libgcc.a(_thenan_df.o)
                0x000000000601fa78                ___thenan_df
 .rodata        0x000000000601fa8c      0x100 /opt/toolchains/sh-elf/bin/../lib/gcc/sh-elf/11.1.0/libgcc.a(_clz.o)
                0x000000000601fa8c                ___clz_tab
 *(.strings)
                0x000000000601fb90                . = ALIGN (0x10)
 *fill*         0x000000000601fb8c        0x4 
                0x000000000601fb90                _etext = ABSOLUTE (.)

.tors           0x000000000601fb90        0x0
                0x000000000601fb90                ___ctors = .
 *(.ctors)
                0x000000000601fb90                ___ctors_end = .
                0x000000000601fb90                ___dtors = .
 *(.dtors)
                0x000000000601fb90                ___dtors_end = .
                0x000000000601fb90                . = ALIGN (0x10)
                0x000000000601fb90                _etors = ABSOLUTE (.)

.data           0x000000000601fb90      0x7a0
 *(.data)
 .data          0x000000000601fb90        0x0 entry.o
 .data          0x000000000601fb90        0x0 stack.o
 .data          0x000000000601fb90        0x0 vblank.o
 .data          0x000000000601fb90        0x0 cd.o
 .data          0x000000000601fb90        0x0 crc.o
 .data          0x000000000601fb90        0x0 devcart.o
 .data          0x000000000601fb90        0x0 game.o
 .data          0x000000000601fb90      0x700 piece.o
                0x000000000601fb90                _pieces
 .data          0x0000000006020290        0x0 print.o
 .data          0x0000000006020290        0x0 rng.o
 .data          0x0000000006020290       0x50 scroll.o
                0x0000000006020290                _vram
                0x00000000060202a0                _charOffsets
                0x00000000060202b0                _cycleTbLoRes
                0x00000000060202c0                _cycleTbHiRes
                0x00000000060202d0                _cycleTbBitmap
 .data          0x00000000060202e0        0x0 sound.o
 .data          0x00000000060202e0       0x18 sprite.o
 .data          0x00000000060202f8        0x0 main.o
 .data          0x00000000060202f8        0x0 ../sbl/segalib/lib/libsat.a(cdc_cmn.o)
 .data          0x00000000060202f8        0x0 ../sbl/segalib/lib/libsat.a(cdc_drv.o)
 .data          0x00000000060202f8        0x0 ../sbl/segalib/lib/libsat.a(gfs.o)
 .data          0x00000000060202f8        0x0 ../sbl/segalib/lib/libsat.a(gfs_buf.o)
 .data          0x00000000060202f8        0x0 ../sbl/segalib/lib/libsat.a(gfs_cdb.o)
 .data          0x00000000060202f8        0x0 ../sbl/segalib/lib/libsat.a(gfs_cdc.o)
 .data          0x00000000060202f8        0x0 ../sbl/segalib/lib/libsat.a(gfs_cdf.o)
 .data          0x00000000060202f8        0x0 ../sbl/segalib/lib/libsat.a(gfs_dir.o)
 .data          0x00000000060202f8        0x0 ../sbl/segalib/lib/libsat.a(gfs_trn.o)
 .data          0x00000000060202f8        0x0 ../sbl/segalib/lib/libsat.a(mth_rand.o)
 .data          0x00000000060202f8        0x0 ../sbl/segalib/lib/libsat.a(mth_fixd.o)
 .data          0x00000000060202f8        0x0 ../sbl/segalib/lib/libsat.a(mth_tri.o)
 .data          0x00000000060202f8        0x3 ../sbl/segalib/lib/libsat.a(per_prt.o)
 .data          0x00000000060202fb        0x0 ../sbl/segalib/lib/libsat.a(spr_2c.o)
 *fill*         0x00000000060202fb        0x1 
 .data          0x00000000060202fc        0x6 ../sbl/segalib/lib/libsat.a(scl_func.o)
                0x00000000060202fc                _SclRotateTableMode
                0x00000000060202fe                _SclDisplayY
                0x0000000006020300                _SclDisplayX
 .data          0x0000000006020302        0x0 ../sbl/segalib/lib/libsat.a(scl_fu02.o)
 .data          0x0000000006020302        0x0 ../sbl/segalib/lib/libsat.a(scl_fu03.o)
 .data          0x0000000006020302        0x0 ../sbl/segalib/lib/libsat.a(scl_fu04.o)
 *fill*         0x0000000006020302        0x2 
 .data          0x0000000006020304       0x18 ../sbl/segalib/lib/libsat.a(scl_pri.o)
                0x0000000006020304                _SclRealColOffset
                0x0000000006020308                _SclRealBgColMix
                0x000000000602030c                _SclRealSpColMix
                0x0000000006020310                _SclRealBgPriNum
                0x0000000006020314                _SclRealSpPriNum
                0x0000000006020318                _SclRealOtherPri
 .data          0x000000000602031c        0x0 ../sbl/segalib/lib/libsat.a(scl_ro00.o)
 .data          0x000000000602031c        0x0 ../sbl/segalib/lib/libsat.a(scl_back.o)
 .data          0x000000000602031c        0x8 ../sbl/segalib/lib/libsat.a(scl_vblv.o)
                0x000000000602031c                _VBInterval
                0x0000000006020320                _SpFrameEraseMode
 .data          0x0000000006020324        0x0 ../sbl/segalib/lib/libsat.a(scl_pr01.o)
 .data          0x0000000006020324        0x0 ../sbl/segalib/lib/libsat.a(scl_pr02.o)
 .data          0x0000000006020324        0x0 ../sbl/segalib/lib/libsat.a(scl_pr03.o)
 .data          0x0000000006020324        0x0 ../sbl/segalib/lib/libsat.a(scl_pr05.o)
 .data          0x0000000006020324        0x0 ../sbl/segalib/lib/libsat.a(scl_pr06.o)
 .data          0x0000000006020324        0x0 ../sbl/segalib/lib/libsat.a(scl_pr07.o)
 .data          0x0000000006020324        0x0 ../sbl/segalib/lib/libsat.a(cdc_reg.o)
 .data          0x0000000006020324        0x0 ../sbl/segalib/lib/libsat.a(cdc_sub.o)
 .data          0x0000000006020324        0x0 ../sbl/segalib/lib/libsat.a(cdc_dev.o)
 .data          0x0000000006020324        0x0 ../sbl/segalib/lib/libsat.a(cdc_sel.o)
 .data          0x0000000006020324        0x0 ../sbl/segalib/lib/libsat.a(cdc_bif.o)
 .data          0x0000000006020324        0x0 ../sbl/segalib/lib/libsat.a(cdc_bio.o)
 .data          0x0000000006020324        0x0 ../sbl/segalib/lib/libsat.a(cdc_cfs.o)
 .data          0x0000000006020324        0x0 ../sbl/segalib/lib/libsat.a(csh_main.o)
 .data          0x0000000006020324        0x0 ../sbl/segalib/lib/libsat.a(dma_cpu0.o)
 .data          0x0000000006020324        0x0 ../sbl/segalib/lib/libsat.a(dma_scu0.o)
 .data          0x0000000006020324        0x0 ../sbl/segalib/lib/libsat.a(spr_1c.o)
 .data          0x0000000006020324        0x0 ../sbl/segalib/lib/libsat.a(spr_2a.o)
 .data          0x0000000006020324        0x0 /opt/toolchains/sh-elf/bin/../lib/gcc/sh-elf/11.1.0/libgcc.a(_ashiftrt.o)
 .data          0x0000000006020324        0x0 /opt/toolchains/sh-elf/bin/../lib/gcc/sh-elf/11.1.0/libgcc.a(_ashiftlt.o)
 .data          0x0000000006020324        0x0 /opt/toolchains/sh-elf/bin/../lib/gcc/sh-elf/11.1.0/libgcc.a(_movmem.o)
 .data          0x0000000006020324        0x0 /opt/toolchains/sh-elf/bin/../lib/gcc/sh-elf/11.1.0/libgcc.a(_sdivsi3.o)
 .data          0x0000000006020324        0x0 /opt/toolchains/sh-elf/bin/../lib/gcc/sh-elf/11.1.0/libgcc.a(_udivsi3.o)
 .data          0x0000000006020324        0x0 /opt/toolchains/sh-elf/bin/../lib/gcc/sh-elf/11.1.0/libgcc.a(_mul_df.o)
 .data          0x0000000006020324        0x0 /opt/toolchains/sh-elf/bin/../lib/gcc/sh-elf/11.1.0/libgcc.a(_si_to_df.o)
 .data          0x0000000006020324        0x0 /opt/toolchains/sh-elf/bin/../lib/gcc/sh-elf/11.1.0/libgcc.a(_df_to_si.o)
 .data          0x0000000006020324        0x0 /opt/toolchains/sh-elf/bin/../lib/gcc/sh-elf/11.1.0/libgcc.a(_thenan_df.o)
 .data          0x0000000006020324        0x0 /opt/toolchains/sh-elf/bin/../lib/gcc/sh-elf/11.1.0/libgcc.a(_lshiftrt.o)
 .data          0x0000000006020324        0x0 /opt/toolchains/sh-elf/bin/../lib/gcc/sh-elf/11.1.0/libgcc.a(_clzsi2.o)
 .data          0x0000000006020324        0x0 /opt/toolchains/sh-elf/bin/../lib/gcc/sh-elf/11.1.0/libgcc.a(_pack_df.o)
 .data          0x0000000006020324        0x0 /opt/toolchains/sh-elf/bin/../lib/gcc/sh-elf/11.1.0/libgcc.a(_unpack_df.o)
 .data          0x0000000006020324        0x0 /opt/toolchains/sh-elf/bin/../lib/gcc/sh-elf/11.1.0/libgcc.a(_clz.o)
 .data          0x0000000006020324        0x0 /opt/toolchains/sh-elf/bin/../lib/gcc/sh-elf/11.1.0/../../../../sh-elf/lib/libc.a(lib_a-memcmp.o)
 .data          0x0000000006020324        0x0 /opt/toolchains/sh-elf/bin/../lib/gcc/sh-elf/11.1.0/../../../../sh-elf/lib/libc.a(lib_a-memcpy.o)
 .data          0x0000000006020324        0x0 /opt/toolchains/sh-elf/bin/../lib/gcc/sh-elf/11.1.0/../../../../sh-elf/lib/libc.a(lib_a-memmove.o)
 .data          0x0000000006020324        0x0 /opt/toolchains/sh-elf/bin/../lib/gcc/sh-elf/11.1.0/../../../../sh-elf/lib/libc.a(lib_a-memset.o)
 .data          0x0000000006020324        0x0 /opt/toolchains/sh-elf/bin/../lib/gcc/sh-elf/11.1.0/../../../../sh-elf/lib/libc.a(lib_a-strcpy.o)
 .data          0x0000000006020324        0x0 /opt/toolchains/sh-elf/bin/../lib/gcc/sh-elf/11.1.0/../../../../sh-elf/lib/libc.a(lib_a-strncmp.o)
 .data          0x0000000006020324        0x0 /opt/toolchains/sh-elf/bin/../lib/gcc/sh-elf/11.1.0/../../../../sh-elf/lib/libc.a(lib_a-strncpy.o)
                0x0000000006020330                . = ALIGN (0x10)
 *fill*         0x0000000006020324        0xc 
                0x0000000006020330                _edata = ABSOLUTE (.)

.bss            0x0000000006020330    0x16d90
                0x0000000006020330                _bss_start = .
 *(.bss)
 .bss           0x0000000006020330        0x0 entry.o
 .bss           0x0000000006020330        0x0 stack.o
 .bss           0x0000000006020330       0x34 vblank.o
                0x0000000006020330                _PadData1
                0x0000000006020332                _PadData1L
                0x0000000006020334                _PadData1E
                0x0000000006020336                _PadData2
                0x0000000006020338                _PadData2L
                0x000000000602033a                _PadData2E
                0x000000000602033c                _PadWorkArea
                0x0000000006020358                _perFlag
                0x000000000602035c                _VblankFlg
                0x0000000006020360                _vblank_frames
 .bss           0x0000000006020364     0x1674 cd.o
 .bss           0x00000000060219d8        0x0 crc.o
 .bss           0x00000000060219d8        0x0 devcart.o
 .bss           0x00000000060219d8      0x368 game.o
                0x00000000060219d8                _boardVram
 .bss           0x0000000006021d40        0x0 piece.o
 .bss           0x0000000006021d40     0x14a0 print.o
                0x0000000006021d40                _text
 .bss           0x00000000060231e0        0x8 rng.o
 .bss           0x00000000060231e8      0x130 scroll.o
                0x00000000060231e8                _scfg
 .bss           0x0000000006023318        0x0 sound.o
 .bss           0x0000000006023318    0x125fc sprite.o
                0x0000000006023318                _numSprites
                0x000000000602331c                _tileCount
                0x0000000006023320                _palCnt
                0x0000000006023324                _sprites
 .bss           0x0000000006035914        0x4 main.o
                0x0000000006035914                _frame
 .bss           0x0000000006035918        0x0 ../sbl/segalib/lib/libsat.a(cdc_cmn.o)
 .bss           0x0000000006035918        0x0 ../sbl/segalib/lib/libsat.a(cdc_drv.o)
 .bss           0x0000000006035918        0xc ../sbl/segalib/lib/libsat.a(gfs.o)
                0x0000000006035918                _GFMC_base
                0x000000000603591c                _gfs_mng_ptr
                0x0000000006035920                _bobtest
 .bss           0x0000000006035924        0x0 ../sbl/segalib/lib/libsat.a(gfs_buf.o)
 .bss           0x0000000006035924        0x0 ../sbl/segalib/lib/libsat.a(gfs_cdb.o)
 .bss           0x0000000006035924        0x4 ../sbl/segalib/lib/libsat.a(gfs_cdc.o)
                0x0000000006035924                _gfcd_work
 .bss           0x0000000006035928        0x0 ../sbl/segalib/lib/libsat.a(gfs_cdf.o)
 .bss           0x0000000006035928        0x0 ../sbl/segalib/lib/libsat.a(gfs_dir.o)
 .bss           0x0000000006035928        0xc ../sbl/segalib/lib/libsat.a(gfs_trn.o)
 .bss           0x0000000006035934        0x4 ../sbl/segalib/lib/libsat.a(mth_rand.o)
 .bss           0x0000000006035938        0x0 ../sbl/segalib/lib/libsat.a(mth_fixd.o)
 .bss           0x0000000006035938        0x0 ../sbl/segalib/lib/libsat.a(mth_tri.o)
 .bss           0x0000000006035938       0x7f ../sbl/segalib/lib/libsat.a(per_prt.o)
                0x0000000006035938                _per_set_sys_flg
                0x000000000603593c                _per_get_sys_data
                0x0000000006035948                _per_get_time_adr
                0x000000000603594c                _per_hot_res
                0x000000000603594d                _per_time_out_flg
 *fill*         0x00000000060359b7        0x1 
 .bss           0x00000000060359b8       0x94 ../sbl/segalib/lib/libsat.a(spr_2c.o)
                0x00000000060359b8                _SpCmdTblR
                0x00000000060359bc                _SpCmdTbl
                0x00000000060359c0                _SpCrCmdChain
                0x00000000060359c4                _SpDrawPrtyBlk
                0x00000000060359c8                _SpCmdChain
                0x00000000060359cc                _SpCmdChainBlkNo
                0x00000000060359d0                _SpDrawPrtyProcFlag
                0x00000000060359d4                _SpDrawPrtyTopCmdNo
                0x00000000060359d8                _SpCmdNo
                0x00000000060359dc                _SpDrawPrtyBlkMax
                0x00000000060359e0                _SpCharMax
                0x00000000060359e4                _SpCharTbl
                0x00000000060359e8                _SpLCoordY
                0x00000000060359ec                _SpLCoordX
                0x00000000060359f0                _Sp2OpenFlag
 .bss           0x0000000006035a4c      0xf1c ../sbl/segalib/lib/libsat.a(scl_func.o)
                0x0000000006035a4c                _SclRPMD
                0x0000000006035a50                _SclRotateMoveZ
                0x0000000006035a58                _SclRotateDisp
                0x0000000006035a60                _SclRotateZ
                0x0000000006035a68                _SclRotateXy
                0x0000000006035a70                _SclRotateTableAddress
                0x0000000006035a74                _SclRb
                0x0000000006035a75                _SclRa
                0x0000000006035a76                _SclRotXySw
                0x0000000006035a7c                _SclRbgKtbOffset
                0x0000000006035a84                _SclRbgKtbAddr
                0x0000000006035a8c                _SclK_TableFlag
                0x0000000006035a90                _SclK_TableNum
                0x0000000006035a98                _SclK_TableBuff
                0x0000000006036768                _SclRotregBuff
                0x0000000006036868                _Scl_w_reg
                0x0000000006036888                _Scl_r_reg
                0x0000000006036898                _Scl_n_reg
                0x00000000060368d8                _Scl_d_reg
                0x0000000006036920                _Scl_s_reg
                0x0000000006036948                _SclProcess
                0x000000000603694c                _SclCurSclNum
                0x0000000006036950                _SclLengthCsTbl
                0x0000000006036952                _SclLengthLsTbl
                0x0000000006036954                _SclAddrCsTbl
                0x000000000603695c                _SclAddrLsTbl
 .bss           0x0000000006036968        0x0 ../sbl/segalib/lib/libsat.a(scl_fu02.o)
 .bss           0x0000000006036968        0x0 ../sbl/segalib/lib/libsat.a(scl_fu03.o)
 .bss           0x0000000006036968        0x0 ../sbl/segalib/lib/libsat.a(scl_fu04.o)
 .bss           0x0000000006036968      0x696 ../sbl/segalib/lib/libsat.a(scl_pri.o)
                0x0000000006036968                _SclAutoRGB
                0x0000000006036f68                _SclAutoPlusFlag
                0x0000000006036f69                _SclAutoVeFlag
                0x0000000006036f6a                _SclAutoEndRate
                0x0000000006036f6b                _SclAutoCurRate
                0x0000000006036f6c                _SclAutoEndBlue2
                0x0000000006036f6e                _SclAutoEndGreen2
                0x0000000006036f70                _SclAutoEndRed2
                0x0000000006036f72                _SclAutoEndBlue
                0x0000000006036f74                _SclAutoEndGreen
                0x0000000006036f76                _SclAutoEndRed
                0x0000000006036f78                _SclAutoBlue
                0x0000000006036f7a                _SclAutoGreen
                0x0000000006036f7c                _SclAutoRed
                0x0000000006036f80                _SclAutoMax
                0x0000000006036f84                _SclAutoIndex
                0x0000000006036f88                _SclAutoCount
                0x0000000006036f8c                _SclAutoInterval
                0x0000000006036f90                _SclAutoSurface
                0x0000000006036f94                _SclColRamAlloc2048
                0x0000000006036f98                _SclColRamAlloc256
                0x0000000006036fb8                _SclLineColRamOffset
                0x0000000006036fbc                _SclPriBuffDirty
                0x0000000006036fc0                _SclColOffset
                0x0000000006036fd0                _SclBgColMix
                0x0000000006036fd8                _SclSpColMix
                0x0000000006036fe0                _SclBgPriNum
                0x0000000006036fe6                _SclSpPriNum
                0x0000000006036fee                _SclOtherPri
 *fill*         0x0000000006036ffe        0x2 
 .bss           0x0000000006037000       0x58 ../sbl/segalib/lib/libsat.a(scl_ro00.o)
                0x0000000006037000                _SclCsy
                0x0000000006037008                _SclCsx
 .bss           0x0000000006037058        0x0 ../sbl/segalib/lib/libsat.a(scl_back.o)
 .bss           0x0000000006037058       0x16 ../sbl/segalib/lib/libsat.a(scl_vblv.o)
                0x0000000006037058                _frameChgFlag
                0x000000000603705c                _VBIntrDisableDepth
                0x0000000006037060                _ReqDisplayFlag2
                0x0000000006037064                _ReqDisplayFlag1
                0x0000000006037068                _VBIntervalCounter
                0x000000000603706c                _SpFrameChgMode
 .bss           0x000000000603706e        0x0 ../sbl/segalib/lib/libsat.a(scl_pr01.o)
 .bss           0x000000000603706e        0x0 ../sbl/segalib/lib/libsat.a(scl_pr02.o)
 .bss           0x000000000603706e        0x0 ../sbl/segalib/lib/libsat.a(scl_pr03.o)
 .bss           0x000000000603706e        0x0 ../sbl/segalib/lib/libsat.a(scl_pr05.o)
 .bss           0x000000000603706e        0x0 ../sbl/segalib/lib/libsat.a(scl_pr06.o)
 .bss           0x000000000603706e        0x0 ../sbl/segalib/lib/libsat.a(scl_pr07.o)
 .bss           0x000000000603706e        0x2 ../sbl/segalib/lib/libsat.a(cdc_reg.o)
                0x000000000603706e                _hirq_flag
 .bss           0x0000000006037070        0xc ../sbl/segalib/lib/libsat.a(cdc_sub.o)
                0x0000000006037070                _cd_stat
 .bss           0x000000000603707c        0x0 ../sbl/segalib/lib/libsat.a(cdc_dev.o)
 .bss           0x000000000603707c        0x0 ../sbl/segalib/lib/libsat.a(cdc_sel.o)
 .bss           0x000000000603707c        0x0 ../sbl/segalib/lib/libsat.a(cdc_bif.o)
 .bss           0x000000000603707c        0x0 ../sbl/segalib/lib/libsat.a(cdc_bio.o)
 .bss           0x000000000603707c        0x0 ../sbl/segalib/lib/libsat.a(cdc_cfs.o)
 .bss           0x000000000603707c        0x0 ../sbl/segalib/lib/libsat.a(csh_main.o)
 .bss           0x000000000603707c        0x0 ../sbl/segalib/lib/libsat.a(dma_cpu0.o)
 .bss           0x000000000603707c       0x1c ../sbl/segalib/lib/libsat.a(dma_scu0.o)
 .bss           0x0000000006037098       0x20 ../sbl/segalib/lib/libsat.a(spr_1c.o)
                0x0000000006037098                _SpDil
                0x000000000603709a                _SpDie
                0x000000000603709c                _SpFbcrMode
                0x000000000603709e                _SpTvMode
                0x00000000060370a0                _SpScreenY
                0x00000000060370a4                _SpScreenX
                0x00000000060370a8                _SpInitialFlag
 .bss           0x00000000060370b8        0x0 ../sbl/segalib/lib/libsat.a(spr_2a.o)
 .bss           0x00000000060370b8        0x0 /opt/toolchains/sh-elf/bin/../lib/gcc/sh-elf/11.1.0/libgcc.a(_ashiftrt.o)
 .bss           0x00000000060370b8        0x0 /opt/toolchains/sh-elf/bin/../lib/gcc/sh-elf/11.1.0/libgcc.a(_ashiftlt.o)
 .bss           0x00000000060370b8        0x0 /opt/toolchains/sh-elf/bin/../lib/gcc/sh-elf/11.1.0/libgcc.a(_movmem.o)
 .bss           0x00000000060370b8        0x0 /opt/toolchains/sh-elf/bin/../lib/gcc/sh-elf/11.1.0/libgcc.a(_sdivsi3.o)
 .bss           0x00000000060370b8        0x0 /opt/toolchains/sh-elf/bin/../lib/gcc/sh-elf/11.1.0/libgcc.a(_udivsi3.o)
 .bss           0x00000000060370b8        0x0 /opt/toolchains/sh-elf/bin/../lib/gcc/sh-elf/11.1.0/libgcc.a(_mul_df.o)
 .bss           0x00000000060370b8        0x0 /opt/toolchains/sh-elf/bin/../lib/gcc/sh-elf/11.1.0/libgcc.a(_si_to_df.o)
 .bss           0x00000000060370b8        0x0 /opt/toolchains/sh-elf/bin/../lib/gcc/sh-elf/11.1.0/libgcc.a(_df_to_si.o)
 .bss           0x00000000060370b8        0x0 /opt/toolchains/sh-elf/bin/../lib/gcc/sh-elf/11.1.0/libgcc.a(_thenan_df.o)
 .bss           0x00000000060370b8        0x0 /opt/toolchains/sh-elf/bin/../lib/gcc/sh-elf/11.1.0/libgcc.a(_lshiftrt.o)
 .bss           0x00000000060370b8        0x0 /opt/toolchains/sh-elf/bin/../lib/gcc/sh-elf/11.1.0/libgcc.a(_clzsi2.o)
 .bss           0x00000000060370b8        0x0 /opt/toolchains/sh-elf/bin/../lib/gcc/sh-elf/11.1.0/libgcc.a(_pack_df.o)
 .bss           0x00000000060370b8        0x0 /opt/toolchains/sh-elf/bin/../lib/gcc/sh-elf/11.1.0/libgcc.a(_unpack_df.o)
 .bss           0x00000000060370b8        0x0 /opt/toolchains/sh-elf/bin/../lib/gcc/sh-elf/11.1.0/libgcc.a(_clz.o)
 .bss           0x00000000060370b8        0x0 /opt/toolchains/sh-elf/bin/../lib/gcc/sh-elf/11.1.0/../../../../sh-elf/lib/libc.a(lib_a-memcmp.o)
 .bss           0x00000000060370b8        0x0 /opt/toolchains/sh-elf/bin/../lib/gcc/sh-elf/11.1.0/../../../../sh-elf/lib/libc.a(lib_a-memcpy.o)
 .bss           0x00000000060370b8        0x0 /opt/toolchains/sh-elf/bin/../lib/gcc/sh-elf/11.1.0/../../../../sh-elf/lib/libc.a(lib_a-memmove.o)
 .bss           0x00000000060370b8        0x0 /opt/toolchains/sh-elf/bin/../lib/gcc/sh-elf/11.1.0/../../../../sh-elf/lib/libc.a(lib_a-memset.o)
 .bss           0x00000000060370b8        0x0 /opt/toolchains/sh-elf/bin/../lib/gcc/sh-elf/11.1.0/../../../../sh-elf/lib/libc.a(lib_a-strcpy.o)
 .bss           0x00000000060370b8        0x0 /opt/toolchains/sh-elf/bin/../lib/gcc/sh-elf/11.1.0/../../../../sh-elf/lib/libc.a(lib_a-strncmp.o)
 .bss           0x00000000060370b8        0x0 /opt/toolchains/sh-elf/bin/../lib/gcc/sh-elf/11.1.0/../../../../sh-elf/lib/libc.a(lib_a-strncpy.o)
 *(COMMON)
                0x00000000060370b8                _bss_end = .
                0x00000000060370c0                . = ALIGN (0x10)
 *fill*         0x00000000060370b8        0x8 
                0x00000000060370c0                _end = ABSOLUTE (.)

.stack          0x00000000060370c0     0x2000
 *(.stack)
 .stack         0x00000000060370c0     0x2000 stack.o
                0x00000000060370c0                _PROG_STK
                0x00000000060390c0                _stack = .

.lwram          0x0000000000200000        0x0
                0x0000000000200000                . = ALIGN (0x10)
 *(.lwram)
                0x0000000000200000                . = ALIGN (0x10)

.vdp2_vram      0x0000000005e00000        0x0
                0x0000000005e00000                . = ALIGN (0x10)
 *(.vdp2_vram)
                0x0000000005e00000                . = ALIGN (0x10)
OUTPUT(main.elf elf32-sh)

.debug_info     0x0000000000000000     0x5108
 .debug_info    0x0000000000000000      0x2f8 vblank.o
 .debug_info    0x00000000000002f8      0x8bc cd.o
 .debug_info    0x0000000000000bb4      0x127 crc.o
 .debug_info    0x0000000000000cdb      0x3e9 devcart.o
 .debug_info    0x00000000000010c4      0x689 game.o
 .debug_info    0x000000000000174d       0x69 piece.o
 .debug_info    0x00000000000017b6      0x38e print.o
 .debug_info    0x0000000000001b44      0x230 rng.o
 .debug_info    0x0000000000001d74      0xa4c scroll.o
 .debug_info    0x00000000000027c0      0x27c sound.o
 .debug_info    0x0000000000002a3c      0xd37 sprite.o
 .debug_info    0x0000000000003773      0x367 main.o
 .debug_info    0x0000000000003ada      0x4d2 /opt/toolchains/sh-elf/bin/../lib/gcc/sh-elf/11.1.0/libgcc.a(_mul_df.o)
 .debug_info    0x0000000000003fac      0x259 /opt/toolchains/sh-elf/bin/../lib/gcc/sh-elf/11.1.0/libgcc.a(_si_to_df.o)
 .debug_info    0x0000000000004205      0x2a5 /opt/toolchains/sh-elf/bin/../lib/gcc/sh-elf/11.1.0/libgcc.a(_df_to_si.o)
 .debug_info    0x00000000000044aa      0x15b /opt/toolchains/sh-elf/bin/../lib/gcc/sh-elf/11.1.0/libgcc.a(_thenan_df.o)
 .debug_info    0x0000000000004605      0x130 /opt/toolchains/sh-elf/bin/../lib/gcc/sh-elf/11.1.0/libgcc.a(_clzsi2.o)
 .debug_info    0x0000000000004735      0x298 /opt/toolchains/sh-elf/bin/../lib/gcc/sh-elf/11.1.0/libgcc.a(_pack_df.o)
 .debug_info    0x00000000000049cd      0x20c /opt/toolchains/sh-elf/bin/../lib/gcc/sh-elf/11.1.0/libgcc.a(_unpack_df.o)
 .debug_info    0x0000000000004bd9       0xca /opt/toolchains/sh-elf/bin/../lib/gcc/sh-elf/11.1.0/libgcc.a(_clz.o)
 .debug_info    0x0000000000004ca3      0x10f /opt/toolchains/sh-elf/bin/../lib/gcc/sh-elf/11.1.0/../../../../sh-elf/lib/libc.a(lib_a-memcmp.o)
 .debug_info    0x0000000000004db2      0x130 /opt/toolchains/sh-elf/bin/../lib/gcc/sh-elf/11.1.0/../../../../sh-elf/lib/libc.a(lib_a-memmove.o)
 .debug_info    0x0000000000004ee2       0xf4 /opt/toolchains/sh-elf/bin/../lib/gcc/sh-elf/11.1.0/../../../../sh-elf/lib/libc.a(lib_a-strncmp.o)
 .debug_info    0x0000000000004fd6      0x132 /opt/toolchains/sh-elf/bin/../lib/gcc/sh-elf/11.1.0/../../../../sh-elf/lib/libc.a(lib_a-strncpy.o)

.debug_abbrev   0x0000000000000000     0x2183
 .debug_abbrev  0x0000000000000000      0x182 vblank.o
 .debug_abbrev  0x0000000000000182      0x234 cd.o
 .debug_abbrev  0x00000000000003b6       0xae crc.o
 .debug_abbrev  0x0000000000000464      0x19d devcart.o
 .debug_abbrev  0x0000000000000601      0x23e game.o
 .debug_abbrev  0x000000000000083f       0x5a piece.o
 .debug_abbrev  0x0000000000000899      0x181 print.o
 .debug_abbrev  0x0000000000000a1a      0x163 rng.o
 .debug_abbrev  0x0000000000000b7d      0x281 scroll.o
 .debug_abbrev  0x0000000000000dfe      0x17f sound.o
 .debug_abbrev  0x0000000000000f7d      0x307 sprite.o
 .debug_abbrev  0x0000000000001284      0x1a5 main.o
 .debug_abbrev  0x0000000000001429      0x278 /opt/toolchains/sh-elf/bin/../lib/gcc/sh-elf/11.1.0/libgcc.a(_mul_df.o)
 .debug_abbrev  0x00000000000016a1      0x1b2 /opt/toolchains/sh-elf/bin/../lib/gcc/sh-elf/11.1.0/libgcc.a(_si_to_df.o)
 .debug_abbrev  0x0000000000001853      0x1b2 /opt/toolchains/sh-elf/bin/../lib/gcc/sh-elf/11.1.0/libgcc.a(_df_to_si.o)
 .debug_abbrev  0x0000000000001a05       0xcf /opt/toolchains/sh-elf/bin/../lib/gcc/sh-elf/11.1.0/libgcc.a(_thenan_df.o)
 .debug_abbrev  0x0000000000001ad4       0xca /opt/toolchains/sh-elf/bin/../lib/gcc/sh-elf/11.1.0/libgcc.a(_clzsi2.o)
 .debug_abbrev  0x0000000000001b9e      0x1ae /opt/toolchains/sh-elf/bin/../lib/gcc/sh-elf/11.1.0/libgcc.a(_pack_df.o)
 .debug_abbrev  0x0000000000001d4c      0x142 /opt/toolchains/sh-elf/bin/../lib/gcc/sh-elf/11.1.0/libgcc.a(_unpack_df.o)
 .debug_abbrev  0x0000000000001e8e       0x70 /opt/toolchains/sh-elf/bin/../lib/gcc/sh-elf/11.1.0/libgcc.a(_clz.o)
 .debug_abbrev  0x0000000000001efe       0x8a /opt/toolchains/sh-elf/bin/../lib/gcc/sh-elf/11.1.0/../../../../sh-elf/lib/libc.a(lib_a-memcmp.o)
 .debug_abbrev  0x0000000000001f88       0xba /opt/toolchains/sh-elf/bin/../lib/gcc/sh-elf/11.1.0/../../../../sh-elf/lib/libc.a(lib_a-memmove.o)
 .debug_abbrev  0x0000000000002042       0x8c /opt/toolchains/sh-elf/bin/../lib/gcc/sh-elf/11.1.0/../../../../sh-elf/lib/libc.a(lib_a-strncmp.o)
 .debug_abbrev  0x00000000000020ce       0xb5 /opt/toolchains/sh-elf/bin/../lib/gcc/sh-elf/11.1.0/../../../../sh-elf/lib/libc.a(lib_a-strncpy.o)

.debug_aranges  0x0000000000000000      0x2e8
 .debug_aranges
                0x0000000000000000       0x20 vblank.o
 .debug_aranges
                0x0000000000000020       0x20 cd.o
 .debug_aranges
                0x0000000000000040       0x20 crc.o
 .debug_aranges
                0x0000000000000060       0x20 devcart.o
 .debug_aranges
                0x0000000000000080       0x20 game.o
 .debug_aranges
                0x00000000000000a0       0x18 piece.o
 .debug_aranges
                0x00000000000000b8       0x20 print.o
 .debug_aranges
                0x00000000000000d8       0x20 rng.o
 .debug_aranges
                0x00000000000000f8       0x20 scroll.o
 .debug_aranges
                0x0000000000000118       0x20 sound.o
 .debug_aranges
                0x0000000000000138       0x20 sprite.o
 .debug_aranges
                0x0000000000000158       0x20 main.o
 .debug_aranges
                0x0000000000000178       0x20 /opt/toolchains/sh-elf/bin/../lib/gcc/sh-elf/11.1.0/libgcc.a(_mul_df.o)
 .debug_aranges
                0x0000000000000198       0x20 /opt/toolchains/sh-elf/bin/../lib/gcc/sh-elf/11.1.0/libgcc.a(_si_to_df.o)
 .debug_aranges
                0x00000000000001b8       0x20 /opt/toolchains/sh-elf/bin/../lib/gcc/sh-elf/11.1.0/libgcc.a(_df_to_si.o)
 .debug_aranges
                0x00000000000001d8       0x18 /opt/toolchains/sh-elf/bin/../lib/gcc/sh-elf/11.1.0/libgcc.a(_thenan_df.o)
 .debug_aranges
                0x00000000000001f0       0x20 /opt/toolchains/sh-elf/bin/../lib/gcc/sh-elf/11.1.0/libgcc.a(_clzsi2.o)
 .debug_aranges
                0x0000000000000210       0x20 /opt/toolchains/sh-elf/bin/../lib/gcc/sh-elf/11.1.0/libgcc.a(_pack_df.o)
 .debug_aranges
                0x0000000000000230       0x20 /opt/toolchains/sh-elf/bin/../lib/gcc/sh-elf/11.1.0/libgcc.a(_unpack_df.o)
 .debug_aranges
                0x0000000000000250       0x18 /opt/toolchains/sh-elf/bin/../lib/gcc/sh-elf/11.1.0/libgcc.a(_clz.o)
 .debug_aranges
                0x0000000000000268       0x20 /opt/toolchains/sh-elf/bin/../lib/gcc/sh-elf/11.1.0/../../../../sh-elf/lib/libc.a(lib_a-memcmp.o)
 .debug_aranges
                0x0000000000000288       0x20 /opt/toolchains/sh-elf/bin/../lib/gcc/sh-elf/11.1.0/../../../../sh-elf/lib/libc.a(lib_a-memmove.o)
 .debug_aranges
                0x00000000000002a8       0x20 /opt/toolchains/sh-elf/bin/../lib/gcc/sh-elf/11.1.0/../../../../sh-elf/lib/libc.a(lib_a-strncmp.o)
 .debug_aranges
                0x00000000000002c8       0x20 /opt/toolchains/sh-elf/bin/../lib/gcc/sh-elf/11.1.0/../../../../sh-elf/lib/libc.a(lib_a-strncpy.o)

.debug_line     0x0000000000000000     0x2857
 .debug_line    0x0000000000000000       0xe4 vblank.o
 .debug_line    0x00000000000000e4       0xd9 cd.o
 .debug_line    0x00000000000001bd       0xa3 crc.o
 .debug_line    0x0000000000000260      0x215 devcart.o
 .debug_line    0x0000000000000475      0x352 game.o
 .debug_line    0x00000000000007c7       0x33 piece.o
 .debug_line    0x00000000000007fa      0x177 print.o
 .debug_line    0x0000000000000971      0x152 rng.o
 .debug_line    0x0000000000000ac3      0x3bb scroll.o
 .debug_line    0x0000000000000e7e      0x185 sound.o
 .debug_line    0x0000000000001003      0x579 sprite.o
 .debug_line    0x000000000000157c      0x10a main.o
 .debug_line    0x0000000000001686      0x2d6 /opt/toolchains/sh-elf/bin/../lib/gcc/sh-elf/11.1.0/libgcc.a(_mul_df.o)
 .debug_line    0x000000000000195c      0x13d /opt/toolchains/sh-elf/bin/../lib/gcc/sh-elf/11.1.0/libgcc.a(_si_to_df.o)
 .debug_line    0x0000000000001a99       0xf6 /opt/toolchains/sh-elf/bin/../lib/gcc/sh-elf/11.1.0/libgcc.a(_df_to_si.o)
 .debug_line    0x0000000000001b8f       0x50 /opt/toolchains/sh-elf/bin/../lib/gcc/sh-elf/11.1.0/libgcc.a(_thenan_df.o)
 .debug_line    0x0000000000001bdf       0xad /opt/toolchains/sh-elf/bin/../lib/gcc/sh-elf/11.1.0/libgcc.a(_clzsi2.o)
 .debug_line    0x0000000000001c8c      0x30c /opt/toolchains/sh-elf/bin/../lib/gcc/sh-elf/11.1.0/libgcc.a(_pack_df.o)
 .debug_line    0x0000000000001f98      0x146 /opt/toolchains/sh-elf/bin/../lib/gcc/sh-elf/11.1.0/libgcc.a(_unpack_df.o)
 .debug_line    0x00000000000020de       0x52 /opt/toolchains/sh-elf/bin/../lib/gcc/sh-elf/11.1.0/libgcc.a(_clz.o)
 .debug_line    0x0000000000002130      0x167 /opt/toolchains/sh-elf/bin/../lib/gcc/sh-elf/11.1.0/../../../../sh-elf/lib/libc.a(lib_a-memcmp.o)
 .debug_line    0x0000000000002297      0x1ec /opt/toolchains/sh-elf/bin/../lib/gcc/sh-elf/11.1.0/../../../../sh-elf/lib/libc.a(lib_a-memmove.o)
 .debug_line    0x0000000000002483      0x200 /opt/toolchains/sh-elf/bin/../lib/gcc/sh-elf/11.1.0/../../../../sh-elf/lib/libc.a(lib_a-strncmp.o)
 .debug_line    0x0000000000002683      0x1d4 /opt/toolchains/sh-elf/bin/../lib/gcc/sh-elf/11.1.0/../../../../sh-elf/lib/libc.a(lib_a-strncpy.o)

.debug_str      0x0000000000000000     0x15ac
 .debug_str     0x0000000000000000      0x1a6 vblank.o
                                        0x1e7 (size before relaxing)
 .debug_str     0x00000000000001a6      0x278 cd.o
                                        0x36a (size before relaxing)
 .debug_str     0x000000000000041e       0x72 crc.o
                                        0x121 (size before relaxing)
 .debug_str     0x0000000000000490      0x118 devcart.o
                                        0x246 (size before relaxing)
 .debug_str     0x00000000000005a8      0x196 game.o
                                        0x292 (size before relaxing)
 .debug_str     0x000000000000073e        0x8 piece.o
                                         0x62 (size before relaxing)
 .debug_str     0x0000000000000746       0x56 print.o
                                        0x1dc (size before relaxing)
 .debug_str     0x000000000000079c       0xb4 rng.o
                                        0x184 (size before relaxing)
 .debug_str     0x0000000000000850      0x3af scroll.o
                                        0x4f4 (size before relaxing)
 .debug_str     0x0000000000000bff       0xf0 sound.o
                                        0x1ec (size before relaxing)
 .debug_str     0x0000000000000cef      0x350 sprite.o
                                        0x56d (size before relaxing)
 .debug_str     0x000000000000103f      0x124 main.o
                                        0x2ed (size before relaxing)
 .debug_str     0x0000000000001163      0x212 /opt/toolchains/sh-elf/bin/../lib/gcc/sh-elf/11.1.0/libgcc.a(_mul_df.o)
                                        0x28a (size before relaxing)
 .debug_str     0x0000000000001375       0x27 /opt/toolchains/sh-elf/bin/../lib/gcc/sh-elf/11.1.0/libgcc.a(_si_to_df.o)
                                        0x216 (size before relaxing)
 .debug_str     0x000000000000139c        0xa /opt/toolchains/sh-elf/bin/../lib/gcc/sh-elf/11.1.0/libgcc.a(_df_to_si.o)
                                        0x233 (size before relaxing)
 .debug_str     0x00000000000013a6      0x1d5 /opt/toolchains/sh-elf/bin/../lib/gcc/sh-elf/11.1.0/libgcc.a(_thenan_df.o)
 .debug_str     0x00000000000013a6       0x59 /opt/toolchains/sh-elf/bin/../lib/gcc/sh-elf/11.1.0/libgcc.a(_clzsi2.o)
                                        0x198 (size before relaxing)
 .debug_str     0x00000000000013ff        0x7 /opt/toolchains/sh-elf/bin/../lib/gcc/sh-elf/11.1.0/libgcc.a(_pack_df.o)
                                        0x227 (size before relaxing)
 .debug_str     0x0000000000001406      0x209 /opt/toolchains/sh-elf/bin/../lib/gcc/sh-elf/11.1.0/libgcc.a(_unpack_df.o)
 .debug_str     0x0000000000001406      0x17b /opt/toolchains/sh-elf/bin/../lib/gcc/sh-elf/11.1.0/libgcc.a(_clz.o)
 .debug_str     0x0000000000001406       0xa8 /opt/toolchains/sh-elf/bin/../lib/gcc/sh-elf/11.1.0/../../../../sh-elf/lib/libc.a(lib_a-memcmp.o)
                                        0x144 (size before relaxing)
 .debug_str     0x00000000000014ae       0x72 /opt/toolchains/sh-elf/bin/../lib/gcc/sh-elf/11.1.0/../../../../sh-elf/lib/libc.a(lib_a-memmove.o)
                                        0x177 (size before relaxing)
 .debug_str     0x0000000000001520       0x41 /opt/toolchains/sh-elf/bin/../lib/gcc/sh-elf/11.1.0/../../../../sh-elf/lib/libc.a(lib_a-strncmp.o)
                                        0x146 (size before relaxing)
 .debug_str     0x0000000000001561       0x4b /opt/toolchains/sh-elf/bin/../lib/gcc/sh-elf/11.1.0/../../../../sh-elf/lib/libc.a(lib_a-strncpy.o)
                                        0x16e (size before relaxing)

.comment        0x0000000000000000       0x12
 .comment       0x0000000000000000       0x12 vblank.o
                                         0x13 (size before relaxing)
 .comment       0x0000000000000012       0x13 cd.o
 .comment       0x0000000000000012       0x13 crc.o
 .comment       0x0000000000000012       0x13 devcart.o
 .comment       0x0000000000000012       0x13 game.o
 .comment       0x0000000000000012       0x13 piece.o
 .comment       0x0000000000000012       0x13 print.o
 .comment       0x0000000000000012       0x13 rng.o
 .comment       0x0000000000000012       0x13 scroll.o
 .comment       0x0000000000000012       0x13 sound.o
 .comment       0x0000000000000012       0x13 sprite.o
 .comment       0x0000000000000012       0x13 main.o
 .comment       0x0000000000000012       0x13 ../sbl/segalib/lib/libsat.a(cdc_cmn.o)
 .comment       0x0000000000000012       0x13 ../sbl/segalib/lib/libsat.a(cdc_drv.o)
 .comment       0x0000000000000012       0x13 ../sbl/segalib/lib/libsat.a(gfs.o)
 .comment       0x0000000000000012       0x13 ../sbl/segalib/lib/libsat.a(gfs_buf.o)
 .comment       0x0000000000000012       0x13 ../sbl/segalib/lib/libsat.a(gfs_cdb.o)
 .comment       0x0000000000000012       0x13 ../sbl/segalib/lib/libsat.a(gfs_cdc.o)
 .comment       0x0000000000000012       0x13 ../sbl/segalib/lib/libsat.a(gfs_cdf.o)
 .comment       0x0000000000000012       0x13 ../sbl/segalib/lib/libsat.a(gfs_dir.o)
 .comment       0x0000000000000012       0x13 ../sbl/segalib/lib/libsat.a(gfs_trn.o)
 .comment       0x0000000000000012       0x13 ../sbl/segalib/lib/libsat.a(mth_rand.o)
 .comment       0x0000000000000012       0x13 ../sbl/segalib/lib/libsat.a(per_prt.o)
 .comment       0x0000000000000012       0x13 ../sbl/segalib/lib/libsat.a(spr_2c.o)
 .comment       0x0000000000000012       0x13 ../sbl/segalib/lib/libsat.a(scl_func.o)
 .comment       0x0000000000000012       0x13 ../sbl/segalib/lib/libsat.a(scl_fu02.o)
 .comment       0x0000000000000012       0x13 ../sbl/segalib/lib/libsat.a(scl_fu03.o)
 .comment       0x0000000000000012       0x13 ../sbl/segalib/lib/libsat.a(scl_fu04.o)
 .comment       0x0000000000000012       0x13 ../sbl/segalib/lib/libsat.a(scl_pri.o)
 .comment       0x0000000000000012       0x13 ../sbl/segalib/lib/libsat.a(scl_ro00.o)
 .comment       0x0000000000000012       0x13 ../sbl/segalib/lib/libsat.a(scl_back.o)
 .comment       0x0000000000000012       0x13 ../sbl/segalib/lib/libsat.a(scl_vblv.o)
 .comment       0x0000000000000012       0x13 ../sbl/segalib/lib/libsat.a(scl_pr01.o)
 .comment       0x0000000000000012       0x13 ../sbl/segalib/lib/libsat.a(scl_pr02.o)
 .comment       0x0000000000000012       0x13 ../sbl/segalib/lib/libsat.a(scl_pr03.o)
 .comment       0x0000000000000012       0x13 ../sbl/segalib/lib/libsat.a(scl_pr05.o)
 .comment       0x0000000000000012       0x13 ../sbl/segalib/lib/libsat.a(scl_pr06.o)
 .comment       0x0000000000000012       0x13 ../sbl/segalib/lib/libsat.a(scl_pr07.o)
 .comment       0x0000000000000012       0x13 ../sbl/segalib/lib/libsat.a(cdc_reg.o)
 .comment       0x0000000000000012       0x13 ../sbl/segalib/lib/libsat.a(cdc_sub.o)
 .comment       0x0000000000000012       0x13 ../sbl/segalib/lib/libsat.a(cdc_dev.o)
 .comment       0x0000000000000012       0x13 ../sbl/segalib/lib/libsat.a(cdc_sel.o)
 .comment       0x0000000000000012       0x13 ../sbl/segalib/lib/libsat.a(cdc_bif.o)
 .comment       0x0000000000000012       0x13 ../sbl/segalib/lib/libsat.a(cdc_bio.o)
 .comment       0x0000000000000012       0x13 ../sbl/segalib/lib/libsat.a(cdc_cfs.o)
 .comment       0x0000000000000012       0x13 ../sbl/segalib/lib/libsat.a(csh_main.o)
 .comment       0x0000000000000012       0x13 ../sbl/segalib/lib/libsat.a(dma_cpu0.o)
 .comment       0x0000000000000012       0x13 ../sbl/segalib/lib/libsat.a(dma_scu0.o)
 .comment       0x0000000000000012       0x13 ../sbl/segalib/lib/libsat.a(spr_1c.o)
 .comment       0x0000000000000012       0x13 /opt/toolchains/sh-elf/bin/../lib/gcc/sh-elf/11.1.0/libgcc.a(_mul_df.o)
 .comment       0x0000000000000012       0x13 /opt/toolchains/sh-elf/bin/../lib/gcc/sh-elf/11.1.0/libgcc.a(_si_to_df.o)
 .comment       0x0000000000000012       0x13 /opt/toolchains/sh-elf/bin/../lib/gcc/sh-elf/11.1.0/libgcc.a(_df_to_si.o)
 .comment       0x0000000000000012       0x13 /opt/toolchains/sh-elf/bin/../lib/gcc/sh-elf/11.1.0/libgcc.a(_thenan_df.o)
 .comment       0x0000000000000012       0x13 /opt/toolchains/sh-elf/bin/../lib/gcc/sh-elf/11.1.0/libgcc.a(_clzsi2.o)
 .comment       0x0000000000000012       0x13 /opt/toolchains/sh-elf/bin/../lib/gcc/sh-elf/11.1.0/libgcc.a(_pack_df.o)
 .comment       0x0000000000000012       0x13 /opt/toolchains/sh-elf/bin/../lib/gcc/sh-elf/11.1.0/libgcc.a(_unpack_df.o)
 .comment       0x0000000000000012       0x13 /opt/toolchains/sh-elf/bin/../lib/gcc/sh-elf/11.1.0/libgcc.a(_clz.o)
 .comment       0x0000000000000012       0x13 /opt/toolchains/sh-elf/bin/../lib/gcc/sh-elf/11.1.0/../../../../sh-elf/lib/libc.a(lib_a-memcmp.o)
 .comment       0x0000000000000012       0x13 /opt/toolchains/sh-elf/bin/../lib/gcc/sh-elf/11.1.0/../../../../sh-elf/lib/libc.a(lib_a-memmove.o)
 .comment       0x0000000000000012       0x13 /opt/toolchains/sh-elf/bin/../lib/gcc/sh-elf/11.1.0/../../../../sh-elf/lib/libc.a(lib_a-strncmp.o)
 .comment       0x0000000000000012       0x13 /opt/toolchains/sh-elf/bin/../lib/gcc/sh-elf/11.1.0/../../../../sh-elf/lib/libc.a(lib_a-strncpy.o)

.debug_frame    0x0000000000000000      0xe88
 .debug_frame   0x0000000000000000       0xb8 vblank.o
 .debug_frame   0x00000000000000b8       0xa8 cd.o
 .debug_frame   0x0000000000000160       0x38 crc.o
 .debug_frame   0x0000000000000198      0x198 devcart.o
 .debug_frame   0x0000000000000330      0x164 game.o
 .debug_frame   0x0000000000000494       0xf4 print.o
 .debug_frame   0x0000000000000588       0xc0 rng.o
 .debug_frame   0x0000000000000648      0x240 scroll.o
 .debug_frame   0x0000000000000888       0xb8 sound.o
 .debug_frame   0x0000000000000940      0x284 sprite.o
 .debug_frame   0x0000000000000bc4       0x30 main.o
 .debug_frame   0x0000000000000bf4       0x98 /opt/toolchains/sh-elf/bin/../lib/gcc/sh-elf/11.1.0/libgcc.a(_mul_df.o)
 .debug_frame   0x0000000000000c8c       0x3c /opt/toolchains/sh-elf/bin/../lib/gcc/sh-elf/11.1.0/libgcc.a(_si_to_df.o)
 .debug_frame   0x0000000000000cc8       0x48 /opt/toolchains/sh-elf/bin/../lib/gcc/sh-elf/11.1.0/libgcc.a(_df_to_si.o)
 .debug_frame   0x0000000000000d10       0x38 /opt/toolchains/sh-elf/bin/../lib/gcc/sh-elf/11.1.0/libgcc.a(_clzsi2.o)
 .debug_frame   0x0000000000000d48       0x6c /opt/toolchains/sh-elf/bin/../lib/gcc/sh-elf/11.1.0/libgcc.a(_pack_df.o)
 .debug_frame   0x0000000000000db4       0x20 /opt/toolchains/sh-elf/bin/../lib/gcc/sh-elf/11.1.0/libgcc.a(_unpack_df.o)
 .debug_frame   0x0000000000000dd4       0x20 /opt/toolchains/sh-elf/bin/../lib/gcc/sh-elf/11.1.0/../../../../sh-elf/lib/libc.a(lib_a-memcmp.o)
 .debug_frame   0x0000000000000df4       0x20 /opt/toolchains/sh-elf/bin/../lib/gcc/sh-elf/11.1.0/../../../../sh-elf/lib/libc.a(lib_a-memmove.o)
 .debug_frame   0x0000000000000e14       0x30 /opt/toolchains/sh-elf/bin/../lib/gcc/sh-elf/11.1.0/../../../../sh-elf/lib/libc.a(lib_a-strncmp.o)
 .debug_frame   0x0000000000000e44       0x44 /opt/toolchains/sh-elf/bin/../lib/gcc/sh-elf/11.1.0/../../../../sh-elf/lib/libc.a(lib_a-strncpy.o)

.debug_loclists
                0x0000000000000000      0xa2a
 .debug_loclists
                0x0000000000000000      0x30c /opt/toolchains/sh-elf/bin/../lib/gcc/sh-elf/11.1.0/libgcc.a(_mul_df.o)
 .debug_loclists
                0x000000000000030c       0x6c /opt/toolchains/sh-elf/bin/../lib/gcc/sh-elf/11.1.0/libgcc.a(_si_to_df.o)
 .debug_loclists
                0x0000000000000378       0x35 /opt/toolchains/sh-elf/bin/../lib/gcc/sh-elf/11.1.0/libgcc.a(_df_to_si.o)
 .debug_loclists
                0x00000000000003ad       0x22 /opt/toolchains/sh-elf/bin/../lib/gcc/sh-elf/11.1.0/libgcc.a(_clzsi2.o)
 .debug_loclists
                0x00000000000003cf      0x230 /opt/toolchains/sh-elf/bin/../lib/gcc/sh-elf/11.1.0/libgcc.a(_pack_df.o)
 .debug_loclists
                0x00000000000005ff       0x71 /opt/toolchains/sh-elf/bin/../lib/gcc/sh-elf/11.1.0/libgcc.a(_unpack_df.o)
 .debug_loclists
                0x0000000000000670       0xae /opt/toolchains/sh-elf/bin/../lib/gcc/sh-elf/11.1.0/../../../../sh-elf/lib/libc.a(lib_a-memcmp.o)
 .debug_loclists
                0x000000000000071e      0x13c /opt/toolchains/sh-elf/bin/../lib/gcc/sh-elf/11.1.0/../../../../sh-elf/lib/libc.a(lib_a-memmove.o)
 .debug_loclists
                0x000000000000085a       0xd5 /opt/toolchains/sh-elf/bin/../lib/gcc/sh-elf/11.1.0/../../../../sh-elf/lib/libc.a(lib_a-strncmp.o)
 .debug_loclists
                0x000000000000092f       0xfb /opt/toolchains/sh-elf/bin/../lib/gcc/sh-elf/11.1.0/../../../../sh-elf/lib/libc.a(lib_a-strncpy.o)

.debug_rnglists
                0x0000000000000000       0xf1
 .debug_rnglists
                0x0000000000000000       0x2e /opt/toolchains/sh-elf/bin/../lib/gcc/sh-elf/11.1.0/libgcc.a(_mul_df.o)
 .debug_rnglists
                0x000000000000002e       0x26 /opt/toolchains/sh-elf/bin/../lib/gcc/sh-elf/11.1.0/libgcc.a(_si_to_df.o)
 .debug_rnglists
                0x0000000000000054       0x1f /opt/toolchains/sh-elf/bin/../lib/gcc/sh-elf/11.1.0/libgcc.a(_clzsi2.o)
 .debug_rnglists
                0x0000000000000073       0x7e /opt/toolchains/sh-elf/bin/../lib/gcc/sh-elf/11.1.0/libgcc.a(_pack_df.o)
