Archive member included to satisfy reference by file (symbol)

../sbl/segalib/lib/libsat.a(mth_rand.o)
                              rng.o (_MTH_InitialRand)
../sbl/segalib/lib/libsat.a(mth_fixd.o)
                              sprite.o (_MTH_Mul)
../sbl/segalib/lib/libsat.a(mth_tri.o)
                              sprite.o (_MTH_Sin)
../sbl/segalib/lib/libsat.a(per_prt.o)
                              vblank.o (_PER_Init)
../sbl/segalib/lib/libsat.a(spr_2c.o)
                              sprite.o (_SPR_2SetTvMode)
../sbl/segalib/lib/libsat.a(scl_func.o)
                              scroll.o (_Scl_n_reg)
../sbl/segalib/lib/libsat.a(scl_fu02.o)
                              scroll.o (_SCL_InitVramConfigTb)
../sbl/segalib/lib/libsat.a(scl_fu03.o)
                              scroll.o (_SCL_InitConfigTb)
../sbl/segalib/lib/libsat.a(scl_fu04.o)
                              scroll.o (_SCL_SetCycleTable)
../sbl/segalib/lib/libsat.a(scl_pri.o)
                              ../sbl/segalib/lib/libsat.a(scl_func.o) (_SCL_PriorityInit)
../sbl/segalib/lib/libsat.a(scl_ro00.o)
                              scroll.o (_SCL_InitRotateTable)
../sbl/segalib/lib/libsat.a(scl_ro03.o)
                              main.o (_SCL_RotateTo)
../sbl/segalib/lib/libsat.a(scl_back.o)
                              scroll.o (_SCL_SetBack)
../sbl/segalib/lib/libsat.a(scl_vblv.o)
                              ../sbl/segalib/lib/libsat.a(spr_2c.o) (_SCL_SetFrameInterval)
../sbl/segalib/lib/libsat.a(scl_pr01.o)
                              sprite.o (_SCL_SetSpriteMode)
../sbl/segalib/lib/libsat.a(scl_pr02.o)
                              scroll.o (_SCL_SetColRam)
../sbl/segalib/lib/libsat.a(scl_pr03.o)
                              scroll.o (_SCL_AllocColRam)
../sbl/segalib/lib/libsat.a(scl_pr05.o)
                              ../sbl/segalib/lib/libsat.a(scl_pr02.o) (_SCL_GetColRamOffset)
../sbl/segalib/lib/libsat.a(scl_pr06.o)
                              ../sbl/segalib/lib/libsat.a(scl_pr03.o) (_SCL_SetColRamOffset)
../sbl/segalib/lib/libsat.a(scl_pr07.o)
                              scroll.o (_SCL_SetPriority)
../sbl/segalib/lib/libsat.a(spr_1c.o)
                              ../sbl/segalib/lib/libsat.a(spr_2c.o) (_SPR_SetTvMode)
../sbl/segalib/lib/libsat.a(spr_2a.o)
                              ../sbl/segalib/lib/libsat.a(spr_2c.o) (_SPR_2SetDrawPrty)
/opt/toolchains/sh-elf/bin/../lib/gcc/sh-elf/11.1.0/libgcc.a(_ashiftrt.o)
                              ../sbl/segalib/lib/libsat.a(scl_ro00.o) (___ashiftrt_r4_6)
/opt/toolchains/sh-elf/bin/../lib/gcc/sh-elf/11.1.0/libgcc.a(_ashiftrt_n.o)
                              pcmsys.o (___ashrsi3)
/opt/toolchains/sh-elf/bin/../lib/gcc/sh-elf/11.1.0/libgcc.a(_ashiftlt.o)
                              scroll.o (___ashlsi3_r0)
/opt/toolchains/sh-elf/bin/../lib/gcc/sh-elf/11.1.0/libgcc.a(_movmem.o)
                              scroll.o (___movmem)
/opt/toolchains/sh-elf/bin/../lib/gcc/sh-elf/11.1.0/libgcc.a(_sdivsi3.o)
                              pcmsys.o (___sdivsi3)
/opt/toolchains/sh-elf/bin/../lib/gcc/sh-elf/11.1.0/libgcc.a(_udivsi3.o)
                              ../sbl/segalib/lib/libsat.a(scl_fu03.o) (___udivsi3)
/opt/toolchains/sh-elf/bin/../lib/gcc/sh-elf/11.1.0/libgcc.a(_mul_df.o)
                              ../sbl/segalib/lib/libsat.a(scl_ro00.o) (___muldf3)
/opt/toolchains/sh-elf/bin/../lib/gcc/sh-elf/11.1.0/libgcc.a(_si_to_df.o)
                              ../sbl/segalib/lib/libsat.a(scl_ro00.o) (___floatsidf)
/opt/toolchains/sh-elf/bin/../lib/gcc/sh-elf/11.1.0/libgcc.a(_df_to_si.o)
                              ../sbl/segalib/lib/libsat.a(scl_ro00.o) (___fixdfsi)
/opt/toolchains/sh-elf/bin/../lib/gcc/sh-elf/11.1.0/libgcc.a(_thenan_df.o)
                              /opt/toolchains/sh-elf/bin/../lib/gcc/sh-elf/11.1.0/libgcc.a(_mul_df.o) (___thenan_df)
/opt/toolchains/sh-elf/bin/../lib/gcc/sh-elf/11.1.0/libgcc.a(_lshiftrt.o)
                              /opt/toolchains/sh-elf/bin/../lib/gcc/sh-elf/11.1.0/libgcc.a(_si_to_df.o) (___lshrsi3_r0)
/opt/toolchains/sh-elf/bin/../lib/gcc/sh-elf/11.1.0/libgcc.a(_clzsi2.o)
                              /opt/toolchains/sh-elf/bin/../lib/gcc/sh-elf/11.1.0/libgcc.a(_si_to_df.o) (___clzsi2)
/opt/toolchains/sh-elf/bin/../lib/gcc/sh-elf/11.1.0/libgcc.a(_pack_df.o)
                              /opt/toolchains/sh-elf/bin/../lib/gcc/sh-elf/11.1.0/libgcc.a(_mul_df.o) (___pack_d)
/opt/toolchains/sh-elf/bin/../lib/gcc/sh-elf/11.1.0/libgcc.a(_unpack_df.o)
                              /opt/toolchains/sh-elf/bin/../lib/gcc/sh-elf/11.1.0/libgcc.a(_mul_df.o) (___unpack_d)
/opt/toolchains/sh-elf/bin/../lib/gcc/sh-elf/11.1.0/libgcc.a(_clz.o)
                              /opt/toolchains/sh-elf/bin/../lib/gcc/sh-elf/11.1.0/libgcc.a(_clzsi2.o) (___clz_tab)
/opt/toolchains/sh-elf/bin/../lib/gcc/sh-elf/11.1.0/../../../../sh-elf/lib/libc.a(lib_a-memcpy.o)
                              scroll.o (_memcpy)
/opt/toolchains/sh-elf/bin/../lib/gcc/sh-elf/11.1.0/../../../../sh-elf/lib/libc.a(lib_a-memset.o)
                              scroll.o (_memset)

Memory Configuration

Name             Origin             Length             Attributes
*default*        0x0000000000000000 0xffffffffffffffff

Linker script and memory map

LOAD entry.o
LOAD stack.o
LOAD vblank.o
LOAD cd.o
LOAD crc.o
LOAD devcart.o
LOAD game.o
LOAD pcmsys.o
LOAD piece.o
LOAD print.o
LOAD rng.o
LOAD scroll.o
LOAD sound.o
LOAD sprite.o
LOAD main.o
LOAD ../sbl/segalib/lib/libsat.a
LOAD /opt/toolchains/sh-elf/bin/../lib/gcc/sh-elf/11.1.0/libgcc.a
LOAD /opt/toolchains/sh-elf/bin/../lib/gcc/sh-elf/11.1.0/libgcc-Os-4-200.a
LOAD /opt/toolchains/sh-elf/bin/../lib/gcc/sh-elf/11.1.0/../../../../sh-elf/lib/libc.a
LOAD /opt/toolchains/sh-elf/bin/../lib/gcc/sh-elf/11.1.0/libgcc.a
LOAD /opt/toolchains/sh-elf/bin/../lib/gcc/sh-elf/11.1.0/libgcc-Os-4-200.a

.entry          0x0000000006010000       0x60
 *(.entry)
 .entry         0x0000000006010000       0x50 entry.o
                0x0000000006010000                _entry
                0x0000000006010060                . = ALIGN (0x20)
 *fill*         0x0000000006010050       0x10 
                0x0000000006010060                _eentry = ABSOLUTE (.)

.text           0x0000000006010060     0xb920
 *(.text*)
 .text          0x0000000006010060        0x0 entry.o
 .text          0x0000000006010060        0x0 stack.o
 .text          0x0000000006010060      0x1d0 vblank.o
                0x0000000006010060                _SetVblank
                0x0000000006010118                _CheckVblankEnd
                0x0000000006010130                _UsrVblankIn
                0x0000000006010158                _UsrVblankOut
 .text          0x0000000006010230       0x78 cd.o
                0x0000000006010230                _CD_Init
                0x000000000601023e                _CD_ChangeDir
                0x000000000601026c                _CD_Load
 .text          0x00000000060102a8       0x98 crc.o
                0x00000000060102a8                _crc_update
 .text          0x0000000006010340      0x418 devcart.o
                0x000000000601046c                _Devcart_LoadFile
                0x0000000006010618                _Devcart_PrintStr
                0x000000000601068c                _Devcart_Reset
                0x00000000060106e4                _Devcart_ChangeDir
 .text          0x0000000006010758     0x12c4 game.o
                0x0000000006010800                _Game_Init
                0x00000000060119d8                _Game_Run
 .text          0x0000000006011a1c      0x8e0 pcmsys.o
                0x0000000006011a1c                _smpc_wait_till_ready
                0x0000000006011a40                _smpc_issue_command
                0x0000000006011a78                _load_driver_binary
                0x0000000006011b54                _load_drv
                0x0000000006011bd8                _calculate_bytes_per_blank
                0x0000000006011c60                _load_16bit_pcm
                0x0000000006011ee4                _load_8bit_pcm
                0x0000000006012164                _pcm_play
                0x0000000006012200                _pcm_parameter_change
                0x0000000006012280                _pcm_cease
 .text          0x00000000060122fc        0x0 piece.o
 .text          0x00000000060122fc      0x340 print.o
                0x00000000060122fc                _Print_Load
                0x0000000006012324                _Print_Init
                0x00000000060123a4                _Print_Num
                0x0000000006012468                _Print_String
                0x000000000601253c                _Print_Display
 .text          0x000000000601263c      0x240 rng.o
                0x00000000060126f0                _RNG_Init
                0x0000000006012798                _RNG_Get
 .text          0x000000000601287c      0xb60 scroll.o
                0x000000000601287c                _Scroll_Init
                0x0000000006012cf4                _Scroll_LoadTile
                0x0000000006012e4c                _Scroll_TilePtr
                0x0000000006012ed4                _Scroll_MapPtr
                0x0000000006012f60                _Scroll_Scale
                0x00000000060130b8                _Scroll_Set
                0x0000000006013128                _Scroll_Move
                0x0000000006013198                _Scroll_ClearMaps
                0x0000000006013204                _Scroll_ClearVram
                0x0000000006013254                _Scroll_CharSize
                0x00000000060132d8                _Scroll_Enable
                0x0000000006013358                _Scroll_MapSize
 .text          0x00000000060133dc      0x3a0 sound.o
                0x000000000601360c                _Sound_Init
                0x0000000006013728                _Sound_CDDA
                0x0000000006013744                _Sound_Play
 .text          0x000000000601377c      0xd9c sprite.o
                0x000000000601377c                _Sprite_Init
                0x0000000006013868                _Sprite_Clear
                0x0000000006013c3c                _Sprite_Load
                0x0000000006013cf8                _Sprite_StartDraw
                0x0000000006013d3c                _Sprite_Draw
                0x0000000006014140                _Sprite_Make
                0x00000000060141f8                _Sprite_DrawAll
                0x00000000060142e0                _Sprite_Next
                0x000000000601439c                _Sprite_ListAdd
                0x00000000060143fe                _Sprite_ListRemove
                0x000000000601447a                _Sprite_Delete
                0x00000000060144b8                _Sprite_DeleteAll
 .text          0x0000000006014518      0x314 main.o
                0x0000000006014518                _main
 .text          0x000000000601482c       0x24 ../sbl/segalib/lib/libsat.a(mth_rand.o)
                0x000000000601482c                _MTH_InitialRand
                0x0000000006014838                _MTH_GetRand
 .text          0x0000000006014850       0x78 ../sbl/segalib/lib/libsat.a(mth_fixd.o)
                0x0000000006014850                _MTH_Mul
                0x0000000006014864                _MTH_Div
                0x0000000006014878                _MTH_IntToFixed
                0x0000000006014880                _MTH_FixedToInt
                0x0000000006014888                _MTH_Product
 .text          0x00000000060148c8      0x5d4 ../sbl/segalib/lib/libsat.a(mth_tri.o)
                0x00000000060148c8                _MTH_Sin
                0x0000000006014908                _MTH_Cos
                0x000000000601494c                _fcos
                0x0000000006014952                _fsin
                0x0000000006014ae4                _MTH_Atan
 .text          0x0000000006014e9c      0xf58 ../sbl/segalib/lib/libsat.a(per_prt.o)
                0x000000000601529c                _PER_IntFunc
                0x0000000006015b4c                _PER_Init
                0x0000000006015cf4                _PER_GetPer
 .text          0x0000000006015df4      0xcbc ../sbl/segalib/lib/libsat.a(spr_2c.o)
                0x0000000006015df4                _SPR_2SetTvMode
                0x0000000006015e04                _SPR_2FrameChgIntr
                0x0000000006015e18                _SPR_2FrameEraseData
                0x0000000006015e58                _SPR_2SetGourTbl
                0x0000000006015e88                _SPR_2SetLookupTbl
                0x0000000006015ea4                _SPR_2SetChar
                0x0000000006015fd0                _SPR_2ClrChar
                0x00000000060160d8                _SPR_2ClrAllChar
                0x0000000006016124                _SPR_2Initial
                0x0000000006016278                _SPR_2GourTblNoToVram
                0x0000000006016294                _SPR_2LookupTblNoToVram
                0x00000000060162a4                _SPR_2CharNoToVram
                0x00000000060162b8                _SPR_2GetAreaSizeInfo
                0x0000000006016318                _SPR_2OpenCommand
                0x00000000060163b0                _SPR_2FlushDrawPrty
                0x00000000060163f0                _SPR_2CloseCommand
                0x0000000006016510                _SPR_2LocalCoord
                0x0000000006016568                _SPR_2SysClip
                0x00000000060165b0                _SPR_2UserClip
                0x0000000006016600                _SPR_2Line
                0x000000000601669c                _SPR_2PolyLine
                0x000000000601673c                _SPR_2Polygon
                0x00000000060167dc                _SPR_2NormSpr
                0x00000000060168a8                _SPR_2ScaleSpr
                0x0000000006016990                _SPR_2DistSpr
                0x0000000006016a68                _SPR_2Cmd
 .text          0x0000000006016ab0      0x754 ../sbl/segalib/lib/libsat.a(scl_func.o)
                0x0000000006016ab0                _SCL_ParametersInit
                0x0000000006016b9c                _SCL_Vdp2Init
                0x0000000006016c04                _SCL_Open
                0x0000000006016c20                _SCL_Close
                0x0000000006016c34                _SCL_MoveTo
                0x0000000006016d28                _SCL_Move
                0x0000000006016e54                _SCL_Scale
                0x0000000006016f58                _SCL_Memcpyw
                0x0000000006016f6c                _SCL_CopyReg
                0x000000000601704c                _SCL_SetColRamMode
                0x000000000601709c                _SCL_PriIntProc
                0x0000000006017198                _SCL_ScrollShow
 .text          0x0000000006017204      0x384 ../sbl/segalib/lib/libsat.a(scl_fu02.o)
                0x0000000006017204                _SCL_InitVramConfigTb
                0x0000000006017212                _SCL_SetVramConfig
 .text          0x0000000006017588      0x62c ../sbl/segalib/lib/libsat.a(scl_fu03.o)
                0x0000000006017588                _SCL_InitConfigTb
                0x00000000060175a0                _SCL_SetConfig
 .text          0x0000000006017bb4       0x18 ../sbl/segalib/lib/libsat.a(scl_fu04.o)
                0x0000000006017bb4                _SCL_SetCycleTable
 .text          0x0000000006017bcc      0xf30 ../sbl/segalib/lib/libsat.a(scl_pri.o)
                0x0000000006017bcc                _SCL_PriorityInit
                0x0000000006018178                _SCL_GetColRamMode
                0x0000000006018198                _SCL_AbortAutoVe
                0x00000000060181a4                _SCL_SetColMixRate
                0x000000000601850c                _SCL_IncColOffset
                0x0000000006018580                _SCL_AutoExec
                0x00000000060189ac                _SCL_SetShadowBit
 .text          0x0000000006018afc      0xe38 ../sbl/segalib/lib/libsat.a(scl_ro00.o)
                0x0000000006018c20                _SCL_InitRotateTable
                0x0000000006018e68                _SCL_RotateZD
                0x0000000006018fa8                _SCL_Rotate
 .text          0x0000000006019934       0xfc ../sbl/segalib/lib/libsat.a(scl_ro03.o)
                0x0000000006019934                _SCL_RotateTo
 .text          0x0000000006019a30       0x74 ../sbl/segalib/lib/libsat.a(scl_back.o)
                0x0000000006019a30                _SCL_SetBack
 .text          0x0000000006019aa4      0x264 ../sbl/segalib/lib/libsat.a(scl_vblv.o)
                0x0000000006019aa4                _SCL_SetFrameInterval
                0x0000000006019b1c                _SCL_DisplayFrame
                0x0000000006019b48                _SCL_VblInit
                0x0000000006019b90                _SCL_VblankStart
                0x0000000006019c60                _SCL_VblankEnd
 .text          0x0000000006019d08       0x54 ../sbl/segalib/lib/libsat.a(scl_pr01.o)
                0x0000000006019d08                _SCL_SetSpriteMode
 .text          0x0000000006019d5c       0x90 ../sbl/segalib/lib/libsat.a(scl_pr02.o)
                0x0000000006019d5c                _SCL_SetColRam
 .text          0x0000000006019dec      0x10c ../sbl/segalib/lib/libsat.a(scl_pr03.o)
                0x0000000006019dec                _SCL_FreeColRam
                0x0000000006019e14                _SCL_AllocColRam
 .text          0x0000000006019ef8       0xac ../sbl/segalib/lib/libsat.a(scl_pr05.o)
                0x0000000006019ef8                _SCL_GetColRamOffset
 .text          0x0000000006019fa4      0x180 ../sbl/segalib/lib/libsat.a(scl_pr06.o)
                0x0000000006019fa4                _SCL_SetColRamOffset
 .text          0x000000000601a124      0x1c8 ../sbl/segalib/lib/libsat.a(scl_pr07.o)
                0x000000000601a124                _SCL_SetPriority
 .text          0x000000000601a2ec      0x240 ../sbl/segalib/lib/libsat.a(spr_1c.o)
                0x000000000601a2ec                _SPR_SetTvMode
                0x000000000601a368                _SPR_GetStatus
                0x000000000601a3bc                _SPR_SetEraseData
                0x000000000601a454                _SPR_Initial
                0x000000000601a508                _SPR_WaitDrawEnd
                0x000000000601a518                _SPR_SetEosMode
 .text          0x000000000601a52c      0x16c ../sbl/segalib/lib/libsat.a(spr_2a.o)
                0x000000000601a52c                _SPR_2SetDrawPrty
                0x000000000601a59c                _SPR_2FlushDrawPrtyBlock
 .text          0x000000000601a698       0x52 /opt/toolchains/sh-elf/bin/../lib/gcc/sh-elf/11.1.0/libgcc.a(_ashiftrt.o)
                0x000000000601a698                ___ashiftrt_r4_31
                0x000000000601a698                ___ashiftrt_r4_32
                0x000000000601a69e                ___ashiftrt_r4_30
                0x000000000601a6a0                ___ashiftrt_r4_29
                0x000000000601a6a2                ___ashiftrt_r4_28
                0x000000000601a6a4                ___ashiftrt_r4_27
                0x000000000601a6a6                ___ashiftrt_r4_26
                0x000000000601a6a8                ___ashiftrt_r4_25
                0x000000000601a6aa                ___ashiftrt_r4_24
                0x000000000601a6b2                ___ashiftrt_r4_23
                0x000000000601a6b4                ___ashiftrt_r4_22
                0x000000000601a6b6                ___ashiftrt_r4_21
                0x000000000601a6b8                ___ashiftrt_r4_20
                0x000000000601a6ba                ___ashiftrt_r4_19
                0x000000000601a6bc                ___ashiftrt_r4_18
                0x000000000601a6be                ___ashiftrt_r4_17
                0x000000000601a6c0                ___ashiftrt_r4_16
                0x000000000601a6c6                ___ashiftrt_r4_15
                0x000000000601a6c8                ___ashiftrt_r4_14
                0x000000000601a6ca                ___ashiftrt_r4_13
                0x000000000601a6cc                ___ashiftrt_r4_12
                0x000000000601a6ce                ___ashiftrt_r4_11
                0x000000000601a6d0                ___ashiftrt_r4_10
                0x000000000601a6d2                ___ashiftrt_r4_9
                0x000000000601a6d4                ___ashiftrt_r4_8
                0x000000000601a6d6                ___ashiftrt_r4_7
                0x000000000601a6d8                ___ashiftrt_r4_6
                0x000000000601a6da                ___ashiftrt_r4_5
                0x000000000601a6dc                ___ashiftrt_r4_4
                0x000000000601a6de                ___ashiftrt_r4_3
                0x000000000601a6e0                ___ashiftrt_r4_2
                0x000000000601a6e2                ___ashiftrt_r4_1
                0x000000000601a6e6                ___ashiftrt_r4_0
 *fill*         0x000000000601a6ea        0x2 
 .text          0x000000000601a6ec       0x80 /opt/toolchains/sh-elf/bin/../lib/gcc/sh-elf/11.1.0/libgcc.a(_ashiftrt_n.o)
                0x000000000601a6ec                ___ashrsi3
 .text          0x000000000601a76c       0xbc /opt/toolchains/sh-elf/bin/../lib/gcc/sh-elf/11.1.0/libgcc.a(_ashiftlt.o)
                0x000000000601a76c                ___ashlsi3
                0x000000000601a770                ___ashlsi3_r0
 .text          0x000000000601a828       0x78 /opt/toolchains/sh-elf/bin/../lib/gcc/sh-elf/11.1.0/libgcc.a(_movmem.o)
                0x000000000601a828                ___movmem
                0x000000000601a828                ___movstr
                0x000000000601a85c                ___movmemSI64
                0x000000000601a85c                ___movstrSI64
                0x000000000601a860                ___movmemSI60
                0x000000000601a860                ___movstrSI60
                0x000000000601a864                ___movstrSI56
                0x000000000601a864                ___movmemSI56
                0x000000000601a868                ___movmemSI52
                0x000000000601a868                ___movstrSI52
                0x000000000601a86c                ___movstrSI48
                0x000000000601a86c                ___movmemSI48
                0x000000000601a870                ___movmemSI44
                0x000000000601a870                ___movstrSI44
                0x000000000601a874                ___movstrSI40
                0x000000000601a874                ___movmemSI40
                0x000000000601a878                ___movstrSI36
                0x000000000601a878                ___movmemSI36
                0x000000000601a87c                ___movstrSI32
                0x000000000601a87c                ___movmemSI32
                0x000000000601a880                ___movmemSI28
                0x000000000601a880                ___movstrSI28
                0x000000000601a884                ___movmemSI24
                0x000000000601a884                ___movstrSI24
                0x000000000601a888                ___movmemSI20
                0x000000000601a888                ___movstrSI20
                0x000000000601a88c                ___movstrSI16
                0x000000000601a88c                ___movmemSI16
                0x000000000601a890                ___movmemSI12
                0x000000000601a890                ___movstrSI12
                0x000000000601a894                ___movstrSI8
                0x000000000601a894                ___movmemSI8
                0x000000000601a898                ___movstrSI4
                0x000000000601a898                ___movmemSI4
 .text          0x000000000601a8a0       0xa0 /opt/toolchains/sh-elf/bin/../lib/gcc/sh-elf/11.1.0/libgcc.a(_sdivsi3.o)
                0x000000000601a8a0                ___sdivsi3
 .text          0x000000000601a940       0x6c /opt/toolchains/sh-elf/bin/../lib/gcc/sh-elf/11.1.0/libgcc.a(_udivsi3.o)
                0x000000000601a962                ___udivsi3
 .text          0x000000000601a9ac      0x208 /opt/toolchains/sh-elf/bin/../lib/gcc/sh-elf/11.1.0/libgcc.a(_mul_df.o)
                0x000000000601a9ac                ___muldf3
 .text          0x000000000601abb4       0xa8 /opt/toolchains/sh-elf/bin/../lib/gcc/sh-elf/11.1.0/libgcc.a(_si_to_df.o)
                0x000000000601abb4                ___floatsidf
 .text          0x000000000601ac5c       0xa0 /opt/toolchains/sh-elf/bin/../lib/gcc/sh-elf/11.1.0/libgcc.a(_df_to_si.o)
                0x000000000601ac5c                ___fixdfsi
 .text          0x000000000601acfc        0x0 /opt/toolchains/sh-elf/bin/../lib/gcc/sh-elf/11.1.0/libgcc.a(_thenan_df.o)
 .text          0x000000000601acfc       0xbc /opt/toolchains/sh-elf/bin/../lib/gcc/sh-elf/11.1.0/libgcc.a(_lshiftrt.o)
                0x000000000601acfc                ___lshrsi3
                0x000000000601ad00                ___lshrsi3_r0
 .text          0x000000000601adb8       0x74 /opt/toolchains/sh-elf/bin/../lib/gcc/sh-elf/11.1.0/libgcc.a(_clzsi2.o)
                0x000000000601adb8                ___clzsi2
 .text          0x000000000601ae2c      0x29c /opt/toolchains/sh-elf/bin/../lib/gcc/sh-elf/11.1.0/libgcc.a(_pack_df.o)
                0x000000000601ae2c                ___pack_d
 .text          0x000000000601b0c8       0xcc /opt/toolchains/sh-elf/bin/../lib/gcc/sh-elf/11.1.0/libgcc.a(_unpack_df.o)
                0x000000000601b0c8                ___unpack_d
 .text          0x000000000601b194        0x0 /opt/toolchains/sh-elf/bin/../lib/gcc/sh-elf/11.1.0/libgcc.a(_clz.o)
 .text          0x000000000601b194       0x94 /opt/toolchains/sh-elf/bin/../lib/gcc/sh-elf/11.1.0/../../../../sh-elf/lib/libc.a(lib_a-memcpy.o)
                0x000000000601b194                _memcpy
 .text          0x000000000601b228       0x40 /opt/toolchains/sh-elf/bin/../lib/gcc/sh-elf/11.1.0/../../../../sh-elf/lib/libc.a(lib_a-memset.o)
                0x000000000601b228                _memset
 *(.rodata*)
 .rodata        0x000000000601b268      0x100 crc.o
 .rodata        0x000000000601b368       0x23 game.o
 *fill*         0x000000000601b38b        0x1 
 .rodata        0x000000000601b38c      0x420 pcmsys.o
 .rodata        0x000000000601b7ac        0x9 print.o
 *fill*         0x000000000601b7b5        0x3 
 .rodata        0x000000000601b7b8       0x7b sound.o
 *fill*         0x000000000601b833        0x1 
 .rodata        0x000000000601b834       0x17 main.o
 *fill*         0x000000000601b84b        0x1 
 .rodata        0x000000000601b84c       0x20 ../sbl/segalib/lib/libsat.a(spr_1c.o)
 .rodata        0x000000000601b86c       0x14 /opt/toolchains/sh-elf/bin/../lib/gcc/sh-elf/11.1.0/libgcc.a(_thenan_df.o)
                0x000000000601b86c                ___thenan_df
 .rodata        0x000000000601b880      0x100 /opt/toolchains/sh-elf/bin/../lib/gcc/sh-elf/11.1.0/libgcc.a(_clz.o)
                0x000000000601b880                ___clz_tab
 *(.strings)
                0x000000000601b980                . = ALIGN (0x10)
                0x000000000601b980                _etext = ABSOLUTE (.)

.tors           0x000000000601b980        0x0
                0x000000000601b980                ___ctors = .
 *(.ctors)
                0x000000000601b980                ___ctors_end = .
                0x000000000601b980                ___dtors = .
 *(.dtors)
                0x000000000601b980                ___dtors_end = .
                0x000000000601b980                . = ALIGN (0x10)
                0x000000000601b980                _etors = ABSOLUTE (.)

.data           0x000000000601b980      0x790
 *(.data)
 .data          0x000000000601b980        0x0 entry.o
 .data          0x000000000601b980        0x0 stack.o
 .data          0x000000000601b980        0x0 vblank.o
 .data          0x000000000601b980        0x0 cd.o
 .data          0x000000000601b980        0x0 crc.o
 .data          0x000000000601b980        0x0 devcart.o
 .data          0x000000000601b980        0x0 game.o
 .data          0x000000000601b980        0xc pcmsys.o
                0x000000000601b980                _m68k_com
                0x000000000601b984                _scsp_load
                0x000000000601b988                _master_volume
 .data          0x000000000601b98c      0x700 piece.o
                0x000000000601b98c                _pieces
 .data          0x000000000601c08c        0x0 print.o
 .data          0x000000000601c08c        0x0 rng.o
 .data          0x000000000601c08c       0x34 scroll.o
                0x000000000601c08c                _vram
                0x000000000601c0a0                _charOffsets
                0x000000000601c0b0                _cycleTb
 .data          0x000000000601c0c0        0x0 sound.o
 .data          0x000000000601c0c0       0x18 sprite.o
 .data          0x000000000601c0d8        0x0 main.o
 .data          0x000000000601c0d8        0x0 ../sbl/segalib/lib/libsat.a(mth_rand.o)
 .data          0x000000000601c0d8        0x0 ../sbl/segalib/lib/libsat.a(mth_fixd.o)
 .data          0x000000000601c0d8        0x0 ../sbl/segalib/lib/libsat.a(mth_tri.o)
 .data          0x000000000601c0d8        0x3 ../sbl/segalib/lib/libsat.a(per_prt.o)
 .data          0x000000000601c0db        0x0 ../sbl/segalib/lib/libsat.a(spr_2c.o)
 *fill*         0x000000000601c0db        0x1 
 .data          0x000000000601c0dc        0x6 ../sbl/segalib/lib/libsat.a(scl_func.o)
                0x000000000601c0dc                _SclRotateTableMode
                0x000000000601c0de                _SclDisplayY
                0x000000000601c0e0                _SclDisplayX
 .data          0x000000000601c0e2        0x0 ../sbl/segalib/lib/libsat.a(scl_fu02.o)
 .data          0x000000000601c0e2        0x0 ../sbl/segalib/lib/libsat.a(scl_fu03.o)
 .data          0x000000000601c0e2        0x0 ../sbl/segalib/lib/libsat.a(scl_fu04.o)
 *fill*         0x000000000601c0e2        0x2 
 .data          0x000000000601c0e4       0x18 ../sbl/segalib/lib/libsat.a(scl_pri.o)
                0x000000000601c0e4                _SclRealColOffset
                0x000000000601c0e8                _SclRealBgColMix
                0x000000000601c0ec                _SclRealSpColMix
                0x000000000601c0f0                _SclRealBgPriNum
                0x000000000601c0f4                _SclRealSpPriNum
                0x000000000601c0f8                _SclRealOtherPri
 .data          0x000000000601c0fc        0x0 ../sbl/segalib/lib/libsat.a(scl_ro00.o)
 .data          0x000000000601c0fc        0x0 ../sbl/segalib/lib/libsat.a(scl_ro03.o)
 .data          0x000000000601c0fc        0x0 ../sbl/segalib/lib/libsat.a(scl_back.o)
 .data          0x000000000601c0fc        0x8 ../sbl/segalib/lib/libsat.a(scl_vblv.o)
                0x000000000601c0fc                _VBInterval
                0x000000000601c100                _SpFrameEraseMode
 .data          0x000000000601c104        0x0 ../sbl/segalib/lib/libsat.a(scl_pr01.o)
 .data          0x000000000601c104        0x0 ../sbl/segalib/lib/libsat.a(scl_pr02.o)
 .data          0x000000000601c104        0x0 ../sbl/segalib/lib/libsat.a(scl_pr03.o)
 .data          0x000000000601c104        0x0 ../sbl/segalib/lib/libsat.a(scl_pr05.o)
 .data          0x000000000601c104        0x0 ../sbl/segalib/lib/libsat.a(scl_pr06.o)
 .data          0x000000000601c104        0x0 ../sbl/segalib/lib/libsat.a(scl_pr07.o)
 .data          0x000000000601c104        0x0 ../sbl/segalib/lib/libsat.a(spr_1c.o)
 .data          0x000000000601c104        0x0 ../sbl/segalib/lib/libsat.a(spr_2a.o)
 .data          0x000000000601c104        0x0 /opt/toolchains/sh-elf/bin/../lib/gcc/sh-elf/11.1.0/libgcc.a(_ashiftrt.o)
 .data          0x000000000601c104        0x0 /opt/toolchains/sh-elf/bin/../lib/gcc/sh-elf/11.1.0/libgcc.a(_ashiftrt_n.o)
 .data          0x000000000601c104        0x0 /opt/toolchains/sh-elf/bin/../lib/gcc/sh-elf/11.1.0/libgcc.a(_ashiftlt.o)
 .data          0x000000000601c104        0x0 /opt/toolchains/sh-elf/bin/../lib/gcc/sh-elf/11.1.0/libgcc.a(_movmem.o)
 .data          0x000000000601c104        0x0 /opt/toolchains/sh-elf/bin/../lib/gcc/sh-elf/11.1.0/libgcc.a(_sdivsi3.o)
 .data          0x000000000601c104        0x0 /opt/toolchains/sh-elf/bin/../lib/gcc/sh-elf/11.1.0/libgcc.a(_udivsi3.o)
 .data          0x000000000601c104        0x0 /opt/toolchains/sh-elf/bin/../lib/gcc/sh-elf/11.1.0/libgcc.a(_mul_df.o)
 .data          0x000000000601c104        0x0 /opt/toolchains/sh-elf/bin/../lib/gcc/sh-elf/11.1.0/libgcc.a(_si_to_df.o)
 .data          0x000000000601c104        0x0 /opt/toolchains/sh-elf/bin/../lib/gcc/sh-elf/11.1.0/libgcc.a(_df_to_si.o)
 .data          0x000000000601c104        0x0 /opt/toolchains/sh-elf/bin/../lib/gcc/sh-elf/11.1.0/libgcc.a(_thenan_df.o)
 .data          0x000000000601c104        0x0 /opt/toolchains/sh-elf/bin/../lib/gcc/sh-elf/11.1.0/libgcc.a(_lshiftrt.o)
 .data          0x000000000601c104        0x0 /opt/toolchains/sh-elf/bin/../lib/gcc/sh-elf/11.1.0/libgcc.a(_clzsi2.o)
 .data          0x000000000601c104        0x0 /opt/toolchains/sh-elf/bin/../lib/gcc/sh-elf/11.1.0/libgcc.a(_pack_df.o)
 .data          0x000000000601c104        0x0 /opt/toolchains/sh-elf/bin/../lib/gcc/sh-elf/11.1.0/libgcc.a(_unpack_df.o)
 .data          0x000000000601c104        0x0 /opt/toolchains/sh-elf/bin/../lib/gcc/sh-elf/11.1.0/libgcc.a(_clz.o)
 .data          0x000000000601c104        0x0 /opt/toolchains/sh-elf/bin/../lib/gcc/sh-elf/11.1.0/../../../../sh-elf/lib/libc.a(lib_a-memcpy.o)
 .data          0x000000000601c104        0x0 /opt/toolchains/sh-elf/bin/../lib/gcc/sh-elf/11.1.0/../../../../sh-elf/lib/libc.a(lib_a-memset.o)
                0x000000000601c110                . = ALIGN (0x10)
 *fill*         0x000000000601c104        0xc 
                0x000000000601c110                _edata = ABSOLUTE (.)

.bss            0x000000000601c110    0x16e20
                0x000000000601c110                _bss_start = .
 *(.bss)
 .bss           0x000000000601c110        0x0 entry.o
 .bss           0x000000000601c110        0x0 stack.o
 .bss           0x000000000601c110       0x34 vblank.o
                0x000000000601c110                _PadData1
                0x000000000601c112                _PadData1L
                0x000000000601c114                _PadData1E
                0x000000000601c116                _PadData2
                0x000000000601c118                _PadData2L
                0x000000000601c11a                _PadData2E
                0x000000000601c11c                _PadWorkArea
                0x000000000601c138                _perFlag
                0x000000000601c13c                _VblankFlg
                0x000000000601c140                _vblank_frames
 .bss           0x000000000601c144     0x1674 cd.o
 .bss           0x000000000601d7b8        0x0 crc.o
 .bss           0x000000000601d7b8        0x0 devcart.o
 .bss           0x000000000601d7b8      0x3e8 game.o
                0x000000000601d7b8                _boardVram
 .bss           0x000000000601dba0        0x2 pcmsys.o
                0x000000000601dba0                _numberPCMs
 .bss           0x000000000601dba2        0x0 piece.o
 .bss           0x000000000601dba2     0x14a0 print.o
                0x000000000601dba2                _text
 *fill*         0x000000000601f042        0x2 
 .bss           0x000000000601f044        0x8 rng.o
 .bss           0x000000000601f04c      0x17c scroll.o
                0x000000000601f04c                _scfg
 .bss           0x000000000601f1c8        0x0 sound.o
 .bss           0x000000000601f1c8    0x125fc sprite.o
                0x000000000601f1c8                _numSprites
                0x000000000601f1cc                _tileCount
                0x000000000601f1d0                _palCnt
                0x000000000601f1d4                _sprites
 .bss           0x00000000060317c4        0x4 main.o
                0x00000000060317c4                _frame
 .bss           0x00000000060317c8        0x4 ../sbl/segalib/lib/libsat.a(mth_rand.o)
 .bss           0x00000000060317cc        0x0 ../sbl/segalib/lib/libsat.a(mth_fixd.o)
 .bss           0x00000000060317cc        0x0 ../sbl/segalib/lib/libsat.a(mth_tri.o)
 .bss           0x00000000060317cc       0x7f ../sbl/segalib/lib/libsat.a(per_prt.o)
                0x00000000060317cc                _per_set_sys_flg
                0x00000000060317d0                _per_get_sys_data
                0x00000000060317dc                _per_get_time_adr
                0x00000000060317e0                _per_hot_res
                0x00000000060317e1                _per_time_out_flg
 *fill*         0x000000000603184b        0x1 
 .bss           0x000000000603184c       0x94 ../sbl/segalib/lib/libsat.a(spr_2c.o)
                0x000000000603184c                _SpCmdTblR
                0x0000000006031850                _SpCmdTbl
                0x0000000006031854                _SpCrCmdChain
                0x0000000006031858                _SpDrawPrtyBlk
                0x000000000603185c                _SpCmdChain
                0x0000000006031860                _SpCmdChainBlkNo
                0x0000000006031864                _SpDrawPrtyProcFlag
                0x0000000006031868                _SpDrawPrtyTopCmdNo
                0x000000000603186c                _SpCmdNo
                0x0000000006031870                _SpDrawPrtyBlkMax
                0x0000000006031874                _SpCharMax
                0x0000000006031878                _SpCharTbl
                0x000000000603187c                _SpLCoordY
                0x0000000006031880                _SpLCoordX
                0x0000000006031884                _Sp2OpenFlag
 .bss           0x00000000060318e0      0xf1c ../sbl/segalib/lib/libsat.a(scl_func.o)
                0x00000000060318e0                _SclRPMD
                0x00000000060318e4                _SclRotateMoveZ
                0x00000000060318ec                _SclRotateDisp
                0x00000000060318f4                _SclRotateZ
                0x00000000060318fc                _SclRotateXy
                0x0000000006031904                _SclRotateTableAddress
                0x0000000006031908                _SclRb
                0x0000000006031909                _SclRa
                0x000000000603190a                _SclRotXySw
                0x0000000006031910                _SclRbgKtbOffset
                0x0000000006031918                _SclRbgKtbAddr
                0x0000000006031920                _SclK_TableFlag
                0x0000000006031924                _SclK_TableNum
                0x000000000603192c                _SclK_TableBuff
                0x00000000060325fc                _SclRotregBuff
                0x00000000060326fc                _Scl_w_reg
                0x000000000603271c                _Scl_r_reg
                0x000000000603272c                _Scl_n_reg
                0x000000000603276c                _Scl_d_reg
                0x00000000060327b4                _Scl_s_reg
                0x00000000060327dc                _SclProcess
                0x00000000060327e0                _SclCurSclNum
                0x00000000060327e4                _SclLengthCsTbl
                0x00000000060327e6                _SclLengthLsTbl
                0x00000000060327e8                _SclAddrCsTbl
                0x00000000060327f0                _SclAddrLsTbl
 .bss           0x00000000060327fc        0x0 ../sbl/segalib/lib/libsat.a(scl_fu02.o)
 .bss           0x00000000060327fc        0x0 ../sbl/segalib/lib/libsat.a(scl_fu03.o)
 .bss           0x00000000060327fc        0x0 ../sbl/segalib/lib/libsat.a(scl_fu04.o)
 .bss           0x00000000060327fc      0x696 ../sbl/segalib/lib/libsat.a(scl_pri.o)
                0x00000000060327fc                _SclAutoRGB
                0x0000000006032dfc                _SclAutoPlusFlag
                0x0000000006032dfd                _SclAutoVeFlag
                0x0000000006032dfe                _SclAutoEndRate
                0x0000000006032dff                _SclAutoCurRate
                0x0000000006032e00                _SclAutoEndBlue2
                0x0000000006032e02                _SclAutoEndGreen2
                0x0000000006032e04                _SclAutoEndRed2
                0x0000000006032e06                _SclAutoEndBlue
                0x0000000006032e08                _SclAutoEndGreen
                0x0000000006032e0a                _SclAutoEndRed
                0x0000000006032e0c                _SclAutoBlue
                0x0000000006032e0e                _SclAutoGreen
                0x0000000006032e10                _SclAutoRed
                0x0000000006032e14                _SclAutoMax
                0x0000000006032e18                _SclAutoIndex
                0x0000000006032e1c                _SclAutoCount
                0x0000000006032e20                _SclAutoInterval
                0x0000000006032e24                _SclAutoSurface
                0x0000000006032e28                _SclColRamAlloc2048
                0x0000000006032e2c                _SclColRamAlloc256
                0x0000000006032e4c                _SclLineColRamOffset
                0x0000000006032e50                _SclPriBuffDirty
                0x0000000006032e54                _SclColOffset
                0x0000000006032e64                _SclBgColMix
                0x0000000006032e6c                _SclSpColMix
                0x0000000006032e74                _SclBgPriNum
                0x0000000006032e7a                _SclSpPriNum
                0x0000000006032e82                _SclOtherPri
 *fill*         0x0000000006032e92        0x2 
 .bss           0x0000000006032e94       0x58 ../sbl/segalib/lib/libsat.a(scl_ro00.o)
                0x0000000006032e94                _SclCsy
                0x0000000006032e9c                _SclCsx
 .bss           0x0000000006032eec        0x0 ../sbl/segalib/lib/libsat.a(scl_ro03.o)
 .bss           0x0000000006032eec        0x0 ../sbl/segalib/lib/libsat.a(scl_back.o)
 .bss           0x0000000006032eec       0x16 ../sbl/segalib/lib/libsat.a(scl_vblv.o)
                0x0000000006032eec                _frameChgFlag
                0x0000000006032ef0                _VBIntrDisableDepth
                0x0000000006032ef4                _ReqDisplayFlag2
                0x0000000006032ef8                _ReqDisplayFlag1
                0x0000000006032efc                _VBIntervalCounter
                0x0000000006032f00                _SpFrameChgMode
 .bss           0x0000000006032f02        0x0 ../sbl/segalib/lib/libsat.a(scl_pr01.o)
 .bss           0x0000000006032f02        0x0 ../sbl/segalib/lib/libsat.a(scl_pr02.o)
 .bss           0x0000000006032f02        0x0 ../sbl/segalib/lib/libsat.a(scl_pr03.o)
 .bss           0x0000000006032f02        0x0 ../sbl/segalib/lib/libsat.a(scl_pr05.o)
 .bss           0x0000000006032f02        0x0 ../sbl/segalib/lib/libsat.a(scl_pr06.o)
 .bss           0x0000000006032f02        0x0 ../sbl/segalib/lib/libsat.a(scl_pr07.o)
 *fill*         0x0000000006032f02        0x2 
 .bss           0x0000000006032f04       0x20 ../sbl/segalib/lib/libsat.a(spr_1c.o)
                0x0000000006032f04                _SpDil
                0x0000000006032f06                _SpDie
                0x0000000006032f08                _SpFbcrMode
                0x0000000006032f0a                _SpTvMode
                0x0000000006032f0c                _SpScreenY
                0x0000000006032f10                _SpScreenX
                0x0000000006032f14                _SpInitialFlag
 .bss           0x0000000006032f24        0x0 ../sbl/segalib/lib/libsat.a(spr_2a.o)
 .bss           0x0000000006032f24        0x0 /opt/toolchains/sh-elf/bin/../lib/gcc/sh-elf/11.1.0/libgcc.a(_ashiftrt.o)
 .bss           0x0000000006032f24        0x0 /opt/toolchains/sh-elf/bin/../lib/gcc/sh-elf/11.1.0/libgcc.a(_ashiftrt_n.o)
 .bss           0x0000000006032f24        0x0 /opt/toolchains/sh-elf/bin/../lib/gcc/sh-elf/11.1.0/libgcc.a(_ashiftlt.o)
 .bss           0x0000000006032f24        0x0 /opt/toolchains/sh-elf/bin/../lib/gcc/sh-elf/11.1.0/libgcc.a(_movmem.o)
 .bss           0x0000000006032f24        0x0 /opt/toolchains/sh-elf/bin/../lib/gcc/sh-elf/11.1.0/libgcc.a(_sdivsi3.o)
 .bss           0x0000000006032f24        0x0 /opt/toolchains/sh-elf/bin/../lib/gcc/sh-elf/11.1.0/libgcc.a(_udivsi3.o)
 .bss           0x0000000006032f24        0x0 /opt/toolchains/sh-elf/bin/../lib/gcc/sh-elf/11.1.0/libgcc.a(_mul_df.o)
 .bss           0x0000000006032f24        0x0 /opt/toolchains/sh-elf/bin/../lib/gcc/sh-elf/11.1.0/libgcc.a(_si_to_df.o)
 .bss           0x0000000006032f24        0x0 /opt/toolchains/sh-elf/bin/../lib/gcc/sh-elf/11.1.0/libgcc.a(_df_to_si.o)
 .bss           0x0000000006032f24        0x0 /opt/toolchains/sh-elf/bin/../lib/gcc/sh-elf/11.1.0/libgcc.a(_thenan_df.o)
 .bss           0x0000000006032f24        0x0 /opt/toolchains/sh-elf/bin/../lib/gcc/sh-elf/11.1.0/libgcc.a(_lshiftrt.o)
 .bss           0x0000000006032f24        0x0 /opt/toolchains/sh-elf/bin/../lib/gcc/sh-elf/11.1.0/libgcc.a(_clzsi2.o)
 .bss           0x0000000006032f24        0x0 /opt/toolchains/sh-elf/bin/../lib/gcc/sh-elf/11.1.0/libgcc.a(_pack_df.o)
 .bss           0x0000000006032f24        0x0 /opt/toolchains/sh-elf/bin/../lib/gcc/sh-elf/11.1.0/libgcc.a(_unpack_df.o)
 .bss           0x0000000006032f24        0x0 /opt/toolchains/sh-elf/bin/../lib/gcc/sh-elf/11.1.0/libgcc.a(_clz.o)
 .bss           0x0000000006032f24        0x0 /opt/toolchains/sh-elf/bin/../lib/gcc/sh-elf/11.1.0/../../../../sh-elf/lib/libc.a(lib_a-memcpy.o)
 .bss           0x0000000006032f24        0x0 /opt/toolchains/sh-elf/bin/../lib/gcc/sh-elf/11.1.0/../../../../sh-elf/lib/libc.a(lib_a-memset.o)
 *(COMMON)
                0x0000000006032f24                _bss_end = .
                0x0000000006032f30                . = ALIGN (0x10)
 *fill*         0x0000000006032f24        0xc 
                0x0000000006032f30                _end = ABSOLUTE (.)

.stack          0x0000000006032f30     0x2000
 *(.stack)
 .stack         0x0000000006032f30     0x2000 stack.o
                0x0000000006032f30                _PROG_STK
                0x0000000006034f30                _stack = .

.lwram          0x0000000000200000        0x0
                0x0000000000200000                . = ALIGN (0x10)
 *(.lwram)
                0x0000000000200000                . = ALIGN (0x10)

.vdp2_vram      0x0000000005e00000        0x0
                0x0000000005e00000                . = ALIGN (0x10)
 *(.vdp2_vram)
                0x0000000005e00000                . = ALIGN (0x10)
OUTPUT(main.elf elf32-sh)

.debug_info     0x0000000000000000     0x5a5d
 .debug_info    0x0000000000000000      0x40f vblank.o
 .debug_info    0x000000000000040f      0x7b2 cd.o
 .debug_info    0x0000000000000bc1      0x127 crc.o
 .debug_info    0x0000000000000ce8      0x3e9 devcart.o
 .debug_info    0x00000000000010d1      0xc4f game.o
 .debug_info    0x0000000000001d20      0x58f pcmsys.o
 .debug_info    0x00000000000022af       0x69 piece.o
 .debug_info    0x0000000000002318      0x38e print.o
 .debug_info    0x00000000000026a6      0x230 rng.o
 .debug_info    0x00000000000028d6      0xa73 scroll.o
 .debug_info    0x0000000000003349      0x332 sound.o
 .debug_info    0x000000000000367b      0xd37 sprite.o
 .debug_info    0x00000000000043b2      0x4e2 main.o
 .debug_info    0x0000000000004894      0x4d2 /opt/toolchains/sh-elf/bin/../lib/gcc/sh-elf/11.1.0/libgcc.a(_mul_df.o)
 .debug_info    0x0000000000004d66      0x259 /opt/toolchains/sh-elf/bin/../lib/gcc/sh-elf/11.1.0/libgcc.a(_si_to_df.o)
 .debug_info    0x0000000000004fbf      0x2a5 /opt/toolchains/sh-elf/bin/../lib/gcc/sh-elf/11.1.0/libgcc.a(_df_to_si.o)
 .debug_info    0x0000000000005264      0x15b /opt/toolchains/sh-elf/bin/../lib/gcc/sh-elf/11.1.0/libgcc.a(_thenan_df.o)
 .debug_info    0x00000000000053bf      0x130 /opt/toolchains/sh-elf/bin/../lib/gcc/sh-elf/11.1.0/libgcc.a(_clzsi2.o)
 .debug_info    0x00000000000054ef      0x298 /opt/toolchains/sh-elf/bin/../lib/gcc/sh-elf/11.1.0/libgcc.a(_pack_df.o)
 .debug_info    0x0000000000005787      0x20c /opt/toolchains/sh-elf/bin/../lib/gcc/sh-elf/11.1.0/libgcc.a(_unpack_df.o)
 .debug_info    0x0000000000005993       0xca /opt/toolchains/sh-elf/bin/../lib/gcc/sh-elf/11.1.0/libgcc.a(_clz.o)

.debug_abbrev   0x0000000000000000     0x2253
 .debug_abbrev  0x0000000000000000      0x1b6 vblank.o
 .debug_abbrev  0x00000000000001b6      0x23c cd.o
 .debug_abbrev  0x00000000000003f2       0xae crc.o
 .debug_abbrev  0x00000000000004a0      0x19d devcart.o
 .debug_abbrev  0x000000000000063d      0x329 game.o
 .debug_abbrev  0x0000000000000966      0x1c7 pcmsys.o
 .debug_abbrev  0x0000000000000b2d       0x5a piece.o
 .debug_abbrev  0x0000000000000b87      0x181 print.o
 .debug_abbrev  0x0000000000000d08      0x163 rng.o
 .debug_abbrev  0x0000000000000e6b      0x283 scroll.o
 .debug_abbrev  0x00000000000010ee      0x1a8 sound.o
 .debug_abbrev  0x0000000000001296      0x307 sprite.o
 .debug_abbrev  0x000000000000159d      0x1e1 main.o
 .debug_abbrev  0x000000000000177e      0x278 /opt/toolchains/sh-elf/bin/../lib/gcc/sh-elf/11.1.0/libgcc.a(_mul_df.o)
 .debug_abbrev  0x00000000000019f6      0x1b2 /opt/toolchains/sh-elf/bin/../lib/gcc/sh-elf/11.1.0/libgcc.a(_si_to_df.o)
 .debug_abbrev  0x0000000000001ba8      0x1b2 /opt/toolchains/sh-elf/bin/../lib/gcc/sh-elf/11.1.0/libgcc.a(_df_to_si.o)
 .debug_abbrev  0x0000000000001d5a       0xcf /opt/toolchains/sh-elf/bin/../lib/gcc/sh-elf/11.1.0/libgcc.a(_thenan_df.o)
 .debug_abbrev  0x0000000000001e29       0xca /opt/toolchains/sh-elf/bin/../lib/gcc/sh-elf/11.1.0/libgcc.a(_clzsi2.o)
 .debug_abbrev  0x0000000000001ef3      0x1ae /opt/toolchains/sh-elf/bin/../lib/gcc/sh-elf/11.1.0/libgcc.a(_pack_df.o)
 .debug_abbrev  0x00000000000020a1      0x142 /opt/toolchains/sh-elf/bin/../lib/gcc/sh-elf/11.1.0/libgcc.a(_unpack_df.o)
 .debug_abbrev  0x00000000000021e3       0x70 /opt/toolchains/sh-elf/bin/../lib/gcc/sh-elf/11.1.0/libgcc.a(_clz.o)

.debug_aranges  0x0000000000000000      0x288
 .debug_aranges
                0x0000000000000000       0x20 vblank.o
 .debug_aranges
                0x0000000000000020       0x20 cd.o
 .debug_aranges
                0x0000000000000040       0x20 crc.o
 .debug_aranges
                0x0000000000000060       0x20 devcart.o
 .debug_aranges
                0x0000000000000080       0x20 game.o
 .debug_aranges
                0x00000000000000a0       0x20 pcmsys.o
 .debug_aranges
                0x00000000000000c0       0x18 piece.o
 .debug_aranges
                0x00000000000000d8       0x20 print.o
 .debug_aranges
                0x00000000000000f8       0x20 rng.o
 .debug_aranges
                0x0000000000000118       0x20 scroll.o
 .debug_aranges
                0x0000000000000138       0x20 sound.o
 .debug_aranges
                0x0000000000000158       0x20 sprite.o
 .debug_aranges
                0x0000000000000178       0x20 main.o
 .debug_aranges
                0x0000000000000198       0x20 /opt/toolchains/sh-elf/bin/../lib/gcc/sh-elf/11.1.0/libgcc.a(_mul_df.o)
 .debug_aranges
                0x00000000000001b8       0x20 /opt/toolchains/sh-elf/bin/../lib/gcc/sh-elf/11.1.0/libgcc.a(_si_to_df.o)
 .debug_aranges
                0x00000000000001d8       0x20 /opt/toolchains/sh-elf/bin/../lib/gcc/sh-elf/11.1.0/libgcc.a(_df_to_si.o)
 .debug_aranges
                0x00000000000001f8       0x18 /opt/toolchains/sh-elf/bin/../lib/gcc/sh-elf/11.1.0/libgcc.a(_thenan_df.o)
 .debug_aranges
                0x0000000000000210       0x20 /opt/toolchains/sh-elf/bin/../lib/gcc/sh-elf/11.1.0/libgcc.a(_clzsi2.o)
 .debug_aranges
                0x0000000000000230       0x20 /opt/toolchains/sh-elf/bin/../lib/gcc/sh-elf/11.1.0/libgcc.a(_pack_df.o)
 .debug_aranges
                0x0000000000000250       0x20 /opt/toolchains/sh-elf/bin/../lib/gcc/sh-elf/11.1.0/libgcc.a(_unpack_df.o)
 .debug_aranges
                0x0000000000000270       0x18 /opt/toolchains/sh-elf/bin/../lib/gcc/sh-elf/11.1.0/libgcc.a(_clz.o)

.debug_line     0x0000000000000000     0x2abe
 .debug_line    0x0000000000000000       0xf6 vblank.o
 .debug_line    0x00000000000000f6       0x9d cd.o
 .debug_line    0x0000000000000193       0xa3 crc.o
 .debug_line    0x0000000000000236      0x215 devcart.o
 .debug_line    0x000000000000044b      0x741 game.o
 .debug_line    0x0000000000000b8c      0x4c8 pcmsys.o
 .debug_line    0x0000000000001054       0x33 piece.o
 .debug_line    0x0000000000001087      0x177 print.o
 .debug_line    0x00000000000011fe      0x152 rng.o
 .debug_line    0x0000000000001350      0x3fd scroll.o
 .debug_line    0x000000000000174d      0x191 sound.o
 .debug_line    0x00000000000018de      0x579 sprite.o
 .debug_line    0x0000000000001e57      0x1bd main.o
 .debug_line    0x0000000000002014      0x2d6 /opt/toolchains/sh-elf/bin/../lib/gcc/sh-elf/11.1.0/libgcc.a(_mul_df.o)
 .debug_line    0x00000000000022ea      0x13d /opt/toolchains/sh-elf/bin/../lib/gcc/sh-elf/11.1.0/libgcc.a(_si_to_df.o)
 .debug_line    0x0000000000002427       0xf6 /opt/toolchains/sh-elf/bin/../lib/gcc/sh-elf/11.1.0/libgcc.a(_df_to_si.o)
 .debug_line    0x000000000000251d       0x50 /opt/toolchains/sh-elf/bin/../lib/gcc/sh-elf/11.1.0/libgcc.a(_thenan_df.o)
 .debug_line    0x000000000000256d       0xad /opt/toolchains/sh-elf/bin/../lib/gcc/sh-elf/11.1.0/libgcc.a(_clzsi2.o)
 .debug_line    0x000000000000261a      0x30c /opt/toolchains/sh-elf/bin/../lib/gcc/sh-elf/11.1.0/libgcc.a(_pack_df.o)
 .debug_line    0x0000000000002926      0x146 /opt/toolchains/sh-elf/bin/../lib/gcc/sh-elf/11.1.0/libgcc.a(_unpack_df.o)
 .debug_line    0x0000000000002a6c       0x52 /opt/toolchains/sh-elf/bin/../lib/gcc/sh-elf/11.1.0/libgcc.a(_clz.o)

.debug_str      0x0000000000000000     0x1776
 .debug_str     0x0000000000000000      0x236 vblank.o
                                        0x298 (size before relaxing)
 .debug_str     0x0000000000000236      0x241 cd.o
                                        0x333 (size before relaxing)
 .debug_str     0x0000000000000477       0x72 crc.o
                                        0x121 (size before relaxing)
 .debug_str     0x00000000000004e9       0xfc devcart.o
                                        0x246 (size before relaxing)
 .debug_str     0x00000000000005e5      0x3d2 game.o
                                        0x4d7 (size before relaxing)
 .debug_str     0x00000000000009b7      0x161 pcmsys.o
                                        0x2fb (size before relaxing)
 .debug_str     0x0000000000000b18        0x8 piece.o
                                         0x62 (size before relaxing)
 .debug_str     0x0000000000000b20       0x56 print.o
                                        0x1dc (size before relaxing)
 .debug_str     0x0000000000000b76       0x7c rng.o
                                        0x184 (size before relaxing)
 .debug_str     0x0000000000000bf2      0x3a5 scroll.o
                                        0x4f0 (size before relaxing)
 .debug_str     0x0000000000000f97       0xc7 sound.o
                                        0x201 (size before relaxing)
 .debug_str     0x000000000000105e      0x349 sprite.o
                                        0x56d (size before relaxing)
 .debug_str     0x00000000000013a7      0x12c main.o
                                        0x34b (size before relaxing)
 .debug_str     0x00000000000014d3      0x212 /opt/toolchains/sh-elf/bin/../lib/gcc/sh-elf/11.1.0/libgcc.a(_mul_df.o)
                                        0x28a (size before relaxing)
 .debug_str     0x00000000000016e5       0x27 /opt/toolchains/sh-elf/bin/../lib/gcc/sh-elf/11.1.0/libgcc.a(_si_to_df.o)
                                        0x216 (size before relaxing)
 .debug_str     0x000000000000170c        0xa /opt/toolchains/sh-elf/bin/../lib/gcc/sh-elf/11.1.0/libgcc.a(_df_to_si.o)
                                        0x233 (size before relaxing)
 .debug_str     0x0000000000001716      0x1d5 /opt/toolchains/sh-elf/bin/../lib/gcc/sh-elf/11.1.0/libgcc.a(_thenan_df.o)
 .debug_str     0x0000000000001716       0x59 /opt/toolchains/sh-elf/bin/../lib/gcc/sh-elf/11.1.0/libgcc.a(_clzsi2.o)
                                        0x198 (size before relaxing)
 .debug_str     0x000000000000176f        0x7 /opt/toolchains/sh-elf/bin/../lib/gcc/sh-elf/11.1.0/libgcc.a(_pack_df.o)
                                        0x227 (size before relaxing)
 .debug_str     0x0000000000001776      0x209 /opt/toolchains/sh-elf/bin/../lib/gcc/sh-elf/11.1.0/libgcc.a(_unpack_df.o)
 .debug_str     0x0000000000001776      0x17b /opt/toolchains/sh-elf/bin/../lib/gcc/sh-elf/11.1.0/libgcc.a(_clz.o)

.comment        0x0000000000000000       0x12
 .comment       0x0000000000000000       0x12 vblank.o
                                         0x13 (size before relaxing)
 .comment       0x0000000000000012       0x13 cd.o
 .comment       0x0000000000000012       0x13 crc.o
 .comment       0x0000000000000012       0x13 devcart.o
 .comment       0x0000000000000012       0x13 game.o
 .comment       0x0000000000000012       0x13 pcmsys.o
 .comment       0x0000000000000012       0x13 piece.o
 .comment       0x0000000000000012       0x13 print.o
 .comment       0x0000000000000012       0x13 rng.o
 .comment       0x0000000000000012       0x13 scroll.o
 .comment       0x0000000000000012       0x13 sound.o
 .comment       0x0000000000000012       0x13 sprite.o
 .comment       0x0000000000000012       0x13 main.o
 .comment       0x0000000000000012       0x13 ../sbl/segalib/lib/libsat.a(mth_rand.o)
 .comment       0x0000000000000012       0x13 ../sbl/segalib/lib/libsat.a(per_prt.o)
 .comment       0x0000000000000012       0x13 ../sbl/segalib/lib/libsat.a(spr_2c.o)
 .comment       0x0000000000000012       0x13 ../sbl/segalib/lib/libsat.a(scl_func.o)
 .comment       0x0000000000000012       0x13 ../sbl/segalib/lib/libsat.a(scl_fu02.o)
 .comment       0x0000000000000012       0x13 ../sbl/segalib/lib/libsat.a(scl_fu03.o)
 .comment       0x0000000000000012       0x13 ../sbl/segalib/lib/libsat.a(scl_fu04.o)
 .comment       0x0000000000000012       0x13 ../sbl/segalib/lib/libsat.a(scl_pri.o)
 .comment       0x0000000000000012       0x13 ../sbl/segalib/lib/libsat.a(scl_ro00.o)
 .comment       0x0000000000000012       0x13 ../sbl/segalib/lib/libsat.a(scl_ro03.o)
 .comment       0x0000000000000012       0x13 ../sbl/segalib/lib/libsat.a(scl_back.o)
 .comment       0x0000000000000012       0x13 ../sbl/segalib/lib/libsat.a(scl_vblv.o)
 .comment       0x0000000000000012       0x13 ../sbl/segalib/lib/libsat.a(scl_pr01.o)
 .comment       0x0000000000000012       0x13 ../sbl/segalib/lib/libsat.a(scl_pr02.o)
 .comment       0x0000000000000012       0x13 ../sbl/segalib/lib/libsat.a(scl_pr03.o)
 .comment       0x0000000000000012       0x13 ../sbl/segalib/lib/libsat.a(scl_pr05.o)
 .comment       0x0000000000000012       0x13 ../sbl/segalib/lib/libsat.a(scl_pr06.o)
 .comment       0x0000000000000012       0x13 ../sbl/segalib/lib/libsat.a(scl_pr07.o)
 .comment       0x0000000000000012       0x13 ../sbl/segalib/lib/libsat.a(spr_1c.o)
 .comment       0x0000000000000012       0x13 /opt/toolchains/sh-elf/bin/../lib/gcc/sh-elf/11.1.0/libgcc.a(_mul_df.o)
 .comment       0x0000000000000012       0x13 /opt/toolchains/sh-elf/bin/../lib/gcc/sh-elf/11.1.0/libgcc.a(_si_to_df.o)
 .comment       0x0000000000000012       0x13 /opt/toolchains/sh-elf/bin/../lib/gcc/sh-elf/11.1.0/libgcc.a(_df_to_si.o)
 .comment       0x0000000000000012       0x13 /opt/toolchains/sh-elf/bin/../lib/gcc/sh-elf/11.1.0/libgcc.a(_thenan_df.o)
 .comment       0x0000000000000012       0x13 /opt/toolchains/sh-elf/bin/../lib/gcc/sh-elf/11.1.0/libgcc.a(_clzsi2.o)
 .comment       0x0000000000000012       0x13 /opt/toolchains/sh-elf/bin/../lib/gcc/sh-elf/11.1.0/libgcc.a(_pack_df.o)
 .comment       0x0000000000000012       0x13 /opt/toolchains/sh-elf/bin/../lib/gcc/sh-elf/11.1.0/libgcc.a(_unpack_df.o)
 .comment       0x0000000000000012       0x13 /opt/toolchains/sh-elf/bin/../lib/gcc/sh-elf/11.1.0/libgcc.a(_clz.o)

.debug_frame    0x0000000000000000     0x11c0
 .debug_frame   0x0000000000000000       0xb8 vblank.o
 .debug_frame   0x00000000000000b8       0x90 cd.o
 .debug_frame   0x0000000000000148       0x38 crc.o
 .debug_frame   0x0000000000000180      0x198 devcart.o
 .debug_frame   0x0000000000000318      0x384 game.o
 .debug_frame   0x000000000000069c      0x1e0 pcmsys.o
 .debug_frame   0x000000000000087c       0xf4 print.o
 .debug_frame   0x0000000000000970       0xc0 rng.o
 .debug_frame   0x0000000000000a30      0x240 scroll.o
 .debug_frame   0x0000000000000c70       0xbc sound.o
 .debug_frame   0x0000000000000d2c      0x284 sprite.o
 .debug_frame   0x0000000000000fb0       0x30 main.o
 .debug_frame   0x0000000000000fe0       0x98 /opt/toolchains/sh-elf/bin/../lib/gcc/sh-elf/11.1.0/libgcc.a(_mul_df.o)
 .debug_frame   0x0000000000001078       0x3c /opt/toolchains/sh-elf/bin/../lib/gcc/sh-elf/11.1.0/libgcc.a(_si_to_df.o)
 .debug_frame   0x00000000000010b4       0x48 /opt/toolchains/sh-elf/bin/../lib/gcc/sh-elf/11.1.0/libgcc.a(_df_to_si.o)
 .debug_frame   0x00000000000010fc       0x38 /opt/toolchains/sh-elf/bin/../lib/gcc/sh-elf/11.1.0/libgcc.a(_clzsi2.o)
 .debug_frame   0x0000000000001134       0x6c /opt/toolchains/sh-elf/bin/../lib/gcc/sh-elf/11.1.0/libgcc.a(_pack_df.o)
 .debug_frame   0x00000000000011a0       0x20 /opt/toolchains/sh-elf/bin/../lib/gcc/sh-elf/11.1.0/libgcc.a(_unpack_df.o)

.debug_loclists
                0x0000000000000000      0x670
 .debug_loclists
                0x0000000000000000      0x30c /opt/toolchains/sh-elf/bin/../lib/gcc/sh-elf/11.1.0/libgcc.a(_mul_df.o)
 .debug_loclists
                0x000000000000030c       0x6c /opt/toolchains/sh-elf/bin/../lib/gcc/sh-elf/11.1.0/libgcc.a(_si_to_df.o)
 .debug_loclists
                0x0000000000000378       0x35 /opt/toolchains/sh-elf/bin/../lib/gcc/sh-elf/11.1.0/libgcc.a(_df_to_si.o)
 .debug_loclists
                0x00000000000003ad       0x22 /opt/toolchains/sh-elf/bin/../lib/gcc/sh-elf/11.1.0/libgcc.a(_clzsi2.o)
 .debug_loclists
                0x00000000000003cf      0x230 /opt/toolchains/sh-elf/bin/../lib/gcc/sh-elf/11.1.0/libgcc.a(_pack_df.o)
 .debug_loclists
                0x00000000000005ff       0x71 /opt/toolchains/sh-elf/bin/../lib/gcc/sh-elf/11.1.0/libgcc.a(_unpack_df.o)

.debug_rnglists
                0x0000000000000000       0xf1
 .debug_rnglists
                0x0000000000000000       0x2e /opt/toolchains/sh-elf/bin/../lib/gcc/sh-elf/11.1.0/libgcc.a(_mul_df.o)
 .debug_rnglists
                0x000000000000002e       0x26 /opt/toolchains/sh-elf/bin/../lib/gcc/sh-elf/11.1.0/libgcc.a(_si_to_df.o)
 .debug_rnglists
                0x0000000000000054       0x1f /opt/toolchains/sh-elf/bin/../lib/gcc/sh-elf/11.1.0/libgcc.a(_clzsi2.o)
 .debug_rnglists
                0x0000000000000073       0x7e /opt/toolchains/sh-elf/bin/../lib/gcc/sh-elf/11.1.0/libgcc.a(_pack_df.o)
