Archive member included to satisfy reference by file (symbol)

../sbl/segalib/lib/libsat.a(cdc_cmn.o)
                              main.o (_CDC_GetPeriStat)
../sbl/segalib/lib/libsat.a(cdc_drv.o)
                              sound.o (_CDC_CdPlay)
../sbl/segalib/lib/libsat.a(dma_scu1.o)
                              main.o (_DMA_ScuInit)
../sbl/segalib/lib/libsat.a(gfs.o)
                              cd.o (_GFS_SetDir)
../sbl/segalib/lib/libsat.a(gfs_buf.o)
                              ../sbl/segalib/lib/libsat.a(gfs.o) (_GFBF_GetNumData)
../sbl/segalib/lib/libsat.a(gfs_cdb.o)
                              ../sbl/segalib/lib/libsat.a(gfs.o) (_GFCB_Close)
../sbl/segalib/lib/libsat.a(gfs_cdc.o)
                              ../sbl/segalib/lib/libsat.a(gfs_cdb.o) (_GFCD_AllocFilt)
../sbl/segalib/lib/libsat.a(gfs_cdf.o)
                              ../sbl/segalib/lib/libsat.a(gfs.o) (_GFCF_Init)
../sbl/segalib/lib/libsat.a(gfs_dir.o)
                              ../sbl/segalib/lib/libsat.a(gfs.o) (_GFDR_NameToId)
../sbl/segalib/lib/libsat.a(gfs_trn.o)
                              ../sbl/segalib/lib/libsat.a(gfs.o) (_GFTR_Setup)
../sbl/segalib/lib/libsat.a(mth_rand.o)
                              rng.o (_MTH_InitialRand)
../sbl/segalib/lib/libsat.a(mth_fixd.o)
                              sprite.o (_MTH_Mul)
../sbl/segalib/lib/libsat.a(mth_tri.o)
                              sprite.o (_MTH_Sin)
../sbl/segalib/lib/libsat.a(per_prt.o)
                              vblank.o (_PER_Init)
../sbl/segalib/lib/libsat.a(spr_2c.o)
                              sprite.o (_SPR_2SetTvMode)
../sbl/segalib/lib/libsat.a(scl_func.o)
                              scroll.o (_Scl_n_reg)
../sbl/segalib/lib/libsat.a(scl_fu02.o)
                              scroll.o (_SCL_InitVramConfigTb)
../sbl/segalib/lib/libsat.a(scl_fu03.o)
                              scroll.o (_SCL_InitConfigTb)
../sbl/segalib/lib/libsat.a(scl_fu04.o)
                              scroll.o (_SCL_SetCycleTable)
../sbl/segalib/lib/libsat.a(scl_pri.o)
                              ../sbl/segalib/lib/libsat.a(scl_func.o) (_SCL_PriorityInit)
../sbl/segalib/lib/libsat.a(scl_ro00.o)
                              scroll.o (_SCL_InitRotateTable)
../sbl/segalib/lib/libsat.a(scl_ro03.o)
                              bg.o (_SCL_RotateTo)
../sbl/segalib/lib/libsat.a(scl_back.o)
                              scroll.o (_SCL_SetBack)
../sbl/segalib/lib/libsat.a(scl_vblv.o)
                              ../sbl/segalib/lib/libsat.a(spr_2c.o) (_SCL_SetFrameInterval)
../sbl/segalib/lib/libsat.a(scl_pr01.o)
                              sprite.o (_SCL_SetSpriteMode)
../sbl/segalib/lib/libsat.a(scl_pr02.o)
                              scroll.o (_SCL_SetColRam)
../sbl/segalib/lib/libsat.a(scl_pr03.o)
                              scroll.o (_SCL_AllocColRam)
../sbl/segalib/lib/libsat.a(scl_pr05.o)
                              ../sbl/segalib/lib/libsat.a(scl_pr02.o) (_SCL_GetColRamOffset)
../sbl/segalib/lib/libsat.a(scl_pr06.o)
                              ../sbl/segalib/lib/libsat.a(scl_pr03.o) (_SCL_SetColRamOffset)
../sbl/segalib/lib/libsat.a(scl_pr07.o)
                              scroll.o (_SCL_SetPriority)
../sbl/segalib/lib/libsat.a(scl_pr11.o)
                              bg.o (_SCL_SetAutoColOffset)
../sbl/segalib/lib/libsat.a(scl_pr12.o)
                              bg.o (_SCL_SetColOffset)
../sbl/segalib/lib/libsat.a(cdc_reg.o)
                              ../sbl/segalib/lib/libsat.a(gfs_cdb.o) (_CDC_GetDataPtr)
../sbl/segalib/lib/libsat.a(cdc_sub.o)
                              ../sbl/segalib/lib/libsat.a(cdc_cmn.o) (_CDSUB_GetCdstat)
../sbl/segalib/lib/libsat.a(cdc_dev.o)
                              ../sbl/segalib/lib/libsat.a(gfs_cdc.o) (_CDC_CdSetCon)
../sbl/segalib/lib/libsat.a(cdc_sel.o)
                              ../sbl/segalib/lib/libsat.a(gfs_cdc.o) (_CDC_SetFiltRange)
../sbl/segalib/lib/libsat.a(cdc_bif.o)
                              ../sbl/segalib/lib/libsat.a(gfs_cdc.o) (_CDC_GetBufSiz)
../sbl/segalib/lib/libsat.a(cdc_bio.o)
                              ../sbl/segalib/lib/libsat.a(gfs_cdc.o) (_CDC_SetSctLen)
../sbl/segalib/lib/libsat.a(cdc_cfs.o)
                              ../sbl/segalib/lib/libsat.a(gfs_cdc.o) (_CDC_ChgDir)
../sbl/segalib/lib/libsat.a(csh_main.o)
                              ../sbl/segalib/lib/libsat.a(dma_scu1.o) (_CSH_Purge)
../sbl/segalib/lib/libsat.a(dma_cpu0.o)
                              ../sbl/segalib/lib/libsat.a(gfs_trn.o) (_DMA_CpuSetComPrm)
../sbl/segalib/lib/libsat.a(dma_scu0.o)
                              ../sbl/segalib/lib/libsat.a(dma_scu1.o) (_DMA_ScuSetPrm)
../sbl/segalib/lib/libsat.a(spr_1c.o)
                              ../sbl/segalib/lib/libsat.a(spr_2c.o) (_SPR_SetTvMode)
../sbl/segalib/lib/libsat.a(spr_2a.o)
                              ../sbl/segalib/lib/libsat.a(spr_2c.o) (_SPR_2SetDrawPrty)
/opt/toolchains/sh-elf/bin/../lib/gcc/sh-elf/11.1.0/libgcc.a(_ashiftrt.o)
[...]
Memory Configuration

Name             Origin             Length             Attributes
*default*        0x0000000000000000 0xffffffffffffffff

Linker script and memory map

LOAD entry.o
LOAD stack.o
LOAD vblank.o
LOAD bg.o
LOAD cd.o
LOAD crc.o
LOAD devcart.o
LOAD game.o
LOAD hwram.o
LOAD rank.o
LOAD pcmsys.o
LOAD piece.o
LOAD print.o
LOAD rng.o
LOAD scroll.o
LOAD sound.o
LOAD sprite.o
LOAD main.o
LOAD ../sbl/segalib/lib/libsat.a
LOAD /opt/toolchains/sh-elf/bin/../lib/gcc/sh-elf/11.1.0/libgcc.a
LOAD /opt/toolchains/sh-elf/bin/../lib/gcc/sh-elf/11.1.0/libgcc-Os-4-200.a
LOAD /opt/toolchains/sh-elf/bin/../lib/gcc/sh-elf/11.1.0/../../../../sh-elf/lib/libc.a
LOAD /opt/toolchains/sh-elf/bin/../lib/gcc/sh-elf/11.1.0/libgcc.a
LOAD /opt/toolchains/sh-elf/bin/../lib/gcc/sh-elf/11.1.0/libgcc-Os-4-200.a

.entry          0x0000000006010000       0x60
 *(.entry)
 .entry         0x0000000006010000       0x50 entry.o
                0x0000000006010000                _entry
                0x0000000006010060                . = ALIGN (0x20)
 *fill*         0x0000000006010050       0x10 
                0x0000000006010060                _eentry = ABSOLUTE (.)

.text           0x0000000006010060    0x10280
 *(.text*)
 .text          0x0000000006010060        0x0 entry.o
 .text          0x0000000006010060        0x0 stack.o
 .text          0x0000000006010060      0x148 vblank.o
                0x0000000006010060                _CheckVblankEnd
                0x0000000006010070                _UsrVblankIn
                0x0000000006010088                _UsrVblankOut
                0x0000000006010118                _SetVblank
 .text          0x00000000060101a8      0x3b4 bg.o
                0x00000000060101a8                _BG_Init
                0x000000000601032c                _BG_Run
                0x0000000006010520                _BG_Next
 .text          0x000000000601055c       0xdc cd.o
                0x000000000601055c                _CD_Init
                0x0000000006010584                _CD_ChangeDir
                0x00000000060105c4                _CD_Load
 .text          0x0000000006010638       0x20 crc.o
                0x0000000006010638                _crc_update
 .text          0x0000000006010658      0x1d4 devcart.o
                0x00000000060106ac                _Devcart_LoadFile
                0x0000000006010778                _Devcart_PrintStr
                0x00000000060107b0                _Devcart_Reset
                0x00000000060107f4                _Devcart_ChangeDir
 .text          0x000000000601082c     0x1034 game.o
                0x0000000006010c74                _Game_Init
                0x0000000006010f88                _Game_Run
 .text          0x0000000006011860        0x0 hwram.o
 .text          0x0000000006011860      0x194 rank.o
                0x0000000006011860                _Rank_Setup
                0x000000000601186c                _Rank_Init
                0x000000000601193c                _Rank_Run
 .text          0x00000000060119f4      0x35c pcmsys.o
                0x00000000060119f4                _smpc_wait_till_ready
                0x0000000006011a08                _smpc_issue_command
                0x0000000006011a1c                _load_driver_binary
                0x0000000006011a90                _load_drv
                0x0000000006011ac8                _calculate_bytes_per_blank
                0x0000000006011af8                _load_16bit_pcm
                0x0000000006011bf4                _load_8bit_pcm
                0x0000000006011cec                _pcm_play
                0x0000000006011d10                _pcm_parameter_change
                0x0000000006011d2c                _pcm_cease
 .text          0x0000000006011d50        0x0 piece.o
 .text          0x0000000006011d50      0x154 print.o
                0x0000000006011d50                _Print_Load
                0x0000000006011d60                _Print_Init
                0x0000000006011d78                _Print_Num
                0x0000000006011dbc                _Print_String
                0x0000000006011e14                _Print_Display
 .text          0x0000000006011ea4       0xf4 rng.o
                0x0000000006011ea4                _RNG_Init
                0x0000000006011ef8                _RNG_Get
 .text          0x0000000006011f98      0x5ac scroll.o
                0x0000000006011f98                _Scroll_Init
                0x0000000006012228                _Scroll_TilePtr
                0x000000000601227c                _Scroll_LoadTile
                0x00000000060122fc                _Scroll_MapPtr
                0x0000000006012334                _Scroll_Scale
                0x00000000060123d0                _Scroll_Set
                0x0000000006012410                _Scroll_Move
                0x0000000006012450                _Scroll_ClearMaps
                0x0000000006012494                _Scroll_ClearVram
                0x00000000060124b0                _Scroll_CharSize
                0x00000000060124e4                _Scroll_Enable
                0x0000000006012514                _Scroll_MapSize
 .text          0x0000000006012544      0x204 sound.o
                0x0000000006012544                _Sound_CDVolume
                0x0000000006012630                _Sound_Init
                0x00000000060126f8                _Sound_CDDA
                0x0000000006012738                _Sound_Play
 .text          0x0000000006012748      0x60c sprite.o
                0x0000000006012748                _Sprite_Init
                0x00000000060127dc                _Sprite_Clear
                0x00000000060127f8                _Sprite_Load
                0x00000000060129e4                _Sprite_StartDraw
                0x0000000006012a14                _Sprite_Draw
                0x0000000006012c2c                _Sprite_Make
                0x0000000006012c58                _Sprite_DrawAll
                0x0000000006012ca4                _Sprite_Next
                0x0000000006012ce8                _Sprite_ListAdd
                0x0000000006012cfc                _Sprite_ListRemove
                0x0000000006012d20                _Sprite_Delete
                0x0000000006012d34                _Sprite_DeleteAll
 .text          0x0000000006012d54        0x0 main.o
 .text.startup  0x0000000006012d54      0x138 main.o
                0x0000000006012d54                _main
 .text          0x0000000006012e8c      0x354 ../sbl/segalib/lib/libsat.a(cdc_cmn.o)
                0x0000000006012e8c                _CDC_GetCurStat
                0x0000000006012ed0                _CDC_GetLastStat
                0x0000000006012edc                _getPeriRsp
                0x0000000006012f64                _CDC_GetPeriStat
                0x0000000006012fa8                _CDC_GetHwInfo
                0x0000000006013000                _CDC_TgetToc
                0x0000000006013058                _CDC_GetSes
                0x0000000006013090                _CDC_CdInit
                0x0000000006013108                _CDC_CdOpen
                0x0000000006013130                _CDC_DataEnd
                0x0000000006013184                _CDC_DataReady
 .text          0x00000000060131e0      0x108 ../sbl/segalib/lib/libsat.a(cdc_drv.o)
                0x00000000060131e0                _analyPos
                0x0000000006013230                _CDC_CdPlay
                0x0000000006013284                _CDC_CdSeek
                0x00000000060132bc                _CDC_CdScan
 .text          0x00000000060132e8      0x198 ../sbl/segalib/lib/libsat.a(dma_scu1.o)
                0x00000000060132e8                _DMA_ScuInit
                0x0000000006013324                _DMA_ScuMemCopy
                0x00000000060133e8                _DMA_ScuResult
 .text          0x0000000006013480     0x1610 ../sbl/segalib/lib/libsat.a(gfs.o)
                0x0000000006013480                _gfs_recovRdErr
                0x00000000060134a8                _GFS_SetErrFunc
                0x00000000060134cc                _GFS_GetErrStat
                0x00000000060134ec                _gfs_mngSetupFuncTbl
                0x0000000006013518                _gfs_mngInitWork
                0x0000000006013598                _gfs_mngGetNumFile
                0x00000000060135f0                _GFS_mngAllocGrp
                0x0000000006013630                _gfs_mngFreeGrp
                0x0000000006013636                _gfs_mngTermAccess
                0x00000000060136a0                _gfs_mngSetErrCode
                0x00000000060136d0                _GFS_SetDir
                0x0000000006013734                _GFS_NameToId
                0x0000000006013784                _GFS_IdToName
                0x00000000060137e0                _GFS_Tell
                0x0000000006013820                _GFS_NwIsComplete
                0x0000000006013848                _GFS_CdMovePickup
                0x00000000060138a8                _GFS_GetDirInfo
                0x0000000006013920                _gfs_svrSearchHndl
                0x0000000006013954                _gfs_svrAddHndl
                0x0000000006013988                _gfs_svrRemoveHndl
                0x00000000060139fc                _GFS_NwStop
                0x0000000006013a54                _GFS_OpenSub
                0x0000000006013a9c                _GFS_Open
                0x0000000006013b40                _GFS_GetFad
                0x0000000006013b84                _gfs_SetSct
                0x0000000006013bb0                _GFS_NwCdRead
                0x0000000006013c34                _gfs_GetFinfo
                0x0000000006013c82                _GFS_GetFileSize
                0x0000000006013ce4                _GFS_Seek
                0x0000000006013d98                _GFS_IsEof
                0x0000000006013df8                _GFS_ByteToSct
                0x0000000006013e54                _GFS_GetFileInfo
                0x0000000006013ec8                _GFS_NwFread
                0x0000000006013fdc                _GFS_NwGetStat
                0x0000000006014050                _GFS_SetGmode
                0x00000000060140b4                _GFS_SetTmode
                0x0000000006014128                _GFS_SetReadPara
                0x000000000601418c                _GFS_SetTransPara
                0x0000000006014200                _gfs_transData
                0x0000000006014290                _gfs_closeSub
                0x00000000060142c0                _GFS_Close
                0x00000000060142f8                _GFS_LoadDir
                0x0000000006014394                _gfs_getGmode
                0x000000000601439a                _gfs_isTaskDone
                0x00000000060143e4                _gfs_convFinStat
                0x0000000006014448                _gfs_flowIn
                0x00000000060144c8                _GFS_NwExecOne
                0x0000000006014558                _GFS_Fread
                0x00000000060146a0                _GFS_Load
                0x0000000006014768                _gfs_loadVol
                0x000000000601482c                _gfs_getRootDir
                0x00000000060148b4                _gfs_loadRootDir
                0x000000000601493c                _GFS_Init
                0x0000000006014a28                _GFS_NwExecServer
 .text          0x0000000006014a90       0x6c ../sbl/segalib/lib/libsat.a(gfs_buf.o)
                0x0000000006014a90                _GFBF_GetTranData
                0x0000000006014aa4                _GFBF_GetNumData
                0x0000000006014abc                _GFBF_GetSrcPk
                0x0000000006014ad0                _GFBF_GetSctData
                0x0000000006014ae4                _GFBF_RtnPk
                0x0000000006014af8                _gfbf_getSctDt
 .text          0x0000000006014afc      0x484 ../sbl/segalib/lib/libsat.a(gfs_cdb.o)
                0x0000000006014afc                _GFCB_Setup
                0x0000000006014bc0                _GFCB_Close
                0x0000000006014be0                _GFCB_GetLenData
                0x0000000006014c74                _GFCB_GetLenRoom
                0x0000000006014c78                _GFCB_SetFilt
                0x0000000006014cd0                _GFCB_DeleteAllData
                0x0000000006014cec                _GFCB_Tell
                0x0000000006014cf4                _GFCB_Seek
                0x0000000006014dd8                _GFCB_GetSrcPack
                0x0000000006014ea0                _GFCB_GetSctData
                0x0000000006014ecc                _GFCB_GetDstPack
                0x0000000006014ed0                _GFCB_RtnPk
                0x0000000006014f10                _GFCB_MovePickup
                0x0000000006014f20                _GFCB_SetCon
                0x0000000006014f48                _GFCB_GetPickup
                0x0000000006014f68                _GFCB_IsPuOwner
                0x0000000006014f74                _GFCB_UngetPickup
 .text          0x0000000006014f80     0x1504 ../sbl/segalib/lib/libsat.a(gfs_cdc.o)
                0x0000000006014f80                _GFCD_AllocFilt
                0x0000000006014fb0                _GFCD_FreeFilt
                0x0000000006014fd8                _GFCD_AllocBuf
                0x0000000006015004                _GFCD_GetBaseFad
                0x0000000006015030                _GFCD_GetPickup
                0x0000000006015054                _GFCD_UngetPickup
                0x0000000006015078                _GFCD_IsPuOwner
                0x0000000006015090                _GFCD_CheckDelSctData
                0x00000000060150b8                _GFCD_CheckMove
                0x00000000060150d0                _gfcd_isIdleTask
                0x0000000006015134                _GFCD_SetTimer
                0x0000000006015140                _gfcd_checkEflag
                0x000000000601515c                _gfcd_initCdbMng
                0x00000000060151c4                _gfcd_setStat
                0x00000000060151e8                _GFCD_GetFilt
                0x000000000601522c                _GFCD_EndData
                0x0000000006015270                _GFCD_GetSctInfo
                0x00000000060152b4                _GFCD_GetFileInfo
                0x000000000601537c                _GFCD_GetBufSiz
                0x00000000060153ac                _gfcd_doSetFiltTsk
                0x0000000006015518                _GFCD_SetFilt
                0x00000000060155b0                _gfcd_doSetConTsk
                0x0000000006015628                _GFCD_SetCon
                0x0000000006015674                _gfcd_doGetLenDataTsk
                0x0000000006015774                _GFCD_GetLenData
                0x00000000060157b8                _gfcd_doReqDataTsk
                0x000000000601582c                _GFCD_ReqData
                0x0000000006015874                _gfcd_doDelSctDataTsk
                0x0000000006015980                _GFCD_DelSctData
                0x00000000060159cc                _gfcd_doMoveSctTsk
                0x0000000006015ae8                _GFCD_MoveSctData
                0x0000000006015b44                _gfcd_doSetFiltConTsk
                0x0000000006015c40                _GFCD_SetFiltCon
                0x0000000006015d38                _GFCD_SetCsctFunc
                0x0000000006015d48                _GFCD_WaitScdqFlag
                0x0000000006015d8c                _GFCD_GetStat
                0x0000000006015dfc                _GFCD_Init
                0x0000000006015fe4                _GFCD_Play
                0x0000000006016034                _GFCD_MovePickup
                0x000000000601607c                _gfcd_doChgDirTsk
                0x0000000006016220                _GFCD_ChgDir
                0x0000000006016288                _gfcd_doTask
                0x00000000060162f8                _GFCD_ExecServer
                0x00000000060163d4                _GFCD_FreeBuf
                0x0000000006016450                _GFCD_WaitServer
 .text          0x0000000006016484      0x600 ../sbl/segalib/lib/libsat.a(gfs_cdf.o)
                0x0000000006016484                _GFCF_Init
                0x00000000060164dc                _GFCF_SetSct
                0x0000000006016508                _GFCF_GetFileInfo
                0x0000000006016566                _GFCF_Recover
                0x00000000060165a8                _GFCF_Tell
                0x00000000060165b4                _GFCF_Seek
                0x00000000060165c0                _GFCF_cnvIntlvOfs
                0x00000000060165f4                _GFCF_GetStat
                0x0000000006016640                _GFCF_StopInBuf
                0x00000000060166b8                _GFCF_MovePickup
                0x000000000601673c                _gfcf_getSctSize
                0x0000000006016774                _GFCF_Setup
                0x000000000601682c                _gfcf_isCdOk
                0x0000000006016878                _gfcf_getPlayRange
                0x0000000006016980                _GFCF_FlowInBuf
 .text          0x0000000006016a84      0x7e8 ../sbl/segalib/lib/libsat.a(gfs_dir.o)
                0x0000000006016a84                _GFDR_NameToId
                0x0000000006016ad4                _GFDR_GetInfoDirId
                0x0000000006016ae0                _GFDR_GetInfoDirName
                0x0000000006016aec                _GFDR_GetAtrDirId
                0x0000000006016afc                _GFDR_GetAtrDirName
                0x0000000006016b0c                _GFDR_ChgDir
                0x0000000006016b7c                _GFDR_ChgRoot
                0x0000000006016b88                _gfdr_open
                0x0000000006016ba8                _gfdr_read
                0x0000000006016c60                _gfdr_readByte
                0x0000000006016c88                _gfdr_readWord
                0x0000000006016cb0                _gfdr_readWordNB
                0x0000000006016cfc                _gfdr_readLongNB
                0x0000000006016d44                _gfdr_readLongNM
                0x0000000006016d64                _gfdr_setNextRec
                0x0000000006016de0                _gfdr_readDirEnt
                0x00000000060170c8                _gfdr_setDirrecCd
                0x00000000060170e6                _gfdr_setupDirIdTbl
                0x000000000601715c                _gfdr_setupDirNameTbl
                0x00000000060171fc                _GFDR_SetupDirTbl
 .text          0x000000000601726c      0x818 ../sbl/segalib/lib/libsat.a(gfs_trn.o)
                0x000000000601726c                _gftr_reqScu
                0x0000000006017270                _gftr_remCpu
                0x0000000006017274                _gftr_execScu
                0x00000000060172f4                _gftr_remScu
                0x0000000006017314                _gftr_reqDma0
                0x0000000006017318                _gftr_reqDma1
                0x000000000601731c                _gftr_reqCpu
                0x0000000006017320                _GFTR_Setup
                0x0000000006017346                _GFTR_SetMode
                0x0000000006017352                _GFTR_SetUnit
                0x0000000006017356                _GFTR_SetTransPara
                0x0000000006017368                _GFTR_GetTransPara
                0x000000000601736c                _GFTR_GetNumTrans
                0x0000000006017370                _GFTR_SetTransMax
                0x0000000006017376                _GFTR_Start
                0x000000000601737c                _GFTR_Pause
                0x0000000006017382                _gfdma_canUse
                0x0000000006017386                _gfdma_exec
                0x0000000006017460                _gftr_execSdma0
                0x0000000006017484                _gftr_execSdma1
                0x00000000060174a8                _gftr_reqTrn
                0x00000000060174fc                _gftr_execTrn
                0x00000000060175c8                _gftr_remTrn
                0x0000000006017628                _gftr_copyFrac
                0x000000000601764c                _gfdma_getBytecnt
                0x000000000601767c                _gftr_remDma0
                0x0000000006017688                _gftr_remDma1
                0x0000000006017694                _gftr_execCpu
                0x00000000060176e0                _GFTR_GetLenData
                0x00000000060176e4                _GFTR_GetLenRoom
                0x00000000060176f2                _gftr_getSrcPack
                0x0000000006017774                _GFTR_Idle
                0x00000000060177e4                _GFTR_GetDstPack
                0x0000000006017810                _gftr_getDstPack
                0x0000000006017850                _gftr_execSub
                0x0000000006017958                _GFTR_Exec
                0x00000000060179b0                _GFTR_Stop
                0x0000000006017a50                _GFTR_RtnDstPk
                0x0000000006017a5e                _GFTR_GetData
                0x0000000006017a6c                _GFTR_SetData
                0x0000000006017a78                _GFTR_SetTransFunc
 .text          0x0000000006017a84       0x24 ../sbl/segalib/lib/libsat.a(mth_rand.o)
                0x0000000006017a84                _MTH_InitialRand
                0x0000000006017a90                _MTH_GetRand
 .text          0x0000000006017aa8       0x78 ../sbl/segalib/lib/libsat.a(mth_fixd.o)
                0x0000000006017aa8                _MTH_Mul
                0x0000000006017abc                _MTH_Div
                0x0000000006017ad0                _MTH_IntToFixed
                0x0000000006017ad8                _MTH_FixedToInt
                0x0000000006017ae0                _MTH_Product
 .text          0x0000000006017b20      0x5d4 ../sbl/segalib/lib/libsat.a(mth_tri.o)
                0x0000000006017b20                _MTH_Sin
                0x0000000006017b60                _MTH_Cos
                0x0000000006017ba4                _fcos
                0x0000000006017baa                _fsin
                0x0000000006017d3c                _MTH_Atan
 .text          0x00000000060180f4      0xf58 ../sbl/segalib/lib/libsat.a(per_prt.o)
                0x00000000060184f4                _PER_IntFunc
                0x0000000006018da4                _PER_Init
                0x0000000006018f4c                _PER_GetPer
 .text          0x000000000601904c      0xcbc ../sbl/segalib/lib/libsat.a(spr_2c.o)
                0x000000000601904c                _SPR_2SetTvMode
                0x000000000601905c                _SPR_2FrameChgIntr
                0x0000000006019070                _SPR_2FrameEraseData
                0x00000000060190b0                _SPR_2SetGourTbl
                0x00000000060190e0                _SPR_2SetLookupTbl
                0x00000000060190fc                _SPR_2SetChar
                0x0000000006019228                _SPR_2ClrChar
                0x0000000006019330                _SPR_2ClrAllChar
                0x000000000601937c                _SPR_2Initial
                0x00000000060194d0                _SPR_2GourTblNoToVram
                0x00000000060194ec                _SPR_2LookupTblNoToVram
                0x00000000060194fc                _SPR_2CharNoToVram
                0x0000000006019510                _SPR_2GetAreaSizeInfo
                0x0000000006019570                _SPR_2OpenCommand
                0x0000000006019608                _SPR_2FlushDrawPrty
                0x0000000006019648                _SPR_2CloseCommand
                0x0000000006019768                _SPR_2LocalCoord
                0x00000000060197c0                _SPR_2SysClip
                0x0000000006019808                _SPR_2UserClip
                0x0000000006019858                _SPR_2Line
                0x00000000060198f4                _SPR_2PolyLine
                0x0000000006019994                _SPR_2Polygon
                0x0000000006019a34                _SPR_2NormSpr
                0x0000000006019b00                _SPR_2ScaleSpr
                0x0000000006019be8                _SPR_2DistSpr
                0x0000000006019cc0                _SPR_2Cmd
 .text          0x0000000006019d08      0x754 ../sbl/segalib/lib/libsat.a(scl_func.o)
                0x0000000006019d08                _SCL_ParametersInit
                0x0000000006019df4                _SCL_Vdp2Init
                0x0000000006019e5c                _SCL_Open
                0x0000000006019e78                _SCL_Close
                0x0000000006019e8c                _SCL_MoveTo
                0x0000000006019f80                _SCL_Move
                0x000000000601a0ac                _SCL_Scale
                0x000000000601a1b0                _SCL_Memcpyw
                0x000000000601a1c4                _SCL_CopyReg
                0x000000000601a2a4                _SCL_SetColRamMode
                0x000000000601a2f4                _SCL_PriIntProc
                0x000000000601a3f0                _SCL_ScrollShow
 .text          0x000000000601a45c      0x384 ../sbl/segalib/lib/libsat.a(scl_fu02.o)
                0x000000000601a45c                _SCL_InitVramConfigTb
                0x000000000601a46a                _SCL_SetVramConfig
 .text          0x000000000601a7e0      0x62c ../sbl/segalib/lib/libsat.a(scl_fu03.o)
                0x000000000601a7e0                _SCL_InitConfigTb
                0x000000000601a7f8                _SCL_SetConfig
 .text          0x000000000601ae0c       0x18 ../sbl/segalib/lib/libsat.a(scl_fu04.o)
                0x000000000601ae0c                _SCL_SetCycleTable
 .text          0x000000000601ae24      0xf30 ../sbl/segalib/lib/libsat.a(scl_pri.o)
                0x000000000601ae24                _SCL_PriorityInit
                0x000000000601b3d0                _SCL_GetColRamMode
                0x000000000601b3f0                _SCL_AbortAutoVe
                0x000000000601b3fc                _SCL_SetColMixRate
                0x000000000601b764                _SCL_IncColOffset
                0x000000000601b7d8                _SCL_AutoExec
                0x000000000601bc04                _SCL_SetShadowBit
 .text          0x000000000601bd54      0xe38 ../sbl/segalib/lib/libsat.a(scl_ro00.o)
                0x000000000601be78                _SCL_InitRotateTable
                0x000000000601c0c0                _SCL_RotateZD
                0x000000000601c200                _SCL_Rotate
 .text          0x000000000601cb8c       0xfc ../sbl/segalib/lib/libsat.a(scl_ro03.o)
                0x000000000601cb8c                _SCL_RotateTo
 .text          0x000000000601cc88       0x74 ../sbl/segalib/lib/libsat.a(scl_back.o)
                0x000000000601cc88                _SCL_SetBack
 .text          0x000000000601ccfc      0x264 ../sbl/segalib/lib/libsat.a(scl_vblv.o)
                0x000000000601ccfc                _SCL_SetFrameInterval
                0x000000000601cd74                _SCL_DisplayFrame
                0x000000000601cda0                _SCL_VblInit
                0x000000000601cde8                _SCL_VblankStart
                0x000000000601ceb8                _SCL_VblankEnd
 .text          0x000000000601cf60       0x54 ../sbl/segalib/lib/libsat.a(scl_pr01.o)
                0x000000000601cf60                _SCL_SetSpriteMode
 .text          0x000000000601cfb4       0x90 ../sbl/segalib/lib/libsat.a(scl_pr02.o)
                0x000000000601cfb4                _SCL_SetColRam
 .text          0x000000000601d044      0x10c ../sbl/segalib/lib/libsat.a(scl_pr03.o)
                0x000000000601d044                _SCL_FreeColRam
                0x000000000601d06c                _SCL_AllocColRam
 .text          0x000000000601d150       0xac ../sbl/segalib/lib/libsat.a(scl_pr05.o)
                0x000000000601d150                _SCL_GetColRamOffset
 .text          0x000000000601d1fc      0x180 ../sbl/segalib/lib/libsat.a(scl_pr06.o)
                0x000000000601d1fc                _SCL_SetColRamOffset
 .text          0x000000000601d37c      0x1c8 ../sbl/segalib/lib/libsat.a(scl_pr07.o)
                0x000000000601d37c                _SCL_SetPriority
 .text          0x000000000601d544      0x13c ../sbl/segalib/lib/libsat.a(scl_pr11.o)
                0x000000000601d544                _SCL_SetAutoColOffset
 .text          0x000000000601d680      0x164 ../sbl/segalib/lib/libsat.a(scl_pr12.o)
                0x000000000601d680                _SCL_SetColOffset
 .text          0x000000000601d7e4      0x234 ../sbl/segalib/lib/libsat.a(cdc_reg.o)
                0x000000000601d7e4                _CDC_GetDataPtr
                0x000000000601d7f0                _CDC_GetHirqReq
                0x000000000601d7fc                _CDC_ClrHirqReq
                0x000000000601d81c                _CDREG_ClrHirqReq
                0x000000000601d828                _CDREG_InitHirqReq
                0x000000000601d840                _CDREG_SetHirqFlag
                0x000000000601d850                _CDC_GetHirqMsk
                0x000000000601d85c                _CDC_SetHirqMsk
                0x000000000601d868                _CDC_GetMpegPtr
                0x000000000601d874                _CDREG_TgetData
                0x000000000601d8d0                _CDREG_WaitHirq
                0x000000000601d8f8                _writeCmd
                0x000000000601d918                _CDREG_ReadRsp
                0x000000000601d93c                _doCmdRsp
                0x000000000601d9e4                _CDREG_CmdRsp
 .text          0x000000000601da18       0xf4 ../sbl/segalib/lib/libsat.a(cdc_sub.o)
                0x000000000601da18                _CDSUB_GetCdstat
                0x000000000601da4c                _CDSUB_RspToCdstat
                0x000000000601da7e                _CDSUB_CdCmd
                0x000000000601dae0                _CDSUB_UpdStatus
                0x000000000601daec                _CDSUB_UpdCdstat
                0x000000000601db08                _CDSUB_SoftTimer
 .text          0x000000000601db0c       0xb4 ../sbl/segalib/lib/libsat.a(cdc_dev.o)
                0x000000000601db0c                _CDC_CdSetCon
                0x000000000601db40                _CDC_CdGetCon
                0x000000000601db80                _CDC_CdGetLastBuf
 .text          0x000000000601dbc0      0x290 ../sbl/segalib/lib/libsat.a(cdc_sel.o)
                0x000000000601dbc0                _CDC_SetFiltRange
                0x000000000601dbfc                _CDC_GetFiltRange
                0x000000000601dc68                _CDC_SetFiltSubh
                0x000000000601dcb8                _CDC_GetFiltSubh
                0x000000000601dd1c                _CDC_SetFiltMode
                0x000000000601dd50                _CDC_GetFiltMode
                0x000000000601dd90                _CDC_SetFiltCon
                0x000000000601ddc8                _CDC_GetFiltCon
                0x000000000601de1c                _CDC_ResetSelector
 .text          0x000000000601de50      0x234 ../sbl/segalib/lib/libsat.a(cdc_bif.o)
                0x000000000601de50                _CDC_GetBufSiz
                0x000000000601dea8                _CDC_GetSctNum
                0x000000000601def0                _CDC_CalActSiz
                0x000000000601df20                _chkEselUpdStatus
                0x000000000601df54                _CDC_GetActSiz
                0x000000000601df98                _CDC_GetSctInfo
                0x000000000601dff0                _CDC_ExeFadSearch
                0x000000000601e024                _CDC_GetFadSearch
 .text          0x000000000601e084      0x190 ../sbl/segalib/lib/libsat.a(cdc_bio.o)
                0x000000000601e084                _CDC_SetSctLen
                0x000000000601e0b4                _CDC_GetSctData
                0x000000000601e0e4                _CDC_DelSctData
                0x000000000601e114                _CDC_GetdelSctData
                0x000000000601e144                _CDC_PutSctData
                0x000000000601e174                _CDC_CopySctData
                0x000000000601e1a8                _CDC_MoveSctData
                0x000000000601e1dc                _CDC_GetCopyErr
 .text          0x000000000601e214      0x1a4 ../sbl/segalib/lib/libsat.a(cdc_cfs.o)
                0x000000000601e214                _CDC_ChgDir
                0x000000000601e24c                _CDC_ReadDir
                0x000000000601e284                _CDC_GetFileScope
                0x000000000601e2e4                _CDC_TgetFileInfo
                0x000000000601e33c                _CDC_ReadFile
                0x000000000601e37c                _CDC_AbortFile
 .text          0x000000000601e3b8       0xb0 ../sbl/segalib/lib/libsat.a(csh_main.o)
                0x000000000601e3b8                _CSH_Init
                0x000000000601e404                _CSH_AllClr
                0x000000000601e444                _CSH_Purge
 .text          0x000000000601e468      0x13c ../sbl/segalib/lib/libsat.a(dma_cpu0.o)
                0x000000000601e468                _DMA_CpuSetComPrm
                0x000000000601e4a0                _DMA_CpuSetPrm
                0x000000000601e554                _DMA_CpuStart
                0x000000000601e564                _DMA_CpuStop
                0x000000000601e576                _DMA_CpuAllStop
                0x000000000601e584                _DMA_CpuGetComStatus
                0x000000000601e596                _DMA_CpuGetStatus
 .text          0x000000000601e5a4      0x274 ../sbl/segalib/lib/libsat.a(dma_scu0.o)
                0x000000000601e5a4                _DMA_ScuIntFunc0
                0x000000000601e604                _DMA_ScuIntFunc1
                0x000000000601e668                _DMA_ScuIntFunc2
                0x000000000601e6cc                _DMA_ScuSetPrm
                0x000000000601e734                _DMA_ScuStart
                0x000000000601e7ec                _DMA_ScuGetStatus
 .text          0x000000000601e818      0x240 ../sbl/segalib/lib/libsat.a(spr_1c.o)
                0x000000000601e818                _SPR_SetTvMode
                0x000000000601e894                _SPR_GetStatus
                0x000000000601e8e8                _SPR_SetEraseData
                0x000000000601e980                _SPR_Initial
                0x000000000601ea34                _SPR_WaitDrawEnd
                0x000000000601ea44                _SPR_SetEosMode
 .text          0x000000000601ea58      0x16c ../sbl/segalib/lib/libsat.a(spr_2a.o)
                0x000000000601ea58                _SPR_2SetDrawPrty
                0x000000000601eac8                _SPR_2FlushDrawPrtyBlock
 .text          0x000000000601ebc4       0x52 /opt/toolchains/sh-elf/bin/../lib/gcc/sh-elf/11.1.0/libgcc.a(_ashiftrt.o)
                0x000000000601ebc4                ___ashiftrt_r4_31
                0x000000000601ebc4                ___ashiftrt_r4_32
                0x000000000601ebca                ___ashiftrt_r4_30
                0x000000000601ebcc                ___ashiftrt_r4_29
                0x000000000601ebce                ___ashiftrt_r4_28
                0x000000000601ebd0                ___ashiftrt_r4_27
                0x000000000601ebd2                ___ashiftrt_r4_26
                0x000000000601ebd4                ___ashiftrt_r4_25
                0x000000000601ebd6                ___ashiftrt_r4_24
                0x000000000601ebde                ___ashiftrt_r4_23
                0x000000000601ebe0                ___ashiftrt_r4_22
                0x000000000601ebe2                ___ashiftrt_r4_21
                0x000000000601ebe4                ___ashiftrt_r4_20
                0x000000000601ebe6                ___ashiftrt_r4_19
                0x000000000601ebe8                ___ashiftrt_r4_18
                0x000000000601ebea                ___ashiftrt_r4_17
                0x000000000601ebec                ___ashiftrt_r4_16
                0x000000000601ebf2                ___ashiftrt_r4_15
                0x000000000601ebf4                ___ashiftrt_r4_14
                0x000000000601ebf6                ___ashiftrt_r4_13
                0x000000000601ebf8                ___ashiftrt_r4_12
                0x000000000601ebfa                ___ashiftrt_r4_11
                0x000000000601ebfc                ___ashiftrt_r4_10
                0x000000000601ebfe                ___ashiftrt_r4_9
                0x000000000601ec00                ___ashiftrt_r4_8
                0x000000000601ec02                ___ashiftrt_r4_7
                0x000000000601ec04                ___ashiftrt_r4_6
                0x000000000601ec06                ___ashiftrt_r4_5
                0x000000000601ec08                ___ashiftrt_r4_4
                0x000000000601ec0a                ___ashiftrt_r4_3
                0x000000000601ec0c                ___ashiftrt_r4_2
                0x000000000601ec0e                ___ashiftrt_r4_1
                0x000000000601ec12                ___ashiftrt_r4_0
 *fill*         0x000000000601ec16        0x2 
 .text          0x000000000601ec18       0x80 /opt/toolchains/sh-elf/bin/../lib/gcc/sh-elf/11.1.0/libgcc.a(_ashiftrt_n.o)
                0x000000000601ec18                ___ashrsi3
 .text          0x000000000601ec98       0xbc /opt/toolchains/sh-elf/bin/../lib/gcc/sh-elf/11.1.0/libgcc.a(_ashiftlt.o)
                0x000000000601ec98                ___ashlsi3
                0x000000000601ec9c                ___ashlsi3_r0
 .text          0x000000000601ed54       0x78 /opt/toolchains/sh-elf/bin/../lib/gcc/sh-elf/11.1.0/libgcc.a(_movmem.o)
                0x000000000601ed54                ___movmem
                0x000000000601ed54                ___movstr
                0x000000000601ed88                ___movmemSI64
                0x000000000601ed88                ___movstrSI64
                0x000000000601ed8c                ___movmemSI60
                0x000000000601ed8c                ___movstrSI60
                0x000000000601ed90                ___movstrSI56
                0x000000000601ed90                ___movmemSI56
                0x000000000601ed94                ___movmemSI52
                0x000000000601ed94                ___movstrSI52
                0x000000000601ed98                ___movstrSI48
                0x000000000601ed98                ___movmemSI48
                0x000000000601ed9c                ___movmemSI44
                0x000000000601ed9c                ___movstrSI44
                0x000000000601eda0                ___movstrSI40
                0x000000000601eda0                ___movmemSI40
                0x000000000601eda4                ___movstrSI36
                0x000000000601eda4                ___movmemSI36
                0x000000000601eda8                ___movstrSI32
                0x000000000601eda8                ___movmemSI32
                0x000000000601edac                ___movmemSI28
                0x000000000601edac                ___movstrSI28
                0x000000000601edb0                ___movmemSI24
                0x000000000601edb0                ___movstrSI24
                0x000000000601edb4                ___movmemSI20
                0x000000000601edb4                ___movstrSI20
                0x000000000601edb8                ___movstrSI16
                0x000000000601edb8                ___movmemSI16
                0x000000000601edbc                ___movmemSI12
                0x000000000601edbc                ___movstrSI12
                0x000000000601edc0                ___movstrSI8
                0x000000000601edc0                ___movmemSI8
                0x000000000601edc4                ___movstrSI4
                0x000000000601edc4                ___movmemSI4
 .text          0x000000000601edcc       0xa0 /opt/toolchains/sh-elf/bin/../lib/gcc/sh-elf/11.1.0/libgcc.a(_sdivsi3.o)
                0x000000000601edcc                ___sdivsi3
 .text          0x000000000601ee6c       0x6c /opt/toolchains/sh-elf/bin/../lib/gcc/sh-elf/11.1.0/libgcc.a(_udivsi3.o)
                0x000000000601ee8e                ___udivsi3
 .text          0x000000000601eed8      0x208 /opt/toolchains/sh-elf/bin/../lib/gcc/sh-elf/11.1.0/libgcc.a(_mul_df.o)
                0x000000000601eed8                ___muldf3
 .text          0x000000000601f0e0       0xa8 /opt/toolchains/sh-elf/bin/../lib/gcc/sh-elf/11.1.0/libgcc.a(_si_to_df.o)
                0x000000000601f0e0                ___floatsidf
 .text          0x000000000601f188       0xa0 /opt/toolchains/sh-elf/bin/../lib/gcc/sh-elf/11.1.0/libgcc.a(_df_to_si.o)
                0x000000000601f188                ___fixdfsi
 .text          0x000000000601f228        0x0 /opt/toolchains/sh-elf/bin/../lib/gcc/sh-elf/11.1.0/libgcc.a(_thenan_df.o)
 .text          0x000000000601f228       0xbc /opt/toolchains/sh-elf/bin/../lib/gcc/sh-elf/11.1.0/libgcc.a(_lshiftrt.o)
                0x000000000601f228                ___lshrsi3
                0x000000000601f22c                ___lshrsi3_r0
 .text          0x000000000601f2e4       0x74 /opt/toolchains/sh-elf/bin/../lib/gcc/sh-elf/11.1.0/libgcc.a(_clzsi2.o)
                0x000000000601f2e4                ___clzsi2
 .text          0x000000000601f358      0x29c /opt/toolchains/sh-elf/bin/../lib/gcc/sh-elf/11.1.0/libgcc.a(_pack_df.o)
                0x000000000601f358                ___pack_d
 .text          0x000000000601f5f4       0xcc /opt/toolchains/sh-elf/bin/../lib/gcc/sh-elf/11.1.0/libgcc.a(_unpack_df.o)
                0x000000000601f5f4                ___unpack_d
 .text          0x000000000601f6c0        0x0 /opt/toolchains/sh-elf/bin/../lib/gcc/sh-elf/11.1.0/libgcc.a(_clz.o)
 .text          0x000000000601f6c0       0x64 /opt/toolchains/sh-elf/bin/../lib/gcc/sh-elf/11.1.0/../../../../sh-elf/lib/libc.a(lib_a-memcmp.o)
                0x000000000601f6c0                _memcmp
 .text          0x000000000601f724       0x94 /opt/toolchains/sh-elf/bin/../lib/gcc/sh-elf/11.1.0/../../../../sh-elf/lib/libc.a(lib_a-memcpy.o)
                0x000000000601f724                _memcpy
 .text          0x000000000601f7b8       0xcc /opt/toolchains/sh-elf/bin/../lib/gcc/sh-elf/11.1.0/../../../../sh-elf/lib/libc.a(lib_a-memmove.o)
                0x000000000601f7b8                _memmove
 .text          0x000000000601f884       0x40 /opt/toolchains/sh-elf/bin/../lib/gcc/sh-elf/11.1.0/../../../../sh-elf/lib/libc.a(lib_a-memset.o)
                0x000000000601f884                _memset
 .text          0x000000000601f8c4       0x3c /opt/toolchains/sh-elf/bin/../lib/gcc/sh-elf/11.1.0/../../../../sh-elf/lib/libc.a(lib_a-strcpy.o)
                0x000000000601f8c4                _strcpy
 .text          0x000000000601f900       0xd0 /opt/toolchains/sh-elf/bin/../lib/gcc/sh-elf/11.1.0/../../../../sh-elf/lib/libc.a(lib_a-strncmp.o)
                0x000000000601f900                _strncmp
 .text          0x000000000601f9d0       0xd4 /opt/toolchains/sh-elf/bin/../lib/gcc/sh-elf/11.1.0/../../../../sh-elf/lib/libc.a(lib_a-strncpy.o)
                0x000000000601f9d0                _strncpy
 *(.rodata*)
 .rodata.str1.4
                0x000000000601faa4        0x7 bg.o
 *fill*         0x000000000601faab        0x1 
 .rodata        0x000000000601faac      0x100 crc.o
 .rodata.str1.4
                0x000000000601fbac       0x37 game.o
                                         0x3b (size before relaxing)
 *fill*         0x000000000601fbe3        0x1 
 .rodata.str1.4
                0x000000000601fbe4       0x64 rank.o
 .rodata        0x000000000601fc48       0x28 rank.o
 .rodata.str1.4
                0x000000000601fc70        0x9 pcmsys.o
 *fill*         0x000000000601fc79        0x3 
 .rodata        0x000000000601fc7c      0x400 pcmsys.o
 .rodata.str1.4
                0x000000000602007c        0x9 print.o
 *fill*         0x0000000006020085        0x3 
 .rodata.str1.4
                0x0000000006020088       0x77 sound.o
                                         0x7b (size before relaxing)
 *fill*         0x00000000060200ff        0x1 
 .rodata        0x0000000006020100        0xa ../sbl/segalib/lib/libsat.a(gfs.o)
 *fill*         0x000000000602010a        0x2 
 .rodata        0x000000000602010c       0x30 ../sbl/segalib/lib/libsat.a(gfs_buf.o)
 .rodata        0x000000000602013c       0x2d ../sbl/segalib/lib/libsat.a(gfs_cdf.o)
 *fill*         0x0000000006020169        0x3 
 .rodata.str1.4
                0x000000000602016c        0x2 ../sbl/segalib/lib/libsat.a(gfs_dir.o)
                                          0x7 (size before relaxing)
 *fill*         0x000000000602016e        0x2 
 .rodata        0x0000000006020170       0x30 ../sbl/segalib/lib/libsat.a(gfs_trn.o)
 .rodata        0x00000000060201a0        0xc ../sbl/segalib/lib/libsat.a(dma_scu0.o)
 .rodata        0x00000000060201ac       0x20 ../sbl/segalib/lib/libsat.a(spr_1c.o)
 .rodata        0x00000000060201cc       0x14 /opt/toolchains/sh-elf/bin/../lib/gcc/sh-elf/11.1.0/libgcc.a(_thenan_df.o)
                0x00000000060201cc                ___thenan_df
 .rodata        0x00000000060201e0      0x100 /opt/toolchains/sh-elf/bin/../lib/gcc/sh-elf/11.1.0/libgcc.a(_clz.o)
                0x00000000060201e0                ___clz_tab
 *(.strings)
                0x00000000060202e0                . = ALIGN (0x10)
                0x00000000060202e0                _etext = ABSOLUTE (.)

.tors           0x00000000060202e0        0x0
                0x00000000060202e0                ___ctors = .
 *(.ctors)
                0x00000000060202e0                ___ctors_end = .
                0x00000000060202e0                ___dtors = .
 *(.dtors)
                0x00000000060202e0                ___dtors_end = .
                0x00000000060202e0                . = ALIGN (0x10)
                0x00000000060202e0                _etors = ABSOLUTE (.)

.data           0x00000000060202e0      0x8c0
 *(.data)
 .data          0x00000000060202e0        0x0 entry.o
 .data          0x00000000060202e0        0x0 stack.o
 .data          0x00000000060202e0        0x0 vblank.o
 .data          0x00000000060202e0        0x0 bg.o
 .data          0x00000000060202e0        0x0 cd.o
 .data          0x00000000060202e0        0x0 crc.o
 .data          0x00000000060202e0        0x0 devcart.o
 .data          0x00000000060202e0      0x130 game.o
                0x00000000060202e0                _songs
                0x00000000060202f4                _ranks
                0x000000000602031c                _gravity
                0x0000000006020394                _levels
 .data          0x0000000006020410        0x0 hwram.o
 .data          0x0000000006020410        0x0 rank.o
 .data          0x0000000006020410        0xc pcmsys.o
                0x0000000006020410                _master_volume
                0x0000000006020414                _scsp_load
                0x0000000006020418                _m68k_com
 .data          0x000000000602041c      0x700 piece.o
                0x000000000602041c                _pieces
 .data          0x0000000006020b1c        0x0 print.o
 .data          0x0000000006020b1c        0x0 rng.o
 .data          0x0000000006020b1c       0x34 scroll.o
                0x0000000006020b1c                _cycleTb
                0x0000000006020b2c                _charOffsets
                0x0000000006020b3c                _vram
 .data          0x0000000006020b50        0x0 sound.o
 .data          0x0000000006020b50       0x18 sprite.o
 .data          0x0000000006020b68        0x0 main.o
 .data          0x0000000006020b68        0x0 ../sbl/segalib/lib/libsat.a(cdc_cmn.o)
 .data          0x0000000006020b68        0x0 ../sbl/segalib/lib/libsat.a(cdc_drv.o)
 .data          0x0000000006020b68        0x0 ../sbl/segalib/lib/libsat.a(dma_scu1.o)
 .data          0x0000000006020b68        0x0 ../sbl/segalib/lib/libsat.a(gfs.o)
 .data          0x0000000006020b68        0x0 ../sbl/segalib/lib/libsat.a(gfs_buf.o)
 .data          0x0000000006020b68        0x0 ../sbl/segalib/lib/libsat.a(gfs_cdb.o)
 .data          0x0000000006020b68        0x0 ../sbl/segalib/lib/libsat.a(gfs_cdc.o)
 .data          0x0000000006020b68        0x0 ../sbl/segalib/lib/libsat.a(gfs_cdf.o)
 .data          0x0000000006020b68        0x0 ../sbl/segalib/lib/libsat.a(gfs_dir.o)
 .data          0x0000000006020b68        0x0 ../sbl/segalib/lib/libsat.a(gfs_trn.o)
 .data          0x0000000006020b68        0x0 ../sbl/segalib/lib/libsat.a(mth_rand.o)
 .data          0x0000000006020b68        0x0 ../sbl/segalib/lib/libsat.a(mth_fixd.o)
 .data          0x0000000006020b68        0x0 ../sbl/segalib/lib/libsat.a(mth_tri.o)
 .data          0x0000000006020b68        0x3 ../sbl/segalib/lib/libsat.a(per_prt.o)
 .data          0x0000000006020b6b        0x0 ../sbl/segalib/lib/libsat.a(spr_2c.o)
 *fill*         0x0000000006020b6b        0x1 
 .data          0x0000000006020b6c        0x6 ../sbl/segalib/lib/libsat.a(scl_func.o)
                0x0000000006020b6c                _SclRotateTableMode
                0x0000000006020b6e                _SclDisplayY
                0x0000000006020b70                _SclDisplayX
 .data          0x0000000006020b72        0x0 ../sbl/segalib/lib/libsat.a(scl_fu02.o)
 .data          0x0000000006020b72        0x0 ../sbl/segalib/lib/libsat.a(scl_fu03.o)
 .data          0x0000000006020b72        0x0 ../sbl/segalib/lib/libsat.a(scl_fu04.o)
 *fill*         0x0000000006020b72        0x2 
 .data          0x0000000006020b74       0x18 ../sbl/segalib/lib/libsat.a(scl_pri.o)
                0x0000000006020b74                _SclRealColOffset
                0x0000000006020b78                _SclRealBgColMix
                0x0000000006020b7c                _SclRealSpColMix
                0x0000000006020b80                _SclRealBgPriNum
                0x0000000006020b84                _SclRealSpPriNum
                0x0000000006020b88                _SclRealOtherPri
 .data          0x0000000006020b8c        0x0 ../sbl/segalib/lib/libsat.a(scl_ro00.o)
 .data          0x0000000006020b8c        0x0 ../sbl/segalib/lib/libsat.a(scl_ro03.o)
 .data          0x0000000006020b8c        0x0 ../sbl/segalib/lib/libsat.a(scl_back.o)
 .data          0x0000000006020b8c        0x8 ../sbl/segalib/lib/libsat.a(scl_vblv.o)
                0x0000000006020b8c                _VBInterval
                0x0000000006020b90                _SpFrameEraseMode
 .data          0x0000000006020b94        0x0 ../sbl/segalib/lib/libsat.a(scl_pr01.o)
 .data          0x0000000006020b94        0x0 ../sbl/segalib/lib/libsat.a(scl_pr02.o)
 .data          0x0000000006020b94        0x0 ../sbl/segalib/lib/libsat.a(scl_pr03.o)
 .data          0x0000000006020b94        0x0 ../sbl/segalib/lib/libsat.a(scl_pr05.o)
 .data          0x0000000006020b94        0x0 ../sbl/segalib/lib/libsat.a(scl_pr06.o)
 .data          0x0000000006020b94        0x0 ../sbl/segalib/lib/libsat.a(scl_pr07.o)
 .data          0x0000000006020b94        0x0 ../sbl/segalib/lib/libsat.a(scl_pr11.o)
 .data          0x0000000006020b94        0x0 ../sbl/segalib/lib/libsat.a(scl_pr12.o)
 .data          0x0000000006020b94        0x0 ../sbl/segalib/lib/libsat.a(cdc_reg.o)
 .data          0x0000000006020b94        0x0 ../sbl/segalib/lib/libsat.a(cdc_sub.o)
 .data          0x0000000006020b94        0x0 ../sbl/segalib/lib/libsat.a(cdc_dev.o)
 .data          0x0000000006020b94        0x0 ../sbl/segalib/lib/libsat.a(cdc_sel.o)
 .data          0x0000000006020b94        0x0 ../sbl/segalib/lib/libsat.a(cdc_bif.o)
 .data          0x0000000006020b94        0x0 ../sbl/segalib/lib/libsat.a(cdc_bio.o)
 .data          0x0000000006020b94        0x0 ../sbl/segalib/lib/libsat.a(cdc_cfs.o)
 .data          0x0000000006020b94        0x0 ../sbl/segalib/lib/libsat.a(csh_main.o)
 .data          0x0000000006020b94        0x0 ../sbl/segalib/lib/libsat.a(dma_cpu0.o)
 .data          0x0000000006020b94        0x0 ../sbl/segalib/lib/libsat.a(dma_scu0.o)
 .data          0x0000000006020b94        0x0 ../sbl/segalib/lib/libsat.a(spr_1c.o)
 .data          0x0000000006020b94        0x0 ../sbl/segalib/lib/libsat.a(spr_2a.o)
 .data          0x0000000006020b94        0x0 /opt/toolchains/sh-elf/bin/../lib/gcc/sh-elf/11.1.0/libgcc.a(_ashiftrt.o)
 .data          0x0000000006020b94        0x0 /opt/toolchains/sh-elf/bin/../lib/gcc/sh-elf/11.1.0/libgcc.a(_ashiftrt_n.o)
 .data          0x0000000006020b94        0x0 /opt/toolchains/sh-elf/bin/../lib/gcc/sh-elf/11.1.0/libgcc.a(_ashiftlt.o)
 .data          0x0000000006020b94        0x0 /opt/toolchains/sh-elf/bin/../lib/gcc/sh-elf/11.1.0/libgcc.a(_movmem.o)
 .data          0x0000000006020b94        0x0 /opt/toolchains/sh-elf/bin/../lib/gcc/sh-elf/11.1.0/libgcc.a(_sdivsi3.o)
 .data          0x0000000006020b94        0x0 /opt/toolchains/sh-elf/bin/../lib/gcc/sh-elf/11.1.0/libgcc.a(_udivsi3.o)
 .data          0x0000000006020b94        0x0 /opt/toolchains/sh-elf/bin/../lib/gcc/sh-elf/11.1.0/libgcc.a(_mul_df.o)
 .data          0x0000000006020b94        0x0 /opt/toolchains/sh-elf/bin/../lib/gcc/sh-elf/11.1.0/libgcc.a(_si_to_df.o)
 .data          0x0000000006020b94        0x0 /opt/toolchains/sh-elf/bin/../lib/gcc/sh-elf/11.1.0/libgcc.a(_df_to_si.o)
 .data          0x0000000006020b94        0x0 /opt/toolchains/sh-elf/bin/../lib/gcc/sh-elf/11.1.0/libgcc.a(_thenan_df.o)
 .data          0x0000000006020b94        0x0 /opt/toolchains/sh-elf/bin/../lib/gcc/sh-elf/11.1.0/libgcc.a(_lshiftrt.o)
 .data          0x0000000006020b94        0x0 /opt/toolchains/sh-elf/bin/../lib/gcc/sh-elf/11.1.0/libgcc.a(_clzsi2.o)
 .data          0x0000000006020b94        0x0 /opt/toolchains/sh-elf/bin/../lib/gcc/sh-elf/11.1.0/libgcc.a(_pack_df.o)
 .data          0x0000000006020b94        0x0 /opt/toolchains/sh-elf/bin/../lib/gcc/sh-elf/11.1.0/libgcc.a(_unpack_df.o)
 .data          0x0000000006020b94        0x0 /opt/toolchains/sh-elf/bin/../lib/gcc/sh-elf/11.1.0/libgcc.a(_clz.o)
 .data          0x0000000006020b94        0x0 /opt/toolchains/sh-elf/bin/../lib/gcc/sh-elf/11.1.0/../../../../sh-elf/lib/libc.a(lib_a-memcmp.o)
 .data          0x0000000006020b94        0x0 /opt/toolchains/sh-elf/bin/../lib/gcc/sh-elf/11.1.0/../../../../sh-elf/lib/libc.a(lib_a-memcpy.o)
 .data          0x0000000006020b94        0x0 /opt/toolchains/sh-elf/bin/../lib/gcc/sh-elf/11.1.0/../../../../sh-elf/lib/libc.a(lib_a-memmove.o)
 .data          0x0000000006020b94        0x0 /opt/toolchains/sh-elf/bin/../lib/gcc/sh-elf/11.1.0/../../../../sh-elf/lib/libc.a(lib_a-memset.o)
 .data          0x0000000006020b94        0x0 /opt/toolchains/sh-elf/bin/../lib/gcc/sh-elf/11.1.0/../../../../sh-elf/lib/libc.a(lib_a-strcpy.o)
 .data          0x0000000006020b94        0x0 /opt/toolchains/sh-elf/bin/../lib/gcc/sh-elf/11.1.0/../../../../sh-elf/lib/libc.a(lib_a-strncmp.o)
 .data          0x0000000006020b94        0x0 /opt/toolchains/sh-elf/bin/../lib/gcc/sh-elf/11.1.0/../../../../sh-elf/lib/libc.a(lib_a-strncpy.o)
                0x0000000006020ba0                . = ALIGN (0x10)
 *fill*         0x0000000006020b94        0xc 
                0x0000000006020ba0                _edata = ABSOLUTE (.)

.bss            0x0000000006020ba0    0x19fc0
                0x0000000006020ba0                _bss_start = .
 *(.bss)
 .bss           0x0000000006020ba0        0x0 entry.o
 .bss           0x0000000006020ba0        0x0 stack.o
 .bss           0x0000000006020ba0       0x34 vblank.o
                0x0000000006020ba0                _vblank_frames
                0x0000000006020ba4                _VblankFlg
                0x0000000006020ba8                _perFlag
                0x0000000006020bac                _PadWorkArea
                0x0000000006020bc8                _PadData2E
                0x0000000006020bca                _PadData2L
                0x0000000006020bcc                _PadData2
                0x0000000006020bce                _PadData1E
                0x0000000006020bd0                _PadData1L
                0x0000000006020bd2                _PadData1
 .bss           0x0000000006020bd4      0x858 bg.o
 .bss           0x000000000602142c     0x1674 cd.o
 .bss           0x0000000006022aa0        0x0 crc.o
 .bss           0x0000000006022aa0        0x0 devcart.o
 .bss           0x0000000006022aa0      0x44c game.o
                0x0000000006022aa0                _song
                0x0000000006022aa4                _boardVram
 .bss           0x0000000006022eec    0x13880 hwram.o
                0x0000000006022eec                _HWRAM_Buffer
 .bss           0x000000000603676c        0x8 rank.o
 .bss           0x0000000006036774        0x2 pcmsys.o
                0x0000000006036774                _numberPCMs
 .bss           0x0000000006036776        0x0 piece.o
 .bss           0x0000000006036776      0x528 print.o
                0x0000000006036776                _text
 *fill*         0x0000000006036c9e        0x2 
 .bss           0x0000000006036ca0        0x8 rng.o
 .bss           0x0000000006036ca8      0x17c scroll.o
                0x0000000006036ca8                _scfg
 .bss           0x0000000006036e24        0x0 sound.o
 .bss           0x0000000006036e24     0x257c sprite.o
                0x0000000006036e24                _sprites
                0x00000000060380e4                _palCnt
                0x00000000060380e8                _tileCount
                0x00000000060380ec                _numSprites
 .bss           0x00000000060393a0        0x8 main.o
                0x00000000060393a0                _state
                0x00000000060393a4                _frame
 .bss           0x00000000060393a8        0x0 ../sbl/segalib/lib/libsat.a(cdc_cmn.o)
 .bss           0x00000000060393a8        0x0 ../sbl/segalib/lib/libsat.a(cdc_drv.o)
 .bss           0x00000000060393a8        0xc ../sbl/segalib/lib/libsat.a(dma_scu1.o)
 .bss           0x00000000060393b4        0xc ../sbl/segalib/lib/libsat.a(gfs.o)
                0x00000000060393b4                _GFMC_base
                0x00000000060393b8                _gfs_mng_ptr
                0x00000000060393bc                _bobtest
 .bss           0x00000000060393c0        0x0 ../sbl/segalib/lib/libsat.a(gfs_buf.o)
 .bss           0x00000000060393c0        0x0 ../sbl/segalib/lib/libsat.a(gfs_cdb.o)
 .bss           0x00000000060393c0        0x4 ../sbl/segalib/lib/libsat.a(gfs_cdc.o)
                0x00000000060393c0                _gfcd_work
 .bss           0x00000000060393c4        0x0 ../sbl/segalib/lib/libsat.a(gfs_cdf.o)
 .bss           0x00000000060393c4        0x0 ../sbl/segalib/lib/libsat.a(gfs_dir.o)
 .bss           0x00000000060393c4        0xc ../sbl/segalib/lib/libsat.a(gfs_trn.o)
 .bss           0x00000000060393d0        0x4 ../sbl/segalib/lib/libsat.a(mth_rand.o)
 .bss           0x00000000060393d4        0x0 ../sbl/segalib/lib/libsat.a(mth_fixd.o)
 .bss           0x00000000060393d4        0x0 ../sbl/segalib/lib/libsat.a(mth_tri.o)
 .bss           0x00000000060393d4       0x7f ../sbl/segalib/lib/libsat.a(per_prt.o)
                0x00000000060393d4                _per_set_sys_flg
                0x00000000060393d8                _per_get_sys_data
                0x00000000060393e4                _per_get_time_adr
                0x00000000060393e8                _per_hot_res
                0x00000000060393e9                _per_time_out_flg
 *fill*         0x0000000006039453        0x1 
 .bss           0x0000000006039454       0x94 ../sbl/segalib/lib/libsat.a(spr_2c.o)
                0x0000000006039454                _SpCmdTblR
                0x0000000006039458                _SpCmdTbl
                0x000000000603945c                _SpCrCmdChain
                0x0000000006039460                _SpDrawPrtyBlk
                0x0000000006039464                _SpCmdChain
                0x0000000006039468                _SpCmdChainBlkNo
                0x000000000603946c                _SpDrawPrtyProcFlag
                0x0000000006039470                _SpDrawPrtyTopCmdNo
                0x0000000006039474                _SpCmdNo
                0x0000000006039478                _SpDrawPrtyBlkMax
                0x000000000603947c                _SpCharMax
                0x0000000006039480                _SpCharTbl
                0x0000000006039484                _SpLCoordY
                0x0000000006039488                _SpLCoordX
                0x000000000603948c                _Sp2OpenFlag
 .bss           0x00000000060394e8      0xf1c ../sbl/segalib/lib/libsat.a(scl_func.o)
                0x00000000060394e8                _SclRPMD
                0x00000000060394ec                _SclRotateMoveZ
                0x00000000060394f4                _SclRotateDisp
                0x00000000060394fc                _SclRotateZ
                0x0000000006039504                _SclRotateXy
                0x000000000603950c                _SclRotateTableAddress
                0x0000000006039510                _SclRb
                0x0000000006039511                _SclRa
                0x0000000006039512                _SclRotXySw
                0x0000000006039518                _SclRbgKtbOffset
                0x0000000006039520                _SclRbgKtbAddr
                0x0000000006039528                _SclK_TableFlag
                0x000000000603952c                _SclK_TableNum
                0x0000000006039534                _SclK_TableBuff
                0x000000000603a204                _SclRotregBuff
                0x000000000603a304                _Scl_w_reg
                0x000000000603a324                _Scl_r_reg
                0x000000000603a334                _Scl_n_reg
                0x000000000603a374                _Scl_d_reg
                0x000000000603a3bc                _Scl_s_reg
                0x000000000603a3e4                _SclProcess
                0x000000000603a3e8                _SclCurSclNum
                0x000000000603a3ec                _SclLengthCsTbl
                0x000000000603a3ee                _SclLengthLsTbl
                0x000000000603a3f0                _SclAddrCsTbl
                0x000000000603a3f8                _SclAddrLsTbl
 .bss           0x000000000603a404        0x0 ../sbl/segalib/lib/libsat.a(scl_fu02.o)
 .bss           0x000000000603a404        0x0 ../sbl/segalib/lib/libsat.a(scl_fu03.o)
 .bss           0x000000000603a404        0x0 ../sbl/segalib/lib/libsat.a(scl_fu04.o)
 .bss           0x000000000603a404      0x696 ../sbl/segalib/lib/libsat.a(scl_pri.o)
                0x000000000603a404                _SclAutoRGB
                0x000000000603aa04                _SclAutoPlusFlag
                0x000000000603aa05                _SclAutoVeFlag
                0x000000000603aa06                _SclAutoEndRate
                0x000000000603aa07                _SclAutoCurRate
                0x000000000603aa08                _SclAutoEndBlue2
                0x000000000603aa0a                _SclAutoEndGreen2
                0x000000000603aa0c                _SclAutoEndRed2
                0x000000000603aa0e                _SclAutoEndBlue
                0x000000000603aa10                _SclAutoEndGreen
                0x000000000603aa12                _SclAutoEndRed
                0x000000000603aa14                _SclAutoBlue
                0x000000000603aa16                _SclAutoGreen
                0x000000000603aa18                _SclAutoRed
                0x000000000603aa1c                _SclAutoMax
                0x000000000603aa20                _SclAutoIndex
                0x000000000603aa24                _SclAutoCount
                0x000000000603aa28                _SclAutoInterval
                0x000000000603aa2c                _SclAutoSurface
                0x000000000603aa30                _SclColRamAlloc2048
                0x000000000603aa34                _SclColRamAlloc256
                0x000000000603aa54                _SclLineColRamOffset
                0x000000000603aa58                _SclPriBuffDirty
                0x000000000603aa5c                _SclColOffset
                0x000000000603aa6c                _SclBgColMix
                0x000000000603aa74                _SclSpColMix
                0x000000000603aa7c                _SclBgPriNum
                0x000000000603aa82                _SclSpPriNum
                0x000000000603aa8a                _SclOtherPri
 *fill*         0x000000000603aa9a        0x2 
 .bss           0x000000000603aa9c       0x58 ../sbl/segalib/lib/libsat.a(scl_ro00.o)
                0x000000000603aa9c                _SclCsy
                0x000000000603aaa4                _SclCsx
 .bss           0x000000000603aaf4        0x0 ../sbl/segalib/lib/libsat.a(scl_ro03.o)
 .bss           0x000000000603aaf4        0x0 ../sbl/segalib/lib/libsat.a(scl_back.o)
 .bss           0x000000000603aaf4       0x16 ../sbl/segalib/lib/libsat.a(scl_vblv.o)
                0x000000000603aaf4                _frameChgFlag
                0x000000000603aaf8                _VBIntrDisableDepth
                0x000000000603aafc                _ReqDisplayFlag2
                0x000000000603ab00                _ReqDisplayFlag1
                0x000000000603ab04                _VBIntervalCounter
                0x000000000603ab08                _SpFrameChgMode
 .bss           0x000000000603ab0a        0x0 ../sbl/segalib/lib/libsat.a(scl_pr01.o)
 .bss           0x000000000603ab0a        0x0 ../sbl/segalib/lib/libsat.a(scl_pr02.o)
 .bss           0x000000000603ab0a        0x0 ../sbl/segalib/lib/libsat.a(scl_pr03.o)
 .bss           0x000000000603ab0a        0x0 ../sbl/segalib/lib/libsat.a(scl_pr05.o)
 .bss           0x000000000603ab0a        0x0 ../sbl/segalib/lib/libsat.a(scl_pr06.o)
 .bss           0x000000000603ab0a        0x0 ../sbl/segalib/lib/libsat.a(scl_pr07.o)
 .bss           0x000000000603ab0a        0x0 ../sbl/segalib/lib/libsat.a(scl_pr11.o)
 .bss           0x000000000603ab0a        0x0 ../sbl/segalib/lib/libsat.a(scl_pr12.o)
 .bss           0x000000000603ab0a        0x2 ../sbl/segalib/lib/libsat.a(cdc_reg.o)
                0x000000000603ab0a                _hirq_flag
 .bss           0x000000000603ab0c        0xc ../sbl/segalib/lib/libsat.a(cdc_sub.o)
                0x000000000603ab0c                _cd_stat
 .bss           0x000000000603ab18        0x0 ../sbl/segalib/lib/libsat.a(cdc_dev.o)
 .bss           0x000000000603ab18        0x0 ../sbl/segalib/lib/libsat.a(cdc_sel.o)
 .bss           0x000000000603ab18        0x0 ../sbl/segalib/lib/libsat.a(cdc_bif.o)
 .bss           0x000000000603ab18        0x0 ../sbl/segalib/lib/libsat.a(cdc_bio.o)
 .bss           0x000000000603ab18        0x0 ../sbl/segalib/lib/libsat.a(cdc_cfs.o)
 .bss           0x000000000603ab18        0x0 ../sbl/segalib/lib/libsat.a(csh_main.o)
 .bss           0x000000000603ab18        0x0 ../sbl/segalib/lib/libsat.a(dma_cpu0.o)
 .bss           0x000000000603ab18       0x1c ../sbl/segalib/lib/libsat.a(dma_scu0.o)
 .bss           0x000000000603ab34       0x20 ../sbl/segalib/lib/libsat.a(spr_1c.o)
                0x000000000603ab34                _SpDil
                0x000000000603ab36                _SpDie
                0x000000000603ab38                _SpFbcrMode
                0x000000000603ab3a                _SpTvMode
                0x000000000603ab3c                _SpScreenY
                0x000000000603ab40                _SpScreenX
                0x000000000603ab44                _SpInitialFlag
 .bss           0x000000000603ab54        0x0 ../sbl/segalib/lib/libsat.a(spr_2a.o)
 .bss           0x000000000603ab54        0x0 /opt/toolchains/sh-elf/bin/../lib/gcc/sh-elf/11.1.0/libgcc.a(_ashiftrt.o)
 .bss           0x000000000603ab54        0x0 /opt/toolchains/sh-elf/bin/../lib/gcc/sh-elf/11.1.0/libgcc.a(_ashiftrt_n.o)
 .bss           0x000000000603ab54        0x0 /opt/toolchains/sh-elf/bin/../lib/gcc/sh-elf/11.1.0/libgcc.a(_ashiftlt.o)
 .bss           0x000000000603ab54        0x0 /opt/toolchains/sh-elf/bin/../lib/gcc/sh-elf/11.1.0/libgcc.a(_movmem.o)
 .bss           0x000000000603ab54        0x0 /opt/toolchains/sh-elf/bin/../lib/gcc/sh-elf/11.1.0/libgcc.a(_sdivsi3.o)
 .bss           0x000000000603ab54        0x0 /opt/toolchains/sh-elf/bin/../lib/gcc/sh-elf/11.1.0/libgcc.a(_udivsi3.o)
 .bss           0x000000000603ab54        0x0 /opt/toolchains/sh-elf/bin/../lib/gcc/sh-elf/11.1.0/libgcc.a(_mul_df.o)
 .bss           0x000000000603ab54        0x0 /opt/toolchains/sh-elf/bin/../lib/gcc/sh-elf/11.1.0/libgcc.a(_si_to_df.o)
 .bss           0x000000000603ab54        0x0 /opt/toolchains/sh-elf/bin/../lib/gcc/sh-elf/11.1.0/libgcc.a(_df_to_si.o)
 .bss           0x000000000603ab54        0x0 /opt/toolchains/sh-elf/bin/../lib/gcc/sh-elf/11.1.0/libgcc.a(_thenan_df.o)
 .bss           0x000000000603ab54        0x0 /opt/toolchains/sh-elf/bin/../lib/gcc/sh-elf/11.1.0/libgcc.a(_lshiftrt.o)
 .bss           0x000000000603ab54        0x0 /opt/toolchains/sh-elf/bin/../lib/gcc/sh-elf/11.1.0/libgcc.a(_clzsi2.o)
 .bss           0x000000000603ab54        0x0 /opt/toolchains/sh-elf/bin/../lib/gcc/sh-elf/11.1.0/libgcc.a(_pack_df.o)
 .bss           0x000000000603ab54        0x0 /opt/toolchains/sh-elf/bin/../lib/gcc/sh-elf/11.1.0/libgcc.a(_unpack_df.o)
 .bss           0x000000000603ab54        0x0 /opt/toolchains/sh-elf/bin/../lib/gcc/sh-elf/11.1.0/libgcc.a(_clz.o)
 .bss           0x000000000603ab54        0x0 /opt/toolchains/sh-elf/bin/../lib/gcc/sh-elf/11.1.0/../../../../sh-elf/lib/libc.a(lib_a-memcmp.o)
 .bss           0x000000000603ab54        0x0 /opt/toolchains/sh-elf/bin/../lib/gcc/sh-elf/11.1.0/../../../../sh-elf/lib/libc.a(lib_a-memcpy.o)
 .bss           0x000000000603ab54        0x0 /opt/toolchains/sh-elf/bin/../lib/gcc/sh-elf/11.1.0/../../../../sh-elf/lib/libc.a(lib_a-memmove.o)
 .bss           0x000000000603ab54        0x0 /opt/toolchains/sh-elf/bin/../lib/gcc/sh-elf/11.1.0/../../../../sh-elf/lib/libc.a(lib_a-memset.o)
 .bss           0x000000000603ab54        0x0 /opt/toolchains/sh-elf/bin/../lib/gcc/sh-elf/11.1.0/../../../../sh-elf/lib/libc.a(lib_a-strcpy.o)
 .bss           0x000000000603ab54        0x0 /opt/toolchains/sh-elf/bin/../lib/gcc/sh-elf/11.1.0/../../../../sh-elf/lib/libc.a(lib_a-strncmp.o)
 .bss           0x000000000603ab54        0x0 /opt/toolchains/sh-elf/bin/../lib/gcc/sh-elf/11.1.0/../../../../sh-elf/lib/libc.a(lib_a-strncpy.o)
 *(COMMON)
                0x000000000603ab54                _bss_end = .
                0x000000000603ab60                . = ALIGN (0x10)
 *fill*         0x000000000603ab54        0xc 
                0x000000000603ab60                _end = ABSOLUTE (.)

.stack          0x000000000603ab60     0x2000
 *(.stack)
 .stack         0x000000000603ab60     0x2000 stack.o
                0x000000000603ab60                _PROG_STK
                0x000000000603cb60                _stack = .

.lwram          0x0000000000200000        0x0
                0x0000000000200000                . = ALIGN (0x10)
 *(.lwram)
                0x0000000000200000                . = ALIGN (0x10)
OUTPUT(main.elf elf32-sh)

.debug_info     0x0000000000000000     0x825d
 .debug_info    0x0000000000000000      0x4d4 vblank.o
 .debug_info    0x00000000000004d4      0x780 bg.o
 .debug_info    0x0000000000000c54      0x937 cd.o
 .debug_info    0x000000000000158b      0x12d crc.o
 .debug_info    0x00000000000016b8      0x47b devcart.o
 .debug_info    0x0000000000001b33     0x16af game.o
 .debug_info    0x00000000000031e2       0x9e hwram.o
 .debug_info    0x0000000000003280      0x4bd rank.o
 .debug_info    0x000000000000373d      0x6a5 pcmsys.o
 .debug_info    0x0000000000003de2       0x69 piece.o
 .debug_info    0x0000000000003e4b      0x3fe print.o
 .debug_info    0x0000000000004249      0x240 rng.o
 .debug_info    0x0000000000004489      0xf2a scroll.o
 .debug_info    0x00000000000053b3      0x49a sound.o
 .debug_info    0x000000000000584d     0x102c sprite.o
 .debug_info    0x0000000000006879      0x3b6 main.o
 .debug_info    0x0000000000006c2f      0x4d2 /opt/toolchains/sh-elf/bin/../lib/gcc/sh-elf/11.1.0/libgcc.a(_mul_df.o)
 .debug_info    0x0000000000007101      0x259 /opt/toolchains/sh-elf/bin/../lib/gcc/sh-elf/11.1.0/libgcc.a(_si_to_df.o)
 .debug_info    0x000000000000735a      0x2a5 /opt/toolchains/sh-elf/bin/../lib/gcc/sh-elf/11.1.0/libgcc.a(_df_to_si.o)
 .debug_info    0x00000000000075ff      0x15b /opt/toolchains/sh-elf/bin/../lib/gcc/sh-elf/11.1.0/libgcc.a(_thenan_df.o)
 .debug_info    0x000000000000775a      0x130 /opt/toolchains/sh-elf/bin/../lib/gcc/sh-elf/11.1.0/libgcc.a(_clzsi2.o)
 .debug_info    0x000000000000788a      0x298 /opt/toolchains/sh-elf/bin/../lib/gcc/sh-elf/11.1.0/libgcc.a(_pack_df.o)
 .debug_info    0x0000000000007b22      0x20c /opt/toolchains/sh-elf/bin/../lib/gcc/sh-elf/11.1.0/libgcc.a(_unpack_df.o)
 .debug_info    0x0000000000007d2e       0xca /opt/toolchains/sh-elf/bin/../lib/gcc/sh-elf/11.1.0/libgcc.a(_clz.o)
 .debug_info    0x0000000000007df8      0x10f /opt/toolchains/sh-elf/bin/../lib/gcc/sh-elf/11.1.0/../../../../sh-elf/lib/libc.a(lib_a-memcmp.o)
 .debug_info    0x0000000000007f07      0x130 /opt/toolchains/sh-elf/bin/../lib/gcc/sh-elf/11.1.0/../../../../sh-elf/lib/libc.a(lib_a-memmove.o)
 .debug_info    0x0000000000008037       0xf4 /opt/toolchains/sh-elf/bin/../lib/gcc/sh-elf/11.1.0/../../../../sh-elf/lib/libc.a(lib_a-strncmp.o)
 .debug_info    0x000000000000812b      0x132 /opt/toolchains/sh-elf/bin/../lib/gcc/sh-elf/11.1.0/../../../../sh-elf/lib/libc.a(lib_a-strncpy.o)

.debug_abbrev   0x0000000000000000     0x2fc3
 .debug_abbrev  0x0000000000000000      0x1f2 vblank.o
 .debug_abbrev  0x00000000000001f2      0x22e bg.o
 .debug_abbrev  0x0000000000000420      0x25b cd.o
 .debug_abbrev  0x000000000000067b       0xbe crc.o
 .debug_abbrev  0x0000000000000739      0x24f devcart.o
 .debug_abbrev  0x0000000000000988      0x499 game.o
 .debug_abbrev  0x0000000000000e21       0x69 hwram.o
 .debug_abbrev  0x0000000000000e8a      0x271 rank.o
 .debug_abbrev  0x00000000000010fb      0x2f6 pcmsys.o
 .debug_abbrev  0x00000000000013f1       0x5a piece.o
 .debug_abbrev  0x000000000000144b      0x1de print.o
 .debug_abbrev  0x0000000000001629      0x1ad rng.o
 .debug_abbrev  0x00000000000017d6      0x332 scroll.o
 .debug_abbrev  0x0000000000001b08      0x1cf sound.o
 .debug_abbrev  0x0000000000001cd7      0x3dc sprite.o
 .debug_abbrev  0x00000000000020b3      0x1b6 main.o
 .debug_abbrev  0x0000000000002269      0x278 /opt/toolchains/sh-elf/bin/../lib/gcc/sh-elf/11.1.0/libgcc.a(_mul_df.o)
 .debug_abbrev  0x00000000000024e1      0x1b2 /opt/toolchains/sh-elf/bin/../lib/gcc/sh-elf/11.1.0/libgcc.a(_si_to_df.o)
 .debug_abbrev  0x0000000000002693      0x1b2 /opt/toolchains/sh-elf/bin/../lib/gcc/sh-elf/11.1.0/libgcc.a(_df_to_si.o)
 .debug_abbrev  0x0000000000002845       0xcf /opt/toolchains/sh-elf/bin/../lib/gcc/sh-elf/11.1.0/libgcc.a(_thenan_df.o)
 .debug_abbrev  0x0000000000002914       0xca /opt/toolchains/sh-elf/bin/../lib/gcc/sh-elf/11.1.0/libgcc.a(_clzsi2.o)
 .debug_abbrev  0x00000000000029de      0x1ae /opt/toolchains/sh-elf/bin/../lib/gcc/sh-elf/11.1.0/libgcc.a(_pack_df.o)
 .debug_abbrev  0x0000000000002b8c      0x142 /opt/toolchains/sh-elf/bin/../lib/gcc/sh-elf/11.1.0/libgcc.a(_unpack_df.o)
 .debug_abbrev  0x0000000000002cce       0x70 /opt/toolchains/sh-elf/bin/../lib/gcc/sh-elf/11.1.0/libgcc.a(_clz.o)
 .debug_abbrev  0x0000000000002d3e       0x8a /opt/toolchains/sh-elf/bin/../lib/gcc/sh-elf/11.1.0/../../../../sh-elf/lib/libc.a(lib_a-memcmp.o)
 .debug_abbrev  0x0000000000002dc8       0xba /opt/toolchains/sh-elf/bin/../lib/gcc/sh-elf/11.1.0/../../../../sh-elf/lib/libc.a(lib_a-memmove.o)
 .debug_abbrev  0x0000000000002e82       0x8c /opt/toolchains/sh-elf/bin/../lib/gcc/sh-elf/11.1.0/../../../../sh-elf/lib/libc.a(lib_a-strncmp.o)
 .debug_abbrev  0x0000000000002f0e       0xb5 /opt/toolchains/sh-elf/bin/../lib/gcc/sh-elf/11.1.0/../../../../sh-elf/lib/libc.a(lib_a-strncpy.o)

.debug_aranges  0x0000000000000000      0x360
 .debug_aranges
                0x0000000000000000       0x20 vblank.o
 .debug_aranges
                0x0000000000000020       0x20 bg.o
 .debug_aranges
                0x0000000000000040       0x20 cd.o
 .debug_aranges
                0x0000000000000060       0x20 crc.o
 .debug_aranges
                0x0000000000000080       0x20 devcart.o
 .debug_aranges
                0x00000000000000a0       0x20 game.o
 .debug_aranges
                0x00000000000000c0       0x18 hwram.o
 .debug_aranges
                0x00000000000000d8       0x20 rank.o
 .debug_aranges
                0x00000000000000f8       0x20 pcmsys.o
 .debug_aranges
                0x0000000000000118       0x18 piece.o
 .debug_aranges
                0x0000000000000130       0x20 print.o
 .debug_aranges
                0x0000000000000150       0x20 rng.o
 .debug_aranges
                0x0000000000000170       0x20 scroll.o
 .debug_aranges
                0x0000000000000190       0x20 sound.o
 .debug_aranges
                0x00000000000001b0       0x20 sprite.o
 .debug_aranges
                0x00000000000001d0       0x20 main.o
 .debug_aranges
                0x00000000000001f0       0x20 /opt/toolchains/sh-elf/bin/../lib/gcc/sh-elf/11.1.0/libgcc.a(_mul_df.o)
 .debug_aranges
                0x0000000000000210       0x20 /opt/toolchains/sh-elf/bin/../lib/gcc/sh-elf/11.1.0/libgcc.a(_si_to_df.o)
 .debug_aranges
                0x0000000000000230       0x20 /opt/toolchains/sh-elf/bin/../lib/gcc/sh-elf/11.1.0/libgcc.a(_df_to_si.o)
 .debug_aranges
                0x0000000000000250       0x18 /opt/toolchains/sh-elf/bin/../lib/gcc/sh-elf/11.1.0/libgcc.a(_thenan_df.o)
 .debug_aranges
                0x0000000000000268       0x20 /opt/toolchains/sh-elf/bin/../lib/gcc/sh-elf/11.1.0/libgcc.a(_clzsi2.o)
 .debug_aranges
                0x0000000000000288       0x20 /opt/toolchains/sh-elf/bin/../lib/gcc/sh-elf/11.1.0/libgcc.a(_pack_df.o)
 .debug_aranges
                0x00000000000002a8       0x20 /opt/toolchains/sh-elf/bin/../lib/gcc/sh-elf/11.1.0/libgcc.a(_unpack_df.o)
 .debug_aranges
                0x00000000000002c8       0x18 /opt/toolchains/sh-elf/bin/../lib/gcc/sh-elf/11.1.0/libgcc.a(_clz.o)
 .debug_aranges
                0x00000000000002e0       0x20 /opt/toolchains/sh-elf/bin/../lib/gcc/sh-elf/11.1.0/../../../../sh-elf/lib/libc.a(lib_a-memcmp.o)
 .debug_aranges
                0x0000000000000300       0x20 /opt/toolchains/sh-elf/bin/../lib/gcc/sh-elf/11.1.0/../../../../sh-elf/lib/libc.a(lib_a-memmove.o)
 .debug_aranges
                0x0000000000000320       0x20 /opt/toolchains/sh-elf/bin/../lib/gcc/sh-elf/11.1.0/../../../../sh-elf/lib/libc.a(lib_a-strncmp.o)
 .debug_aranges
                0x0000000000000340       0x20 /opt/toolchains/sh-elf/bin/../lib/gcc/sh-elf/11.1.0/../../../../sh-elf/lib/libc.a(lib_a-strncpy.o)

.debug_line     0x0000000000000000     0x4b96
 .debug_line    0x0000000000000000      0x153 vblank.o
 .debug_line    0x0000000000000153      0x4a3 bg.o
 .debug_line    0x00000000000005f6      0x13e cd.o
 .debug_line    0x0000000000000734       0xaa crc.o
 .debug_line    0x00000000000007de      0x3d0 devcart.o
 .debug_line    0x0000000000000bae     0x105d game.o
 .debug_line    0x0000000000001c0b       0x58 hwram.o
 .debug_line    0x0000000000001c63      0x21a rank.o
 .debug_line    0x0000000000001e7d      0x4ce pcmsys.o
 .debug_line    0x000000000000234b       0x33 piece.o
 .debug_line    0x000000000000237e      0x1db print.o
 .debug_line    0x0000000000002559      0x155 rng.o
 .debug_line    0x00000000000026ae      0x6b9 scroll.o
 .debug_line    0x0000000000002d67      0x285 sound.o
 .debug_line    0x0000000000002fec      0x820 sprite.o
 .debug_line    0x000000000000380c      0x1b9 main.o
 .debug_line    0x00000000000039c5      0x2d6 /opt/toolchains/sh-elf/bin/../lib/gcc/sh-elf/11.1.0/libgcc.a(_mul_df.o)
 .debug_line    0x0000000000003c9b      0x13d /opt/toolchains/sh-elf/bin/../lib/gcc/sh-elf/11.1.0/libgcc.a(_si_to_df.o)
 .debug_line    0x0000000000003dd8       0xf6 /opt/toolchains/sh-elf/bin/../lib/gcc/sh-elf/11.1.0/libgcc.a(_df_to_si.o)
 .debug_line    0x0000000000003ece       0x50 /opt/toolchains/sh-elf/bin/../lib/gcc/sh-elf/11.1.0/libgcc.a(_thenan_df.o)
 .debug_line    0x0000000000003f1e       0xad /opt/toolchains/sh-elf/bin/../lib/gcc/sh-elf/11.1.0/libgcc.a(_clzsi2.o)
 .debug_line    0x0000000000003fcb      0x30c /opt/toolchains/sh-elf/bin/../lib/gcc/sh-elf/11.1.0/libgcc.a(_pack_df.o)
 .debug_line    0x00000000000042d7      0x146 /opt/toolchains/sh-elf/bin/../lib/gcc/sh-elf/11.1.0/libgcc.a(_unpack_df.o)
 .debug_line    0x000000000000441d       0x52 /opt/toolchains/sh-elf/bin/../lib/gcc/sh-elf/11.1.0/libgcc.a(_clz.o)
 .debug_line    0x000000000000446f      0x167 /opt/toolchains/sh-elf/bin/../lib/gcc/sh-elf/11.1.0/../../../../sh-elf/lib/libc.a(lib_a-memcmp.o)
 .debug_line    0x00000000000045d6      0x1ec /opt/toolchains/sh-elf/bin/../lib/gcc/sh-elf/11.1.0/../../../../sh-elf/lib/libc.a(lib_a-memmove.o)
 .debug_line    0x00000000000047c2      0x200 /opt/toolchains/sh-elf/bin/../lib/gcc/sh-elf/11.1.0/../../../../sh-elf/lib/libc.a(lib_a-strncmp.o)
 .debug_line    0x00000000000049c2      0x1d4 /opt/toolchains/sh-elf/bin/../lib/gcc/sh-elf/11.1.0/../../../../sh-elf/lib/libc.a(lib_a-strncpy.o)

.debug_str      0x0000000000000000     0x1c62
 .debug_str     0x0000000000000000      0x236 vblank.o
                                        0x298 (size before relaxing)
 .debug_str     0x0000000000000236      0x1e3 bg.o
                                        0x2c8 (size before relaxing)
 .debug_str     0x0000000000000419      0x25a cd.o
                                        0x36a (size before relaxing)
 .debug_str     0x0000000000000673       0x3a crc.o
                                        0x121 (size before relaxing)
 .debug_str     0x00000000000006ad      0x118 devcart.o
                                        0x246 (size before relaxing)
 .debug_str     0x00000000000007c5      0x4f8 game.o
                                        0x63b (size before relaxing)
 .debug_str     0x0000000000000cbd        0x8 hwram.o
                                         0xcd (size before relaxing)
 .debug_str     0x0000000000000cc5       0xa9 rank.o
                                        0x2a1 (size before relaxing)
 .debug_str     0x0000000000000d6e      0x161 pcmsys.o
                                        0x302 (size before relaxing)
 .debug_str     0x0000000000000ecf        0x8 piece.o
                                         0x62 (size before relaxing)
 .debug_str     0x0000000000000ed7       0x4b print.o
                                        0x1f4 (size before relaxing)
 .debug_str     0x0000000000000f22       0x7c rng.o
                                        0x184 (size before relaxing)
 .debug_str     0x0000000000000f9e      0x355 scroll.o
                                        0x4f8 (size before relaxing)
 .debug_str     0x00000000000012f3       0xb8 sound.o
                                        0x20c (size before relaxing)
 .debug_str     0x00000000000013ab      0x328 sprite.o
                                        0x560 (size before relaxing)
 .debug_str     0x00000000000016d3      0x146 main.o
                                        0x31c (size before relaxing)
 .debug_str     0x0000000000001819      0x212 /opt/toolchains/sh-elf/bin/../lib/gcc/sh-elf/11.1.0/libgcc.a(_mul_df.o)
                                        0x28a (size before relaxing)
 .debug_str     0x0000000000001a2b       0x27 /opt/toolchains/sh-elf/bin/../lib/gcc/sh-elf/11.1.0/libgcc.a(_si_to_df.o)
                                        0x216 (size before relaxing)
 .debug_str     0x0000000000001a52        0xa /opt/toolchains/sh-elf/bin/../lib/gcc/sh-elf/11.1.0/libgcc.a(_df_to_si.o)
                                        0x233 (size before relaxing)
 .debug_str     0x0000000000001a5c      0x1d5 /opt/toolchains/sh-elf/bin/../lib/gcc/sh-elf/11.1.0/libgcc.a(_thenan_df.o)
 .debug_str     0x0000000000001a5c       0x59 /opt/toolchains/sh-elf/bin/../lib/gcc/sh-elf/11.1.0/libgcc.a(_clzsi2.o)
                                        0x198 (size before relaxing)
 .debug_str     0x0000000000001ab5        0x7 /opt/toolchains/sh-elf/bin/../lib/gcc/sh-elf/11.1.0/libgcc.a(_pack_df.o)
                                        0x227 (size before relaxing)
 .debug_str     0x0000000000001abc      0x209 /opt/toolchains/sh-elf/bin/../lib/gcc/sh-elf/11.1.0/libgcc.a(_unpack_df.o)
 .debug_str     0x0000000000001abc      0x17b /opt/toolchains/sh-elf/bin/../lib/gcc/sh-elf/11.1.0/libgcc.a(_clz.o)
 .debug_str     0x0000000000001abc       0xa8 /opt/toolchains/sh-elf/bin/../lib/gcc/sh-elf/11.1.0/../../../../sh-elf/lib/libc.a(lib_a-memcmp.o)
                                        0x144 (size before relaxing)
 .debug_str     0x0000000000001b64       0x72 /opt/toolchains/sh-elf/bin/../lib/gcc/sh-elf/11.1.0/../../../../sh-elf/lib/libc.a(lib_a-memmove.o)
                                        0x177 (size before relaxing)
 .debug_str     0x0000000000001bd6       0x41 /opt/toolchains/sh-elf/bin/../lib/gcc/sh-elf/11.1.0/../../../../sh-elf/lib/libc.a(lib_a-strncmp.o)
                                        0x146 (size before relaxing)
 .debug_str     0x0000000000001c17       0x4b /opt/toolchains/sh-elf/bin/../lib/gcc/sh-elf/11.1.0/../../../../sh-elf/lib/libc.a(lib_a-strncpy.o)
                                        0x16e (size before relaxing)

.comment        0x0000000000000000       0x12
 .comment       0x0000000000000000       0x12 vblank.o
                                         0x13 (size before relaxing)
 .comment       0x0000000000000012       0x13 bg.o
 .comment       0x0000000000000012       0x13 cd.o
 .comment       0x0000000000000012       0x13 crc.o
 .comment       0x0000000000000012       0x13 devcart.o
 .comment       0x0000000000000012       0x13 game.o
 .comment       0x0000000000000012       0x13 hwram.o
 .comment       0x0000000000000012       0x13 rank.o
 .comment       0x0000000000000012       0x13 pcmsys.o
 .comment       0x0000000000000012       0x13 piece.o
 .comment       0x0000000000000012       0x13 print.o
 .comment       0x0000000000000012       0x13 rng.o
 .comment       0x0000000000000012       0x13 scroll.o
 .comment       0x0000000000000012       0x13 sound.o
 .comment       0x0000000000000012       0x13 sprite.o
 .comment       0x0000000000000012       0x13 main.o
 .comment       0x0000000000000012       0x13 ../sbl/segalib/lib/libsat.a(cdc_cmn.o)
 .comment       0x0000000000000012       0x13 ../sbl/segalib/lib/libsat.a(cdc_drv.o)
 .comment       0x0000000000000012       0x13 ../sbl/segalib/lib/libsat.a(dma_scu1.o)
 .comment       0x0000000000000012       0x13 ../sbl/segalib/lib/libsat.a(gfs.o)
 .comment       0x0000000000000012       0x13 ../sbl/segalib/lib/libsat.a(gfs_buf.o)
 .comment       0x0000000000000012       0x13 ../sbl/segalib/lib/libsat.a(gfs_cdb.o)
 .comment       0x0000000000000012       0x13 ../sbl/segalib/lib/libsat.a(gfs_cdc.o)
 .comment       0x0000000000000012       0x13 ../sbl/segalib/lib/libsat.a(gfs_cdf.o)
 .comment       0x0000000000000012       0x13 ../sbl/segalib/lib/libsat.a(gfs_dir.o)
 .comment       0x0000000000000012       0x13 ../sbl/segalib/lib/libsat.a(gfs_trn.o)
 .comment       0x0000000000000012       0x13 ../sbl/segalib/lib/libsat.a(mth_rand.o)
 .comment       0x0000000000000012       0x13 ../sbl/segalib/lib/libsat.a(per_prt.o)
 .comment       0x0000000000000012       0x13 ../sbl/segalib/lib/libsat.a(spr_2c.o)
 .comment       0x0000000000000012       0x13 ../sbl/segalib/lib/libsat.a(scl_func.o)
 .comment       0x0000000000000012       0x13 ../sbl/segalib/lib/libsat.a(scl_fu02.o)
 .comment       0x0000000000000012       0x13 ../sbl/segalib/lib/libsat.a(scl_fu03.o)
 .comment       0x0000000000000012       0x13 ../sbl/segalib/lib/libsat.a(scl_fu04.o)
 .comment       0x0000000000000012       0x13 ../sbl/segalib/lib/libsat.a(scl_pri.o)
 .comment       0x0000000000000012       0x13 ../sbl/segalib/lib/libsat.a(scl_ro00.o)
 .comment       0x0000000000000012       0x13 ../sbl/segalib/lib/libsat.a(scl_ro03.o)
 .comment       0x0000000000000012       0x13 ../sbl/segalib/lib/libsat.a(scl_back.o)
 .comment       0x0000000000000012       0x13 ../sbl/segalib/lib/libsat.a(scl_vblv.o)
 .comment       0x0000000000000012       0x13 ../sbl/segalib/lib/libsat.a(scl_pr01.o)
 .comment       0x0000000000000012       0x13 ../sbl/segalib/lib/libsat.a(scl_pr02.o)
 .comment       0x0000000000000012       0x13 ../sbl/segalib/lib/libsat.a(scl_pr03.o)
 .comment       0x0000000000000012       0x13 ../sbl/segalib/lib/libsat.a(scl_pr05.o)
 .comment       0x0000000000000012       0x13 ../sbl/segalib/lib/libsat.a(scl_pr06.o)
 .comment       0x0000000000000012       0x13 ../sbl/segalib/lib/libsat.a(scl_pr07.o)
 .comment       0x0000000000000012       0x13 ../sbl/segalib/lib/libsat.a(scl_pr11.o)
 .comment       0x0000000000000012       0x13 ../sbl/segalib/lib/libsat.a(scl_pr12.o)
 .comment       0x0000000000000012       0x13 ../sbl/segalib/lib/libsat.a(cdc_reg.o)
 .comment       0x0000000000000012       0x13 ../sbl/segalib/lib/libsat.a(cdc_sub.o)
 .comment       0x0000000000000012       0x13 ../sbl/segalib/lib/libsat.a(cdc_dev.o)
 .comment       0x0000000000000012       0x13 ../sbl/segalib/lib/libsat.a(cdc_sel.o)
 .comment       0x0000000000000012       0x13 ../sbl/segalib/lib/libsat.a(cdc_bif.o)
 .comment       0x0000000000000012       0x13 ../sbl/segalib/lib/libsat.a(cdc_bio.o)
 .comment       0x0000000000000012       0x13 ../sbl/segalib/lib/libsat.a(cdc_cfs.o)
 .comment       0x0000000000000012       0x13 ../sbl/segalib/lib/libsat.a(csh_main.o)
 .comment       0x0000000000000012       0x13 ../sbl/segalib/lib/libsat.a(dma_cpu0.o)
 .comment       0x0000000000000012       0x13 ../sbl/segalib/lib/libsat.a(dma_scu0.o)
 .comment       0x0000000000000012       0x13 ../sbl/segalib/lib/libsat.a(spr_1c.o)
 .comment       0x0000000000000012       0x13 /opt/toolchains/sh-elf/bin/../lib/gcc/sh-elf/11.1.0/libgcc.a(_mul_df.o)
 .comment       0x0000000000000012       0x13 /opt/toolchains/sh-elf/bin/../lib/gcc/sh-elf/11.1.0/libgcc.a(_si_to_df.o)
 .comment       0x0000000000000012       0x13 /opt/toolchains/sh-elf/bin/../lib/gcc/sh-elf/11.1.0/libgcc.a(_df_to_si.o)
 .comment       0x0000000000000012       0x13 /opt/toolchains/sh-elf/bin/../lib/gcc/sh-elf/11.1.0/libgcc.a(_thenan_df.o)
 .comment       0x0000000000000012       0x13 /opt/toolchains/sh-elf/bin/../lib/gcc/sh-elf/11.1.0/libgcc.a(_clzsi2.o)
 .comment       0x0000000000000012       0x13 /opt/toolchains/sh-elf/bin/../lib/gcc/sh-elf/11.1.0/libgcc.a(_pack_df.o)
 .comment       0x0000000000000012       0x13 /opt/toolchains/sh-elf/bin/../lib/gcc/sh-elf/11.1.0/libgcc.a(_unpack_df.o)
 .comment       0x0000000000000012       0x13 /opt/toolchains/sh-elf/bin/../lib/gcc/sh-elf/11.1.0/libgcc.a(_clz.o)
 .comment       0x0000000000000012       0x13 /opt/toolchains/sh-elf/bin/../lib/gcc/sh-elf/11.1.0/../../../../sh-elf/lib/libc.a(lib_a-memcmp.o)
 .comment       0x0000000000000012       0x13 /opt/toolchains/sh-elf/bin/../lib/gcc/sh-elf/11.1.0/../../../../sh-elf/lib/libc.a(lib_a-memmove.o)
 .comment       0x0000000000000012       0x13 /opt/toolchains/sh-elf/bin/../lib/gcc/sh-elf/11.1.0/../../../../sh-elf/lib/libc.a(lib_a-strncmp.o)
 .comment       0x0000000000000012       0x13 /opt/toolchains/sh-elf/bin/../lib/gcc/sh-elf/11.1.0/../../../../sh-elf/lib/libc.a(lib_a-strncpy.o)

.debug_frame    0x0000000000000000     0x1024
 .debug_frame   0x0000000000000000       0x84 vblank.o
 .debug_frame   0x0000000000000084       0xfc bg.o
 .debug_frame   0x0000000000000180       0x78 cd.o
 .debug_frame   0x00000000000001f8       0x20 crc.o
 .debug_frame   0x0000000000000218       0x98 devcart.o
 .debug_frame   0x00000000000002b0      0x284 game.o
 .debug_frame   0x0000000000000534       0x60 rank.o
 .debug_frame   0x0000000000000594      0x174 pcmsys.o
 .debug_frame   0x0000000000000708       0xc4 print.o
 .debug_frame   0x00000000000007cc       0x80 rng.o
 .debug_frame   0x000000000000084c      0x250 scroll.o
 .debug_frame   0x0000000000000a9c       0x84 sound.o
 .debug_frame   0x0000000000000b20      0x224 sprite.o
 .debug_frame   0x0000000000000d44       0x4c main.o
 .debug_frame   0x0000000000000d90       0x98 /opt/toolchains/sh-elf/bin/../lib/gcc/sh-elf/11.1.0/libgcc.a(_mul_df.o)
 .debug_frame   0x0000000000000e28       0x3c /opt/toolchains/sh-elf/bin/../lib/gcc/sh-elf/11.1.0/libgcc.a(_si_to_df.o)
 .debug_frame   0x0000000000000e64       0x48 /opt/toolchains/sh-elf/bin/../lib/gcc/sh-elf/11.1.0/libgcc.a(_df_to_si.o)
 .debug_frame   0x0000000000000eac       0x38 /opt/toolchains/sh-elf/bin/../lib/gcc/sh-elf/11.1.0/libgcc.a(_clzsi2.o)
 .debug_frame   0x0000000000000ee4       0x6c /opt/toolchains/sh-elf/bin/../lib/gcc/sh-elf/11.1.0/libgcc.a(_pack_df.o)
 .debug_frame   0x0000000000000f50       0x20 /opt/toolchains/sh-elf/bin/../lib/gcc/sh-elf/11.1.0/libgcc.a(_unpack_df.o)
 .debug_frame   0x0000000000000f70       0x20 /opt/toolchains/sh-elf/bin/../lib/gcc/sh-elf/11.1.0/../../../../sh-elf/lib/libc.a(lib_a-memcmp.o)
 .debug_frame   0x0000000000000f90       0x20 /opt/toolchains/sh-elf/bin/../lib/gcc/sh-elf/11.1.0/../../../../sh-elf/lib/libc.a(lib_a-memmove.o)
 .debug_frame   0x0000000000000fb0       0x30 /opt/toolchains/sh-elf/bin/../lib/gcc/sh-elf/11.1.0/../../../../sh-elf/lib/libc.a(lib_a-strncmp.o)
 .debug_frame   0x0000000000000fe0       0x44 /opt/toolchains/sh-elf/bin/../lib/gcc/sh-elf/11.1.0/../../../../sh-elf/lib/libc.a(lib_a-strncpy.o)

.debug_loclists
                0x0000000000000000     0x1f82
 .debug_loclists
                0x0000000000000000       0x63 bg.o
 .debug_loclists
                0x0000000000000063       0x59 cd.o
 .debug_loclists
                0x00000000000000bc       0x64 crc.o
 .debug_loclists
                0x0000000000000120      0x1ae devcart.o
 .debug_loclists
                0x00000000000002ce      0x59d game.o
 .debug_loclists
                0x000000000000086b      0x135 rank.o
 .debug_loclists
                0x00000000000009a0      0x1fe pcmsys.o
 .debug_loclists
                0x0000000000000b9e      0x19d print.o
 .debug_loclists
                0x0000000000000d3b       0x70 rng.o
 .debug_loclists
                0x0000000000000dab      0x42c scroll.o
 .debug_loclists
                0x00000000000011d7       0x94 sound.o
 .debug_loclists
                0x000000000000126b      0x2ed sprite.o
 .debug_loclists
                0x0000000000001558      0x30c /opt/toolchains/sh-elf/bin/../lib/gcc/sh-elf/11.1.0/libgcc.a(_mul_df.o)
 .debug_loclists