Archive member included to satisfy reference by file (symbol)

../sbl/segalib/lib/libsat.a(cdc_cmn.o)
                              main.o (_CDC_GetPeriStat)
../sbl/segalib/lib/libsat.a(cdc_drv.o)
                              sound.o (_CDC_CdPlay)
../sbl/segalib/lib/libsat.a(gfs.o)
                              cd.o (_GFS_SetDir)
../sbl/segalib/lib/libsat.a(gfs_buf.o)
                              ../sbl/segalib/lib/libsat.a(gfs.o) (_GFBF_GetNumData)
../sbl/segalib/lib/libsat.a(gfs_cdb.o)
                              ../sbl/segalib/lib/libsat.a(gfs.o) (_GFCB_Close)
../sbl/segalib/lib/libsat.a(gfs_cdc.o)
                              ../sbl/segalib/lib/libsat.a(gfs_cdb.o) (_GFCD_AllocFilt)
../sbl/segalib/lib/libsat.a(gfs_cdf.o)
                              ../sbl/segalib/lib/libsat.a(gfs.o) (_GFCF_Init)
../sbl/segalib/lib/libsat.a(gfs_dir.o)
                              ../sbl/segalib/lib/libsat.a(gfs.o) (_GFDR_NameToId)
../sbl/segalib/lib/libsat.a(gfs_trn.o)
                              ../sbl/segalib/lib/libsat.a(gfs.o) (_GFTR_Setup)
../sbl/segalib/lib/libsat.a(mth_fixd.o)
                              sprite.o (_MTH_Mul)
../sbl/segalib/lib/libsat.a(mth_tri.o)
                              sprite.o (_MTH_Sin)
../sbl/segalib/lib/libsat.a(per_prt.o)
                              vblank.o (_PER_Init)
../sbl/segalib/lib/libsat.a(spr_2c.o)
                              sprite.o (_SPR_2SetTvMode)
../sbl/segalib/lib/libsat.a(scl_func.o)
                              scroll.o (_Scl_n_reg)
../sbl/segalib/lib/libsat.a(scl_fu02.o)
                              scroll.o (_SCL_InitVramConfigTb)
../sbl/segalib/lib/libsat.a(scl_fu03.o)
                              scroll.o (_SCL_InitConfigTb)
../sbl/segalib/lib/libsat.a(scl_fu04.o)
                              scroll.o (_SCL_SetCycleTable)
../sbl/segalib/lib/libsat.a(scl_pri.o)
                              ../sbl/segalib/lib/libsat.a(scl_func.o) (_SCL_PriorityInit)
../sbl/segalib/lib/libsat.a(scl_ro00.o)
                              ../sbl/segalib/lib/libsat.a(scl_func.o) (_SCL_Rotate)
../sbl/segalib/lib/libsat.a(scl_back.o)
                              scroll.o (_SCL_SetBack)
../sbl/segalib/lib/libsat.a(scl_vblv.o)
                              ../sbl/segalib/lib/libsat.a(spr_2c.o) (_SCL_SetFrameInterval)
../sbl/segalib/lib/libsat.a(scl_pr01.o)
                              sprite.o (_SCL_SetSpriteMode)
../sbl/segalib/lib/libsat.a(scl_pr02.o)
                              scroll.o (_SCL_SetColRam)
../sbl/segalib/lib/libsat.a(scl_pr03.o)
                              scroll.o (_SCL_AllocColRam)
../sbl/segalib/lib/libsat.a(scl_pr05.o)
                              ../sbl/segalib/lib/libsat.a(scl_pr02.o) (_SCL_GetColRamOffset)
../sbl/segalib/lib/libsat.a(scl_pr06.o)
                              ../sbl/segalib/lib/libsat.a(scl_pr03.o) (_SCL_SetColRamOffset)
../sbl/segalib/lib/libsat.a(scl_pr07.o)
                              scroll.o (_SCL_SetPriority)
../sbl/segalib/lib/libsat.a(cdc_reg.o)
                              ../sbl/segalib/lib/libsat.a(gfs_cdb.o) (_CDC_GetDataPtr)
../sbl/segalib/lib/libsat.a(cdc_sub.o)
                              ../sbl/segalib/lib/libsat.a(cdc_cmn.o) (_CDSUB_GetCdstat)
../sbl/segalib/lib/libsat.a(cdc_dev.o)
                              ../sbl/segalib/lib/libsat.a(gfs_cdc.o) (_CDC_CdSetCon)
../sbl/segalib/lib/libsat.a(cdc_sel.o)
                              ../sbl/segalib/lib/libsat.a(gfs_cdc.o) (_CDC_SetFiltRange)
../sbl/segalib/lib/libsat.a(cdc_bif.o)
                              ../sbl/segalib/lib/libsat.a(gfs_cdc.o) (_CDC_GetBufSiz)
../sbl/segalib/lib/libsat.a(cdc_bio.o)
                              ../sbl/segalib/lib/libsat.a(gfs_cdc.o) (_CDC_SetSctLen)
../sbl/segalib/lib/libsat.a(cdc_cfs.o)
                              ../sbl/segalib/lib/libsat.a(gfs_cdc.o) (_CDC_ChgDir)
../sbl/segalib/lib/libsat.a(csh_main.o)
                              ../sbl/segalib/lib/libsat.a(gfs_trn.o) (_CSH_Purge)
../sbl/segalib/lib/libsat.a(dma_cpu0.o)
                              ../sbl/segalib/lib/libsat.a(gfs_trn.o) (_DMA_CpuSetComPrm)
../sbl/segalib/lib/libsat.a(dma_scu0.o)
                              ../sbl/segalib/lib/libsat.a(gfs_trn.o) (_DMA_ScuSetPrm)
../sbl/segalib/lib/libsat.a(spr_1c.o)
                              ../sbl/segalib/lib/libsat.a(spr_2c.o) (_SPR_SetTvMode)
../sbl/segalib/lib/libsat.a(spr_2a.o)
                              ../sbl/segalib/lib/libsat.a(spr_2c.o) (_SPR_2SetDrawPrty)
/opt/toolchains/sh-elf/bin/../lib/gcc/sh-elf/11.1.0/libgcc.a(_ashiftrt.o)
                              ../sbl/segalib/lib/libsat.a(gfs_cdf.o) (___ashiftrt_r4_6)
/opt/toolchains/sh-elf/bin/../lib/gcc/sh-elf/11.1.0/libgcc.a(_ashiftlt.o)
                              scroll.o (___ashlsi3_r0)
/opt/toolchains/sh-elf/bin/../lib/gcc/sh-elf/11.1.0/libgcc.a(_movmem.o)
                              scroll.o (___movmem)
/opt/toolchains/sh-elf/bin/../lib/gcc/sh-elf/11.1.0/libgcc.a(_sdivsi3.o)
                              ../sbl/segalib/lib/libsat.a(gfs.o) (___sdivsi3)
/opt/toolchains/sh-elf/bin/../lib/gcc/sh-elf/11.1.0/libgcc.a(_udivsi3.o)
                              ../sbl/segalib/lib/libsat.a(gfs.o) (___udivsi3)
/opt/toolchains/sh-elf/bin/../lib/gcc/sh-elf/11.1.0/libgcc.a(_mul_df.o)
                              ../sbl/segalib/lib/libsat.a(scl_ro00.o) (___muldf3)
/opt/toolchains/sh-elf/bin/../lib/gcc/sh-elf/11.1.0/libgcc.a(_si_to_df.o)
                              ../sbl/segalib/lib/libsat.a(scl_ro00.o) (___floatsidf)
/opt/toolchains/sh-elf/bin/../lib/gcc/sh-elf/11.1.0/libgcc.a(_df_to_si.o)
                              ../sbl/segalib/lib/libsat.a(scl_ro00.o) (___fixdfsi)
/opt/toolchains/sh-elf/bin/../lib/gcc/sh-elf/11.1.0/libgcc.a(_thenan_df.o)
                              /opt/toolchains/sh-elf/bin/../lib/gcc/sh-elf/11.1.0/libgcc.a(_mul_df.o) (___thenan_df)
/opt/toolchains/sh-elf/bin/../lib/gcc/sh-elf/11.1.0/libgcc.a(_lshiftrt.o)
                              /opt/toolchains/sh-elf/bin/../lib/gcc/sh-elf/11.1.0/libgcc.a(_si_to_df.o) (___lshrsi3_r0)
/opt/toolchains/sh-elf/bin/../lib/gcc/sh-elf/11.1.0/libgcc.a(_clzsi2.o)
                              /opt/toolchains/sh-elf/bin/../lib/gcc/sh-elf/11.1.0/libgcc.a(_si_to_df.o) (___clzsi2)
/opt/toolchains/sh-elf/bin/../lib/gcc/sh-elf/11.1.0/libgcc.a(_pack_df.o)
                              /opt/toolchains/sh-elf/bin/../lib/gcc/sh-elf/11.1.0/libgcc.a(_mul_df.o) (___pack_d)
/opt/toolchains/sh-elf/bin/../lib/gcc/sh-elf/11.1.0/libgcc.a(_unpack_df.o)
                              /opt/toolchains/sh-elf/bin/../lib/gcc/sh-elf/11.1.0/libgcc.a(_mul_df.o) (___unpack_d)
/opt/toolchains/sh-elf/bin/../lib/gcc/sh-elf/11.1.0/libgcc.a(_clz.o)
                              /opt/toolchains/sh-elf/bin/../lib/gcc/sh-elf/11.1.0/libgcc.a(_clzsi2.o) (___clz_tab)
/opt/toolchains/sh-elf/bin/../lib/gcc/sh-elf/11.1.0/../../../../sh-elf/lib/libc.a(lib_a-memcmp.o)
                              ../sbl/segalib/lib/libsat.a(gfs.o) (_memcmp)
/opt/toolchains/sh-elf/bin/../lib/gcc/sh-elf/11.1.0/../../../../sh-elf/lib/libc.a(lib_a-memcpy.o)
                              scroll.o (_memcpy)
/opt/toolchains/sh-elf/bin/../lib/gcc/sh-elf/11.1.0/../../../../sh-elf/lib/libc.a(lib_a-memmove.o)
                              ../sbl/segalib/lib/libsat.a(gfs.o) (_memmove)
/opt/toolchains/sh-elf/bin/../lib/gcc/sh-elf/11.1.0/../../../../sh-elf/lib/libc.a(lib_a-memset.o)
                              scroll.o (_memset)
/opt/toolchains/sh-elf/bin/../lib/gcc/sh-elf/11.1.0/../../../../sh-elf/lib/libc.a(lib_a-strcpy.o)
                              ../sbl/segalib/lib/libsat.a(gfs_dir.o) (_strcpy)
/opt/toolchains/sh-elf/bin/../lib/gcc/sh-elf/11.1.0/../../../../sh-elf/lib/libc.a(lib_a-strncmp.o)
                              ../sbl/segalib/lib/libsat.a(gfs_dir.o) (_strncmp)
/opt/toolchains/sh-elf/bin/../lib/gcc/sh-elf/11.1.0/../../../../sh-elf/lib/libc.a(lib_a-strncpy.o)
                              ../sbl/segalib/lib/libsat.a(gfs_dir.o) (_strncpy)

Memory Configuration

Name             Origin             Length             Attributes
*default*        0x0000000000000000 0xffffffffffffffff

Linker script and memory map

LOAD entry.o
LOAD stack.o
LOAD vblank.o
LOAD cd.o
LOAD crc.o
LOAD devcart.o
LOAD print.o
LOAD scroll.o
LOAD sound.o
LOAD sprite.o
LOAD main.o
LOAD ../sbl/segalib/lib/libsat.a
LOAD /opt/toolchains/sh-elf/bin/../lib/gcc/sh-elf/11.1.0/libgcc.a
LOAD /opt/toolchains/sh-elf/bin/../lib/gcc/sh-elf/11.1.0/libgcc-Os-4-200.a
LOAD /opt/toolchains/sh-elf/bin/../lib/gcc/sh-elf/11.1.0/../../../../sh-elf/lib/libc.a
LOAD /opt/toolchains/sh-elf/bin/../lib/gcc/sh-elf/11.1.0/libgcc.a
LOAD /opt/toolchains/sh-elf/bin/../lib/gcc/sh-elf/11.1.0/libgcc-Os-4-200.a

.entry          0x0000000006010000       0x60
 *(.entry)
 .entry         0x0000000006010000       0x50 entry.o
                0x0000000006010000                _entry
                0x0000000006010060                . = ALIGN (0x20)
 *fill*         0x0000000006010050       0x10 
                0x0000000006010060                _eentry = ABSOLUTE (.)

.text           0x0000000006010060     0xf080
 *(.text*)
 .text          0x0000000006010060        0x0 entry.o
 .text          0x0000000006010060        0x0 stack.o
 .text          0x0000000006010060      0x1c4 vblank.o
                0x0000000006010060                _SetVblank
                0x0000000006010118                _CheckVblankEnd
                0x0000000006010130                _UsrVblankIn
                0x000000000601014c                _UsrVblankOut
 .text          0x0000000006010224      0x180 cd.o
                0x0000000006010224                _CD_Init
                0x0000000006010268                _CD_ChangeDir
                0x00000000060102dc                _CD_Load
 .text          0x00000000060103a4       0x98 crc.o
                0x00000000060103a4                _crc_update
 .text          0x000000000601043c      0x3a4 devcart.o
                0x0000000006010568                _Devcart_LoadFile
                0x0000000006010714                _Devcart_PrintStr
                0x0000000006010788                _Devcart_Reset
 .text          0x00000000060107e0      0x340 print.o
                0x00000000060107e0                _Print_Load
                0x0000000006010808                _Print_Init
                0x0000000006010888                _Print_Num
                0x000000000601094c                _Print_String
                0x0000000006010a20                _Print_Display
 .text          0x0000000006010b20      0xa60 scroll.o
                0x0000000006010b20                _scroll_init
                0x0000000006010ebc                _scroll_loadtile
                0x0000000006010ff0                _scroll_tileptr
                0x0000000006011078                _scroll_mapptr
                0x0000000006011104                _scroll_scale
                0x000000000601125c                _scroll_set
                0x00000000060112cc                _scroll_move
                0x000000000601133c                _scroll_clearmaps
                0x00000000060113a8                _scroll_clearvram
                0x00000000060113f8                _scroll_charsize
                0x000000000601147c                _scroll_enable
                0x00000000060114fc                _scroll_mapsize
 .text          0x0000000006011580      0x304 sound.o
                0x00000000060117b0                _sound_init
                0x00000000060117d0                _sound_cdda
                0x0000000006011868                _sound_play
 .text          0x0000000006011884      0xd9c sprite.o
                0x0000000006011884                _Sprite_Init
                0x0000000006011970                _Sprite_Clear
                0x0000000006011d44                _Sprite_Load
                0x0000000006011e00                _Sprite_StartDraw
                0x0000000006011e44                _Sprite_Draw
                0x0000000006012248                _Sprite_Make
                0x0000000006012300                _Sprite_DrawAll
                0x00000000060123e8                _Sprite_Next
                0x00000000060124a4                _Sprite_ListAdd
                0x0000000006012506                _Sprite_ListRemove
                0x0000000006012582                _Sprite_Delete
                0x00000000060125c0                _Sprite_DeleteAll
 .text          0x0000000006012620      0x170 main.o
                0x0000000006012620                _main
 .text          0x0000000006012790      0x354 ../sbl/segalib/lib/libsat.a(cdc_cmn.o)
                0x0000000006012790                _CDC_GetCurStat
                0x00000000060127d4                _CDC_GetLastStat
                0x00000000060127e0                _getPeriRsp
                0x0000000006012868                _CDC_GetPeriStat
                0x00000000060128ac                _CDC_GetHwInfo
                0x0000000006012904                _CDC_TgetToc
                0x000000000601295c                _CDC_GetSes
                0x0000000006012994                _CDC_CdInit
                0x0000000006012a0c                _CDC_CdOpen
                0x0000000006012a34                _CDC_DataEnd
                0x0000000006012a88                _CDC_DataReady
 .text          0x0000000006012ae4      0x108 ../sbl/segalib/lib/libsat.a(cdc_drv.o)
                0x0000000006012ae4                _analyPos
                0x0000000006012b34                _CDC_CdPlay
                0x0000000006012b88                _CDC_CdSeek
                0x0000000006012bc0                _CDC_CdScan
 .text          0x0000000006012bec     0x1610 ../sbl/segalib/lib/libsat.a(gfs.o)
                0x0000000006012bec                _gfs_recovRdErr
                0x0000000006012c14                _GFS_SetErrFunc
                0x0000000006012c38                _GFS_GetErrStat
                0x0000000006012c58                _gfs_mngSetupFuncTbl
                0x0000000006012c84                _gfs_mngInitWork
                0x0000000006012d04                _gfs_mngGetNumFile
                0x0000000006012d5c                _GFS_mngAllocGrp
                0x0000000006012d9c                _gfs_mngFreeGrp
                0x0000000006012da2                _gfs_mngTermAccess
                0x0000000006012e0c                _gfs_mngSetErrCode
                0x0000000006012e3c                _GFS_SetDir
                0x0000000006012ea0                _GFS_NameToId
                0x0000000006012ef0                _GFS_IdToName
                0x0000000006012f4c                _GFS_Tell
                0x0000000006012f8c                _GFS_NwIsComplete
                0x0000000006012fb4                _GFS_CdMovePickup
                0x0000000006013014                _GFS_GetDirInfo
                0x000000000601308c                _gfs_svrSearchHndl
                0x00000000060130c0                _gfs_svrAddHndl
                0x00000000060130f4                _gfs_svrRemoveHndl
                0x0000000006013168                _GFS_NwStop
                0x00000000060131c0                _GFS_OpenSub
                0x0000000006013208                _GFS_Open
                0x00000000060132ac                _GFS_GetFad
                0x00000000060132f0                _gfs_SetSct
                0x000000000601331c                _GFS_NwCdRead
                0x00000000060133a0                _gfs_GetFinfo
                0x00000000060133ee                _GFS_GetFileSize
                0x0000000006013450                _GFS_Seek
                0x0000000006013504                _GFS_IsEof
                0x0000000006013564                _GFS_ByteToSct
                0x00000000060135c0                _GFS_GetFileInfo
                0x0000000006013634                _GFS_NwFread
                0x0000000006013748                _GFS_NwGetStat
                0x00000000060137bc                _GFS_SetGmode
                0x0000000006013820                _GFS_SetTmode
                0x0000000006013894                _GFS_SetReadPara
                0x00000000060138f8                _GFS_SetTransPara
                0x000000000601396c                _gfs_transData
                0x00000000060139fc                _gfs_closeSub
                0x0000000006013a2c                _GFS_Close
                0x0000000006013a64                _GFS_LoadDir
                0x0000000006013b00                _gfs_getGmode
                0x0000000006013b06                _gfs_isTaskDone
                0x0000000006013b50                _gfs_convFinStat
                0x0000000006013bb4                _gfs_flowIn
                0x0000000006013c34                _GFS_NwExecOne
                0x0000000006013cc4                _GFS_Fread
                0x0000000006013e0c                _GFS_Load
                0x0000000006013ed4                _gfs_loadVol
                0x0000000006013f98                _gfs_getRootDir
                0x0000000006014020                _gfs_loadRootDir
                0x00000000060140a8                _GFS_Init
                0x0000000006014194                _GFS_NwExecServer
 .text          0x00000000060141fc       0x6c ../sbl/segalib/lib/libsat.a(gfs_buf.o)
                0x00000000060141fc                _GFBF_GetTranData
                0x0000000006014210                _GFBF_GetNumData
                0x0000000006014228                _GFBF_GetSrcPk
                0x000000000601423c                _GFBF_GetSctData
                0x0000000006014250                _GFBF_RtnPk
                0x0000000006014264                _gfbf_getSctDt
 .text          0x0000000006014268      0x484 ../sbl/segalib/lib/libsat.a(gfs_cdb.o)
                0x0000000006014268                _GFCB_Setup
                0x000000000601432c                _GFCB_Close
                0x000000000601434c                _GFCB_GetLenData
                0x00000000060143e0                _GFCB_GetLenRoom
                0x00000000060143e4                _GFCB_SetFilt
                0x000000000601443c                _GFCB_DeleteAllData
                0x0000000006014458                _GFCB_Tell
                0x0000000006014460                _GFCB_Seek
                0x0000000006014544                _GFCB_GetSrcPack
                0x000000000601460c                _GFCB_GetSctData
                0x0000000006014638                _GFCB_GetDstPack
                0x000000000601463c                _GFCB_RtnPk
                0x000000000601467c                _GFCB_MovePickup
                0x000000000601468c                _GFCB_SetCon
                0x00000000060146b4                _GFCB_GetPickup
                0x00000000060146d4                _GFCB_IsPuOwner
                0x00000000060146e0                _GFCB_UngetPickup
 .text          0x00000000060146ec     0x1504 ../sbl/segalib/lib/libsat.a(gfs_cdc.o)
                0x00000000060146ec                _GFCD_AllocFilt
                0x000000000601471c                _GFCD_FreeFilt
                0x0000000006014744                _GFCD_AllocBuf
                0x0000000006014770                _GFCD_GetBaseFad
                0x000000000601479c                _GFCD_GetPickup
                0x00000000060147c0                _GFCD_UngetPickup
                0x00000000060147e4                _GFCD_IsPuOwner
                0x00000000060147fc                _GFCD_CheckDelSctData
                0x0000000006014824                _GFCD_CheckMove
                0x000000000601483c                _gfcd_isIdleTask
                0x00000000060148a0                _GFCD_SetTimer
                0x00000000060148ac                _gfcd_checkEflag
                0x00000000060148c8                _gfcd_initCdbMng
                0x0000000006014930                _gfcd_setStat
                0x0000000006014954                _GFCD_GetFilt
                0x0000000006014998                _GFCD_EndData
                0x00000000060149dc                _GFCD_GetSctInfo
                0x0000000006014a20                _GFCD_GetFileInfo
                0x0000000006014ae8                _GFCD_GetBufSiz
                0x0000000006014b18                _gfcd_doSetFiltTsk
                0x0000000006014c84                _GFCD_SetFilt
                0x0000000006014d1c                _gfcd_doSetConTsk
                0x0000000006014d94                _GFCD_SetCon
                0x0000000006014de0                _gfcd_doGetLenDataTsk
                0x0000000006014ee0                _GFCD_GetLenData
                0x0000000006014f24                _gfcd_doReqDataTsk
                0x0000000006014f98                _GFCD_ReqData
                0x0000000006014fe0                _gfcd_doDelSctDataTsk
                0x00000000060150ec                _GFCD_DelSctData
                0x0000000006015138                _gfcd_doMoveSctTsk
                0x0000000006015254                _GFCD_MoveSctData
                0x00000000060152b0                _gfcd_doSetFiltConTsk
                0x00000000060153ac                _GFCD_SetFiltCon
                0x00000000060154a4                _GFCD_SetCsctFunc
                0x00000000060154b4                _GFCD_WaitScdqFlag
                0x00000000060154f8                _GFCD_GetStat
                0x0000000006015568                _GFCD_Init
                0x0000000006015750                _GFCD_Play
                0x00000000060157a0                _GFCD_MovePickup
                0x00000000060157e8                _gfcd_doChgDirTsk
                0x000000000601598c                _GFCD_ChgDir
                0x00000000060159f4                _gfcd_doTask
                0x0000000006015a64                _GFCD_ExecServer
                0x0000000006015b40                _GFCD_FreeBuf
                0x0000000006015bbc                _GFCD_WaitServer
 .text          0x0000000006015bf0      0x600 ../sbl/segalib/lib/libsat.a(gfs_cdf.o)
                0x0000000006015bf0                _GFCF_Init
                0x0000000006015c48                _GFCF_SetSct
                0x0000000006015c74                _GFCF_GetFileInfo
                0x0000000006015cd2                _GFCF_Recover
                0x0000000006015d14                _GFCF_Tell
                0x0000000006015d20                _GFCF_Seek
                0x0000000006015d2c                _GFCF_cnvIntlvOfs
                0x0000000006015d60                _GFCF_GetStat
                0x0000000006015dac                _GFCF_StopInBuf
                0x0000000006015e24                _GFCF_MovePickup
                0x0000000006015ea8                _gfcf_getSctSize
                0x0000000006015ee0                _GFCF_Setup
                0x0000000006015f98                _gfcf_isCdOk
                0x0000000006015fe4                _gfcf_getPlayRange
                0x00000000060160ec                _GFCF_FlowInBuf
 .text          0x00000000060161f0      0x7e8 ../sbl/segalib/lib/libsat.a(gfs_dir.o)
                0x00000000060161f0                _GFDR_NameToId
                0x0000000006016240                _GFDR_GetInfoDirId
                0x000000000601624c                _GFDR_GetInfoDirName
                0x0000000006016258                _GFDR_GetAtrDirId
                0x0000000006016268                _GFDR_GetAtrDirName
                0x0000000006016278                _GFDR_ChgDir
                0x00000000060162e8                _GFDR_ChgRoot
                0x00000000060162f4                _gfdr_open
                0x0000000006016314                _gfdr_read
                0x00000000060163cc                _gfdr_readByte
                0x00000000060163f4                _gfdr_readWord
                0x000000000601641c                _gfdr_readWordNB
                0x0000000006016468                _gfdr_readLongNB
                0x00000000060164b0                _gfdr_readLongNM
                0x00000000060164d0                _gfdr_setNextRec
                0x000000000601654c                _gfdr_readDirEnt
                0x0000000006016834                _gfdr_setDirrecCd
                0x0000000006016852                _gfdr_setupDirIdTbl
                0x00000000060168c8                _gfdr_setupDirNameTbl
                0x0000000006016968                _GFDR_SetupDirTbl
 .text          0x00000000060169d8      0x818 ../sbl/segalib/lib/libsat.a(gfs_trn.o)
                0x00000000060169d8                _gftr_reqScu
                0x00000000060169dc                _gftr_remCpu
                0x00000000060169e0                _gftr_execScu
                0x0000000006016a60                _gftr_remScu
                0x0000000006016a80                _gftr_reqDma0
                0x0000000006016a84                _gftr_reqDma1
                0x0000000006016a88                _gftr_reqCpu
                0x0000000006016a8c                _GFTR_Setup
                0x0000000006016ab2                _GFTR_SetMode
                0x0000000006016abe                _GFTR_SetUnit
                0x0000000006016ac2                _GFTR_SetTransPara
                0x0000000006016ad4                _GFTR_GetTransPara
                0x0000000006016ad8                _GFTR_GetNumTrans
                0x0000000006016adc                _GFTR_SetTransMax
                0x0000000006016ae2                _GFTR_Start
                0x0000000006016ae8                _GFTR_Pause
                0x0000000006016aee                _gfdma_canUse
                0x0000000006016af2                _gfdma_exec
                0x0000000006016bcc                _gftr_execSdma0
                0x0000000006016bf0                _gftr_execSdma1
                0x0000000006016c14                _gftr_reqTrn
                0x0000000006016c68                _gftr_execTrn
                0x0000000006016d34                _gftr_remTrn
                0x0000000006016d94                _gftr_copyFrac
                0x0000000006016db8                _gfdma_getBytecnt
                0x0000000006016de8                _gftr_remDma0
                0x0000000006016df4                _gftr_remDma1
                0x0000000006016e00                _gftr_execCpu
                0x0000000006016e4c                _GFTR_GetLenData
                0x0000000006016e50                _GFTR_GetLenRoom
                0x0000000006016e5e                _gftr_getSrcPack
                0x0000000006016ee0                _GFTR_Idle
                0x0000000006016f50                _GFTR_GetDstPack
                0x0000000006016f7c                _gftr_getDstPack
                0x0000000006016fbc                _gftr_execSub
                0x00000000060170c4                _GFTR_Exec
                0x000000000601711c                _GFTR_Stop
                0x00000000060171bc                _GFTR_RtnDstPk
                0x00000000060171ca                _GFTR_GetData
                0x00000000060171d8                _GFTR_SetData
                0x00000000060171e4                _GFTR_SetTransFunc
 .text          0x00000000060171f0       0x78 ../sbl/segalib/lib/libsat.a(mth_fixd.o)
                0x00000000060171f0                _MTH_Mul
                0x0000000006017204                _MTH_Div
                0x0000000006017218                _MTH_IntToFixed
                0x0000000006017220                _MTH_FixedToInt
                0x0000000006017228                _MTH_Product
 .text          0x0000000006017268      0x5d4 ../sbl/segalib/lib/libsat.a(mth_tri.o)
                0x0000000006017268                _MTH_Sin
                0x00000000060172a8                _MTH_Cos
                0x00000000060172ec                _fcos
                0x00000000060172f2                _fsin
                0x0000000006017484                _MTH_Atan
 .text          0x000000000601783c      0xf58 ../sbl/segalib/lib/libsat.a(per_prt.o)
                0x0000000006017c3c                _PER_IntFunc
                0x00000000060184ec                _PER_Init
                0x0000000006018694                _PER_GetPer
 .text          0x0000000006018794      0xcbc ../sbl/segalib/lib/libsat.a(spr_2c.o)
                0x0000000006018794                _SPR_2SetTvMode
                0x00000000060187a4                _SPR_2FrameChgIntr
                0x00000000060187b8                _SPR_2FrameEraseData
                0x00000000060187f8                _SPR_2SetGourTbl
                0x0000000006018828                _SPR_2SetLookupTbl
                0x0000000006018844                _SPR_2SetChar
                0x0000000006018970                _SPR_2ClrChar
                0x0000000006018a78                _SPR_2ClrAllChar
                0x0000000006018ac4                _SPR_2Initial
                0x0000000006018c18                _SPR_2GourTblNoToVram
                0x0000000006018c34                _SPR_2LookupTblNoToVram
                0x0000000006018c44                _SPR_2CharNoToVram
                0x0000000006018c58                _SPR_2GetAreaSizeInfo
                0x0000000006018cb8                _SPR_2OpenCommand
                0x0000000006018d50                _SPR_2FlushDrawPrty
                0x0000000006018d90                _SPR_2CloseCommand
                0x0000000006018eb0                _SPR_2LocalCoord
                0x0000000006018f08                _SPR_2SysClip
                0x0000000006018f50                _SPR_2UserClip
                0x0000000006018fa0                _SPR_2Line
                0x000000000601903c                _SPR_2PolyLine
                0x00000000060190dc                _SPR_2Polygon
                0x000000000601917c                _SPR_2NormSpr
                0x0000000006019248                _SPR_2ScaleSpr
                0x0000000006019330                _SPR_2DistSpr
                0x0000000006019408                _SPR_2Cmd
 .text          0x0000000006019450      0x754 ../sbl/segalib/lib/libsat.a(scl_func.o)
                0x0000000006019450                _SCL_ParametersInit
                0x000000000601953c                _SCL_Vdp2Init
                0x00000000060195a4                _SCL_Open
                0x00000000060195c0                _SCL_Close
                0x00000000060195d4                _SCL_MoveTo
                0x00000000060196c8                _SCL_Move
                0x00000000060197f4                _SCL_Scale
                0x00000000060198f8                _SCL_Memcpyw
                0x000000000601990c                _SCL_CopyReg
                0x00000000060199ec                _SCL_SetColRamMode
                0x0000000006019a3c                _SCL_PriIntProc
                0x0000000006019b38                _SCL_ScrollShow
 .text          0x0000000006019ba4      0x384 ../sbl/segalib/lib/libsat.a(scl_fu02.o)
                0x0000000006019ba4                _SCL_InitVramConfigTb
                0x0000000006019bb2                _SCL_SetVramConfig
 .text          0x0000000006019f28      0x62c ../sbl/segalib/lib/libsat.a(scl_fu03.o)
                0x0000000006019f28                _SCL_InitConfigTb
                0x0000000006019f40                _SCL_SetConfig
 .text          0x000000000601a554       0x18 ../sbl/segalib/lib/libsat.a(scl_fu04.o)
                0x000000000601a554                _SCL_SetCycleTable
 .text          0x000000000601a56c      0xf30 ../sbl/segalib/lib/libsat.a(scl_pri.o)
                0x000000000601a56c                _SCL_PriorityInit
                0x000000000601ab18                _SCL_GetColRamMode
                0x000000000601ab38                _SCL_AbortAutoVe
                0x000000000601ab44                _SCL_SetColMixRate
                0x000000000601aeac                _SCL_IncColOffset
                0x000000000601af20                _SCL_AutoExec
                0x000000000601b34c                _SCL_SetShadowBit
 .text          0x000000000601b49c      0xe38 ../sbl/segalib/lib/libsat.a(scl_ro00.o)
                0x000000000601b5c0                _SCL_InitRotateTable
                0x000000000601b808                _SCL_RotateZD
                0x000000000601b948                _SCL_Rotate
 .text          0x000000000601c2d4       0x74 ../sbl/segalib/lib/libsat.a(scl_back.o)
                0x000000000601c2d4                _SCL_SetBack
 .text          0x000000000601c348      0x264 ../sbl/segalib/lib/libsat.a(scl_vblv.o)
                0x000000000601c348                _SCL_SetFrameInterval
                0x000000000601c3c0                _SCL_DisplayFrame
                0x000000000601c3ec                _SCL_VblInit
                0x000000000601c434                _SCL_VblankStart
                0x000000000601c504                _SCL_VblankEnd
 .text          0x000000000601c5ac       0x54 ../sbl/segalib/lib/libsat.a(scl_pr01.o)
                0x000000000601c5ac                _SCL_SetSpriteMode
 .text          0x000000000601c600       0x90 ../sbl/segalib/lib/libsat.a(scl_pr02.o)
                0x000000000601c600                _SCL_SetColRam
 .text          0x000000000601c690      0x10c ../sbl/segalib/lib/libsat.a(scl_pr03.o)
                0x000000000601c690                _SCL_FreeColRam
                0x000000000601c6b8                _SCL_AllocColRam
 .text          0x000000000601c79c       0xac ../sbl/segalib/lib/libsat.a(scl_pr05.o)
                0x000000000601c79c                _SCL_GetColRamOffset
 .text          0x000000000601c848      0x180 ../sbl/segalib/lib/libsat.a(scl_pr06.o)
                0x000000000601c848                _SCL_SetColRamOffset
 .text          0x000000000601c9c8      0x1c8 ../sbl/segalib/lib/libsat.a(scl_pr07.o)
                0x000000000601c9c8                _SCL_SetPriority
 .text          0x000000000601cb90      0x234 ../sbl/segalib/lib/libsat.a(cdc_reg.o)
                0x000000000601cb90                _CDC_GetDataPtr
                0x000000000601cb9c                _CDC_GetHirqReq
                0x000000000601cba8                _CDC_ClrHirqReq
                0x000000000601cbc8                _CDREG_ClrHirqReq
                0x000000000601cbd4                _CDREG_InitHirqReq
                0x000000000601cbec                _CDREG_SetHirqFlag
                0x000000000601cbfc                _CDC_GetHirqMsk
                0x000000000601cc08                _CDC_SetHirqMsk
                0x000000000601cc14                _CDC_GetMpegPtr
                0x000000000601cc20                _CDREG_TgetData
                0x000000000601cc7c                _CDREG_WaitHirq
                0x000000000601cca4                _writeCmd
                0x000000000601ccc4                _CDREG_ReadRsp
                0x000000000601cce8                _doCmdRsp
                0x000000000601cd90                _CDREG_CmdRsp
 .text          0x000000000601cdc4       0xf4 ../sbl/segalib/lib/libsat.a(cdc_sub.o)
                0x000000000601cdc4                _CDSUB_GetCdstat
                0x000000000601cdf8                _CDSUB_RspToCdstat
                0x000000000601ce2a                _CDSUB_CdCmd
                0x000000000601ce8c                _CDSUB_UpdStatus
                0x000000000601ce98                _CDSUB_UpdCdstat
                0x000000000601ceb4                _CDSUB_SoftTimer
 .text          0x000000000601ceb8       0xb4 ../sbl/segalib/lib/libsat.a(cdc_dev.o)
                0x000000000601ceb8                _CDC_CdSetCon
                0x000000000601ceec                _CDC_CdGetCon
                0x000000000601cf2c                _CDC_CdGetLastBuf
 .text          0x000000000601cf6c      0x290 ../sbl/segalib/lib/libsat.a(cdc_sel.o)
                0x000000000601cf6c                _CDC_SetFiltRange
                0x000000000601cfa8                _CDC_GetFiltRange
                0x000000000601d014                _CDC_SetFiltSubh
                0x000000000601d064                _CDC_GetFiltSubh
                0x000000000601d0c8                _CDC_SetFiltMode
                0x000000000601d0fc                _CDC_GetFiltMode
                0x000000000601d13c                _CDC_SetFiltCon
                0x000000000601d174                _CDC_GetFiltCon
                0x000000000601d1c8                _CDC_ResetSelector
 .text          0x000000000601d1fc      0x234 ../sbl/segalib/lib/libsat.a(cdc_bif.o)
                0x000000000601d1fc                _CDC_GetBufSiz
                0x000000000601d254                _CDC_GetSctNum
                0x000000000601d29c                _CDC_CalActSiz
                0x000000000601d2cc                _chkEselUpdStatus
                0x000000000601d300                _CDC_GetActSiz
                0x000000000601d344                _CDC_GetSctInfo
                0x000000000601d39c                _CDC_ExeFadSearch
                0x000000000601d3d0                _CDC_GetFadSearch
 .text          0x000000000601d430      0x190 ../sbl/segalib/lib/libsat.a(cdc_bio.o)
                0x000000000601d430                _CDC_SetSctLen
                0x000000000601d460                _CDC_GetSctData
                0x000000000601d490                _CDC_DelSctData
                0x000000000601d4c0                _CDC_GetdelSctData
                0x000000000601d4f0                _CDC_PutSctData
                0x000000000601d520                _CDC_CopySctData
                0x000000000601d554                _CDC_MoveSctData
                0x000000000601d588                _CDC_GetCopyErr
 .text          0x000000000601d5c0      0x1a4 ../sbl/segalib/lib/libsat.a(cdc_cfs.o)
                0x000000000601d5c0                _CDC_ChgDir
                0x000000000601d5f8                _CDC_ReadDir
                0x000000000601d630                _CDC_GetFileScope
                0x000000000601d690                _CDC_TgetFileInfo
                0x000000000601d6e8                _CDC_ReadFile
                0x000000000601d728                _CDC_AbortFile
 .text          0x000000000601d764       0xb0 ../sbl/segalib/lib/libsat.a(csh_main.o)
                0x000000000601d764                _CSH_Init
                0x000000000601d7b0                _CSH_AllClr
                0x000000000601d7f0                _CSH_Purge
 .text          0x000000000601d814      0x13c ../sbl/segalib/lib/libsat.a(dma_cpu0.o)
                0x000000000601d814                _DMA_CpuSetComPrm
                0x000000000601d84c                _DMA_CpuSetPrm
                0x000000000601d900                _DMA_CpuStart
                0x000000000601d910                _DMA_CpuStop
                0x000000000601d922                _DMA_CpuAllStop
                0x000000000601d930                _DMA_CpuGetComStatus
                0x000000000601d942                _DMA_CpuGetStatus
 .text          0x000000000601d950      0x274 ../sbl/segalib/lib/libsat.a(dma_scu0.o)
                0x000000000601d950                _DMA_ScuIntFunc0
                0x000000000601d9b0                _DMA_ScuIntFunc1
                0x000000000601da14                _DMA_ScuIntFunc2
                0x000000000601da78                _DMA_ScuSetPrm
                0x000000000601dae0                _DMA_ScuStart
                0x000000000601db98                _DMA_ScuGetStatus
 .text          0x000000000601dbc4      0x240 ../sbl/segalib/lib/libsat.a(spr_1c.o)
                0x000000000601dbc4                _SPR_SetTvMode
                0x000000000601dc40                _SPR_GetStatus
                0x000000000601dc94                _SPR_SetEraseData
                0x000000000601dd2c                _SPR_Initial
                0x000000000601dde0                _SPR_WaitDrawEnd
                0x000000000601ddf0                _SPR_SetEosMode
 .text          0x000000000601de04      0x16c ../sbl/segalib/lib/libsat.a(spr_2a.o)
                0x000000000601de04                _SPR_2SetDrawPrty
                0x000000000601de74                _SPR_2FlushDrawPrtyBlock
 .text          0x000000000601df70       0x52 /opt/toolchains/sh-elf/bin/../lib/gcc/sh-elf/11.1.0/libgcc.a(_ashiftrt.o)
                0x000000000601df70                ___ashiftrt_r4_31
                0x000000000601df70                ___ashiftrt_r4_32
                0x000000000601df76                ___ashiftrt_r4_30
                0x000000000601df78                ___ashiftrt_r4_29
                0x000000000601df7a                ___ashiftrt_r4_28
                0x000000000601df7c                ___ashiftrt_r4_27
                0x000000000601df7e                ___ashiftrt_r4_26
                0x000000000601df80                ___ashiftrt_r4_25
                0x000000000601df82                ___ashiftrt_r4_24
                0x000000000601df8a                ___ashiftrt_r4_23
                0x000000000601df8c                ___ashiftrt_r4_22
                0x000000000601df8e                ___ashiftrt_r4_21
                0x000000000601df90                ___ashiftrt_r4_20
                0x000000000601df92                ___ashiftrt_r4_19
                0x000000000601df94                ___ashiftrt_r4_18
                0x000000000601df96                ___ashiftrt_r4_17
                0x000000000601df98                ___ashiftrt_r4_16
                0x000000000601df9e                ___ashiftrt_r4_15
                0x000000000601dfa0                ___ashiftrt_r4_14
                0x000000000601dfa2                ___ashiftrt_r4_13
                0x000000000601dfa4                ___ashiftrt_r4_12
                0x000000000601dfa6                ___ashiftrt_r4_11
                0x000000000601dfa8                ___ashiftrt_r4_10
                0x000000000601dfaa                ___ashiftrt_r4_9
                0x000000000601dfac                ___ashiftrt_r4_8
                0x000000000601dfae                ___ashiftrt_r4_7
                0x000000000601dfb0                ___ashiftrt_r4_6
                0x000000000601dfb2                ___ashiftrt_r4_5
                0x000000000601dfb4                ___ashiftrt_r4_4
                0x000000000601dfb6                ___ashiftrt_r4_3
                0x000000000601dfb8                ___ashiftrt_r4_2
                0x000000000601dfba                ___ashiftrt_r4_1
                0x000000000601dfbe                ___ashiftrt_r4_0
 *fill*         0x000000000601dfc2        0x2 
 .text          0x000000000601dfc4       0xbc /opt/toolchains/sh-elf/bin/../lib/gcc/sh-elf/11.1.0/libgcc.a(_ashiftlt.o)
                0x000000000601dfc4                ___ashlsi3
                0x000000000601dfc8                ___ashlsi3_r0
 .text          0x000000000601e080       0x78 /opt/toolchains/sh-elf/bin/../lib/gcc/sh-elf/11.1.0/libgcc.a(_movmem.o)
                0x000000000601e080                ___movmem
                0x000000000601e080                ___movstr
                0x000000000601e0b4                ___movmemSI64
                0x000000000601e0b4                ___movstrSI64
                0x000000000601e0b8                ___movmemSI60
                0x000000000601e0b8                ___movstrSI60
                0x000000000601e0bc                ___movstrSI56
                0x000000000601e0bc                ___movmemSI56
                0x000000000601e0c0                ___movmemSI52
                0x000000000601e0c0                ___movstrSI52
                0x000000000601e0c4                ___movstrSI48
                0x000000000601e0c4                ___movmemSI48
                0x000000000601e0c8                ___movmemSI44
                0x000000000601e0c8                ___movstrSI44
                0x000000000601e0cc                ___movstrSI40
                0x000000000601e0cc                ___movmemSI40
                0x000000000601e0d0                ___movstrSI36
                0x000000000601e0d0                ___movmemSI36
                0x000000000601e0d4                ___movstrSI32
                0x000000000601e0d4                ___movmemSI32
                0x000000000601e0d8                ___movmemSI28
                0x000000000601e0d8                ___movstrSI28
                0x000000000601e0dc                ___movmemSI24
                0x000000000601e0dc                ___movstrSI24
                0x000000000601e0e0                ___movmemSI20
                0x000000000601e0e0                ___movstrSI20
                0x000000000601e0e4                ___movstrSI16
                0x000000000601e0e4                ___movmemSI16
                0x000000000601e0e8                ___movmemSI12
                0x000000000601e0e8                ___movstrSI12
                0x000000000601e0ec                ___movstrSI8
                0x000000000601e0ec                ___movmemSI8
                0x000000000601e0f0                ___movstrSI4
                0x000000000601e0f0                ___movmemSI4
 .text          0x000000000601e0f8       0xa0 /opt/toolchains/sh-elf/bin/../lib/gcc/sh-elf/11.1.0/libgcc.a(_sdivsi3.o)
                0x000000000601e0f8                ___sdivsi3
 .text          0x000000000601e198       0x6c /opt/toolchains/sh-elf/bin/../lib/gcc/sh-elf/11.1.0/libgcc.a(_udivsi3.o)
                0x000000000601e1ba                ___udivsi3
 .text          0x000000000601e204      0x208 /opt/toolchains/sh-elf/bin/../lib/gcc/sh-elf/11.1.0/libgcc.a(_mul_df.o)
                0x000000000601e204                ___muldf3
 .text          0x000000000601e40c       0xa8 /opt/toolchains/sh-elf/bin/../lib/gcc/sh-elf/11.1.0/libgcc.a(_si_to_df.o)
                0x000000000601e40c                ___floatsidf
 .text          0x000000000601e4b4       0xa0 /opt/toolchains/sh-elf/bin/../lib/gcc/sh-elf/11.1.0/libgcc.a(_df_to_si.o)
                0x000000000601e4b4                ___fixdfsi
 .text          0x000000000601e554        0x0 /opt/toolchains/sh-elf/bin/../lib/gcc/sh-elf/11.1.0/libgcc.a(_thenan_df.o)
 .text          0x000000000601e554       0xbc /opt/toolchains/sh-elf/bin/../lib/gcc/sh-elf/11.1.0/libgcc.a(_lshiftrt.o)
                0x000000000601e554                ___lshrsi3
                0x000000000601e558                ___lshrsi3_r0
 .text          0x000000000601e610       0x74 /opt/toolchains/sh-elf/bin/../lib/gcc/sh-elf/11.1.0/libgcc.a(_clzsi2.o)
                0x000000000601e610                ___clzsi2
 .text          0x000000000601e684      0x29c /opt/toolchains/sh-elf/bin/../lib/gcc/sh-elf/11.1.0/libgcc.a(_pack_df.o)
                0x000000000601e684                ___pack_d
 .text          0x000000000601e920       0xcc /opt/toolchains/sh-elf/bin/../lib/gcc/sh-elf/11.1.0/libgcc.a(_unpack_df.o)
                0x000000000601e920                ___unpack_d
 .text          0x000000000601e9ec        0x0 /opt/toolchains/sh-elf/bin/../lib/gcc/sh-elf/11.1.0/libgcc.a(_clz.o)
 .text          0x000000000601e9ec       0x64 /opt/toolchains/sh-elf/bin/../lib/gcc/sh-elf/11.1.0/../../../../sh-elf/lib/libc.a(lib_a-memcmp.o)
                0x000000000601e9ec                _memcmp
 .text          0x000000000601ea50       0x94 /opt/toolchains/sh-elf/bin/../lib/gcc/sh-elf/11.1.0/../../../../sh-elf/lib/libc.a(lib_a-memcpy.o)
                0x000000000601ea50                _memcpy
 .text          0x000000000601eae4       0xcc /opt/toolchains/sh-elf/bin/../lib/gcc/sh-elf/11.1.0/../../../../sh-elf/lib/libc.a(lib_a-memmove.o)
                0x000000000601eae4                _memmove
 .text          0x000000000601ebb0       0x40 /opt/toolchains/sh-elf/bin/../lib/gcc/sh-elf/11.1.0/../../../../sh-elf/lib/libc.a(lib_a-memset.o)
                0x000000000601ebb0                _memset
 .text          0x000000000601ebf0       0x3c /opt/toolchains/sh-elf/bin/../lib/gcc/sh-elf/11.1.0/../../../../sh-elf/lib/libc.a(lib_a-strcpy.o)
                0x000000000601ebf0                _strcpy
 .text          0x000000000601ec2c       0xd0 /opt/toolchains/sh-elf/bin/../lib/gcc/sh-elf/11.1.0/../../../../sh-elf/lib/libc.a(lib_a-strncmp.o)
                0x000000000601ec2c                _strncmp
 .text          0x000000000601ecfc       0xd4 /opt/toolchains/sh-elf/bin/../lib/gcc/sh-elf/11.1.0/../../../../sh-elf/lib/libc.a(lib_a-strncpy.o)
                0x000000000601ecfc                _strncpy
 *(.rodata*)
 .rodata        0x000000000601edd0      0x100 crc.o
 .rodata        0x000000000601eed0        0x9 print.o
 *fill*         0x000000000601eed9        0x3 
 .rodata        0x000000000601eedc       0x1e main.o
 *fill*         0x000000000601eefa        0x2 
 .rodata        0x000000000601eefc        0xa ../sbl/segalib/lib/libsat.a(gfs.o)
 *fill*         0x000000000601ef06        0x2 
 .rodata        0x000000000601ef08       0x30 ../sbl/segalib/lib/libsat.a(gfs_buf.o)
 .rodata        0x000000000601ef38       0x2d ../sbl/segalib/lib/libsat.a(gfs_cdf.o)
 *fill*         0x000000000601ef65        0x3 
 .rodata.str1.4
                0x000000000601ef68        0x7 ../sbl/segalib/lib/libsat.a(gfs_dir.o)
 *fill*         0x000000000601ef6f        0x1 
 .rodata        0x000000000601ef70       0x30 ../sbl/segalib/lib/libsat.a(gfs_trn.o)
 .rodata        0x000000000601efa0        0xc ../sbl/segalib/lib/libsat.a(dma_scu0.o)
 .rodata        0x000000000601efac       0x20 ../sbl/segalib/lib/libsat.a(spr_1c.o)
 .rodata        0x000000000601efcc       0x14 /opt/toolchains/sh-elf/bin/../lib/gcc/sh-elf/11.1.0/libgcc.a(_thenan_df.o)
                0x000000000601efcc                ___thenan_df
 .rodata        0x000000000601efe0      0x100 /opt/toolchains/sh-elf/bin/../lib/gcc/sh-elf/11.1.0/libgcc.a(_clz.o)
                0x000000000601efe0                ___clz_tab
 *(.strings)
                0x000000000601f0e0                . = ALIGN (0x10)
                0x000000000601f0e0                _etext = ABSOLUTE (.)

.tors           0x000000000601f0e0        0x0
                0x000000000601f0e0                ___ctors = .
 *(.ctors)
                0x000000000601f0e0                ___ctors_end = .
                0x000000000601f0e0                ___dtors = .
 *(.dtors)
                0x000000000601f0e0                ___dtors_end = .
                0x000000000601f0e0                . = ALIGN (0x10)
                0x000000000601f0e0                _etors = ABSOLUTE (.)

.data           0x000000000601f0e0       0xa0
 *(.data)
 .data          0x000000000601f0e0        0x0 entry.o
 .data          0x000000000601f0e0        0x0 stack.o
 .data          0x000000000601f0e0        0x0 vblank.o
 .data          0x000000000601f0e0        0x0 cd.o
 .data          0x000000000601f0e0        0x0 crc.o
 .data          0x000000000601f0e0        0x0 devcart.o
 .data          0x000000000601f0e0        0x0 print.o
 .data          0x000000000601f0e0       0x50 scroll.o
                0x000000000601f0e0                _vram
                0x000000000601f0f0                _char_offsets
                0x000000000601f100                _CycleTbLoRes
                0x000000000601f110                _CycleTbHiRes
                0x000000000601f120                _CycleTbBitmap
 .data          0x000000000601f130        0x0 sound.o
 .data          0x000000000601f130       0x18 sprite.o
 .data          0x000000000601f148        0x0 main.o
 .data          0x000000000601f148        0x0 ../sbl/segalib/lib/libsat.a(cdc_cmn.o)
 .data          0x000000000601f148        0x0 ../sbl/segalib/lib/libsat.a(cdc_drv.o)
 .data          0x000000000601f148        0x0 ../sbl/segalib/lib/libsat.a(gfs.o)
 .data          0x000000000601f148        0x0 ../sbl/segalib/lib/libsat.a(gfs_buf.o)
 .data          0x000000000601f148        0x0 ../sbl/segalib/lib/libsat.a(gfs_cdb.o)
 .data          0x000000000601f148        0x0 ../sbl/segalib/lib/libsat.a(gfs_cdc.o)
 .data          0x000000000601f148        0x0 ../sbl/segalib/lib/libsat.a(gfs_cdf.o)
 .data          0x000000000601f148        0x0 ../sbl/segalib/lib/libsat.a(gfs_dir.o)
 .data          0x000000000601f148        0x0 ../sbl/segalib/lib/libsat.a(gfs_trn.o)
 .data          0x000000000601f148        0x0 ../sbl/segalib/lib/libsat.a(mth_fixd.o)
 .data          0x000000000601f148        0x0 ../sbl/segalib/lib/libsat.a(mth_tri.o)
 .data          0x000000000601f148        0x3 ../sbl/segalib/lib/libsat.a(per_prt.o)
 .data          0x000000000601f14b        0x0 ../sbl/segalib/lib/libsat.a(spr_2c.o)
 *fill*         0x000000000601f14b        0x1 
 .data          0x000000000601f14c        0x6 ../sbl/segalib/lib/libsat.a(scl_func.o)
                0x000000000601f14c                _SclRotateTableMode
                0x000000000601f14e                _SclDisplayY
                0x000000000601f150                _SclDisplayX
 .data          0x000000000601f152        0x0 ../sbl/segalib/lib/libsat.a(scl_fu02.o)
 .data          0x000000000601f152        0x0 ../sbl/segalib/lib/libsat.a(scl_fu03.o)
 .data          0x000000000601f152        0x0 ../sbl/segalib/lib/libsat.a(scl_fu04.o)
 *fill*         0x000000000601f152        0x2 
 .data          0x000000000601f154       0x18 ../sbl/segalib/lib/libsat.a(scl_pri.o)
                0x000000000601f154                _SclRealColOffset
                0x000000000601f158                _SclRealBgColMix
                0x000000000601f15c                _SclRealSpColMix
                0x000000000601f160                _SclRealBgPriNum
                0x000000000601f164                _SclRealSpPriNum
                0x000000000601f168                _SclRealOtherPri
 .data          0x000000000601f16c        0x0 ../sbl/segalib/lib/libsat.a(scl_ro00.o)
 .data          0x000000000601f16c        0x0 ../sbl/segalib/lib/libsat.a(scl_back.o)
 .data          0x000000000601f16c        0x8 ../sbl/segalib/lib/libsat.a(scl_vblv.o)
                0x000000000601f16c                _VBInterval
                0x000000000601f170                _SpFrameEraseMode
 .data          0x000000000601f174        0x0 ../sbl/segalib/lib/libsat.a(scl_pr01.o)
 .data          0x000000000601f174        0x0 ../sbl/segalib/lib/libsat.a(scl_pr02.o)
 .data          0x000000000601f174        0x0 ../sbl/segalib/lib/libsat.a(scl_pr03.o)
 .data          0x000000000601f174        0x0 ../sbl/segalib/lib/libsat.a(scl_pr05.o)
 .data          0x000000000601f174        0x0 ../sbl/segalib/lib/libsat.a(scl_pr06.o)
 .data          0x000000000601f174        0x0 ../sbl/segalib/lib/libsat.a(scl_pr07.o)
 .data          0x000000000601f174        0x0 ../sbl/segalib/lib/libsat.a(cdc_reg.o)
 .data          0x000000000601f174        0x0 ../sbl/segalib/lib/libsat.a(cdc_sub.o)
 .data          0x000000000601f174        0x0 ../sbl/segalib/lib/libsat.a(cdc_dev.o)
 .data          0x000000000601f174        0x0 ../sbl/segalib/lib/libsat.a(cdc_sel.o)
 .data          0x000000000601f174        0x0 ../sbl/segalib/lib/libsat.a(cdc_bif.o)
 .data          0x000000000601f174        0x0 ../sbl/segalib/lib/libsat.a(cdc_bio.o)
 .data          0x000000000601f174        0x0 ../sbl/segalib/lib/libsat.a(cdc_cfs.o)
 .data          0x000000000601f174        0x0 ../sbl/segalib/lib/libsat.a(csh_main.o)
 .data          0x000000000601f174        0x0 ../sbl/segalib/lib/libsat.a(dma_cpu0.o)
 .data          0x000000000601f174        0x0 ../sbl/segalib/lib/libsat.a(dma_scu0.o)
 .data          0x000000000601f174        0x0 ../sbl/segalib/lib/libsat.a(spr_1c.o)
 .data          0x000000000601f174        0x0 ../sbl/segalib/lib/libsat.a(spr_2a.o)
 .data          0x000000000601f174        0x0 /opt/toolchains/sh-elf/bin/../lib/gcc/sh-elf/11.1.0/libgcc.a(_ashiftrt.o)
 .data          0x000000000601f174        0x0 /opt/toolchains/sh-elf/bin/../lib/gcc/sh-elf/11.1.0/libgcc.a(_ashiftlt.o)
 .data          0x000000000601f174        0x0 /opt/toolchains/sh-elf/bin/../lib/gcc/sh-elf/11.1.0/libgcc.a(_movmem.o)
 .data          0x000000000601f174        0x0 /opt/toolchains/sh-elf/bin/../lib/gcc/sh-elf/11.1.0/libgcc.a(_sdivsi3.o)
 .data          0x000000000601f174        0x0 /opt/toolchains/sh-elf/bin/../lib/gcc/sh-elf/11.1.0/libgcc.a(_udivsi3.o)
 .data          0x000000000601f174        0x0 /opt/toolchains/sh-elf/bin/../lib/gcc/sh-elf/11.1.0/libgcc.a(_mul_df.o)
 .data          0x000000000601f174        0x0 /opt/toolchains/sh-elf/bin/../lib/gcc/sh-elf/11.1.0/libgcc.a(_si_to_df.o)
 .data          0x000000000601f174        0x0 /opt/toolchains/sh-elf/bin/../lib/gcc/sh-elf/11.1.0/libgcc.a(_df_to_si.o)
 .data          0x000000000601f174        0x0 /opt/toolchains/sh-elf/bin/../lib/gcc/sh-elf/11.1.0/libgcc.a(_thenan_df.o)
 .data          0x000000000601f174        0x0 /opt/toolchains/sh-elf/bin/../lib/gcc/sh-elf/11.1.0/libgcc.a(_lshiftrt.o)
 .data          0x000000000601f174        0x0 /opt/toolchains/sh-elf/bin/../lib/gcc/sh-elf/11.1.0/libgcc.a(_clzsi2.o)
 .data          0x000000000601f174        0x0 /opt/toolchains/sh-elf/bin/../lib/gcc/sh-elf/11.1.0/libgcc.a(_pack_df.o)
 .data          0x000000000601f174        0x0 /opt/toolchains/sh-elf/bin/../lib/gcc/sh-elf/11.1.0/libgcc.a(_unpack_df.o)
 .data          0x000000000601f174        0x0 /opt/toolchains/sh-elf/bin/../lib/gcc/sh-elf/11.1.0/libgcc.a(_clz.o)
 .data          0x000000000601f174        0x0 /opt/toolchains/sh-elf/bin/../lib/gcc/sh-elf/11.1.0/../../../../sh-elf/lib/libc.a(lib_a-memcmp.o)
 .data          0x000000000601f174        0x0 /opt/toolchains/sh-elf/bin/../lib/gcc/sh-elf/11.1.0/../../../../sh-elf/lib/libc.a(lib_a-memcpy.o)
 .data          0x000000000601f174        0x0 /opt/toolchains/sh-elf/bin/../lib/gcc/sh-elf/11.1.0/../../../../sh-elf/lib/libc.a(lib_a-memmove.o)
 .data          0x000000000601f174        0x0 /opt/toolchains/sh-elf/bin/../lib/gcc/sh-elf/11.1.0/../../../../sh-elf/lib/libc.a(lib_a-memset.o)
 .data          0x000000000601f174        0x0 /opt/toolchains/sh-elf/bin/../lib/gcc/sh-elf/11.1.0/../../../../sh-elf/lib/libc.a(lib_a-strcpy.o)
 .data          0x000000000601f174        0x0 /opt/toolchains/sh-elf/bin/../lib/gcc/sh-elf/11.1.0/../../../../sh-elf/lib/libc.a(lib_a-strncmp.o)
 .data          0x000000000601f174        0x0 /opt/toolchains/sh-elf/bin/../lib/gcc/sh-elf/11.1.0/../../../../sh-elf/lib/libc.a(lib_a-strncpy.o)
                0x000000000601f180                . = ALIGN (0x10)
 *fill*         0x000000000601f174        0xc 
                0x000000000601f180                _edata = ABSOLUTE (.)

.bss            0x000000000601f180    0x16a50
                0x000000000601f180                _bss_start = .
 *(.bss)
 .bss           0x000000000601f180        0x0 entry.o
 .bss           0x000000000601f180        0x0 stack.o
 .bss           0x000000000601f180       0x34 vblank.o
                0x000000000601f180                _PadData1
                0x000000000601f182                _PadData1L
                0x000000000601f184                _PadData1E
                0x000000000601f186                _PadData2
                0x000000000601f188                _PadData2L
                0x000000000601f18a                _PadData2E
                0x000000000601f18c                _PadWorkArea
                0x000000000601f1a8                _perFlag
                0x000000000601f1ac                _VblankFlg
                0x000000000601f1b0                _vblank_frames
 .bss           0x000000000601f1b4     0x1674 cd.o
 .bss           0x0000000006020828        0x0 crc.o
 .bss           0x0000000006020828        0x0 devcart.o
 .bss           0x0000000006020828     0x14a0 print.o
                0x0000000006020828                _text
 .bss           0x0000000006021cc8      0x130 scroll.o
                0x0000000006021cc8                _scfg
 .bss           0x0000000006021df8        0x0 sound.o
 .bss           0x0000000006021df8    0x125fc sprite.o
                0x0000000006021df8                _numSprites
                0x0000000006021dfc                _tileCount
                0x0000000006021e00                _palCnt
                0x0000000006021e04                _sprites
 .bss           0x00000000060343f4       0x40 main.o
                0x00000000060343f4                _frame
                0x00000000060343f8                _blockSpr
 .bss           0x0000000006034434        0x0 ../sbl/segalib/lib/libsat.a(cdc_cmn.o)
 .bss           0x0000000006034434        0x0 ../sbl/segalib/lib/libsat.a(cdc_drv.o)
 .bss           0x0000000006034434        0xc ../sbl/segalib/lib/libsat.a(gfs.o)
                0x0000000006034434                _GFMC_base
                0x0000000006034438                _gfs_mng_ptr
                0x000000000603443c                _bobtest
 .bss           0x0000000006034440        0x0 ../sbl/segalib/lib/libsat.a(gfs_buf.o)
 .bss           0x0000000006034440        0x0 ../sbl/segalib/lib/libsat.a(gfs_cdb.o)
 .bss           0x0000000006034440        0x4 ../sbl/segalib/lib/libsat.a(gfs_cdc.o)
                0x0000000006034440                _gfcd_work
 .bss           0x0000000006034444        0x0 ../sbl/segalib/lib/libsat.a(gfs_cdf.o)
 .bss           0x0000000006034444        0x0 ../sbl/segalib/lib/libsat.a(gfs_dir.o)
 .bss           0x0000000006034444        0xc ../sbl/segalib/lib/libsat.a(gfs_trn.o)
 .bss           0x0000000006034450        0x0 ../sbl/segalib/lib/libsat.a(mth_fixd.o)
 .bss           0x0000000006034450        0x0 ../sbl/segalib/lib/libsat.a(mth_tri.o)
 .bss           0x0000000006034450       0x7f ../sbl/segalib/lib/libsat.a(per_prt.o)
                0x0000000006034450                _per_set_sys_flg
                0x0000000006034454                _per_get_sys_data
                0x0000000006034460                _per_get_time_adr
                0x0000000006034464                _per_hot_res
                0x0000000006034465                _per_time_out_flg
 *fill*         0x00000000060344cf        0x1 
 .bss           0x00000000060344d0       0x94 ../sbl/segalib/lib/libsat.a(spr_2c.o)
                0x00000000060344d0                _SpCmdTblR
                0x00000000060344d4                _SpCmdTbl
                0x00000000060344d8                _SpCrCmdChain
                0x00000000060344dc                _SpDrawPrtyBlk
                0x00000000060344e0                _SpCmdChain
                0x00000000060344e4                _SpCmdChainBlkNo
                0x00000000060344e8                _SpDrawPrtyProcFlag
                0x00000000060344ec                _SpDrawPrtyTopCmdNo
                0x00000000060344f0                _SpCmdNo
                0x00000000060344f4                _SpDrawPrtyBlkMax
                0x00000000060344f8                _SpCharMax
                0x00000000060344fc                _SpCharTbl
                0x0000000006034500                _SpLCoordY
                0x0000000006034504                _SpLCoordX
                0x0000000006034508                _Sp2OpenFlag
 .bss           0x0000000006034564      0xf1c ../sbl/segalib/lib/libsat.a(scl_func.o)
                0x0000000006034564                _SclRPMD
                0x0000000006034568                _SclRotateMoveZ
                0x0000000006034570                _SclRotateDisp
                0x0000000006034578                _SclRotateZ
                0x0000000006034580                _SclRotateXy
                0x0000000006034588                _SclRotateTableAddress
                0x000000000603458c                _SclRb
                0x000000000603458d                _SclRa
                0x000000000603458e                _SclRotXySw
                0x0000000006034594                _SclRbgKtbOffset
                0x000000000603459c                _SclRbgKtbAddr
                0x00000000060345a4                _SclK_TableFlag
                0x00000000060345a8                _SclK_TableNum
                0x00000000060345b0                _SclK_TableBuff
                0x0000000006035280                _SclRotregBuff
                0x0000000006035380                _Scl_w_reg
                0x00000000060353a0                _Scl_r_reg
                0x00000000060353b0                _Scl_n_reg
                0x00000000060353f0                _Scl_d_reg
                0x0000000006035438                _Scl_s_reg
                0x0000000006035460                _SclProcess
                0x0000000006035464                _SclCurSclNum
                0x0000000006035468                _SclLengthCsTbl
                0x000000000603546a                _SclLengthLsTbl
                0x000000000603546c                _SclAddrCsTbl
                0x0000000006035474                _SclAddrLsTbl
 .bss           0x0000000006035480        0x0 ../sbl/segalib/lib/libsat.a(scl_fu02.o)
 .bss           0x0000000006035480        0x0 ../sbl/segalib/lib/libsat.a(scl_fu03.o)
 .bss           0x0000000006035480        0x0 ../sbl/segalib/lib/libsat.a(scl_fu04.o)
 .bss           0x0000000006035480      0x696 ../sbl/segalib/lib/libsat.a(scl_pri.o)
                0x0000000006035480                _SclAutoRGB
                0x0000000006035a80                _SclAutoPlusFlag
                0x0000000006035a81                _SclAutoVeFlag
                0x0000000006035a82                _SclAutoEndRate
                0x0000000006035a83                _SclAutoCurRate
                0x0000000006035a84                _SclAutoEndBlue2
                0x0000000006035a86                _SclAutoEndGreen2
                0x0000000006035a88                _SclAutoEndRed2
                0x0000000006035a8a                _SclAutoEndBlue
                0x0000000006035a8c                _SclAutoEndGreen
                0x0000000006035a8e                _SclAutoEndRed
                0x0000000006035a90                _SclAutoBlue
                0x0000000006035a92                _SclAutoGreen
                0x0000000006035a94                _SclAutoRed
                0x0000000006035a98                _SclAutoMax
                0x0000000006035a9c                _SclAutoIndex
                0x0000000006035aa0                _SclAutoCount
                0x0000000006035aa4                _SclAutoInterval
                0x0000000006035aa8                _SclAutoSurface
                0x0000000006035aac                _SclColRamAlloc2048
                0x0000000006035ab0                _SclColRamAlloc256
                0x0000000006035ad0                _SclLineColRamOffset
                0x0000000006035ad4                _SclPriBuffDirty
                0x0000000006035ad8                _SclColOffset
                0x0000000006035ae8                _SclBgColMix
                0x0000000006035af0                _SclSpColMix
                0x0000000006035af8                _SclBgPriNum
                0x0000000006035afe                _SclSpPriNum
                0x0000000006035b06                _SclOtherPri
 *fill*         0x0000000006035b16        0x2 
 .bss           0x0000000006035b18       0x58 ../sbl/segalib/lib/libsat.a(scl_ro00.o)
                0x0000000006035b18                _SclCsy
                0x0000000006035b20                _SclCsx
 .bss           0x0000000006035b70        0x0 ../sbl/segalib/lib/libsat.a(scl_back.o)
 .bss           0x0000000006035b70       0x16 ../sbl/segalib/lib/libsat.a(scl_vblv.o)
                0x0000000006035b70                _frameChgFlag
                0x0000000006035b74                _VBIntrDisableDepth
                0x0000000006035b78                _ReqDisplayFlag2
                0x0000000006035b7c                _ReqDisplayFlag1
                0x0000000006035b80                _VBIntervalCounter
                0x0000000006035b84                _SpFrameChgMode
 .bss           0x0000000006035b86        0x0 ../sbl/segalib/lib/libsat.a(scl_pr01.o)
 .bss           0x0000000006035b86        0x0 ../sbl/segalib/lib/libsat.a(scl_pr02.o)
 .bss           0x0000000006035b86        0x0 ../sbl/segalib/lib/libsat.a(scl_pr03.o)
 .bss           0x0000000006035b86        0x0 ../sbl/segalib/lib/libsat.a(scl_pr05.o)
 .bss           0x0000000006035b86        0x0 ../sbl/segalib/lib/libsat.a(scl_pr06.o)
 .bss           0x0000000006035b86        0x0 ../sbl/segalib/lib/libsat.a(scl_pr07.o)
 .bss           0x0000000006035b86        0x2 ../sbl/segalib/lib/libsat.a(cdc_reg.o)
                0x0000000006035b86                _hirq_flag
 .bss           0x0000000006035b88        0xc ../sbl/segalib/lib/libsat.a(cdc_sub.o)
                0x0000000006035b88                _cd_stat
 .bss           0x0000000006035b94        0x0 ../sbl/segalib/lib/libsat.a(cdc_dev.o)
 .bss           0x0000000006035b94        0x0 ../sbl/segalib/lib/libsat.a(cdc_sel.o)
 .bss           0x0000000006035b94        0x0 ../sbl/segalib/lib/libsat.a(cdc_bif.o)
 .bss           0x0000000006035b94        0x0 ../sbl/segalib/lib/libsat.a(cdc_bio.o)
 .bss           0x0000000006035b94        0x0 ../sbl/segalib/lib/libsat.a(cdc_cfs.o)
 .bss           0x0000000006035b94        0x0 ../sbl/segalib/lib/libsat.a(csh_main.o)
 .bss           0x0000000006035b94        0x0 ../sbl/segalib/lib/libsat.a(dma_cpu0.o)
 .bss           0x0000000006035b94       0x1c ../sbl/segalib/lib/libsat.a(dma_scu0.o)
 .bss           0x0000000006035bb0       0x20 ../sbl/segalib/lib/libsat.a(spr_1c.o)
                0x0000000006035bb0                _SpDil
                0x0000000006035bb2                _SpDie
                0x0000000006035bb4                _SpFbcrMode
                0x0000000006035bb6                _SpTvMode
                0x0000000006035bb8                _SpScreenY
                0x0000000006035bbc                _SpScreenX
                0x0000000006035bc0                _SpInitialFlag
 .bss           0x0000000006035bd0        0x0 ../sbl/segalib/lib/libsat.a(spr_2a.o)
 .bss           0x0000000006035bd0        0x0 /opt/toolchains/sh-elf/bin/../lib/gcc/sh-elf/11.1.0/libgcc.a(_ashiftrt.o)
 .bss           0x0000000006035bd0        0x0 /opt/toolchains/sh-elf/bin/../lib/gcc/sh-elf/11.1.0/libgcc.a(_ashiftlt.o)
 .bss           0x0000000006035bd0        0x0 /opt/toolchains/sh-elf/bin/../lib/gcc/sh-elf/11.1.0/libgcc.a(_movmem.o)
 .bss           0x0000000006035bd0        0x0 /opt/toolchains/sh-elf/bin/../lib/gcc/sh-elf/11.1.0/libgcc.a(_sdivsi3.o)
 .bss           0x0000000006035bd0        0x0 /opt/toolchains/sh-elf/bin/../lib/gcc/sh-elf/11.1.0/libgcc.a(_udivsi3.o)
 .bss           0x0000000006035bd0        0x0 /opt/toolchains/sh-elf/bin/../lib/gcc/sh-elf/11.1.0/libgcc.a(_mul_df.o)
 .bss           0x0000000006035bd0        0x0 /opt/toolchains/sh-elf/bin/../lib/gcc/sh-elf/11.1.0/libgcc.a(_si_to_df.o)
 .bss           0x0000000006035bd0        0x0 /opt/toolchains/sh-elf/bin/../lib/gcc/sh-elf/11.1.0/libgcc.a(_df_to_si.o)
 .bss           0x0000000006035bd0        0x0 /opt/toolchains/sh-elf/bin/../lib/gcc/sh-elf/11.1.0/libgcc.a(_thenan_df.o)
 .bss           0x0000000006035bd0        0x0 /opt/toolchains/sh-elf/bin/../lib/gcc/sh-elf/11.1.0/libgcc.a(_lshiftrt.o)
 .bss           0x0000000006035bd0        0x0 /opt/toolchains/sh-elf/bin/../lib/gcc/sh-elf/11.1.0/libgcc.a(_clzsi2.o)
 .bss           0x0000000006035bd0        0x0 /opt/toolchains/sh-elf/bin/../lib/gcc/sh-elf/11.1.0/libgcc.a(_pack_df.o)
 .bss           0x0000000006035bd0        0x0 /opt/toolchains/sh-elf/bin/../lib/gcc/sh-elf/11.1.0/libgcc.a(_unpack_df.o)
 .bss           0x0000000006035bd0        0x0 /opt/toolchains/sh-elf/bin/../lib/gcc/sh-elf/11.1.0/libgcc.a(_clz.o)
 .bss           0x0000000006035bd0        0x0 /opt/toolchains/sh-elf/bin/../lib/gcc/sh-elf/11.1.0/../../../../sh-elf/lib/libc.a(lib_a-memcmp.o)
 .bss           0x0000000006035bd0        0x0 /opt/toolchains/sh-elf/bin/../lib/gcc/sh-elf/11.1.0/../../../../sh-elf/lib/libc.a(lib_a-memcpy.o)
 .bss           0x0000000006035bd0        0x0 /opt/toolchains/sh-elf/bin/../lib/gcc/sh-elf/11.1.0/../../../../sh-elf/lib/libc.a(lib_a-memmove.o)
 .bss           0x0000000006035bd0        0x0 /opt/toolchains/sh-elf/bin/../lib/gcc/sh-elf/11.1.0/../../../../sh-elf/lib/libc.a(lib_a-memset.o)
 .bss           0x0000000006035bd0        0x0 /opt/toolchains/sh-elf/bin/../lib/gcc/sh-elf/11.1.0/../../../../sh-elf/lib/libc.a(lib_a-strcpy.o)
 .bss           0x0000000006035bd0        0x0 /opt/toolchains/sh-elf/bin/../lib/gcc/sh-elf/11.1.0/../../../../sh-elf/lib/libc.a(lib_a-strncmp.o)
 .bss           0x0000000006035bd0        0x0 /opt/toolchains/sh-elf/bin/../lib/gcc/sh-elf/11.1.0/../../../../sh-elf/lib/libc.a(lib_a-strncpy.o)
 *(COMMON)
                0x0000000006035bd0                _bss_end = .
                0x0000000006035bd0                . = ALIGN (0x10)
                0x0000000006035bd0                _end = ABSOLUTE (.)

.stack          0x0000000006035bd0     0x2000
 *(.stack)
 .stack         0x0000000006035bd0     0x2000 stack.o
                0x0000000006035bd0                _PROG_STK
                0x0000000006037bd0                _stack = .

.lwram          0x0000000000200000        0x0
                0x0000000000200000                . = ALIGN (0x10)
 *(.lwram)
                0x0000000000200000                . = ALIGN (0x10)

.vdp2_vram      0x0000000005e00000        0x0
                0x0000000005e00000                . = ALIGN (0x10)
 *(.vdp2_vram)
                0x0000000005e00000                . = ALIGN (0x10)
OUTPUT(main.elf elf32-sh)

.debug_info     0x0000000000000000     0x4906
 .debug_info    0x0000000000000000      0x2f8 vblank.o
 .debug_info    0x00000000000002f8      0x8b2 cd.o
 .debug_info    0x0000000000000baa      0x127 crc.o
 .debug_info    0x0000000000000cd1      0x395 devcart.o
 .debug_info    0x0000000000001066      0x38e print.o
 .debug_info    0x00000000000013f4      0xa4c scroll.o
 .debug_info    0x0000000000001e40      0x27c sound.o
 .debug_info    0x00000000000020bc      0xd37 sprite.o
 .debug_info    0x0000000000002df3      0x4e5 main.o
 .debug_info    0x00000000000032d8      0x4d2 /opt/toolchains/sh-elf/bin/../lib/gcc/sh-elf/11.1.0/libgcc.a(_mul_df.o)
 .debug_info    0x00000000000037aa      0x259 /opt/toolchains/sh-elf/bin/../lib/gcc/sh-elf/11.1.0/libgcc.a(_si_to_df.o)
 .debug_info    0x0000000000003a03      0x2a5 /opt/toolchains/sh-elf/bin/../lib/gcc/sh-elf/11.1.0/libgcc.a(_df_to_si.o)
 .debug_info    0x0000000000003ca8      0x15b /opt/toolchains/sh-elf/bin/../lib/gcc/sh-elf/11.1.0/libgcc.a(_thenan_df.o)
 .debug_info    0x0000000000003e03      0x130 /opt/toolchains/sh-elf/bin/../lib/gcc/sh-elf/11.1.0/libgcc.a(_clzsi2.o)
 .debug_info    0x0000000000003f33      0x298 /opt/toolchains/sh-elf/bin/../lib/gcc/sh-elf/11.1.0/libgcc.a(_pack_df.o)
 .debug_info    0x00000000000041cb      0x20c /opt/toolchains/sh-elf/bin/../lib/gcc/sh-elf/11.1.0/libgcc.a(_unpack_df.o)
 .debug_info    0x00000000000043d7       0xca /opt/toolchains/sh-elf/bin/../lib/gcc/sh-elf/11.1.0/libgcc.a(_clz.o)
 .debug_info    0x00000000000044a1      0x10f /opt/toolchains/sh-elf/bin/../lib/gcc/sh-elf/11.1.0/../../../../sh-elf/lib/libc.a(lib_a-memcmp.o)
 .debug_info    0x00000000000045b0      0x130 /opt/toolchains/sh-elf/bin/../lib/gcc/sh-elf/11.1.0/../../../../sh-elf/lib/libc.a(lib_a-memmove.o)
 .debug_info    0x00000000000046e0       0xf4 /opt/toolchains/sh-elf/bin/../lib/gcc/sh-elf/11.1.0/../../../../sh-elf/lib/libc.a(lib_a-strncmp.o)
 .debug_info    0x00000000000047d4      0x132 /opt/toolchains/sh-elf/bin/../lib/gcc/sh-elf/11.1.0/../../../../sh-elf/lib/libc.a(lib_a-strncpy.o)

.debug_abbrev   0x0000000000000000     0x1df0
 .debug_abbrev  0x0000000000000000      0x182 vblank.o
 .debug_abbrev  0x0000000000000182      0x234 cd.o
 .debug_abbrev  0x00000000000003b6       0xae crc.o
 .debug_abbrev  0x0000000000000464      0x19b devcart.o
 .debug_abbrev  0x00000000000005ff      0x181 print.o
 .debug_abbrev  0x0000000000000780      0x281 scroll.o
 .debug_abbrev  0x0000000000000a01      0x17f sound.o
 .debug_abbrev  0x0000000000000b80      0x307 sprite.o
 .debug_abbrev  0x0000000000000e87      0x20f main.o
 .debug_abbrev  0x0000000000001096      0x278 /opt/toolchains/sh-elf/bin/../lib/gcc/sh-elf/11.1.0/libgcc.a(_mul_df.o)
 .debug_abbrev  0x000000000000130e      0x1b2 /opt/toolchains/sh-elf/bin/../lib/gcc/sh-elf/11.1.0/libgcc.a(_si_to_df.o)
 .debug_abbrev  0x00000000000014c0      0x1b2 /opt/toolchains/sh-elf/bin/../lib/gcc/sh-elf/11.1.0/libgcc.a(_df_to_si.o)
 .debug_abbrev  0x0000000000001672       0xcf /opt/toolchains/sh-elf/bin/../lib/gcc/sh-elf/11.1.0/libgcc.a(_thenan_df.o)
 .debug_abbrev  0x0000000000001741       0xca /opt/toolchains/sh-elf/bin/../lib/gcc/sh-elf/11.1.0/libgcc.a(_clzsi2.o)
 .debug_abbrev  0x000000000000180b      0x1ae /opt/toolchains/sh-elf/bin/../lib/gcc/sh-elf/11.1.0/libgcc.a(_pack_df.o)
 .debug_abbrev  0x00000000000019b9      0x142 /opt/toolchains/sh-elf/bin/../lib/gcc/sh-elf/11.1.0/libgcc.a(_unpack_df.o)
 .debug_abbrev  0x0000000000001afb       0x70 /opt/toolchains/sh-elf/bin/../lib/gcc/sh-elf/11.1.0/libgcc.a(_clz.o)
 .debug_abbrev  0x0000000000001b6b       0x8a /opt/toolchains/sh-elf/bin/../lib/gcc/sh-elf/11.1.0/../../../../sh-elf/lib/libc.a(lib_a-memcmp.o)
 .debug_abbrev  0x0000000000001bf5       0xba /opt/toolchains/sh-elf/bin/../lib/gcc/sh-elf/11.1.0/../../../../sh-elf/lib/libc.a(lib_a-memmove.o)
 .debug_abbrev  0x0000000000001caf       0x8c /opt/toolchains/sh-elf/bin/../lib/gcc/sh-elf/11.1.0/../../../../sh-elf/lib/libc.a(lib_a-strncmp.o)
 .debug_abbrev  0x0000000000001d3b       0xb5 /opt/toolchains/sh-elf/bin/../lib/gcc/sh-elf/11.1.0/../../../../sh-elf/lib/libc.a(lib_a-strncpy.o)

.debug_aranges  0x0000000000000000      0x290
 .debug_aranges
                0x0000000000000000       0x20 vblank.o
 .debug_aranges
                0x0000000000000020       0x20 cd.o
 .debug_aranges
                0x0000000000000040       0x20 crc.o
 .debug_aranges
                0x0000000000000060       0x20 devcart.o
 .debug_aranges
                0x0000000000000080       0x20 print.o
 .debug_aranges
                0x00000000000000a0       0x20 scroll.o
 .debug_aranges
                0x00000000000000c0       0x20 sound.o
 .debug_aranges
                0x00000000000000e0       0x20 sprite.o
 .debug_aranges
                0x0000000000000100       0x20 main.o
 .debug_aranges
                0x0000000000000120       0x20 /opt/toolchains/sh-elf/bin/../lib/gcc/sh-elf/11.1.0/libgcc.a(_mul_df.o)
 .debug_aranges
                0x0000000000000140       0x20 /opt/toolchains/sh-elf/bin/../lib/gcc/sh-elf/11.1.0/libgcc.a(_si_to_df.o)
 .debug_aranges
                0x0000000000000160       0x20 /opt/toolchains/sh-elf/bin/../lib/gcc/sh-elf/11.1.0/libgcc.a(_df_to_si.o)
 .debug_aranges
                0x0000000000000180       0x18 /opt/toolchains/sh-elf/bin/../lib/gcc/sh-elf/11.1.0/libgcc.a(_thenan_df.o)
 .debug_aranges
                0x0000000000000198       0x20 /opt/toolchains/sh-elf/bin/../lib/gcc/sh-elf/11.1.0/libgcc.a(_clzsi2.o)
 .debug_aranges
                0x00000000000001b8       0x20 /opt/toolchains/sh-elf/bin/../lib/gcc/sh-elf/11.1.0/libgcc.a(_pack_df.o)
 .debug_aranges
                0x00000000000001d8       0x20 /opt/toolchains/sh-elf/bin/../lib/gcc/sh-elf/11.1.0/libgcc.a(_unpack_df.o)
 .debug_aranges
                0x00000000000001f8       0x18 /opt/toolchains/sh-elf/bin/../lib/gcc/sh-elf/11.1.0/libgcc.a(_clz.o)
 .debug_aranges
                0x0000000000000210       0x20 /opt/toolchains/sh-elf/bin/../lib/gcc/sh-elf/11.1.0/../../../../sh-elf/lib/libc.a(lib_a-memcmp.o)
 .debug_aranges
                0x0000000000000230       0x20 /opt/toolchains/sh-elf/bin/../lib/gcc/sh-elf/11.1.0/../../../../sh-elf/lib/libc.a(lib_a-memmove.o)
 .debug_aranges
                0x0000000000000250       0x20 /opt/toolchains/sh-elf/bin/../lib/gcc/sh-elf/11.1.0/../../../../sh-elf/lib/libc.a(lib_a-strncmp.o)
 .debug_aranges
                0x0000000000000270       0x20 /opt/toolchains/sh-elf/bin/../lib/gcc/sh-elf/11.1.0/../../../../sh-elf/lib/libc.a(lib_a-strncpy.o)

.debug_line     0x0000000000000000     0x236c
 .debug_line    0x0000000000000000       0xe4 vblank.o
 .debug_line    0x00000000000000e4       0xd9 cd.o
 .debug_line    0x00000000000001bd       0xa3 crc.o
 .debug_line    0x0000000000000260      0x1f4 devcart.o
 .debug_line    0x0000000000000454      0x177 print.o
 .debug_line    0x00000000000005cb      0x3bb scroll.o
 .debug_line    0x0000000000000986      0x185 sound.o
 .debug_line    0x0000000000000b0b      0x579 sprite.o
 .debug_line    0x0000000000001084      0x117 main.o
 .debug_line    0x000000000000119b      0x2d6 /opt/toolchains/sh-elf/bin/../lib/gcc/sh-elf/11.1.0/libgcc.a(_mul_df.o)
 .debug_line    0x0000000000001471      0x13d /opt/toolchains/sh-elf/bin/../lib/gcc/sh-elf/11.1.0/libgcc.a(_si_to_df.o)
 .debug_line    0x00000000000015ae       0xf6 /opt/toolchains/sh-elf/bin/../lib/gcc/sh-elf/11.1.0/libgcc.a(_df_to_si.o)
 .debug_line    0x00000000000016a4       0x50 /opt/toolchains/sh-elf/bin/../lib/gcc/sh-elf/11.1.0/libgcc.a(_thenan_df.o)
 .debug_line    0x00000000000016f4       0xad /opt/toolchains/sh-elf/bin/../lib/gcc/sh-elf/11.1.0/libgcc.a(_clzsi2.o)
 .debug_line    0x00000000000017a1      0x30c /opt/toolchains/sh-elf/bin/../lib/gcc/sh-elf/11.1.0/libgcc.a(_pack_df.o)
 .debug_line    0x0000000000001aad      0x146 /opt/toolchains/sh-elf/bin/../lib/gcc/sh-elf/11.1.0/libgcc.a(_unpack_df.o)
 .debug_line    0x0000000000001bf3       0x52 /opt/toolchains/sh-elf/bin/../lib/gcc/sh-elf/11.1.0/libgcc.a(_clz.o)
 .debug_line    0x0000000000001c45      0x167 /opt/toolchains/sh-elf/bin/../lib/gcc/sh-elf/11.1.0/../../../../sh-elf/lib/libc.a(lib_a-memcmp.o)
 .debug_line    0x0000000000001dac      0x1ec /opt/toolchains/sh-elf/bin/../lib/gcc/sh-elf/11.1.0/../../../../sh-elf/lib/libc.a(lib_a-memmove.o)
 .debug_line    0x0000000000001f98      0x200 /opt/toolchains/sh-elf/bin/../lib/gcc/sh-elf/11.1.0/../../../../sh-elf/lib/libc.a(lib_a-strncmp.o)
 .debug_line    0x0000000000002198      0x1d4 /opt/toolchains/sh-elf/bin/../lib/gcc/sh-elf/11.1.0/../../../../sh-elf/lib/libc.a(lib_a-strncpy.o)

.debug_str      0x0000000000000000     0x13fb
 .debug_str     0x0000000000000000      0x1a6 vblank.o
                                        0x1e7 (size before relaxing)
 .debug_str     0x00000000000001a6      0x278 cd.o
                                        0x36a (size before relaxing)
 .debug_str     0x000000000000041e       0x72 crc.o
                                        0x121 (size before relaxing)
 .debug_str     0x0000000000000490       0xfa devcart.o
                                        0x228 (size before relaxing)
 .debug_str     0x000000000000058a       0xf9 print.o
                                        0x1dc (size before relaxing)
 .debug_str     0x0000000000000683      0x3b9 scroll.o
                                        0x4f7 (size before relaxing)
 .debug_str     0x0000000000000a3c       0xf0 sound.o
                                        0x1ec (size before relaxing)
 .debug_str     0x0000000000000b2c      0x350 sprite.o
                                        0x56d (size before relaxing)
 .debug_str     0x0000000000000e7c      0x136 main.o
                                        0x394 (size before relaxing)
 .debug_str     0x0000000000000fb2      0x212 /opt/toolchains/sh-elf/bin/../lib/gcc/sh-elf/11.1.0/libgcc.a(_mul_df.o)
                                        0x28a (size before relaxing)
 .debug_str     0x00000000000011c4       0x27 /opt/toolchains/sh-elf/bin/../lib/gcc/sh-elf/11.1.0/libgcc.a(_si_to_df.o)
                                        0x216 (size before relaxing)
 .debug_str     0x00000000000011eb        0xa /opt/toolchains/sh-elf/bin/../lib/gcc/sh-elf/11.1.0/libgcc.a(_df_to_si.o)
                                        0x233 (size before relaxing)
 .debug_str     0x00000000000011f5      0x1d5 /opt/toolchains/sh-elf/bin/../lib/gcc/sh-elf/11.1.0/libgcc.a(_thenan_df.o)
 .debug_str     0x00000000000011f5       0x59 /opt/toolchains/sh-elf/bin/../lib/gcc/sh-elf/11.1.0/libgcc.a(_clzsi2.o)
                                        0x198 (size before relaxing)
 .debug_str     0x000000000000124e        0x7 /opt/toolchains/sh-elf/bin/../lib/gcc/sh-elf/11.1.0/libgcc.a(_pack_df.o)
                                        0x227 (size before relaxing)
 .debug_str     0x0000000000001255      0x209 /opt/toolchains/sh-elf/bin/../lib/gcc/sh-elf/11.1.0/libgcc.a(_unpack_df.o)
 .debug_str     0x0000000000001255      0x17b /opt/toolchains/sh-elf/bin/../lib/gcc/sh-elf/11.1.0/libgcc.a(_clz.o)
 .debug_str     0x0000000000001255       0xa8 /opt/toolchains/sh-elf/bin/../lib/gcc/sh-elf/11.1.0/../../../../sh-elf/lib/libc.a(lib_a-memcmp.o)
                                        0x144 (size before relaxing)
 .debug_str     0x00000000000012fd       0x72 /opt/toolchains/sh-elf/bin/../lib/gcc/sh-elf/11.1.0/../../../../sh-elf/lib/libc.a(lib_a-memmove.o)
                                        0x177 (size before relaxing)
 .debug_str     0x000000000000136f       0x41 /opt/toolchains/sh-elf/bin/../lib/gcc/sh-elf/11.1.0/../../../../sh-elf/lib/libc.a(lib_a-strncmp.o)
                                        0x146 (size before relaxing)
 .debug_str     0x00000000000013b0       0x4b /opt/toolchains/sh-elf/bin/../lib/gcc/sh-elf/11.1.0/../../../../sh-elf/lib/libc.a(lib_a-strncpy.o)
                                        0x16e (size before relaxing)

.comment        0x0000000000000000       0x12
 .comment       0x0000000000000000       0x12 vblank.o
                                         0x13 (size before relaxing)
 .comment       0x0000000000000012       0x13 cd.o
 .comment       0x0000000000000012       0x13 crc.o
 .comment       0x0000000000000012       0x13 devcart.o
 .comment       0x0000000000000012       0x13 print.o
 .comment       0x0000000000000012       0x13 scroll.o
 .comment       0x0000000000000012       0x13 sound.o
 .comment       0x0000000000000012       0x13 sprite.o
 .comment       0x0000000000000012       0x13 main.o
 .comment       0x0000000000000012       0x13 ../sbl/segalib/lib/libsat.a(cdc_cmn.o)
 .comment       0x0000000000000012       0x13 ../sbl/segalib/lib/libsat.a(cdc_drv.o)
 .comment       0x0000000000000012       0x13 ../sbl/segalib/lib/libsat.a(gfs.o)
 .comment       0x0000000000000012       0x13 ../sbl/segalib/lib/libsat.a(gfs_buf.o)
 .comment       0x0000000000000012       0x13 ../sbl/segalib/lib/libsat.a(gfs_cdb.o)
 .comment       0x0000000000000012       0x13 ../sbl/segalib/lib/libsat.a(gfs_cdc.o)
 .comment       0x0000000000000012       0x13 ../sbl/segalib/lib/libsat.a(gfs_cdf.o)
 .comment       0x0000000000000012       0x13 ../sbl/segalib/lib/libsat.a(gfs_dir.o)
 .comment       0x0000000000000012       0x13 ../sbl/segalib/lib/libsat.a(gfs_trn.o)
 .comment       0x0000000000000012       0x13 ../sbl/segalib/lib/libsat.a(per_prt.o)
 .comment       0x0000000000000012       0x13 ../sbl/segalib/lib/libsat.a(spr_2c.o)
 .comment       0x0000000000000012       0x13 ../sbl/segalib/lib/libsat.a(scl_func.o)
 .comment       0x0000000000000012       0x13 ../sbl/segalib/lib/libsat.a(scl_fu02.o)
 .comment       0x0000000000000012       0x13 ../sbl/segalib/lib/libsat.a(scl_fu03.o)
 .comment       0x0000000000000012       0x13 ../sbl/segalib/lib/libsat.a(scl_fu04.o)
 .comment       0x0000000000000012       0x13 ../sbl/segalib/lib/libsat.a(scl_pri.o)
 .comment       0x0000000000000012       0x13 ../sbl/segalib/lib/libsat.a(scl_ro00.o)
 .comment       0x0000000000000012       0x13 ../sbl/segalib/lib/libsat.a(scl_back.o)
 .comment       0x0000000000000012       0x13 ../sbl/segalib/lib/libsat.a(scl_vblv.o)
 .comment       0x0000000000000012       0x13 ../sbl/segalib/lib/libsat.a(scl_pr01.o)
 .comment       0x0000000000000012       0x13 ../sbl/segalib/lib/libsat.a(scl_pr02.o)
 .comment       0x0000000000000012       0x13 ../sbl/segalib/lib/libsat.a(scl_pr03.o)
 .comment       0x0000000000000012       0x13 ../sbl/segalib/lib/libsat.a(scl_pr05.o)
 .comment       0x0000000000000012       0x13 ../sbl/segalib/lib/libsat.a(scl_pr06.o)
 .comment       0x0000000000000012       0x13 ../sbl/segalib/lib/libsat.a(scl_pr07.o)
 .comment       0x0000000000000012       0x13 ../sbl/segalib/lib/libsat.a(cdc_reg.o)
 .comment       0x0000000000000012       0x13 ../sbl/segalib/lib/libsat.a(cdc_sub.o)
 .comment       0x0000000000000012       0x13 ../sbl/segalib/lib/libsat.a(cdc_dev.o)
 .comment       0x0000000000000012       0x13 ../sbl/segalib/lib/libsat.a(cdc_sel.o)
 .comment       0x0000000000000012       0x13 ../sbl/segalib/lib/libsat.a(cdc_bif.o)
 .comment       0x0000000000000012       0x13 ../sbl/segalib/lib/libsat.a(cdc_bio.o)
 .comment       0x0000000000000012       0x13 ../sbl/segalib/lib/libsat.a(cdc_cfs.o)
 .comment       0x0000000000000012       0x13 ../sbl/segalib/lib/libsat.a(csh_main.o)
 .comment       0x0000000000000012       0x13 ../sbl/segalib/lib/libsat.a(dma_cpu0.o)
 .comment       0x0000000000000012       0x13 ../sbl/segalib/lib/libsat.a(dma_scu0.o)
 .comment       0x0000000000000012       0x13 ../sbl/segalib/lib/libsat.a(spr_1c.o)
 .comment       0x0000000000000012       0x13 /opt/toolchains/sh-elf/bin/../lib/gcc/sh-elf/11.1.0/libgcc.a(_mul_df.o)
 .comment       0x0000000000000012       0x13 /opt/toolchains/sh-elf/bin/../lib/gcc/sh-elf/11.1.0/libgcc.a(_si_to_df.o)
 .comment       0x0000000000000012       0x13 /opt/toolchains/sh-elf/bin/../lib/gcc/sh-elf/11.1.0/libgcc.a(_df_to_si.o)
 .comment       0x0000000000000012       0x13 /opt/toolchains/sh-elf/bin/../lib/gcc/sh-elf/11.1.0/libgcc.a(_thenan_df.o)
 .comment       0x0000000000000012       0x13 /opt/toolchains/sh-elf/bin/../lib/gcc/sh-elf/11.1.0/libgcc.a(_clzsi2.o)
 .comment       0x0000000000000012       0x13 /opt/toolchains/sh-elf/bin/../lib/gcc/sh-elf/11.1.0/libgcc.a(_pack_df.o)
 .comment       0x0000000000000012       0x13 /opt/toolchains/sh-elf/bin/../lib/gcc/sh-elf/11.1.0/libgcc.a(_unpack_df.o)
 .comment       0x0000000000000012       0x13 /opt/toolchains/sh-elf/bin/../lib/gcc/sh-elf/11.1.0/libgcc.a(_clz.o)
 .comment       0x0000000000000012       0x13 /opt/toolchains/sh-elf/bin/../lib/gcc/sh-elf/11.1.0/../../../../sh-elf/lib/libc.a(lib_a-memcmp.o)
 .comment       0x0000000000000012       0x13 /opt/toolchains/sh-elf/bin/../lib/gcc/sh-elf/11.1.0/../../../../sh-elf/lib/libc.a(lib_a-memmove.o)
 .comment       0x0000000000000012       0x13 /opt/toolchains/sh-elf/bin/../lib/gcc/sh-elf/11.1.0/../../../../sh-elf/lib/libc.a(lib_a-strncmp.o)
 .comment       0x0000000000000012       0x13 /opt/toolchains/sh-elf/bin/../lib/gcc/sh-elf/11.1.0/../../../../sh-elf/lib/libc.a(lib_a-strncpy.o)

.debug_frame    0x0000000000000000      0xc3c
 .debug_frame   0x0000000000000000       0xb8 vblank.o
 .debug_frame   0x00000000000000b8       0xa8 cd.o
 .debug_frame   0x0000000000000160       0x38 crc.o
 .debug_frame   0x0000000000000198      0x168 devcart.o
 .debug_frame   0x0000000000000300       0xf4 print.o
 .debug_frame   0x00000000000003f4      0x240 scroll.o
 .debug_frame   0x0000000000000634       0xb8 sound.o
 .debug_frame   0x00000000000006ec      0x284 sprite.o
 .debug_frame   0x0000000000000970       0x38 main.o
 .debug_frame   0x00000000000009a8       0x98 /opt/toolchains/sh-elf/bin/../lib/gcc/sh-elf/11.1.0/libgcc.a(_mul_df.o)
 .debug_frame   0x0000000000000a40       0x3c /opt/toolchains/sh-elf/bin/../lib/gcc/sh-elf/11.1.0/libgcc.a(_si_to_df.o)
 .debug_frame   0x0000000000000a7c       0x48 /opt/toolchains/sh-elf/bin/../lib/gcc/sh-elf/11.1.0/libgcc.a(_df_to_si.o)
 .debug_frame   0x0000000000000ac4       0x38 /opt/toolchains/sh-elf/bin/../lib/gcc/sh-elf/11.1.0/libgcc.a(_clzsi2.o)
 .debug_frame   0x0000000000000afc       0x6c /opt/toolchains/sh-elf/bin/../lib/gcc/sh-elf/11.1.0/libgcc.a(_pack_df.o)
 .debug_frame   0x0000000000000b68       0x20 /opt/toolchains/sh-elf/bin/../lib/gcc/sh-elf/11.1.0/libgcc.a(_unpack_df.o)
 .debug_frame   0x0000000000000b88       0x20 /opt/toolchains/sh-elf/bin/../lib/gcc/sh-elf/11.1.0/../../../../sh-elf/lib/libc.a(lib_a-memcmp.o)
 .debug_frame   0x0000000000000ba8       0x20 /opt/toolchains/sh-elf/bin/../lib/gcc/sh-elf/11.1.0/../../../../sh-elf/lib/libc.a(lib_a-memmove.o)
 .debug_frame   0x0000000000000bc8       0x30 /opt/toolchains/sh-elf/bin/../lib/gcc/sh-elf/11.1.0/../../../../sh-elf/lib/libc.a(lib_a-strncmp.o)
 .debug_frame   0x0000000000000bf8       0x44 /opt/toolchains/sh-elf/bin/../lib/gcc/sh-elf/11.1.0/../../../../sh-elf/lib/libc.a(lib_a-strncpy.o)

.debug_loclists
                0x0000000000000000      0xa2a
 .debug_loclists
                0x0000000000000000      0x30c /opt/toolchains/sh-elf/bin/../lib/gcc/sh-elf/11.1.0/libgcc.a(_mul_df.o)
 .debug_loclists
                0x000000000000030c       0x6c /opt/toolchains/sh-elf/bin/../lib/gcc/sh-elf/11.1.0/libgcc.a(_si_to_df.o)
 .debug_loclists
                0x0000000000000378       0x35 /opt/toolchains/sh-elf/bin/../lib/gcc/sh-elf/11.1.0/libgcc.a(_df_to_si.o)
 .debug_loclists
                0x00000000000003ad       0x22 /opt/toolchains/sh-elf/bin/../lib/gcc/sh-elf/11.1.0/libgcc.a(_clzsi2.o)
 .debug_loclists
                0x00000000000003cf      0x230 /opt/toolchains/sh-elf/bin/../lib/gcc/sh-elf/11.1.0/libgcc.a(_pack_df.o)
 .debug_loclists
                0x00000000000005ff       0x71 /opt/toolchains/sh-elf/bin/../lib/gcc/sh-elf/11.1.0/libgcc.a(_unpack_df.o)
 .debug_loclists
                0x0000000000000670       0xae /opt/toolchains/sh-elf/bin/../lib/gcc/sh-elf/11.1.0/../../../../sh-elf/lib/libc.a(lib_a-memcmp.o)
 .debug_loclists
                0x000000000000071e      0x13c /opt/toolchains/sh-elf/bin/../lib/gcc/sh-elf/11.1.0/../../../../sh-elf/lib/libc.a(lib_a-memmove.o)
 .debug_loclists
                0x000000000000085a       0xd5 /opt/toolchains/sh-elf/bin/../lib/gcc/sh-elf/11.1.0/../../../../sh-elf/lib/libc.a(lib_a-strncmp.o)
 .debug_loclists
                0x000000000000092f       0xfb /opt/toolchains/sh-elf/bin/../lib/gcc/sh-elf/11.1.0/../../../../sh-elf/lib/libc.a(lib_a-strncpy.o)

.debug_rnglists
                0x0000000000000000       0xf1
 .debug_rnglists
                0x0000000000000000       0x2e /opt/toolchains/sh-elf/bin/../lib/gcc/sh-elf/11.1.0/libgcc.a(_mul_df.o)
 .debug_rnglists
                0x000000000000002e       0x26 /opt/toolchains/sh-elf/bin/../lib/gcc/sh-elf/11.1.0/libgcc.a(_si_to_df.o)
 .debug_rnglists
                0x0000000000000054       0x1f /opt/toolchains/sh-elf/bin/../lib/gcc/sh-elf/11.1.0/libgcc.a(_clzsi2.o)
 .debug_rnglists
                0x0000000000000073       0x7e /opt/toolchains/sh-elf/bin/../lib/gcc/sh-elf/11.1.0/libgcc.a(_pack_df.o)
