Archive member included to satisfy reference by file (symbol)

../sbl/segalib/lib/libsat.a(cdc_cmn.o)
                              main.o (_CDC_GetPeriStat)
../sbl/segalib/lib/libsat.a(cdc_drv.o)
                              sound.o (_CDC_CdPlay)
../sbl/segalib/lib/libsat.a(gfs.o)
                              cd.o (_GFS_SetDir)
../sbl/segalib/lib/libsat.a(gfs_buf.o)
                              ../sbl/segalib/lib/libsat.a(gfs.o) (_GFBF_GetNumData)
../sbl/segalib/lib/libsat.a(gfs_cdb.o)
                              ../sbl/segalib/lib/libsat.a(gfs.o) (_GFCB_Close)
../sbl/segalib/lib/libsat.a(gfs_cdc.o)
                              ../sbl/segalib/lib/libsat.a(gfs_cdb.o) (_GFCD_AllocFilt)
../sbl/segalib/lib/libsat.a(gfs_cdf.o)
                              ../sbl/segalib/lib/libsat.a(gfs.o) (_GFCF_Init)
../sbl/segalib/lib/libsat.a(gfs_dir.o)
                              ../sbl/segalib/lib/libsat.a(gfs.o) (_GFDR_NameToId)
../sbl/segalib/lib/libsat.a(gfs_trn.o)
                              ../sbl/segalib/lib/libsat.a(gfs.o) (_GFTR_Setup)
../sbl/segalib/lib/libsat.a(mth_rand.o)
                              rng.o (_MTH_InitialRand)
../sbl/segalib/lib/libsat.a(mth_fixd.o)
                              sprite.o (_MTH_Mul)
../sbl/segalib/lib/libsat.a(mth_tri.o)
                              sprite.o (_MTH_Sin)
../sbl/segalib/lib/libsat.a(per_prt.o)
                              vblank.o (_PER_Init)
../sbl/segalib/lib/libsat.a(spr_2c.o)
                              sprite.o (_SPR_2SetTvMode)
../sbl/segalib/lib/libsat.a(scl_func.o)
                              scroll.o (_Scl_n_reg)
../sbl/segalib/lib/libsat.a(scl_fu02.o)
                              scroll.o (_SCL_InitVramConfigTb)
../sbl/segalib/lib/libsat.a(scl_fu03.o)
                              scroll.o (_SCL_InitConfigTb)
../sbl/segalib/lib/libsat.a(scl_fu04.o)
                              scroll.o (_SCL_SetCycleTable)
../sbl/segalib/lib/libsat.a(scl_pri.o)
                              ../sbl/segalib/lib/libsat.a(scl_func.o) (_SCL_PriorityInit)
../sbl/segalib/lib/libsat.a(scl_ro00.o)
                              ../sbl/segalib/lib/libsat.a(scl_func.o) (_SCL_Rotate)
../sbl/segalib/lib/libsat.a(scl_back.o)
                              scroll.o (_SCL_SetBack)
../sbl/segalib/lib/libsat.a(scl_vblv.o)
                              ../sbl/segalib/lib/libsat.a(spr_2c.o) (_SCL_SetFrameInterval)
../sbl/segalib/lib/libsat.a(scl_pr01.o)
                              sprite.o (_SCL_SetSpriteMode)
../sbl/segalib/lib/libsat.a(scl_pr02.o)
                              scroll.o (_SCL_SetColRam)
../sbl/segalib/lib/libsat.a(scl_pr03.o)
                              scroll.o (_SCL_AllocColRam)
../sbl/segalib/lib/libsat.a(scl_pr05.o)
                              ../sbl/segalib/lib/libsat.a(scl_pr02.o) (_SCL_GetColRamOffset)
../sbl/segalib/lib/libsat.a(scl_pr06.o)
                              ../sbl/segalib/lib/libsat.a(scl_pr03.o) (_SCL_SetColRamOffset)
../sbl/segalib/lib/libsat.a(scl_pr07.o)
                              scroll.o (_SCL_SetPriority)
../sbl/segalib/lib/libsat.a(cdc_reg.o)
                              ../sbl/segalib/lib/libsat.a(gfs_cdb.o) (_CDC_GetDataPtr)
../sbl/segalib/lib/libsat.a(cdc_sub.o)
                              ../sbl/segalib/lib/libsat.a(cdc_cmn.o) (_CDSUB_GetCdstat)
../sbl/segalib/lib/libsat.a(cdc_dev.o)
                              ../sbl/segalib/lib/libsat.a(gfs_cdc.o) (_CDC_CdSetCon)
../sbl/segalib/lib/libsat.a(cdc_sel.o)
                              ../sbl/segalib/lib/libsat.a(gfs_cdc.o) (_CDC_SetFiltRange)
../sbl/segalib/lib/libsat.a(cdc_bif.o)
                              ../sbl/segalib/lib/libsat.a(gfs_cdc.o) (_CDC_GetBufSiz)
../sbl/segalib/lib/libsat.a(cdc_bio.o)
                              ../sbl/segalib/lib/libsat.a(gfs_cdc.o) (_CDC_SetSctLen)
../sbl/segalib/lib/libsat.a(cdc_cfs.o)
                              ../sbl/segalib/lib/libsat.a(gfs_cdc.o) (_CDC_ChgDir)
../sbl/segalib/lib/libsat.a(csh_main.o)
                              ../sbl/segalib/lib/libsat.a(gfs_trn.o) (_CSH_Purge)
../sbl/segalib/lib/libsat.a(dma_cpu0.o)
                              ../sbl/segalib/lib/libsat.a(gfs_trn.o) (_DMA_CpuSetComPrm)
../sbl/segalib/lib/libsat.a(dma_scu0.o)
                              ../sbl/segalib/lib/libsat.a(gfs_trn.o) (_DMA_ScuSetPrm)
../sbl/segalib/lib/libsat.a(spr_1c.o)
                              ../sbl/segalib/lib/libsat.a(spr_2c.o) (_SPR_SetTvMode)
../sbl/segalib/lib/libsat.a(spr_2a.o)
                              ../sbl/segalib/lib/libsat.a(spr_2c.o) (_SPR_2SetDrawPrty)
/opt/toolchains/sh-elf/bin/../lib/gcc/sh-elf/11.1.0/libgcc.a(_ashiftrt.o)
                              ../sbl/segalib/lib/libsat.a(gfs_cdf.o) (___ashiftrt_r4_6)
/opt/toolchains/sh-elf/bin/../lib/gcc/sh-elf/11.1.0/libgcc.a(_ashiftrt_n.o)
                              pcmsys.o (___ashrsi3)
/opt/toolchains/sh-elf/bin/../lib/gcc/sh-elf/11.1.0/libgcc.a(_ashiftlt.o)
                              scroll.o (___ashlsi3_r0)
/opt/toolchains/sh-elf/bin/../lib/gcc/sh-elf/11.1.0/libgcc.a(_movmem.o)
                              scroll.o (___movmem)
/opt/toolchains/sh-elf/bin/../lib/gcc/sh-elf/11.1.0/libgcc.a(_sdivsi3.o)
                              pcmsys.o (___sdivsi3)
/opt/toolchains/sh-elf/bin/../lib/gcc/sh-elf/11.1.0/libgcc.a(_udivsi3.o)
                              ../sbl/segalib/lib/libsat.a(gfs.o) (___udivsi3)
/opt/toolchains/sh-elf/bin/../lib/gcc/sh-elf/11.1.0/libgcc.a(_mul_df.o)
                              ../sbl/segalib/lib/libsat.a(scl_ro00.o) (___muldf3)
/opt/toolchains/sh-elf/bin/../lib/gcc/sh-elf/11.1.0/libgcc.a(_si_to_df.o)
                              ../sbl/segalib/lib/libsat.a(scl_ro00.o) (___floatsidf)
/opt/toolchains/sh-elf/bin/../lib/gcc/sh-elf/11.1.0/libgcc.a(_df_to_si.o)
                              ../sbl/segalib/lib/libsat.a(scl_ro00.o) (___fixdfsi)
/opt/toolchains/sh-elf/bin/../lib/gcc/sh-elf/11.1.0/libgcc.a(_thenan_df.o)
                              /opt/toolchains/sh-elf/bin/../lib/gcc/sh-elf/11.1.0/libgcc.a(_mul_df.o) (___thenan_df)
/opt/toolchains/sh-elf/bin/../lib/gcc/sh-elf/11.1.0/libgcc.a(_lshiftrt.o)
                              /opt/toolchains/sh-elf/bin/../lib/gcc/sh-elf/11.1.0/libgcc.a(_si_to_df.o) (___lshrsi3_r0)
/opt/toolchains/sh-elf/bin/../lib/gcc/sh-elf/11.1.0/libgcc.a(_clzsi2.o)
                              /opt/toolchains/sh-elf/bin/../lib/gcc/sh-elf/11.1.0/libgcc.a(_si_to_df.o) (___clzsi2)
/opt/toolchains/sh-elf/bin/../lib/gcc/sh-elf/11.1.0/libgcc.a(_pack_df.o)
                              /opt/toolchains/sh-elf/bin/../lib/gcc/sh-elf/11.1.0/libgcc.a(_mul_df.o) (___pack_d)
/opt/toolchains/sh-elf/bin/../lib/gcc/sh-elf/11.1.0/libgcc.a(_unpack_df.o)
                              /opt/toolchains/sh-elf/bin/../lib/gcc/sh-elf/11.1.0/libgcc.a(_mul_df.o) (___unpack_d)
/opt/toolchains/sh-elf/bin/../lib/gcc/sh-elf/11.1.0/libgcc.a(_clz.o)
                              /opt/toolchains/sh-elf/bin/../lib/gcc/sh-elf/11.1.0/libgcc.a(_clzsi2.o) (___clz_tab)
/opt/toolchains/sh-elf/bin/../lib/gcc/sh-elf/11.1.0/../../../../sh-elf/lib/libc.a(lib_a-memcmp.o)
                              ../sbl/segalib/lib/libsat.a(gfs.o) (_memcmp)
/opt/toolchains/sh-elf/bin/../lib/gcc/sh-elf/11.1.0/../../../../sh-elf/lib/libc.a(lib_a-memcpy.o)
                              scroll.o (_memcpy)
/opt/toolchains/sh-elf/bin/../lib/gcc/sh-elf/11.1.0/../../../../sh-elf/lib/libc.a(lib_a-memmove.o)
                              ../sbl/segalib/lib/libsat.a(gfs.o) (_memmove)
/opt/toolchains/sh-elf/bin/../lib/gcc/sh-elf/11.1.0/../../../../sh-elf/lib/libc.a(lib_a-memset.o)
                              scroll.o (_memset)
/opt/toolchains/sh-elf/bin/../lib/gcc/sh-elf/11.1.0/../../../../sh-elf/lib/libc.a(lib_a-strcpy.o)
                              ../sbl/segalib/lib/libsat.a(gfs_dir.o) (_strcpy)
/opt/toolchains/sh-elf/bin/../lib/gcc/sh-elf/11.1.0/../../../../sh-elf/lib/libc.a(lib_a-strncmp.o)
                              ../sbl/segalib/lib/libsat.a(gfs_dir.o) (_strncmp)
/opt/toolchains/sh-elf/bin/../lib/gcc/sh-elf/11.1.0/../../../../sh-elf/lib/libc.a(lib_a-strncpy.o)
                              ../sbl/segalib/lib/libsat.a(gfs_dir.o) (_strncpy)

Memory Configuration

Name             Origin             Length             Attributes
*default*        0x0000000000000000 0xffffffffffffffff

Linker script and memory map

LOAD entry.o
LOAD stack.o
LOAD vblank.o
LOAD cd.o
LOAD crc.o
LOAD devcart.o
LOAD game.o
LOAD pcmsys.o
LOAD piece.o
LOAD print.o
LOAD rng.o
LOAD scroll.o
LOAD sound.o
LOAD sprite.o
LOAD main.o
LOAD ../sbl/segalib/lib/libsat.a
LOAD /opt/toolchains/sh-elf/bin/../lib/gcc/sh-elf/11.1.0/libgcc.a
LOAD /opt/toolchains/sh-elf/bin/../lib/gcc/sh-elf/11.1.0/libgcc-Os-4-200.a
LOAD /opt/toolchains/sh-elf/bin/../lib/gcc/sh-elf/11.1.0/../../../../sh-elf/lib/libc.a
LOAD /opt/toolchains/sh-elf/bin/../lib/gcc/sh-elf/11.1.0/libgcc.a
LOAD /opt/toolchains/sh-elf/bin/../lib/gcc/sh-elf/11.1.0/libgcc-Os-4-200.a

.entry          0x0000000006010000       0x60
 *(.entry)
 .entry         0x0000000006010000       0x50 entry.o
                0x0000000006010000                _entry
                0x0000000006010060                . = ALIGN (0x20)
 *fill*         0x0000000006010050       0x10 
                0x0000000006010060                _eentry = ABSOLUTE (.)

.text           0x0000000006010060    0x11130
 *(.text*)
 .text          0x0000000006010060        0x0 entry.o
 .text          0x0000000006010060        0x0 stack.o
 .text          0x0000000006010060      0x1d0 vblank.o
                0x0000000006010060                _SetVblank
                0x0000000006010118                _CheckVblankEnd
                0x0000000006010130                _UsrVblankIn
                0x0000000006010158                _UsrVblankOut
 .text          0x0000000006010230      0x180 cd.o
                0x0000000006010230                _CD_Init
                0x0000000006010274                _CD_ChangeDir
                0x00000000060102e8                _CD_Load
 .text          0x00000000060103b0       0x98 crc.o
                0x00000000060103b0                _crc_update
 .text          0x0000000006010448      0x418 devcart.o
                0x0000000006010574                _Devcart_LoadFile
                0x0000000006010720                _Devcart_PrintStr
                0x0000000006010794                _Devcart_Reset
                0x00000000060107ec                _Devcart_ChangeDir
 .text          0x0000000006010860      0xfe0 game.o
                0x000000000601091c                _Game_Init
                0x0000000006011558                _Game_Run
 .text          0x0000000006011840      0x898 pcmsys.o
                0x0000000006011840                _smpc_wait_till_ready
                0x0000000006011864                _smpc_issue_command
                0x000000000601189c                _load_driver_binary
                0x0000000006011978                _load_drv
                0x00000000060119fc                _calculate_bytes_per_blank
                0x0000000006011a84                _load_16bit_pcm
                0x0000000006011ce4                _load_8bit_pcm
                0x0000000006011f40                _pcm_play
                0x0000000006011fdc                _pcm_parameter_change
                0x000000000601205c                _pcm_cease
 .text          0x00000000060120d8        0x0 piece.o
 .text          0x00000000060120d8      0x340 print.o
                0x00000000060120d8                _Print_Load
                0x0000000006012100                _Print_Init
                0x0000000006012180                _Print_Num
                0x0000000006012244                _Print_String
                0x0000000006012318                _Print_Display
 .text          0x0000000006012418      0x240 rng.o
                0x00000000060124cc                _RNG_Init
                0x0000000006012574                _RNG_Get
 .text          0x0000000006012658      0xa60 scroll.o
                0x0000000006012658                _Scroll_Init
                0x00000000060129f4                _Scroll_LoadTile
                0x0000000006012b28                _Scroll_TilePtr
                0x0000000006012bb0                _Scroll_MapPtr
                0x0000000006012c3c                _Scroll_Scale
                0x0000000006012d94                _Scroll_Set
                0x0000000006012e04                _Scroll_Move
                0x0000000006012e74                _Scroll_ClearMaps
                0x0000000006012ee0                _Scroll_ClearVram
                0x0000000006012f30                _Scroll_CharSize
                0x0000000006012fb4                _Scroll_Enable
                0x0000000006013034                _Scroll_MapSize
 .text          0x00000000060130b8      0x3d0 sound.o
                0x00000000060132e8                _sound_init
                0x00000000060133b8                _sound_cdda
                0x0000000006013450                _sound_play
 .text          0x0000000006013488      0xd9c sprite.o
                0x0000000006013488                _Sprite_Init
                0x0000000006013574                _Sprite_Clear
                0x0000000006013948                _Sprite_Load
                0x0000000006013a04                _Sprite_StartDraw
                0x0000000006013a48                _Sprite_Draw
                0x0000000006013e4c                _Sprite_Make
                0x0000000006013f04                _Sprite_DrawAll
                0x0000000006013fec                _Sprite_Next
                0x00000000060140a8                _Sprite_ListAdd
                0x000000000601410a                _Sprite_ListRemove
                0x0000000006014186                _Sprite_Delete
                0x00000000060141c4                _Sprite_DeleteAll
 .text          0x0000000006014224      0x11c main.o
                0x0000000006014224                _main
 .text          0x0000000006014340      0x354 ../sbl/segalib/lib/libsat.a(cdc_cmn.o)
                0x0000000006014340                _CDC_GetCurStat
                0x0000000006014384                _CDC_GetLastStat
                0x0000000006014390                _getPeriRsp
                0x0000000006014418                _CDC_GetPeriStat
                0x000000000601445c                _CDC_GetHwInfo
                0x00000000060144b4                _CDC_TgetToc
                0x000000000601450c                _CDC_GetSes
                0x0000000006014544                _CDC_CdInit
                0x00000000060145bc                _CDC_CdOpen
                0x00000000060145e4                _CDC_DataEnd
                0x0000000006014638                _CDC_DataReady
 .text          0x0000000006014694      0x108 ../sbl/segalib/lib/libsat.a(cdc_drv.o)
                0x0000000006014694                _analyPos
                0x00000000060146e4                _CDC_CdPlay
                0x0000000006014738                _CDC_CdSeek
                0x0000000006014770                _CDC_CdScan
 .text          0x000000000601479c     0x1610 ../sbl/segalib/lib/libsat.a(gfs.o)
                0x000000000601479c                _gfs_recovRdErr
                0x00000000060147c4                _GFS_SetErrFunc
                0x00000000060147e8                _GFS_GetErrStat
                0x0000000006014808                _gfs_mngSetupFuncTbl
                0x0000000006014834                _gfs_mngInitWork
                0x00000000060148b4                _gfs_mngGetNumFile
                0x000000000601490c                _GFS_mngAllocGrp
                0x000000000601494c                _gfs_mngFreeGrp
                0x0000000006014952                _gfs_mngTermAccess
                0x00000000060149bc                _gfs_mngSetErrCode
                0x00000000060149ec                _GFS_SetDir
                0x0000000006014a50                _GFS_NameToId
                0x0000000006014aa0                _GFS_IdToName
                0x0000000006014afc                _GFS_Tell
                0x0000000006014b3c                _GFS_NwIsComplete
                0x0000000006014b64                _GFS_CdMovePickup
                0x0000000006014bc4                _GFS_GetDirInfo
                0x0000000006014c3c                _gfs_svrSearchHndl
                0x0000000006014c70                _gfs_svrAddHndl
                0x0000000006014ca4                _gfs_svrRemoveHndl
                0x0000000006014d18                _GFS_NwStop
                0x0000000006014d70                _GFS_OpenSub
                0x0000000006014db8                _GFS_Open
                0x0000000006014e5c                _GFS_GetFad
                0x0000000006014ea0                _gfs_SetSct
                0x0000000006014ecc                _GFS_NwCdRead
                0x0000000006014f50                _gfs_GetFinfo
                0x0000000006014f9e                _GFS_GetFileSize
                0x0000000006015000                _GFS_Seek
                0x00000000060150b4                _GFS_IsEof
                0x0000000006015114                _GFS_ByteToSct
                0x0000000006015170                _GFS_GetFileInfo
                0x00000000060151e4                _GFS_NwFread
                0x00000000060152f8                _GFS_NwGetStat
                0x000000000601536c                _GFS_SetGmode
                0x00000000060153d0                _GFS_SetTmode
                0x0000000006015444                _GFS_SetReadPara
                0x00000000060154a8                _GFS_SetTransPara
                0x000000000601551c                _gfs_transData
                0x00000000060155ac                _gfs_closeSub
                0x00000000060155dc                _GFS_Close
                0x0000000006015614                _GFS_LoadDir
                0x00000000060156b0                _gfs_getGmode
                0x00000000060156b6                _gfs_isTaskDone
                0x0000000006015700                _gfs_convFinStat
                0x0000000006015764                _gfs_flowIn
                0x00000000060157e4                _GFS_NwExecOne
                0x0000000006015874                _GFS_Fread
                0x00000000060159bc                _GFS_Load
                0x0000000006015a84                _gfs_loadVol
                0x0000000006015b48                _gfs_getRootDir
                0x0000000006015bd0                _gfs_loadRootDir
                0x0000000006015c58                _GFS_Init
                0x0000000006015d44                _GFS_NwExecServer
 .text          0x0000000006015dac       0x6c ../sbl/segalib/lib/libsat.a(gfs_buf.o)
                0x0000000006015dac                _GFBF_GetTranData
                0x0000000006015dc0                _GFBF_GetNumData
                0x0000000006015dd8                _GFBF_GetSrcPk
                0x0000000006015dec                _GFBF_GetSctData
                0x0000000006015e00                _GFBF_RtnPk
                0x0000000006015e14                _gfbf_getSctDt
 .text          0x0000000006015e18      0x484 ../sbl/segalib/lib/libsat.a(gfs_cdb.o)
                0x0000000006015e18                _GFCB_Setup
                0x0000000006015edc                _GFCB_Close
                0x0000000006015efc                _GFCB_GetLenData
                0x0000000006015f90                _GFCB_GetLenRoom
                0x0000000006015f94                _GFCB_SetFilt
                0x0000000006015fec                _GFCB_DeleteAllData
                0x0000000006016008                _GFCB_Tell
                0x0000000006016010                _GFCB_Seek
                0x00000000060160f4                _GFCB_GetSrcPack
                0x00000000060161bc                _GFCB_GetSctData
                0x00000000060161e8                _GFCB_GetDstPack
                0x00000000060161ec                _GFCB_RtnPk
                0x000000000601622c                _GFCB_MovePickup
                0x000000000601623c                _GFCB_SetCon
                0x0000000006016264                _GFCB_GetPickup
                0x0000000006016284                _GFCB_IsPuOwner
                0x0000000006016290                _GFCB_UngetPickup
 .text          0x000000000601629c     0x1504 ../sbl/segalib/lib/libsat.a(gfs_cdc.o)
                0x000000000601629c                _GFCD_AllocFilt
                0x00000000060162cc                _GFCD_FreeFilt
                0x00000000060162f4                _GFCD_AllocBuf
                0x0000000006016320                _GFCD_GetBaseFad
                0x000000000601634c                _GFCD_GetPickup
                0x0000000006016370                _GFCD_UngetPickup
                0x0000000006016394                _GFCD_IsPuOwner
                0x00000000060163ac                _GFCD_CheckDelSctData
                0x00000000060163d4                _GFCD_CheckMove
                0x00000000060163ec                _gfcd_isIdleTask
                0x0000000006016450                _GFCD_SetTimer
                0x000000000601645c                _gfcd_checkEflag
                0x0000000006016478                _gfcd_initCdbMng
                0x00000000060164e0                _gfcd_setStat
                0x0000000006016504                _GFCD_GetFilt
                0x0000000006016548                _GFCD_EndData
                0x000000000601658c                _GFCD_GetSctInfo
                0x00000000060165d0                _GFCD_GetFileInfo
                0x0000000006016698                _GFCD_GetBufSiz
                0x00000000060166c8                _gfcd_doSetFiltTsk
                0x0000000006016834                _GFCD_SetFilt
                0x00000000060168cc                _gfcd_doSetConTsk
                0x0000000006016944                _GFCD_SetCon
                0x0000000006016990                _gfcd_doGetLenDataTsk
                0x0000000006016a90                _GFCD_GetLenData
                0x0000000006016ad4                _gfcd_doReqDataTsk
                0x0000000006016b48                _GFCD_ReqData
                0x0000000006016b90                _gfcd_doDelSctDataTsk
                0x0000000006016c9c                _GFCD_DelSctData
                0x0000000006016ce8                _gfcd_doMoveSctTsk
                0x0000000006016e04                _GFCD_MoveSctData
                0x0000000006016e60                _gfcd_doSetFiltConTsk
                0x0000000006016f5c                _GFCD_SetFiltCon
                0x0000000006017054                _GFCD_SetCsctFunc
                0x0000000006017064                _GFCD_WaitScdqFlag
                0x00000000060170a8                _GFCD_GetStat
                0x0000000006017118                _GFCD_Init
                0x0000000006017300                _GFCD_Play
                0x0000000006017350                _GFCD_MovePickup
                0x0000000006017398                _gfcd_doChgDirTsk
                0x000000000601753c                _GFCD_ChgDir
                0x00000000060175a4                _gfcd_doTask
                0x0000000006017614                _GFCD_ExecServer
                0x00000000060176f0                _GFCD_FreeBuf
                0x000000000601776c                _GFCD_WaitServer
 .text          0x00000000060177a0      0x600 ../sbl/segalib/lib/libsat.a(gfs_cdf.o)
                0x00000000060177a0                _GFCF_Init
                0x00000000060177f8                _GFCF_SetSct
                0x0000000006017824                _GFCF_GetFileInfo
                0x0000000006017882                _GFCF_Recover
                0x00000000060178c4                _GFCF_Tell
                0x00000000060178d0                _GFCF_Seek
                0x00000000060178dc                _GFCF_cnvIntlvOfs
                0x0000000006017910                _GFCF_GetStat
                0x000000000601795c                _GFCF_StopInBuf
                0x00000000060179d4                _GFCF_MovePickup
                0x0000000006017a58                _gfcf_getSctSize
                0x0000000006017a90                _GFCF_Setup
                0x0000000006017b48                _gfcf_isCdOk
                0x0000000006017b94                _gfcf_getPlayRange
                0x0000000006017c9c                _GFCF_FlowInBuf
 .text          0x0000000006017da0      0x7e8 ../sbl/segalib/lib/libsat.a(gfs_dir.o)
                0x0000000006017da0                _GFDR_NameToId
                0x0000000006017df0                _GFDR_GetInfoDirId
                0x0000000006017dfc                _GFDR_GetInfoDirName
                0x0000000006017e08                _GFDR_GetAtrDirId
                0x0000000006017e18                _GFDR_GetAtrDirName
                0x0000000006017e28                _GFDR_ChgDir
                0x0000000006017e98                _GFDR_ChgRoot
                0x0000000006017ea4                _gfdr_open
                0x0000000006017ec4                _gfdr_read
                0x0000000006017f7c                _gfdr_readByte
                0x0000000006017fa4                _gfdr_readWord
                0x0000000006017fcc                _gfdr_readWordNB
                0x0000000006018018                _gfdr_readLongNB
                0x0000000006018060                _gfdr_readLongNM
                0x0000000006018080                _gfdr_setNextRec
                0x00000000060180fc                _gfdr_readDirEnt
                0x00000000060183e4                _gfdr_setDirrecCd
                0x0000000006018402                _gfdr_setupDirIdTbl
                0x0000000006018478                _gfdr_setupDirNameTbl
                0x0000000006018518                _GFDR_SetupDirTbl
 .text          0x0000000006018588      0x818 ../sbl/segalib/lib/libsat.a(gfs_trn.o)
                0x0000000006018588                _gftr_reqScu
                0x000000000601858c                _gftr_remCpu
                0x0000000006018590                _gftr_execScu
                0x0000000006018610                _gftr_remScu
                0x0000000006018630                _gftr_reqDma0
                0x0000000006018634                _gftr_reqDma1
                0x0000000006018638                _gftr_reqCpu
                0x000000000601863c                _GFTR_Setup
                0x0000000006018662                _GFTR_SetMode
                0x000000000601866e                _GFTR_SetUnit
                0x0000000006018672                _GFTR_SetTransPara
                0x0000000006018684                _GFTR_GetTransPara
                0x0000000006018688                _GFTR_GetNumTrans
                0x000000000601868c                _GFTR_SetTransMax
                0x0000000006018692                _GFTR_Start
                0x0000000006018698                _GFTR_Pause
                0x000000000601869e                _gfdma_canUse
                0x00000000060186a2                _gfdma_exec
                0x000000000601877c                _gftr_execSdma0
                0x00000000060187a0                _gftr_execSdma1
                0x00000000060187c4                _gftr_reqTrn
                0x0000000006018818                _gftr_execTrn
                0x00000000060188e4                _gftr_remTrn
                0x0000000006018944                _gftr_copyFrac
                0x0000000006018968                _gfdma_getBytecnt
                0x0000000006018998                _gftr_remDma0
                0x00000000060189a4                _gftr_remDma1
                0x00000000060189b0                _gftr_execCpu
                0x00000000060189fc                _GFTR_GetLenData
                0x0000000006018a00                _GFTR_GetLenRoom
                0x0000000006018a0e                _gftr_getSrcPack
                0x0000000006018a90                _GFTR_Idle
                0x0000000006018b00                _GFTR_GetDstPack
                0x0000000006018b2c                _gftr_getDstPack
                0x0000000006018b6c                _gftr_execSub
                0x0000000006018c74                _GFTR_Exec
                0x0000000006018ccc                _GFTR_Stop
                0x0000000006018d6c                _GFTR_RtnDstPk
                0x0000000006018d7a                _GFTR_GetData
                0x0000000006018d88                _GFTR_SetData
                0x0000000006018d94                _GFTR_SetTransFunc
 .text          0x0000000006018da0       0x24 ../sbl/segalib/lib/libsat.a(mth_rand.o)
                0x0000000006018da0                _MTH_InitialRand
                0x0000000006018dac                _MTH_GetRand
 .text          0x0000000006018dc4       0x78 ../sbl/segalib/lib/libsat.a(mth_fixd.o)
                0x0000000006018dc4                _MTH_Mul
                0x0000000006018dd8                _MTH_Div
                0x0000000006018dec                _MTH_IntToFixed
                0x0000000006018df4                _MTH_FixedToInt
                0x0000000006018dfc                _MTH_Product
 .text          0x0000000006018e3c      0x5d4 ../sbl/segalib/lib/libsat.a(mth_tri.o)
                0x0000000006018e3c                _MTH_Sin
                0x0000000006018e7c                _MTH_Cos
                0x0000000006018ec0                _fcos
                0x0000000006018ec6                _fsin
                0x0000000006019058                _MTH_Atan
 .text          0x0000000006019410      0xf58 ../sbl/segalib/lib/libsat.a(per_prt.o)
                0x0000000006019810                _PER_IntFunc
                0x000000000601a0c0                _PER_Init
                0x000000000601a268                _PER_GetPer
 .text          0x000000000601a368      0xcbc ../sbl/segalib/lib/libsat.a(spr_2c.o)
                0x000000000601a368                _SPR_2SetTvMode
                0x000000000601a378                _SPR_2FrameChgIntr
                0x000000000601a38c                _SPR_2FrameEraseData
                0x000000000601a3cc                _SPR_2SetGourTbl
                0x000000000601a3fc                _SPR_2SetLookupTbl
                0x000000000601a418                _SPR_2SetChar
                0x000000000601a544                _SPR_2ClrChar
                0x000000000601a64c                _SPR_2ClrAllChar
                0x000000000601a698                _SPR_2Initial
                0x000000000601a7ec                _SPR_2GourTblNoToVram
                0x000000000601a808                _SPR_2LookupTblNoToVram
                0x000000000601a818                _SPR_2CharNoToVram
                0x000000000601a82c                _SPR_2GetAreaSizeInfo
                0x000000000601a88c                _SPR_2OpenCommand
                0x000000000601a924                _SPR_2FlushDrawPrty
                0x000000000601a964                _SPR_2CloseCommand
                0x000000000601aa84                _SPR_2LocalCoord
                0x000000000601aadc                _SPR_2SysClip
                0x000000000601ab24                _SPR_2UserClip
                0x000000000601ab74                _SPR_2Line
                0x000000000601ac10                _SPR_2PolyLine
                0x000000000601acb0                _SPR_2Polygon
                0x000000000601ad50                _SPR_2NormSpr
                0x000000000601ae1c                _SPR_2ScaleSpr
                0x000000000601af04                _SPR_2DistSpr
                0x000000000601afdc                _SPR_2Cmd
 .text          0x000000000601b024      0x754 ../sbl/segalib/lib/libsat.a(scl_func.o)
                0x000000000601b024                _SCL_ParametersInit
                0x000000000601b110                _SCL_Vdp2Init
                0x000000000601b178                _SCL_Open
                0x000000000601b194                _SCL_Close
                0x000000000601b1a8                _SCL_MoveTo
                0x000000000601b29c                _SCL_Move
                0x000000000601b3c8                _SCL_Scale
                0x000000000601b4cc                _SCL_Memcpyw
                0x000000000601b4e0                _SCL_CopyReg
                0x000000000601b5c0                _SCL_SetColRamMode
                0x000000000601b610                _SCL_PriIntProc
                0x000000000601b70c                _SCL_ScrollShow
 .text          0x000000000601b778      0x384 ../sbl/segalib/lib/libsat.a(scl_fu02.o)
                0x000000000601b778                _SCL_InitVramConfigTb
                0x000000000601b786                _SCL_SetVramConfig
 .text          0x000000000601bafc      0x62c ../sbl/segalib/lib/libsat.a(scl_fu03.o)
                0x000000000601bafc                _SCL_InitConfigTb
                0x000000000601bb14                _SCL_SetConfig
 .text          0x000000000601c128       0x18 ../sbl/segalib/lib/libsat.a(scl_fu04.o)
                0x000000000601c128                _SCL_SetCycleTable
 .text          0x000000000601c140      0xf30 ../sbl/segalib/lib/libsat.a(scl_pri.o)
                0x000000000601c140                _SCL_PriorityInit
                0x000000000601c6ec                _SCL_GetColRamMode
                0x000000000601c70c                _SCL_AbortAutoVe
                0x000000000601c718                _SCL_SetColMixRate
                0x000000000601ca80                _SCL_IncColOffset
                0x000000000601caf4                _SCL_AutoExec
                0x000000000601cf20                _SCL_SetShadowBit
 .text          0x000000000601d070      0xe38 ../sbl/segalib/lib/libsat.a(scl_ro00.o)
                0x000000000601d194                _SCL_InitRotateTable
                0x000000000601d3dc                _SCL_RotateZD
                0x000000000601d51c                _SCL_Rotate
 .text          0x000000000601dea8       0x74 ../sbl/segalib/lib/libsat.a(scl_back.o)
                0x000000000601dea8                _SCL_SetBack
 .text          0x000000000601df1c      0x264 ../sbl/segalib/lib/libsat.a(scl_vblv.o)
                0x000000000601df1c                _SCL_SetFrameInterval
                0x000000000601df94                _SCL_DisplayFrame
                0x000000000601dfc0                _SCL_VblInit
                0x000000000601e008                _SCL_VblankStart
                0x000000000601e0d8                _SCL_VblankEnd
 .text          0x000000000601e180       0x54 ../sbl/segalib/lib/libsat.a(scl_pr01.o)
                0x000000000601e180                _SCL_SetSpriteMode
 .text          0x000000000601e1d4       0x90 ../sbl/segalib/lib/libsat.a(scl_pr02.o)
                0x000000000601e1d4                _SCL_SetColRam
 .text          0x000000000601e264      0x10c ../sbl/segalib/lib/libsat.a(scl_pr03.o)
                0x000000000601e264                _SCL_FreeColRam
                0x000000000601e28c                _SCL_AllocColRam
 .text          0x000000000601e370       0xac ../sbl/segalib/lib/libsat.a(scl_pr05.o)
                0x000000000601e370                _SCL_GetColRamOffset
 .text          0x000000000601e41c      0x180 ../sbl/segalib/lib/libsat.a(scl_pr06.o)
                0x000000000601e41c                _SCL_SetColRamOffset
 .text          0x000000000601e59c      0x1c8 ../sbl/segalib/lib/libsat.a(scl_pr07.o)
                0x000000000601e59c                _SCL_SetPriority
 .text          0x000000000601e764      0x234 ../sbl/segalib/lib/libsat.a(cdc_reg.o)
                0x000000000601e764                _CDC_GetDataPtr
                0x000000000601e770                _CDC_GetHirqReq
                0x000000000601e77c                _CDC_ClrHirqReq
                0x000000000601e79c                _CDREG_ClrHirqReq
                0x000000000601e7a8                _CDREG_InitHirqReq
                0x000000000601e7c0                _CDREG_SetHirqFlag
                0x000000000601e7d0                _CDC_GetHirqMsk
                0x000000000601e7dc                _CDC_SetHirqMsk
                0x000000000601e7e8                _CDC_GetMpegPtr
                0x000000000601e7f4                _CDREG_TgetData
                0x000000000601e850                _CDREG_WaitHirq
                0x000000000601e878                _writeCmd
                0x000000000601e898                _CDREG_ReadRsp
                0x000000000601e8bc                _doCmdRsp
                0x000000000601e964                _CDREG_CmdRsp
 .text          0x000000000601e998       0xf4 ../sbl/segalib/lib/libsat.a(cdc_sub.o)
                0x000000000601e998                _CDSUB_GetCdstat
                0x000000000601e9cc                _CDSUB_RspToCdstat
                0x000000000601e9fe                _CDSUB_CdCmd
                0x000000000601ea60                _CDSUB_UpdStatus
                0x000000000601ea6c                _CDSUB_UpdCdstat
                0x000000000601ea88                _CDSUB_SoftTimer
 .text          0x000000000601ea8c       0xb4 ../sbl/segalib/lib/libsat.a(cdc_dev.o)
                0x000000000601ea8c                _CDC_CdSetCon
                0x000000000601eac0                _CDC_CdGetCon
                0x000000000601eb00                _CDC_CdGetLastBuf
 .text          0x000000000601eb40      0x290 ../sbl/segalib/lib/libsat.a(cdc_sel.o)
                0x000000000601eb40                _CDC_SetFiltRange
                0x000000000601eb7c                _CDC_GetFiltRange
                0x000000000601ebe8                _CDC_SetFiltSubh
                0x000000000601ec38                _CDC_GetFiltSubh
                0x000000000601ec9c                _CDC_SetFiltMode
                0x000000000601ecd0                _CDC_GetFiltMode
                0x000000000601ed10                _CDC_SetFiltCon
                0x000000000601ed48                _CDC_GetFiltCon
                0x000000000601ed9c                _CDC_ResetSelector
 .text          0x000000000601edd0      0x234 ../sbl/segalib/lib/libsat.a(cdc_bif.o)
                0x000000000601edd0                _CDC_GetBufSiz
                0x000000000601ee28                _CDC_GetSctNum
                0x000000000601ee70                _CDC_CalActSiz
                0x000000000601eea0                _chkEselUpdStatus
                0x000000000601eed4                _CDC_GetActSiz
                0x000000000601ef18                _CDC_GetSctInfo
                0x000000000601ef70                _CDC_ExeFadSearch
                0x000000000601efa4                _CDC_GetFadSearch
 .text          0x000000000601f004      0x190 ../sbl/segalib/lib/libsat.a(cdc_bio.o)
                0x000000000601f004                _CDC_SetSctLen
                0x000000000601f034                _CDC_GetSctData
                0x000000000601f064                _CDC_DelSctData
                0x000000000601f094                _CDC_GetdelSctData
                0x000000000601f0c4                _CDC_PutSctData
                0x000000000601f0f4                _CDC_CopySctData
                0x000000000601f128                _CDC_MoveSctData
                0x000000000601f15c                _CDC_GetCopyErr
 .text          0x000000000601f194      0x1a4 ../sbl/segalib/lib/libsat.a(cdc_cfs.o)
                0x000000000601f194                _CDC_ChgDir
                0x000000000601f1cc                _CDC_ReadDir
                0x000000000601f204                _CDC_GetFileScope
                0x000000000601f264                _CDC_TgetFileInfo
                0x000000000601f2bc                _CDC_ReadFile
                0x000000000601f2fc                _CDC_AbortFile
 .text          0x000000000601f338       0xb0 ../sbl/segalib/lib/libsat.a(csh_main.o)
                0x000000000601f338                _CSH_Init
                0x000000000601f384                _CSH_AllClr
                0x000000000601f3c4                _CSH_Purge
 .text          0x000000000601f3e8      0x13c ../sbl/segalib/lib/libsat.a(dma_cpu0.o)
                0x000000000601f3e8                _DMA_CpuSetComPrm
                0x000000000601f420                _DMA_CpuSetPrm
                0x000000000601f4d4                _DMA_CpuStart
                0x000000000601f4e4                _DMA_CpuStop
                0x000000000601f4f6                _DMA_CpuAllStop
                0x000000000601f504                _DMA_CpuGetComStatus
                0x000000000601f516                _DMA_CpuGetStatus
 .text          0x000000000601f524      0x274 ../sbl/segalib/lib/libsat.a(dma_scu0.o)
                0x000000000601f524                _DMA_ScuIntFunc0
                0x000000000601f584                _DMA_ScuIntFunc1
                0x000000000601f5e8                _DMA_ScuIntFunc2
                0x000000000601f64c                _DMA_ScuSetPrm
                0x000000000601f6b4                _DMA_ScuStart
                0x000000000601f76c                _DMA_ScuGetStatus
 .text          0x000000000601f798      0x240 ../sbl/segalib/lib/libsat.a(spr_1c.o)
                0x000000000601f798                _SPR_SetTvMode
                0x000000000601f814                _SPR_GetStatus
                0x000000000601f868                _SPR_SetEraseData
                0x000000000601f900                _SPR_Initial
                0x000000000601f9b4                _SPR_WaitDrawEnd
                0x000000000601f9c4                _SPR_SetEosMode
 .text          0x000000000601f9d8      0x16c ../sbl/segalib/lib/libsat.a(spr_2a.o)
                0x000000000601f9d8                _SPR_2SetDrawPrty
                0x000000000601fa48                _SPR_2FlushDrawPrtyBlock
 .text          0x000000000601fb44       0x52 /opt/toolchains/sh-elf/bin/../lib/gcc/sh-elf/11.1.0/libgcc.a(_ashiftrt.o)
                0x000000000601fb44                ___ashiftrt_r4_31
                0x000000000601fb44                ___ashiftrt_r4_32
                0x000000000601fb4a                ___ashiftrt_r4_30
                0x000000000601fb4c                ___ashiftrt_r4_29
                0x000000000601fb4e                ___ashiftrt_r4_28
                0x000000000601fb50                ___ashiftrt_r4_27
                0x000000000601fb52                ___ashiftrt_r4_26
                0x000000000601fb54                ___ashiftrt_r4_25
                0x000000000601fb56                ___ashiftrt_r4_24
                0x000000000601fb5e                ___ashiftrt_r4_23
                0x000000000601fb60                ___ashiftrt_r4_22
                0x000000000601fb62                ___ashiftrt_r4_21
                0x000000000601fb64                ___ashiftrt_r4_20
                0x000000000601fb66                ___ashiftrt_r4_19
                0x000000000601fb68                ___ashiftrt_r4_18
                0x000000000601fb6a                ___ashiftrt_r4_17
                0x000000000601fb6c                ___ashiftrt_r4_16
                0x000000000601fb72                ___ashiftrt_r4_15
                0x000000000601fb74                ___ashiftrt_r4_14
                0x000000000601fb76                ___ashiftrt_r4_13
                0x000000000601fb78                ___ashiftrt_r4_12
                0x000000000601fb7a                ___ashiftrt_r4_11
                0x000000000601fb7c                ___ashiftrt_r4_10
                0x000000000601fb7e                ___ashiftrt_r4_9
                0x000000000601fb80                ___ashiftrt_r4_8
                0x000000000601fb82                ___ashiftrt_r4_7
                0x000000000601fb84                ___ashiftrt_r4_6
                0x000000000601fb86                ___ashiftrt_r4_5
                0x000000000601fb88                ___ashiftrt_r4_4
                0x000000000601fb8a                ___ashiftrt_r4_3
                0x000000000601fb8c                ___ashiftrt_r4_2
                0x000000000601fb8e                ___ashiftrt_r4_1
                0x000000000601fb92                ___ashiftrt_r4_0
 *fill*         0x000000000601fb96        0x2 
 .text          0x000000000601fb98       0x80 /opt/toolchains/sh-elf/bin/../lib/gcc/sh-elf/11.1.0/libgcc.a(_ashiftrt_n.o)
                0x000000000601fb98                ___ashrsi3
 .text          0x000000000601fc18       0xbc /opt/toolchains/sh-elf/bin/../lib/gcc/sh-elf/11.1.0/libgcc.a(_ashiftlt.o)
                0x000000000601fc18                ___ashlsi3
                0x000000000601fc1c                ___ashlsi3_r0
 .text          0x000000000601fcd4       0x78 /opt/toolchains/sh-elf/bin/../lib/gcc/sh-elf/11.1.0/libgcc.a(_movmem.o)
                0x000000000601fcd4                ___movmem
                0x000000000601fcd4                ___movstr
                0x000000000601fd08                ___movmemSI64
                0x000000000601fd08                ___movstrSI64
                0x000000000601fd0c                ___movmemSI60
                0x000000000601fd0c                ___movstrSI60
                0x000000000601fd10                ___movstrSI56
                0x000000000601fd10                ___movmemSI56
                0x000000000601fd14                ___movmemSI52
                0x000000000601fd14                ___movstrSI52
                0x000000000601fd18                ___movstrSI48
                0x000000000601fd18                ___movmemSI48
                0x000000000601fd1c                ___movmemSI44
                0x000000000601fd1c                ___movstrSI44
                0x000000000601fd20                ___movstrSI40
                0x000000000601fd20                ___movmemSI40
                0x000000000601fd24                ___movstrSI36
                0x000000000601fd24                ___movmemSI36
                0x000000000601fd28                ___movstrSI32
                0x000000000601fd28                ___movmemSI32
                0x000000000601fd2c                ___movmemSI28
                0x000000000601fd2c                ___movstrSI28
                0x000000000601fd30                ___movmemSI24
                0x000000000601fd30                ___movstrSI24
                0x000000000601fd34                ___movmemSI20
                0x000000000601fd34                ___movstrSI20
                0x000000000601fd38                ___movstrSI16
                0x000000000601fd38                ___movmemSI16
                0x000000000601fd3c                ___movmemSI12
                0x000000000601fd3c                ___movstrSI12
                0x000000000601fd40                ___movstrSI8
                0x000000000601fd40                ___movmemSI8
                0x000000000601fd44                ___movstrSI4
                0x000000000601fd44                ___movmemSI4
 .text          0x000000000601fd4c       0xa0 /opt/toolchains/sh-elf/bin/../lib/gcc/sh-elf/11.1.0/libgcc.a(_sdivsi3.o)
                0x000000000601fd4c                ___sdivsi3
 .text          0x000000000601fdec       0x6c /opt/toolchains/sh-elf/bin/../lib/gcc/sh-elf/11.1.0/libgcc.a(_udivsi3.o)
                0x000000000601fe0e                ___udivsi3
 .text          0x000000000601fe58      0x208 /opt/toolchains/sh-elf/bin/../lib/gcc/sh-elf/11.1.0/libgcc.a(_mul_df.o)
                0x000000000601fe58                ___muldf3
 .text          0x0000000006020060       0xa8 /opt/toolchains/sh-elf/bin/../lib/gcc/sh-elf/11.1.0/libgcc.a(_si_to_df.o)
                0x0000000006020060                ___floatsidf
 .text          0x0000000006020108       0xa0 /opt/toolchains/sh-elf/bin/../lib/gcc/sh-elf/11.1.0/libgcc.a(_df_to_si.o)
                0x0000000006020108                ___fixdfsi
 .text          0x00000000060201a8        0x0 /opt/toolchains/sh-elf/bin/../lib/gcc/sh-elf/11.1.0/libgcc.a(_thenan_df.o)
 .text          0x00000000060201a8       0xbc /opt/toolchains/sh-elf/bin/../lib/gcc/sh-elf/11.1.0/libgcc.a(_lshiftrt.o)
                0x00000000060201a8                ___lshrsi3
                0x00000000060201ac                ___lshrsi3_r0
 .text          0x0000000006020264       0x74 /opt/toolchains/sh-elf/bin/../lib/gcc/sh-elf/11.1.0/libgcc.a(_clzsi2.o)
                0x0000000006020264                ___clzsi2
 .text          0x00000000060202d8      0x29c /opt/toolchains/sh-elf/bin/../lib/gcc/sh-elf/11.1.0/libgcc.a(_pack_df.o)
                0x00000000060202d8                ___pack_d
 .text          0x0000000006020574       0xcc /opt/toolchains/sh-elf/bin/../lib/gcc/sh-elf/11.1.0/libgcc.a(_unpack_df.o)
                0x0000000006020574                ___unpack_d
 .text          0x0000000006020640        0x0 /opt/toolchains/sh-elf/bin/../lib/gcc/sh-elf/11.1.0/libgcc.a(_clz.o)
 .text          0x0000000006020640       0x64 /opt/toolchains/sh-elf/bin/../lib/gcc/sh-elf/11.1.0/../../../../sh-elf/lib/libc.a(lib_a-memcmp.o)
                0x0000000006020640                _memcmp
 .text          0x00000000060206a4       0x94 /opt/toolchains/sh-elf/bin/../lib/gcc/sh-elf/11.1.0/../../../../sh-elf/lib/libc.a(lib_a-memcpy.o)
                0x00000000060206a4                _memcpy
 .text          0x0000000006020738       0xcc /opt/toolchains/sh-elf/bin/../lib/gcc/sh-elf/11.1.0/../../../../sh-elf/lib/libc.a(lib_a-memmove.o)
                0x0000000006020738                _memmove
 .text          0x0000000006020804       0x40 /opt/toolchains/sh-elf/bin/../lib/gcc/sh-elf/11.1.0/../../../../sh-elf/lib/libc.a(lib_a-memset.o)
                0x0000000006020804                _memset
 .text          0x0000000006020844       0x3c /opt/toolchains/sh-elf/bin/../lib/gcc/sh-elf/11.1.0/../../../../sh-elf/lib/libc.a(lib_a-strcpy.o)
                0x0000000006020844                _strcpy
 .text          0x0000000006020880       0xd0 /opt/toolchains/sh-elf/bin/../lib/gcc/sh-elf/11.1.0/../../../../sh-elf/lib/libc.a(lib_a-strncmp.o)
                0x0000000006020880                _strncmp
 .text          0x0000000006020950       0xd4 /opt/toolchains/sh-elf/bin/../lib/gcc/sh-elf/11.1.0/../../../../sh-elf/lib/libc.a(lib_a-strncpy.o)
                0x0000000006020950                _strncpy
 *(.rodata*)
 .rodata        0x0000000006020a24      0x100 crc.o
 .rodata        0x0000000006020b24       0x23 game.o
 *fill*         0x0000000006020b47        0x1 
 .rodata        0x0000000006020b48      0x409 pcmsys.o
 *fill*         0x0000000006020f51        0x3 
 .rodata        0x0000000006020f54        0x9 print.o
 *fill*         0x0000000006020f5d        0x3 
 .rodata        0x0000000006020f60       0x3f sound.o
 *fill*         0x0000000006020f9f        0x1 
 .rodata        0x0000000006020fa0        0x6 main.o
 *fill*         0x0000000006020fa6        0x2 
 .rodata        0x0000000006020fa8        0xa ../sbl/segalib/lib/libsat.a(gfs.o)
 *fill*         0x0000000006020fb2        0x2 
 .rodata        0x0000000006020fb4       0x30 ../sbl/segalib/lib/libsat.a(gfs_buf.o)
 .rodata        0x0000000006020fe4       0x2d ../sbl/segalib/lib/libsat.a(gfs_cdf.o)
 *fill*         0x0000000006021011        0x3 
 .rodata.str1.4
                0x0000000006021014        0x7 ../sbl/segalib/lib/libsat.a(gfs_dir.o)
 *fill*         0x000000000602101b        0x1 
 .rodata        0x000000000602101c       0x30 ../sbl/segalib/lib/libsat.a(gfs_trn.o)
 .rodata        0x000000000602104c        0xc ../sbl/segalib/lib/libsat.a(dma_scu0.o)
 .rodata        0x0000000006021058       0x20 ../sbl/segalib/lib/libsat.a(spr_1c.o)
 .rodata        0x0000000006021078       0x14 /opt/toolchains/sh-elf/bin/../lib/gcc/sh-elf/11.1.0/libgcc.a(_thenan_df.o)
                0x0000000006021078                ___thenan_df
 .rodata        0x000000000602108c      0x100 /opt/toolchains/sh-elf/bin/../lib/gcc/sh-elf/11.1.0/libgcc.a(_clz.o)
                0x000000000602108c                ___clz_tab
 *(.strings)
                0x0000000006021190                . = ALIGN (0x10)
 *fill*         0x000000000602118c        0x4 
                0x0000000006021190                _etext = ABSOLUTE (.)

.tors           0x0000000006021190        0x0
                0x0000000006021190                ___ctors = .
 *(.ctors)
                0x0000000006021190                ___ctors_end = .
                0x0000000006021190                ___dtors = .
 *(.dtors)
                0x0000000006021190                ___dtors_end = .
                0x0000000006021190                . = ALIGN (0x10)
                0x0000000006021190                _etors = ABSOLUTE (.)

.data           0x0000000006021190      0x7a0
 *(.data)
 .data          0x0000000006021190        0x0 entry.o
 .data          0x0000000006021190        0x0 stack.o
 .data          0x0000000006021190        0x0 vblank.o
 .data          0x0000000006021190        0x0 cd.o
 .data          0x0000000006021190        0x0 crc.o
 .data          0x0000000006021190        0x0 devcart.o
 .data          0x0000000006021190        0x0 game.o
 .data          0x0000000006021190        0xc pcmsys.o
                0x0000000006021190                _m68k_com
                0x0000000006021194                _scsp_load
                0x0000000006021198                _master_volume
 .data          0x000000000602119c      0x700 piece.o
                0x000000000602119c                _pieces
 .data          0x000000000602189c        0x0 print.o
 .data          0x000000000602189c        0x0 rng.o
 .data          0x000000000602189c       0x50 scroll.o
                0x000000000602189c                _vram
                0x00000000060218ac                _charOffsets
                0x00000000060218bc                _cycleTbLoRes
                0x00000000060218cc                _cycleTbHiRes
                0x00000000060218dc                _cycleTbBitmap
 .data          0x00000000060218ec        0x0 sound.o
 .data          0x00000000060218ec       0x18 sprite.o
 .data          0x0000000006021904        0x0 main.o
 .data          0x0000000006021904        0x0 ../sbl/segalib/lib/libsat.a(cdc_cmn.o)
 .data          0x0000000006021904        0x0 ../sbl/segalib/lib/libsat.a(cdc_drv.o)
 .data          0x0000000006021904        0x0 ../sbl/segalib/lib/libsat.a(gfs.o)
 .data          0x0000000006021904        0x0 ../sbl/segalib/lib/libsat.a(gfs_buf.o)
 .data          0x0000000006021904        0x0 ../sbl/segalib/lib/libsat.a(gfs_cdb.o)
 .data          0x0000000006021904        0x0 ../sbl/segalib/lib/libsat.a(gfs_cdc.o)
 .data          0x0000000006021904        0x0 ../sbl/segalib/lib/libsat.a(gfs_cdf.o)
 .data          0x0000000006021904        0x0 ../sbl/segalib/lib/libsat.a(gfs_dir.o)
 .data          0x0000000006021904        0x0 ../sbl/segalib/lib/libsat.a(gfs_trn.o)
 .data          0x0000000006021904        0x0 ../sbl/segalib/lib/libsat.a(mth_rand.o)
 .data          0x0000000006021904        0x0 ../sbl/segalib/lib/libsat.a(mth_fixd.o)
 .data          0x0000000006021904        0x0 ../sbl/segalib/lib/libsat.a(mth_tri.o)
 .data          0x0000000006021904        0x3 ../sbl/segalib/lib/libsat.a(per_prt.o)
 .data          0x0000000006021907        0x0 ../sbl/segalib/lib/libsat.a(spr_2c.o)
 *fill*         0x0000000006021907        0x1 
 .data          0x0000000006021908        0x6 ../sbl/segalib/lib/libsat.a(scl_func.o)
                0x0000000006021908                _SclRotateTableMode
                0x000000000602190a                _SclDisplayY
                0x000000000602190c                _SclDisplayX
 .data          0x000000000602190e        0x0 ../sbl/segalib/lib/libsat.a(scl_fu02.o)
 .data          0x000000000602190e        0x0 ../sbl/segalib/lib/libsat.a(scl_fu03.o)
 .data          0x000000000602190e        0x0 ../sbl/segalib/lib/libsat.a(scl_fu04.o)
 *fill*         0x000000000602190e        0x2 
 .data          0x0000000006021910       0x18 ../sbl/segalib/lib/libsat.a(scl_pri.o)
                0x0000000006021910                _SclRealColOffset
                0x0000000006021914                _SclRealBgColMix
                0x0000000006021918                _SclRealSpColMix
                0x000000000602191c                _SclRealBgPriNum
                0x0000000006021920                _SclRealSpPriNum
                0x0000000006021924                _SclRealOtherPri
 .data          0x0000000006021928        0x0 ../sbl/segalib/lib/libsat.a(scl_ro00.o)
 .data          0x0000000006021928        0x0 ../sbl/segalib/lib/libsat.a(scl_back.o)
 .data          0x0000000006021928        0x8 ../sbl/segalib/lib/libsat.a(scl_vblv.o)
                0x0000000006021928                _VBInterval
                0x000000000602192c                _SpFrameEraseMode
 .data          0x0000000006021930        0x0 ../sbl/segalib/lib/libsat.a(scl_pr01.o)
 .data          0x0000000006021930        0x0 ../sbl/segalib/lib/libsat.a(scl_pr02.o)
 .data          0x0000000006021930        0x0 ../sbl/segalib/lib/libsat.a(scl_pr03.o)
 .data          0x0000000006021930        0x0 ../sbl/segalib/lib/libsat.a(scl_pr05.o)
 .data          0x0000000006021930        0x0 ../sbl/segalib/lib/libsat.a(scl_pr06.o)
 .data          0x0000000006021930        0x0 ../sbl/segalib/lib/libsat.a(scl_pr07.o)
 .data          0x0000000006021930        0x0 ../sbl/segalib/lib/libsat.a(cdc_reg.o)
 .data          0x0000000006021930        0x0 ../sbl/segalib/lib/libsat.a(cdc_sub.o)
 .data          0x0000000006021930        0x0 ../sbl/segalib/lib/libsat.a(cdc_dev.o)
 .data          0x0000000006021930        0x0 ../sbl/segalib/lib/libsat.a(cdc_sel.o)
 .data          0x0000000006021930        0x0 ../sbl/segalib/lib/libsat.a(cdc_bif.o)
 .data          0x0000000006021930        0x0 ../sbl/segalib/lib/libsat.a(cdc_bio.o)
 .data          0x0000000006021930        0x0 ../sbl/segalib/lib/libsat.a(cdc_cfs.o)
 .data          0x0000000006021930        0x0 ../sbl/segalib/lib/libsat.a(csh_main.o)
 .data          0x0000000006021930        0x0 ../sbl/segalib/lib/libsat.a(dma_cpu0.o)
 .data          0x0000000006021930        0x0 ../sbl/segalib/lib/libsat.a(dma_scu0.o)
 .data          0x0000000006021930        0x0 ../sbl/segalib/lib/libsat.a(spr_1c.o)
 .data          0x0000000006021930        0x0 ../sbl/segalib/lib/libsat.a(spr_2a.o)
 .data          0x0000000006021930        0x0 /opt/toolchains/sh-elf/bin/../lib/gcc/sh-elf/11.1.0/libgcc.a(_ashiftrt.o)
 .data          0x0000000006021930        0x0 /opt/toolchains/sh-elf/bin/../lib/gcc/sh-elf/11.1.0/libgcc.a(_ashiftrt_n.o)
 .data          0x0000000006021930        0x0 /opt/toolchains/sh-elf/bin/../lib/gcc/sh-elf/11.1.0/libgcc.a(_ashiftlt.o)
 .data          0x0000000006021930        0x0 /opt/toolchains/sh-elf/bin/../lib/gcc/sh-elf/11.1.0/libgcc.a(_movmem.o)
 .data          0x0000000006021930        0x0 /opt/toolchains/sh-elf/bin/../lib/gcc/sh-elf/11.1.0/libgcc.a(_sdivsi3.o)
 .data          0x0000000006021930        0x0 /opt/toolchains/sh-elf/bin/../lib/gcc/sh-elf/11.1.0/libgcc.a(_udivsi3.o)
 .data          0x0000000006021930        0x0 /opt/toolchains/sh-elf/bin/../lib/gcc/sh-elf/11.1.0/libgcc.a(_mul_df.o)
 .data          0x0000000006021930        0x0 /opt/toolchains/sh-elf/bin/../lib/gcc/sh-elf/11.1.0/libgcc.a(_si_to_df.o)
 .data          0x0000000006021930        0x0 /opt/toolchains/sh-elf/bin/../lib/gcc/sh-elf/11.1.0/libgcc.a(_df_to_si.o)
 .data          0x0000000006021930        0x0 /opt/toolchains/sh-elf/bin/../lib/gcc/sh-elf/11.1.0/libgcc.a(_thenan_df.o)
 .data          0x0000000006021930        0x0 /opt/toolchains/sh-elf/bin/../lib/gcc/sh-elf/11.1.0/libgcc.a(_lshiftrt.o)
 .data          0x0000000006021930        0x0 /opt/toolchains/sh-elf/bin/../lib/gcc/sh-elf/11.1.0/libgcc.a(_clzsi2.o)
 .data          0x0000000006021930        0x0 /opt/toolchains/sh-elf/bin/../lib/gcc/sh-elf/11.1.0/libgcc.a(_pack_df.o)
 .data          0x0000000006021930        0x0 /opt/toolchains/sh-elf/bin/../lib/gcc/sh-elf/11.1.0/libgcc.a(_unpack_df.o)
 .data          0x0000000006021930        0x0 /opt/toolchains/sh-elf/bin/../lib/gcc/sh-elf/11.1.0/libgcc.a(_clz.o)
 .data          0x0000000006021930        0x0 /opt/toolchains/sh-elf/bin/../lib/gcc/sh-elf/11.1.0/../../../../sh-elf/lib/libc.a(lib_a-memcmp.o)
 .data          0x0000000006021930        0x0 /opt/toolchains/sh-elf/bin/../lib/gcc/sh-elf/11.1.0/../../../../sh-elf/lib/libc.a(lib_a-memcpy.o)
 .data          0x0000000006021930        0x0 /opt/toolchains/sh-elf/bin/../lib/gcc/sh-elf/11.1.0/../../../../sh-elf/lib/libc.a(lib_a-memmove.o)
 .data          0x0000000006021930        0x0 /opt/toolchains/sh-elf/bin/../lib/gcc/sh-elf/11.1.0/../../../../sh-elf/lib/libc.a(lib_a-memset.o)
 .data          0x0000000006021930        0x0 /opt/toolchains/sh-elf/bin/../lib/gcc/sh-elf/11.1.0/../../../../sh-elf/lib/libc.a(lib_a-strcpy.o)
 .data          0x0000000006021930        0x0 /opt/toolchains/sh-elf/bin/../lib/gcc/sh-elf/11.1.0/../../../../sh-elf/lib/libc.a(lib_a-strncmp.o)
 .data          0x0000000006021930        0x0 /opt/toolchains/sh-elf/bin/../lib/gcc/sh-elf/11.1.0/../../../../sh-elf/lib/libc.a(lib_a-strncpy.o)
                0x0000000006021930                . = ALIGN (0x10)
                0x0000000006021930                _edata = ABSOLUTE (.)

.bss            0x0000000006021930    0x16dc0
                0x0000000006021930                _bss_start = .
 *(.bss)
 .bss           0x0000000006021930        0x0 entry.o
 .bss           0x0000000006021930        0x0 stack.o
 .bss           0x0000000006021930       0x34 vblank.o
                0x0000000006021930                _PadData1
                0x0000000006021932                _PadData1L
                0x0000000006021934                _PadData1E
                0x0000000006021936                _PadData2
                0x0000000006021938                _PadData2L
                0x000000000602193a                _PadData2E
                0x000000000602193c                _PadWorkArea
                0x0000000006021958                _perFlag
                0x000000000602195c                _VblankFlg
                0x0000000006021960                _vblank_frames
 .bss           0x0000000006021964     0x1674 cd.o
 .bss           0x0000000006022fd8        0x0 crc.o
 .bss           0x0000000006022fd8        0x0 devcart.o
 .bss           0x0000000006022fd8      0x394 game.o
                0x0000000006022fd8                _boardVram
 .bss           0x000000000602336c        0x2 pcmsys.o
                0x000000000602336c                _numberPCMs
 .bss           0x000000000602336e        0x0 piece.o
 .bss           0x000000000602336e     0x14a0 print.o
                0x000000000602336e                _text
 *fill*         0x000000000602480e        0x2 
 .bss           0x0000000006024810        0x8 rng.o
 .bss           0x0000000006024818      0x130 scroll.o
                0x0000000006024818                _scfg
 .bss           0x0000000006024948        0x0 sound.o
 .bss           0x0000000006024948    0x125fc sprite.o
                0x0000000006024948                _numSprites
                0x000000000602494c                _tileCount
                0x0000000006024950                _palCnt
                0x0000000006024954                _sprites
 .bss           0x0000000006036f44        0x4 main.o
                0x0000000006036f44                _frame
 .bss           0x0000000006036f48        0x0 ../sbl/segalib/lib/libsat.a(cdc_cmn.o)
 .bss           0x0000000006036f48        0x0 ../sbl/segalib/lib/libsat.a(cdc_drv.o)
 .bss           0x0000000006036f48        0xc ../sbl/segalib/lib/libsat.a(gfs.o)
                0x0000000006036f48                _GFMC_base
                0x0000000006036f4c                _gfs_mng_ptr
                0x0000000006036f50                _bobtest
 .bss           0x0000000006036f54        0x0 ../sbl/segalib/lib/libsat.a(gfs_buf.o)
 .bss           0x0000000006036f54        0x0 ../sbl/segalib/lib/libsat.a(gfs_cdb.o)
 .bss           0x0000000006036f54        0x4 ../sbl/segalib/lib/libsat.a(gfs_cdc.o)
                0x0000000006036f54                _gfcd_work
 .bss           0x0000000006036f58        0x0 ../sbl/segalib/lib/libsat.a(gfs_cdf.o)
 .bss           0x0000000006036f58        0x0 ../sbl/segalib/lib/libsat.a(gfs_dir.o)
 .bss           0x0000000006036f58        0xc ../sbl/segalib/lib/libsat.a(gfs_trn.o)
 .bss           0x0000000006036f64        0x4 ../sbl/segalib/lib/libsat.a(mth_rand.o)
 .bss           0x0000000006036f68        0x0 ../sbl/segalib/lib/libsat.a(mth_fixd.o)
 .bss           0x0000000006036f68        0x0 ../sbl/segalib/lib/libsat.a(mth_tri.o)
 .bss           0x0000000006036f68       0x7f ../sbl/segalib/lib/libsat.a(per_prt.o)
                0x0000000006036f68                _per_set_sys_flg
                0x0000000006036f6c                _per_get_sys_data
                0x0000000006036f78                _per_get_time_adr
                0x0000000006036f7c                _per_hot_res
                0x0000000006036f7d                _per_time_out_flg
 *fill*         0x0000000006036fe7        0x1 
 .bss           0x0000000006036fe8       0x94 ../sbl/segalib/lib/libsat.a(spr_2c.o)
                0x0000000006036fe8                _SpCmdTblR
                0x0000000006036fec                _SpCmdTbl
                0x0000000006036ff0                _SpCrCmdChain
                0x0000000006036ff4                _SpDrawPrtyBlk
                0x0000000006036ff8                _SpCmdChain
                0x0000000006036ffc                _SpCmdChainBlkNo
                0x0000000006037000                _SpDrawPrtyProcFlag
                0x0000000006037004                _SpDrawPrtyTopCmdNo
                0x0000000006037008                _SpCmdNo
                0x000000000603700c                _SpDrawPrtyBlkMax
                0x0000000006037010                _SpCharMax
                0x0000000006037014                _SpCharTbl
                0x0000000006037018                _SpLCoordY
                0x000000000603701c                _SpLCoordX
                0x0000000006037020                _Sp2OpenFlag
 .bss           0x000000000603707c      0xf1c ../sbl/segalib/lib/libsat.a(scl_func.o)
                0x000000000603707c                _SclRPMD
                0x0000000006037080                _SclRotateMoveZ
                0x0000000006037088                _SclRotateDisp
                0x0000000006037090                _SclRotateZ
                0x0000000006037098                _SclRotateXy
                0x00000000060370a0                _SclRotateTableAddress
                0x00000000060370a4                _SclRb
                0x00000000060370a5                _SclRa
                0x00000000060370a6                _SclRotXySw
                0x00000000060370ac                _SclRbgKtbOffset
                0x00000000060370b4                _SclRbgKtbAddr
                0x00000000060370bc                _SclK_TableFlag
                0x00000000060370c0                _SclK_TableNum
                0x00000000060370c8                _SclK_TableBuff
                0x0000000006037d98                _SclRotregBuff
                0x0000000006037e98                _Scl_w_reg
                0x0000000006037eb8                _Scl_r_reg
                0x0000000006037ec8                _Scl_n_reg
                0x0000000006037f08                _Scl_d_reg
                0x0000000006037f50                _Scl_s_reg
                0x0000000006037f78                _SclProcess
                0x0000000006037f7c                _SclCurSclNum
                0x0000000006037f80                _SclLengthCsTbl
                0x0000000006037f82                _SclLengthLsTbl
                0x0000000006037f84                _SclAddrCsTbl
                0x0000000006037f8c                _SclAddrLsTbl
 .bss           0x0000000006037f98        0x0 ../sbl/segalib/lib/libsat.a(scl_fu02.o)
 .bss           0x0000000006037f98        0x0 ../sbl/segalib/lib/libsat.a(scl_fu03.o)
 .bss           0x0000000006037f98        0x0 ../sbl/segalib/lib/libsat.a(scl_fu04.o)
 .bss           0x0000000006037f98      0x696 ../sbl/segalib/lib/libsat.a(scl_pri.o)
                0x0000000006037f98                _SclAutoRGB
                0x0000000006038598                _SclAutoPlusFlag
                0x0000000006038599                _SclAutoVeFlag
                0x000000000603859a                _SclAutoEndRate
                0x000000000603859b                _SclAutoCurRate
                0x000000000603859c                _SclAutoEndBlue2
                0x000000000603859e                _SclAutoEndGreen2
                0x00000000060385a0                _SclAutoEndRed2
                0x00000000060385a2                _SclAutoEndBlue
                0x00000000060385a4                _SclAutoEndGreen
                0x00000000060385a6                _SclAutoEndRed
                0x00000000060385a8                _SclAutoBlue
                0x00000000060385aa                _SclAutoGreen
                0x00000000060385ac                _SclAutoRed
                0x00000000060385b0                _SclAutoMax
                0x00000000060385b4                _SclAutoIndex
                0x00000000060385b8                _SclAutoCount
                0x00000000060385bc                _SclAutoInterval
                0x00000000060385c0                _SclAutoSurface
                0x00000000060385c4                _SclColRamAlloc2048
                0x00000000060385c8                _SclColRamAlloc256
                0x00000000060385e8                _SclLineColRamOffset
                0x00000000060385ec                _SclPriBuffDirty
                0x00000000060385f0                _SclColOffset
                0x0000000006038600                _SclBgColMix
                0x0000000006038608                _SclSpColMix
                0x0000000006038610                _SclBgPriNum
                0x0000000006038616                _SclSpPriNum
                0x000000000603861e                _SclOtherPri
 *fill*         0x000000000603862e        0x2 
 .bss           0x0000000006038630       0x58 ../sbl/segalib/lib/libsat.a(scl_ro00.o)
                0x0000000006038630                _SclCsy
                0x0000000006038638                _SclCsx
 .bss           0x0000000006038688        0x0 ../sbl/segalib/lib/libsat.a(scl_back.o)
 .bss           0x0000000006038688       0x16 ../sbl/segalib/lib/libsat.a(scl_vblv.o)
                0x0000000006038688                _frameChgFlag
                0x000000000603868c                _VBIntrDisableDepth
                0x0000000006038690                _ReqDisplayFlag2
                0x0000000006038694                _ReqDisplayFlag1
                0x0000000006038698                _VBIntervalCounter
                0x000000000603869c                _SpFrameChgMode
 .bss           0x000000000603869e        0x0 ../sbl/segalib/lib/libsat.a(scl_pr01.o)
 .bss           0x000000000603869e        0x0 ../sbl/segalib/lib/libsat.a(scl_pr02.o)
 .bss           0x000000000603869e        0x0 ../sbl/segalib/lib/libsat.a(scl_pr03.o)
 .bss           0x000000000603869e        0x0 ../sbl/segalib/lib/libsat.a(scl_pr05.o)
 .bss           0x000000000603869e        0x0 ../sbl/segalib/lib/libsat.a(scl_pr06.o)
 .bss           0x000000000603869e        0x0 ../sbl/segalib/lib/libsat.a(scl_pr07.o)
 .bss           0x000000000603869e        0x2 ../sbl/segalib/lib/libsat.a(cdc_reg.o)
                0x000000000603869e                _hirq_flag
 .bss           0x00000000060386a0        0xc ../sbl/segalib/lib/libsat.a(cdc_sub.o)
                0x00000000060386a0                _cd_stat
 .bss           0x00000000060386ac        0x0 ../sbl/segalib/lib/libsat.a(cdc_dev.o)
 .bss           0x00000000060386ac        0x0 ../sbl/segalib/lib/libsat.a(cdc_sel.o)
 .bss           0x00000000060386ac        0x0 ../sbl/segalib/lib/libsat.a(cdc_bif.o)
 .bss           0x00000000060386ac        0x0 ../sbl/segalib/lib/libsat.a(cdc_bio.o)
 .bss           0x00000000060386ac        0x0 ../sbl/segalib/lib/libsat.a(cdc_cfs.o)
 .bss           0x00000000060386ac        0x0 ../sbl/segalib/lib/libsat.a(csh_main.o)
 .bss           0x00000000060386ac        0x0 ../sbl/segalib/lib/libsat.a(dma_cpu0.o)
 .bss           0x00000000060386ac       0x1c ../sbl/segalib/lib/libsat.a(dma_scu0.o)
 .bss           0x00000000060386c8       0x20 ../sbl/segalib/lib/libsat.a(spr_1c.o)
                0x00000000060386c8                _SpDil
                0x00000000060386ca                _SpDie
                0x00000000060386cc                _SpFbcrMode
                0x00000000060386ce                _SpTvMode
                0x00000000060386d0                _SpScreenY
                0x00000000060386d4                _SpScreenX
                0x00000000060386d8                _SpInitialFlag
 .bss           0x00000000060386e8        0x0 ../sbl/segalib/lib/libsat.a(spr_2a.o)
 .bss           0x00000000060386e8        0x0 /opt/toolchains/sh-elf/bin/../lib/gcc/sh-elf/11.1.0/libgcc.a(_ashiftrt.o)
 .bss           0x00000000060386e8        0x0 /opt/toolchains/sh-elf/bin/../lib/gcc/sh-elf/11.1.0/libgcc.a(_ashiftrt_n.o)
 .bss           0x00000000060386e8        0x0 /opt/toolchains/sh-elf/bin/../lib/gcc/sh-elf/11.1.0/libgcc.a(_ashiftlt.o)
 .bss           0x00000000060386e8        0x0 /opt/toolchains/sh-elf/bin/../lib/gcc/sh-elf/11.1.0/libgcc.a(_movmem.o)
 .bss           0x00000000060386e8        0x0 /opt/toolchains/sh-elf/bin/../lib/gcc/sh-elf/11.1.0/libgcc.a(_sdivsi3.o)
 .bss           0x00000000060386e8        0x0 /opt/toolchains/sh-elf/bin/../lib/gcc/sh-elf/11.1.0/libgcc.a(_udivsi3.o)
 .bss           0x00000000060386e8        0x0 /opt/toolchains/sh-elf/bin/../lib/gcc/sh-elf/11.1.0/libgcc.a(_mul_df.o)
 .bss           0x00000000060386e8        0x0 /opt/toolchains/sh-elf/bin/../lib/gcc/sh-elf/11.1.0/libgcc.a(_si_to_df.o)
 .bss           0x00000000060386e8        0x0 /opt/toolchains/sh-elf/bin/../lib/gcc/sh-elf/11.1.0/libgcc.a(_df_to_si.o)
 .bss           0x00000000060386e8        0x0 /opt/toolchains/sh-elf/bin/../lib/gcc/sh-elf/11.1.0/libgcc.a(_thenan_df.o)
 .bss           0x00000000060386e8        0x0 /opt/toolchains/sh-elf/bin/../lib/gcc/sh-elf/11.1.0/libgcc.a(_lshiftrt.o)
 .bss           0x00000000060386e8        0x0 /opt/toolchains/sh-elf/bin/../lib/gcc/sh-elf/11.1.0/libgcc.a(_clzsi2.o)
 .bss           0x00000000060386e8        0x0 /opt/toolchains/sh-elf/bin/../lib/gcc/sh-elf/11.1.0/libgcc.a(_pack_df.o)
 .bss           0x00000000060386e8        0x0 /opt/toolchains/sh-elf/bin/../lib/gcc/sh-elf/11.1.0/libgcc.a(_unpack_df.o)
 .bss           0x00000000060386e8        0x0 /opt/toolchains/sh-elf/bin/../lib/gcc/sh-elf/11.1.0/libgcc.a(_clz.o)
 .bss           0x00000000060386e8        0x0 /opt/toolchains/sh-elf/bin/../lib/gcc/sh-elf/11.1.0/../../../../sh-elf/lib/libc.a(lib_a-memcmp.o)
 .bss           0x00000000060386e8        0x0 /opt/toolchains/sh-elf/bin/../lib/gcc/sh-elf/11.1.0/../../../../sh-elf/lib/libc.a(lib_a-memcpy.o)
 .bss           0x00000000060386e8        0x0 /opt/toolchains/sh-elf/bin/../lib/gcc/sh-elf/11.1.0/../../../../sh-elf/lib/libc.a(lib_a-memmove.o)
 .bss           0x00000000060386e8        0x0 /opt/toolchains/sh-elf/bin/../lib/gcc/sh-elf/11.1.0/../../../../sh-elf/lib/libc.a(lib_a-memset.o)
 .bss           0x00000000060386e8        0x0 /opt/toolchains/sh-elf/bin/../lib/gcc/sh-elf/11.1.0/../../../../sh-elf/lib/libc.a(lib_a-strcpy.o)
 .bss           0x00000000060386e8        0x0 /opt/toolchains/sh-elf/bin/../lib/gcc/sh-elf/11.1.0/../../../../sh-elf/lib/libc.a(lib_a-strncmp.o)
 .bss           0x00000000060386e8        0x0 /opt/toolchains/sh-elf/bin/../lib/gcc/sh-elf/11.1.0/../../../../sh-elf/lib/libc.a(lib_a-strncpy.o)
 *(COMMON)
                0x00000000060386e8                _bss_end = .
                0x00000000060386f0                . = ALIGN (0x10)
 *fill*         0x00000000060386e8        0x8 
                0x00000000060386f0                _end = ABSOLUTE (.)

.stack          0x00000000060386f0     0x2000
 *(.stack)
 .stack         0x00000000060386f0     0x2000 stack.o
                0x00000000060386f0                _PROG_STK
                0x000000000603a6f0                _stack = .

.lwram          0x0000000000200000        0x0
                0x0000000000200000                . = ALIGN (0x10)
 *(.lwram)
                0x0000000000200000                . = ALIGN (0x10)

.vdp2_vram      0x0000000005e00000        0x0
                0x0000000005e00000                . = ALIGN (0x10)
 *(.vdp2_vram)
                0x0000000005e00000                . = ALIGN (0x10)
OUTPUT(main.elf elf32-sh)

.debug_info     0x0000000000000000     0x5c3d
 .debug_info    0x0000000000000000      0x40f vblank.o
 .debug_info    0x000000000000040f      0x8bc cd.o
 .debug_info    0x0000000000000ccb      0x127 crc.o
 .debug_info    0x0000000000000df2      0x3e9 devcart.o
 .debug_info    0x00000000000011db      0xa75 game.o
 .debug_info    0x0000000000001c50      0x56b pcmsys.o
 .debug_info    0x00000000000021bb       0x69 piece.o
 .debug_info    0x0000000000002224      0x38e print.o
 .debug_info    0x00000000000025b2      0x230 rng.o
 .debug_info    0x00000000000027e2      0xa4c scroll.o
 .debug_info    0x000000000000322e      0x333 sound.o
 .debug_info    0x0000000000003561      0xd37 sprite.o
 .debug_info    0x0000000000004298      0x377 main.o
 .debug_info    0x000000000000460f      0x4d2 /opt/toolchains/sh-elf/bin/../lib/gcc/sh-elf/11.1.0/libgcc.a(_mul_df.o)
 .debug_info    0x0000000000004ae1      0x259 /opt/toolchains/sh-elf/bin/../lib/gcc/sh-elf/11.1.0/libgcc.a(_si_to_df.o)
 .debug_info    0x0000000000004d3a      0x2a5 /opt/toolchains/sh-elf/bin/../lib/gcc/sh-elf/11.1.0/libgcc.a(_df_to_si.o)
 .debug_info    0x0000000000004fdf      0x15b /opt/toolchains/sh-elf/bin/../lib/gcc/sh-elf/11.1.0/libgcc.a(_thenan_df.o)
 .debug_info    0x000000000000513a      0x130 /opt/toolchains/sh-elf/bin/../lib/gcc/sh-elf/11.1.0/libgcc.a(_clzsi2.o)
 .debug_info    0x000000000000526a      0x298 /opt/toolchains/sh-elf/bin/../lib/gcc/sh-elf/11.1.0/libgcc.a(_pack_df.o)
 .debug_info    0x0000000000005502      0x20c /opt/toolchains/sh-elf/bin/../lib/gcc/sh-elf/11.1.0/libgcc.a(_unpack_df.o)
 .debug_info    0x000000000000570e       0xca /opt/toolchains/sh-elf/bin/../lib/gcc/sh-elf/11.1.0/libgcc.a(_clz.o)
 .debug_info    0x00000000000057d8      0x10f /opt/toolchains/sh-elf/bin/../lib/gcc/sh-elf/11.1.0/../../../../sh-elf/lib/libc.a(lib_a-memcmp.o)
 .debug_info    0x00000000000058e7      0x130 /opt/toolchains/sh-elf/bin/../lib/gcc/sh-elf/11.1.0/../../../../sh-elf/lib/libc.a(lib_a-memmove.o)
 .debug_info    0x0000000000005a17       0xf4 /opt/toolchains/sh-elf/bin/../lib/gcc/sh-elf/11.1.0/../../../../sh-elf/lib/libc.a(lib_a-strncmp.o)
 .debug_info    0x0000000000005b0b      0x132 /opt/toolchains/sh-elf/bin/../lib/gcc/sh-elf/11.1.0/../../../../sh-elf/lib/libc.a(lib_a-strncpy.o)

.debug_abbrev   0x0000000000000000     0x245d
 .debug_abbrev  0x0000000000000000      0x1b6 vblank.o
 .debug_abbrev  0x00000000000001b6      0x234 cd.o
 .debug_abbrev  0x00000000000003ea       0xae crc.o
 .debug_abbrev  0x0000000000000498      0x19d devcart.o
 .debug_abbrev  0x0000000000000635      0x2f2 game.o
 .debug_abbrev  0x0000000000000927      0x1b2 pcmsys.o
 .debug_abbrev  0x0000000000000ad9       0x5a piece.o
 .debug_abbrev  0x0000000000000b33      0x181 print.o
 .debug_abbrev  0x0000000000000cb4      0x163 rng.o
 .debug_abbrev  0x0000000000000e17      0x281 scroll.o
 .debug_abbrev  0x0000000000001098      0x1bf sound.o
 .debug_abbrev  0x0000000000001257      0x307 sprite.o
 .debug_abbrev  0x000000000000155e      0x1a5 main.o
 .debug_abbrev  0x0000000000001703      0x278 /opt/toolchains/sh-elf/bin/../lib/gcc/sh-elf/11.1.0/libgcc.a(_mul_df.o)
 .debug_abbrev  0x000000000000197b      0x1b2 /opt/toolchains/sh-elf/bin/../lib/gcc/sh-elf/11.1.0/libgcc.a(_si_to_df.o)
 .debug_abbrev  0x0000000000001b2d      0x1b2 /opt/toolchains/sh-elf/bin/../lib/gcc/sh-elf/11.1.0/libgcc.a(_df_to_si.o)
 .debug_abbrev  0x0000000000001cdf       0xcf /opt/toolchains/sh-elf/bin/../lib/gcc/sh-elf/11.1.0/libgcc.a(_thenan_df.o)
 .debug_abbrev  0x0000000000001dae       0xca /opt/toolchains/sh-elf/bin/../lib/gcc/sh-elf/11.1.0/libgcc.a(_clzsi2.o)
 .debug_abbrev  0x0000000000001e78      0x1ae /opt/toolchains/sh-elf/bin/../lib/gcc/sh-elf/11.1.0/libgcc.a(_pack_df.o)
 .debug_abbrev  0x0000000000002026      0x142 /opt/toolchains/sh-elf/bin/../lib/gcc/sh-elf/11.1.0/libgcc.a(_unpack_df.o)
 .debug_abbrev  0x0000000000002168       0x70 /opt/toolchains/sh-elf/bin/../lib/gcc/sh-elf/11.1.0/libgcc.a(_clz.o)
 .debug_abbrev  0x00000000000021d8       0x8a /opt/toolchains/sh-elf/bin/../lib/gcc/sh-elf/11.1.0/../../../../sh-elf/lib/libc.a(lib_a-memcmp.o)
 .debug_abbrev  0x0000000000002262       0xba /opt/toolchains/sh-elf/bin/../lib/gcc/sh-elf/11.1.0/../../../../sh-elf/lib/libc.a(lib_a-memmove.o)
 .debug_abbrev  0x000000000000231c       0x8c /opt/toolchains/sh-elf/bin/../lib/gcc/sh-elf/11.1.0/../../../../sh-elf/lib/libc.a(lib_a-strncmp.o)
 .debug_abbrev  0x00000000000023a8       0xb5 /opt/toolchains/sh-elf/bin/../lib/gcc/sh-elf/11.1.0/../../../../sh-elf/lib/libc.a(lib_a-strncpy.o)

.debug_aranges  0x0000000000000000      0x308
 .debug_aranges
                0x0000000000000000       0x20 vblank.o
 .debug_aranges
                0x0000000000000020       0x20 cd.o
 .debug_aranges
                0x0000000000000040       0x20 crc.o
 .debug_aranges
                0x0000000000000060       0x20 devcart.o
 .debug_aranges
                0x0000000000000080       0x20 game.o
 .debug_aranges
                0x00000000000000a0       0x20 pcmsys.o
 .debug_aranges
                0x00000000000000c0       0x18 piece.o
 .debug_aranges
                0x00000000000000d8       0x20 print.o
 .debug_aranges
                0x00000000000000f8       0x20 rng.o
 .debug_aranges
                0x0000000000000118       0x20 scroll.o
 .debug_aranges
                0x0000000000000138       0x20 sound.o
 .debug_aranges
                0x0000000000000158       0x20 sprite.o
 .debug_aranges
                0x0000000000000178       0x20 main.o
 .debug_aranges
                0x0000000000000198       0x20 /opt/toolchains/sh-elf/bin/../lib/gcc/sh-elf/11.1.0/libgcc.a(_mul_df.o)
 .debug_aranges
                0x00000000000001b8       0x20 /opt/toolchains/sh-elf/bin/../lib/gcc/sh-elf/11.1.0/libgcc.a(_si_to_df.o)
 .debug_aranges
                0x00000000000001d8       0x20 /opt/toolchains/sh-elf/bin/../lib/gcc/sh-elf/11.1.0/libgcc.a(_df_to_si.o)
 .debug_aranges
                0x00000000000001f8       0x18 /opt/toolchains/sh-elf/bin/../lib/gcc/sh-elf/11.1.0/libgcc.a(_thenan_df.o)
 .debug_aranges
                0x0000000000000210       0x20 /opt/toolchains/sh-elf/bin/../lib/gcc/sh-elf/11.1.0/libgcc.a(_clzsi2.o)
 .debug_aranges
                0x0000000000000230       0x20 /opt/toolchains/sh-elf/bin/../lib/gcc/sh-elf/11.1.0/libgcc.a(_pack_df.o)
 .debug_aranges
                0x0000000000000250       0x20 /opt/toolchains/sh-elf/bin/../lib/gcc/sh-elf/11.1.0/libgcc.a(_unpack_df.o)
 .debug_aranges
                0x0000000000000270       0x18 /opt/toolchains/sh-elf/bin/../lib/gcc/sh-elf/11.1.0/libgcc.a(_clz.o)
 .debug_aranges
                0x0000000000000288       0x20 /opt/toolchains/sh-elf/bin/../lib/gcc/sh-elf/11.1.0/../../../../sh-elf/lib/libc.a(lib_a-memcmp.o)
 .debug_aranges
                0x00000000000002a8       0x20 /opt/toolchains/sh-elf/bin/../lib/gcc/sh-elf/11.1.0/../../../../sh-elf/lib/libc.a(lib_a-memmove.o)
 .debug_aranges
                0x00000000000002c8       0x20 /opt/toolchains/sh-elf/bin/../lib/gcc/sh-elf/11.1.0/../../../../sh-elf/lib/libc.a(lib_a-strncmp.o)
 .debug_aranges
                0x00000000000002e8       0x20 /opt/toolchains/sh-elf/bin/../lib/gcc/sh-elf/11.1.0/../../../../sh-elf/lib/libc.a(lib_a-strncpy.o)

.debug_line     0x0000000000000000     0x3043
 .debug_line    0x0000000000000000       0xf6 vblank.o
 .debug_line    0x00000000000000f6       0xd9 cd.o
 .debug_line    0x00000000000001cf       0xa3 crc.o
 .debug_line    0x0000000000000272      0x215 devcart.o
 .debug_line    0x0000000000000487      0x657 game.o
 .debug_line    0x0000000000000ade      0x4a7 pcmsys.o
 .debug_line    0x0000000000000f85       0x33 piece.o
 .debug_line    0x0000000000000fb8      0x177 print.o
 .debug_line    0x000000000000112f      0x152 rng.o
 .debug_line    0x0000000000001281      0x3bb scroll.o
 .debug_line    0x000000000000163c      0x1a7 sound.o
 .debug_line    0x00000000000017e3      0x579 sprite.o
 .debug_line    0x0000000000001d5c      0x116 main.o
 .debug_line    0x0000000000001e72      0x2d6 /opt/toolchains/sh-elf/bin/../lib/gcc/sh-elf/11.1.0/libgcc.a(_mul_df.o)
 .debug_line    0x0000000000002148      0x13d /opt/toolchains/sh-elf/bin/../lib/gcc/sh-elf/11.1.0/libgcc.a(_si_to_df.o)
 .debug_line    0x0000000000002285       0xf6 /opt/toolchains/sh-elf/bin/../lib/gcc/sh-elf/11.1.0/libgcc.a(_df_to_si.o)
 .debug_line    0x000000000000237b       0x50 /opt/toolchains/sh-elf/bin/../lib/gcc/sh-elf/11.1.0/libgcc.a(_thenan_df.o)
 .debug_line    0x00000000000023cb       0xad /opt/toolchains/sh-elf/bin/../lib/gcc/sh-elf/11.1.0/libgcc.a(_clzsi2.o)
 .debug_line    0x0000000000002478      0x30c /opt/toolchains/sh-elf/bin/../lib/gcc/sh-elf/11.1.0/libgcc.a(_pack_df.o)
 .debug_line    0x0000000000002784      0x146 /opt/toolchains/sh-elf/bin/../lib/gcc/sh-elf/11.1.0/libgcc.a(_unpack_df.o)
 .debug_line    0x00000000000028ca       0x52 /opt/toolchains/sh-elf/bin/../lib/gcc/sh-elf/11.1.0/libgcc.a(_clz.o)
 .debug_line    0x000000000000291c      0x167 /opt/toolchains/sh-elf/bin/../lib/gcc/sh-elf/11.1.0/../../../../sh-elf/lib/libc.a(lib_a-memcmp.o)
 .debug_line    0x0000000000002a83      0x1ec /opt/toolchains/sh-elf/bin/../lib/gcc/sh-elf/11.1.0/../../../../sh-elf/lib/libc.a(lib_a-memmove.o)
 .debug_line    0x0000000000002c6f      0x200 /opt/toolchains/sh-elf/bin/../lib/gcc/sh-elf/11.1.0/../../../../sh-elf/lib/libc.a(lib_a-strncmp.o)
 .debug_line    0x0000000000002e6f      0x1d4 /opt/toolchains/sh-elf/bin/../lib/gcc/sh-elf/11.1.0/../../../../sh-elf/lib/libc.a(lib_a-strncpy.o)

.debug_str      0x0000000000000000     0x18ab
 .debug_str     0x0000000000000000      0x236 vblank.o
                                        0x298 (size before relaxing)
 .debug_str     0x0000000000000236      0x278 cd.o
                                        0x36a (size before relaxing)
 .debug_str     0x00000000000004ae       0x72 crc.o
                                        0x121 (size before relaxing)
 .debug_str     0x0000000000000520      0x118 devcart.o
                                        0x246 (size before relaxing)
 .debug_str     0x0000000000000638      0x300 game.o
                                        0x405 (size before relaxing)
 .debug_str     0x0000000000000938      0x161 pcmsys.o
                                        0x2ea (size before relaxing)
 .debug_str     0x0000000000000a99        0x8 piece.o
                                         0x62 (size before relaxing)
 .debug_str     0x0000000000000aa1       0x56 print.o
                                        0x1dc (size before relaxing)
 .debug_str     0x0000000000000af7       0x7c rng.o
                                        0x184 (size before relaxing)
 .debug_str     0x0000000000000b73      0x3a3 scroll.o
                                        0x4f4 (size before relaxing)
 .debug_str     0x0000000000000f16       0xdf sound.o
                                        0x219 (size before relaxing)
 .debug_str     0x0000000000000ff5      0x349 sprite.o
                                        0x56d (size before relaxing)
 .debug_str     0x000000000000133e      0x124 main.o
                                        0x2f8 (size before relaxing)
 .debug_str     0x0000000000001462      0x212 /opt/toolchains/sh-elf/bin/../lib/gcc/sh-elf/11.1.0/libgcc.a(_mul_df.o)
                                        0x28a (size before relaxing)
 .debug_str     0x0000000000001674       0x27 /opt/toolchains/sh-elf/bin/../lib/gcc/sh-elf/11.1.0/libgcc.a(_si_to_df.o)
                                        0x216 (size before relaxing)
 .debug_str     0x000000000000169b        0xa /opt/toolchains/sh-elf/bin/../lib/gcc/sh-elf/11.1.0/libgcc.a(_df_to_si.o)
                                        0x233 (size before relaxing)
 .debug_str     0x00000000000016a5      0x1d5 /opt/toolchains/sh-elf/bin/../lib/gcc/sh-elf/11.1.0/libgcc.a(_thenan_df.o)
 .debug_str     0x00000000000016a5       0x59 /opt/toolchains/sh-elf/bin/../lib/gcc/sh-elf/11.1.0/libgcc.a(_clzsi2.o)
                                        0x198 (size before relaxing)
 .debug_str     0x00000000000016fe        0x7 /opt/toolchains/sh-elf/bin/../lib/gcc/sh-elf/11.1.0/libgcc.a(_pack_df.o)
                                        0x227 (size before relaxing)
 .debug_str     0x0000000000001705      0x209 /opt/toolchains/sh-elf/bin/../lib/gcc/sh-elf/11.1.0/libgcc.a(_unpack_df.o)
 .debug_str     0x0000000000001705      0x17b /opt/toolchains/sh-elf/bin/../lib/gcc/sh-elf/11.1.0/libgcc.a(_clz.o)
 .debug_str     0x0000000000001705       0xa8 /opt/toolchains/sh-elf/bin/../lib/gcc/sh-elf/11.1.0/../../../../sh-elf/lib/libc.a(lib_a-memcmp.o)
                                        0x144 (size before relaxing)
 .debug_str     0x00000000000017ad       0x72 /opt/toolchains/sh-elf/bin/../lib/gcc/sh-elf/11.1.0/../../../../sh-elf/lib/libc.a(lib_a-memmove.o)
                                        0x177 (size before relaxing)
 .debug_str     0x000000000000181f       0x41 /opt/toolchains/sh-elf/bin/../lib/gcc/sh-elf/11.1.0/../../../../sh-elf/lib/libc.a(lib_a-strncmp.o)
                                        0x146 (size before relaxing)
 .debug_str     0x0000000000001860       0x4b /opt/toolchains/sh-elf/bin/../lib/gcc/sh-elf/11.1.0/../../../../sh-elf/lib/libc.a(lib_a-strncpy.o)
                                        0x16e (size before relaxing)

.comment        0x0000000000000000       0x12
 .comment       0x0000000000000000       0x12 vblank.o
                                         0x13 (size before relaxing)
 .comment       0x0000000000000012       0x13 cd.o
 .comment       0x0000000000000012       0x13 crc.o
 .comment       0x0000000000000012       0x13 devcart.o
 .comment       0x0000000000000012       0x13 game.o
 .comment       0x0000000000000012       0x13 pcmsys.o
 .comment       0x0000000000000012       0x13 piece.o
 .comment       0x0000000000000012       0x13 print.o
 .comment       0x0000000000000012       0x13 rng.o
 .comment       0x0000000000000012       0x13 scroll.o
 .comment       0x0000000000000012       0x13 sound.o
 .comment       0x0000000000000012       0x13 sprite.o
 .comment       0x0000000000000012       0x13 main.o
 .comment       0x0000000000000012       0x13 ../sbl/segalib/lib/libsat.a(cdc_cmn.o)
 .comment       0x0000000000000012       0x13 ../sbl/segalib/lib/libsat.a(cdc_drv.o)
 .comment       0x0000000000000012       0x13 ../sbl/segalib/lib/libsat.a(gfs.o)
 .comment       0x0000000000000012       0x13 ../sbl/segalib/lib/libsat.a(gfs_buf.o)
 .comment       0x0000000000000012       0x13 ../sbl/segalib/lib/libsat.a(gfs_cdb.o)
 .comment       0x0000000000000012       0x13 ../sbl/segalib/lib/libsat.a(gfs_cdc.o)
 .comment       0x0000000000000012       0x13 ../sbl/segalib/lib/libsat.a(gfs_cdf.o)
 .comment       0x0000000000000012       0x13 ../sbl/segalib/lib/libsat.a(gfs_dir.o)
 .comment       0x0000000000000012       0x13 ../sbl/segalib/lib/libsat.a(gfs_trn.o)
 .comment       0x0000000000000012       0x13 ../sbl/segalib/lib/libsat.a(mth_rand.o)
 .comment       0x0000000000000012       0x13 ../sbl/segalib/lib/libsat.a(per_prt.o)
 .comment       0x0000000000000012       0x13 ../sbl/segalib/lib/libsat.a(spr_2c.o)
 .comment       0x0000000000000012       0x13 ../sbl/segalib/lib/libsat.a(scl_func.o)
 .comment       0x0000000000000012       0x13 ../sbl/segalib/lib/libsat.a(scl_fu02.o)
 .comment       0x0000000000000012       0x13 ../sbl/segalib/lib/libsat.a(scl_fu03.o)
 .comment       0x0000000000000012       0x13 ../sbl/segalib/lib/libsat.a(scl_fu04.o)
 .comment       0x0000000000000012       0x13 ../sbl/segalib/lib/libsat.a(scl_pri.o)
 .comment       0x0000000000000012       0x13 ../sbl/segalib/lib/libsat.a(scl_ro00.o)
 .comment       0x0000000000000012       0x13 ../sbl/segalib/lib/libsat.a(scl_back.o)
 .comment       0x0000000000000012       0x13 ../sbl/segalib/lib/libsat.a(scl_vblv.o)
 .comment       0x0000000000000012       0x13 ../sbl/segalib/lib/libsat.a(scl_pr01.o)
 .comment       0x0000000000000012       0x13 ../sbl/segalib/lib/libsat.a(scl_pr02.o)
 .comment       0x0000000000000012       0x13 ../sbl/segalib/lib/libsat.a(scl_pr03.o)
 .comment       0x0000000000000012       0x13 ../sbl/segalib/lib/libsat.a(scl_pr05.o)
 .comment       0x0000000000000012       0x13 ../sbl/segalib/lib/libsat.a(scl_pr06.o)
 .comment       0x0000000000000012       0x13 ../sbl/segalib/lib/libsat.a(scl_pr07.o)
 .comment       0x0000000000000012       0x13 ../sbl/segalib/lib/libsat.a(cdc_reg.o)
 .comment       0x0000000000000012       0x13 ../sbl/segalib/lib/libsat.a(cdc_sub.o)
 .comment       0x0000000000000012       0x13 ../sbl/segalib/lib/libsat.a(cdc_dev.o)
 .comment       0x0000000000000012       0x13 ../sbl/segalib/lib/libsat.a(cdc_sel.o)
 .comment       0x0000000000000012       0x13 ../sbl/segalib/lib/libsat.a(cdc_bif.o)
 .comment       0x0000000000000012       0x13 ../sbl/segalib/lib/libsat.a(cdc_bio.o)
 .comment       0x0000000000000012       0x13 ../sbl/segalib/lib/libsat.a(cdc_cfs.o)
 .comment       0x0000000000000012       0x13 ../sbl/segalib/lib/libsat.a(csh_main.o)
 .comment       0x0000000000000012       0x13 ../sbl/segalib/lib/libsat.a(dma_cpu0.o)
 .comment       0x0000000000000012       0x13 ../sbl/segalib/lib/libsat.a(dma_scu0.o)
 .comment       0x0000000000000012       0x13 ../sbl/segalib/lib/libsat.a(spr_1c.o)
 .comment       0x0000000000000012       0x13 /opt/toolchains/sh-elf/bin/../lib/gcc/sh-elf/11.1.0/libgcc.a(_mul_df.o)
 .comment       0x0000000000000012       0x13 /opt/toolchains/sh-elf/bin/../lib/gcc/sh-elf/11.1.0/libgcc.a(_si_to_df.o)
 .comment       0x0000000000000012       0x13 /opt/toolchains/sh-elf/bin/../lib/gcc/sh-elf/11.1.0/libgcc.a(_df_to_si.o)
 .comment       0x0000000000000012       0x13 /opt/toolchains/sh-elf/bin/../lib/gcc/sh-elf/11.1.0/libgcc.a(_thenan_df.o)
 .comment       0x0000000000000012       0x13 /opt/toolchains/sh-elf/bin/../lib/gcc/sh-elf/11.1.0/libgcc.a(_clzsi2.o)
 .comment       0x0000000000000012       0x13 /opt/toolchains/sh-elf/bin/../lib/gcc/sh-elf/11.1.0/libgcc.a(_pack_df.o)
 .comment       0x0000000000000012       0x13 /opt/toolchains/sh-elf/bin/../lib/gcc/sh-elf/11.1.0/libgcc.a(_unpack_df.o)
 .comment       0x0000000000000012       0x13 /opt/toolchains/sh-elf/bin/../lib/gcc/sh-elf/11.1.0/libgcc.a(_clz.o)
 .comment       0x0000000000000012       0x13 /opt/toolchains/sh-elf/bin/../lib/gcc/sh-elf/11.1.0/../../../../sh-elf/lib/libc.a(lib_a-memcmp.o)
 .comment       0x0000000000000012       0x13 /opt/toolchains/sh-elf/bin/../lib/gcc/sh-elf/11.1.0/../../../../sh-elf/lib/libc.a(lib_a-memmove.o)
 .comment       0x0000000000000012       0x13 /opt/toolchains/sh-elf/bin/../lib/gcc/sh-elf/11.1.0/../../../../sh-elf/lib/libc.a(lib_a-strncmp.o)
 .comment       0x0000000000000012       0x13 /opt/toolchains/sh-elf/bin/../lib/gcc/sh-elf/11.1.0/../../../../sh-elf/lib/libc.a(lib_a-strncpy.o)

.debug_frame    0x0000000000000000     0x121c
 .debug_frame   0x0000000000000000       0xb8 vblank.o
 .debug_frame   0x00000000000000b8       0xa8 cd.o
 .debug_frame   0x0000000000000160       0x38 crc.o
 .debug_frame   0x0000000000000198      0x198 devcart.o
 .debug_frame   0x0000000000000330      0x30c game.o
 .debug_frame   0x000000000000063c      0x1e0 pcmsys.o
 .debug_frame   0x000000000000081c       0xf4 print.o
 .debug_frame   0x0000000000000910       0xc0 rng.o
 .debug_frame   0x00000000000009d0      0x240 scroll.o
 .debug_frame   0x0000000000000c10       0xc4 sound.o
 .debug_frame   0x0000000000000cd4      0x284 sprite.o
 .debug_frame   0x0000000000000f58       0x30 main.o
 .debug_frame   0x0000000000000f88       0x98 /opt/toolchains/sh-elf/bin/../lib/gcc/sh-elf/11.1.0/libgcc.a(_mul_df.o)
 .debug_frame   0x0000000000001020       0x3c /opt/toolchains/sh-elf/bin/../lib/gcc/sh-elf/11.1.0/libgcc.a(_si_to_df.o)
 .debug_frame   0x000000000000105c       0x48 /opt/toolchains/sh-elf/bin/../lib/gcc/sh-elf/11.1.0/libgcc.a(_df_to_si.o)
 .debug_frame   0x00000000000010a4       0x38 /opt/toolchains/sh-elf/bin/../lib/gcc/sh-elf/11.1.0/libgcc.a(_clzsi2.o)
 .debug_frame   0x00000000000010dc       0x6c /opt/toolchains/sh-elf/bin/../lib/gcc/sh-elf/11.1.0/libgcc.a(_pack_df.o)
 .debug_frame   0x0000000000001148       0x20 /opt/toolchains/sh-elf/bin/../lib/gcc/sh-elf/11.1.0/libgcc.a(_unpack_df.o)
 .debug_frame   0x0000000000001168       0x20 /opt/toolchains/sh-elf/bin/../lib/gcc/sh-elf/11.1.0/../../../../sh-elf/lib/libc.a(lib_a-memcmp.o)
 .debug_frame   0x0000000000001188       0x20 /opt/toolchains/sh-elf/bin/../lib/gcc/sh-elf/11.1.0/../../../../sh-elf/lib/libc.a(lib_a-memmove.o)
 .debug_frame   0x00000000000011a8       0x30 /opt/toolchains/sh-elf/bin/../lib/gcc/sh-elf/11.1.0/../../../../sh-elf/lib/libc.a(lib_a-strncmp.o)
 .debug_frame   0x00000000000011d8       0x44 /opt/toolchains/sh-elf/bin/../lib/gcc/sh-elf/11.1.0/../../../../sh-elf/lib/libc.a(lib_a-strncpy.o)

.debug_loclists
                0x0000000000000000      0xa2a
 .debug_loclists
                0x0000000000000000      0x30c /opt/toolchains/sh-elf/bin/../lib/gcc/sh-elf/11.1.0/libgcc.a(_mul_df.o)
 .debug_loclists
                0x000000000000030c       0x6c /opt/toolchains/sh-elf/bin/../lib/gcc/sh-elf/11.1.0/libgcc.a(_si_to_df.o)
 .debug_loclists
                0x0000000000000378       0x35 /opt/toolchains/sh-elf/bin/../lib/gcc/sh-elf/11.1.0/libgcc.a(_df_to_si.o)
 .debug_loclists
                0x00000000000003ad       0x22 /opt/toolchains/sh-elf/bin/../lib/gcc/sh-elf/11.1.0/libgcc.a(_clzsi2.o)
 .debug_loclists
                0x00000000000003cf      0x230 /opt/toolchains/sh-elf/bin/../lib/gcc/sh-elf/11.1.0/libgcc.a(_pack_df.o)
 .debug_loclists
                0x00000000000005ff       0x71 /opt/toolchains/sh-elf/bin/../lib/gcc/sh-elf/11.1.0/libgcc.a(_unpack_df.o)
 .debug_loclists
                0x0000000000000670       0xae /opt/toolchains/sh-elf/bin/../lib/gcc/sh-elf/11.1.0/../../../../sh-elf/lib/libc.a(lib_a-memcmp.o)
 .debug_loclists
                0x000000000000071e      0x13c /opt/toolchains/sh-elf/bin/../lib/gcc/sh-elf/11.1.0/../../../../sh-elf/lib/libc.a(lib_a-memmove.o)
 .debug_loclists
                0x000000000000085a       0xd5 /opt/toolchains/sh-elf/bin/../lib/gcc/sh-elf/11.1.0/../../../../sh-elf/lib/libc.a(lib_a-strncmp.o)
 .debug_loclists
                0x000000000000092f       0xfb /opt/toolchains/sh-elf/bin/../lib/gcc/sh-elf/11.1.0/../../../../sh-elf/lib/libc.a(lib_a-strncpy.o)

.debug_rnglists
                0x0000000000000000       0xf1
 .debug_rnglists
                0x0000000000000000       0x2e /opt/toolchains/sh-elf/bin/../lib/gcc/sh-elf/11.1.0/libgcc.a(_mul_df.o)
 .debug_rnglists
                0x000000000000002e       0x26 /opt/toolchains/sh-elf/bin/../lib/gcc/sh-elf/11.1.0/libgcc.a(_si_to_df.o)
 .debug_rnglists
                0x0000000000000054       0x1f /opt/toolchains/sh-elf/bin/../lib/gcc/sh-elf/11.1.0/libgcc.a(_clzsi2.o)
 .debug_rnglists
                0x0000000000000073       0x7e /opt/toolchains/sh-elf/bin/../lib/gcc/sh-elf/11.1.0/libgcc.a(_pack_df.o)
