Archive member included to satisfy reference by file (symbol)

../sbl/segalib/lib/libsat.a(cdc_cmn.o)
                              main.o (_CDC_GetPeriStat)
../sbl/segalib/lib/libsat.a(cdc_drv.o)
                              sound.o (_CDC_CdPlay)
../sbl/segalib/lib/libsat.a(gfs.o)
                              cd.o (_GFS_SetDir)
../sbl/segalib/lib/libsat.a(gfs_buf.o)
                              ../sbl/segalib/lib/libsat.a(gfs.o) (_GFBF_GetNumData)
../sbl/segalib/lib/libsat.a(gfs_cdb.o)
                              ../sbl/segalib/lib/libsat.a(gfs.o) (_GFCB_Close)
../sbl/segalib/lib/libsat.a(gfs_cdc.o)
                              ../sbl/segalib/lib/libsat.a(gfs_cdb.o) (_GFCD_AllocFilt)
../sbl/segalib/lib/libsat.a(gfs_cdf.o)
                              ../sbl/segalib/lib/libsat.a(gfs.o) (_GFCF_Init)
../sbl/segalib/lib/libsat.a(gfs_dir.o)
                              ../sbl/segalib/lib/libsat.a(gfs.o) (_GFDR_NameToId)
../sbl/segalib/lib/libsat.a(gfs_trn.o)
                              ../sbl/segalib/lib/libsat.a(gfs.o) (_GFTR_Setup)
../sbl/segalib/lib/libsat.a(mth_rand.o)
                              rng.o (_MTH_InitialRand)
../sbl/segalib/lib/libsat.a(mth_fixd.o)
                              sprite.o (_MTH_Mul)
../sbl/segalib/lib/libsat.a(mth_tri.o)
                              sprite.o (_MTH_Sin)
../sbl/segalib/lib/libsat.a(per_prt.o)
                              vblank.o (_PER_Init)
../sbl/segalib/lib/libsat.a(spr_2c.o)
                              sprite.o (_SPR_2SetTvMode)
../sbl/segalib/lib/libsat.a(scl_func.o)
                              scroll.o (_Scl_n_reg)
../sbl/segalib/lib/libsat.a(scl_fu02.o)
                              scroll.o (_SCL_InitVramConfigTb)
../sbl/segalib/lib/libsat.a(scl_fu03.o)
                              scroll.o (_SCL_InitConfigTb)
../sbl/segalib/lib/libsat.a(scl_fu04.o)
                              scroll.o (_SCL_SetCycleTable)
../sbl/segalib/lib/libsat.a(scl_pri.o)
                              ../sbl/segalib/lib/libsat.a(scl_func.o) (_SCL_PriorityInit)
../sbl/segalib/lib/libsat.a(scl_ro00.o)
                              ../sbl/segalib/lib/libsat.a(scl_func.o) (_SCL_Rotate)
../sbl/segalib/lib/libsat.a(scl_back.o)
                              scroll.o (_SCL_SetBack)
../sbl/segalib/lib/libsat.a(scl_vblv.o)
                              ../sbl/segalib/lib/libsat.a(spr_2c.o) (_SCL_SetFrameInterval)
../sbl/segalib/lib/libsat.a(scl_pr01.o)
                              sprite.o (_SCL_SetSpriteMode)
../sbl/segalib/lib/libsat.a(scl_pr02.o)
                              scroll.o (_SCL_SetColRam)
../sbl/segalib/lib/libsat.a(scl_pr03.o)
                              scroll.o (_SCL_AllocColRam)
../sbl/segalib/lib/libsat.a(scl_pr05.o)
                              ../sbl/segalib/lib/libsat.a(scl_pr02.o) (_SCL_GetColRamOffset)
../sbl/segalib/lib/libsat.a(scl_pr06.o)
                              ../sbl/segalib/lib/libsat.a(scl_pr03.o) (_SCL_SetColRamOffset)
../sbl/segalib/lib/libsat.a(scl_pr07.o)
                              scroll.o (_SCL_SetPriority)
../sbl/segalib/lib/libsat.a(cdc_reg.o)
                              ../sbl/segalib/lib/libsat.a(gfs_cdb.o) (_CDC_GetDataPtr)
../sbl/segalib/lib/libsat.a(cdc_sub.o)
                              ../sbl/segalib/lib/libsat.a(cdc_cmn.o) (_CDSUB_GetCdstat)
../sbl/segalib/lib/libsat.a(cdc_dev.o)
                              ../sbl/segalib/lib/libsat.a(gfs_cdc.o) (_CDC_CdSetCon)
../sbl/segalib/lib/libsat.a(cdc_sel.o)
                              ../sbl/segalib/lib/libsat.a(gfs_cdc.o) (_CDC_SetFiltRange)
../sbl/segalib/lib/libsat.a(cdc_bif.o)
                              ../sbl/segalib/lib/libsat.a(gfs_cdc.o) (_CDC_GetBufSiz)
../sbl/segalib/lib/libsat.a(cdc_bio.o)
                              ../sbl/segalib/lib/libsat.a(gfs_cdc.o) (_CDC_SetSctLen)
../sbl/segalib/lib/libsat.a(cdc_cfs.o)
                              ../sbl/segalib/lib/libsat.a(gfs_cdc.o) (_CDC_ChgDir)
../sbl/segalib/lib/libsat.a(csh_main.o)
                              ../sbl/segalib/lib/libsat.a(gfs_trn.o) (_CSH_Purge)
../sbl/segalib/lib/libsat.a(dma_cpu0.o)
                              ../sbl/segalib/lib/libsat.a(gfs_trn.o) (_DMA_CpuSetComPrm)
../sbl/segalib/lib/libsat.a(dma_scu0.o)
                              ../sbl/segalib/lib/libsat.a(gfs_trn.o) (_DMA_ScuSetPrm)
../sbl/segalib/lib/libsat.a(spr_1c.o)
                              ../sbl/segalib/lib/libsat.a(spr_2c.o) (_SPR_SetTvMode)
../sbl/segalib/lib/libsat.a(spr_2a.o)
                              ../sbl/segalib/lib/libsat.a(spr_2c.o) (_SPR_2SetDrawPrty)
/opt/toolchains/sh-elf/bin/../lib/gcc/sh-elf/11.1.0/libgcc.a(_ashiftrt.o)
                              ../sbl/segalib/lib/libsat.a(gfs_cdf.o) (___ashiftrt_r4_6)
/opt/toolchains/sh-elf/bin/../lib/gcc/sh-elf/11.1.0/libgcc.a(_ashiftrt_n.o)
                              pcmsys.o (___ashrsi3)
/opt/toolchains/sh-elf/bin/../lib/gcc/sh-elf/11.1.0/libgcc.a(_ashiftlt.o)
                              scroll.o (___ashlsi3_r0)
/opt/toolchains/sh-elf/bin/../lib/gcc/sh-elf/11.1.0/libgcc.a(_movmem.o)
                              scroll.o (___movmem)
/opt/toolchains/sh-elf/bin/../lib/gcc/sh-elf/11.1.0/libgcc.a(_sdivsi3.o)
                              pcmsys.o (___sdivsi3)
/opt/toolchains/sh-elf/bin/../lib/gcc/sh-elf/11.1.0/libgcc.a(_udivsi3.o)
                              ../sbl/segalib/lib/libsat.a(gfs.o) (___udivsi3)
/opt/toolchains/sh-elf/bin/../lib/gcc/sh-elf/11.1.0/libgcc.a(_mul_df.o)
                              ../sbl/segalib/lib/libsat.a(scl_ro00.o) (___muldf3)
/opt/toolchains/sh-elf/bin/../lib/gcc/sh-elf/11.1.0/libgcc.a(_si_to_df.o)
                              ../sbl/segalib/lib/libsat.a(scl_ro00.o) (___floatsidf)
/opt/toolchains/sh-elf/bin/../lib/gcc/sh-elf/11.1.0/libgcc.a(_df_to_si.o)
                              ../sbl/segalib/lib/libsat.a(scl_ro00.o) (___fixdfsi)
/opt/toolchains/sh-elf/bin/../lib/gcc/sh-elf/11.1.0/libgcc.a(_thenan_df.o)
                              /opt/toolchains/sh-elf/bin/../lib/gcc/sh-elf/11.1.0/libgcc.a(_mul_df.o) (___thenan_df)
/opt/toolchains/sh-elf/bin/../lib/gcc/sh-elf/11.1.0/libgcc.a(_lshiftrt.o)
                              /opt/toolchains/sh-elf/bin/../lib/gcc/sh-elf/11.1.0/libgcc.a(_si_to_df.o) (___lshrsi3_r0)
/opt/toolchains/sh-elf/bin/../lib/gcc/sh-elf/11.1.0/libgcc.a(_clzsi2.o)
                              /opt/toolchains/sh-elf/bin/../lib/gcc/sh-elf/11.1.0/libgcc.a(_si_to_df.o) (___clzsi2)
/opt/toolchains/sh-elf/bin/../lib/gcc/sh-elf/11.1.0/libgcc.a(_pack_df.o)
                              /opt/toolchains/sh-elf/bin/../lib/gcc/sh-elf/11.1.0/libgcc.a(_mul_df.o) (___pack_d)
/opt/toolchains/sh-elf/bin/../lib/gcc/sh-elf/11.1.0/libgcc.a(_unpack_df.o)
                              /opt/toolchains/sh-elf/bin/../lib/gcc/sh-elf/11.1.0/libgcc.a(_mul_df.o) (___unpack_d)
/opt/toolchains/sh-elf/bin/../lib/gcc/sh-elf/11.1.0/libgcc.a(_clz.o)
                              /opt/toolchains/sh-elf/bin/../lib/gcc/sh-elf/11.1.0/libgcc.a(_clzsi2.o) (___clz_tab)
/opt/toolchains/sh-elf/bin/../lib/gcc/sh-elf/11.1.0/../../../../sh-elf/lib/libc.a(lib_a-memcmp.o)
                              ../sbl/segalib/lib/libsat.a(gfs.o) (_memcmp)
/opt/toolchains/sh-elf/bin/../lib/gcc/sh-elf/11.1.0/../../../../sh-elf/lib/libc.a(lib_a-memcpy.o)
                              scroll.o (_memcpy)
/opt/toolchains/sh-elf/bin/../lib/gcc/sh-elf/11.1.0/../../../../sh-elf/lib/libc.a(lib_a-memmove.o)
                              ../sbl/segalib/lib/libsat.a(gfs.o) (_memmove)
/opt/toolchains/sh-elf/bin/../lib/gcc/sh-elf/11.1.0/../../../../sh-elf/lib/libc.a(lib_a-memset.o)
                              scroll.o (_memset)
/opt/toolchains/sh-elf/bin/../lib/gcc/sh-elf/11.1.0/../../../../sh-elf/lib/libc.a(lib_a-strcpy.o)
                              ../sbl/segalib/lib/libsat.a(gfs_dir.o) (_strcpy)
/opt/toolchains/sh-elf/bin/../lib/gcc/sh-elf/11.1.0/../../../../sh-elf/lib/libc.a(lib_a-strncmp.o)
                              ../sbl/segalib/lib/libsat.a(gfs_dir.o) (_strncmp)
/opt/toolchains/sh-elf/bin/../lib/gcc/sh-elf/11.1.0/../../../../sh-elf/lib/libc.a(lib_a-strncpy.o)
                              ../sbl/segalib/lib/libsat.a(gfs_dir.o) (_strncpy)

Memory Configuration

Name             Origin             Length             Attributes
*default*        0x0000000000000000 0xffffffffffffffff

Linker script and memory map

LOAD entry.o
LOAD stack.o
LOAD vblank.o
LOAD cd.o
LOAD crc.o
LOAD devcart.o
LOAD game.o
LOAD pcmsys.o
LOAD piece.o
LOAD print.o
LOAD rng.o
LOAD scroll.o
LOAD sound.o
LOAD sprite.o
LOAD main.o
LOAD ../sbl/segalib/lib/libsat.a
LOAD /opt/toolchains/sh-elf/bin/../lib/gcc/sh-elf/11.1.0/libgcc.a
LOAD /opt/toolchains/sh-elf/bin/../lib/gcc/sh-elf/11.1.0/libgcc-Os-4-200.a
LOAD /opt/toolchains/sh-elf/bin/../lib/gcc/sh-elf/11.1.0/../../../../sh-elf/lib/libc.a
LOAD /opt/toolchains/sh-elf/bin/../lib/gcc/sh-elf/11.1.0/libgcc.a
LOAD /opt/toolchains/sh-elf/bin/../lib/gcc/sh-elf/11.1.0/libgcc-Os-4-200.a

.entry          0x0000000006010000       0x60
 *(.entry)
 .entry         0x0000000006010000       0x50 entry.o
                0x0000000006010000                _entry
                0x0000000006010060                . = ALIGN (0x20)
 *fill*         0x0000000006010050       0x10 
                0x0000000006010060                _eentry = ABSOLUTE (.)

.text           0x0000000006010060    0x11370
 *(.text*)
 .text          0x0000000006010060        0x0 entry.o
 .text          0x0000000006010060        0x0 stack.o
 .text          0x0000000006010060      0x1d0 vblank.o
                0x0000000006010060                _SetVblank
                0x0000000006010118                _CheckVblankEnd
                0x0000000006010130                _UsrVblankIn
                0x0000000006010158                _UsrVblankOut
 .text          0x0000000006010230      0x180 cd.o
                0x0000000006010230                _CD_Init
                0x0000000006010274                _CD_ChangeDir
                0x00000000060102e8                _CD_Load
 .text          0x00000000060103b0       0x98 crc.o
                0x00000000060103b0                _crc_update
 .text          0x0000000006010448      0x418 devcart.o
                0x0000000006010574                _Devcart_LoadFile
                0x0000000006010720                _Devcart_PrintStr
                0x0000000006010794                _Devcart_Reset
                0x00000000060107ec                _Devcart_ChangeDir
 .text          0x0000000006010860     0x11bc game.o
                0x0000000006010908                _Game_Init
                0x00000000060119d8                _Game_Run
 .text          0x0000000006011a1c      0x898 pcmsys.o
                0x0000000006011a1c                _smpc_wait_till_ready
                0x0000000006011a40                _smpc_issue_command
                0x0000000006011a78                _load_driver_binary
                0x0000000006011b54                _load_drv
                0x0000000006011bd8                _calculate_bytes_per_blank
                0x0000000006011c60                _load_16bit_pcm
                0x0000000006011ec0                _load_8bit_pcm
                0x000000000601211c                _pcm_play
                0x00000000060121b8                _pcm_parameter_change
                0x0000000006012238                _pcm_cease
 .text          0x00000000060122b4        0x0 piece.o
 .text          0x00000000060122b4      0x340 print.o
                0x00000000060122b4                _Print_Load
                0x00000000060122dc                _Print_Init
                0x000000000601235c                _Print_Num
                0x0000000006012420                _Print_String
                0x00000000060124f4                _Print_Display
 .text          0x00000000060125f4      0x240 rng.o
                0x00000000060126a8                _RNG_Init
                0x0000000006012750                _RNG_Get
 .text          0x0000000006012834      0xa60 scroll.o
                0x0000000006012834                _Scroll_Init
                0x0000000006012bd0                _Scroll_LoadTile
                0x0000000006012d04                _Scroll_TilePtr
                0x0000000006012d8c                _Scroll_MapPtr
                0x0000000006012e18                _Scroll_Scale
                0x0000000006012f70                _Scroll_Set
                0x0000000006012fe0                _Scroll_Move
                0x0000000006013050                _Scroll_ClearMaps
                0x00000000060130bc                _Scroll_ClearVram
                0x000000000601310c                _Scroll_CharSize
                0x0000000006013190                _Scroll_Enable
                0x0000000006013210                _Scroll_MapSize
 .text          0x0000000006013294      0x42c sound.o
                0x00000000060134c4                _sound_init
                0x00000000060135f0                _sound_cdda
                0x0000000006013688                _sound_play
 .text          0x00000000060136c0      0xd9c sprite.o
                0x00000000060136c0                _Sprite_Init
                0x00000000060137ac                _Sprite_Clear
                0x0000000006013b80                _Sprite_Load
                0x0000000006013c3c                _Sprite_StartDraw
                0x0000000006013c80                _Sprite_Draw
                0x0000000006014084                _Sprite_Make
                0x000000000601413c                _Sprite_DrawAll
                0x0000000006014224                _Sprite_Next
                0x00000000060142e0                _Sprite_ListAdd
                0x0000000006014342                _Sprite_ListRemove
                0x00000000060143be                _Sprite_Delete
                0x00000000060143fc                _Sprite_DeleteAll
 .text          0x000000000601445c       0xe8 main.o
                0x000000000601445c                _main
 .text          0x0000000006014544      0x354 ../sbl/segalib/lib/libsat.a(cdc_cmn.o)
                0x0000000006014544                _CDC_GetCurStat
                0x0000000006014588                _CDC_GetLastStat
                0x0000000006014594                _getPeriRsp
                0x000000000601461c                _CDC_GetPeriStat
                0x0000000006014660                _CDC_GetHwInfo
                0x00000000060146b8                _CDC_TgetToc
                0x0000000006014710                _CDC_GetSes
                0x0000000006014748                _CDC_CdInit
                0x00000000060147c0                _CDC_CdOpen
                0x00000000060147e8                _CDC_DataEnd
                0x000000000601483c                _CDC_DataReady
 .text          0x0000000006014898      0x108 ../sbl/segalib/lib/libsat.a(cdc_drv.o)
                0x0000000006014898                _analyPos
                0x00000000060148e8                _CDC_CdPlay
                0x000000000601493c                _CDC_CdSeek
                0x0000000006014974                _CDC_CdScan
 .text          0x00000000060149a0     0x1610 ../sbl/segalib/lib/libsat.a(gfs.o)
                0x00000000060149a0                _gfs_recovRdErr
                0x00000000060149c8                _GFS_SetErrFunc
                0x00000000060149ec                _GFS_GetErrStat
                0x0000000006014a0c                _gfs_mngSetupFuncTbl
                0x0000000006014a38                _gfs_mngInitWork
                0x0000000006014ab8                _gfs_mngGetNumFile
                0x0000000006014b10                _GFS_mngAllocGrp
                0x0000000006014b50                _gfs_mngFreeGrp
                0x0000000006014b56                _gfs_mngTermAccess
                0x0000000006014bc0                _gfs_mngSetErrCode
                0x0000000006014bf0                _GFS_SetDir
                0x0000000006014c54                _GFS_NameToId
                0x0000000006014ca4                _GFS_IdToName
                0x0000000006014d00                _GFS_Tell
                0x0000000006014d40                _GFS_NwIsComplete
                0x0000000006014d68                _GFS_CdMovePickup
                0x0000000006014dc8                _GFS_GetDirInfo
                0x0000000006014e40                _gfs_svrSearchHndl
                0x0000000006014e74                _gfs_svrAddHndl
                0x0000000006014ea8                _gfs_svrRemoveHndl
                0x0000000006014f1c                _GFS_NwStop
                0x0000000006014f74                _GFS_OpenSub
                0x0000000006014fbc                _GFS_Open
                0x0000000006015060                _GFS_GetFad
                0x00000000060150a4                _gfs_SetSct
                0x00000000060150d0                _GFS_NwCdRead
                0x0000000006015154                _gfs_GetFinfo
                0x00000000060151a2                _GFS_GetFileSize
                0x0000000006015204                _GFS_Seek
                0x00000000060152b8                _GFS_IsEof
                0x0000000006015318                _GFS_ByteToSct
                0x0000000006015374                _GFS_GetFileInfo
                0x00000000060153e8                _GFS_NwFread
                0x00000000060154fc                _GFS_NwGetStat
                0x0000000006015570                _GFS_SetGmode
                0x00000000060155d4                _GFS_SetTmode
                0x0000000006015648                _GFS_SetReadPara
                0x00000000060156ac                _GFS_SetTransPara
                0x0000000006015720                _gfs_transData
                0x00000000060157b0                _gfs_closeSub
                0x00000000060157e0                _GFS_Close
                0x0000000006015818                _GFS_LoadDir
                0x00000000060158b4                _gfs_getGmode
                0x00000000060158ba                _gfs_isTaskDone
                0x0000000006015904                _gfs_convFinStat
                0x0000000006015968                _gfs_flowIn
                0x00000000060159e8                _GFS_NwExecOne
                0x0000000006015a78                _GFS_Fread
                0x0000000006015bc0                _GFS_Load
                0x0000000006015c88                _gfs_loadVol
                0x0000000006015d4c                _gfs_getRootDir
                0x0000000006015dd4                _gfs_loadRootDir
                0x0000000006015e5c                _GFS_Init
                0x0000000006015f48                _GFS_NwExecServer
 .text          0x0000000006015fb0       0x6c ../sbl/segalib/lib/libsat.a(gfs_buf.o)
                0x0000000006015fb0                _GFBF_GetTranData
                0x0000000006015fc4                _GFBF_GetNumData
                0x0000000006015fdc                _GFBF_GetSrcPk
                0x0000000006015ff0                _GFBF_GetSctData
                0x0000000006016004                _GFBF_RtnPk
                0x0000000006016018                _gfbf_getSctDt
 .text          0x000000000601601c      0x484 ../sbl/segalib/lib/libsat.a(gfs_cdb.o)
                0x000000000601601c                _GFCB_Setup
                0x00000000060160e0                _GFCB_Close
                0x0000000006016100                _GFCB_GetLenData
                0x0000000006016194                _GFCB_GetLenRoom
                0x0000000006016198                _GFCB_SetFilt
                0x00000000060161f0                _GFCB_DeleteAllData
                0x000000000601620c                _GFCB_Tell
                0x0000000006016214                _GFCB_Seek
                0x00000000060162f8                _GFCB_GetSrcPack
                0x00000000060163c0                _GFCB_GetSctData
                0x00000000060163ec                _GFCB_GetDstPack
                0x00000000060163f0                _GFCB_RtnPk
                0x0000000006016430                _GFCB_MovePickup
                0x0000000006016440                _GFCB_SetCon
                0x0000000006016468                _GFCB_GetPickup
                0x0000000006016488                _GFCB_IsPuOwner
                0x0000000006016494                _GFCB_UngetPickup
 .text          0x00000000060164a0     0x1504 ../sbl/segalib/lib/libsat.a(gfs_cdc.o)
                0x00000000060164a0                _GFCD_AllocFilt
                0x00000000060164d0                _GFCD_FreeFilt
                0x00000000060164f8                _GFCD_AllocBuf
                0x0000000006016524                _GFCD_GetBaseFad
                0x0000000006016550                _GFCD_GetPickup
                0x0000000006016574                _GFCD_UngetPickup
                0x0000000006016598                _GFCD_IsPuOwner
                0x00000000060165b0                _GFCD_CheckDelSctData
                0x00000000060165d8                _GFCD_CheckMove
                0x00000000060165f0                _gfcd_isIdleTask
                0x0000000006016654                _GFCD_SetTimer
                0x0000000006016660                _gfcd_checkEflag
                0x000000000601667c                _gfcd_initCdbMng
                0x00000000060166e4                _gfcd_setStat
                0x0000000006016708                _GFCD_GetFilt
                0x000000000601674c                _GFCD_EndData
                0x0000000006016790                _GFCD_GetSctInfo
                0x00000000060167d4                _GFCD_GetFileInfo
                0x000000000601689c                _GFCD_GetBufSiz
                0x00000000060168cc                _gfcd_doSetFiltTsk
                0x0000000006016a38                _GFCD_SetFilt
                0x0000000006016ad0                _gfcd_doSetConTsk
                0x0000000006016b48                _GFCD_SetCon
                0x0000000006016b94                _gfcd_doGetLenDataTsk
                0x0000000006016c94                _GFCD_GetLenData
                0x0000000006016cd8                _gfcd_doReqDataTsk
                0x0000000006016d4c                _GFCD_ReqData
                0x0000000006016d94                _gfcd_doDelSctDataTsk
                0x0000000006016ea0                _GFCD_DelSctData
                0x0000000006016eec                _gfcd_doMoveSctTsk
                0x0000000006017008                _GFCD_MoveSctData
                0x0000000006017064                _gfcd_doSetFiltConTsk
                0x0000000006017160                _GFCD_SetFiltCon
                0x0000000006017258                _GFCD_SetCsctFunc
                0x0000000006017268                _GFCD_WaitScdqFlag
                0x00000000060172ac                _GFCD_GetStat
                0x000000000601731c                _GFCD_Init
                0x0000000006017504                _GFCD_Play
                0x0000000006017554                _GFCD_MovePickup
                0x000000000601759c                _gfcd_doChgDirTsk
                0x0000000006017740                _GFCD_ChgDir
                0x00000000060177a8                _gfcd_doTask
                0x0000000006017818                _GFCD_ExecServer
                0x00000000060178f4                _GFCD_FreeBuf
                0x0000000006017970                _GFCD_WaitServer
 .text          0x00000000060179a4      0x600 ../sbl/segalib/lib/libsat.a(gfs_cdf.o)
                0x00000000060179a4                _GFCF_Init
                0x00000000060179fc                _GFCF_SetSct
                0x0000000006017a28                _GFCF_GetFileInfo
                0x0000000006017a86                _GFCF_Recover
                0x0000000006017ac8                _GFCF_Tell
                0x0000000006017ad4                _GFCF_Seek
                0x0000000006017ae0                _GFCF_cnvIntlvOfs
                0x0000000006017b14                _GFCF_GetStat
                0x0000000006017b60                _GFCF_StopInBuf
                0x0000000006017bd8                _GFCF_MovePickup
                0x0000000006017c5c                _gfcf_getSctSize
                0x0000000006017c94                _GFCF_Setup
                0x0000000006017d4c                _gfcf_isCdOk
                0x0000000006017d98                _gfcf_getPlayRange
                0x0000000006017ea0                _GFCF_FlowInBuf
 .text          0x0000000006017fa4      0x7e8 ../sbl/segalib/lib/libsat.a(gfs_dir.o)
                0x0000000006017fa4                _GFDR_NameToId
                0x0000000006017ff4                _GFDR_GetInfoDirId
                0x0000000006018000                _GFDR_GetInfoDirName
                0x000000000601800c                _GFDR_GetAtrDirId
                0x000000000601801c                _GFDR_GetAtrDirName
                0x000000000601802c                _GFDR_ChgDir
                0x000000000601809c                _GFDR_ChgRoot
                0x00000000060180a8                _gfdr_open
                0x00000000060180c8                _gfdr_read
                0x0000000006018180                _gfdr_readByte
                0x00000000060181a8                _gfdr_readWord
                0x00000000060181d0                _gfdr_readWordNB
                0x000000000601821c                _gfdr_readLongNB
                0x0000000006018264                _gfdr_readLongNM
                0x0000000006018284                _gfdr_setNextRec
                0x0000000006018300                _gfdr_readDirEnt
                0x00000000060185e8                _gfdr_setDirrecCd
                0x0000000006018606                _gfdr_setupDirIdTbl
                0x000000000601867c                _gfdr_setupDirNameTbl
                0x000000000601871c                _GFDR_SetupDirTbl
 .text          0x000000000601878c      0x818 ../sbl/segalib/lib/libsat.a(gfs_trn.o)
                0x000000000601878c                _gftr_reqScu
                0x0000000006018790                _gftr_remCpu
                0x0000000006018794                _gftr_execScu
                0x0000000006018814                _gftr_remScu
                0x0000000006018834                _gftr_reqDma0
                0x0000000006018838                _gftr_reqDma1
                0x000000000601883c                _gftr_reqCpu
                0x0000000006018840                _GFTR_Setup
                0x0000000006018866                _GFTR_SetMode
                0x0000000006018872                _GFTR_SetUnit
                0x0000000006018876                _GFTR_SetTransPara
                0x0000000006018888                _GFTR_GetTransPara
                0x000000000601888c                _GFTR_GetNumTrans
                0x0000000006018890                _GFTR_SetTransMax
                0x0000000006018896                _GFTR_Start
                0x000000000601889c                _GFTR_Pause
                0x00000000060188a2                _gfdma_canUse
                0x00000000060188a6                _gfdma_exec
                0x0000000006018980                _gftr_execSdma0
                0x00000000060189a4                _gftr_execSdma1
                0x00000000060189c8                _gftr_reqTrn
                0x0000000006018a1c                _gftr_execTrn
                0x0000000006018ae8                _gftr_remTrn
                0x0000000006018b48                _gftr_copyFrac
                0x0000000006018b6c                _gfdma_getBytecnt
                0x0000000006018b9c                _gftr_remDma0
                0x0000000006018ba8                _gftr_remDma1
                0x0000000006018bb4                _gftr_execCpu
                0x0000000006018c00                _GFTR_GetLenData
                0x0000000006018c04                _GFTR_GetLenRoom
                0x0000000006018c12                _gftr_getSrcPack
                0x0000000006018c94                _GFTR_Idle
                0x0000000006018d04                _GFTR_GetDstPack
                0x0000000006018d30                _gftr_getDstPack
                0x0000000006018d70                _gftr_execSub
                0x0000000006018e78                _GFTR_Exec
                0x0000000006018ed0                _GFTR_Stop
                0x0000000006018f70                _GFTR_RtnDstPk
                0x0000000006018f7e                _GFTR_GetData
                0x0000000006018f8c                _GFTR_SetData
                0x0000000006018f98                _GFTR_SetTransFunc
 .text          0x0000000006018fa4       0x24 ../sbl/segalib/lib/libsat.a(mth_rand.o)
                0x0000000006018fa4                _MTH_InitialRand
                0x0000000006018fb0                _MTH_GetRand
 .text          0x0000000006018fc8       0x78 ../sbl/segalib/lib/libsat.a(mth_fixd.o)
                0x0000000006018fc8                _MTH_Mul
                0x0000000006018fdc                _MTH_Div
                0x0000000006018ff0                _MTH_IntToFixed
                0x0000000006018ff8                _MTH_FixedToInt
                0x0000000006019000                _MTH_Product
 .text          0x0000000006019040      0x5d4 ../sbl/segalib/lib/libsat.a(mth_tri.o)
                0x0000000006019040                _MTH_Sin
                0x0000000006019080                _MTH_Cos
                0x00000000060190c4                _fcos
                0x00000000060190ca                _fsin
                0x000000000601925c                _MTH_Atan
 .text          0x0000000006019614      0xf58 ../sbl/segalib/lib/libsat.a(per_prt.o)
                0x0000000006019a14                _PER_IntFunc
                0x000000000601a2c4                _PER_Init
                0x000000000601a46c                _PER_GetPer
 .text          0x000000000601a56c      0xcbc ../sbl/segalib/lib/libsat.a(spr_2c.o)
                0x000000000601a56c                _SPR_2SetTvMode
                0x000000000601a57c                _SPR_2FrameChgIntr
                0x000000000601a590                _SPR_2FrameEraseData
                0x000000000601a5d0                _SPR_2SetGourTbl
                0x000000000601a600                _SPR_2SetLookupTbl
                0x000000000601a61c                _SPR_2SetChar
                0x000000000601a748                _SPR_2ClrChar
                0x000000000601a850                _SPR_2ClrAllChar
                0x000000000601a89c                _SPR_2Initial
                0x000000000601a9f0                _SPR_2GourTblNoToVram
                0x000000000601aa0c                _SPR_2LookupTblNoToVram
                0x000000000601aa1c                _SPR_2CharNoToVram
                0x000000000601aa30                _SPR_2GetAreaSizeInfo
                0x000000000601aa90                _SPR_2OpenCommand
                0x000000000601ab28                _SPR_2FlushDrawPrty
                0x000000000601ab68                _SPR_2CloseCommand
                0x000000000601ac88                _SPR_2LocalCoord
                0x000000000601ace0                _SPR_2SysClip
                0x000000000601ad28                _SPR_2UserClip
                0x000000000601ad78                _SPR_2Line
                0x000000000601ae14                _SPR_2PolyLine
                0x000000000601aeb4                _SPR_2Polygon
                0x000000000601af54                _SPR_2NormSpr
                0x000000000601b020                _SPR_2ScaleSpr
                0x000000000601b108                _SPR_2DistSpr
                0x000000000601b1e0                _SPR_2Cmd
 .text          0x000000000601b228      0x754 ../sbl/segalib/lib/libsat.a(scl_func.o)
                0x000000000601b228                _SCL_ParametersInit
                0x000000000601b314                _SCL_Vdp2Init
                0x000000000601b37c                _SCL_Open
                0x000000000601b398                _SCL_Close
                0x000000000601b3ac                _SCL_MoveTo
                0x000000000601b4a0                _SCL_Move
                0x000000000601b5cc                _SCL_Scale
                0x000000000601b6d0                _SCL_Memcpyw
                0x000000000601b6e4                _SCL_CopyReg
                0x000000000601b7c4                _SCL_SetColRamMode
                0x000000000601b814                _SCL_PriIntProc
                0x000000000601b910                _SCL_ScrollShow
 .text          0x000000000601b97c      0x384 ../sbl/segalib/lib/libsat.a(scl_fu02.o)
                0x000000000601b97c                _SCL_InitVramConfigTb
                0x000000000601b98a                _SCL_SetVramConfig
 .text          0x000000000601bd00      0x62c ../sbl/segalib/lib/libsat.a(scl_fu03.o)
                0x000000000601bd00                _SCL_InitConfigTb
                0x000000000601bd18                _SCL_SetConfig
 .text          0x000000000601c32c       0x18 ../sbl/segalib/lib/libsat.a(scl_fu04.o)
                0x000000000601c32c                _SCL_SetCycleTable
 .text          0x000000000601c344      0xf30 ../sbl/segalib/lib/libsat.a(scl_pri.o)
                0x000000000601c344                _SCL_PriorityInit
                0x000000000601c8f0                _SCL_GetColRamMode
                0x000000000601c910                _SCL_AbortAutoVe
                0x000000000601c91c                _SCL_SetColMixRate
                0x000000000601cc84                _SCL_IncColOffset
                0x000000000601ccf8                _SCL_AutoExec
                0x000000000601d124                _SCL_SetShadowBit
 .text          0x000000000601d274      0xe38 ../sbl/segalib/lib/libsat.a(scl_ro00.o)
                0x000000000601d398                _SCL_InitRotateTable
                0x000000000601d5e0                _SCL_RotateZD
                0x000000000601d720                _SCL_Rotate
 .text          0x000000000601e0ac       0x74 ../sbl/segalib/lib/libsat.a(scl_back.o)
                0x000000000601e0ac                _SCL_SetBack
 .text          0x000000000601e120      0x264 ../sbl/segalib/lib/libsat.a(scl_vblv.o)
                0x000000000601e120                _SCL_SetFrameInterval
                0x000000000601e198                _SCL_DisplayFrame
                0x000000000601e1c4                _SCL_VblInit
                0x000000000601e20c                _SCL_VblankStart
                0x000000000601e2dc                _SCL_VblankEnd
 .text          0x000000000601e384       0x54 ../sbl/segalib/lib/libsat.a(scl_pr01.o)
                0x000000000601e384                _SCL_SetSpriteMode
 .text          0x000000000601e3d8       0x90 ../sbl/segalib/lib/libsat.a(scl_pr02.o)
                0x000000000601e3d8                _SCL_SetColRam
 .text          0x000000000601e468      0x10c ../sbl/segalib/lib/libsat.a(scl_pr03.o)
                0x000000000601e468                _SCL_FreeColRam
                0x000000000601e490                _SCL_AllocColRam
 .text          0x000000000601e574       0xac ../sbl/segalib/lib/libsat.a(scl_pr05.o)
                0x000000000601e574                _SCL_GetColRamOffset
 .text          0x000000000601e620      0x180 ../sbl/segalib/lib/libsat.a(scl_pr06.o)
                0x000000000601e620                _SCL_SetColRamOffset
 .text          0x000000000601e7a0      0x1c8 ../sbl/segalib/lib/libsat.a(scl_pr07.o)
                0x000000000601e7a0                _SCL_SetPriority
 .text          0x000000000601e968      0x234 ../sbl/segalib/lib/libsat.a(cdc_reg.o)
                0x000000000601e968                _CDC_GetDataPtr
                0x000000000601e974                _CDC_GetHirqReq
                0x000000000601e980                _CDC_ClrHirqReq
                0x000000000601e9a0                _CDREG_ClrHirqReq
                0x000000000601e9ac                _CDREG_InitHirqReq
                0x000000000601e9c4                _CDREG_SetHirqFlag
                0x000000000601e9d4                _CDC_GetHirqMsk
                0x000000000601e9e0                _CDC_SetHirqMsk
                0x000000000601e9ec                _CDC_GetMpegPtr
                0x000000000601e9f8                _CDREG_TgetData
                0x000000000601ea54                _CDREG_WaitHirq
                0x000000000601ea7c                _writeCmd
                0x000000000601ea9c                _CDREG_ReadRsp
                0x000000000601eac0                _doCmdRsp
                0x000000000601eb68                _CDREG_CmdRsp
 .text          0x000000000601eb9c       0xf4 ../sbl/segalib/lib/libsat.a(cdc_sub.o)
                0x000000000601eb9c                _CDSUB_GetCdstat
                0x000000000601ebd0                _CDSUB_RspToCdstat
                0x000000000601ec02                _CDSUB_CdCmd
                0x000000000601ec64                _CDSUB_UpdStatus
                0x000000000601ec70                _CDSUB_UpdCdstat
                0x000000000601ec8c                _CDSUB_SoftTimer
 .text          0x000000000601ec90       0xb4 ../sbl/segalib/lib/libsat.a(cdc_dev.o)
                0x000000000601ec90                _CDC_CdSetCon
                0x000000000601ecc4                _CDC_CdGetCon
                0x000000000601ed04                _CDC_CdGetLastBuf
 .text          0x000000000601ed44      0x290 ../sbl/segalib/lib/libsat.a(cdc_sel.o)
                0x000000000601ed44                _CDC_SetFiltRange
                0x000000000601ed80                _CDC_GetFiltRange
                0x000000000601edec                _CDC_SetFiltSubh
                0x000000000601ee3c                _CDC_GetFiltSubh
                0x000000000601eea0                _CDC_SetFiltMode
                0x000000000601eed4                _CDC_GetFiltMode
                0x000000000601ef14                _CDC_SetFiltCon
                0x000000000601ef4c                _CDC_GetFiltCon
                0x000000000601efa0                _CDC_ResetSelector
 .text          0x000000000601efd4      0x234 ../sbl/segalib/lib/libsat.a(cdc_bif.o)
                0x000000000601efd4                _CDC_GetBufSiz
                0x000000000601f02c                _CDC_GetSctNum
                0x000000000601f074                _CDC_CalActSiz
                0x000000000601f0a4                _chkEselUpdStatus
                0x000000000601f0d8                _CDC_GetActSiz
                0x000000000601f11c                _CDC_GetSctInfo
                0x000000000601f174                _CDC_ExeFadSearch
                0x000000000601f1a8                _CDC_GetFadSearch
 .text          0x000000000601f208      0x190 ../sbl/segalib/lib/libsat.a(cdc_bio.o)
                0x000000000601f208                _CDC_SetSctLen
                0x000000000601f238                _CDC_GetSctData
                0x000000000601f268                _CDC_DelSctData
                0x000000000601f298                _CDC_GetdelSctData
                0x000000000601f2c8                _CDC_PutSctData
                0x000000000601f2f8                _CDC_CopySctData
                0x000000000601f32c                _CDC_MoveSctData
                0x000000000601f360                _CDC_GetCopyErr
 .text          0x000000000601f398      0x1a4 ../sbl/segalib/lib/libsat.a(cdc_cfs.o)
                0x000000000601f398                _CDC_ChgDir
                0x000000000601f3d0                _CDC_ReadDir
                0x000000000601f408                _CDC_GetFileScope
                0x000000000601f468                _CDC_TgetFileInfo
                0x000000000601f4c0                _CDC_ReadFile
                0x000000000601f500                _CDC_AbortFile
 .text          0x000000000601f53c       0xb0 ../sbl/segalib/lib/libsat.a(csh_main.o)
                0x000000000601f53c                _CSH_Init
                0x000000000601f588                _CSH_AllClr
                0x000000000601f5c8                _CSH_Purge
 .text          0x000000000601f5ec      0x13c ../sbl/segalib/lib/libsat.a(dma_cpu0.o)
                0x000000000601f5ec                _DMA_CpuSetComPrm
                0x000000000601f624                _DMA_CpuSetPrm
                0x000000000601f6d8                _DMA_CpuStart
                0x000000000601f6e8                _DMA_CpuStop
                0x000000000601f6fa                _DMA_CpuAllStop
                0x000000000601f708                _DMA_CpuGetComStatus
                0x000000000601f71a                _DMA_CpuGetStatus
 .text          0x000000000601f728      0x274 ../sbl/segalib/lib/libsat.a(dma_scu0.o)
                0x000000000601f728                _DMA_ScuIntFunc0
                0x000000000601f788                _DMA_ScuIntFunc1
                0x000000000601f7ec                _DMA_ScuIntFunc2
                0x000000000601f850                _DMA_ScuSetPrm
                0x000000000601f8b8                _DMA_ScuStart
                0x000000000601f970                _DMA_ScuGetStatus
 .text          0x000000000601f99c      0x240 ../sbl/segalib/lib/libsat.a(spr_1c.o)
                0x000000000601f99c                _SPR_SetTvMode
                0x000000000601fa18                _SPR_GetStatus
                0x000000000601fa6c                _SPR_SetEraseData
                0x000000000601fb04                _SPR_Initial
                0x000000000601fbb8                _SPR_WaitDrawEnd
                0x000000000601fbc8                _SPR_SetEosMode
 .text          0x000000000601fbdc      0x16c ../sbl/segalib/lib/libsat.a(spr_2a.o)
                0x000000000601fbdc                _SPR_2SetDrawPrty
                0x000000000601fc4c                _SPR_2FlushDrawPrtyBlock
 .text          0x000000000601fd48       0x52 /opt/toolchains/sh-elf/bin/../lib/gcc/sh-elf/11.1.0/libgcc.a(_ashiftrt.o)
                0x000000000601fd48                ___ashiftrt_r4_31
                0x000000000601fd48                ___ashiftrt_r4_32
                0x000000000601fd4e                ___ashiftrt_r4_30
                0x000000000601fd50                ___ashiftrt_r4_29
                0x000000000601fd52                ___ashiftrt_r4_28
                0x000000000601fd54                ___ashiftrt_r4_27
                0x000000000601fd56                ___ashiftrt_r4_26
                0x000000000601fd58                ___ashiftrt_r4_25
                0x000000000601fd5a                ___ashiftrt_r4_24
                0x000000000601fd62                ___ashiftrt_r4_23
                0x000000000601fd64                ___ashiftrt_r4_22
                0x000000000601fd66                ___ashiftrt_r4_21
                0x000000000601fd68                ___ashiftrt_r4_20
                0x000000000601fd6a                ___ashiftrt_r4_19
                0x000000000601fd6c                ___ashiftrt_r4_18
                0x000000000601fd6e                ___ashiftrt_r4_17
                0x000000000601fd70                ___ashiftrt_r4_16
                0x000000000601fd76                ___ashiftrt_r4_15
                0x000000000601fd78                ___ashiftrt_r4_14
                0x000000000601fd7a                ___ashiftrt_r4_13
                0x000000000601fd7c                ___ashiftrt_r4_12
                0x000000000601fd7e                ___ashiftrt_r4_11
                0x000000000601fd80                ___ashiftrt_r4_10
                0x000000000601fd82                ___ashiftrt_r4_9
                0x000000000601fd84                ___ashiftrt_r4_8
                0x000000000601fd86                ___ashiftrt_r4_7
                0x000000000601fd88                ___ashiftrt_r4_6
                0x000000000601fd8a                ___ashiftrt_r4_5
                0x000000000601fd8c                ___ashiftrt_r4_4
                0x000000000601fd8e                ___ashiftrt_r4_3
                0x000000000601fd90                ___ashiftrt_r4_2
                0x000000000601fd92                ___ashiftrt_r4_1
                0x000000000601fd96                ___ashiftrt_r4_0
 *fill*         0x000000000601fd9a        0x2 
 .text          0x000000000601fd9c       0x80 /opt/toolchains/sh-elf/bin/../lib/gcc/sh-elf/11.1.0/libgcc.a(_ashiftrt_n.o)
                0x000000000601fd9c                ___ashrsi3
 .text          0x000000000601fe1c       0xbc /opt/toolchains/sh-elf/bin/../lib/gcc/sh-elf/11.1.0/libgcc.a(_ashiftlt.o)
                0x000000000601fe1c                ___ashlsi3
                0x000000000601fe20                ___ashlsi3_r0
 .text          0x000000000601fed8       0x78 /opt/toolchains/sh-elf/bin/../lib/gcc/sh-elf/11.1.0/libgcc.a(_movmem.o)
                0x000000000601fed8                ___movmem
                0x000000000601fed8                ___movstr
                0x000000000601ff0c                ___movmemSI64
                0x000000000601ff0c                ___movstrSI64
                0x000000000601ff10                ___movmemSI60
                0x000000000601ff10                ___movstrSI60
                0x000000000601ff14                ___movstrSI56
                0x000000000601ff14                ___movmemSI56
                0x000000000601ff18                ___movmemSI52
                0x000000000601ff18                ___movstrSI52
                0x000000000601ff1c                ___movstrSI48
                0x000000000601ff1c                ___movmemSI48
                0x000000000601ff20                ___movmemSI44
                0x000000000601ff20                ___movstrSI44
                0x000000000601ff24                ___movstrSI40
                0x000000000601ff24                ___movmemSI40
                0x000000000601ff28                ___movstrSI36
                0x000000000601ff28                ___movmemSI36
                0x000000000601ff2c                ___movstrSI32
                0x000000000601ff2c                ___movmemSI32
                0x000000000601ff30                ___movmemSI28
                0x000000000601ff30                ___movstrSI28
                0x000000000601ff34                ___movmemSI24
                0x000000000601ff34                ___movstrSI24
                0x000000000601ff38                ___movmemSI20
                0x000000000601ff38                ___movstrSI20
                0x000000000601ff3c                ___movstrSI16
                0x000000000601ff3c                ___movmemSI16
                0x000000000601ff40                ___movmemSI12
                0x000000000601ff40                ___movstrSI12
                0x000000000601ff44                ___movstrSI8
                0x000000000601ff44                ___movmemSI8
                0x000000000601ff48                ___movstrSI4
                0x000000000601ff48                ___movmemSI4
 .text          0x000000000601ff50       0xa0 /opt/toolchains/sh-elf/bin/../lib/gcc/sh-elf/11.1.0/libgcc.a(_sdivsi3.o)
                0x000000000601ff50                ___sdivsi3
 .text          0x000000000601fff0       0x6c /opt/toolchains/sh-elf/bin/../lib/gcc/sh-elf/11.1.0/libgcc.a(_udivsi3.o)
                0x0000000006020012                ___udivsi3
 .text          0x000000000602005c      0x208 /opt/toolchains/sh-elf/bin/../lib/gcc/sh-elf/11.1.0/libgcc.a(_mul_df.o)
                0x000000000602005c                ___muldf3
 .text          0x0000000006020264       0xa8 /opt/toolchains/sh-elf/bin/../lib/gcc/sh-elf/11.1.0/libgcc.a(_si_to_df.o)
                0x0000000006020264                ___floatsidf
 .text          0x000000000602030c       0xa0 /opt/toolchains/sh-elf/bin/../lib/gcc/sh-elf/11.1.0/libgcc.a(_df_to_si.o)
                0x000000000602030c                ___fixdfsi
 .text          0x00000000060203ac        0x0 /opt/toolchains/sh-elf/bin/../lib/gcc/sh-elf/11.1.0/libgcc.a(_thenan_df.o)
 .text          0x00000000060203ac       0xbc /opt/toolchains/sh-elf/bin/../lib/gcc/sh-elf/11.1.0/libgcc.a(_lshiftrt.o)
                0x00000000060203ac                ___lshrsi3
                0x00000000060203b0                ___lshrsi3_r0
 .text          0x0000000006020468       0x74 /opt/toolchains/sh-elf/bin/../lib/gcc/sh-elf/11.1.0/libgcc.a(_clzsi2.o)
                0x0000000006020468                ___clzsi2
 .text          0x00000000060204dc      0x29c /opt/toolchains/sh-elf/bin/../lib/gcc/sh-elf/11.1.0/libgcc.a(_pack_df.o)
                0x00000000060204dc                ___pack_d
 .text          0x0000000006020778       0xcc /opt/toolchains/sh-elf/bin/../lib/gcc/sh-elf/11.1.0/libgcc.a(_unpack_df.o)
                0x0000000006020778                ___unpack_d
 .text          0x0000000006020844        0x0 /opt/toolchains/sh-elf/bin/../lib/gcc/sh-elf/11.1.0/libgcc.a(_clz.o)
 .text          0x0000000006020844       0x64 /opt/toolchains/sh-elf/bin/../lib/gcc/sh-elf/11.1.0/../../../../sh-elf/lib/libc.a(lib_a-memcmp.o)
                0x0000000006020844                _memcmp
 .text          0x00000000060208a8       0x94 /opt/toolchains/sh-elf/bin/../lib/gcc/sh-elf/11.1.0/../../../../sh-elf/lib/libc.a(lib_a-memcpy.o)
                0x00000000060208a8                _memcpy
 .text          0x000000000602093c       0xcc /opt/toolchains/sh-elf/bin/../lib/gcc/sh-elf/11.1.0/../../../../sh-elf/lib/libc.a(lib_a-memmove.o)
                0x000000000602093c                _memmove
 .text          0x0000000006020a08       0x40 /opt/toolchains/sh-elf/bin/../lib/gcc/sh-elf/11.1.0/../../../../sh-elf/lib/libc.a(lib_a-memset.o)
                0x0000000006020a08                _memset
 .text          0x0000000006020a48       0x3c /opt/toolchains/sh-elf/bin/../lib/gcc/sh-elf/11.1.0/../../../../sh-elf/lib/libc.a(lib_a-strcpy.o)
                0x0000000006020a48                _strcpy
 .text          0x0000000006020a84       0xd0 /opt/toolchains/sh-elf/bin/../lib/gcc/sh-elf/11.1.0/../../../../sh-elf/lib/libc.a(lib_a-strncmp.o)
                0x0000000006020a84                _strncmp
 .text          0x0000000006020b54       0xd4 /opt/toolchains/sh-elf/bin/../lib/gcc/sh-elf/11.1.0/../../../../sh-elf/lib/libc.a(lib_a-strncpy.o)
                0x0000000006020b54                _strncpy
 *(.rodata*)
 .rodata        0x0000000006020c28      0x100 crc.o
 .rodata        0x0000000006020d28       0x23 game.o
 *fill*         0x0000000006020d4b        0x1 
 .rodata        0x0000000006020d4c      0x409 pcmsys.o
 *fill*         0x0000000006021155        0x3 
 .rodata        0x0000000006021158        0x9 print.o
 *fill*         0x0000000006021161        0x3 
 .rodata        0x0000000006021164       0x7b sound.o
 *fill*         0x00000000060211df        0x1 
 .rodata        0x00000000060211e0        0xa ../sbl/segalib/lib/libsat.a(gfs.o)
 *fill*         0x00000000060211ea        0x2 
 .rodata        0x00000000060211ec       0x30 ../sbl/segalib/lib/libsat.a(gfs_buf.o)
 .rodata        0x000000000602121c       0x2d ../sbl/segalib/lib/libsat.a(gfs_cdf.o)
 *fill*         0x0000000006021249        0x3 
 .rodata.str1.4
                0x000000000602124c        0x7 ../sbl/segalib/lib/libsat.a(gfs_dir.o)
 *fill*         0x0000000006021253        0x1 
 .rodata        0x0000000006021254       0x30 ../sbl/segalib/lib/libsat.a(gfs_trn.o)
 .rodata        0x0000000006021284        0xc ../sbl/segalib/lib/libsat.a(dma_scu0.o)
 .rodata        0x0000000006021290       0x20 ../sbl/segalib/lib/libsat.a(spr_1c.o)
 .rodata        0x00000000060212b0       0x14 /opt/toolchains/sh-elf/bin/../lib/gcc/sh-elf/11.1.0/libgcc.a(_thenan_df.o)
                0x00000000060212b0                ___thenan_df
 .rodata        0x00000000060212c4      0x100 /opt/toolchains/sh-elf/bin/../lib/gcc/sh-elf/11.1.0/libgcc.a(_clz.o)
                0x00000000060212c4                ___clz_tab
 *(.strings)
                0x00000000060213d0                . = ALIGN (0x10)
 *fill*         0x00000000060213c4        0xc 
                0x00000000060213d0                _etext = ABSOLUTE (.)

.tors           0x00000000060213d0        0x0
                0x00000000060213d0                ___ctors = .
 *(.ctors)
                0x00000000060213d0                ___ctors_end = .
                0x00000000060213d0                ___dtors = .
 *(.dtors)
                0x00000000060213d0                ___dtors_end = .
                0x00000000060213d0                . = ALIGN (0x10)
                0x00000000060213d0                _etors = ABSOLUTE (.)

.data           0x00000000060213d0      0x7a0
 *(.data)
 .data          0x00000000060213d0        0x0 entry.o
 .data          0x00000000060213d0        0x0 stack.o
 .data          0x00000000060213d0        0x0 vblank.o
 .data          0x00000000060213d0        0x0 cd.o
 .data          0x00000000060213d0        0x0 crc.o
 .data          0x00000000060213d0        0x0 devcart.o
 .data          0x00000000060213d0        0x0 game.o
 .data          0x00000000060213d0        0xc pcmsys.o
                0x00000000060213d0                _m68k_com
                0x00000000060213d4                _scsp_load
                0x00000000060213d8                _master_volume
 .data          0x00000000060213dc      0x700 piece.o
                0x00000000060213dc                _pieces
 .data          0x0000000006021adc        0x0 print.o
 .data          0x0000000006021adc        0x0 rng.o
 .data          0x0000000006021adc       0x50 scroll.o
                0x0000000006021adc                _vram
                0x0000000006021aec                _charOffsets
                0x0000000006021afc                _cycleTbLoRes
                0x0000000006021b0c                _cycleTbHiRes
                0x0000000006021b1c                _cycleTbBitmap
 .data          0x0000000006021b2c        0x0 sound.o
 .data          0x0000000006021b2c       0x18 sprite.o
 .data          0x0000000006021b44        0x0 main.o
 .data          0x0000000006021b44        0x0 ../sbl/segalib/lib/libsat.a(cdc_cmn.o)
 .data          0x0000000006021b44        0x0 ../sbl/segalib/lib/libsat.a(cdc_drv.o)
 .data          0x0000000006021b44        0x0 ../sbl/segalib/lib/libsat.a(gfs.o)
 .data          0x0000000006021b44        0x0 ../sbl/segalib/lib/libsat.a(gfs_buf.o)
 .data          0x0000000006021b44        0x0 ../sbl/segalib/lib/libsat.a(gfs_cdb.o)
 .data          0x0000000006021b44        0x0 ../sbl/segalib/lib/libsat.a(gfs_cdc.o)
 .data          0x0000000006021b44        0x0 ../sbl/segalib/lib/libsat.a(gfs_cdf.o)
 .data          0x0000000006021b44        0x0 ../sbl/segalib/lib/libsat.a(gfs_dir.o)
 .data          0x0000000006021b44        0x0 ../sbl/segalib/lib/libsat.a(gfs_trn.o)
 .data          0x0000000006021b44        0x0 ../sbl/segalib/lib/libsat.a(mth_rand.o)
 .data          0x0000000006021b44        0x0 ../sbl/segalib/lib/libsat.a(mth_fixd.o)
 .data          0x0000000006021b44        0x0 ../sbl/segalib/lib/libsat.a(mth_tri.o)
 .data          0x0000000006021b44        0x3 ../sbl/segalib/lib/libsat.a(per_prt.o)
 .data          0x0000000006021b47        0x0 ../sbl/segalib/lib/libsat.a(spr_2c.o)
 *fill*         0x0000000006021b47        0x1 
 .data          0x0000000006021b48        0x6 ../sbl/segalib/lib/libsat.a(scl_func.o)
                0x0000000006021b48                _SclRotateTableMode
                0x0000000006021b4a                _SclDisplayY
                0x0000000006021b4c                _SclDisplayX
 .data          0x0000000006021b4e        0x0 ../sbl/segalib/lib/libsat.a(scl_fu02.o)
 .data          0x0000000006021b4e        0x0 ../sbl/segalib/lib/libsat.a(scl_fu03.o)
 .data          0x0000000006021b4e        0x0 ../sbl/segalib/lib/libsat.a(scl_fu04.o)
 *fill*         0x0000000006021b4e        0x2 
 .data          0x0000000006021b50       0x18 ../sbl/segalib/lib/libsat.a(scl_pri.o)
                0x0000000006021b50                _SclRealColOffset
                0x0000000006021b54                _SclRealBgColMix
                0x0000000006021b58                _SclRealSpColMix
                0x0000000006021b5c                _SclRealBgPriNum
                0x0000000006021b60                _SclRealSpPriNum
                0x0000000006021b64                _SclRealOtherPri
 .data          0x0000000006021b68        0x0 ../sbl/segalib/lib/libsat.a(scl_ro00.o)
 .data          0x0000000006021b68        0x0 ../sbl/segalib/lib/libsat.a(scl_back.o)
 .data          0x0000000006021b68        0x8 ../sbl/segalib/lib/libsat.a(scl_vblv.o)
                0x0000000006021b68                _VBInterval
                0x0000000006021b6c                _SpFrameEraseMode
 .data          0x0000000006021b70        0x0 ../sbl/segalib/lib/libsat.a(scl_pr01.o)
 .data          0x0000000006021b70        0x0 ../sbl/segalib/lib/libsat.a(scl_pr02.o)
 .data          0x0000000006021b70        0x0 ../sbl/segalib/lib/libsat.a(scl_pr03.o)
 .data          0x0000000006021b70        0x0 ../sbl/segalib/lib/libsat.a(scl_pr05.o)
 .data          0x0000000006021b70        0x0 ../sbl/segalib/lib/libsat.a(scl_pr06.o)
 .data          0x0000000006021b70        0x0 ../sbl/segalib/lib/libsat.a(scl_pr07.o)
 .data          0x0000000006021b70        0x0 ../sbl/segalib/lib/libsat.a(cdc_reg.o)
 .data          0x0000000006021b70        0x0 ../sbl/segalib/lib/libsat.a(cdc_sub.o)
 .data          0x0000000006021b70        0x0 ../sbl/segalib/lib/libsat.a(cdc_dev.o)
 .data          0x0000000006021b70        0x0 ../sbl/segalib/lib/libsat.a(cdc_sel.o)
 .data          0x0000000006021b70        0x0 ../sbl/segalib/lib/libsat.a(cdc_bif.o)
 .data          0x0000000006021b70        0x0 ../sbl/segalib/lib/libsat.a(cdc_bio.o)
 .data          0x0000000006021b70        0x0 ../sbl/segalib/lib/libsat.a(cdc_cfs.o)
 .data          0x0000000006021b70        0x0 ../sbl/segalib/lib/libsat.a(csh_main.o)
 .data          0x0000000006021b70        0x0 ../sbl/segalib/lib/libsat.a(dma_cpu0.o)
 .data          0x0000000006021b70        0x0 ../sbl/segalib/lib/libsat.a(dma_scu0.o)
 .data          0x0000000006021b70        0x0 ../sbl/segalib/lib/libsat.a(spr_1c.o)
 .data          0x0000000006021b70        0x0 ../sbl/segalib/lib/libsat.a(spr_2a.o)
 .data          0x0000000006021b70        0x0 /opt/toolchains/sh-elf/bin/../lib/gcc/sh-elf/11.1.0/libgcc.a(_ashiftrt.o)
 .data          0x0000000006021b70        0x0 /opt/toolchains/sh-elf/bin/../lib/gcc/sh-elf/11.1.0/libgcc.a(_ashiftrt_n.o)
 .data          0x0000000006021b70        0x0 /opt/toolchains/sh-elf/bin/../lib/gcc/sh-elf/11.1.0/libgcc.a(_ashiftlt.o)
 .data          0x0000000006021b70        0x0 /opt/toolchains/sh-elf/bin/../lib/gcc/sh-elf/11.1.0/libgcc.a(_movmem.o)
 .data          0x0000000006021b70        0x0 /opt/toolchains/sh-elf/bin/../lib/gcc/sh-elf/11.1.0/libgcc.a(_sdivsi3.o)
 .data          0x0000000006021b70        0x0 /opt/toolchains/sh-elf/bin/../lib/gcc/sh-elf/11.1.0/libgcc.a(_udivsi3.o)
 .data          0x0000000006021b70        0x0 /opt/toolchains/sh-elf/bin/../lib/gcc/sh-elf/11.1.0/libgcc.a(_mul_df.o)
 .data          0x0000000006021b70        0x0 /opt/toolchains/sh-elf/bin/../lib/gcc/sh-elf/11.1.0/libgcc.a(_si_to_df.o)
 .data          0x0000000006021b70        0x0 /opt/toolchains/sh-elf/bin/../lib/gcc/sh-elf/11.1.0/libgcc.a(_df_to_si.o)
 .data          0x0000000006021b70        0x0 /opt/toolchains/sh-elf/bin/../lib/gcc/sh-elf/11.1.0/libgcc.a(_thenan_df.o)
 .data          0x0000000006021b70        0x0 /opt/toolchains/sh-elf/bin/../lib/gcc/sh-elf/11.1.0/libgcc.a(_lshiftrt.o)
 .data          0x0000000006021b70        0x0 /opt/toolchains/sh-elf/bin/../lib/gcc/sh-elf/11.1.0/libgcc.a(_clzsi2.o)
 .data          0x0000000006021b70        0x0 /opt/toolchains/sh-elf/bin/../lib/gcc/sh-elf/11.1.0/libgcc.a(_pack_df.o)
 .data          0x0000000006021b70        0x0 /opt/toolchains/sh-elf/bin/../lib/gcc/sh-elf/11.1.0/libgcc.a(_unpack_df.o)
 .data          0x0000000006021b70        0x0 /opt/toolchains/sh-elf/bin/../lib/gcc/sh-elf/11.1.0/libgcc.a(_clz.o)
 .data          0x0000000006021b70        0x0 /opt/toolchains/sh-elf/bin/../lib/gcc/sh-elf/11.1.0/../../../../sh-elf/lib/libc.a(lib_a-memcmp.o)
 .data          0x0000000006021b70        0x0 /opt/toolchains/sh-elf/bin/../lib/gcc/sh-elf/11.1.0/../../../../sh-elf/lib/libc.a(lib_a-memcpy.o)
 .data          0x0000000006021b70        0x0 /opt/toolchains/sh-elf/bin/../lib/gcc/sh-elf/11.1.0/../../../../sh-elf/lib/libc.a(lib_a-memmove.o)
 .data          0x0000000006021b70        0x0 /opt/toolchains/sh-elf/bin/../lib/gcc/sh-elf/11.1.0/../../../../sh-elf/lib/libc.a(lib_a-memset.o)
 .data          0x0000000006021b70        0x0 /opt/toolchains/sh-elf/bin/../lib/gcc/sh-elf/11.1.0/../../../../sh-elf/lib/libc.a(lib_a-strcpy.o)
 .data          0x0000000006021b70        0x0 /opt/toolchains/sh-elf/bin/../lib/gcc/sh-elf/11.1.0/../../../../sh-elf/lib/libc.a(lib_a-strncmp.o)
 .data          0x0000000006021b70        0x0 /opt/toolchains/sh-elf/bin/../lib/gcc/sh-elf/11.1.0/../../../../sh-elf/lib/libc.a(lib_a-strncpy.o)
                0x0000000006021b70                . = ALIGN (0x10)
                0x0000000006021b70                _edata = ABSOLUTE (.)

.bss            0x0000000006021b70    0x16e10
                0x0000000006021b70                _bss_start = .
 *(.bss)
 .bss           0x0000000006021b70        0x0 entry.o
 .bss           0x0000000006021b70        0x0 stack.o
 .bss           0x0000000006021b70       0x34 vblank.o
                0x0000000006021b70                _PadData1
                0x0000000006021b72                _PadData1L
                0x0000000006021b74                _PadData1E
                0x0000000006021b76                _PadData2
                0x0000000006021b78                _PadData2L
                0x0000000006021b7a                _PadData2E
                0x0000000006021b7c                _PadWorkArea
                0x0000000006021b98                _perFlag
                0x0000000006021b9c                _VblankFlg
                0x0000000006021ba0                _vblank_frames
 .bss           0x0000000006021ba4     0x1674 cd.o
 .bss           0x0000000006023218        0x0 crc.o
 .bss           0x0000000006023218        0x0 devcart.o
 .bss           0x0000000006023218      0x3e8 game.o
                0x0000000006023218                _boardVram
 .bss           0x0000000006023600        0x2 pcmsys.o
                0x0000000006023600                _numberPCMs
 .bss           0x0000000006023602        0x0 piece.o
 .bss           0x0000000006023602     0x14a0 print.o
                0x0000000006023602                _text
 *fill*         0x0000000006024aa2        0x2 
 .bss           0x0000000006024aa4        0x8 rng.o
 .bss           0x0000000006024aac      0x130 scroll.o
                0x0000000006024aac                _scfg
 .bss           0x0000000006024bdc        0x0 sound.o
 .bss           0x0000000006024bdc    0x125fc sprite.o
                0x0000000006024bdc                _numSprites
                0x0000000006024be0                _tileCount
                0x0000000006024be4                _palCnt
                0x0000000006024be8                _sprites
 .bss           0x00000000060371d8        0x4 main.o
                0x00000000060371d8                _frame
 .bss           0x00000000060371dc        0x0 ../sbl/segalib/lib/libsat.a(cdc_cmn.o)
 .bss           0x00000000060371dc        0x0 ../sbl/segalib/lib/libsat.a(cdc_drv.o)
 .bss           0x00000000060371dc        0xc ../sbl/segalib/lib/libsat.a(gfs.o)
                0x00000000060371dc                _GFMC_base
                0x00000000060371e0                _gfs_mng_ptr
                0x00000000060371e4                _bobtest
 .bss           0x00000000060371e8        0x0 ../sbl/segalib/lib/libsat.a(gfs_buf.o)
 .bss           0x00000000060371e8        0x0 ../sbl/segalib/lib/libsat.a(gfs_cdb.o)
 .bss           0x00000000060371e8        0x4 ../sbl/segalib/lib/libsat.a(gfs_cdc.o)
                0x00000000060371e8                _gfcd_work
 .bss           0x00000000060371ec        0x0 ../sbl/segalib/lib/libsat.a(gfs_cdf.o)
 .bss           0x00000000060371ec        0x0 ../sbl/segalib/lib/libsat.a(gfs_dir.o)
 .bss           0x00000000060371ec        0xc ../sbl/segalib/lib/libsat.a(gfs_trn.o)
 .bss           0x00000000060371f8        0x4 ../sbl/segalib/lib/libsat.a(mth_rand.o)
 .bss           0x00000000060371fc        0x0 ../sbl/segalib/lib/libsat.a(mth_fixd.o)
 .bss           0x00000000060371fc        0x0 ../sbl/segalib/lib/libsat.a(mth_tri.o)
 .bss           0x00000000060371fc       0x7f ../sbl/segalib/lib/libsat.a(per_prt.o)
                0x00000000060371fc                _per_set_sys_flg
                0x0000000006037200                _per_get_sys_data
                0x000000000603720c                _per_get_time_adr
                0x0000000006037210                _per_hot_res
                0x0000000006037211                _per_time_out_flg
 *fill*         0x000000000603727b        0x1 
 .bss           0x000000000603727c       0x94 ../sbl/segalib/lib/libsat.a(spr_2c.o)
                0x000000000603727c                _SpCmdTblR
                0x0000000006037280                _SpCmdTbl
                0x0000000006037284                _SpCrCmdChain
                0x0000000006037288                _SpDrawPrtyBlk
                0x000000000603728c                _SpCmdChain
                0x0000000006037290                _SpCmdChainBlkNo
                0x0000000006037294                _SpDrawPrtyProcFlag
                0x0000000006037298                _SpDrawPrtyTopCmdNo
                0x000000000603729c                _SpCmdNo
                0x00000000060372a0                _SpDrawPrtyBlkMax
                0x00000000060372a4                _SpCharMax
                0x00000000060372a8                _SpCharTbl
                0x00000000060372ac                _SpLCoordY
                0x00000000060372b0                _SpLCoordX
                0x00000000060372b4                _Sp2OpenFlag
 .bss           0x0000000006037310      0xf1c ../sbl/segalib/lib/libsat.a(scl_func.o)
                0x0000000006037310                _SclRPMD
                0x0000000006037314                _SclRotateMoveZ
                0x000000000603731c                _SclRotateDisp
                0x0000000006037324                _SclRotateZ
                0x000000000603732c                _SclRotateXy
                0x0000000006037334                _SclRotateTableAddress
                0x0000000006037338                _SclRb
                0x0000000006037339                _SclRa
                0x000000000603733a                _SclRotXySw
                0x0000000006037340                _SclRbgKtbOffset
                0x0000000006037348                _SclRbgKtbAddr
                0x0000000006037350                _SclK_TableFlag
                0x0000000006037354                _SclK_TableNum
                0x000000000603735c                _SclK_TableBuff
                0x000000000603802c                _SclRotregBuff
                0x000000000603812c                _Scl_w_reg
                0x000000000603814c                _Scl_r_reg
                0x000000000603815c                _Scl_n_reg
                0x000000000603819c                _Scl_d_reg
                0x00000000060381e4                _Scl_s_reg
                0x000000000603820c                _SclProcess
                0x0000000006038210                _SclCurSclNum
                0x0000000006038214                _SclLengthCsTbl
                0x0000000006038216                _SclLengthLsTbl
                0x0000000006038218                _SclAddrCsTbl
                0x0000000006038220                _SclAddrLsTbl
 .bss           0x000000000603822c        0x0 ../sbl/segalib/lib/libsat.a(scl_fu02.o)
 .bss           0x000000000603822c        0x0 ../sbl/segalib/lib/libsat.a(scl_fu03.o)
 .bss           0x000000000603822c        0x0 ../sbl/segalib/lib/libsat.a(scl_fu04.o)
 .bss           0x000000000603822c      0x696 ../sbl/segalib/lib/libsat.a(scl_pri.o)
                0x000000000603822c                _SclAutoRGB
                0x000000000603882c                _SclAutoPlusFlag
                0x000000000603882d                _SclAutoVeFlag
                0x000000000603882e                _SclAutoEndRate
                0x000000000603882f                _SclAutoCurRate
                0x0000000006038830                _SclAutoEndBlue2
                0x0000000006038832                _SclAutoEndGreen2
                0x0000000006038834                _SclAutoEndRed2
                0x0000000006038836                _SclAutoEndBlue
                0x0000000006038838                _SclAutoEndGreen
                0x000000000603883a                _SclAutoEndRed
                0x000000000603883c                _SclAutoBlue
                0x000000000603883e                _SclAutoGreen
                0x0000000006038840                _SclAutoRed
                0x0000000006038844                _SclAutoMax
                0x0000000006038848                _SclAutoIndex
                0x000000000603884c                _SclAutoCount
                0x0000000006038850                _SclAutoInterval
                0x0000000006038854                _SclAutoSurface
                0x0000000006038858                _SclColRamAlloc2048
                0x000000000603885c                _SclColRamAlloc256
                0x000000000603887c                _SclLineColRamOffset
                0x0000000006038880                _SclPriBuffDirty
                0x0000000006038884                _SclColOffset
                0x0000000006038894                _SclBgColMix
                0x000000000603889c                _SclSpColMix
                0x00000000060388a4                _SclBgPriNum
                0x00000000060388aa                _SclSpPriNum
                0x00000000060388b2                _SclOtherPri
 *fill*         0x00000000060388c2        0x2 
 .bss           0x00000000060388c4       0x58 ../sbl/segalib/lib/libsat.a(scl_ro00.o)
                0x00000000060388c4                _SclCsy
                0x00000000060388cc                _SclCsx
 .bss           0x000000000603891c        0x0 ../sbl/segalib/lib/libsat.a(scl_back.o)
 .bss           0x000000000603891c       0x16 ../sbl/segalib/lib/libsat.a(scl_vblv.o)
                0x000000000603891c                _frameChgFlag
                0x0000000006038920                _VBIntrDisableDepth
                0x0000000006038924                _ReqDisplayFlag2
                0x0000000006038928                _ReqDisplayFlag1
                0x000000000603892c                _VBIntervalCounter
                0x0000000006038930                _SpFrameChgMode
 .bss           0x0000000006038932        0x0 ../sbl/segalib/lib/libsat.a(scl_pr01.o)
 .bss           0x0000000006038932        0x0 ../sbl/segalib/lib/libsat.a(scl_pr02.o)
 .bss           0x0000000006038932        0x0 ../sbl/segalib/lib/libsat.a(scl_pr03.o)
 .bss           0x0000000006038932        0x0 ../sbl/segalib/lib/libsat.a(scl_pr05.o)
 .bss           0x0000000006038932        0x0 ../sbl/segalib/lib/libsat.a(scl_pr06.o)
 .bss           0x0000000006038932        0x0 ../sbl/segalib/lib/libsat.a(scl_pr07.o)
 .bss           0x0000000006038932        0x2 ../sbl/segalib/lib/libsat.a(cdc_reg.o)
                0x0000000006038932                _hirq_flag
 .bss           0x0000000006038934        0xc ../sbl/segalib/lib/libsat.a(cdc_sub.o)
                0x0000000006038934                _cd_stat
 .bss           0x0000000006038940        0x0 ../sbl/segalib/lib/libsat.a(cdc_dev.o)
 .bss           0x0000000006038940        0x0 ../sbl/segalib/lib/libsat.a(cdc_sel.o)
 .bss           0x0000000006038940        0x0 ../sbl/segalib/lib/libsat.a(cdc_bif.o)
 .bss           0x0000000006038940        0x0 ../sbl/segalib/lib/libsat.a(cdc_bio.o)
 .bss           0x0000000006038940        0x0 ../sbl/segalib/lib/libsat.a(cdc_cfs.o)
 .bss           0x0000000006038940        0x0 ../sbl/segalib/lib/libsat.a(csh_main.o)
 .bss           0x0000000006038940        0x0 ../sbl/segalib/lib/libsat.a(dma_cpu0.o)
 .bss           0x0000000006038940       0x1c ../sbl/segalib/lib/libsat.a(dma_scu0.o)
 .bss           0x000000000603895c       0x20 ../sbl/segalib/lib/libsat.a(spr_1c.o)
                0x000000000603895c                _SpDil
                0x000000000603895e                _SpDie
                0x0000000006038960                _SpFbcrMode
                0x0000000006038962                _SpTvMode
                0x0000000006038964                _SpScreenY
                0x0000000006038968                _SpScreenX
                0x000000000603896c                _SpInitialFlag
 .bss           0x000000000603897c        0x0 ../sbl/segalib/lib/libsat.a(spr_2a.o)
 .bss           0x000000000603897c        0x0 /opt/toolchains/sh-elf/bin/../lib/gcc/sh-elf/11.1.0/libgcc.a(_ashiftrt.o)
 .bss           0x000000000603897c        0x0 /opt/toolchains/sh-elf/bin/../lib/gcc/sh-elf/11.1.0/libgcc.a(_ashiftrt_n.o)
 .bss           0x000000000603897c        0x0 /opt/toolchains/sh-elf/bin/../lib/gcc/sh-elf/11.1.0/libgcc.a(_ashiftlt.o)
 .bss           0x000000000603897c        0x0 /opt/toolchains/sh-elf/bin/../lib/gcc/sh-elf/11.1.0/libgcc.a(_movmem.o)
 .bss           0x000000000603897c        0x0 /opt/toolchains/sh-elf/bin/../lib/gcc/sh-elf/11.1.0/libgcc.a(_sdivsi3.o)
 .bss           0x000000000603897c        0x0 /opt/toolchains/sh-elf/bin/../lib/gcc/sh-elf/11.1.0/libgcc.a(_udivsi3.o)
 .bss           0x000000000603897c        0x0 /opt/toolchains/sh-elf/bin/../lib/gcc/sh-elf/11.1.0/libgcc.a(_mul_df.o)
 .bss           0x000000000603897c        0x0 /opt/toolchains/sh-elf/bin/../lib/gcc/sh-elf/11.1.0/libgcc.a(_si_to_df.o)
 .bss           0x000000000603897c        0x0 /opt/toolchains/sh-elf/bin/../lib/gcc/sh-elf/11.1.0/libgcc.a(_df_to_si.o)
 .bss           0x000000000603897c        0x0 /opt/toolchains/sh-elf/bin/../lib/gcc/sh-elf/11.1.0/libgcc.a(_thenan_df.o)
 .bss           0x000000000603897c        0x0 /opt/toolchains/sh-elf/bin/../lib/gcc/sh-elf/11.1.0/libgcc.a(_lshiftrt.o)
 .bss           0x000000000603897c        0x0 /opt/toolchains/sh-elf/bin/../lib/gcc/sh-elf/11.1.0/libgcc.a(_clzsi2.o)
 .bss           0x000000000603897c        0x0 /opt/toolchains/sh-elf/bin/../lib/gcc/sh-elf/11.1.0/libgcc.a(_pack_df.o)
 .bss           0x000000000603897c        0x0 /opt/toolchains/sh-elf/bin/../lib/gcc/sh-elf/11.1.0/libgcc.a(_unpack_df.o)
 .bss           0x000000000603897c        0x0 /opt/toolchains/sh-elf/bin/../lib/gcc/sh-elf/11.1.0/libgcc.a(_clz.o)
 .bss           0x000000000603897c        0x0 /opt/toolchains/sh-elf/bin/../lib/gcc/sh-elf/11.1.0/../../../../sh-elf/lib/libc.a(lib_a-memcmp.o)
 .bss           0x000000000603897c        0x0 /opt/toolchains/sh-elf/bin/../lib/gcc/sh-elf/11.1.0/../../../../sh-elf/lib/libc.a(lib_a-memcpy.o)
 .bss           0x000000000603897c        0x0 /opt/toolchains/sh-elf/bin/../lib/gcc/sh-elf/11.1.0/../../../../sh-elf/lib/libc.a(lib_a-memmove.o)
 .bss           0x000000000603897c        0x0 /opt/toolchains/sh-elf/bin/../lib/gcc/sh-elf/11.1.0/../../../../sh-elf/lib/libc.a(lib_a-memset.o)
 .bss           0x000000000603897c        0x0 /opt/toolchains/sh-elf/bin/../lib/gcc/sh-elf/11.1.0/../../../../sh-elf/lib/libc.a(lib_a-strcpy.o)
 .bss           0x000000000603897c        0x0 /opt/toolchains/sh-elf/bin/../lib/gcc/sh-elf/11.1.0/../../../../sh-elf/lib/libc.a(lib_a-strncmp.o)
 .bss           0x000000000603897c        0x0 /opt/toolchains/sh-elf/bin/../lib/gcc/sh-elf/11.1.0/../../../../sh-elf/lib/libc.a(lib_a-strncpy.o)
 *(COMMON)
                0x000000000603897c                _bss_end = .
                0x0000000006038980                . = ALIGN (0x10)
 *fill*         0x000000000603897c        0x4 
                0x0000000006038980                _end = ABSOLUTE (.)

.stack          0x0000000006038980     0x2000
 *(.stack)
 .stack         0x0000000006038980     0x2000 stack.o
                0x0000000006038980                _PROG_STK
                0x000000000603a980                _stack = .

.lwram          0x0000000000200000        0x0
                0x0000000000200000                . = ALIGN (0x10)
 *(.lwram)
                0x0000000000200000                . = ALIGN (0x10)

.vdp2_vram      0x0000000005e00000        0x0
                0x0000000005e00000                . = ALIGN (0x10)
 *(.vdp2_vram)
                0x0000000005e00000                . = ALIGN (0x10)
OUTPUT(main.elf elf32-sh)

.debug_info     0x0000000000000000     0x5d81
 .debug_info    0x0000000000000000      0x40f vblank.o
 .debug_info    0x000000000000040f      0x8bc cd.o
 .debug_info    0x0000000000000ccb      0x127 crc.o
 .debug_info    0x0000000000000df2      0x3e9 devcart.o
 .debug_info    0x00000000000011db      0xbd6 game.o
 .debug_info    0x0000000000001db1      0x56b pcmsys.o
 .debug_info    0x000000000000231c       0x69 piece.o
 .debug_info    0x0000000000002385      0x38e print.o
 .debug_info    0x0000000000002713      0x230 rng.o
 .debug_info    0x0000000000002943      0xa4c scroll.o
 .debug_info    0x000000000000338f      0x360 sound.o
 .debug_info    0x00000000000036ef      0xd37 sprite.o
 .debug_info    0x0000000000004426      0x32d main.o
 .debug_info    0x0000000000004753      0x4d2 /opt/toolchains/sh-elf/bin/../lib/gcc/sh-elf/11.1.0/libgcc.a(_mul_df.o)
 .debug_info    0x0000000000004c25      0x259 /opt/toolchains/sh-elf/bin/../lib/gcc/sh-elf/11.1.0/libgcc.a(_si_to_df.o)
 .debug_info    0x0000000000004e7e      0x2a5 /opt/toolchains/sh-elf/bin/../lib/gcc/sh-elf/11.1.0/libgcc.a(_df_to_si.o)
 .debug_info    0x0000000000005123      0x15b /opt/toolchains/sh-elf/bin/../lib/gcc/sh-elf/11.1.0/libgcc.a(_thenan_df.o)
 .debug_info    0x000000000000527e      0x130 /opt/toolchains/sh-elf/bin/../lib/gcc/sh-elf/11.1.0/libgcc.a(_clzsi2.o)
 .debug_info    0x00000000000053ae      0x298 /opt/toolchains/sh-elf/bin/../lib/gcc/sh-elf/11.1.0/libgcc.a(_pack_df.o)
 .debug_info    0x0000000000005646      0x20c /opt/toolchains/sh-elf/bin/../lib/gcc/sh-elf/11.1.0/libgcc.a(_unpack_df.o)
 .debug_info    0x0000000000005852       0xca /opt/toolchains/sh-elf/bin/../lib/gcc/sh-elf/11.1.0/libgcc.a(_clz.o)
 .debug_info    0x000000000000591c      0x10f /opt/toolchains/sh-elf/bin/../lib/gcc/sh-elf/11.1.0/../../../../sh-elf/lib/libc.a(lib_a-memcmp.o)
 .debug_info    0x0000000000005a2b      0x130 /opt/toolchains/sh-elf/bin/../lib/gcc/sh-elf/11.1.0/../../../../sh-elf/lib/libc.a(lib_a-memmove.o)
 .debug_info    0x0000000000005b5b       0xf4 /opt/toolchains/sh-elf/bin/../lib/gcc/sh-elf/11.1.0/../../../../sh-elf/lib/libc.a(lib_a-strncmp.o)
 .debug_info    0x0000000000005c4f      0x132 /opt/toolchains/sh-elf/bin/../lib/gcc/sh-elf/11.1.0/../../../../sh-elf/lib/libc.a(lib_a-strncpy.o)

.debug_abbrev   0x0000000000000000     0x2477
 .debug_abbrev  0x0000000000000000      0x1b6 vblank.o
 .debug_abbrev  0x00000000000001b6      0x234 cd.o
 .debug_abbrev  0x00000000000003ea       0xae crc.o
 .debug_abbrev  0x0000000000000498      0x19d devcart.o
 .debug_abbrev  0x0000000000000635      0x324 game.o
 .debug_abbrev  0x0000000000000959      0x1b2 pcmsys.o
 .debug_abbrev  0x0000000000000b0b       0x5a piece.o
 .debug_abbrev  0x0000000000000b65      0x181 print.o
 .debug_abbrev  0x0000000000000ce6      0x163 rng.o
 .debug_abbrev  0x0000000000000e49      0x281 scroll.o
 .debug_abbrev  0x00000000000010ca      0x1bf sound.o
 .debug_abbrev  0x0000000000001289      0x307 sprite.o
 .debug_abbrev  0x0000000000001590      0x18d main.o
 .debug_abbrev  0x000000000000171d      0x278 /opt/toolchains/sh-elf/bin/../lib/gcc/sh-elf/11.1.0/libgcc.a(_mul_df.o)
 .debug_abbrev  0x0000000000001995      0x1b2 /opt/toolchains/sh-elf/bin/../lib/gcc/sh-elf/11.1.0/libgcc.a(_si_to_df.o)
 .debug_abbrev  0x0000000000001b47      0x1b2 /opt/toolchains/sh-elf/bin/../lib/gcc/sh-elf/11.1.0/libgcc.a(_df_to_si.o)
 .debug_abbrev  0x0000000000001cf9       0xcf /opt/toolchains/sh-elf/bin/../lib/gcc/sh-elf/11.1.0/libgcc.a(_thenan_df.o)
 .debug_abbrev  0x0000000000001dc8       0xca /opt/toolchains/sh-elf/bin/../lib/gcc/sh-elf/11.1.0/libgcc.a(_clzsi2.o)
 .debug_abbrev  0x0000000000001e92      0x1ae /opt/toolchains/sh-elf/bin/../lib/gcc/sh-elf/11.1.0/libgcc.a(_pack_df.o)
 .debug_abbrev  0x0000000000002040      0x142 /opt/toolchains/sh-elf/bin/../lib/gcc/sh-elf/11.1.0/libgcc.a(_unpack_df.o)
 .debug_abbrev  0x0000000000002182       0x70 /opt/toolchains/sh-elf/bin/../lib/gcc/sh-elf/11.1.0/libgcc.a(_clz.o)
 .debug_abbrev  0x00000000000021f2       0x8a /opt/toolchains/sh-elf/bin/../lib/gcc/sh-elf/11.1.0/../../../../sh-elf/lib/libc.a(lib_a-memcmp.o)
 .debug_abbrev  0x000000000000227c       0xba /opt/toolchains/sh-elf/bin/../lib/gcc/sh-elf/11.1.0/../../../../sh-elf/lib/libc.a(lib_a-memmove.o)
 .debug_abbrev  0x0000000000002336       0x8c /opt/toolchains/sh-elf/bin/../lib/gcc/sh-elf/11.1.0/../../../../sh-elf/lib/libc.a(lib_a-strncmp.o)
 .debug_abbrev  0x00000000000023c2       0xb5 /opt/toolchains/sh-elf/bin/../lib/gcc/sh-elf/11.1.0/../../../../sh-elf/lib/libc.a(lib_a-strncpy.o)

.debug_aranges  0x0000000000000000      0x308
 .debug_aranges
                0x0000000000000000       0x20 vblank.o
 .debug_aranges
                0x0000000000000020       0x20 cd.o
 .debug_aranges
                0x0000000000000040       0x20 crc.o
 .debug_aranges
                0x0000000000000060       0x20 devcart.o
 .debug_aranges
                0x0000000000000080       0x20 game.o
 .debug_aranges
                0x00000000000000a0       0x20 pcmsys.o
 .debug_aranges
                0x00000000000000c0       0x18 piece.o
 .debug_aranges
                0x00000000000000d8       0x20 print.o
 .debug_aranges
                0x00000000000000f8       0x20 rng.o
 .debug_aranges
                0x0000000000000118       0x20 scroll.o
 .debug_aranges
                0x0000000000000138       0x20 sound.o
 .debug_aranges
                0x0000000000000158       0x20 sprite.o
 .debug_aranges
                0x0000000000000178       0x20 main.o
 .debug_aranges
                0x0000000000000198       0x20 /opt/toolchains/sh-elf/bin/../lib/gcc/sh-elf/11.1.0/libgcc.a(_mul_df.o)
 .debug_aranges
                0x00000000000001b8       0x20 /opt/toolchains/sh-elf/bin/../lib/gcc/sh-elf/11.1.0/libgcc.a(_si_to_df.o)
 .debug_aranges
                0x00000000000001d8       0x20 /opt/toolchains/sh-elf/bin/../lib/gcc/sh-elf/11.1.0/libgcc.a(_df_to_si.o)
 .debug_aranges
                0x00000000000001f8       0x18 /opt/toolchains/sh-elf/bin/../lib/gcc/sh-elf/11.1.0/libgcc.a(_thenan_df.o)
 .debug_aranges
                0x0000000000000210       0x20 /opt/toolchains/sh-elf/bin/../lib/gcc/sh-elf/11.1.0/libgcc.a(_clzsi2.o)
 .debug_aranges
                0x0000000000000230       0x20 /opt/toolchains/sh-elf/bin/../lib/gcc/sh-elf/11.1.0/libgcc.a(_pack_df.o)
 .debug_aranges
                0x0000000000000250       0x20 /opt/toolchains/sh-elf/bin/../lib/gcc/sh-elf/11.1.0/libgcc.a(_unpack_df.o)
 .debug_aranges
                0x0000000000000270       0x18 /opt/toolchains/sh-elf/bin/../lib/gcc/sh-elf/11.1.0/libgcc.a(_clz.o)
 .debug_aranges
                0x0000000000000288       0x20 /opt/toolchains/sh-elf/bin/../lib/gcc/sh-elf/11.1.0/../../../../sh-elf/lib/libc.a(lib_a-memcmp.o)
 .debug_aranges
                0x00000000000002a8       0x20 /opt/toolchains/sh-elf/bin/../lib/gcc/sh-elf/11.1.0/../../../../sh-elf/lib/libc.a(lib_a-memmove.o)
 .debug_aranges
                0x00000000000002c8       0x20 /opt/toolchains/sh-elf/bin/../lib/gcc/sh-elf/11.1.0/../../../../sh-elf/lib/libc.a(lib_a-strncmp.o)
 .debug_aranges
                0x00000000000002e8       0x20 /opt/toolchains/sh-elf/bin/../lib/gcc/sh-elf/11.1.0/../../../../sh-elf/lib/libc.a(lib_a-strncpy.o)

.debug_line     0x0000000000000000     0x30dd
 .debug_line    0x0000000000000000       0xf6 vblank.o
 .debug_line    0x00000000000000f6       0xd9 cd.o
 .debug_line    0x00000000000001cf       0xa3 crc.o
 .debug_line    0x0000000000000272      0x215 devcart.o
 .debug_line    0x0000000000000487      0x6f3 game.o
 .debug_line    0x0000000000000b7a      0x4a7 pcmsys.o
 .debug_line    0x0000000000001021       0x33 piece.o
 .debug_line    0x0000000000001054      0x177 print.o
 .debug_line    0x00000000000011cb      0x152 rng.o
 .debug_line    0x000000000000131d      0x3bb scroll.o
 .debug_line    0x00000000000016d8      0x1ac sound.o
 .debug_line    0x0000000000001884      0x579 sprite.o
 .debug_line    0x0000000000001dfd      0x10f main.o
 .debug_line    0x0000000000001f0c      0x2d6 /opt/toolchains/sh-elf/bin/../lib/gcc/sh-elf/11.1.0/libgcc.a(_mul_df.o)
 .debug_line    0x00000000000021e2      0x13d /opt/toolchains/sh-elf/bin/../lib/gcc/sh-elf/11.1.0/libgcc.a(_si_to_df.o)
 .debug_line    0x000000000000231f       0xf6 /opt/toolchains/sh-elf/bin/../lib/gcc/sh-elf/11.1.0/libgcc.a(_df_to_si.o)
 .debug_line    0x0000000000002415       0x50 /opt/toolchains/sh-elf/bin/../lib/gcc/sh-elf/11.1.0/libgcc.a(_thenan_df.o)
 .debug_line    0x0000000000002465       0xad /opt/toolchains/sh-elf/bin/../lib/gcc/sh-elf/11.1.0/libgcc.a(_clzsi2.o)
 .debug_line    0x0000000000002512      0x30c /opt/toolchains/sh-elf/bin/../lib/gcc/sh-elf/11.1.0/libgcc.a(_pack_df.o)
 .debug_line    0x000000000000281e      0x146 /opt/toolchains/sh-elf/bin/../lib/gcc/sh-elf/11.1.0/libgcc.a(_unpack_df.o)
 .debug_line    0x0000000000002964       0x52 /opt/toolchains/sh-elf/bin/../lib/gcc/sh-elf/11.1.0/libgcc.a(_clz.o)
 .debug_line    0x00000000000029b6      0x167 /opt/toolchains/sh-elf/bin/../lib/gcc/sh-elf/11.1.0/../../../../sh-elf/lib/libc.a(lib_a-memcmp.o)
 .debug_line    0x0000000000002b1d      0x1ec /opt/toolchains/sh-elf/bin/../lib/gcc/sh-elf/11.1.0/../../../../sh-elf/lib/libc.a(lib_a-memmove.o)
 .debug_line    0x0000000000002d09      0x200 /opt/toolchains/sh-elf/bin/../lib/gcc/sh-elf/11.1.0/../../../../sh-elf/lib/libc.a(lib_a-strncmp.o)
 .debug_line    0x0000000000002f09      0x1d4 /opt/toolchains/sh-elf/bin/../lib/gcc/sh-elf/11.1.0/../../../../sh-elf/lib/libc.a(lib_a-strncpy.o)

.debug_str      0x0000000000000000     0x195d
 .debug_str     0x0000000000000000      0x236 vblank.o
                                        0x298 (size before relaxing)
 .debug_str     0x0000000000000236      0x278 cd.o
                                        0x36a (size before relaxing)
 .debug_str     0x00000000000004ae       0x72 crc.o
                                        0x121 (size before relaxing)
 .debug_str     0x0000000000000520      0x118 devcart.o
                                        0x246 (size before relaxing)
 .debug_str     0x0000000000000638      0x3ac game.o
                                        0x4b1 (size before relaxing)
 .debug_str     0x00000000000009e4      0x161 pcmsys.o
                                        0x2ea (size before relaxing)
 .debug_str     0x0000000000000b45        0x8 piece.o
                                         0x62 (size before relaxing)
 .debug_str     0x0000000000000b4d       0x56 print.o
                                        0x1dc (size before relaxing)
 .debug_str     0x0000000000000ba3       0x7c rng.o
                                        0x184 (size before relaxing)
 .debug_str     0x0000000000000c1f      0x3a9 scroll.o
                                        0x4f4 (size before relaxing)
 .debug_str     0x0000000000000fc8       0xdf sound.o
                                        0x219 (size before relaxing)
 .debug_str     0x00000000000010a7      0x349 sprite.o
                                        0x56d (size before relaxing)
 .debug_str     0x00000000000013f0      0x124 main.o
                                        0x2e1 (size before relaxing)
 .debug_str     0x0000000000001514      0x212 /opt/toolchains/sh-elf/bin/../lib/gcc/sh-elf/11.1.0/libgcc.a(_mul_df.o)
                                        0x28a (size before relaxing)
 .debug_str     0x0000000000001726       0x27 /opt/toolchains/sh-elf/bin/../lib/gcc/sh-elf/11.1.0/libgcc.a(_si_to_df.o)
                                        0x216 (size before relaxing)
 .debug_str     0x000000000000174d        0xa /opt/toolchains/sh-elf/bin/../lib/gcc/sh-elf/11.1.0/libgcc.a(_df_to_si.o)
                                        0x233 (size before relaxing)
 .debug_str     0x0000000000001757      0x1d5 /opt/toolchains/sh-elf/bin/../lib/gcc/sh-elf/11.1.0/libgcc.a(_thenan_df.o)
 .debug_str     0x0000000000001757       0x59 /opt/toolchains/sh-elf/bin/../lib/gcc/sh-elf/11.1.0/libgcc.a(_clzsi2.o)
                                        0x198 (size before relaxing)
 .debug_str     0x00000000000017b0        0x7 /opt/toolchains/sh-elf/bin/../lib/gcc/sh-elf/11.1.0/libgcc.a(_pack_df.o)
                                        0x227 (size before relaxing)
 .debug_str     0x00000000000017b7      0x209 /opt/toolchains/sh-elf/bin/../lib/gcc/sh-elf/11.1.0/libgcc.a(_unpack_df.o)
 .debug_str     0x00000000000017b7      0x17b /opt/toolchains/sh-elf/bin/../lib/gcc/sh-elf/11.1.0/libgcc.a(_clz.o)
 .debug_str     0x00000000000017b7       0xa8 /opt/toolchains/sh-elf/bin/../lib/gcc/sh-elf/11.1.0/../../../../sh-elf/lib/libc.a(lib_a-memcmp.o)
                                        0x144 (size before relaxing)
 .debug_str     0x000000000000185f       0x72 /opt/toolchains/sh-elf/bin/../lib/gcc/sh-elf/11.1.0/../../../../sh-elf/lib/libc.a(lib_a-memmove.o)
                                        0x177 (size before relaxing)
 .debug_str     0x00000000000018d1       0x41 /opt/toolchains/sh-elf/bin/../lib/gcc/sh-elf/11.1.0/../../../../sh-elf/lib/libc.a(lib_a-strncmp.o)
                                        0x146 (size before relaxing)
 .debug_str     0x0000000000001912       0x4b /opt/toolchains/sh-elf/bin/../lib/gcc/sh-elf/11.1.0/../../../../sh-elf/lib/libc.a(lib_a-strncpy.o)
                                        0x16e (size before relaxing)

.comment        0x0000000000000000       0x12
 .comment       0x0000000000000000       0x12 vblank.o
                                         0x13 (size before relaxing)
 .comment       0x0000000000000012       0x13 cd.o
 .comment       0x0000000000000012       0x13 crc.o
 .comment       0x0000000000000012       0x13 devcart.o
 .comment       0x0000000000000012       0x13 game.o
 .comment       0x0000000000000012       0x13 pcmsys.o
 .comment       0x0000000000000012       0x13 piece.o
 .comment       0x0000000000000012       0x13 print.o
 .comment       0x0000000000000012       0x13 rng.o
 .comment       0x0000000000000012       0x13 scroll.o
 .comment       0x0000000000000012       0x13 sound.o
 .comment       0x0000000000000012       0x13 sprite.o
 .comment       0x0000000000000012       0x13 main.o
 .comment       0x0000000000000012       0x13 ../sbl/segalib/lib/libsat.a(cdc_cmn.o)
 .comment       0x0000000000000012       0x13 ../sbl/segalib/lib/libsat.a(cdc_drv.o)
 .comment       0x0000000000000012       0x13 ../sbl/segalib/lib/libsat.a(gfs.o)
 .comment       0x0000000000000012       0x13 ../sbl/segalib/lib/libsat.a(gfs_buf.o)
 .comment       0x0000000000000012       0x13 ../sbl/segalib/lib/libsat.a(gfs_cdb.o)
 .comment       0x0000000000000012       0x13 ../sbl/segalib/lib/libsat.a(gfs_cdc.o)
 .comment       0x0000000000000012       0x13 ../sbl/segalib/lib/libsat.a(gfs_cdf.o)
 .comment       0x0000000000000012       0x13 ../sbl/segalib/lib/libsat.a(gfs_dir.o)
 .comment       0x0000000000000012       0x13 ../sbl/segalib/lib/libsat.a(gfs_trn.o)
 .comment       0x0000000000000012       0x13 ../sbl/segalib/lib/libsat.a(mth_rand.o)
 .comment       0x0000000000000012       0x13 ../sbl/segalib/lib/libsat.a(per_prt.o)
 .comment       0x0000000000000012       0x13 ../sbl/segalib/lib/libsat.a(spr_2c.o)
 .comment       0x0000000000000012       0x13 ../sbl/segalib/lib/libsat.a(scl_func.o)
 .comment       0x0000000000000012       0x13 ../sbl/segalib/lib/libsat.a(scl_fu02.o)
 .comment       0x0000000000000012       0x13 ../sbl/segalib/lib/libsat.a(scl_fu03.o)
 .comment       0x0000000000000012       0x13 ../sbl/segalib/lib/libsat.a(scl_fu04.o)
 .comment       0x0000000000000012       0x13 ../sbl/segalib/lib/libsat.a(scl_pri.o)
 .comment       0x0000000000000012       0x13 ../sbl/segalib/lib/libsat.a(scl_ro00.o)
 .comment       0x0000000000000012       0x13 ../sbl/segalib/lib/libsat.a(scl_back.o)
 .comment       0x0000000000000012       0x13 ../sbl/segalib/lib/libsat.a(scl_vblv.o)
 .comment       0x0000000000000012       0x13 ../sbl/segalib/lib/libsat.a(scl_pr01.o)
 .comment       0x0000000000000012       0x13 ../sbl/segalib/lib/libsat.a(scl_pr02.o)
 .comment       0x0000000000000012       0x13 ../sbl/segalib/lib/libsat.a(scl_pr03.o)
 .comment       0x0000000000000012       0x13 ../sbl/segalib/lib/libsat.a(scl_pr05.o)
 .comment       0x0000000000000012       0x13 ../sbl/segalib/lib/libsat.a(scl_pr06.o)
 .comment       0x0000000000000012       0x13 ../sbl/segalib/lib/libsat.a(scl_pr07.o)
 .comment       0x0000000000000012       0x13 ../sbl/segalib/lib/libsat.a(cdc_reg.o)
 .comment       0x0000000000000012       0x13 ../sbl/segalib/lib/libsat.a(cdc_sub.o)
 .comment       0x0000000000000012       0x13 ../sbl/segalib/lib/libsat.a(cdc_dev.o)
 .comment       0x0000000000000012       0x13 ../sbl/segalib/lib/libsat.a(cdc_sel.o)
 .comment       0x0000000000000012       0x13 ../sbl/segalib/lib/libsat.a(cdc_bif.o)
 .comment       0x0000000000000012       0x13 ../sbl/segalib/lib/libsat.a(cdc_bio.o)
 .comment       0x0000000000000012       0x13 ../sbl/segalib/lib/libsat.a(cdc_cfs.o)
 .comment       0x0000000000000012       0x13 ../sbl/segalib/lib/libsat.a(csh_main.o)
 .comment       0x0000000000000012       0x13 ../sbl/segalib/lib/libsat.a(dma_cpu0.o)
 .comment       0x0000000000000012       0x13 ../sbl/segalib/lib/libsat.a(dma_scu0.o)
 .comment       0x0000000000000012       0x13 ../sbl/segalib/lib/libsat.a(spr_1c.o)
 .comment       0x0000000000000012       0x13 /opt/toolchains/sh-elf/bin/../lib/gcc/sh-elf/11.1.0/libgcc.a(_mul_df.o)
 .comment       0x0000000000000012       0x13 /opt/toolchains/sh-elf/bin/../lib/gcc/sh-elf/11.1.0/libgcc.a(_si_to_df.o)
 .comment       0x0000000000000012       0x13 /opt/toolchains/sh-elf/bin/../lib/gcc/sh-elf/11.1.0/libgcc.a(_df_to_si.o)
 .comment       0x0000000000000012       0x13 /opt/toolchains/sh-elf/bin/../lib/gcc/sh-elf/11.1.0/libgcc.a(_thenan_df.o)
 .comment       0x0000000000000012       0x13 /opt/toolchains/sh-elf/bin/../lib/gcc/sh-elf/11.1.0/libgcc.a(_clzsi2.o)
 .comment       0x0000000000000012       0x13 /opt/toolchains/sh-elf/bin/../lib/gcc/sh-elf/11.1.0/libgcc.a(_pack_df.o)
 .comment       0x0000000000000012       0x13 /opt/toolchains/sh-elf/bin/../lib/gcc/sh-elf/11.1.0/libgcc.a(_unpack_df.o)
 .comment       0x0000000000000012       0x13 /opt/toolchains/sh-elf/bin/../lib/gcc/sh-elf/11.1.0/libgcc.a(_clz.o)
 .comment       0x0000000000000012       0x13 /opt/toolchains/sh-elf/bin/../lib/gcc/sh-elf/11.1.0/../../../../sh-elf/lib/libc.a(lib_a-memcmp.o)
 .comment       0x0000000000000012       0x13 /opt/toolchains/sh-elf/bin/../lib/gcc/sh-elf/11.1.0/../../../../sh-elf/lib/libc.a(lib_a-memmove.o)
 .comment       0x0000000000000012       0x13 /opt/toolchains/sh-elf/bin/../lib/gcc/sh-elf/11.1.0/../../../../sh-elf/lib/libc.a(lib_a-strncmp.o)
 .comment       0x0000000000000012       0x13 /opt/toolchains/sh-elf/bin/../lib/gcc/sh-elf/11.1.0/../../../../sh-elf/lib/libc.a(lib_a-strncpy.o)

.debug_frame    0x0000000000000000     0x126c
 .debug_frame   0x0000000000000000       0xb8 vblank.o
 .debug_frame   0x00000000000000b8       0xa8 cd.o
 .debug_frame   0x0000000000000160       0x38 crc.o
 .debug_frame   0x0000000000000198      0x198 devcart.o
 .debug_frame   0x0000000000000330      0x35c game.o
 .debug_frame   0x000000000000068c      0x1e0 pcmsys.o
 .debug_frame   0x000000000000086c       0xf4 print.o
 .debug_frame   0x0000000000000960       0xc0 rng.o
 .debug_frame   0x0000000000000a20      0x240 scroll.o
 .debug_frame   0x0000000000000c60       0xc4 sound.o
 .debug_frame   0x0000000000000d24      0x284 sprite.o
 .debug_frame   0x0000000000000fa8       0x30 main.o
 .debug_frame   0x0000000000000fd8       0x98 /opt/toolchains/sh-elf/bin/../lib/gcc/sh-elf/11.1.0/libgcc.a(_mul_df.o)
 .debug_frame   0x0000000000001070       0x3c /opt/toolchains/sh-elf/bin/../lib/gcc/sh-elf/11.1.0/libgcc.a(_si_to_df.o)
 .debug_frame   0x00000000000010ac       0x48 /opt/toolchains/sh-elf/bin/../lib/gcc/sh-elf/11.1.0/libgcc.a(_df_to_si.o)
 .debug_frame   0x00000000000010f4       0x38 /opt/toolchains/sh-elf/bin/../lib/gcc/sh-elf/11.1.0/libgcc.a(_clzsi2.o)
 .debug_frame   0x000000000000112c       0x6c /opt/toolchains/sh-elf/bin/../lib/gcc/sh-elf/11.1.0/libgcc.a(_pack_df.o)
 .debug_frame   0x0000000000001198       0x20 /opt/toolchains/sh-elf/bin/../lib/gcc/sh-elf/11.1.0/libgcc.a(_unpack_df.o)
 .debug_frame   0x00000000000011b8       0x20 /opt/toolchains/sh-elf/bin/../lib/gcc/sh-elf/11.1.0/../../../../sh-elf/lib/libc.a(lib_a-memcmp.o)
 .debug_frame   0x00000000000011d8       0x20 /opt/toolchains/sh-elf/bin/../lib/gcc/sh-elf/11.1.0/../../../../sh-elf/lib/libc.a(lib_a-memmove.o)
 .debug_frame   0x00000000000011f8       0x30 /opt/toolchains/sh-elf/bin/../lib/gcc/sh-elf/11.1.0/../../../../sh-elf/lib/libc.a(lib_a-strncmp.o)
 .debug_frame   0x0000000000001228       0x44 /opt/toolchains/sh-elf/bin/../lib/gcc/sh-elf/11.1.0/../../../../sh-elf/lib/libc.a(lib_a-strncpy.o)

.debug_loclists
                0x0000000000000000      0xa2a
 .debug_loclists
                0x0000000000000000      0x30c /opt/toolchains/sh-elf/bin/../lib/gcc/sh-elf/11.1.0/libgcc.a(_mul_df.o)
 .debug_loclists
                0x000000000000030c       0x6c /opt/toolchains/sh-elf/bin/../lib/gcc/sh-elf/11.1.0/libgcc.a(_si_to_df.o)
 .debug_loclists
                0x0000000000000378       0x35 /opt/toolchains/sh-elf/bin/../lib/gcc/sh-elf/11.1.0/libgcc.a(_df_to_si.o)
 .debug_loclists
                0x00000000000003ad       0x22 /opt/toolchains/sh-elf/bin/../lib/gcc/sh-elf/11.1.0/libgcc.a(_clzsi2.o)
 .debug_loclists
                0x00000000000003cf      0x230 /opt/toolchains/sh-elf/bin/../lib/gcc/sh-elf/11.1.0/libgcc.a(_pack_df.o)
 .debug_loclists
                0x00000000000005ff       0x71 /opt/toolchains/sh-elf/bin/../lib/gcc/sh-elf/11.1.0/libgcc.a(_unpack_df.o)
 .debug_loclists
                0x0000000000000670       0xae /opt/toolchains/sh-elf/bin/../lib/gcc/sh-elf/11.1.0/../../../../sh-elf/lib/libc.a(lib_a-memcmp.o)
 .debug_loclists
                0x000000000000071e      0x13c /opt/toolchains/sh-elf/bin/../lib/gcc/sh-elf/11.1.0/../../../../sh-elf/lib/libc.a(lib_a-memmove.o)
 .debug_loclists
                0x000000000000085a       0xd5 /opt/toolchains/sh-elf/bin/../lib/gcc/sh-elf/11.1.0/../../../../sh-elf/lib/libc.a(lib_a-strncmp.o)
 .debug_loclists
                0x000000000000092f       0xfb /opt/toolchains/sh-elf/bin/../lib/gcc/sh-elf/11.1.0/../../../../sh-elf/lib/libc.a(lib_a-strncpy.o)

.debug_rnglists
                0x0000000000000000       0xf1
 .debug_rnglists
                0x0000000000000000       0x2e /opt/toolchains/sh-elf/bin/../lib/gcc/sh-elf/11.1.0/libgcc.a(_mul_df.o)
 .debug_rnglists
                0x000000000000002e       0x26 /opt/toolchains/sh-elf/bin/../lib/gcc/sh-elf/11.1.0/libgcc.a(_si_to_df.o)
 .debug_rnglists
                0x0000000000000054       0x1f /opt/toolchains/sh-elf/bin/../lib/gcc/sh-elf/11.1.0/libgcc.a(_clzsi2.o)
 .debug_rnglists
                0x0000000000000073       0x7e /opt/toolchains/sh-elf/bin/../lib/gcc/sh-elf/11.1.0/libgcc.a(_pack_df.o)
