Archive member included to satisfy reference by file (symbol)

../sbl/segalib/lib/libsat.a(cdc_cmn.o)
                              main.o (_CDC_GetPeriStat)
../sbl/segalib/lib/libsat.a(cdc_drv.o)
                              sound.o (_CDC_CdPlay)
../sbl/segalib/lib/libsat.a(dma_scu1.o)
                              main.o (_DMA_ScuInit)
../sbl/segalib/lib/libsat.a(gfs.o)
                              cd.o (_GFS_SetDir)
../sbl/segalib/lib/libsat.a(gfs_buf.o)
                              ../sbl/segalib/lib/libsat.a(gfs.o) (_GFBF_GetNumData)
../sbl/segalib/lib/libsat.a(gfs_cdb.o)
                              ../sbl/segalib/lib/libsat.a(gfs.o) (_GFCB_Close)
../sbl/segalib/lib/libsat.a(gfs_cdc.o)
                              ../sbl/segalib/lib/libsat.a(gfs_cdb.o) (_GFCD_AllocFilt)
../sbl/segalib/lib/libsat.a(gfs_cdf.o)
                              ../sbl/segalib/lib/libsat.a(gfs.o) (_GFCF_Init)
../sbl/segalib/lib/libsat.a(gfs_dir.o)
                              ../sbl/segalib/lib/libsat.a(gfs.o) (_GFDR_NameToId)
../sbl/segalib/lib/libsat.a(gfs_trn.o)
                              ../sbl/segalib/lib/libsat.a(gfs.o) (_GFTR_Setup)
../sbl/segalib/lib/libsat.a(mth_rand.o)
                              rng.o (_MTH_InitialRand)
../sbl/segalib/lib/libsat.a(mth_fixd.o)
                              sprite.o (_MTH_Mul)
../sbl/segalib/lib/libsat.a(mth_tri.o)
                              sprite.o (_MTH_Sin)
../sbl/segalib/lib/libsat.a(per_prt.o)
                              vblank.o (_PER_Init)
../sbl/segalib/lib/libsat.a(spr_2c.o)
                              sprite.o (_SPR_2SetTvMode)
../sbl/segalib/lib/libsat.a(scl_func.o)
                              scroll.o (_Scl_n_reg)
../sbl/segalib/lib/libsat.a(scl_fu02.o)
                              scroll.o (_SCL_InitVramConfigTb)
../sbl/segalib/lib/libsat.a(scl_fu03.o)
                              scroll.o (_SCL_InitConfigTb)
../sbl/segalib/lib/libsat.a(scl_fu04.o)
                              scroll.o (_SCL_SetCycleTable)
../sbl/segalib/lib/libsat.a(scl_pri.o)
                              ../sbl/segalib/lib/libsat.a(scl_func.o) (_SCL_PriorityInit)
../sbl/segalib/lib/libsat.a(scl_ro00.o)
                              scroll.o (_SCL_InitRotateTable)
../sbl/segalib/lib/libsat.a(scl_ro03.o)
                              bg.o (_SCL_RotateTo)
../sbl/segalib/lib/libsat.a(scl_back.o)
                              scroll.o (_SCL_SetBack)
../sbl/segalib/lib/libsat.a(scl_vblv.o)
                              ../sbl/segalib/lib/libsat.a(spr_2c.o) (_SCL_SetFrameInterval)
../sbl/segalib/lib/libsat.a(scl_pr01.o)
                              sprite.o (_SCL_SetSpriteMode)
../sbl/segalib/lib/libsat.a(scl_pr02.o)
                              scroll.o (_SCL_SetColRam)
../sbl/segalib/lib/libsat.a(scl_pr03.o)
                              scroll.o (_SCL_AllocColRam)
../sbl/segalib/lib/libsat.a(scl_pr05.o)
                              ../sbl/segalib/lib/libsat.a(scl_pr02.o) (_SCL_GetColRamOffset)
../sbl/segalib/lib/libsat.a(scl_pr06.o)
                              ../sbl/segalib/lib/libsat.a(scl_pr03.o) (_SCL_SetColRamOffset)
../sbl/segalib/lib/libsat.a(scl_pr07.o)
                              scroll.o (_SCL_SetPriority)
../sbl/segalib/lib/libsat.a(scl_pr11.o)
                              bg.o (_SCL_SetAutoColOffset)
../sbl/segalib/lib/libsat.a(scl_pr12.o)
                              bg.o (_SCL_SetColOffset)
../sbl/segalib/lib/libsat.a(cdc_reg.o)
                              ../sbl/segalib/lib/libsat.a(gfs_cdb.o) (_CDC_GetDataPtr)
../sbl/segalib/lib/libsat.a(cdc_sub.o)
                              ../sbl/segalib/lib/libsat.a(cdc_cmn.o) (_CDSUB_GetCdstat)
../sbl/segalib/lib/libsat.a(cdc_dev.o)
                              ../sbl/segalib/lib/libsat.a(gfs_cdc.o) (_CDC_CdSetCon)
../sbl/segalib/lib/libsat.a(cdc_sel.o)
                              ../sbl/segalib/lib/libsat.a(gfs_cdc.o) (_CDC_SetFiltRange)
../sbl/segalib/lib/libsat.a(cdc_bif.o)
                              ../sbl/segalib/lib/libsat.a(gfs_cdc.o) (_CDC_GetBufSiz)
../sbl/segalib/lib/libsat.a(cdc_bio.o)
                              ../sbl/segalib/lib/libsat.a(gfs_cdc.o) (_CDC_SetSctLen)
../sbl/segalib/lib/libsat.a(cdc_cfs.o)
                              ../sbl/segalib/lib/libsat.a(gfs_cdc.o) (_CDC_ChgDir)
../sbl/segalib/lib/libsat.a(csh_main.o)
                              ../sbl/segalib/lib/libsat.a(dma_scu1.o) (_CSH_Purge)
../sbl/segalib/lib/libsat.a(dma_cpu0.o)
                              ../sbl/segalib/lib/libsat.a(gfs_trn.o) (_DMA_CpuSetComPrm)
../sbl/segalib/lib/libsat.a(dma_scu0.o)
                              ../sbl/segalib/lib/libsat.a(dma_scu1.o) (_DMA_ScuSetPrm)
../sbl/segalib/lib/libsat.a(spr_1c.o)
                              ../sbl/segalib/lib/libsat.a(spr_2c.o) (_SPR_SetTvMode)
../sbl/segalib/lib/libsat.a(spr_2a.o)
                              ../sbl/segalib/lib/libsat.a(spr_2c.o) (_SPR_2SetDrawPrty)
/opt/toolchains/sh-elf/bin/../lib/gcc/sh-elf/11.1.0/libgcc.a(_ashiftrt.o)
[...]
Memory Configuration

Name             Origin             Length             Attributes
*default*        0x0000000000000000 0xffffffffffffffff

Linker script and memory map

LOAD entry.o
LOAD stack.o
LOAD vblank.o
LOAD bg.o
LOAD cd.o
LOAD crc.o
LOAD devcart.o
LOAD game.o
LOAD hwram.o
LOAD pcmsys.o
LOAD piece.o
LOAD print.o
LOAD rng.o
LOAD scroll.o
LOAD sound.o
LOAD sprite.o
LOAD main.o
LOAD ../sbl/segalib/lib/libsat.a
LOAD /opt/toolchains/sh-elf/bin/../lib/gcc/sh-elf/11.1.0/libgcc.a
LOAD /opt/toolchains/sh-elf/bin/../lib/gcc/sh-elf/11.1.0/libgcc-Os-4-200.a
LOAD /opt/toolchains/sh-elf/bin/../lib/gcc/sh-elf/11.1.0/../../../../sh-elf/lib/libc.a
LOAD /opt/toolchains/sh-elf/bin/../lib/gcc/sh-elf/11.1.0/libgcc.a
LOAD /opt/toolchains/sh-elf/bin/../lib/gcc/sh-elf/11.1.0/libgcc-Os-4-200.a

.entry          0x0000000006010000       0x60
 *(.entry)
 .entry         0x0000000006010000       0x50 entry.o
                0x0000000006010000                _entry
                0x0000000006010060                . = ALIGN (0x20)
 *fill*         0x0000000006010050       0x10 
                0x0000000006010060                _eentry = ABSOLUTE (.)

.text           0x0000000006010060     0xfc50
 *(.text*)
 .text          0x0000000006010060        0x0 entry.o
 .text          0x0000000006010060        0x0 stack.o
 .text          0x0000000006010060      0x148 vblank.o
                0x0000000006010060                _CheckVblankEnd
                0x0000000006010070                _UsrVblankIn
                0x0000000006010088                _UsrVblankOut
                0x0000000006010118                _SetVblank
 .text          0x00000000060101a8      0x2c0 bg.o
                0x00000000060101a8                _BG_Init
                0x00000000060102f8                _BG_Run
                0x000000000601042c                _BG_Next
 .text          0x0000000006010468       0xdc cd.o
                0x0000000006010468                _CD_Init
                0x0000000006010490                _CD_ChangeDir
                0x00000000060104d0                _CD_Load
 .text          0x0000000006010544       0x20 crc.o
                0x0000000006010544                _crc_update
 .text          0x0000000006010564      0x1d4 devcart.o
                0x00000000060105b8                _Devcart_LoadFile
                0x0000000006010684                _Devcart_PrintStr
                0x00000000060106bc                _Devcart_Reset
                0x0000000006010700                _Devcart_ChangeDir
 .text          0x0000000006010738      0xd74 game.o
                0x0000000006010a48                _Game_Init
                0x0000000006010cf0                _Game_Run
 .text          0x00000000060114ac        0x0 hwram.o
 .text          0x00000000060114ac      0x35c pcmsys.o
                0x00000000060114ac                _smpc_wait_till_ready
                0x00000000060114c0                _smpc_issue_command
                0x00000000060114d4                _load_driver_binary
                0x0000000006011548                _load_drv
                0x0000000006011580                _calculate_bytes_per_blank
                0x00000000060115b0                _load_16bit_pcm
                0x00000000060116ac                _load_8bit_pcm
                0x00000000060117a4                _pcm_play
                0x00000000060117c8                _pcm_parameter_change
                0x00000000060117e4                _pcm_cease
 .text          0x0000000006011808        0x0 piece.o
 .text          0x0000000006011808      0x154 print.o
                0x0000000006011808                _Print_Load
                0x0000000006011818                _Print_Init
                0x0000000006011830                _Print_Num
                0x0000000006011874                _Print_String
                0x00000000060118cc                _Print_Display
 .text          0x000000000601195c       0xf4 rng.o
                0x000000000601195c                _RNG_Init
                0x00000000060119b0                _RNG_Get
 .text          0x0000000006011a50      0x5ac scroll.o
                0x0000000006011a50                _Scroll_Init
                0x0000000006011ce0                _Scroll_TilePtr
                0x0000000006011d34                _Scroll_LoadTile
                0x0000000006011db4                _Scroll_MapPtr
                0x0000000006011dec                _Scroll_Scale
                0x0000000006011e88                _Scroll_Set
                0x0000000006011ec8                _Scroll_Move
                0x0000000006011f08                _Scroll_ClearMaps
                0x0000000006011f4c                _Scroll_ClearVram
                0x0000000006011f68                _Scroll_CharSize
                0x0000000006011f9c                _Scroll_Enable
                0x0000000006011fcc                _Scroll_MapSize
 .text          0x0000000006011ffc      0x1bc sound.o
                0x0000000006011ffc                _Sound_Init
                0x0000000006012168                _Sound_CDDA
                0x00000000060121a8                _Sound_Play
 .text          0x00000000060121b8      0x60c sprite.o
                0x00000000060121b8                _Sprite_Init
                0x000000000601224c                _Sprite_Clear
                0x0000000006012268                _Sprite_Load
                0x0000000006012454                _Sprite_StartDraw
                0x0000000006012484                _Sprite_Draw
                0x000000000601269c                _Sprite_Make
                0x00000000060126c8                _Sprite_DrawAll
                0x0000000006012714                _Sprite_Next
                0x0000000006012758                _Sprite_ListAdd
                0x000000000601276c                _Sprite_ListRemove
                0x0000000006012790                _Sprite_Delete
                0x00000000060127a4                _Sprite_DeleteAll
 .text          0x00000000060127c4        0x0 main.o
 .text.startup  0x00000000060127c4      0x124 main.o
                0x00000000060127c4                _main
 .text          0x00000000060128e8      0x354 ../sbl/segalib/lib/libsat.a(cdc_cmn.o)
                0x00000000060128e8                _CDC_GetCurStat
                0x000000000601292c                _CDC_GetLastStat
                0x0000000006012938                _getPeriRsp
                0x00000000060129c0                _CDC_GetPeriStat
                0x0000000006012a04                _CDC_GetHwInfo
                0x0000000006012a5c                _CDC_TgetToc
                0x0000000006012ab4                _CDC_GetSes
                0x0000000006012aec                _CDC_CdInit
                0x0000000006012b64                _CDC_CdOpen
                0x0000000006012b8c                _CDC_DataEnd
                0x0000000006012be0                _CDC_DataReady
 .text          0x0000000006012c3c      0x108 ../sbl/segalib/lib/libsat.a(cdc_drv.o)
                0x0000000006012c3c                _analyPos
                0x0000000006012c8c                _CDC_CdPlay
                0x0000000006012ce0                _CDC_CdSeek
                0x0000000006012d18                _CDC_CdScan
 .text          0x0000000006012d44      0x198 ../sbl/segalib/lib/libsat.a(dma_scu1.o)
                0x0000000006012d44                _DMA_ScuInit
                0x0000000006012d80                _DMA_ScuMemCopy
                0x0000000006012e44                _DMA_ScuResult
 .text          0x0000000006012edc     0x1610 ../sbl/segalib/lib/libsat.a(gfs.o)
                0x0000000006012edc                _gfs_recovRdErr
                0x0000000006012f04                _GFS_SetErrFunc
                0x0000000006012f28                _GFS_GetErrStat
                0x0000000006012f48                _gfs_mngSetupFuncTbl
                0x0000000006012f74                _gfs_mngInitWork
                0x0000000006012ff4                _gfs_mngGetNumFile
                0x000000000601304c                _GFS_mngAllocGrp
                0x000000000601308c                _gfs_mngFreeGrp
                0x0000000006013092                _gfs_mngTermAccess
                0x00000000060130fc                _gfs_mngSetErrCode
                0x000000000601312c                _GFS_SetDir
                0x0000000006013190                _GFS_NameToId
                0x00000000060131e0                _GFS_IdToName
                0x000000000601323c                _GFS_Tell
                0x000000000601327c                _GFS_NwIsComplete
                0x00000000060132a4                _GFS_CdMovePickup
                0x0000000006013304                _GFS_GetDirInfo
                0x000000000601337c                _gfs_svrSearchHndl
                0x00000000060133b0                _gfs_svrAddHndl
                0x00000000060133e4                _gfs_svrRemoveHndl
                0x0000000006013458                _GFS_NwStop
                0x00000000060134b0                _GFS_OpenSub
                0x00000000060134f8                _GFS_Open
                0x000000000601359c                _GFS_GetFad
                0x00000000060135e0                _gfs_SetSct
                0x000000000601360c                _GFS_NwCdRead
                0x0000000006013690                _gfs_GetFinfo
                0x00000000060136de                _GFS_GetFileSize
                0x0000000006013740                _GFS_Seek
                0x00000000060137f4                _GFS_IsEof
                0x0000000006013854                _GFS_ByteToSct
                0x00000000060138b0                _GFS_GetFileInfo
                0x0000000006013924                _GFS_NwFread
                0x0000000006013a38                _GFS_NwGetStat
                0x0000000006013aac                _GFS_SetGmode
                0x0000000006013b10                _GFS_SetTmode
                0x0000000006013b84                _GFS_SetReadPara
                0x0000000006013be8                _GFS_SetTransPara
                0x0000000006013c5c                _gfs_transData
                0x0000000006013cec                _gfs_closeSub
                0x0000000006013d1c                _GFS_Close
                0x0000000006013d54                _GFS_LoadDir
                0x0000000006013df0                _gfs_getGmode
                0x0000000006013df6                _gfs_isTaskDone
                0x0000000006013e40                _gfs_convFinStat
                0x0000000006013ea4                _gfs_flowIn
                0x0000000006013f24                _GFS_NwExecOne
                0x0000000006013fb4                _GFS_Fread
                0x00000000060140fc                _GFS_Load
                0x00000000060141c4                _gfs_loadVol
                0x0000000006014288                _gfs_getRootDir
                0x0000000006014310                _gfs_loadRootDir
                0x0000000006014398                _GFS_Init
                0x0000000006014484                _GFS_NwExecServer
 .text          0x00000000060144ec       0x6c ../sbl/segalib/lib/libsat.a(gfs_buf.o)
                0x00000000060144ec                _GFBF_GetTranData
                0x0000000006014500                _GFBF_GetNumData
                0x0000000006014518                _GFBF_GetSrcPk
                0x000000000601452c                _GFBF_GetSctData
                0x0000000006014540                _GFBF_RtnPk
                0x0000000006014554                _gfbf_getSctDt
 .text          0x0000000006014558      0x484 ../sbl/segalib/lib/libsat.a(gfs_cdb.o)
                0x0000000006014558                _GFCB_Setup
                0x000000000601461c                _GFCB_Close
                0x000000000601463c                _GFCB_GetLenData
                0x00000000060146d0                _GFCB_GetLenRoom
                0x00000000060146d4                _GFCB_SetFilt
                0x000000000601472c                _GFCB_DeleteAllData
                0x0000000006014748                _GFCB_Tell
                0x0000000006014750                _GFCB_Seek
                0x0000000006014834                _GFCB_GetSrcPack
                0x00000000060148fc                _GFCB_GetSctData
                0x0000000006014928                _GFCB_GetDstPack
                0x000000000601492c                _GFCB_RtnPk
                0x000000000601496c                _GFCB_MovePickup
                0x000000000601497c                _GFCB_SetCon
                0x00000000060149a4                _GFCB_GetPickup
                0x00000000060149c4                _GFCB_IsPuOwner
                0x00000000060149d0                _GFCB_UngetPickup
 .text          0x00000000060149dc     0x1504 ../sbl/segalib/lib/libsat.a(gfs_cdc.o)
                0x00000000060149dc                _GFCD_AllocFilt
                0x0000000006014a0c                _GFCD_FreeFilt
                0x0000000006014a34                _GFCD_AllocBuf
                0x0000000006014a60                _GFCD_GetBaseFad
                0x0000000006014a8c                _GFCD_GetPickup
                0x0000000006014ab0                _GFCD_UngetPickup
                0x0000000006014ad4                _GFCD_IsPuOwner
                0x0000000006014aec                _GFCD_CheckDelSctData
                0x0000000006014b14                _GFCD_CheckMove
                0x0000000006014b2c                _gfcd_isIdleTask
                0x0000000006014b90                _GFCD_SetTimer
                0x0000000006014b9c                _gfcd_checkEflag
                0x0000000006014bb8                _gfcd_initCdbMng
                0x0000000006014c20                _gfcd_setStat
                0x0000000006014c44                _GFCD_GetFilt
                0x0000000006014c88                _GFCD_EndData
                0x0000000006014ccc                _GFCD_GetSctInfo
                0x0000000006014d10                _GFCD_GetFileInfo
                0x0000000006014dd8                _GFCD_GetBufSiz
                0x0000000006014e08                _gfcd_doSetFiltTsk
                0x0000000006014f74                _GFCD_SetFilt
                0x000000000601500c                _gfcd_doSetConTsk
                0x0000000006015084                _GFCD_SetCon
                0x00000000060150d0                _gfcd_doGetLenDataTsk
                0x00000000060151d0                _GFCD_GetLenData
                0x0000000006015214                _gfcd_doReqDataTsk
                0x0000000006015288                _GFCD_ReqData
                0x00000000060152d0                _gfcd_doDelSctDataTsk
                0x00000000060153dc                _GFCD_DelSctData
                0x0000000006015428                _gfcd_doMoveSctTsk
                0x0000000006015544                _GFCD_MoveSctData
                0x00000000060155a0                _gfcd_doSetFiltConTsk
                0x000000000601569c                _GFCD_SetFiltCon
                0x0000000006015794                _GFCD_SetCsctFunc
                0x00000000060157a4                _GFCD_WaitScdqFlag
                0x00000000060157e8                _GFCD_GetStat
                0x0000000006015858                _GFCD_Init
                0x0000000006015a40                _GFCD_Play
                0x0000000006015a90                _GFCD_MovePickup
                0x0000000006015ad8                _gfcd_doChgDirTsk
                0x0000000006015c7c                _GFCD_ChgDir
                0x0000000006015ce4                _gfcd_doTask
                0x0000000006015d54                _GFCD_ExecServer
                0x0000000006015e30                _GFCD_FreeBuf
                0x0000000006015eac                _GFCD_WaitServer
 .text          0x0000000006015ee0      0x600 ../sbl/segalib/lib/libsat.a(gfs_cdf.o)
                0x0000000006015ee0                _GFCF_Init
                0x0000000006015f38                _GFCF_SetSct
                0x0000000006015f64                _GFCF_GetFileInfo
                0x0000000006015fc2                _GFCF_Recover
                0x0000000006016004                _GFCF_Tell
                0x0000000006016010                _GFCF_Seek
                0x000000000601601c                _GFCF_cnvIntlvOfs
                0x0000000006016050                _GFCF_GetStat
                0x000000000601609c                _GFCF_StopInBuf
                0x0000000006016114                _GFCF_MovePickup
                0x0000000006016198                _gfcf_getSctSize
                0x00000000060161d0                _GFCF_Setup
                0x0000000006016288                _gfcf_isCdOk
                0x00000000060162d4                _gfcf_getPlayRange
                0x00000000060163dc                _GFCF_FlowInBuf
 .text          0x00000000060164e0      0x7e8 ../sbl/segalib/lib/libsat.a(gfs_dir.o)
                0x00000000060164e0                _GFDR_NameToId
                0x0000000006016530                _GFDR_GetInfoDirId
                0x000000000601653c                _GFDR_GetInfoDirName
                0x0000000006016548                _GFDR_GetAtrDirId
                0x0000000006016558                _GFDR_GetAtrDirName
                0x0000000006016568                _GFDR_ChgDir
                0x00000000060165d8                _GFDR_ChgRoot
                0x00000000060165e4                _gfdr_open
                0x0000000006016604                _gfdr_read
                0x00000000060166bc                _gfdr_readByte
                0x00000000060166e4                _gfdr_readWord
                0x000000000601670c                _gfdr_readWordNB
                0x0000000006016758                _gfdr_readLongNB
                0x00000000060167a0                _gfdr_readLongNM
                0x00000000060167c0                _gfdr_setNextRec
                0x000000000601683c                _gfdr_readDirEnt
                0x0000000006016b24                _gfdr_setDirrecCd
                0x0000000006016b42                _gfdr_setupDirIdTbl
                0x0000000006016bb8                _gfdr_setupDirNameTbl
                0x0000000006016c58                _GFDR_SetupDirTbl
 .text          0x0000000006016cc8      0x818 ../sbl/segalib/lib/libsat.a(gfs_trn.o)
                0x0000000006016cc8                _gftr_reqScu
                0x0000000006016ccc                _gftr_remCpu
                0x0000000006016cd0                _gftr_execScu
                0x0000000006016d50                _gftr_remScu
                0x0000000006016d70                _gftr_reqDma0
                0x0000000006016d74                _gftr_reqDma1
                0x0000000006016d78                _gftr_reqCpu
                0x0000000006016d7c                _GFTR_Setup
                0x0000000006016da2                _GFTR_SetMode
                0x0000000006016dae                _GFTR_SetUnit
                0x0000000006016db2                _GFTR_SetTransPara
                0x0000000006016dc4                _GFTR_GetTransPara
                0x0000000006016dc8                _GFTR_GetNumTrans
                0x0000000006016dcc                _GFTR_SetTransMax
                0x0000000006016dd2                _GFTR_Start
                0x0000000006016dd8                _GFTR_Pause
                0x0000000006016dde                _gfdma_canUse
                0x0000000006016de2                _gfdma_exec
                0x0000000006016ebc                _gftr_execSdma0
                0x0000000006016ee0                _gftr_execSdma1
                0x0000000006016f04                _gftr_reqTrn
                0x0000000006016f58                _gftr_execTrn
                0x0000000006017024                _gftr_remTrn
                0x0000000006017084                _gftr_copyFrac
                0x00000000060170a8                _gfdma_getBytecnt
                0x00000000060170d8                _gftr_remDma0
                0x00000000060170e4                _gftr_remDma1
                0x00000000060170f0                _gftr_execCpu
                0x000000000601713c                _GFTR_GetLenData
                0x0000000006017140                _GFTR_GetLenRoom
                0x000000000601714e                _gftr_getSrcPack
                0x00000000060171d0                _GFTR_Idle
                0x0000000006017240                _GFTR_GetDstPack
                0x000000000601726c                _gftr_getDstPack
                0x00000000060172ac                _gftr_execSub
                0x00000000060173b4                _GFTR_Exec
                0x000000000601740c                _GFTR_Stop
                0x00000000060174ac                _GFTR_RtnDstPk
                0x00000000060174ba                _GFTR_GetData
                0x00000000060174c8                _GFTR_SetData
                0x00000000060174d4                _GFTR_SetTransFunc
 .text          0x00000000060174e0       0x24 ../sbl/segalib/lib/libsat.a(mth_rand.o)
                0x00000000060174e0                _MTH_InitialRand
                0x00000000060174ec                _MTH_GetRand
 .text          0x0000000006017504       0x78 ../sbl/segalib/lib/libsat.a(mth_fixd.o)
                0x0000000006017504                _MTH_Mul
                0x0000000006017518                _MTH_Div
                0x000000000601752c                _MTH_IntToFixed
                0x0000000006017534                _MTH_FixedToInt
                0x000000000601753c                _MTH_Product
 .text          0x000000000601757c      0x5d4 ../sbl/segalib/lib/libsat.a(mth_tri.o)
                0x000000000601757c                _MTH_Sin
                0x00000000060175bc                _MTH_Cos
                0x0000000006017600                _fcos
                0x0000000006017606                _fsin
                0x0000000006017798                _MTH_Atan
 .text          0x0000000006017b50      0xf58 ../sbl/segalib/lib/libsat.a(per_prt.o)
                0x0000000006017f50                _PER_IntFunc
                0x0000000006018800                _PER_Init
                0x00000000060189a8                _PER_GetPer
 .text          0x0000000006018aa8      0xcbc ../sbl/segalib/lib/libsat.a(spr_2c.o)
                0x0000000006018aa8                _SPR_2SetTvMode
                0x0000000006018ab8                _SPR_2FrameChgIntr
                0x0000000006018acc                _SPR_2FrameEraseData
                0x0000000006018b0c                _SPR_2SetGourTbl
                0x0000000006018b3c                _SPR_2SetLookupTbl
                0x0000000006018b58                _SPR_2SetChar
                0x0000000006018c84                _SPR_2ClrChar
                0x0000000006018d8c                _SPR_2ClrAllChar
                0x0000000006018dd8                _SPR_2Initial
                0x0000000006018f2c                _SPR_2GourTblNoToVram
                0x0000000006018f48                _SPR_2LookupTblNoToVram
                0x0000000006018f58                _SPR_2CharNoToVram
                0x0000000006018f6c                _SPR_2GetAreaSizeInfo
                0x0000000006018fcc                _SPR_2OpenCommand
                0x0000000006019064                _SPR_2FlushDrawPrty
                0x00000000060190a4                _SPR_2CloseCommand
                0x00000000060191c4                _SPR_2LocalCoord
                0x000000000601921c                _SPR_2SysClip
                0x0000000006019264                _SPR_2UserClip
                0x00000000060192b4                _SPR_2Line
                0x0000000006019350                _SPR_2PolyLine
                0x00000000060193f0                _SPR_2Polygon
                0x0000000006019490                _SPR_2NormSpr
                0x000000000601955c                _SPR_2ScaleSpr
                0x0000000006019644                _SPR_2DistSpr
                0x000000000601971c                _SPR_2Cmd
 .text          0x0000000006019764      0x754 ../sbl/segalib/lib/libsat.a(scl_func.o)
                0x0000000006019764                _SCL_ParametersInit
                0x0000000006019850                _SCL_Vdp2Init
                0x00000000060198b8                _SCL_Open
                0x00000000060198d4                _SCL_Close
                0x00000000060198e8                _SCL_MoveTo
                0x00000000060199dc                _SCL_Move
                0x0000000006019b08                _SCL_Scale
                0x0000000006019c0c                _SCL_Memcpyw
                0x0000000006019c20                _SCL_CopyReg
                0x0000000006019d00                _SCL_SetColRamMode
                0x0000000006019d50                _SCL_PriIntProc
                0x0000000006019e4c                _SCL_ScrollShow
 .text          0x0000000006019eb8      0x384 ../sbl/segalib/lib/libsat.a(scl_fu02.o)
                0x0000000006019eb8                _SCL_InitVramConfigTb
                0x0000000006019ec6                _SCL_SetVramConfig
 .text          0x000000000601a23c      0x62c ../sbl/segalib/lib/libsat.a(scl_fu03.o)
                0x000000000601a23c                _SCL_InitConfigTb
                0x000000000601a254                _SCL_SetConfig
 .text          0x000000000601a868       0x18 ../sbl/segalib/lib/libsat.a(scl_fu04.o)
                0x000000000601a868                _SCL_SetCycleTable
 .text          0x000000000601a880      0xf30 ../sbl/segalib/lib/libsat.a(scl_pri.o)
                0x000000000601a880                _SCL_PriorityInit
                0x000000000601ae2c                _SCL_GetColRamMode
                0x000000000601ae4c                _SCL_AbortAutoVe
                0x000000000601ae58                _SCL_SetColMixRate
                0x000000000601b1c0                _SCL_IncColOffset
                0x000000000601b234                _SCL_AutoExec
                0x000000000601b660                _SCL_SetShadowBit
 .text          0x000000000601b7b0      0xe38 ../sbl/segalib/lib/libsat.a(scl_ro00.o)
                0x000000000601b8d4                _SCL_InitRotateTable
                0x000000000601bb1c                _SCL_RotateZD
                0x000000000601bc5c                _SCL_Rotate
 .text          0x000000000601c5e8       0xfc ../sbl/segalib/lib/libsat.a(scl_ro03.o)
                0x000000000601c5e8                _SCL_RotateTo
 .text          0x000000000601c6e4       0x74 ../sbl/segalib/lib/libsat.a(scl_back.o)
                0x000000000601c6e4                _SCL_SetBack
 .text          0x000000000601c758      0x264 ../sbl/segalib/lib/libsat.a(scl_vblv.o)
                0x000000000601c758                _SCL_SetFrameInterval
                0x000000000601c7d0                _SCL_DisplayFrame
                0x000000000601c7fc                _SCL_VblInit
                0x000000000601c844                _SCL_VblankStart
                0x000000000601c914                _SCL_VblankEnd
 .text          0x000000000601c9bc       0x54 ../sbl/segalib/lib/libsat.a(scl_pr01.o)
                0x000000000601c9bc                _SCL_SetSpriteMode
 .text          0x000000000601ca10       0x90 ../sbl/segalib/lib/libsat.a(scl_pr02.o)
                0x000000000601ca10                _SCL_SetColRam
 .text          0x000000000601caa0      0x10c ../sbl/segalib/lib/libsat.a(scl_pr03.o)
                0x000000000601caa0                _SCL_FreeColRam
                0x000000000601cac8                _SCL_AllocColRam
 .text          0x000000000601cbac       0xac ../sbl/segalib/lib/libsat.a(scl_pr05.o)
                0x000000000601cbac                _SCL_GetColRamOffset
 .text          0x000000000601cc58      0x180 ../sbl/segalib/lib/libsat.a(scl_pr06.o)
                0x000000000601cc58                _SCL_SetColRamOffset
 .text          0x000000000601cdd8      0x1c8 ../sbl/segalib/lib/libsat.a(scl_pr07.o)
                0x000000000601cdd8                _SCL_SetPriority
 .text          0x000000000601cfa0      0x13c ../sbl/segalib/lib/libsat.a(scl_pr11.o)
                0x000000000601cfa0                _SCL_SetAutoColOffset
 .text          0x000000000601d0dc      0x164 ../sbl/segalib/lib/libsat.a(scl_pr12.o)
                0x000000000601d0dc                _SCL_SetColOffset
 .text          0x000000000601d240      0x234 ../sbl/segalib/lib/libsat.a(cdc_reg.o)
                0x000000000601d240                _CDC_GetDataPtr
                0x000000000601d24c                _CDC_GetHirqReq
                0x000000000601d258                _CDC_ClrHirqReq
                0x000000000601d278                _CDREG_ClrHirqReq
                0x000000000601d284                _CDREG_InitHirqReq
                0x000000000601d29c                _CDREG_SetHirqFlag
                0x000000000601d2ac                _CDC_GetHirqMsk
                0x000000000601d2b8                _CDC_SetHirqMsk
                0x000000000601d2c4                _CDC_GetMpegPtr
                0x000000000601d2d0                _CDREG_TgetData
                0x000000000601d32c                _CDREG_WaitHirq
                0x000000000601d354                _writeCmd
                0x000000000601d374                _CDREG_ReadRsp
                0x000000000601d398                _doCmdRsp
                0x000000000601d440                _CDREG_CmdRsp
 .text          0x000000000601d474       0xf4 ../sbl/segalib/lib/libsat.a(cdc_sub.o)
                0x000000000601d474                _CDSUB_GetCdstat
                0x000000000601d4a8                _CDSUB_RspToCdstat
                0x000000000601d4da                _CDSUB_CdCmd
                0x000000000601d53c                _CDSUB_UpdStatus
                0x000000000601d548                _CDSUB_UpdCdstat
                0x000000000601d564                _CDSUB_SoftTimer
 .text          0x000000000601d568       0xb4 ../sbl/segalib/lib/libsat.a(cdc_dev.o)
                0x000000000601d568                _CDC_CdSetCon
                0x000000000601d59c                _CDC_CdGetCon
                0x000000000601d5dc                _CDC_CdGetLastBuf
 .text          0x000000000601d61c      0x290 ../sbl/segalib/lib/libsat.a(cdc_sel.o)
                0x000000000601d61c                _CDC_SetFiltRange
                0x000000000601d658                _CDC_GetFiltRange
                0x000000000601d6c4                _CDC_SetFiltSubh
                0x000000000601d714                _CDC_GetFiltSubh
                0x000000000601d778                _CDC_SetFiltMode
                0x000000000601d7ac                _CDC_GetFiltMode
                0x000000000601d7ec                _CDC_SetFiltCon
                0x000000000601d824                _CDC_GetFiltCon
                0x000000000601d878                _CDC_ResetSelector
 .text          0x000000000601d8ac      0x234 ../sbl/segalib/lib/libsat.a(cdc_bif.o)
                0x000000000601d8ac                _CDC_GetBufSiz
                0x000000000601d904                _CDC_GetSctNum
                0x000000000601d94c                _CDC_CalActSiz
                0x000000000601d97c                _chkEselUpdStatus
                0x000000000601d9b0                _CDC_GetActSiz
                0x000000000601d9f4                _CDC_GetSctInfo
                0x000000000601da4c                _CDC_ExeFadSearch
                0x000000000601da80                _CDC_GetFadSearch
 .text          0x000000000601dae0      0x190 ../sbl/segalib/lib/libsat.a(cdc_bio.o)
                0x000000000601dae0                _CDC_SetSctLen
                0x000000000601db10                _CDC_GetSctData
                0x000000000601db40                _CDC_DelSctData
                0x000000000601db70                _CDC_GetdelSctData
                0x000000000601dba0                _CDC_PutSctData
                0x000000000601dbd0                _CDC_CopySctData
                0x000000000601dc04                _CDC_MoveSctData
                0x000000000601dc38                _CDC_GetCopyErr
 .text          0x000000000601dc70      0x1a4 ../sbl/segalib/lib/libsat.a(cdc_cfs.o)
                0x000000000601dc70                _CDC_ChgDir
                0x000000000601dca8                _CDC_ReadDir
                0x000000000601dce0                _CDC_GetFileScope
                0x000000000601dd40                _CDC_TgetFileInfo
                0x000000000601dd98                _CDC_ReadFile
                0x000000000601ddd8                _CDC_AbortFile
 .text          0x000000000601de14       0xb0 ../sbl/segalib/lib/libsat.a(csh_main.o)
                0x000000000601de14                _CSH_Init
                0x000000000601de60                _CSH_AllClr
                0x000000000601dea0                _CSH_Purge
 .text          0x000000000601dec4      0x13c ../sbl/segalib/lib/libsat.a(dma_cpu0.o)
                0x000000000601dec4                _DMA_CpuSetComPrm
                0x000000000601defc                _DMA_CpuSetPrm
                0x000000000601dfb0                _DMA_CpuStart
                0x000000000601dfc0                _DMA_CpuStop
                0x000000000601dfd2                _DMA_CpuAllStop
                0x000000000601dfe0                _DMA_CpuGetComStatus
                0x000000000601dff2                _DMA_CpuGetStatus
 .text          0x000000000601e000      0x274 ../sbl/segalib/lib/libsat.a(dma_scu0.o)
                0x000000000601e000                _DMA_ScuIntFunc0
                0x000000000601e060                _DMA_ScuIntFunc1
                0x000000000601e0c4                _DMA_ScuIntFunc2
                0x000000000601e128                _DMA_ScuSetPrm
                0x000000000601e190                _DMA_ScuStart
                0x000000000601e248                _DMA_ScuGetStatus
 .text          0x000000000601e274      0x240 ../sbl/segalib/lib/libsat.a(spr_1c.o)
                0x000000000601e274                _SPR_SetTvMode
                0x000000000601e2f0                _SPR_GetStatus
                0x000000000601e344                _SPR_SetEraseData
                0x000000000601e3dc                _SPR_Initial
                0x000000000601e490                _SPR_WaitDrawEnd
                0x000000000601e4a0                _SPR_SetEosMode
 .text          0x000000000601e4b4      0x16c ../sbl/segalib/lib/libsat.a(spr_2a.o)
                0x000000000601e4b4                _SPR_2SetDrawPrty
                0x000000000601e524                _SPR_2FlushDrawPrtyBlock
 .text          0x000000000601e620       0x52 /opt/toolchains/sh-elf/bin/../lib/gcc/sh-elf/11.1.0/libgcc.a(_ashiftrt.o)
                0x000000000601e620                ___ashiftrt_r4_31
                0x000000000601e620                ___ashiftrt_r4_32
                0x000000000601e626                ___ashiftrt_r4_30
                0x000000000601e628                ___ashiftrt_r4_29
                0x000000000601e62a                ___ashiftrt_r4_28
                0x000000000601e62c                ___ashiftrt_r4_27
                0x000000000601e62e                ___ashiftrt_r4_26
                0x000000000601e630                ___ashiftrt_r4_25
                0x000000000601e632                ___ashiftrt_r4_24
                0x000000000601e63a                ___ashiftrt_r4_23
                0x000000000601e63c                ___ashiftrt_r4_22
                0x000000000601e63e                ___ashiftrt_r4_21
                0x000000000601e640                ___ashiftrt_r4_20
                0x000000000601e642                ___ashiftrt_r4_19
                0x000000000601e644                ___ashiftrt_r4_18
                0x000000000601e646                ___ashiftrt_r4_17
                0x000000000601e648                ___ashiftrt_r4_16
                0x000000000601e64e                ___ashiftrt_r4_15
                0x000000000601e650                ___ashiftrt_r4_14
                0x000000000601e652                ___ashiftrt_r4_13
                0x000000000601e654                ___ashiftrt_r4_12
                0x000000000601e656                ___ashiftrt_r4_11
                0x000000000601e658                ___ashiftrt_r4_10
                0x000000000601e65a                ___ashiftrt_r4_9
                0x000000000601e65c                ___ashiftrt_r4_8
                0x000000000601e65e                ___ashiftrt_r4_7
                0x000000000601e660                ___ashiftrt_r4_6
                0x000000000601e662                ___ashiftrt_r4_5
                0x000000000601e664                ___ashiftrt_r4_4
                0x000000000601e666                ___ashiftrt_r4_3
                0x000000000601e668                ___ashiftrt_r4_2
                0x000000000601e66a                ___ashiftrt_r4_1
                0x000000000601e66e                ___ashiftrt_r4_0
 *fill*         0x000000000601e672        0x2 
 .text          0x000000000601e674       0x80 /opt/toolchains/sh-elf/bin/../lib/gcc/sh-elf/11.1.0/libgcc.a(_ashiftrt_n.o)
                0x000000000601e674                ___ashrsi3
 .text          0x000000000601e6f4       0xbc /opt/toolchains/sh-elf/bin/../lib/gcc/sh-elf/11.1.0/libgcc.a(_ashiftlt.o)
                0x000000000601e6f4                ___ashlsi3
                0x000000000601e6f8                ___ashlsi3_r0
 .text          0x000000000601e7b0       0x78 /opt/toolchains/sh-elf/bin/../lib/gcc/sh-elf/11.1.0/libgcc.a(_movmem.o)
                0x000000000601e7b0                ___movmem
                0x000000000601e7b0                ___movstr
                0x000000000601e7e4                ___movmemSI64
                0x000000000601e7e4                ___movstrSI64
                0x000000000601e7e8                ___movmemSI60
                0x000000000601e7e8                ___movstrSI60
                0x000000000601e7ec                ___movstrSI56
                0x000000000601e7ec                ___movmemSI56
                0x000000000601e7f0                ___movmemSI52
                0x000000000601e7f0                ___movstrSI52
                0x000000000601e7f4                ___movstrSI48
                0x000000000601e7f4                ___movmemSI48
                0x000000000601e7f8                ___movmemSI44
                0x000000000601e7f8                ___movstrSI44
                0x000000000601e7fc                ___movstrSI40
                0x000000000601e7fc                ___movmemSI40
                0x000000000601e800                ___movstrSI36
                0x000000000601e800                ___movmemSI36
                0x000000000601e804                ___movstrSI32
                0x000000000601e804                ___movmemSI32
                0x000000000601e808                ___movmemSI28
                0x000000000601e808                ___movstrSI28
                0x000000000601e80c                ___movmemSI24
                0x000000000601e80c                ___movstrSI24
                0x000000000601e810                ___movmemSI20
                0x000000000601e810                ___movstrSI20
                0x000000000601e814                ___movstrSI16
                0x000000000601e814                ___movmemSI16
                0x000000000601e818                ___movmemSI12
                0x000000000601e818                ___movstrSI12
                0x000000000601e81c                ___movstrSI8
                0x000000000601e81c                ___movmemSI8
                0x000000000601e820                ___movstrSI4
                0x000000000601e820                ___movmemSI4
 .text          0x000000000601e828       0xa0 /opt/toolchains/sh-elf/bin/../lib/gcc/sh-elf/11.1.0/libgcc.a(_sdivsi3.o)
                0x000000000601e828                ___sdivsi3
 .text          0x000000000601e8c8       0x6c /opt/toolchains/sh-elf/bin/../lib/gcc/sh-elf/11.1.0/libgcc.a(_udivsi3.o)
                0x000000000601e8ea                ___udivsi3
 .text          0x000000000601e934      0x208 /opt/toolchains/sh-elf/bin/../lib/gcc/sh-elf/11.1.0/libgcc.a(_mul_df.o)
                0x000000000601e934                ___muldf3
 .text          0x000000000601eb3c       0xa8 /opt/toolchains/sh-elf/bin/../lib/gcc/sh-elf/11.1.0/libgcc.a(_si_to_df.o)
                0x000000000601eb3c                ___floatsidf
 .text          0x000000000601ebe4       0xa0 /opt/toolchains/sh-elf/bin/../lib/gcc/sh-elf/11.1.0/libgcc.a(_df_to_si.o)
                0x000000000601ebe4                ___fixdfsi
 .text          0x000000000601ec84        0x0 /opt/toolchains/sh-elf/bin/../lib/gcc/sh-elf/11.1.0/libgcc.a(_thenan_df.o)
 .text          0x000000000601ec84       0xbc /opt/toolchains/sh-elf/bin/../lib/gcc/sh-elf/11.1.0/libgcc.a(_lshiftrt.o)
                0x000000000601ec84                ___lshrsi3
                0x000000000601ec88                ___lshrsi3_r0
 .text          0x000000000601ed40       0x74 /opt/toolchains/sh-elf/bin/../lib/gcc/sh-elf/11.1.0/libgcc.a(_clzsi2.o)
                0x000000000601ed40                ___clzsi2
 .text          0x000000000601edb4      0x29c /opt/toolchains/sh-elf/bin/../lib/gcc/sh-elf/11.1.0/libgcc.a(_pack_df.o)
                0x000000000601edb4                ___pack_d
 .text          0x000000000601f050       0xcc /opt/toolchains/sh-elf/bin/../lib/gcc/sh-elf/11.1.0/libgcc.a(_unpack_df.o)
                0x000000000601f050                ___unpack_d
 .text          0x000000000601f11c        0x0 /opt/toolchains/sh-elf/bin/../lib/gcc/sh-elf/11.1.0/libgcc.a(_clz.o)
 .text          0x000000000601f11c       0x64 /opt/toolchains/sh-elf/bin/../lib/gcc/sh-elf/11.1.0/../../../../sh-elf/lib/libc.a(lib_a-memcmp.o)
                0x000000000601f11c                _memcmp
 .text          0x000000000601f180       0x94 /opt/toolchains/sh-elf/bin/../lib/gcc/sh-elf/11.1.0/../../../../sh-elf/lib/libc.a(lib_a-memcpy.o)
                0x000000000601f180                _memcpy
 .text          0x000000000601f214       0xcc /opt/toolchains/sh-elf/bin/../lib/gcc/sh-elf/11.1.0/../../../../sh-elf/lib/libc.a(lib_a-memmove.o)
                0x000000000601f214                _memmove
 .text          0x000000000601f2e0       0x40 /opt/toolchains/sh-elf/bin/../lib/gcc/sh-elf/11.1.0/../../../../sh-elf/lib/libc.a(lib_a-memset.o)
                0x000000000601f2e0                _memset
 .text          0x000000000601f320       0x3c /opt/toolchains/sh-elf/bin/../lib/gcc/sh-elf/11.1.0/../../../../sh-elf/lib/libc.a(lib_a-strcpy.o)
                0x000000000601f320                _strcpy
 .text          0x000000000601f35c       0xd0 /opt/toolchains/sh-elf/bin/../lib/gcc/sh-elf/11.1.0/../../../../sh-elf/lib/libc.a(lib_a-strncmp.o)
                0x000000000601f35c                _strncmp
 .text          0x000000000601f42c       0xd4 /opt/toolchains/sh-elf/bin/../lib/gcc/sh-elf/11.1.0/../../../../sh-elf/lib/libc.a(lib_a-strncpy.o)
                0x000000000601f42c                _strncpy
 *(.rodata*)
 .rodata.str1.4
                0x000000000601f500        0x7 bg.o
 *fill*         0x000000000601f507        0x1 
 .rodata        0x000000000601f508      0x100 crc.o
 .rodata.str1.4
                0x000000000601f608       0x2b game.o
                                         0x2f (size before relaxing)
 *fill*         0x000000000601f633        0x1 
 .rodata.str1.4
                0x000000000601f634        0x9 pcmsys.o
 *fill*         0x000000000601f63d        0x3 
 .rodata        0x000000000601f640      0x400 pcmsys.o
 .rodata.str1.4
                0x000000000601fa40        0x9 print.o
 *fill*         0x000000000601fa49        0x3 
 .rodata.str1.4
                0x000000000601fa4c       0x77 sound.o
                                         0x7b (size before relaxing)
 *fill*         0x000000000601fac3        0x1 
 .rodata        0x000000000601fac4        0xa ../sbl/segalib/lib/libsat.a(gfs.o)
 *fill*         0x000000000601face        0x2 
 .rodata        0x000000000601fad0       0x30 ../sbl/segalib/lib/libsat.a(gfs_buf.o)
 .rodata        0x000000000601fb00       0x2d ../sbl/segalib/lib/libsat.a(gfs_cdf.o)
 *fill*         0x000000000601fb2d        0x3 
 .rodata.str1.4
                0x000000000601fb30        0x2 ../sbl/segalib/lib/libsat.a(gfs_dir.o)
                                          0x7 (size before relaxing)
 *fill*         0x000000000601fb32        0x2 
 .rodata        0x000000000601fb34       0x30 ../sbl/segalib/lib/libsat.a(gfs_trn.o)
 .rodata        0x000000000601fb64        0xc ../sbl/segalib/lib/libsat.a(dma_scu0.o)
 .rodata        0x000000000601fb70       0x20 ../sbl/segalib/lib/libsat.a(spr_1c.o)
 .rodata        0x000000000601fb90       0x14 /opt/toolchains/sh-elf/bin/../lib/gcc/sh-elf/11.1.0/libgcc.a(_thenan_df.o)
                0x000000000601fb90                ___thenan_df
 .rodata        0x000000000601fba4      0x100 /opt/toolchains/sh-elf/bin/../lib/gcc/sh-elf/11.1.0/libgcc.a(_clz.o)
                0x000000000601fba4                ___clz_tab
 *(.strings)
                0x000000000601fcb0                . = ALIGN (0x10)
 *fill*         0x000000000601fca4        0xc 
                0x000000000601fcb0                _etext = ABSOLUTE (.)

.tors           0x000000000601fcb0        0x0
                0x000000000601fcb0                ___ctors = .
 *(.ctors)
                0x000000000601fcb0                ___ctors_end = .
                0x000000000601fcb0                ___dtors = .
 *(.dtors)
                0x000000000601fcb0                ___dtors_end = .
                0x000000000601fcb0                . = ALIGN (0x10)
                0x000000000601fcb0                _etors = ABSOLUTE (.)

.data           0x000000000601fcb0      0x880
 *(.data)
 .data          0x000000000601fcb0        0x0 entry.o
 .data          0x000000000601fcb0        0x0 stack.o
 .data          0x000000000601fcb0        0x0 vblank.o
 .data          0x000000000601fcb0        0x0 bg.o
 .data          0x000000000601fcb0        0x0 cd.o
 .data          0x000000000601fcb0        0x0 crc.o
 .data          0x000000000601fcb0        0x0 devcart.o
 .data          0x000000000601fcb0       0xf4 game.o
                0x000000000601fcb0                _gravity
                0x000000000601fd28                _levels
 .data          0x000000000601fda4        0x0 hwram.o
 .data          0x000000000601fda4        0xc pcmsys.o
                0x000000000601fda4                _master_volume
                0x000000000601fda8                _scsp_load
                0x000000000601fdac                _m68k_com
 .data          0x000000000601fdb0      0x700 piece.o
                0x000000000601fdb0                _pieces
 .data          0x00000000060204b0        0x0 print.o
 .data          0x00000000060204b0        0x0 rng.o
 .data          0x00000000060204b0       0x34 scroll.o
                0x00000000060204b0                _cycleTb
                0x00000000060204c0                _charOffsets
                0x00000000060204d0                _vram
 .data          0x00000000060204e4        0x0 sound.o
 .data          0x00000000060204e4       0x18 sprite.o
 .data          0x00000000060204fc        0x0 main.o
 .data          0x00000000060204fc        0x0 ../sbl/segalib/lib/libsat.a(cdc_cmn.o)
 .data          0x00000000060204fc        0x0 ../sbl/segalib/lib/libsat.a(cdc_drv.o)
 .data          0x00000000060204fc        0x0 ../sbl/segalib/lib/libsat.a(dma_scu1.o)
 .data          0x00000000060204fc        0x0 ../sbl/segalib/lib/libsat.a(gfs.o)
 .data          0x00000000060204fc        0x0 ../sbl/segalib/lib/libsat.a(gfs_buf.o)
 .data          0x00000000060204fc        0x0 ../sbl/segalib/lib/libsat.a(gfs_cdb.o)
 .data          0x00000000060204fc        0x0 ../sbl/segalib/lib/libsat.a(gfs_cdc.o)
 .data          0x00000000060204fc        0x0 ../sbl/segalib/lib/libsat.a(gfs_cdf.o)
 .data          0x00000000060204fc        0x0 ../sbl/segalib/lib/libsat.a(gfs_dir.o)
 .data          0x00000000060204fc        0x0 ../sbl/segalib/lib/libsat.a(gfs_trn.o)
 .data          0x00000000060204fc        0x0 ../sbl/segalib/lib/libsat.a(mth_rand.o)
 .data          0x00000000060204fc        0x0 ../sbl/segalib/lib/libsat.a(mth_fixd.o)
 .data          0x00000000060204fc        0x0 ../sbl/segalib/lib/libsat.a(mth_tri.o)
 .data          0x00000000060204fc        0x3 ../sbl/segalib/lib/libsat.a(per_prt.o)
 .data          0x00000000060204ff        0x0 ../sbl/segalib/lib/libsat.a(spr_2c.o)
 *fill*         0x00000000060204ff        0x1 
 .data          0x0000000006020500        0x6 ../sbl/segalib/lib/libsat.a(scl_func.o)
                0x0000000006020500                _SclRotateTableMode
                0x0000000006020502                _SclDisplayY
                0x0000000006020504                _SclDisplayX
 .data          0x0000000006020506        0x0 ../sbl/segalib/lib/libsat.a(scl_fu02.o)
 .data          0x0000000006020506        0x0 ../sbl/segalib/lib/libsat.a(scl_fu03.o)
 .data          0x0000000006020506        0x0 ../sbl/segalib/lib/libsat.a(scl_fu04.o)
 *fill*         0x0000000006020506        0x2 
 .data          0x0000000006020508       0x18 ../sbl/segalib/lib/libsat.a(scl_pri.o)
                0x0000000006020508                _SclRealColOffset
                0x000000000602050c                _SclRealBgColMix
                0x0000000006020510                _SclRealSpColMix
                0x0000000006020514                _SclRealBgPriNum
                0x0000000006020518                _SclRealSpPriNum
                0x000000000602051c                _SclRealOtherPri
 .data          0x0000000006020520        0x0 ../sbl/segalib/lib/libsat.a(scl_ro00.o)
 .data          0x0000000006020520        0x0 ../sbl/segalib/lib/libsat.a(scl_ro03.o)
 .data          0x0000000006020520        0x0 ../sbl/segalib/lib/libsat.a(scl_back.o)
 .data          0x0000000006020520        0x8 ../sbl/segalib/lib/libsat.a(scl_vblv.o)
                0x0000000006020520                _VBInterval
                0x0000000006020524                _SpFrameEraseMode
 .data          0x0000000006020528        0x0 ../sbl/segalib/lib/libsat.a(scl_pr01.o)
 .data          0x0000000006020528        0x0 ../sbl/segalib/lib/libsat.a(scl_pr02.o)
 .data          0x0000000006020528        0x0 ../sbl/segalib/lib/libsat.a(scl_pr03.o)
 .data          0x0000000006020528        0x0 ../sbl/segalib/lib/libsat.a(scl_pr05.o)
 .data          0x0000000006020528        0x0 ../sbl/segalib/lib/libsat.a(scl_pr06.o)
 .data          0x0000000006020528        0x0 ../sbl/segalib/lib/libsat.a(scl_pr07.o)
 .data          0x0000000006020528        0x0 ../sbl/segalib/lib/libsat.a(scl_pr11.o)
 .data          0x0000000006020528        0x0 ../sbl/segalib/lib/libsat.a(scl_pr12.o)
 .data          0x0000000006020528        0x0 ../sbl/segalib/lib/libsat.a(cdc_reg.o)
 .data          0x0000000006020528        0x0 ../sbl/segalib/lib/libsat.a(cdc_sub.o)
 .data          0x0000000006020528        0x0 ../sbl/segalib/lib/libsat.a(cdc_dev.o)
 .data          0x0000000006020528        0x0 ../sbl/segalib/lib/libsat.a(cdc_sel.o)
 .data          0x0000000006020528        0x0 ../sbl/segalib/lib/libsat.a(cdc_bif.o)
 .data          0x0000000006020528        0x0 ../sbl/segalib/lib/libsat.a(cdc_bio.o)
 .data          0x0000000006020528        0x0 ../sbl/segalib/lib/libsat.a(cdc_cfs.o)
 .data          0x0000000006020528        0x0 ../sbl/segalib/lib/libsat.a(csh_main.o)
 .data          0x0000000006020528        0x0 ../sbl/segalib/lib/libsat.a(dma_cpu0.o)
 .data          0x0000000006020528        0x0 ../sbl/segalib/lib/libsat.a(dma_scu0.o)
 .data          0x0000000006020528        0x0 ../sbl/segalib/lib/libsat.a(spr_1c.o)
 .data          0x0000000006020528        0x0 ../sbl/segalib/lib/libsat.a(spr_2a.o)
 .data          0x0000000006020528        0x0 /opt/toolchains/sh-elf/bin/../lib/gcc/sh-elf/11.1.0/libgcc.a(_ashiftrt.o)
 .data          0x0000000006020528        0x0 /opt/toolchains/sh-elf/bin/../lib/gcc/sh-elf/11.1.0/libgcc.a(_ashiftrt_n.o)
 .data          0x0000000006020528        0x0 /opt/toolchains/sh-elf/bin/../lib/gcc/sh-elf/11.1.0/libgcc.a(_ashiftlt.o)
 .data          0x0000000006020528        0x0 /opt/toolchains/sh-elf/bin/../lib/gcc/sh-elf/11.1.0/libgcc.a(_movmem.o)
 .data          0x0000000006020528        0x0 /opt/toolchains/sh-elf/bin/../lib/gcc/sh-elf/11.1.0/libgcc.a(_sdivsi3.o)
 .data          0x0000000006020528        0x0 /opt/toolchains/sh-elf/bin/../lib/gcc/sh-elf/11.1.0/libgcc.a(_udivsi3.o)
 .data          0x0000000006020528        0x0 /opt/toolchains/sh-elf/bin/../lib/gcc/sh-elf/11.1.0/libgcc.a(_mul_df.o)
 .data          0x0000000006020528        0x0 /opt/toolchains/sh-elf/bin/../lib/gcc/sh-elf/11.1.0/libgcc.a(_si_to_df.o)
 .data          0x0000000006020528        0x0 /opt/toolchains/sh-elf/bin/../lib/gcc/sh-elf/11.1.0/libgcc.a(_df_to_si.o)
 .data          0x0000000006020528        0x0 /opt/toolchains/sh-elf/bin/../lib/gcc/sh-elf/11.1.0/libgcc.a(_thenan_df.o)
 .data          0x0000000006020528        0x0 /opt/toolchains/sh-elf/bin/../lib/gcc/sh-elf/11.1.0/libgcc.a(_lshiftrt.o)
 .data          0x0000000006020528        0x0 /opt/toolchains/sh-elf/bin/../lib/gcc/sh-elf/11.1.0/libgcc.a(_clzsi2.o)
 .data          0x0000000006020528        0x0 /opt/toolchains/sh-elf/bin/../lib/gcc/sh-elf/11.1.0/libgcc.a(_pack_df.o)
 .data          0x0000000006020528        0x0 /opt/toolchains/sh-elf/bin/../lib/gcc/sh-elf/11.1.0/libgcc.a(_unpack_df.o)
 .data          0x0000000006020528        0x0 /opt/toolchains/sh-elf/bin/../lib/gcc/sh-elf/11.1.0/libgcc.a(_clz.o)
 .data          0x0000000006020528        0x0 /opt/toolchains/sh-elf/bin/../lib/gcc/sh-elf/11.1.0/../../../../sh-elf/lib/libc.a(lib_a-memcmp.o)
 .data          0x0000000006020528        0x0 /opt/toolchains/sh-elf/bin/../lib/gcc/sh-elf/11.1.0/../../../../sh-elf/lib/libc.a(lib_a-memcpy.o)
 .data          0x0000000006020528        0x0 /opt/toolchains/sh-elf/bin/../lib/gcc/sh-elf/11.1.0/../../../../sh-elf/lib/libc.a(lib_a-memmove.o)
 .data          0x0000000006020528        0x0 /opt/toolchains/sh-elf/bin/../lib/gcc/sh-elf/11.1.0/../../../../sh-elf/lib/libc.a(lib_a-memset.o)
 .data          0x0000000006020528        0x0 /opt/toolchains/sh-elf/bin/../lib/gcc/sh-elf/11.1.0/../../../../sh-elf/lib/libc.a(lib_a-strcpy.o)
 .data          0x0000000006020528        0x0 /opt/toolchains/sh-elf/bin/../lib/gcc/sh-elf/11.1.0/../../../../sh-elf/lib/libc.a(lib_a-strncmp.o)
 .data          0x0000000006020528        0x0 /opt/toolchains/sh-elf/bin/../lib/gcc/sh-elf/11.1.0/../../../../sh-elf/lib/libc.a(lib_a-strncpy.o)
                0x0000000006020530                . = ALIGN (0x10)
 *fill*         0x0000000006020528        0x8 
                0x0000000006020530                _edata = ABSOLUTE (.)

.bss            0x0000000006020530    0x19750
                0x0000000006020530                _bss_start = .
 *(.bss)
 .bss           0x0000000006020530        0x0 entry.o
 .bss           0x0000000006020530        0x0 stack.o
 .bss           0x0000000006020530       0x34 vblank.o
                0x0000000006020530                _vblank_frames
                0x0000000006020534                _VblankFlg
                0x0000000006020538                _perFlag
                0x000000000602053c                _PadWorkArea
                0x0000000006020558                _PadData2E
                0x000000000602055a                _PadData2L
                0x000000000602055c                _PadData2
                0x000000000602055e                _PadData1E
                0x0000000006020560                _PadData1L
                0x0000000006020562                _PadData1
 .bss           0x0000000006020564       0x48 bg.o
 .bss           0x00000000060205ac     0x1674 cd.o
 .bss           0x0000000006021c20        0x0 crc.o
 .bss           0x0000000006021c20        0x0 devcart.o
 .bss           0x0000000006021c20      0x400 game.o
                0x0000000006021c20                _boardVram
 .bss           0x0000000006022020    0x13880 hwram.o
                0x0000000006022020                _HWRAM_Buffer
 .bss           0x00000000060358a0        0x2 pcmsys.o
                0x00000000060358a0                _numberPCMs
 .bss           0x00000000060358a2        0x0 piece.o
 .bss           0x00000000060358a2      0x528 print.o
                0x00000000060358a2                _text
 *fill*         0x0000000006035dca        0x2 
 .bss           0x0000000006035dcc        0x8 rng.o
 .bss           0x0000000006035dd4      0x17c scroll.o
                0x0000000006035dd4                _scfg
 .bss           0x0000000006035f50        0x0 sound.o
 .bss           0x0000000006035f50     0x257c sprite.o
                0x0000000006035f50                _sprites
                0x0000000006037210                _palCnt
                0x0000000006037214                _tileCount
                0x0000000006037218                _numSprites
 .bss           0x00000000060384cc        0x4 main.o
                0x00000000060384cc                _frame
 .bss           0x00000000060384d0        0x0 ../sbl/segalib/lib/libsat.a(cdc_cmn.o)
 .bss           0x00000000060384d0        0x0 ../sbl/segalib/lib/libsat.a(cdc_drv.o)
 .bss           0x00000000060384d0        0xc ../sbl/segalib/lib/libsat.a(dma_scu1.o)
 .bss           0x00000000060384dc        0xc ../sbl/segalib/lib/libsat.a(gfs.o)
                0x00000000060384dc                _GFMC_base
                0x00000000060384e0                _gfs_mng_ptr
                0x00000000060384e4                _bobtest
 .bss           0x00000000060384e8        0x0 ../sbl/segalib/lib/libsat.a(gfs_buf.o)
 .bss           0x00000000060384e8        0x0 ../sbl/segalib/lib/libsat.a(gfs_cdb.o)
 .bss           0x00000000060384e8        0x4 ../sbl/segalib/lib/libsat.a(gfs_cdc.o)
                0x00000000060384e8                _gfcd_work
 .bss           0x00000000060384ec        0x0 ../sbl/segalib/lib/libsat.a(gfs_cdf.o)
 .bss           0x00000000060384ec        0x0 ../sbl/segalib/lib/libsat.a(gfs_dir.o)
 .bss           0x00000000060384ec        0xc ../sbl/segalib/lib/libsat.a(gfs_trn.o)
 .bss           0x00000000060384f8        0x4 ../sbl/segalib/lib/libsat.a(mth_rand.o)
 .bss           0x00000000060384fc        0x0 ../sbl/segalib/lib/libsat.a(mth_fixd.o)
 .bss           0x00000000060384fc        0x0 ../sbl/segalib/lib/libsat.a(mth_tri.o)
 .bss           0x00000000060384fc       0x7f ../sbl/segalib/lib/libsat.a(per_prt.o)
                0x00000000060384fc                _per_set_sys_flg
                0x0000000006038500                _per_get_sys_data
                0x000000000603850c                _per_get_time_adr
                0x0000000006038510                _per_hot_res
                0x0000000006038511                _per_time_out_flg
 *fill*         0x000000000603857b        0x1 
 .bss           0x000000000603857c       0x94 ../sbl/segalib/lib/libsat.a(spr_2c.o)
                0x000000000603857c                _SpCmdTblR
                0x0000000006038580                _SpCmdTbl
                0x0000000006038584                _SpCrCmdChain
                0x0000000006038588                _SpDrawPrtyBlk
                0x000000000603858c                _SpCmdChain
                0x0000000006038590                _SpCmdChainBlkNo
                0x0000000006038594                _SpDrawPrtyProcFlag
                0x0000000006038598                _SpDrawPrtyTopCmdNo
                0x000000000603859c                _SpCmdNo
                0x00000000060385a0                _SpDrawPrtyBlkMax
                0x00000000060385a4                _SpCharMax
                0x00000000060385a8                _SpCharTbl
                0x00000000060385ac                _SpLCoordY
                0x00000000060385b0                _SpLCoordX
                0x00000000060385b4                _Sp2OpenFlag
 .bss           0x0000000006038610      0xf1c ../sbl/segalib/lib/libsat.a(scl_func.o)
                0x0000000006038610                _SclRPMD
                0x0000000006038614                _SclRotateMoveZ
                0x000000000603861c                _SclRotateDisp
                0x0000000006038624                _SclRotateZ
                0x000000000603862c                _SclRotateXy
                0x0000000006038634                _SclRotateTableAddress
                0x0000000006038638                _SclRb
                0x0000000006038639                _SclRa
                0x000000000603863a                _SclRotXySw
                0x0000000006038640                _SclRbgKtbOffset
                0x0000000006038648                _SclRbgKtbAddr
                0x0000000006038650                _SclK_TableFlag
                0x0000000006038654                _SclK_TableNum
                0x000000000603865c                _SclK_TableBuff
                0x000000000603932c                _SclRotregBuff
                0x000000000603942c                _Scl_w_reg
                0x000000000603944c                _Scl_r_reg
                0x000000000603945c                _Scl_n_reg
                0x000000000603949c                _Scl_d_reg
                0x00000000060394e4                _Scl_s_reg
                0x000000000603950c                _SclProcess
                0x0000000006039510                _SclCurSclNum
                0x0000000006039514                _SclLengthCsTbl
                0x0000000006039516                _SclLengthLsTbl
                0x0000000006039518                _SclAddrCsTbl
                0x0000000006039520                _SclAddrLsTbl
 .bss           0x000000000603952c        0x0 ../sbl/segalib/lib/libsat.a(scl_fu02.o)
 .bss           0x000000000603952c        0x0 ../sbl/segalib/lib/libsat.a(scl_fu03.o)
 .bss           0x000000000603952c        0x0 ../sbl/segalib/lib/libsat.a(scl_fu04.o)
 .bss           0x000000000603952c      0x696 ../sbl/segalib/lib/libsat.a(scl_pri.o)
                0x000000000603952c                _SclAutoRGB
                0x0000000006039b2c                _SclAutoPlusFlag
                0x0000000006039b2d                _SclAutoVeFlag
                0x0000000006039b2e                _SclAutoEndRate
                0x0000000006039b2f                _SclAutoCurRate
                0x0000000006039b30                _SclAutoEndBlue2
                0x0000000006039b32                _SclAutoEndGreen2
                0x0000000006039b34                _SclAutoEndRed2
                0x0000000006039b36                _SclAutoEndBlue
                0x0000000006039b38                _SclAutoEndGreen
                0x0000000006039b3a                _SclAutoEndRed
                0x0000000006039b3c                _SclAutoBlue
                0x0000000006039b3e                _SclAutoGreen
                0x0000000006039b40                _SclAutoRed
                0x0000000006039b44                _SclAutoMax
                0x0000000006039b48                _SclAutoIndex
                0x0000000006039b4c                _SclAutoCount
                0x0000000006039b50                _SclAutoInterval
                0x0000000006039b54                _SclAutoSurface
                0x0000000006039b58                _SclColRamAlloc2048
                0x0000000006039b5c                _SclColRamAlloc256
                0x0000000006039b7c                _SclLineColRamOffset
                0x0000000006039b80                _SclPriBuffDirty
                0x0000000006039b84                _SclColOffset
                0x0000000006039b94                _SclBgColMix
                0x0000000006039b9c                _SclSpColMix
                0x0000000006039ba4                _SclBgPriNum
                0x0000000006039baa                _SclSpPriNum
                0x0000000006039bb2                _SclOtherPri
 *fill*         0x0000000006039bc2        0x2 
 .bss           0x0000000006039bc4       0x58 ../sbl/segalib/lib/libsat.a(scl_ro00.o)
                0x0000000006039bc4                _SclCsy
                0x0000000006039bcc                _SclCsx
 .bss           0x0000000006039c1c        0x0 ../sbl/segalib/lib/libsat.a(scl_ro03.o)
 .bss           0x0000000006039c1c        0x0 ../sbl/segalib/lib/libsat.a(scl_back.o)
 .bss           0x0000000006039c1c       0x16 ../sbl/segalib/lib/libsat.a(scl_vblv.o)
                0x0000000006039c1c                _frameChgFlag
                0x0000000006039c20                _VBIntrDisableDepth
                0x0000000006039c24                _ReqDisplayFlag2
                0x0000000006039c28                _ReqDisplayFlag1
                0x0000000006039c2c                _VBIntervalCounter
                0x0000000006039c30                _SpFrameChgMode
 .bss           0x0000000006039c32        0x0 ../sbl/segalib/lib/libsat.a(scl_pr01.o)
 .bss           0x0000000006039c32        0x0 ../sbl/segalib/lib/libsat.a(scl_pr02.o)
 .bss           0x0000000006039c32        0x0 ../sbl/segalib/lib/libsat.a(scl_pr03.o)
 .bss           0x0000000006039c32        0x0 ../sbl/segalib/lib/libsat.a(scl_pr05.o)
 .bss           0x0000000006039c32        0x0 ../sbl/segalib/lib/libsat.a(scl_pr06.o)
 .bss           0x0000000006039c32        0x0 ../sbl/segalib/lib/libsat.a(scl_pr07.o)
 .bss           0x0000000006039c32        0x0 ../sbl/segalib/lib/libsat.a(scl_pr11.o)
 .bss           0x0000000006039c32        0x0 ../sbl/segalib/lib/libsat.a(scl_pr12.o)
 .bss           0x0000000006039c32        0x2 ../sbl/segalib/lib/libsat.a(cdc_reg.o)
                0x0000000006039c32                _hirq_flag
 .bss           0x0000000006039c34        0xc ../sbl/segalib/lib/libsat.a(cdc_sub.o)
                0x0000000006039c34                _cd_stat
 .bss           0x0000000006039c40        0x0 ../sbl/segalib/lib/libsat.a(cdc_dev.o)
 .bss           0x0000000006039c40        0x0 ../sbl/segalib/lib/libsat.a(cdc_sel.o)
 .bss           0x0000000006039c40        0x0 ../sbl/segalib/lib/libsat.a(cdc_bif.o)
 .bss           0x0000000006039c40        0x0 ../sbl/segalib/lib/libsat.a(cdc_bio.o)
 .bss           0x0000000006039c40        0x0 ../sbl/segalib/lib/libsat.a(cdc_cfs.o)
 .bss           0x0000000006039c40        0x0 ../sbl/segalib/lib/libsat.a(csh_main.o)
 .bss           0x0000000006039c40        0x0 ../sbl/segalib/lib/libsat.a(dma_cpu0.o)
 .bss           0x0000000006039c40       0x1c ../sbl/segalib/lib/libsat.a(dma_scu0.o)
 .bss           0x0000000006039c5c       0x20 ../sbl/segalib/lib/libsat.a(spr_1c.o)
                0x0000000006039c5c                _SpDil
                0x0000000006039c5e                _SpDie
                0x0000000006039c60                _SpFbcrMode
                0x0000000006039c62                _SpTvMode
                0x0000000006039c64                _SpScreenY
                0x0000000006039c68                _SpScreenX
                0x0000000006039c6c                _SpInitialFlag
 .bss           0x0000000006039c7c        0x0 ../sbl/segalib/lib/libsat.a(spr_2a.o)
 .bss           0x0000000006039c7c        0x0 /opt/toolchains/sh-elf/bin/../lib/gcc/sh-elf/11.1.0/libgcc.a(_ashiftrt.o)
 .bss           0x0000000006039c7c        0x0 /opt/toolchains/sh-elf/bin/../lib/gcc/sh-elf/11.1.0/libgcc.a(_ashiftrt_n.o)
 .bss           0x0000000006039c7c        0x0 /opt/toolchains/sh-elf/bin/../lib/gcc/sh-elf/11.1.0/libgcc.a(_ashiftlt.o)
 .bss           0x0000000006039c7c        0x0 /opt/toolchains/sh-elf/bin/../lib/gcc/sh-elf/11.1.0/libgcc.a(_movmem.o)
 .bss           0x0000000006039c7c        0x0 /opt/toolchains/sh-elf/bin/../lib/gcc/sh-elf/11.1.0/libgcc.a(_sdivsi3.o)
 .bss           0x0000000006039c7c        0x0 /opt/toolchains/sh-elf/bin/../lib/gcc/sh-elf/11.1.0/libgcc.a(_udivsi3.o)
 .bss           0x0000000006039c7c        0x0 /opt/toolchains/sh-elf/bin/../lib/gcc/sh-elf/11.1.0/libgcc.a(_mul_df.o)
 .bss           0x0000000006039c7c        0x0 /opt/toolchains/sh-elf/bin/../lib/gcc/sh-elf/11.1.0/libgcc.a(_si_to_df.o)
 .bss           0x0000000006039c7c        0x0 /opt/toolchains/sh-elf/bin/../lib/gcc/sh-elf/11.1.0/libgcc.a(_df_to_si.o)
 .bss           0x0000000006039c7c        0x0 /opt/toolchains/sh-elf/bin/../lib/gcc/sh-elf/11.1.0/libgcc.a(_thenan_df.o)
 .bss           0x0000000006039c7c        0x0 /opt/toolchains/sh-elf/bin/../lib/gcc/sh-elf/11.1.0/libgcc.a(_lshiftrt.o)
 .bss           0x0000000006039c7c        0x0 /opt/toolchains/sh-elf/bin/../lib/gcc/sh-elf/11.1.0/libgcc.a(_clzsi2.o)
 .bss           0x0000000006039c7c        0x0 /opt/toolchains/sh-elf/bin/../lib/gcc/sh-elf/11.1.0/libgcc.a(_pack_df.o)
 .bss           0x0000000006039c7c        0x0 /opt/toolchains/sh-elf/bin/../lib/gcc/sh-elf/11.1.0/libgcc.a(_unpack_df.o)
 .bss           0x0000000006039c7c        0x0 /opt/toolchains/sh-elf/bin/../lib/gcc/sh-elf/11.1.0/libgcc.a(_clz.o)
 .bss           0x0000000006039c7c        0x0 /opt/toolchains/sh-elf/bin/../lib/gcc/sh-elf/11.1.0/../../../../sh-elf/lib/libc.a(lib_a-memcmp.o)
 .bss           0x0000000006039c7c        0x0 /opt/toolchains/sh-elf/bin/../lib/gcc/sh-elf/11.1.0/../../../../sh-elf/lib/libc.a(lib_a-memcpy.o)
 .bss           0x0000000006039c7c        0x0 /opt/toolchains/sh-elf/bin/../lib/gcc/sh-elf/11.1.0/../../../../sh-elf/lib/libc.a(lib_a-memmove.o)
 .bss           0x0000000006039c7c        0x0 /opt/toolchains/sh-elf/bin/../lib/gcc/sh-elf/11.1.0/../../../../sh-elf/lib/libc.a(lib_a-memset.o)
 .bss           0x0000000006039c7c        0x0 /opt/toolchains/sh-elf/bin/../lib/gcc/sh-elf/11.1.0/../../../../sh-elf/lib/libc.a(lib_a-strcpy.o)
 .bss           0x0000000006039c7c        0x0 /opt/toolchains/sh-elf/bin/../lib/gcc/sh-elf/11.1.0/../../../../sh-elf/lib/libc.a(lib_a-strncmp.o)
 .bss           0x0000000006039c7c        0x0 /opt/toolchains/sh-elf/bin/../lib/gcc/sh-elf/11.1.0/../../../../sh-elf/lib/libc.a(lib_a-strncpy.o)
 *(COMMON)
                0x0000000006039c7c                _bss_end = .
                0x0000000006039c80                . = ALIGN (0x10)
 *fill*         0x0000000006039c7c        0x4 
                0x0000000006039c80                _end = ABSOLUTE (.)

.stack          0x0000000006039c80     0x2000
 *(.stack)
 .stack         0x0000000006039c80     0x2000 stack.o
                0x0000000006039c80                _PROG_STK
                0x000000000603bc80                _stack = .

.lwram          0x0000000000200000        0x0
                0x0000000000200000                . = ALIGN (0x10)
 *(.lwram)
                0x0000000000200000                . = ALIGN (0x10)

.vdp2_vram      0x0000000005e00000        0x0
                0x0000000005e00000                . = ALIGN (0x10)
 *(.vdp2_vram)
                0x0000000005e00000                . = ALIGN (0x10)
OUTPUT(main.elf elf32-sh)

.debug_info     0x0000000000000000     0x7a22
 .debug_info    0x0000000000000000      0x4d4 vblank.o
 .debug_info    0x00000000000004d4      0x65e bg.o
 .debug_info    0x0000000000000b32      0x937 cd.o
 .debug_info    0x0000000000001469      0x12d crc.o
 .debug_info    0x0000000000001596      0x47b devcart.o
 .debug_info    0x0000000000001a11     0x1463 game.o
 .debug_info    0x0000000000002e74       0x9e hwram.o
 .debug_info    0x0000000000002f12      0x6a5 pcmsys.o
 .debug_info    0x00000000000035b7       0x69 piece.o
 .debug_info    0x0000000000003620      0x3fe print.o
 .debug_info    0x0000000000003a1e      0x240 rng.o
 .debug_info    0x0000000000003c5e      0xf2a scroll.o
 .debug_info    0x0000000000004b88      0x4a3 sound.o
 .debug_info    0x000000000000502b     0x102c sprite.o
 .debug_info    0x0000000000006057      0x39d main.o
 .debug_info    0x00000000000063f4      0x4d2 /opt/toolchains/sh-elf/bin/../lib/gcc/sh-elf/11.1.0/libgcc.a(_mul_df.o)
 .debug_info    0x00000000000068c6      0x259 /opt/toolchains/sh-elf/bin/../lib/gcc/sh-elf/11.1.0/libgcc.a(_si_to_df.o)
 .debug_info    0x0000000000006b1f      0x2a5 /opt/toolchains/sh-elf/bin/../lib/gcc/sh-elf/11.1.0/libgcc.a(_df_to_si.o)
 .debug_info    0x0000000000006dc4      0x15b /opt/toolchains/sh-elf/bin/../lib/gcc/sh-elf/11.1.0/libgcc.a(_thenan_df.o)
 .debug_info    0x0000000000006f1f      0x130 /opt/toolchains/sh-elf/bin/../lib/gcc/sh-elf/11.1.0/libgcc.a(_clzsi2.o)
 .debug_info    0x000000000000704f      0x298 /opt/toolchains/sh-elf/bin/../lib/gcc/sh-elf/11.1.0/libgcc.a(_pack_df.o)
 .debug_info    0x00000000000072e7      0x20c /opt/toolchains/sh-elf/bin/../lib/gcc/sh-elf/11.1.0/libgcc.a(_unpack_df.o)
 .debug_info    0x00000000000074f3       0xca /opt/toolchains/sh-elf/bin/../lib/gcc/sh-elf/11.1.0/libgcc.a(_clz.o)
 .debug_info    0x00000000000075bd      0x10f /opt/toolchains/sh-elf/bin/../lib/gcc/sh-elf/11.1.0/../../../../sh-elf/lib/libc.a(lib_a-memcmp.o)
 .debug_info    0x00000000000076cc      0x130 /opt/toolchains/sh-elf/bin/../lib/gcc/sh-elf/11.1.0/../../../../sh-elf/lib/libc.a(lib_a-memmove.o)
 .debug_info    0x00000000000077fc       0xf4 /opt/toolchains/sh-elf/bin/../lib/gcc/sh-elf/11.1.0/../../../../sh-elf/lib/libc.a(lib_a-strncmp.o)
 .debug_info    0x00000000000078f0      0x132 /opt/toolchains/sh-elf/bin/../lib/gcc/sh-elf/11.1.0/../../../../sh-elf/lib/libc.a(lib_a-strncpy.o)

.debug_abbrev   0x0000000000000000     0x2d8b
 .debug_abbrev  0x0000000000000000      0x1f2 vblank.o
 .debug_abbrev  0x00000000000001f2      0x1f9 bg.o
 .debug_abbrev  0x00000000000003eb      0x25b cd.o
 .debug_abbrev  0x0000000000000646       0xbe crc.o
 .debug_abbrev  0x0000000000000704      0x24f devcart.o
 .debug_abbrev  0x0000000000000953      0x4cc game.o
 .debug_abbrev  0x0000000000000e1f       0x69 hwram.o
 .debug_abbrev  0x0000000000000e88      0x2f6 pcmsys.o
 .debug_abbrev  0x000000000000117e       0x5a piece.o
 .debug_abbrev  0x00000000000011d8      0x1de print.o
 .debug_abbrev  0x00000000000013b6      0x1ad rng.o
 .debug_abbrev  0x0000000000001563      0x332 scroll.o
 .debug_abbrev  0x0000000000001895      0x21d sound.o
 .debug_abbrev  0x0000000000001ab2      0x3dc sprite.o
 .debug_abbrev  0x0000000000001e8e      0x1a3 main.o
 .debug_abbrev  0x0000000000002031      0x278 /opt/toolchains/sh-elf/bin/../lib/gcc/sh-elf/11.1.0/libgcc.a(_mul_df.o)
 .debug_abbrev  0x00000000000022a9      0x1b2 /opt/toolchains/sh-elf/bin/../lib/gcc/sh-elf/11.1.0/libgcc.a(_si_to_df.o)
 .debug_abbrev  0x000000000000245b      0x1b2 /opt/toolchains/sh-elf/bin/../lib/gcc/sh-elf/11.1.0/libgcc.a(_df_to_si.o)
 .debug_abbrev  0x000000000000260d       0xcf /opt/toolchains/sh-elf/bin/../lib/gcc/sh-elf/11.1.0/libgcc.a(_thenan_df.o)
 .debug_abbrev  0x00000000000026dc       0xca /opt/toolchains/sh-elf/bin/../lib/gcc/sh-elf/11.1.0/libgcc.a(_clzsi2.o)
 .debug_abbrev  0x00000000000027a6      0x1ae /opt/toolchains/sh-elf/bin/../lib/gcc/sh-elf/11.1.0/libgcc.a(_pack_df.o)
 .debug_abbrev  0x0000000000002954      0x142 /opt/toolchains/sh-elf/bin/../lib/gcc/sh-elf/11.1.0/libgcc.a(_unpack_df.o)
 .debug_abbrev  0x0000000000002a96       0x70 /opt/toolchains/sh-elf/bin/../lib/gcc/sh-elf/11.1.0/libgcc.a(_clz.o)
 .debug_abbrev  0x0000000000002b06       0x8a /opt/toolchains/sh-elf/bin/../lib/gcc/sh-elf/11.1.0/../../../../sh-elf/lib/libc.a(lib_a-memcmp.o)
 .debug_abbrev  0x0000000000002b90       0xba /opt/toolchains/sh-elf/bin/../lib/gcc/sh-elf/11.1.0/../../../../sh-elf/lib/libc.a(lib_a-memmove.o)
 .debug_abbrev  0x0000000000002c4a       0x8c /opt/toolchains/sh-elf/bin/../lib/gcc/sh-elf/11.1.0/../../../../sh-elf/lib/libc.a(lib_a-strncmp.o)
 .debug_abbrev  0x0000000000002cd6       0xb5 /opt/toolchains/sh-elf/bin/../lib/gcc/sh-elf/11.1.0/../../../../sh-elf/lib/libc.a(lib_a-strncpy.o)

.debug_aranges  0x0000000000000000      0x340
 .debug_aranges
                0x0000000000000000       0x20 vblank.o
 .debug_aranges
                0x0000000000000020       0x20 bg.o
 .debug_aranges
                0x0000000000000040       0x20 cd.o
 .debug_aranges
                0x0000000000000060       0x20 crc.o
 .debug_aranges
                0x0000000000000080       0x20 devcart.o
 .debug_aranges
                0x00000000000000a0       0x20 game.o
 .debug_aranges
                0x00000000000000c0       0x18 hwram.o
 .debug_aranges
                0x00000000000000d8       0x20 pcmsys.o
 .debug_aranges
                0x00000000000000f8       0x18 piece.o
 .debug_aranges
                0x0000000000000110       0x20 print.o
 .debug_aranges
                0x0000000000000130       0x20 rng.o
 .debug_aranges
                0x0000000000000150       0x20 scroll.o
 .debug_aranges
                0x0000000000000170       0x20 sound.o
 .debug_aranges
                0x0000000000000190       0x20 sprite.o
 .debug_aranges
                0x00000000000001b0       0x20 main.o
 .debug_aranges
                0x00000000000001d0       0x20 /opt/toolchains/sh-elf/bin/../lib/gcc/sh-elf/11.1.0/libgcc.a(_mul_df.o)
 .debug_aranges
                0x00000000000001f0       0x20 /opt/toolchains/sh-elf/bin/../lib/gcc/sh-elf/11.1.0/libgcc.a(_si_to_df.o)
 .debug_aranges
                0x0000000000000210       0x20 /opt/toolchains/sh-elf/bin/../lib/gcc/sh-elf/11.1.0/libgcc.a(_df_to_si.o)
 .debug_aranges
                0x0000000000000230       0x18 /opt/toolchains/sh-elf/bin/../lib/gcc/sh-elf/11.1.0/libgcc.a(_thenan_df.o)
 .debug_aranges
                0x0000000000000248       0x20 /opt/toolchains/sh-elf/bin/../lib/gcc/sh-elf/11.1.0/libgcc.a(_clzsi2.o)
 .debug_aranges
                0x0000000000000268       0x20 /opt/toolchains/sh-elf/bin/../lib/gcc/sh-elf/11.1.0/libgcc.a(_pack_df.o)
 .debug_aranges
                0x0000000000000288       0x20 /opt/toolchains/sh-elf/bin/../lib/gcc/sh-elf/11.1.0/libgcc.a(_unpack_df.o)
 .debug_aranges
                0x00000000000002a8       0x18 /opt/toolchains/sh-elf/bin/../lib/gcc/sh-elf/11.1.0/libgcc.a(_clz.o)
 .debug_aranges
                0x00000000000002c0       0x20 /opt/toolchains/sh-elf/bin/../lib/gcc/sh-elf/11.1.0/../../../../sh-elf/lib/libc.a(lib_a-memcmp.o)
 .debug_aranges
                0x00000000000002e0       0x20 /opt/toolchains/sh-elf/bin/../lib/gcc/sh-elf/11.1.0/../../../../sh-elf/lib/libc.a(lib_a-memmove.o)
 .debug_aranges
                0x0000000000000300       0x20 /opt/toolchains/sh-elf/bin/../lib/gcc/sh-elf/11.1.0/../../../../sh-elf/lib/libc.a(lib_a-strncmp.o)
 .debug_aranges
                0x0000000000000320       0x20 /opt/toolchains/sh-elf/bin/../lib/gcc/sh-elf/11.1.0/../../../../sh-elf/lib/libc.a(lib_a-strncpy.o)

.debug_line     0x0000000000000000     0x4661
 .debug_line    0x0000000000000000      0x153 vblank.o
 .debug_line    0x0000000000000153      0x3ba bg.o
 .debug_line    0x000000000000050d      0x13e cd.o
 .debug_line    0x000000000000064b       0xaa crc.o
 .debug_line    0x00000000000006f5      0x3d0 devcart.o
 .debug_line    0x0000000000000ac5      0xe8b game.o
 .debug_line    0x0000000000001950       0x58 hwram.o
 .debug_line    0x00000000000019a8      0x4ce pcmsys.o
 .debug_line    0x0000000000001e76       0x33 piece.o
 .debug_line    0x0000000000001ea9      0x1db print.o
 .debug_line    0x0000000000002084      0x155 rng.o
 .debug_line    0x00000000000021d9      0x6b9 scroll.o
 .debug_line    0x0000000000002892      0x24d sound.o
 .debug_line    0x0000000000002adf      0x820 sprite.o
 .debug_line    0x00000000000032ff      0x191 main.o
 .debug_line    0x0000000000003490      0x2d6 /opt/toolchains/sh-elf/bin/../lib/gcc/sh-elf/11.1.0/libgcc.a(_mul_df.o)
 .debug_line    0x0000000000003766      0x13d /opt/toolchains/sh-elf/bin/../lib/gcc/sh-elf/11.1.0/libgcc.a(_si_to_df.o)
 .debug_line    0x00000000000038a3       0xf6 /opt/toolchains/sh-elf/bin/../lib/gcc/sh-elf/11.1.0/libgcc.a(_df_to_si.o)
 .debug_line    0x0000000000003999       0x50 /opt/toolchains/sh-elf/bin/../lib/gcc/sh-elf/11.1.0/libgcc.a(_thenan_df.o)
 .debug_line    0x00000000000039e9       0xad /opt/toolchains/sh-elf/bin/../lib/gcc/sh-elf/11.1.0/libgcc.a(_clzsi2.o)
 .debug_line    0x0000000000003a96      0x30c /opt/toolchains/sh-elf/bin/../lib/gcc/sh-elf/11.1.0/libgcc.a(_pack_df.o)
 .debug_line    0x0000000000003da2      0x146 /opt/toolchains/sh-elf/bin/../lib/gcc/sh-elf/11.1.0/libgcc.a(_unpack_df.o)
 .debug_line    0x0000000000003ee8       0x52 /opt/toolchains/sh-elf/bin/../lib/gcc/sh-elf/11.1.0/libgcc.a(_clz.o)
 .debug_line    0x0000000000003f3a      0x167 /opt/toolchains/sh-elf/bin/../lib/gcc/sh-elf/11.1.0/../../../../sh-elf/lib/libc.a(lib_a-memcmp.o)
 .debug_line    0x00000000000040a1      0x1ec /opt/toolchains/sh-elf/bin/../lib/gcc/sh-elf/11.1.0/../../../../sh-elf/lib/libc.a(lib_a-memmove.o)
 .debug_line    0x000000000000428d      0x200 /opt/toolchains/sh-elf/bin/../lib/gcc/sh-elf/11.1.0/../../../../sh-elf/lib/libc.a(lib_a-strncmp.o)
 .debug_line    0x000000000000448d      0x1d4 /opt/toolchains/sh-elf/bin/../lib/gcc/sh-elf/11.1.0/../../../../sh-elf/lib/libc.a(lib_a-strncpy.o)

.debug_str      0x0000000000000000     0x1b17
 .debug_str     0x0000000000000000      0x236 vblank.o
                                        0x298 (size before relaxing)
 .debug_str     0x0000000000000236      0x1c4 bg.o
                                        0x2a9 (size before relaxing)
 .debug_str     0x00000000000003fa      0x25a cd.o
                                        0x36a (size before relaxing)
 .debug_str     0x0000000000000654       0x3a crc.o
                                        0x121 (size before relaxing)
 .debug_str     0x000000000000068e      0x118 devcart.o
                                        0x246 (size before relaxing)
 .debug_str     0x00000000000007a6      0x455 game.o
                                        0x581 (size before relaxing)
 .debug_str     0x0000000000000bfb        0x8 hwram.o
                                         0xcd (size before relaxing)
 .debug_str     0x0000000000000c03      0x161 pcmsys.o
                                        0x302 (size before relaxing)
 .debug_str     0x0000000000000d64        0x8 piece.o
                                         0x62 (size before relaxing)
 .debug_str     0x0000000000000d6c       0x56 print.o
                                        0x1f4 (size before relaxing)
 .debug_str     0x0000000000000dc2       0x7c rng.o
                                        0x184 (size before relaxing)
 .debug_str     0x0000000000000e3e      0x35e scroll.o
                                        0x4f8 (size before relaxing)
 .debug_str     0x000000000000119c       0xd2 sound.o
                                        0x20c (size before relaxing)
 .debug_str     0x000000000000126e      0x330 sprite.o
                                        0x560 (size before relaxing)
 .debug_str     0x000000000000159e      0x130 main.o
                                        0x30e (size before relaxing)
 .debug_str     0x00000000000016ce      0x212 /opt/toolchains/sh-elf/bin/../lib/gcc/sh-elf/11.1.0/libgcc.a(_mul_df.o)
                                        0x28a (size before relaxing)
 .debug_str     0x00000000000018e0       0x27 /opt/toolchains/sh-elf/bin/../lib/gcc/sh-elf/11.1.0/libgcc.a(_si_to_df.o)
                                        0x216 (size before relaxing)
 .debug_str     0x0000000000001907        0xa /opt/toolchains/sh-elf/bin/../lib/gcc/sh-elf/11.1.0/libgcc.a(_df_to_si.o)
                                        0x233 (size before relaxing)
 .debug_str     0x0000000000001911      0x1d5 /opt/toolchains/sh-elf/bin/../lib/gcc/sh-elf/11.1.0/libgcc.a(_thenan_df.o)
 .debug_str     0x0000000000001911       0x59 /opt/toolchains/sh-elf/bin/../lib/gcc/sh-elf/11.1.0/libgcc.a(_clzsi2.o)
                                        0x198 (size before relaxing)
 .debug_str     0x000000000000196a        0x7 /opt/toolchains/sh-elf/bin/../lib/gcc/sh-elf/11.1.0/libgcc.a(_pack_df.o)
                                        0x227 (size before relaxing)
 .debug_str     0x0000000000001971      0x209 /opt/toolchains/sh-elf/bin/../lib/gcc/sh-elf/11.1.0/libgcc.a(_unpack_df.o)
 .debug_str     0x0000000000001971      0x17b /opt/toolchains/sh-elf/bin/../lib/gcc/sh-elf/11.1.0/libgcc.a(_clz.o)
 .debug_str     0x0000000000001971       0xa8 /opt/toolchains/sh-elf/bin/../lib/gcc/sh-elf/11.1.0/../../../../sh-elf/lib/libc.a(lib_a-memcmp.o)
                                        0x144 (size before relaxing)
 .debug_str     0x0000000000001a19       0x72 /opt/toolchains/sh-elf/bin/../lib/gcc/sh-elf/11.1.0/../../../../sh-elf/lib/libc.a(lib_a-memmove.o)
                                        0x177 (size before relaxing)
 .debug_str     0x0000000000001a8b       0x41 /opt/toolchains/sh-elf/bin/../lib/gcc/sh-elf/11.1.0/../../../../sh-elf/lib/libc.a(lib_a-strncmp.o)
                                        0x146 (size before relaxing)
 .debug_str     0x0000000000001acc       0x4b /opt/toolchains/sh-elf/bin/../lib/gcc/sh-elf/11.1.0/../../../../sh-elf/lib/libc.a(lib_a-strncpy.o)
                                        0x16e (size before relaxing)

.comment        0x0000000000000000       0x12
 .comment       0x0000000000000000       0x12 vblank.o
                                         0x13 (size before relaxing)
 .comment       0x0000000000000012       0x13 bg.o
 .comment       0x0000000000000012       0x13 cd.o
 .comment       0x0000000000000012       0x13 crc.o
 .comment       0x0000000000000012       0x13 devcart.o
 .comment       0x0000000000000012       0x13 game.o
 .comment       0x0000000000000012       0x13 hwram.o
 .comment       0x0000000000000012       0x13 pcmsys.o
 .comment       0x0000000000000012       0x13 piece.o
 .comment       0x0000000000000012       0x13 print.o
 .comment       0x0000000000000012       0x13 rng.o
 .comment       0x0000000000000012       0x13 scroll.o
 .comment       0x0000000000000012       0x13 sound.o
 .comment       0x0000000000000012       0x13 sprite.o
 .comment       0x0000000000000012       0x13 main.o
 .comment       0x0000000000000012       0x13 ../sbl/segalib/lib/libsat.a(cdc_cmn.o)
 .comment       0x0000000000000012       0x13 ../sbl/segalib/lib/libsat.a(cdc_drv.o)
 .comment       0x0000000000000012       0x13 ../sbl/segalib/lib/libsat.a(dma_scu1.o)
 .comment       0x0000000000000012       0x13 ../sbl/segalib/lib/libsat.a(gfs.o)
 .comment       0x0000000000000012       0x13 ../sbl/segalib/lib/libsat.a(gfs_buf.o)
 .comment       0x0000000000000012       0x13 ../sbl/segalib/lib/libsat.a(gfs_cdb.o)
 .comment       0x0000000000000012       0x13 ../sbl/segalib/lib/libsat.a(gfs_cdc.o)
 .comment       0x0000000000000012       0x13 ../sbl/segalib/lib/libsat.a(gfs_cdf.o)
 .comment       0x0000000000000012       0x13 ../sbl/segalib/lib/libsat.a(gfs_dir.o)
 .comment       0x0000000000000012       0x13 ../sbl/segalib/lib/libsat.a(gfs_trn.o)
 .comment       0x0000000000000012       0x13 ../sbl/segalib/lib/libsat.a(mth_rand.o)
 .comment       0x0000000000000012       0x13 ../sbl/segalib/lib/libsat.a(per_prt.o)
 .comment       0x0000000000000012       0x13 ../sbl/segalib/lib/libsat.a(spr_2c.o)
 .comment       0x0000000000000012       0x13 ../sbl/segalib/lib/libsat.a(scl_func.o)
 .comment       0x0000000000000012       0x13 ../sbl/segalib/lib/libsat.a(scl_fu02.o)
 .comment       0x0000000000000012       0x13 ../sbl/segalib/lib/libsat.a(scl_fu03.o)
 .comment       0x0000000000000012       0x13 ../sbl/segalib/lib/libsat.a(scl_fu04.o)
 .comment       0x0000000000000012       0x13 ../sbl/segalib/lib/libsat.a(scl_pri.o)
 .comment       0x0000000000000012       0x13 ../sbl/segalib/lib/libsat.a(scl_ro00.o)
 .comment       0x0000000000000012       0x13 ../sbl/segalib/lib/libsat.a(scl_ro03.o)
 .comment       0x0000000000000012       0x13 ../sbl/segalib/lib/libsat.a(scl_back.o)
 .comment       0x0000000000000012       0x13 ../sbl/segalib/lib/libsat.a(scl_vblv.o)
 .comment       0x0000000000000012       0x13 ../sbl/segalib/lib/libsat.a(scl_pr01.o)
 .comment       0x0000000000000012       0x13 ../sbl/segalib/lib/libsat.a(scl_pr02.o)
 .comment       0x0000000000000012       0x13 ../sbl/segalib/lib/libsat.a(scl_pr03.o)
 .comment       0x0000000000000012       0x13 ../sbl/segalib/lib/libsat.a(scl_pr05.o)
 .comment       0x0000000000000012       0x13 ../sbl/segalib/lib/libsat.a(scl_pr06.o)
 .comment       0x0000000000000012       0x13 ../sbl/segalib/lib/libsat.a(scl_pr07.o)
 .comment       0x0000000000000012       0x13 ../sbl/segalib/lib/libsat.a(scl_pr11.o)
 .comment       0x0000000000000012       0x13 ../sbl/segalib/lib/libsat.a(scl_pr12.o)
 .comment       0x0000000000000012       0x13 ../sbl/segalib/lib/libsat.a(cdc_reg.o)
 .comment       0x0000000000000012       0x13 ../sbl/segalib/lib/libsat.a(cdc_sub.o)
 .comment       0x0000000000000012       0x13 ../sbl/segalib/lib/libsat.a(cdc_dev.o)
 .comment       0x0000000000000012       0x13 ../sbl/segalib/lib/libsat.a(cdc_sel.o)
 .comment       0x0000000000000012       0x13 ../sbl/segalib/lib/libsat.a(cdc_bif.o)
 .comment       0x0000000000000012       0x13 ../sbl/segalib/lib/libsat.a(cdc_bio.o)
 .comment       0x0000000000000012       0x13 ../sbl/segalib/lib/libsat.a(cdc_cfs.o)
 .comment       0x0000000000000012       0x13 ../sbl/segalib/lib/libsat.a(csh_main.o)
 .comment       0x0000000000000012       0x13 ../sbl/segalib/lib/libsat.a(dma_cpu0.o)
 .comment       0x0000000000000012       0x13 ../sbl/segalib/lib/libsat.a(dma_scu0.o)
 .comment       0x0000000000000012       0x13 ../sbl/segalib/lib/libsat.a(spr_1c.o)
 .comment       0x0000000000000012       0x13 /opt/toolchains/sh-elf/bin/../lib/gcc/sh-elf/11.1.0/libgcc.a(_mul_df.o)
 .comment       0x0000000000000012       0x13 /opt/toolchains/sh-elf/bin/../lib/gcc/sh-elf/11.1.0/libgcc.a(_si_to_df.o)
 .comment       0x0000000000000012       0x13 /opt/toolchains/sh-elf/bin/../lib/gcc/sh-elf/11.1.0/libgcc.a(_df_to_si.o)
 .comment       0x0000000000000012       0x13 /opt/toolchains/sh-elf/bin/../lib/gcc/sh-elf/11.1.0/libgcc.a(_thenan_df.o)
 .comment       0x0000000000000012       0x13 /opt/toolchains/sh-elf/bin/../lib/gcc/sh-elf/11.1.0/libgcc.a(_clzsi2.o)
 .comment       0x0000000000000012       0x13 /opt/toolchains/sh-elf/bin/../lib/gcc/sh-elf/11.1.0/libgcc.a(_pack_df.o)
 .comment       0x0000000000000012       0x13 /opt/toolchains/sh-elf/bin/../lib/gcc/sh-elf/11.1.0/libgcc.a(_unpack_df.o)
 .comment       0x0000000000000012       0x13 /opt/toolchains/sh-elf/bin/../lib/gcc/sh-elf/11.1.0/libgcc.a(_clz.o)
 .comment       0x0000000000000012       0x13 /opt/toolchains/sh-elf/bin/../lib/gcc/sh-elf/11.1.0/../../../../sh-elf/lib/libc.a(lib_a-memcmp.o)
 .comment       0x0000000000000012       0x13 /opt/toolchains/sh-elf/bin/../lib/gcc/sh-elf/11.1.0/../../../../sh-elf/lib/libc.a(lib_a-memmove.o)
 .comment       0x0000000000000012       0x13 /opt/toolchains/sh-elf/bin/../lib/gcc/sh-elf/11.1.0/../../../../sh-elf/lib/libc.a(lib_a-strncmp.o)
 .comment       0x0000000000000012       0x13 /opt/toolchains/sh-elf/bin/../lib/gcc/sh-elf/11.1.0/../../../../sh-elf/lib/libc.a(lib_a-strncpy.o)

.debug_frame    0x0000000000000000      0xf54
 .debug_frame   0x0000000000000000       0x84 vblank.o
 .debug_frame   0x0000000000000084       0xf0 bg.o
 .debug_frame   0x0000000000000174       0x78 cd.o
 .debug_frame   0x00000000000001ec       0x20 crc.o
 .debug_frame   0x000000000000020c       0x98 devcart.o
 .debug_frame   0x00000000000002a4      0x22c game.o
 .debug_frame   0x00000000000004d0      0x174 pcmsys.o
 .debug_frame   0x0000000000000644       0xc4 print.o
 .debug_frame   0x0000000000000708       0x80 rng.o
 .debug_frame   0x0000000000000788      0x250 scroll.o
 .debug_frame   0x00000000000009d8       0x78 sound.o
 .debug_frame   0x0000000000000a50      0x224 sprite.o
 .debug_frame   0x0000000000000c74       0x4c main.o
 .debug_frame   0x0000000000000cc0       0x98 /opt/toolchains/sh-elf/bin/../lib/gcc/sh-elf/11.1.0/libgcc.a(_mul_df.o)
 .debug_frame   0x0000000000000d58       0x3c /opt/toolchains/sh-elf/bin/../lib/gcc/sh-elf/11.1.0/libgcc.a(_si_to_df.o)
 .debug_frame   0x0000000000000d94       0x48 /opt/toolchains/sh-elf/bin/../lib/gcc/sh-elf/11.1.0/libgcc.a(_df_to_si.o)
 .debug_frame   0x0000000000000ddc       0x38 /opt/toolchains/sh-elf/bin/../lib/gcc/sh-elf/11.1.0/libgcc.a(_clzsi2.o)
 .debug_frame   0x0000000000000e14       0x6c /opt/toolchains/sh-elf/bin/../lib/gcc/sh-elf/11.1.0/libgcc.a(_pack_df.o)
 .debug_frame   0x0000000000000e80       0x20 /opt/toolchains/sh-elf/bin/../lib/gcc/sh-elf/11.1.0/libgcc.a(_unpack_df.o)
 .debug_frame   0x0000000000000ea0       0x20 /opt/toolchains/sh-elf/bin/../lib/gcc/sh-elf/11.1.0/../../../../sh-elf/lib/libc.a(lib_a-memcmp.o)
 .debug_frame   0x0000000000000ec0       0x20 /opt/toolchains/sh-elf/bin/../lib/gcc/sh-elf/11.1.0/../../../../sh-elf/lib/libc.a(lib_a-memmove.o)
 .debug_frame   0x0000000000000ee0       0x30 /opt/toolchains/sh-elf/bin/../lib/gcc/sh-elf/11.1.0/../../../../sh-elf/lib/libc.a(lib_a-strncmp.o)
 .debug_frame   0x0000000000000f10       0x44 /opt/toolchains/sh-elf/bin/../lib/gcc/sh-elf/11.1.0/../../../../sh-elf/lib/libc.a(lib_a-strncpy.o)

.debug_loclists
                0x0000000000000000     0x1de0
 .debug_loclists
                0x0000000000000000       0x4b bg.o
 .debug_loclists
                0x000000000000004b       0x59 cd.o
 .debug_loclists
                0x00000000000000a4       0x64 crc.o
 .debug_loclists
                0x0000000000000108      0x1ae devcart.o
 .debug_loclists
                0x00000000000002b6      0x57c game.o
 .debug_loclists
                0x0000000000000832      0x1fe pcmsys.o
 .debug_loclists
                0x0000000000000a30      0x19d print.o
 .debug_loclists
                0x0000000000000bcd       0x70 rng.o
 .debug_loclists
                0x0000000000000c3d      0x42c scroll.o
 .debug_loclists
                0x0000000000001069       0x60 sound.o
 .debug_loclists
                0x00000000000010c9      0x2ed sprite.o
 .debug_loclists
                0x00000000000013b6      0x30c /opt/toolchains/sh-elf/bin/../lib/gcc/sh-elf/11.1.0/libgcc.a(_mul_df.o)
 .debug_loclists
                0x00000000000016c2       0x6c /opt/toolchains/sh-elf/bin/../lib/gcc/sh-elf/11.1.0/libgcc.a(_si_to_df.o)
 .debug_loclists
                0x000000000000172e       0x35 /opt/toolchains/sh-elf/bin/../lib/gcc/sh-elf/11.1.0/libgcc.a(_df_to_si.o)
 .debug_loclists
                0x0000000000001763       0x22 /opt/toolchains/sh-elf/bin/../lib/gcc/sh-elf/11.1.0/libgcc.a(_clzsi2.o)
 .debug_loclists
                0x0000000000001785      0x230 /opt/toolchains/sh-elf/bin/../lib/gcc/sh-elf/11.1.0/libgcc.a(_pack_df.o)
 .debug_loclists
                0x00000000000019b5       0x71 /opt/toolchains/sh-elf/bin/../lib/gcc/sh-elf/11.1.0/libgcc.a(_unpack_df.o)
 .debug_loclists
                0x0000000000001a26       0xae /opt/toolchains/sh-elf/bin/../lib/gcc/sh-elf/11.1.0/../../../../sh-elf/lib/libc.a(lib_a-memcmp.o)
 .debug_loclists
                0x0000000000001ad4      0x13c /opt/toolchains/sh-elf/bin/../lib/gcc/sh-elf/11.1.0/../../../../sh-elf/lib/libc.a(lib_a-memmove.o)
 .debug_loclists