Archive member included to satisfy reference by file (symbol)

../sbl/segalib/lib/libsat.a(cdc_cmn.o)
                              main.o (_CDC_GetPeriStat)
../sbl/segalib/lib/libsat.a(cdc_drv.o)
                              sound.o (_CDC_CdPlay)
../sbl/segalib/lib/libsat.a(gfs.o)
                              cd.o (_GFS_SetDir)
../sbl/segalib/lib/libsat.a(gfs_buf.o)
                              ../sbl/segalib/lib/libsat.a(gfs.o) (_GFBF_GetNumData)
../sbl/segalib/lib/libsat.a(gfs_cdb.o)
                              ../sbl/segalib/lib/libsat.a(gfs.o) (_GFCB_Close)
../sbl/segalib/lib/libsat.a(gfs_cdc.o)
                              ../sbl/segalib/lib/libsat.a(gfs_cdb.o) (_GFCD_AllocFilt)
../sbl/segalib/lib/libsat.a(gfs_cdf.o)
                              ../sbl/segalib/lib/libsat.a(gfs.o) (_GFCF_Init)
../sbl/segalib/lib/libsat.a(gfs_dir.o)
                              ../sbl/segalib/lib/libsat.a(gfs.o) (_GFDR_NameToId)
../sbl/segalib/lib/libsat.a(gfs_trn.o)
                              ../sbl/segalib/lib/libsat.a(gfs.o) (_GFTR_Setup)
../sbl/segalib/lib/libsat.a(mth_rand.o)
                              rng.o (_MTH_InitialRand)
../sbl/segalib/lib/libsat.a(mth_fixd.o)
                              sprite.o (_MTH_Mul)
../sbl/segalib/lib/libsat.a(mth_tri.o)
                              sprite.o (_MTH_Sin)
../sbl/segalib/lib/libsat.a(per_prt.o)
                              vblank.o (_PER_Init)
../sbl/segalib/lib/libsat.a(spr_2c.o)
                              sprite.o (_SPR_2SetTvMode)
../sbl/segalib/lib/libsat.a(scl_func.o)
                              scroll.o (_Scl_n_reg)
../sbl/segalib/lib/libsat.a(scl_fu02.o)
                              scroll.o (_SCL_InitVramConfigTb)
../sbl/segalib/lib/libsat.a(scl_fu03.o)
                              scroll.o (_SCL_InitConfigTb)
../sbl/segalib/lib/libsat.a(scl_fu04.o)
                              scroll.o (_SCL_SetCycleTable)
../sbl/segalib/lib/libsat.a(scl_pri.o)
                              ../sbl/segalib/lib/libsat.a(scl_func.o) (_SCL_PriorityInit)
../sbl/segalib/lib/libsat.a(scl_ro00.o)
                              ../sbl/segalib/lib/libsat.a(scl_func.o) (_SCL_Rotate)
../sbl/segalib/lib/libsat.a(scl_back.o)
                              scroll.o (_SCL_SetBack)
../sbl/segalib/lib/libsat.a(scl_vblv.o)
                              ../sbl/segalib/lib/libsat.a(spr_2c.o) (_SCL_SetFrameInterval)
../sbl/segalib/lib/libsat.a(scl_pr01.o)
                              sprite.o (_SCL_SetSpriteMode)
../sbl/segalib/lib/libsat.a(scl_pr02.o)
                              scroll.o (_SCL_SetColRam)
../sbl/segalib/lib/libsat.a(scl_pr03.o)
                              scroll.o (_SCL_AllocColRam)
../sbl/segalib/lib/libsat.a(scl_pr05.o)
                              ../sbl/segalib/lib/libsat.a(scl_pr02.o) (_SCL_GetColRamOffset)
../sbl/segalib/lib/libsat.a(scl_pr06.o)
                              ../sbl/segalib/lib/libsat.a(scl_pr03.o) (_SCL_SetColRamOffset)
../sbl/segalib/lib/libsat.a(scl_pr07.o)
                              scroll.o (_SCL_SetPriority)
../sbl/segalib/lib/libsat.a(cdc_reg.o)
                              ../sbl/segalib/lib/libsat.a(gfs_cdb.o) (_CDC_GetDataPtr)
../sbl/segalib/lib/libsat.a(cdc_sub.o)
                              ../sbl/segalib/lib/libsat.a(cdc_cmn.o) (_CDSUB_GetCdstat)
../sbl/segalib/lib/libsat.a(cdc_dev.o)
                              ../sbl/segalib/lib/libsat.a(gfs_cdc.o) (_CDC_CdSetCon)
../sbl/segalib/lib/libsat.a(cdc_sel.o)
                              ../sbl/segalib/lib/libsat.a(gfs_cdc.o) (_CDC_SetFiltRange)
../sbl/segalib/lib/libsat.a(cdc_bif.o)
                              ../sbl/segalib/lib/libsat.a(gfs_cdc.o) (_CDC_GetBufSiz)
../sbl/segalib/lib/libsat.a(cdc_bio.o)
                              ../sbl/segalib/lib/libsat.a(gfs_cdc.o) (_CDC_SetSctLen)
../sbl/segalib/lib/libsat.a(cdc_cfs.o)
                              ../sbl/segalib/lib/libsat.a(gfs_cdc.o) (_CDC_ChgDir)
../sbl/segalib/lib/libsat.a(csh_main.o)
                              ../sbl/segalib/lib/libsat.a(gfs_trn.o) (_CSH_Purge)
../sbl/segalib/lib/libsat.a(dma_cpu0.o)
                              ../sbl/segalib/lib/libsat.a(gfs_trn.o) (_DMA_CpuSetComPrm)
../sbl/segalib/lib/libsat.a(dma_scu0.o)
                              ../sbl/segalib/lib/libsat.a(gfs_trn.o) (_DMA_ScuSetPrm)
../sbl/segalib/lib/libsat.a(spr_1c.o)
                              ../sbl/segalib/lib/libsat.a(spr_2c.o) (_SPR_SetTvMode)
../sbl/segalib/lib/libsat.a(spr_2a.o)
                              ../sbl/segalib/lib/libsat.a(spr_2c.o) (_SPR_2SetDrawPrty)
/opt/toolchains/sh-elf/bin/../lib/gcc/sh-elf/11.1.0/libgcc.a(_ashiftrt.o)
                              ../sbl/segalib/lib/libsat.a(gfs_cdf.o) (___ashiftrt_r4_6)
/opt/toolchains/sh-elf/bin/../lib/gcc/sh-elf/11.1.0/libgcc.a(_ashiftlt.o)
                              scroll.o (___ashlsi3_r0)
/opt/toolchains/sh-elf/bin/../lib/gcc/sh-elf/11.1.0/libgcc.a(_movmem.o)
                              scroll.o (___movmem)
/opt/toolchains/sh-elf/bin/../lib/gcc/sh-elf/11.1.0/libgcc.a(_sdivsi3.o)
                              ../sbl/segalib/lib/libsat.a(gfs.o) (___sdivsi3)
/opt/toolchains/sh-elf/bin/../lib/gcc/sh-elf/11.1.0/libgcc.a(_udivsi3.o)
                              ../sbl/segalib/lib/libsat.a(gfs.o) (___udivsi3)
/opt/toolchains/sh-elf/bin/../lib/gcc/sh-elf/11.1.0/libgcc.a(_mul_df.o)
                              ../sbl/segalib/lib/libsat.a(scl_ro00.o) (___muldf3)
/opt/toolchains/sh-elf/bin/../lib/gcc/sh-elf/11.1.0/libgcc.a(_si_to_df.o)
                              ../sbl/segalib/lib/libsat.a(scl_ro00.o) (___floatsidf)
/opt/toolchains/sh-elf/bin/../lib/gcc/sh-elf/11.1.0/libgcc.a(_df_to_si.o)
                              ../sbl/segalib/lib/libsat.a(scl_ro00.o) (___fixdfsi)
/opt/toolchains/sh-elf/bin/../lib/gcc/sh-elf/11.1.0/libgcc.a(_thenan_df.o)
                              /opt/toolchains/sh-elf/bin/../lib/gcc/sh-elf/11.1.0/libgcc.a(_mul_df.o) (___thenan_df)
/opt/toolchains/sh-elf/bin/../lib/gcc/sh-elf/11.1.0/libgcc.a(_lshiftrt.o)
                              /opt/toolchains/sh-elf/bin/../lib/gcc/sh-elf/11.1.0/libgcc.a(_si_to_df.o) (___lshrsi3_r0)
/opt/toolchains/sh-elf/bin/../lib/gcc/sh-elf/11.1.0/libgcc.a(_clzsi2.o)
                              /opt/toolchains/sh-elf/bin/../lib/gcc/sh-elf/11.1.0/libgcc.a(_si_to_df.o) (___clzsi2)
/opt/toolchains/sh-elf/bin/../lib/gcc/sh-elf/11.1.0/libgcc.a(_pack_df.o)
                              /opt/toolchains/sh-elf/bin/../lib/gcc/sh-elf/11.1.0/libgcc.a(_mul_df.o) (___pack_d)
/opt/toolchains/sh-elf/bin/../lib/gcc/sh-elf/11.1.0/libgcc.a(_unpack_df.o)
                              /opt/toolchains/sh-elf/bin/../lib/gcc/sh-elf/11.1.0/libgcc.a(_mul_df.o) (___unpack_d)
/opt/toolchains/sh-elf/bin/../lib/gcc/sh-elf/11.1.0/libgcc.a(_clz.o)
                              /opt/toolchains/sh-elf/bin/../lib/gcc/sh-elf/11.1.0/libgcc.a(_clzsi2.o) (___clz_tab)
/opt/toolchains/sh-elf/bin/../lib/gcc/sh-elf/11.1.0/../../../../sh-elf/lib/libc.a(lib_a-memcmp.o)
                              ../sbl/segalib/lib/libsat.a(gfs.o) (_memcmp)
/opt/toolchains/sh-elf/bin/../lib/gcc/sh-elf/11.1.0/../../../../sh-elf/lib/libc.a(lib_a-memcpy.o)
                              scroll.o (_memcpy)
/opt/toolchains/sh-elf/bin/../lib/gcc/sh-elf/11.1.0/../../../../sh-elf/lib/libc.a(lib_a-memmove.o)
                              ../sbl/segalib/lib/libsat.a(gfs.o) (_memmove)
/opt/toolchains/sh-elf/bin/../lib/gcc/sh-elf/11.1.0/../../../../sh-elf/lib/libc.a(lib_a-memset.o)
                              scroll.o (_memset)
/opt/toolchains/sh-elf/bin/../lib/gcc/sh-elf/11.1.0/../../../../sh-elf/lib/libc.a(lib_a-strcpy.o)
                              ../sbl/segalib/lib/libsat.a(gfs_dir.o) (_strcpy)
/opt/toolchains/sh-elf/bin/../lib/gcc/sh-elf/11.1.0/../../../../sh-elf/lib/libc.a(lib_a-strncmp.o)
                              ../sbl/segalib/lib/libsat.a(gfs_dir.o) (_strncmp)
/opt/toolchains/sh-elf/bin/../lib/gcc/sh-elf/11.1.0/../../../../sh-elf/lib/libc.a(lib_a-strncpy.o)
                              ../sbl/segalib/lib/libsat.a(gfs_dir.o) (_strncpy)

Memory Configuration

Name             Origin             Length             Attributes
*default*        0x0000000000000000 0xffffffffffffffff

Linker script and memory map

LOAD entry.o
LOAD stack.o
LOAD vblank.o
LOAD cd.o
LOAD crc.o
LOAD devcart.o
LOAD game.o
LOAD piece.o
LOAD print.o
LOAD rng.o
LOAD scroll.o
LOAD sound.o
LOAD sprite.o
LOAD main.o
LOAD ../sbl/segalib/lib/libsat.a
LOAD /opt/toolchains/sh-elf/bin/../lib/gcc/sh-elf/11.1.0/libgcc.a
LOAD /opt/toolchains/sh-elf/bin/../lib/gcc/sh-elf/11.1.0/libgcc-Os-4-200.a
LOAD /opt/toolchains/sh-elf/bin/../lib/gcc/sh-elf/11.1.0/../../../../sh-elf/lib/libc.a
LOAD /opt/toolchains/sh-elf/bin/../lib/gcc/sh-elf/11.1.0/libgcc.a
LOAD /opt/toolchains/sh-elf/bin/../lib/gcc/sh-elf/11.1.0/libgcc-Os-4-200.a

.entry          0x0000000006010000       0x60
 *(.entry)
 .entry         0x0000000006010000       0x50 entry.o
                0x0000000006010000                _entry
                0x0000000006010060                . = ALIGN (0x20)
 *fill*         0x0000000006010050       0x10 
                0x0000000006010060                _eentry = ABSOLUTE (.)

.text           0x0000000006010060    0x10250
 *(.text*)
 .text          0x0000000006010060        0x0 entry.o
 .text          0x0000000006010060        0x0 stack.o
 .text          0x0000000006010060      0x1c4 vblank.o
                0x0000000006010060                _SetVblank
                0x0000000006010118                _CheckVblankEnd
                0x0000000006010130                _UsrVblankIn
                0x000000000601014c                _UsrVblankOut
 .text          0x0000000006010224      0x180 cd.o
                0x0000000006010224                _CD_Init
                0x0000000006010268                _CD_ChangeDir
                0x00000000060102dc                _CD_Load
 .text          0x00000000060103a4       0x98 crc.o
                0x00000000060103a4                _crc_update
 .text          0x000000000601043c      0x418 devcart.o
                0x0000000006010568                _Devcart_LoadFile
                0x0000000006010714                _Devcart_PrintStr
                0x0000000006010788                _Devcart_Reset
                0x00000000060107e0                _Devcart_ChangeDir
 .text          0x0000000006010854      0xf58 game.o
                0x00000000060108b4                _Game_Init
                0x00000000060114d4                _Game_Run
 .text          0x00000000060117ac        0x0 piece.o
 .text          0x00000000060117ac      0x340 print.o
                0x00000000060117ac                _Print_Load
                0x00000000060117d4                _Print_Init
                0x0000000006011854                _Print_Num
                0x0000000006011918                _Print_String
                0x00000000060119ec                _Print_Display
 .text          0x0000000006011aec      0x240 rng.o
                0x0000000006011ba0                _RNG_Init
                0x0000000006011c48                _RNG_Get
 .text          0x0000000006011d2c      0xa60 scroll.o
                0x0000000006011d2c                _Scroll_Init
                0x00000000060120c8                _Scroll_LoadTile
                0x00000000060121fc                _Scroll_TilePtr
                0x0000000006012284                _Scroll_MapPtr
                0x0000000006012310                _Scroll_Scale
                0x0000000006012468                _Scroll_Set
                0x00000000060124d8                _Scroll_Move
                0x0000000006012548                _Scroll_ClearMaps
                0x00000000060125b4                _Scroll_ClearVram
                0x0000000006012604                _Scroll_CharSize
                0x0000000006012688                _Scroll_Enable
                0x0000000006012708                _Scroll_MapSize
 .text          0x000000000601278c      0x2f0 sound.o
                0x00000000060129bc                _sound_init
                0x00000000060129ca                _sound_cdda
                0x0000000006012a60                _sound_play
 .text          0x0000000006012a7c      0xd9c sprite.o
                0x0000000006012a7c                _Sprite_Init
                0x0000000006012b68                _Sprite_Clear
                0x0000000006012f3c                _Sprite_Load
                0x0000000006012ff8                _Sprite_StartDraw
                0x000000000601303c                _Sprite_Draw
                0x0000000006013440                _Sprite_Make
                0x00000000060134f8                _Sprite_DrawAll
                0x00000000060135e0                _Sprite_Next
                0x000000000601369c                _Sprite_ListAdd
                0x00000000060136fe                _Sprite_ListRemove
                0x000000000601377a                _Sprite_Delete
                0x00000000060137b8                _Sprite_DeleteAll
 .text          0x0000000006013818      0x114 main.o
                0x0000000006013818                _main
 .text          0x000000000601392c      0x354 ../sbl/segalib/lib/libsat.a(cdc_cmn.o)
                0x000000000601392c                _CDC_GetCurStat
                0x0000000006013970                _CDC_GetLastStat
                0x000000000601397c                _getPeriRsp
                0x0000000006013a04                _CDC_GetPeriStat
                0x0000000006013a48                _CDC_GetHwInfo
                0x0000000006013aa0                _CDC_TgetToc
                0x0000000006013af8                _CDC_GetSes
                0x0000000006013b30                _CDC_CdInit
                0x0000000006013ba8                _CDC_CdOpen
                0x0000000006013bd0                _CDC_DataEnd
                0x0000000006013c24                _CDC_DataReady
 .text          0x0000000006013c80      0x108 ../sbl/segalib/lib/libsat.a(cdc_drv.o)
                0x0000000006013c80                _analyPos
                0x0000000006013cd0                _CDC_CdPlay
                0x0000000006013d24                _CDC_CdSeek
                0x0000000006013d5c                _CDC_CdScan
 .text          0x0000000006013d88     0x1610 ../sbl/segalib/lib/libsat.a(gfs.o)
                0x0000000006013d88                _gfs_recovRdErr
                0x0000000006013db0                _GFS_SetErrFunc
                0x0000000006013dd4                _GFS_GetErrStat
                0x0000000006013df4                _gfs_mngSetupFuncTbl
                0x0000000006013e20                _gfs_mngInitWork
                0x0000000006013ea0                _gfs_mngGetNumFile
                0x0000000006013ef8                _GFS_mngAllocGrp
                0x0000000006013f38                _gfs_mngFreeGrp
                0x0000000006013f3e                _gfs_mngTermAccess
                0x0000000006013fa8                _gfs_mngSetErrCode
                0x0000000006013fd8                _GFS_SetDir
                0x000000000601403c                _GFS_NameToId
                0x000000000601408c                _GFS_IdToName
                0x00000000060140e8                _GFS_Tell
                0x0000000006014128                _GFS_NwIsComplete
                0x0000000006014150                _GFS_CdMovePickup
                0x00000000060141b0                _GFS_GetDirInfo
                0x0000000006014228                _gfs_svrSearchHndl
                0x000000000601425c                _gfs_svrAddHndl
                0x0000000006014290                _gfs_svrRemoveHndl
                0x0000000006014304                _GFS_NwStop
                0x000000000601435c                _GFS_OpenSub
                0x00000000060143a4                _GFS_Open
                0x0000000006014448                _GFS_GetFad
                0x000000000601448c                _gfs_SetSct
                0x00000000060144b8                _GFS_NwCdRead
                0x000000000601453c                _gfs_GetFinfo
                0x000000000601458a                _GFS_GetFileSize
                0x00000000060145ec                _GFS_Seek
                0x00000000060146a0                _GFS_IsEof
                0x0000000006014700                _GFS_ByteToSct
                0x000000000601475c                _GFS_GetFileInfo
                0x00000000060147d0                _GFS_NwFread
                0x00000000060148e4                _GFS_NwGetStat
                0x0000000006014958                _GFS_SetGmode
                0x00000000060149bc                _GFS_SetTmode
                0x0000000006014a30                _GFS_SetReadPara
                0x0000000006014a94                _GFS_SetTransPara
                0x0000000006014b08                _gfs_transData
                0x0000000006014b98                _gfs_closeSub
                0x0000000006014bc8                _GFS_Close
                0x0000000006014c00                _GFS_LoadDir
                0x0000000006014c9c                _gfs_getGmode
                0x0000000006014ca2                _gfs_isTaskDone
                0x0000000006014cec                _gfs_convFinStat
                0x0000000006014d50                _gfs_flowIn
                0x0000000006014dd0                _GFS_NwExecOne
                0x0000000006014e60                _GFS_Fread
                0x0000000006014fa8                _GFS_Load
                0x0000000006015070                _gfs_loadVol
                0x0000000006015134                _gfs_getRootDir
                0x00000000060151bc                _gfs_loadRootDir
                0x0000000006015244                _GFS_Init
                0x0000000006015330                _GFS_NwExecServer
 .text          0x0000000006015398       0x6c ../sbl/segalib/lib/libsat.a(gfs_buf.o)
                0x0000000006015398                _GFBF_GetTranData
                0x00000000060153ac                _GFBF_GetNumData
                0x00000000060153c4                _GFBF_GetSrcPk
                0x00000000060153d8                _GFBF_GetSctData
                0x00000000060153ec                _GFBF_RtnPk
                0x0000000006015400                _gfbf_getSctDt
 .text          0x0000000006015404      0x484 ../sbl/segalib/lib/libsat.a(gfs_cdb.o)
                0x0000000006015404                _GFCB_Setup
                0x00000000060154c8                _GFCB_Close
                0x00000000060154e8                _GFCB_GetLenData
                0x000000000601557c                _GFCB_GetLenRoom
                0x0000000006015580                _GFCB_SetFilt
                0x00000000060155d8                _GFCB_DeleteAllData
                0x00000000060155f4                _GFCB_Tell
                0x00000000060155fc                _GFCB_Seek
                0x00000000060156e0                _GFCB_GetSrcPack
                0x00000000060157a8                _GFCB_GetSctData
                0x00000000060157d4                _GFCB_GetDstPack
                0x00000000060157d8                _GFCB_RtnPk
                0x0000000006015818                _GFCB_MovePickup
                0x0000000006015828                _GFCB_SetCon
                0x0000000006015850                _GFCB_GetPickup
                0x0000000006015870                _GFCB_IsPuOwner
                0x000000000601587c                _GFCB_UngetPickup
 .text          0x0000000006015888     0x1504 ../sbl/segalib/lib/libsat.a(gfs_cdc.o)
                0x0000000006015888                _GFCD_AllocFilt
                0x00000000060158b8                _GFCD_FreeFilt
                0x00000000060158e0                _GFCD_AllocBuf
                0x000000000601590c                _GFCD_GetBaseFad
                0x0000000006015938                _GFCD_GetPickup
                0x000000000601595c                _GFCD_UngetPickup
                0x0000000006015980                _GFCD_IsPuOwner
                0x0000000006015998                _GFCD_CheckDelSctData
                0x00000000060159c0                _GFCD_CheckMove
                0x00000000060159d8                _gfcd_isIdleTask
                0x0000000006015a3c                _GFCD_SetTimer
                0x0000000006015a48                _gfcd_checkEflag
                0x0000000006015a64                _gfcd_initCdbMng
                0x0000000006015acc                _gfcd_setStat
                0x0000000006015af0                _GFCD_GetFilt
                0x0000000006015b34                _GFCD_EndData
                0x0000000006015b78                _GFCD_GetSctInfo
                0x0000000006015bbc                _GFCD_GetFileInfo
                0x0000000006015c84                _GFCD_GetBufSiz
                0x0000000006015cb4                _gfcd_doSetFiltTsk
                0x0000000006015e20                _GFCD_SetFilt
                0x0000000006015eb8                _gfcd_doSetConTsk
                0x0000000006015f30                _GFCD_SetCon
                0x0000000006015f7c                _gfcd_doGetLenDataTsk
                0x000000000601607c                _GFCD_GetLenData
                0x00000000060160c0                _gfcd_doReqDataTsk
                0x0000000006016134                _GFCD_ReqData
                0x000000000601617c                _gfcd_doDelSctDataTsk
                0x0000000006016288                _GFCD_DelSctData
                0x00000000060162d4                _gfcd_doMoveSctTsk
                0x00000000060163f0                _GFCD_MoveSctData
                0x000000000601644c                _gfcd_doSetFiltConTsk
                0x0000000006016548                _GFCD_SetFiltCon
                0x0000000006016640                _GFCD_SetCsctFunc
                0x0000000006016650                _GFCD_WaitScdqFlag
                0x0000000006016694                _GFCD_GetStat
                0x0000000006016704                _GFCD_Init
                0x00000000060168ec                _GFCD_Play
                0x000000000601693c                _GFCD_MovePickup
                0x0000000006016984                _gfcd_doChgDirTsk
                0x0000000006016b28                _GFCD_ChgDir
                0x0000000006016b90                _gfcd_doTask
                0x0000000006016c00                _GFCD_ExecServer
                0x0000000006016cdc                _GFCD_FreeBuf
                0x0000000006016d58                _GFCD_WaitServer
 .text          0x0000000006016d8c      0x600 ../sbl/segalib/lib/libsat.a(gfs_cdf.o)
                0x0000000006016d8c                _GFCF_Init
                0x0000000006016de4                _GFCF_SetSct
                0x0000000006016e10                _GFCF_GetFileInfo
                0x0000000006016e6e                _GFCF_Recover
                0x0000000006016eb0                _GFCF_Tell
                0x0000000006016ebc                _GFCF_Seek
                0x0000000006016ec8                _GFCF_cnvIntlvOfs
                0x0000000006016efc                _GFCF_GetStat
                0x0000000006016f48                _GFCF_StopInBuf
                0x0000000006016fc0                _GFCF_MovePickup
                0x0000000006017044                _gfcf_getSctSize
                0x000000000601707c                _GFCF_Setup
                0x0000000006017134                _gfcf_isCdOk
                0x0000000006017180                _gfcf_getPlayRange
                0x0000000006017288                _GFCF_FlowInBuf
 .text          0x000000000601738c      0x7e8 ../sbl/segalib/lib/libsat.a(gfs_dir.o)
                0x000000000601738c                _GFDR_NameToId
                0x00000000060173dc                _GFDR_GetInfoDirId
                0x00000000060173e8                _GFDR_GetInfoDirName
                0x00000000060173f4                _GFDR_GetAtrDirId
                0x0000000006017404                _GFDR_GetAtrDirName
                0x0000000006017414                _GFDR_ChgDir
                0x0000000006017484                _GFDR_ChgRoot
                0x0000000006017490                _gfdr_open
                0x00000000060174b0                _gfdr_read
                0x0000000006017568                _gfdr_readByte
                0x0000000006017590                _gfdr_readWord
                0x00000000060175b8                _gfdr_readWordNB
                0x0000000006017604                _gfdr_readLongNB
                0x000000000601764c                _gfdr_readLongNM
                0x000000000601766c                _gfdr_setNextRec
                0x00000000060176e8                _gfdr_readDirEnt
                0x00000000060179d0                _gfdr_setDirrecCd
                0x00000000060179ee                _gfdr_setupDirIdTbl
                0x0000000006017a64                _gfdr_setupDirNameTbl
                0x0000000006017b04                _GFDR_SetupDirTbl
 .text          0x0000000006017b74      0x818 ../sbl/segalib/lib/libsat.a(gfs_trn.o)
                0x0000000006017b74                _gftr_reqScu
                0x0000000006017b78                _gftr_remCpu
                0x0000000006017b7c                _gftr_execScu
                0x0000000006017bfc                _gftr_remScu
                0x0000000006017c1c                _gftr_reqDma0
                0x0000000006017c20                _gftr_reqDma1
                0x0000000006017c24                _gftr_reqCpu
                0x0000000006017c28                _GFTR_Setup
                0x0000000006017c4e                _GFTR_SetMode
                0x0000000006017c5a                _GFTR_SetUnit
                0x0000000006017c5e                _GFTR_SetTransPara
                0x0000000006017c70                _GFTR_GetTransPara
                0x0000000006017c74                _GFTR_GetNumTrans
                0x0000000006017c78                _GFTR_SetTransMax
                0x0000000006017c7e                _GFTR_Start
                0x0000000006017c84                _GFTR_Pause
                0x0000000006017c8a                _gfdma_canUse
                0x0000000006017c8e                _gfdma_exec
                0x0000000006017d68                _gftr_execSdma0
                0x0000000006017d8c                _gftr_execSdma1
                0x0000000006017db0                _gftr_reqTrn
                0x0000000006017e04                _gftr_execTrn
                0x0000000006017ed0                _gftr_remTrn
                0x0000000006017f30                _gftr_copyFrac
                0x0000000006017f54                _gfdma_getBytecnt
                0x0000000006017f84                _gftr_remDma0
                0x0000000006017f90                _gftr_remDma1
                0x0000000006017f9c                _gftr_execCpu
                0x0000000006017fe8                _GFTR_GetLenData
                0x0000000006017fec                _GFTR_GetLenRoom
                0x0000000006017ffa                _gftr_getSrcPack
                0x000000000601807c                _GFTR_Idle
                0x00000000060180ec                _GFTR_GetDstPack
                0x0000000006018118                _gftr_getDstPack
                0x0000000006018158                _gftr_execSub
                0x0000000006018260                _GFTR_Exec
                0x00000000060182b8                _GFTR_Stop
                0x0000000006018358                _GFTR_RtnDstPk
                0x0000000006018366                _GFTR_GetData
                0x0000000006018374                _GFTR_SetData
                0x0000000006018380                _GFTR_SetTransFunc
 .text          0x000000000601838c       0x24 ../sbl/segalib/lib/libsat.a(mth_rand.o)
                0x000000000601838c                _MTH_InitialRand
                0x0000000006018398                _MTH_GetRand
 .text          0x00000000060183b0       0x78 ../sbl/segalib/lib/libsat.a(mth_fixd.o)
                0x00000000060183b0                _MTH_Mul
                0x00000000060183c4                _MTH_Div
                0x00000000060183d8                _MTH_IntToFixed
                0x00000000060183e0                _MTH_FixedToInt
                0x00000000060183e8                _MTH_Product
 .text          0x0000000006018428      0x5d4 ../sbl/segalib/lib/libsat.a(mth_tri.o)
                0x0000000006018428                _MTH_Sin
                0x0000000006018468                _MTH_Cos
                0x00000000060184ac                _fcos
                0x00000000060184b2                _fsin
                0x0000000006018644                _MTH_Atan
 .text          0x00000000060189fc      0xf58 ../sbl/segalib/lib/libsat.a(per_prt.o)
                0x0000000006018dfc                _PER_IntFunc
                0x00000000060196ac                _PER_Init
                0x0000000006019854                _PER_GetPer
 .text          0x0000000006019954      0xcbc ../sbl/segalib/lib/libsat.a(spr_2c.o)
                0x0000000006019954                _SPR_2SetTvMode
                0x0000000006019964                _SPR_2FrameChgIntr
                0x0000000006019978                _SPR_2FrameEraseData
                0x00000000060199b8                _SPR_2SetGourTbl
                0x00000000060199e8                _SPR_2SetLookupTbl
                0x0000000006019a04                _SPR_2SetChar
                0x0000000006019b30                _SPR_2ClrChar
                0x0000000006019c38                _SPR_2ClrAllChar
                0x0000000006019c84                _SPR_2Initial
                0x0000000006019dd8                _SPR_2GourTblNoToVram
                0x0000000006019df4                _SPR_2LookupTblNoToVram
                0x0000000006019e04                _SPR_2CharNoToVram
                0x0000000006019e18                _SPR_2GetAreaSizeInfo
                0x0000000006019e78                _SPR_2OpenCommand
                0x0000000006019f10                _SPR_2FlushDrawPrty
                0x0000000006019f50                _SPR_2CloseCommand
                0x000000000601a070                _SPR_2LocalCoord
                0x000000000601a0c8                _SPR_2SysClip
                0x000000000601a110                _SPR_2UserClip
                0x000000000601a160                _SPR_2Line
                0x000000000601a1fc                _SPR_2PolyLine
                0x000000000601a29c                _SPR_2Polygon
                0x000000000601a33c                _SPR_2NormSpr
                0x000000000601a408                _SPR_2ScaleSpr
                0x000000000601a4f0                _SPR_2DistSpr
                0x000000000601a5c8                _SPR_2Cmd
 .text          0x000000000601a610      0x754 ../sbl/segalib/lib/libsat.a(scl_func.o)
                0x000000000601a610                _SCL_ParametersInit
                0x000000000601a6fc                _SCL_Vdp2Init
                0x000000000601a764                _SCL_Open
                0x000000000601a780                _SCL_Close
                0x000000000601a794                _SCL_MoveTo
                0x000000000601a888                _SCL_Move
                0x000000000601a9b4                _SCL_Scale
                0x000000000601aab8                _SCL_Memcpyw
                0x000000000601aacc                _SCL_CopyReg
                0x000000000601abac                _SCL_SetColRamMode
                0x000000000601abfc                _SCL_PriIntProc
                0x000000000601acf8                _SCL_ScrollShow
 .text          0x000000000601ad64      0x384 ../sbl/segalib/lib/libsat.a(scl_fu02.o)
                0x000000000601ad64                _SCL_InitVramConfigTb
                0x000000000601ad72                _SCL_SetVramConfig
 .text          0x000000000601b0e8      0x62c ../sbl/segalib/lib/libsat.a(scl_fu03.o)
                0x000000000601b0e8                _SCL_InitConfigTb
                0x000000000601b100                _SCL_SetConfig
 .text          0x000000000601b714       0x18 ../sbl/segalib/lib/libsat.a(scl_fu04.o)
                0x000000000601b714                _SCL_SetCycleTable
 .text          0x000000000601b72c      0xf30 ../sbl/segalib/lib/libsat.a(scl_pri.o)
                0x000000000601b72c                _SCL_PriorityInit
                0x000000000601bcd8                _SCL_GetColRamMode
                0x000000000601bcf8                _SCL_AbortAutoVe
                0x000000000601bd04                _SCL_SetColMixRate
                0x000000000601c06c                _SCL_IncColOffset
                0x000000000601c0e0                _SCL_AutoExec
                0x000000000601c50c                _SCL_SetShadowBit
 .text          0x000000000601c65c      0xe38 ../sbl/segalib/lib/libsat.a(scl_ro00.o)
                0x000000000601c780                _SCL_InitRotateTable
                0x000000000601c9c8                _SCL_RotateZD
                0x000000000601cb08                _SCL_Rotate
 .text          0x000000000601d494       0x74 ../sbl/segalib/lib/libsat.a(scl_back.o)
                0x000000000601d494                _SCL_SetBack
 .text          0x000000000601d508      0x264 ../sbl/segalib/lib/libsat.a(scl_vblv.o)
                0x000000000601d508                _SCL_SetFrameInterval
                0x000000000601d580                _SCL_DisplayFrame
                0x000000000601d5ac                _SCL_VblInit
                0x000000000601d5f4                _SCL_VblankStart
                0x000000000601d6c4                _SCL_VblankEnd
 .text          0x000000000601d76c       0x54 ../sbl/segalib/lib/libsat.a(scl_pr01.o)
                0x000000000601d76c                _SCL_SetSpriteMode
 .text          0x000000000601d7c0       0x90 ../sbl/segalib/lib/libsat.a(scl_pr02.o)
                0x000000000601d7c0                _SCL_SetColRam
 .text          0x000000000601d850      0x10c ../sbl/segalib/lib/libsat.a(scl_pr03.o)
                0x000000000601d850                _SCL_FreeColRam
                0x000000000601d878                _SCL_AllocColRam
 .text          0x000000000601d95c       0xac ../sbl/segalib/lib/libsat.a(scl_pr05.o)
                0x000000000601d95c                _SCL_GetColRamOffset
 .text          0x000000000601da08      0x180 ../sbl/segalib/lib/libsat.a(scl_pr06.o)
                0x000000000601da08                _SCL_SetColRamOffset
 .text          0x000000000601db88      0x1c8 ../sbl/segalib/lib/libsat.a(scl_pr07.o)
                0x000000000601db88                _SCL_SetPriority
 .text          0x000000000601dd50      0x234 ../sbl/segalib/lib/libsat.a(cdc_reg.o)
                0x000000000601dd50                _CDC_GetDataPtr
                0x000000000601dd5c                _CDC_GetHirqReq
                0x000000000601dd68                _CDC_ClrHirqReq
                0x000000000601dd88                _CDREG_ClrHirqReq
                0x000000000601dd94                _CDREG_InitHirqReq
                0x000000000601ddac                _CDREG_SetHirqFlag
                0x000000000601ddbc                _CDC_GetHirqMsk
                0x000000000601ddc8                _CDC_SetHirqMsk
                0x000000000601ddd4                _CDC_GetMpegPtr
                0x000000000601dde0                _CDREG_TgetData
                0x000000000601de3c                _CDREG_WaitHirq
                0x000000000601de64                _writeCmd
                0x000000000601de84                _CDREG_ReadRsp
                0x000000000601dea8                _doCmdRsp
                0x000000000601df50                _CDREG_CmdRsp
 .text          0x000000000601df84       0xf4 ../sbl/segalib/lib/libsat.a(cdc_sub.o)
                0x000000000601df84                _CDSUB_GetCdstat
                0x000000000601dfb8                _CDSUB_RspToCdstat
                0x000000000601dfea                _CDSUB_CdCmd
                0x000000000601e04c                _CDSUB_UpdStatus
                0x000000000601e058                _CDSUB_UpdCdstat
                0x000000000601e074                _CDSUB_SoftTimer
 .text          0x000000000601e078       0xb4 ../sbl/segalib/lib/libsat.a(cdc_dev.o)
                0x000000000601e078                _CDC_CdSetCon
                0x000000000601e0ac                _CDC_CdGetCon
                0x000000000601e0ec                _CDC_CdGetLastBuf
 .text          0x000000000601e12c      0x290 ../sbl/segalib/lib/libsat.a(cdc_sel.o)
                0x000000000601e12c                _CDC_SetFiltRange
                0x000000000601e168                _CDC_GetFiltRange
                0x000000000601e1d4                _CDC_SetFiltSubh
                0x000000000601e224                _CDC_GetFiltSubh
                0x000000000601e288                _CDC_SetFiltMode
                0x000000000601e2bc                _CDC_GetFiltMode
                0x000000000601e2fc                _CDC_SetFiltCon
                0x000000000601e334                _CDC_GetFiltCon
                0x000000000601e388                _CDC_ResetSelector
 .text          0x000000000601e3bc      0x234 ../sbl/segalib/lib/libsat.a(cdc_bif.o)
                0x000000000601e3bc                _CDC_GetBufSiz
                0x000000000601e414                _CDC_GetSctNum
                0x000000000601e45c                _CDC_CalActSiz
                0x000000000601e48c                _chkEselUpdStatus
                0x000000000601e4c0                _CDC_GetActSiz
                0x000000000601e504                _CDC_GetSctInfo
                0x000000000601e55c                _CDC_ExeFadSearch
                0x000000000601e590                _CDC_GetFadSearch
 .text          0x000000000601e5f0      0x190 ../sbl/segalib/lib/libsat.a(cdc_bio.o)
                0x000000000601e5f0                _CDC_SetSctLen
                0x000000000601e620                _CDC_GetSctData
                0x000000000601e650                _CDC_DelSctData
                0x000000000601e680                _CDC_GetdelSctData
                0x000000000601e6b0                _CDC_PutSctData
                0x000000000601e6e0                _CDC_CopySctData
                0x000000000601e714                _CDC_MoveSctData
                0x000000000601e748                _CDC_GetCopyErr
 .text          0x000000000601e780      0x1a4 ../sbl/segalib/lib/libsat.a(cdc_cfs.o)
                0x000000000601e780                _CDC_ChgDir
                0x000000000601e7b8                _CDC_ReadDir
                0x000000000601e7f0                _CDC_GetFileScope
                0x000000000601e850                _CDC_TgetFileInfo
                0x000000000601e8a8                _CDC_ReadFile
                0x000000000601e8e8                _CDC_AbortFile
 .text          0x000000000601e924       0xb0 ../sbl/segalib/lib/libsat.a(csh_main.o)
                0x000000000601e924                _CSH_Init
                0x000000000601e970                _CSH_AllClr
                0x000000000601e9b0                _CSH_Purge
 .text          0x000000000601e9d4      0x13c ../sbl/segalib/lib/libsat.a(dma_cpu0.o)
                0x000000000601e9d4                _DMA_CpuSetComPrm
                0x000000000601ea0c                _DMA_CpuSetPrm
                0x000000000601eac0                _DMA_CpuStart
                0x000000000601ead0                _DMA_CpuStop
                0x000000000601eae2                _DMA_CpuAllStop
                0x000000000601eaf0                _DMA_CpuGetComStatus
                0x000000000601eb02                _DMA_CpuGetStatus
 .text          0x000000000601eb10      0x274 ../sbl/segalib/lib/libsat.a(dma_scu0.o)
                0x000000000601eb10                _DMA_ScuIntFunc0
                0x000000000601eb70                _DMA_ScuIntFunc1
                0x000000000601ebd4                _DMA_ScuIntFunc2
                0x000000000601ec38                _DMA_ScuSetPrm
                0x000000000601eca0                _DMA_ScuStart
                0x000000000601ed58                _DMA_ScuGetStatus
 .text          0x000000000601ed84      0x240 ../sbl/segalib/lib/libsat.a(spr_1c.o)
                0x000000000601ed84                _SPR_SetTvMode
                0x000000000601ee00                _SPR_GetStatus
                0x000000000601ee54                _SPR_SetEraseData
                0x000000000601eeec                _SPR_Initial
                0x000000000601efa0                _SPR_WaitDrawEnd
                0x000000000601efb0                _SPR_SetEosMode
 .text          0x000000000601efc4      0x16c ../sbl/segalib/lib/libsat.a(spr_2a.o)
                0x000000000601efc4                _SPR_2SetDrawPrty
                0x000000000601f034                _SPR_2FlushDrawPrtyBlock
 .text          0x000000000601f130       0x52 /opt/toolchains/sh-elf/bin/../lib/gcc/sh-elf/11.1.0/libgcc.a(_ashiftrt.o)
                0x000000000601f130                ___ashiftrt_r4_31
                0x000000000601f130                ___ashiftrt_r4_32
                0x000000000601f136                ___ashiftrt_r4_30
                0x000000000601f138                ___ashiftrt_r4_29
                0x000000000601f13a                ___ashiftrt_r4_28
                0x000000000601f13c                ___ashiftrt_r4_27
                0x000000000601f13e                ___ashiftrt_r4_26
                0x000000000601f140                ___ashiftrt_r4_25
                0x000000000601f142                ___ashiftrt_r4_24
                0x000000000601f14a                ___ashiftrt_r4_23
                0x000000000601f14c                ___ashiftrt_r4_22
                0x000000000601f14e                ___ashiftrt_r4_21
                0x000000000601f150                ___ashiftrt_r4_20
                0x000000000601f152                ___ashiftrt_r4_19
                0x000000000601f154                ___ashiftrt_r4_18
                0x000000000601f156                ___ashiftrt_r4_17
                0x000000000601f158                ___ashiftrt_r4_16
                0x000000000601f15e                ___ashiftrt_r4_15
                0x000000000601f160                ___ashiftrt_r4_14
                0x000000000601f162                ___ashiftrt_r4_13
                0x000000000601f164                ___ashiftrt_r4_12
                0x000000000601f166                ___ashiftrt_r4_11
                0x000000000601f168                ___ashiftrt_r4_10
                0x000000000601f16a                ___ashiftrt_r4_9
                0x000000000601f16c                ___ashiftrt_r4_8
                0x000000000601f16e                ___ashiftrt_r4_7
                0x000000000601f170                ___ashiftrt_r4_6
                0x000000000601f172                ___ashiftrt_r4_5
                0x000000000601f174                ___ashiftrt_r4_4
                0x000000000601f176                ___ashiftrt_r4_3
                0x000000000601f178                ___ashiftrt_r4_2
                0x000000000601f17a                ___ashiftrt_r4_1
                0x000000000601f17e                ___ashiftrt_r4_0
 *fill*         0x000000000601f182        0x2 
 .text          0x000000000601f184       0xbc /opt/toolchains/sh-elf/bin/../lib/gcc/sh-elf/11.1.0/libgcc.a(_ashiftlt.o)
                0x000000000601f184                ___ashlsi3
                0x000000000601f188                ___ashlsi3_r0
 .text          0x000000000601f240       0x78 /opt/toolchains/sh-elf/bin/../lib/gcc/sh-elf/11.1.0/libgcc.a(_movmem.o)
                0x000000000601f240                ___movmem
                0x000000000601f240                ___movstr
                0x000000000601f274                ___movmemSI64
                0x000000000601f274                ___movstrSI64
                0x000000000601f278                ___movmemSI60
                0x000000000601f278                ___movstrSI60
                0x000000000601f27c                ___movstrSI56
                0x000000000601f27c                ___movmemSI56
                0x000000000601f280                ___movmemSI52
                0x000000000601f280                ___movstrSI52
                0x000000000601f284                ___movstrSI48
                0x000000000601f284                ___movmemSI48
                0x000000000601f288                ___movmemSI44
                0x000000000601f288                ___movstrSI44
                0x000000000601f28c                ___movstrSI40
                0x000000000601f28c                ___movmemSI40
                0x000000000601f290                ___movstrSI36
                0x000000000601f290                ___movmemSI36
                0x000000000601f294                ___movstrSI32
                0x000000000601f294                ___movmemSI32
                0x000000000601f298                ___movmemSI28
                0x000000000601f298                ___movstrSI28
                0x000000000601f29c                ___movmemSI24
                0x000000000601f29c                ___movstrSI24
                0x000000000601f2a0                ___movmemSI20
                0x000000000601f2a0                ___movstrSI20
                0x000000000601f2a4                ___movstrSI16
                0x000000000601f2a4                ___movmemSI16
                0x000000000601f2a8                ___movmemSI12
                0x000000000601f2a8                ___movstrSI12
                0x000000000601f2ac                ___movstrSI8
                0x000000000601f2ac                ___movmemSI8
                0x000000000601f2b0                ___movstrSI4
                0x000000000601f2b0                ___movmemSI4
 .text          0x000000000601f2b8       0xa0 /opt/toolchains/sh-elf/bin/../lib/gcc/sh-elf/11.1.0/libgcc.a(_sdivsi3.o)
                0x000000000601f2b8                ___sdivsi3
 .text          0x000000000601f358       0x6c /opt/toolchains/sh-elf/bin/../lib/gcc/sh-elf/11.1.0/libgcc.a(_udivsi3.o)
                0x000000000601f37a                ___udivsi3
 .text          0x000000000601f3c4      0x208 /opt/toolchains/sh-elf/bin/../lib/gcc/sh-elf/11.1.0/libgcc.a(_mul_df.o)
                0x000000000601f3c4                ___muldf3
 .text          0x000000000601f5cc       0xa8 /opt/toolchains/sh-elf/bin/../lib/gcc/sh-elf/11.1.0/libgcc.a(_si_to_df.o)
                0x000000000601f5cc                ___floatsidf
 .text          0x000000000601f674       0xa0 /opt/toolchains/sh-elf/bin/../lib/gcc/sh-elf/11.1.0/libgcc.a(_df_to_si.o)
                0x000000000601f674                ___fixdfsi
 .text          0x000000000601f714        0x0 /opt/toolchains/sh-elf/bin/../lib/gcc/sh-elf/11.1.0/libgcc.a(_thenan_df.o)
 .text          0x000000000601f714       0xbc /opt/toolchains/sh-elf/bin/../lib/gcc/sh-elf/11.1.0/libgcc.a(_lshiftrt.o)
                0x000000000601f714                ___lshrsi3
                0x000000000601f718                ___lshrsi3_r0
 .text          0x000000000601f7d0       0x74 /opt/toolchains/sh-elf/bin/../lib/gcc/sh-elf/11.1.0/libgcc.a(_clzsi2.o)
                0x000000000601f7d0                ___clzsi2
 .text          0x000000000601f844      0x29c /opt/toolchains/sh-elf/bin/../lib/gcc/sh-elf/11.1.0/libgcc.a(_pack_df.o)
                0x000000000601f844                ___pack_d
 .text          0x000000000601fae0       0xcc /opt/toolchains/sh-elf/bin/../lib/gcc/sh-elf/11.1.0/libgcc.a(_unpack_df.o)
                0x000000000601fae0                ___unpack_d
 .text          0x000000000601fbac        0x0 /opt/toolchains/sh-elf/bin/../lib/gcc/sh-elf/11.1.0/libgcc.a(_clz.o)
 .text          0x000000000601fbac       0x64 /opt/toolchains/sh-elf/bin/../lib/gcc/sh-elf/11.1.0/../../../../sh-elf/lib/libc.a(lib_a-memcmp.o)
                0x000000000601fbac                _memcmp
 .text          0x000000000601fc10       0x94 /opt/toolchains/sh-elf/bin/../lib/gcc/sh-elf/11.1.0/../../../../sh-elf/lib/libc.a(lib_a-memcpy.o)
                0x000000000601fc10                _memcpy
 .text          0x000000000601fca4       0xcc /opt/toolchains/sh-elf/bin/../lib/gcc/sh-elf/11.1.0/../../../../sh-elf/lib/libc.a(lib_a-memmove.o)
                0x000000000601fca4                _memmove
 .text          0x000000000601fd70       0x40 /opt/toolchains/sh-elf/bin/../lib/gcc/sh-elf/11.1.0/../../../../sh-elf/lib/libc.a(lib_a-memset.o)
                0x000000000601fd70                _memset
 .text          0x000000000601fdb0       0x3c /opt/toolchains/sh-elf/bin/../lib/gcc/sh-elf/11.1.0/../../../../sh-elf/lib/libc.a(lib_a-strcpy.o)
                0x000000000601fdb0                _strcpy
 .text          0x000000000601fdec       0xd0 /opt/toolchains/sh-elf/bin/../lib/gcc/sh-elf/11.1.0/../../../../sh-elf/lib/libc.a(lib_a-strncmp.o)
                0x000000000601fdec                _strncmp
 .text          0x000000000601febc       0xd4 /opt/toolchains/sh-elf/bin/../lib/gcc/sh-elf/11.1.0/../../../../sh-elf/lib/libc.a(lib_a-strncpy.o)
                0x000000000601febc                _strncpy
 *(.rodata*)
 .rodata        0x000000000601ff90      0x100 crc.o
 .rodata        0x0000000006020090       0x23 game.o
 *fill*         0x00000000060200b3        0x1 
 .rodata        0x00000000060200b4        0x9 print.o
 *fill*         0x00000000060200bd        0x3 
 .rodata        0x00000000060200c0        0x6 main.o
 *fill*         0x00000000060200c6        0x2 
 .rodata        0x00000000060200c8        0xa ../sbl/segalib/lib/libsat.a(gfs.o)
 *fill*         0x00000000060200d2        0x2 
 .rodata        0x00000000060200d4       0x30 ../sbl/segalib/lib/libsat.a(gfs_buf.o)
 .rodata        0x0000000006020104       0x2d ../sbl/segalib/lib/libsat.a(gfs_cdf.o)
 *fill*         0x0000000006020131        0x3 
 .rodata.str1.4
                0x0000000006020134        0x7 ../sbl/segalib/lib/libsat.a(gfs_dir.o)
 *fill*         0x000000000602013b        0x1 
 .rodata        0x000000000602013c       0x30 ../sbl/segalib/lib/libsat.a(gfs_trn.o)
 .rodata        0x000000000602016c        0xc ../sbl/segalib/lib/libsat.a(dma_scu0.o)
 .rodata        0x0000000006020178       0x20 ../sbl/segalib/lib/libsat.a(spr_1c.o)
 .rodata        0x0000000006020198       0x14 /opt/toolchains/sh-elf/bin/../lib/gcc/sh-elf/11.1.0/libgcc.a(_thenan_df.o)
                0x0000000006020198                ___thenan_df
 .rodata        0x00000000060201ac      0x100 /opt/toolchains/sh-elf/bin/../lib/gcc/sh-elf/11.1.0/libgcc.a(_clz.o)
                0x00000000060201ac                ___clz_tab
 *(.strings)
                0x00000000060202b0                . = ALIGN (0x10)
 *fill*         0x00000000060202ac        0x4 
                0x00000000060202b0                _etext = ABSOLUTE (.)

.tors           0x00000000060202b0        0x0
                0x00000000060202b0                ___ctors = .
 *(.ctors)
                0x00000000060202b0                ___ctors_end = .
                0x00000000060202b0                ___dtors = .
 *(.dtors)
                0x00000000060202b0                ___dtors_end = .
                0x00000000060202b0                . = ALIGN (0x10)
                0x00000000060202b0                _etors = ABSOLUTE (.)

.data           0x00000000060202b0      0x7a0
 *(.data)
 .data          0x00000000060202b0        0x0 entry.o
 .data          0x00000000060202b0        0x0 stack.o
 .data          0x00000000060202b0        0x0 vblank.o
 .data          0x00000000060202b0        0x0 cd.o
 .data          0x00000000060202b0        0x0 crc.o
 .data          0x00000000060202b0        0x0 devcart.o
 .data          0x00000000060202b0        0x0 game.o
 .data          0x00000000060202b0      0x700 piece.o
                0x00000000060202b0                _pieces
 .data          0x00000000060209b0        0x0 print.o
 .data          0x00000000060209b0        0x0 rng.o
 .data          0x00000000060209b0       0x50 scroll.o
                0x00000000060209b0                _vram
                0x00000000060209c0                _charOffsets
                0x00000000060209d0                _cycleTbLoRes
                0x00000000060209e0                _cycleTbHiRes
                0x00000000060209f0                _cycleTbBitmap
 .data          0x0000000006020a00        0x0 sound.o
 .data          0x0000000006020a00       0x18 sprite.o
 .data          0x0000000006020a18        0x0 main.o
 .data          0x0000000006020a18        0x0 ../sbl/segalib/lib/libsat.a(cdc_cmn.o)
 .data          0x0000000006020a18        0x0 ../sbl/segalib/lib/libsat.a(cdc_drv.o)
 .data          0x0000000006020a18        0x0 ../sbl/segalib/lib/libsat.a(gfs.o)
 .data          0x0000000006020a18        0x0 ../sbl/segalib/lib/libsat.a(gfs_buf.o)
 .data          0x0000000006020a18        0x0 ../sbl/segalib/lib/libsat.a(gfs_cdb.o)
 .data          0x0000000006020a18        0x0 ../sbl/segalib/lib/libsat.a(gfs_cdc.o)
 .data          0x0000000006020a18        0x0 ../sbl/segalib/lib/libsat.a(gfs_cdf.o)
 .data          0x0000000006020a18        0x0 ../sbl/segalib/lib/libsat.a(gfs_dir.o)
 .data          0x0000000006020a18        0x0 ../sbl/segalib/lib/libsat.a(gfs_trn.o)
 .data          0x0000000006020a18        0x0 ../sbl/segalib/lib/libsat.a(mth_rand.o)
 .data          0x0000000006020a18        0x0 ../sbl/segalib/lib/libsat.a(mth_fixd.o)
 .data          0x0000000006020a18        0x0 ../sbl/segalib/lib/libsat.a(mth_tri.o)
 .data          0x0000000006020a18        0x3 ../sbl/segalib/lib/libsat.a(per_prt.o)
 .data          0x0000000006020a1b        0x0 ../sbl/segalib/lib/libsat.a(spr_2c.o)
 *fill*         0x0000000006020a1b        0x1 
 .data          0x0000000006020a1c        0x6 ../sbl/segalib/lib/libsat.a(scl_func.o)
                0x0000000006020a1c                _SclRotateTableMode
                0x0000000006020a1e                _SclDisplayY
                0x0000000006020a20                _SclDisplayX
 .data          0x0000000006020a22        0x0 ../sbl/segalib/lib/libsat.a(scl_fu02.o)
 .data          0x0000000006020a22        0x0 ../sbl/segalib/lib/libsat.a(scl_fu03.o)
 .data          0x0000000006020a22        0x0 ../sbl/segalib/lib/libsat.a(scl_fu04.o)
 *fill*         0x0000000006020a22        0x2 
 .data          0x0000000006020a24       0x18 ../sbl/segalib/lib/libsat.a(scl_pri.o)
                0x0000000006020a24                _SclRealColOffset
                0x0000000006020a28                _SclRealBgColMix
                0x0000000006020a2c                _SclRealSpColMix
                0x0000000006020a30                _SclRealBgPriNum
                0x0000000006020a34                _SclRealSpPriNum
                0x0000000006020a38                _SclRealOtherPri
 .data          0x0000000006020a3c        0x0 ../sbl/segalib/lib/libsat.a(scl_ro00.o)
 .data          0x0000000006020a3c        0x0 ../sbl/segalib/lib/libsat.a(scl_back.o)
 .data          0x0000000006020a3c        0x8 ../sbl/segalib/lib/libsat.a(scl_vblv.o)
                0x0000000006020a3c                _VBInterval
                0x0000000006020a40                _SpFrameEraseMode
 .data          0x0000000006020a44        0x0 ../sbl/segalib/lib/libsat.a(scl_pr01.o)
 .data          0x0000000006020a44        0x0 ../sbl/segalib/lib/libsat.a(scl_pr02.o)
 .data          0x0000000006020a44        0x0 ../sbl/segalib/lib/libsat.a(scl_pr03.o)
 .data          0x0000000006020a44        0x0 ../sbl/segalib/lib/libsat.a(scl_pr05.o)
 .data          0x0000000006020a44        0x0 ../sbl/segalib/lib/libsat.a(scl_pr06.o)
 .data          0x0000000006020a44        0x0 ../sbl/segalib/lib/libsat.a(scl_pr07.o)
 .data          0x0000000006020a44        0x0 ../sbl/segalib/lib/libsat.a(cdc_reg.o)
 .data          0x0000000006020a44        0x0 ../sbl/segalib/lib/libsat.a(cdc_sub.o)
 .data          0x0000000006020a44        0x0 ../sbl/segalib/lib/libsat.a(cdc_dev.o)
 .data          0x0000000006020a44        0x0 ../sbl/segalib/lib/libsat.a(cdc_sel.o)
 .data          0x0000000006020a44        0x0 ../sbl/segalib/lib/libsat.a(cdc_bif.o)
 .data          0x0000000006020a44        0x0 ../sbl/segalib/lib/libsat.a(cdc_bio.o)
 .data          0x0000000006020a44        0x0 ../sbl/segalib/lib/libsat.a(cdc_cfs.o)
 .data          0x0000000006020a44        0x0 ../sbl/segalib/lib/libsat.a(csh_main.o)
 .data          0x0000000006020a44        0x0 ../sbl/segalib/lib/libsat.a(dma_cpu0.o)
 .data          0x0000000006020a44        0x0 ../sbl/segalib/lib/libsat.a(dma_scu0.o)
 .data          0x0000000006020a44        0x0 ../sbl/segalib/lib/libsat.a(spr_1c.o)
 .data          0x0000000006020a44        0x0 ../sbl/segalib/lib/libsat.a(spr_2a.o)
 .data          0x0000000006020a44        0x0 /opt/toolchains/sh-elf/bin/../lib/gcc/sh-elf/11.1.0/libgcc.a(_ashiftrt.o)
 .data          0x0000000006020a44        0x0 /opt/toolchains/sh-elf/bin/../lib/gcc/sh-elf/11.1.0/libgcc.a(_ashiftlt.o)
 .data          0x0000000006020a44        0x0 /opt/toolchains/sh-elf/bin/../lib/gcc/sh-elf/11.1.0/libgcc.a(_movmem.o)
 .data          0x0000000006020a44        0x0 /opt/toolchains/sh-elf/bin/../lib/gcc/sh-elf/11.1.0/libgcc.a(_sdivsi3.o)
 .data          0x0000000006020a44        0x0 /opt/toolchains/sh-elf/bin/../lib/gcc/sh-elf/11.1.0/libgcc.a(_udivsi3.o)
 .data          0x0000000006020a44        0x0 /opt/toolchains/sh-elf/bin/../lib/gcc/sh-elf/11.1.0/libgcc.a(_mul_df.o)
 .data          0x0000000006020a44        0x0 /opt/toolchains/sh-elf/bin/../lib/gcc/sh-elf/11.1.0/libgcc.a(_si_to_df.o)
 .data          0x0000000006020a44        0x0 /opt/toolchains/sh-elf/bin/../lib/gcc/sh-elf/11.1.0/libgcc.a(_df_to_si.o)
 .data          0x0000000006020a44        0x0 /opt/toolchains/sh-elf/bin/../lib/gcc/sh-elf/11.1.0/libgcc.a(_thenan_df.o)
 .data          0x0000000006020a44        0x0 /opt/toolchains/sh-elf/bin/../lib/gcc/sh-elf/11.1.0/libgcc.a(_lshiftrt.o)
 .data          0x0000000006020a44        0x0 /opt/toolchains/sh-elf/bin/../lib/gcc/sh-elf/11.1.0/libgcc.a(_clzsi2.o)
 .data          0x0000000006020a44        0x0 /opt/toolchains/sh-elf/bin/../lib/gcc/sh-elf/11.1.0/libgcc.a(_pack_df.o)
 .data          0x0000000006020a44        0x0 /opt/toolchains/sh-elf/bin/../lib/gcc/sh-elf/11.1.0/libgcc.a(_unpack_df.o)
 .data          0x0000000006020a44        0x0 /opt/toolchains/sh-elf/bin/../lib/gcc/sh-elf/11.1.0/libgcc.a(_clz.o)
 .data          0x0000000006020a44        0x0 /opt/toolchains/sh-elf/bin/../lib/gcc/sh-elf/11.1.0/../../../../sh-elf/lib/libc.a(lib_a-memcmp.o)
 .data          0x0000000006020a44        0x0 /opt/toolchains/sh-elf/bin/../lib/gcc/sh-elf/11.1.0/../../../../sh-elf/lib/libc.a(lib_a-memcpy.o)
 .data          0x0000000006020a44        0x0 /opt/toolchains/sh-elf/bin/../lib/gcc/sh-elf/11.1.0/../../../../sh-elf/lib/libc.a(lib_a-memmove.o)
 .data          0x0000000006020a44        0x0 /opt/toolchains/sh-elf/bin/../lib/gcc/sh-elf/11.1.0/../../../../sh-elf/lib/libc.a(lib_a-memset.o)
 .data          0x0000000006020a44        0x0 /opt/toolchains/sh-elf/bin/../lib/gcc/sh-elf/11.1.0/../../../../sh-elf/lib/libc.a(lib_a-strcpy.o)
 .data          0x0000000006020a44        0x0 /opt/toolchains/sh-elf/bin/../lib/gcc/sh-elf/11.1.0/../../../../sh-elf/lib/libc.a(lib_a-strncmp.o)
 .data          0x0000000006020a44        0x0 /opt/toolchains/sh-elf/bin/../lib/gcc/sh-elf/11.1.0/../../../../sh-elf/lib/libc.a(lib_a-strncpy.o)
                0x0000000006020a50                . = ALIGN (0x10)
 *fill*         0x0000000006020a44        0xc 
                0x0000000006020a50                _edata = ABSOLUTE (.)

.bss            0x0000000006020a50    0x16db0
                0x0000000006020a50                _bss_start = .
 *(.bss)
 .bss           0x0000000006020a50        0x0 entry.o
 .bss           0x0000000006020a50        0x0 stack.o
 .bss           0x0000000006020a50       0x34 vblank.o
                0x0000000006020a50                _PadData1
                0x0000000006020a52                _PadData1L
                0x0000000006020a54                _PadData1E
                0x0000000006020a56                _PadData2
                0x0000000006020a58                _PadData2L
                0x0000000006020a5a                _PadData2E
                0x0000000006020a5c                _PadWorkArea
                0x0000000006020a78                _perFlag
                0x0000000006020a7c                _VblankFlg
                0x0000000006020a80                _vblank_frames
 .bss           0x0000000006020a84     0x1674 cd.o
 .bss           0x00000000060220f8        0x0 crc.o
 .bss           0x00000000060220f8        0x0 devcart.o
 .bss           0x00000000060220f8      0x384 game.o
                0x00000000060220f8                _boardVram
 .bss           0x000000000602247c        0x0 piece.o
 .bss           0x000000000602247c     0x14a0 print.o
                0x000000000602247c                _text
 .bss           0x000000000602391c        0x8 rng.o
 .bss           0x0000000006023924      0x130 scroll.o
                0x0000000006023924                _scfg
 .bss           0x0000000006023a54        0x0 sound.o
 .bss           0x0000000006023a54    0x125fc sprite.o
                0x0000000006023a54                _numSprites
                0x0000000006023a58                _tileCount
                0x0000000006023a5c                _palCnt
                0x0000000006023a60                _sprites
 .bss           0x0000000006036050        0x4 main.o
                0x0000000006036050                _frame
 .bss           0x0000000006036054        0x0 ../sbl/segalib/lib/libsat.a(cdc_cmn.o)
 .bss           0x0000000006036054        0x0 ../sbl/segalib/lib/libsat.a(cdc_drv.o)
 .bss           0x0000000006036054        0xc ../sbl/segalib/lib/libsat.a(gfs.o)
                0x0000000006036054                _GFMC_base
                0x0000000006036058                _gfs_mng_ptr
                0x000000000603605c                _bobtest
 .bss           0x0000000006036060        0x0 ../sbl/segalib/lib/libsat.a(gfs_buf.o)
 .bss           0x0000000006036060        0x0 ../sbl/segalib/lib/libsat.a(gfs_cdb.o)
 .bss           0x0000000006036060        0x4 ../sbl/segalib/lib/libsat.a(gfs_cdc.o)
                0x0000000006036060                _gfcd_work
 .bss           0x0000000006036064        0x0 ../sbl/segalib/lib/libsat.a(gfs_cdf.o)
 .bss           0x0000000006036064        0x0 ../sbl/segalib/lib/libsat.a(gfs_dir.o)
 .bss           0x0000000006036064        0xc ../sbl/segalib/lib/libsat.a(gfs_trn.o)
 .bss           0x0000000006036070        0x4 ../sbl/segalib/lib/libsat.a(mth_rand.o)
 .bss           0x0000000006036074        0x0 ../sbl/segalib/lib/libsat.a(mth_fixd.o)
 .bss           0x0000000006036074        0x0 ../sbl/segalib/lib/libsat.a(mth_tri.o)
 .bss           0x0000000006036074       0x7f ../sbl/segalib/lib/libsat.a(per_prt.o)
                0x0000000006036074                _per_set_sys_flg
                0x0000000006036078                _per_get_sys_data
                0x0000000006036084                _per_get_time_adr
                0x0000000006036088                _per_hot_res
                0x0000000006036089                _per_time_out_flg
 *fill*         0x00000000060360f3        0x1 
 .bss           0x00000000060360f4       0x94 ../sbl/segalib/lib/libsat.a(spr_2c.o)
                0x00000000060360f4                _SpCmdTblR
                0x00000000060360f8                _SpCmdTbl
                0x00000000060360fc                _SpCrCmdChain
                0x0000000006036100                _SpDrawPrtyBlk
                0x0000000006036104                _SpCmdChain
                0x0000000006036108                _SpCmdChainBlkNo
                0x000000000603610c                _SpDrawPrtyProcFlag
                0x0000000006036110                _SpDrawPrtyTopCmdNo
                0x0000000006036114                _SpCmdNo
                0x0000000006036118                _SpDrawPrtyBlkMax
                0x000000000603611c                _SpCharMax
                0x0000000006036120                _SpCharTbl
                0x0000000006036124                _SpLCoordY
                0x0000000006036128                _SpLCoordX
                0x000000000603612c                _Sp2OpenFlag
 .bss           0x0000000006036188      0xf1c ../sbl/segalib/lib/libsat.a(scl_func.o)
                0x0000000006036188                _SclRPMD
                0x000000000603618c                _SclRotateMoveZ
                0x0000000006036194                _SclRotateDisp
                0x000000000603619c                _SclRotateZ
                0x00000000060361a4                _SclRotateXy
                0x00000000060361ac                _SclRotateTableAddress
                0x00000000060361b0                _SclRb
                0x00000000060361b1                _SclRa
                0x00000000060361b2                _SclRotXySw
                0x00000000060361b8                _SclRbgKtbOffset
                0x00000000060361c0                _SclRbgKtbAddr
                0x00000000060361c8                _SclK_TableFlag
                0x00000000060361cc                _SclK_TableNum
                0x00000000060361d4                _SclK_TableBuff
                0x0000000006036ea4                _SclRotregBuff
                0x0000000006036fa4                _Scl_w_reg
                0x0000000006036fc4                _Scl_r_reg
                0x0000000006036fd4                _Scl_n_reg
                0x0000000006037014                _Scl_d_reg
                0x000000000603705c                _Scl_s_reg
                0x0000000006037084                _SclProcess
                0x0000000006037088                _SclCurSclNum
                0x000000000603708c                _SclLengthCsTbl
                0x000000000603708e                _SclLengthLsTbl
                0x0000000006037090                _SclAddrCsTbl
                0x0000000006037098                _SclAddrLsTbl
 .bss           0x00000000060370a4        0x0 ../sbl/segalib/lib/libsat.a(scl_fu02.o)
 .bss           0x00000000060370a4        0x0 ../sbl/segalib/lib/libsat.a(scl_fu03.o)
 .bss           0x00000000060370a4        0x0 ../sbl/segalib/lib/libsat.a(scl_fu04.o)
 .bss           0x00000000060370a4      0x696 ../sbl/segalib/lib/libsat.a(scl_pri.o)
                0x00000000060370a4                _SclAutoRGB
                0x00000000060376a4                _SclAutoPlusFlag
                0x00000000060376a5                _SclAutoVeFlag
                0x00000000060376a6                _SclAutoEndRate
                0x00000000060376a7                _SclAutoCurRate
                0x00000000060376a8                _SclAutoEndBlue2
                0x00000000060376aa                _SclAutoEndGreen2
                0x00000000060376ac                _SclAutoEndRed2
                0x00000000060376ae                _SclAutoEndBlue
                0x00000000060376b0                _SclAutoEndGreen
                0x00000000060376b2                _SclAutoEndRed
                0x00000000060376b4                _SclAutoBlue
                0x00000000060376b6                _SclAutoGreen
                0x00000000060376b8                _SclAutoRed
                0x00000000060376bc                _SclAutoMax
                0x00000000060376c0                _SclAutoIndex
                0x00000000060376c4                _SclAutoCount
                0x00000000060376c8                _SclAutoInterval
                0x00000000060376cc                _SclAutoSurface
                0x00000000060376d0                _SclColRamAlloc2048
                0x00000000060376d4                _SclColRamAlloc256
                0x00000000060376f4                _SclLineColRamOffset
                0x00000000060376f8                _SclPriBuffDirty
                0x00000000060376fc                _SclColOffset
                0x000000000603770c                _SclBgColMix
                0x0000000006037714                _SclSpColMix
                0x000000000603771c                _SclBgPriNum
                0x0000000006037722                _SclSpPriNum
                0x000000000603772a                _SclOtherPri
 *fill*         0x000000000603773a        0x2 
 .bss           0x000000000603773c       0x58 ../sbl/segalib/lib/libsat.a(scl_ro00.o)
                0x000000000603773c                _SclCsy
                0x0000000006037744                _SclCsx
 .bss           0x0000000006037794        0x0 ../sbl/segalib/lib/libsat.a(scl_back.o)
 .bss           0x0000000006037794       0x16 ../sbl/segalib/lib/libsat.a(scl_vblv.o)
                0x0000000006037794                _frameChgFlag
                0x0000000006037798                _VBIntrDisableDepth
                0x000000000603779c                _ReqDisplayFlag2
                0x00000000060377a0                _ReqDisplayFlag1
                0x00000000060377a4                _VBIntervalCounter
                0x00000000060377a8                _SpFrameChgMode
 .bss           0x00000000060377aa        0x0 ../sbl/segalib/lib/libsat.a(scl_pr01.o)
 .bss           0x00000000060377aa        0x0 ../sbl/segalib/lib/libsat.a(scl_pr02.o)
 .bss           0x00000000060377aa        0x0 ../sbl/segalib/lib/libsat.a(scl_pr03.o)
 .bss           0x00000000060377aa        0x0 ../sbl/segalib/lib/libsat.a(scl_pr05.o)
 .bss           0x00000000060377aa        0x0 ../sbl/segalib/lib/libsat.a(scl_pr06.o)
 .bss           0x00000000060377aa        0x0 ../sbl/segalib/lib/libsat.a(scl_pr07.o)
 .bss           0x00000000060377aa        0x2 ../sbl/segalib/lib/libsat.a(cdc_reg.o)
                0x00000000060377aa                _hirq_flag
 .bss           0x00000000060377ac        0xc ../sbl/segalib/lib/libsat.a(cdc_sub.o)
                0x00000000060377ac                _cd_stat
 .bss           0x00000000060377b8        0x0 ../sbl/segalib/lib/libsat.a(cdc_dev.o)
 .bss           0x00000000060377b8        0x0 ../sbl/segalib/lib/libsat.a(cdc_sel.o)
 .bss           0x00000000060377b8        0x0 ../sbl/segalib/lib/libsat.a(cdc_bif.o)
 .bss           0x00000000060377b8        0x0 ../sbl/segalib/lib/libsat.a(cdc_bio.o)
 .bss           0x00000000060377b8        0x0 ../sbl/segalib/lib/libsat.a(cdc_cfs.o)
 .bss           0x00000000060377b8        0x0 ../sbl/segalib/lib/libsat.a(csh_main.o)
 .bss           0x00000000060377b8        0x0 ../sbl/segalib/lib/libsat.a(dma_cpu0.o)
 .bss           0x00000000060377b8       0x1c ../sbl/segalib/lib/libsat.a(dma_scu0.o)
 .bss           0x00000000060377d4       0x20 ../sbl/segalib/lib/libsat.a(spr_1c.o)
                0x00000000060377d4                _SpDil
                0x00000000060377d6                _SpDie
                0x00000000060377d8                _SpFbcrMode
                0x00000000060377da                _SpTvMode
                0x00000000060377dc                _SpScreenY
                0x00000000060377e0                _SpScreenX
                0x00000000060377e4                _SpInitialFlag
 .bss           0x00000000060377f4        0x0 ../sbl/segalib/lib/libsat.a(spr_2a.o)
 .bss           0x00000000060377f4        0x0 /opt/toolchains/sh-elf/bin/../lib/gcc/sh-elf/11.1.0/libgcc.a(_ashiftrt.o)
 .bss           0x00000000060377f4        0x0 /opt/toolchains/sh-elf/bin/../lib/gcc/sh-elf/11.1.0/libgcc.a(_ashiftlt.o)
 .bss           0x00000000060377f4        0x0 /opt/toolchains/sh-elf/bin/../lib/gcc/sh-elf/11.1.0/libgcc.a(_movmem.o)
 .bss           0x00000000060377f4        0x0 /opt/toolchains/sh-elf/bin/../lib/gcc/sh-elf/11.1.0/libgcc.a(_sdivsi3.o)
 .bss           0x00000000060377f4        0x0 /opt/toolchains/sh-elf/bin/../lib/gcc/sh-elf/11.1.0/libgcc.a(_udivsi3.o)
 .bss           0x00000000060377f4        0x0 /opt/toolchains/sh-elf/bin/../lib/gcc/sh-elf/11.1.0/libgcc.a(_mul_df.o)
 .bss           0x00000000060377f4        0x0 /opt/toolchains/sh-elf/bin/../lib/gcc/sh-elf/11.1.0/libgcc.a(_si_to_df.o)
 .bss           0x00000000060377f4        0x0 /opt/toolchains/sh-elf/bin/../lib/gcc/sh-elf/11.1.0/libgcc.a(_df_to_si.o)
 .bss           0x00000000060377f4        0x0 /opt/toolchains/sh-elf/bin/../lib/gcc/sh-elf/11.1.0/libgcc.a(_thenan_df.o)
 .bss           0x00000000060377f4        0x0 /opt/toolchains/sh-elf/bin/../lib/gcc/sh-elf/11.1.0/libgcc.a(_lshiftrt.o)
 .bss           0x00000000060377f4        0x0 /opt/toolchains/sh-elf/bin/../lib/gcc/sh-elf/11.1.0/libgcc.a(_clzsi2.o)
 .bss           0x00000000060377f4        0x0 /opt/toolchains/sh-elf/bin/../lib/gcc/sh-elf/11.1.0/libgcc.a(_pack_df.o)
 .bss           0x00000000060377f4        0x0 /opt/toolchains/sh-elf/bin/../lib/gcc/sh-elf/11.1.0/libgcc.a(_unpack_df.o)
 .bss           0x00000000060377f4        0x0 /opt/toolchains/sh-elf/bin/../lib/gcc/sh-elf/11.1.0/libgcc.a(_clz.o)
 .bss           0x00000000060377f4        0x0 /opt/toolchains/sh-elf/bin/../lib/gcc/sh-elf/11.1.0/../../../../sh-elf/lib/libc.a(lib_a-memcmp.o)
 .bss           0x00000000060377f4        0x0 /opt/toolchains/sh-elf/bin/../lib/gcc/sh-elf/11.1.0/../../../../sh-elf/lib/libc.a(lib_a-memcpy.o)
 .bss           0x00000000060377f4        0x0 /opt/toolchains/sh-elf/bin/../lib/gcc/sh-elf/11.1.0/../../../../sh-elf/lib/libc.a(lib_a-memmove.o)
 .bss           0x00000000060377f4        0x0 /opt/toolchains/sh-elf/bin/../lib/gcc/sh-elf/11.1.0/../../../../sh-elf/lib/libc.a(lib_a-memset.o)
 .bss           0x00000000060377f4        0x0 /opt/toolchains/sh-elf/bin/../lib/gcc/sh-elf/11.1.0/../../../../sh-elf/lib/libc.a(lib_a-strcpy.o)
 .bss           0x00000000060377f4        0x0 /opt/toolchains/sh-elf/bin/../lib/gcc/sh-elf/11.1.0/../../../../sh-elf/lib/libc.a(lib_a-strncmp.o)
 .bss           0x00000000060377f4        0x0 /opt/toolchains/sh-elf/bin/../lib/gcc/sh-elf/11.1.0/../../../../sh-elf/lib/libc.a(lib_a-strncpy.o)
 *(COMMON)
                0x00000000060377f4                _bss_end = .
                0x0000000006037800                . = ALIGN (0x10)
 *fill*         0x00000000060377f4        0xc 
                0x0000000006037800                _end = ABSOLUTE (.)

.stack          0x0000000006037800     0x2000
 *(.stack)
 .stack         0x0000000006037800     0x2000 stack.o
                0x0000000006037800                _PROG_STK
                0x0000000006039800                _stack = .

.lwram          0x0000000000200000        0x0
                0x0000000000200000                . = ALIGN (0x10)
 *(.lwram)
                0x0000000000200000                . = ALIGN (0x10)

.vdp2_vram      0x0000000005e00000        0x0
                0x0000000005e00000                . = ALIGN (0x10)
 *(.vdp2_vram)
                0x0000000005e00000                . = ALIGN (0x10)
OUTPUT(main.elf elf32-sh)

.debug_info     0x0000000000000000     0x5498
 .debug_info    0x0000000000000000      0x2f8 vblank.o
 .debug_info    0x00000000000002f8      0x8bc cd.o
 .debug_info    0x0000000000000bb4      0x127 crc.o
 .debug_info    0x0000000000000cdb      0x3e9 devcart.o
 .debug_info    0x00000000000010c4      0xa25 game.o
 .debug_info    0x0000000000001ae9       0x69 piece.o
 .debug_info    0x0000000000001b52      0x38e print.o
 .debug_info    0x0000000000001ee0      0x230 rng.o
 .debug_info    0x0000000000002110      0xa4c scroll.o
 .debug_info    0x0000000000002b5c      0x270 sound.o
 .debug_info    0x0000000000002dcc      0xd37 sprite.o
 .debug_info    0x0000000000003b03      0x367 main.o
 .debug_info    0x0000000000003e6a      0x4d2 /opt/toolchains/sh-elf/bin/../lib/gcc/sh-elf/11.1.0/libgcc.a(_mul_df.o)
 .debug_info    0x000000000000433c      0x259 /opt/toolchains/sh-elf/bin/../lib/gcc/sh-elf/11.1.0/libgcc.a(_si_to_df.o)
 .debug_info    0x0000000000004595      0x2a5 /opt/toolchains/sh-elf/bin/../lib/gcc/sh-elf/11.1.0/libgcc.a(_df_to_si.o)
 .debug_info    0x000000000000483a      0x15b /opt/toolchains/sh-elf/bin/../lib/gcc/sh-elf/11.1.0/libgcc.a(_thenan_df.o)
 .debug_info    0x0000000000004995      0x130 /opt/toolchains/sh-elf/bin/../lib/gcc/sh-elf/11.1.0/libgcc.a(_clzsi2.o)
 .debug_info    0x0000000000004ac5      0x298 /opt/toolchains/sh-elf/bin/../lib/gcc/sh-elf/11.1.0/libgcc.a(_pack_df.o)
 .debug_info    0x0000000000004d5d      0x20c /opt/toolchains/sh-elf/bin/../lib/gcc/sh-elf/11.1.0/libgcc.a(_unpack_df.o)
 .debug_info    0x0000000000004f69       0xca /opt/toolchains/sh-elf/bin/../lib/gcc/sh-elf/11.1.0/libgcc.a(_clz.o)
 .debug_info    0x0000000000005033      0x10f /opt/toolchains/sh-elf/bin/../lib/gcc/sh-elf/11.1.0/../../../../sh-elf/lib/libc.a(lib_a-memcmp.o)
 .debug_info    0x0000000000005142      0x130 /opt/toolchains/sh-elf/bin/../lib/gcc/sh-elf/11.1.0/../../../../sh-elf/lib/libc.a(lib_a-memmove.o)
 .debug_info    0x0000000000005272       0xf4 /opt/toolchains/sh-elf/bin/../lib/gcc/sh-elf/11.1.0/../../../../sh-elf/lib/libc.a(lib_a-strncmp.o)
 .debug_info    0x0000000000005366      0x132 /opt/toolchains/sh-elf/bin/../lib/gcc/sh-elf/11.1.0/../../../../sh-elf/lib/libc.a(lib_a-strncpy.o)

.debug_abbrev   0x0000000000000000     0x223e
 .debug_abbrev  0x0000000000000000      0x182 vblank.o
 .debug_abbrev  0x0000000000000182      0x234 cd.o
 .debug_abbrev  0x00000000000003b6       0xae crc.o
 .debug_abbrev  0x0000000000000464      0x19d devcart.o
 .debug_abbrev  0x0000000000000601      0x2e0 game.o
 .debug_abbrev  0x00000000000008e1       0x5a piece.o
 .debug_abbrev  0x000000000000093b      0x181 print.o
 .debug_abbrev  0x0000000000000abc      0x163 rng.o
 .debug_abbrev  0x0000000000000c1f      0x281 scroll.o
 .debug_abbrev  0x0000000000000ea0      0x198 sound.o
 .debug_abbrev  0x0000000000001038      0x307 sprite.o
 .debug_abbrev  0x000000000000133f      0x1a5 main.o
 .debug_abbrev  0x00000000000014e4      0x278 /opt/toolchains/sh-elf/bin/../lib/gcc/sh-elf/11.1.0/libgcc.a(_mul_df.o)
 .debug_abbrev  0x000000000000175c      0x1b2 /opt/toolchains/sh-elf/bin/../lib/gcc/sh-elf/11.1.0/libgcc.a(_si_to_df.o)
 .debug_abbrev  0x000000000000190e      0x1b2 /opt/toolchains/sh-elf/bin/../lib/gcc/sh-elf/11.1.0/libgcc.a(_df_to_si.o)
 .debug_abbrev  0x0000000000001ac0       0xcf /opt/toolchains/sh-elf/bin/../lib/gcc/sh-elf/11.1.0/libgcc.a(_thenan_df.o)
 .debug_abbrev  0x0000000000001b8f       0xca /opt/toolchains/sh-elf/bin/../lib/gcc/sh-elf/11.1.0/libgcc.a(_clzsi2.o)
 .debug_abbrev  0x0000000000001c59      0x1ae /opt/toolchains/sh-elf/bin/../lib/gcc/sh-elf/11.1.0/libgcc.a(_pack_df.o)
 .debug_abbrev  0x0000000000001e07      0x142 /opt/toolchains/sh-elf/bin/../lib/gcc/sh-elf/11.1.0/libgcc.a(_unpack_df.o)
 .debug_abbrev  0x0000000000001f49       0x70 /opt/toolchains/sh-elf/bin/../lib/gcc/sh-elf/11.1.0/libgcc.a(_clz.o)
 .debug_abbrev  0x0000000000001fb9       0x8a /opt/toolchains/sh-elf/bin/../lib/gcc/sh-elf/11.1.0/../../../../sh-elf/lib/libc.a(lib_a-memcmp.o)
 .debug_abbrev  0x0000000000002043       0xba /opt/toolchains/sh-elf/bin/../lib/gcc/sh-elf/11.1.0/../../../../sh-elf/lib/libc.a(lib_a-memmove.o)
 .debug_abbrev  0x00000000000020fd       0x8c /opt/toolchains/sh-elf/bin/../lib/gcc/sh-elf/11.1.0/../../../../sh-elf/lib/libc.a(lib_a-strncmp.o)
 .debug_abbrev  0x0000000000002189       0xb5 /opt/toolchains/sh-elf/bin/../lib/gcc/sh-elf/11.1.0/../../../../sh-elf/lib/libc.a(lib_a-strncpy.o)

.debug_aranges  0x0000000000000000      0x2e8
 .debug_aranges
                0x0000000000000000       0x20 vblank.o
 .debug_aranges
                0x0000000000000020       0x20 cd.o
 .debug_aranges
                0x0000000000000040       0x20 crc.o
 .debug_aranges
                0x0000000000000060       0x20 devcart.o
 .debug_aranges
                0x0000000000000080       0x20 game.o
 .debug_aranges
                0x00000000000000a0       0x18 piece.o
 .debug_aranges
                0x00000000000000b8       0x20 print.o
 .debug_aranges
                0x00000000000000d8       0x20 rng.o
 .debug_aranges
                0x00000000000000f8       0x20 scroll.o
 .debug_aranges
                0x0000000000000118       0x20 sound.o
 .debug_aranges
                0x0000000000000138       0x20 sprite.o
 .debug_aranges
                0x0000000000000158       0x20 main.o
 .debug_aranges
                0x0000000000000178       0x20 /opt/toolchains/sh-elf/bin/../lib/gcc/sh-elf/11.1.0/libgcc.a(_mul_df.o)
 .debug_aranges
                0x0000000000000198       0x20 /opt/toolchains/sh-elf/bin/../lib/gcc/sh-elf/11.1.0/libgcc.a(_si_to_df.o)
 .debug_aranges
                0x00000000000001b8       0x20 /opt/toolchains/sh-elf/bin/../lib/gcc/sh-elf/11.1.0/libgcc.a(_df_to_si.o)
 .debug_aranges
                0x00000000000001d8       0x18 /opt/toolchains/sh-elf/bin/../lib/gcc/sh-elf/11.1.0/libgcc.a(_thenan_df.o)
 .debug_aranges
                0x00000000000001f0       0x20 /opt/toolchains/sh-elf/bin/../lib/gcc/sh-elf/11.1.0/libgcc.a(_clzsi2.o)
 .debug_aranges
                0x0000000000000210       0x20 /opt/toolchains/sh-elf/bin/../lib/gcc/sh-elf/11.1.0/libgcc.a(_pack_df.o)
 .debug_aranges
                0x0000000000000230       0x20 /opt/toolchains/sh-elf/bin/../lib/gcc/sh-elf/11.1.0/libgcc.a(_unpack_df.o)
 .debug_aranges
                0x0000000000000250       0x18 /opt/toolchains/sh-elf/bin/../lib/gcc/sh-elf/11.1.0/libgcc.a(_clz.o)
 .debug_aranges
                0x0000000000000268       0x20 /opt/toolchains/sh-elf/bin/../lib/gcc/sh-elf/11.1.0/../../../../sh-elf/lib/libc.a(lib_a-memcmp.o)
 .debug_aranges
                0x0000000000000288       0x20 /opt/toolchains/sh-elf/bin/../lib/gcc/sh-elf/11.1.0/../../../../sh-elf/lib/libc.a(lib_a-memmove.o)
 .debug_aranges
                0x00000000000002a8       0x20 /opt/toolchains/sh-elf/bin/../lib/gcc/sh-elf/11.1.0/../../../../sh-elf/lib/libc.a(lib_a-strncmp.o)
 .debug_aranges
                0x00000000000002c8       0x20 /opt/toolchains/sh-elf/bin/../lib/gcc/sh-elf/11.1.0/../../../../sh-elf/lib/libc.a(lib_a-strncpy.o)

.debug_line     0x0000000000000000     0x2b33
 .debug_line    0x0000000000000000       0xe4 vblank.o
 .debug_line    0x00000000000000e4       0xd9 cd.o
 .debug_line    0x00000000000001bd       0xa3 crc.o
 .debug_line    0x0000000000000260      0x215 devcart.o
 .debug_line    0x0000000000000475      0x631 game.o
 .debug_line    0x0000000000000aa6       0x33 piece.o
 .debug_line    0x0000000000000ad9      0x177 print.o
 .debug_line    0x0000000000000c50      0x152 rng.o
 .debug_line    0x0000000000000da2      0x3bb scroll.o
 .debug_line    0x000000000000115d      0x182 sound.o
 .debug_line    0x00000000000012df      0x579 sprite.o
 .debug_line    0x0000000000001858      0x10a main.o
 .debug_line    0x0000000000001962      0x2d6 /opt/toolchains/sh-elf/bin/../lib/gcc/sh-elf/11.1.0/libgcc.a(_mul_df.o)
 .debug_line    0x0000000000001c38      0x13d /opt/toolchains/sh-elf/bin/../lib/gcc/sh-elf/11.1.0/libgcc.a(_si_to_df.o)
 .debug_line    0x0000000000001d75       0xf6 /opt/toolchains/sh-elf/bin/../lib/gcc/sh-elf/11.1.0/libgcc.a(_df_to_si.o)
 .debug_line    0x0000000000001e6b       0x50 /opt/toolchains/sh-elf/bin/../lib/gcc/sh-elf/11.1.0/libgcc.a(_thenan_df.o)
 .debug_line    0x0000000000001ebb       0xad /opt/toolchains/sh-elf/bin/../lib/gcc/sh-elf/11.1.0/libgcc.a(_clzsi2.o)
 .debug_line    0x0000000000001f68      0x30c /opt/toolchains/sh-elf/bin/../lib/gcc/sh-elf/11.1.0/libgcc.a(_pack_df.o)
 .debug_line    0x0000000000002274      0x146 /opt/toolchains/sh-elf/bin/../lib/gcc/sh-elf/11.1.0/libgcc.a(_unpack_df.o)
 .debug_line    0x00000000000023ba       0x52 /opt/toolchains/sh-elf/bin/../lib/gcc/sh-elf/11.1.0/libgcc.a(_clz.o)
 .debug_line    0x000000000000240c      0x167 /opt/toolchains/sh-elf/bin/../lib/gcc/sh-elf/11.1.0/../../../../sh-elf/lib/libc.a(lib_a-memcmp.o)
 .debug_line    0x0000000000002573      0x1ec /opt/toolchains/sh-elf/bin/../lib/gcc/sh-elf/11.1.0/../../../../sh-elf/lib/libc.a(lib_a-memmove.o)
 .debug_line    0x000000000000275f      0x200 /opt/toolchains/sh-elf/bin/../lib/gcc/sh-elf/11.1.0/../../../../sh-elf/lib/libc.a(lib_a-strncmp.o)
 .debug_line    0x000000000000295f      0x1d4 /opt/toolchains/sh-elf/bin/../lib/gcc/sh-elf/11.1.0/../../../../sh-elf/lib/libc.a(lib_a-strncpy.o)

.debug_str      0x0000000000000000     0x16ac
 .debug_str     0x0000000000000000      0x1a6 vblank.o
                                        0x1e7 (size before relaxing)
 .debug_str     0x00000000000001a6      0x278 cd.o
                                        0x36a (size before relaxing)
 .debug_str     0x000000000000041e       0x72 crc.o
                                        0x121 (size before relaxing)
 .debug_str     0x0000000000000490      0x118 devcart.o
                                        0x246 (size before relaxing)
 .debug_str     0x00000000000005a8      0x2d4 game.o
                                        0x3d9 (size before relaxing)
 .debug_str     0x000000000000087c        0x8 piece.o
                                         0x62 (size before relaxing)
 .debug_str     0x0000000000000884       0x56 print.o
                                        0x1dc (size before relaxing)
 .debug_str     0x00000000000008da       0x7c rng.o
                                        0x184 (size before relaxing)
 .debug_str     0x0000000000000956      0x3a9 scroll.o
                                        0x4f4 (size before relaxing)
 .debug_str     0x0000000000000cff       0xf0 sound.o
                                        0x1ec (size before relaxing)
 .debug_str     0x0000000000000def      0x350 sprite.o
                                        0x56d (size before relaxing)
 .debug_str     0x000000000000113f      0x124 main.o
                                        0x2ed (size before relaxing)
 .debug_str     0x0000000000001263      0x212 /opt/toolchains/sh-elf/bin/../lib/gcc/sh-elf/11.1.0/libgcc.a(_mul_df.o)
                                        0x28a (size before relaxing)
 .debug_str     0x0000000000001475       0x27 /opt/toolchains/sh-elf/bin/../lib/gcc/sh-elf/11.1.0/libgcc.a(_si_to_df.o)
                                        0x216 (size before relaxing)
 .debug_str     0x000000000000149c        0xa /opt/toolchains/sh-elf/bin/../lib/gcc/sh-elf/11.1.0/libgcc.a(_df_to_si.o)
                                        0x233 (size before relaxing)
 .debug_str     0x00000000000014a6      0x1d5 /opt/toolchains/sh-elf/bin/../lib/gcc/sh-elf/11.1.0/libgcc.a(_thenan_df.o)
 .debug_str     0x00000000000014a6       0x59 /opt/toolchains/sh-elf/bin/../lib/gcc/sh-elf/11.1.0/libgcc.a(_clzsi2.o)
                                        0x198 (size before relaxing)
 .debug_str     0x00000000000014ff        0x7 /opt/toolchains/sh-elf/bin/../lib/gcc/sh-elf/11.1.0/libgcc.a(_pack_df.o)
                                        0x227 (size before relaxing)
 .debug_str     0x0000000000001506      0x209 /opt/toolchains/sh-elf/bin/../lib/gcc/sh-elf/11.1.0/libgcc.a(_unpack_df.o)
 .debug_str     0x0000000000001506      0x17b /opt/toolchains/sh-elf/bin/../lib/gcc/sh-elf/11.1.0/libgcc.a(_clz.o)
 .debug_str     0x0000000000001506       0xa8 /opt/toolchains/sh-elf/bin/../lib/gcc/sh-elf/11.1.0/../../../../sh-elf/lib/libc.a(lib_a-memcmp.o)
                                        0x144 (size before relaxing)
 .debug_str     0x00000000000015ae       0x72 /opt/toolchains/sh-elf/bin/../lib/gcc/sh-elf/11.1.0/../../../../sh-elf/lib/libc.a(lib_a-memmove.o)
                                        0x177 (size before relaxing)
 .debug_str     0x0000000000001620       0x41 /opt/toolchains/sh-elf/bin/../lib/gcc/sh-elf/11.1.0/../../../../sh-elf/lib/libc.a(lib_a-strncmp.o)
                                        0x146 (size before relaxing)
 .debug_str     0x0000000000001661       0x4b /opt/toolchains/sh-elf/bin/../lib/gcc/sh-elf/11.1.0/../../../../sh-elf/lib/libc.a(lib_a-strncpy.o)
                                        0x16e (size before relaxing)

.comment        0x0000000000000000       0x12
 .comment       0x0000000000000000       0x12 vblank.o
                                         0x13 (size before relaxing)
 .comment       0x0000000000000012       0x13 cd.o
 .comment       0x0000000000000012       0x13 crc.o
 .comment       0x0000000000000012       0x13 devcart.o
 .comment       0x0000000000000012       0x13 game.o
 .comment       0x0000000000000012       0x13 piece.o
 .comment       0x0000000000000012       0x13 print.o
 .comment       0x0000000000000012       0x13 rng.o
 .comment       0x0000000000000012       0x13 scroll.o
 .comment       0x0000000000000012       0x13 sound.o
 .comment       0x0000000000000012       0x13 sprite.o
 .comment       0x0000000000000012       0x13 main.o
 .comment       0x0000000000000012       0x13 ../sbl/segalib/lib/libsat.a(cdc_cmn.o)
 .comment       0x0000000000000012       0x13 ../sbl/segalib/lib/libsat.a(cdc_drv.o)
 .comment       0x0000000000000012       0x13 ../sbl/segalib/lib/libsat.a(gfs.o)
 .comment       0x0000000000000012       0x13 ../sbl/segalib/lib/libsat.a(gfs_buf.o)
 .comment       0x0000000000000012       0x13 ../sbl/segalib/lib/libsat.a(gfs_cdb.o)
 .comment       0x0000000000000012       0x13 ../sbl/segalib/lib/libsat.a(gfs_cdc.o)
 .comment       0x0000000000000012       0x13 ../sbl/segalib/lib/libsat.a(gfs_cdf.o)
 .comment       0x0000000000000012       0x13 ../sbl/segalib/lib/libsat.a(gfs_dir.o)
 .comment       0x0000000000000012       0x13 ../sbl/segalib/lib/libsat.a(gfs_trn.o)
 .comment       0x0000000000000012       0x13 ../sbl/segalib/lib/libsat.a(mth_rand.o)
 .comment       0x0000000000000012       0x13 ../sbl/segalib/lib/libsat.a(per_prt.o)
 .comment       0x0000000000000012       0x13 ../sbl/segalib/lib/libsat.a(spr_2c.o)
 .comment       0x0000000000000012       0x13 ../sbl/segalib/lib/libsat.a(scl_func.o)
 .comment       0x0000000000000012       0x13 ../sbl/segalib/lib/libsat.a(scl_fu02.o)
 .comment       0x0000000000000012       0x13 ../sbl/segalib/lib/libsat.a(scl_fu03.o)
 .comment       0x0000000000000012       0x13 ../sbl/segalib/lib/libsat.a(scl_fu04.o)
 .comment       0x0000000000000012       0x13 ../sbl/segalib/lib/libsat.a(scl_pri.o)
 .comment       0x0000000000000012       0x13 ../sbl/segalib/lib/libsat.a(scl_ro00.o)
 .comment       0x0000000000000012       0x13 ../sbl/segalib/lib/libsat.a(scl_back.o)
 .comment       0x0000000000000012       0x13 ../sbl/segalib/lib/libsat.a(scl_vblv.o)
 .comment       0x0000000000000012       0x13 ../sbl/segalib/lib/libsat.a(scl_pr01.o)
 .comment       0x0000000000000012       0x13 ../sbl/segalib/lib/libsat.a(scl_pr02.o)
 .comment       0x0000000000000012       0x13 ../sbl/segalib/lib/libsat.a(scl_pr03.o)
 .comment       0x0000000000000012       0x13 ../sbl/segalib/lib/libsat.a(scl_pr05.o)
 .comment       0x0000000000000012       0x13 ../sbl/segalib/lib/libsat.a(scl_pr06.o)
 .comment       0x0000000000000012       0x13 ../sbl/segalib/lib/libsat.a(scl_pr07.o)
 .comment       0x0000000000000012       0x13 ../sbl/segalib/lib/libsat.a(cdc_reg.o)
 .comment       0x0000000000000012       0x13 ../sbl/segalib/lib/libsat.a(cdc_sub.o)
 .comment       0x0000000000000012       0x13 ../sbl/segalib/lib/libsat.a(cdc_dev.o)
 .comment       0x0000000000000012       0x13 ../sbl/segalib/lib/libsat.a(cdc_sel.o)
 .comment       0x0000000000000012       0x13 ../sbl/segalib/lib/libsat.a(cdc_bif.o)
 .comment       0x0000000000000012       0x13 ../sbl/segalib/lib/libsat.a(cdc_bio.o)
 .comment       0x0000000000000012       0x13 ../sbl/segalib/lib/libsat.a(cdc_cfs.o)
 .comment       0x0000000000000012       0x13 ../sbl/segalib/lib/libsat.a(csh_main.o)
 .comment       0x0000000000000012       0x13 ../sbl/segalib/lib/libsat.a(dma_cpu0.o)
 .comment       0x0000000000000012       0x13 ../sbl/segalib/lib/libsat.a(dma_scu0.o)
 .comment       0x0000000000000012       0x13 ../sbl/segalib/lib/libsat.a(spr_1c.o)
 .comment       0x0000000000000012       0x13 /opt/toolchains/sh-elf/bin/../lib/gcc/sh-elf/11.1.0/libgcc.a(_mul_df.o)
 .comment       0x0000000000000012       0x13 /opt/toolchains/sh-elf/bin/../lib/gcc/sh-elf/11.1.0/libgcc.a(_si_to_df.o)
 .comment       0x0000000000000012       0x13 /opt/toolchains/sh-elf/bin/../lib/gcc/sh-elf/11.1.0/libgcc.a(_df_to_si.o)
 .comment       0x0000000000000012       0x13 /opt/toolchains/sh-elf/bin/../lib/gcc/sh-elf/11.1.0/libgcc.a(_thenan_df.o)
 .comment       0x0000000000000012       0x13 /opt/toolchains/sh-elf/bin/../lib/gcc/sh-elf/11.1.0/libgcc.a(_clzsi2.o)
 .comment       0x0000000000000012       0x13 /opt/toolchains/sh-elf/bin/../lib/gcc/sh-elf/11.1.0/libgcc.a(_pack_df.o)
 .comment       0x0000000000000012       0x13 /opt/toolchains/sh-elf/bin/../lib/gcc/sh-elf/11.1.0/libgcc.a(_unpack_df.o)
 .comment       0x0000000000000012       0x13 /opt/toolchains/sh-elf/bin/../lib/gcc/sh-elf/11.1.0/libgcc.a(_clz.o)
 .comment       0x0000000000000012       0x13 /opt/toolchains/sh-elf/bin/../lib/gcc/sh-elf/11.1.0/../../../../sh-elf/lib/libc.a(lib_a-memcmp.o)
 .comment       0x0000000000000012       0x13 /opt/toolchains/sh-elf/bin/../lib/gcc/sh-elf/11.1.0/../../../../sh-elf/lib/libc.a(lib_a-memmove.o)
 .comment       0x0000000000000012       0x13 /opt/toolchains/sh-elf/bin/../lib/gcc/sh-elf/11.1.0/../../../../sh-elf/lib/libc.a(lib_a-strncmp.o)
 .comment       0x0000000000000012       0x13 /opt/toolchains/sh-elf/bin/../lib/gcc/sh-elf/11.1.0/../../../../sh-elf/lib/libc.a(lib_a-strncpy.o)

.debug_frame    0x0000000000000000     0x1028
 .debug_frame   0x0000000000000000       0xb8 vblank.o
 .debug_frame   0x00000000000000b8       0xa8 cd.o
 .debug_frame   0x0000000000000160       0x38 crc.o
 .debug_frame   0x0000000000000198      0x198 devcart.o
 .debug_frame   0x0000000000000330      0x30c game.o
 .debug_frame   0x000000000000063c       0xf4 print.o
 .debug_frame   0x0000000000000730       0xc0 rng.o
 .debug_frame   0x00000000000007f0      0x240 scroll.o
 .debug_frame   0x0000000000000a30       0xb0 sound.o
 .debug_frame   0x0000000000000ae0      0x284 sprite.o
 .debug_frame   0x0000000000000d64       0x30 main.o
 .debug_frame   0x0000000000000d94       0x98 /opt/toolchains/sh-elf/bin/../lib/gcc/sh-elf/11.1.0/libgcc.a(_mul_df.o)
 .debug_frame   0x0000000000000e2c       0x3c /opt/toolchains/sh-elf/bin/../lib/gcc/sh-elf/11.1.0/libgcc.a(_si_to_df.o)
 .debug_frame   0x0000000000000e68       0x48 /opt/toolchains/sh-elf/bin/../lib/gcc/sh-elf/11.1.0/libgcc.a(_df_to_si.o)
 .debug_frame   0x0000000000000eb0       0x38 /opt/toolchains/sh-elf/bin/../lib/gcc/sh-elf/11.1.0/libgcc.a(_clzsi2.o)
 .debug_frame   0x0000000000000ee8       0x6c /opt/toolchains/sh-elf/bin/../lib/gcc/sh-elf/11.1.0/libgcc.a(_pack_df.o)
 .debug_frame   0x0000000000000f54       0x20 /opt/toolchains/sh-elf/bin/../lib/gcc/sh-elf/11.1.0/libgcc.a(_unpack_df.o)
 .debug_frame   0x0000000000000f74       0x20 /opt/toolchains/sh-elf/bin/../lib/gcc/sh-elf/11.1.0/../../../../sh-elf/lib/libc.a(lib_a-memcmp.o)
 .debug_frame   0x0000000000000f94       0x20 /opt/toolchains/sh-elf/bin/../lib/gcc/sh-elf/11.1.0/../../../../sh-elf/lib/libc.a(lib_a-memmove.o)
 .debug_frame   0x0000000000000fb4       0x30 /opt/toolchains/sh-elf/bin/../lib/gcc/sh-elf/11.1.0/../../../../sh-elf/lib/libc.a(lib_a-strncmp.o)
 .debug_frame   0x0000000000000fe4       0x44 /opt/toolchains/sh-elf/bin/../lib/gcc/sh-elf/11.1.0/../../../../sh-elf/lib/libc.a(lib_a-strncpy.o)

.debug_loclists
                0x0000000000000000      0xa2a
 .debug_loclists
                0x0000000000000000      0x30c /opt/toolchains/sh-elf/bin/../lib/gcc/sh-elf/11.1.0/libgcc.a(_mul_df.o)
 .debug_loclists
                0x000000000000030c       0x6c /opt/toolchains/sh-elf/bin/../lib/gcc/sh-elf/11.1.0/libgcc.a(_si_to_df.o)
 .debug_loclists
                0x0000000000000378       0x35 /opt/toolchains/sh-elf/bin/../lib/gcc/sh-elf/11.1.0/libgcc.a(_df_to_si.o)
 .debug_loclists
                0x00000000000003ad       0x22 /opt/toolchains/sh-elf/bin/../lib/gcc/sh-elf/11.1.0/libgcc.a(_clzsi2.o)
 .debug_loclists
                0x00000000000003cf      0x230 /opt/toolchains/sh-elf/bin/../lib/gcc/sh-elf/11.1.0/libgcc.a(_pack_df.o)
 .debug_loclists
                0x00000000000005ff       0x71 /opt/toolchains/sh-elf/bin/../lib/gcc/sh-elf/11.1.0/libgcc.a(_unpack_df.o)
 .debug_loclists
                0x0000000000000670       0xae /opt/toolchains/sh-elf/bin/../lib/gcc/sh-elf/11.1.0/../../../../sh-elf/lib/libc.a(lib_a-memcmp.o)
 .debug_loclists
                0x000000000000071e      0x13c /opt/toolchains/sh-elf/bin/../lib/gcc/sh-elf/11.1.0/../../../../sh-elf/lib/libc.a(lib_a-memmove.o)
 .debug_loclists
                0x000000000000085a       0xd5 /opt/toolchains/sh-elf/bin/../lib/gcc/sh-elf/11.1.0/../../../../sh-elf/lib/libc.a(lib_a-strncmp.o)
 .debug_loclists
                0x000000000000092f       0xfb /opt/toolchains/sh-elf/bin/../lib/gcc/sh-elf/11.1.0/../../../../sh-elf/lib/libc.a(lib_a-strncpy.o)

.debug_rnglists
                0x0000000000000000       0xf1
 .debug_rnglists
                0x0000000000000000       0x2e /opt/toolchains/sh-elf/bin/../lib/gcc/sh-elf/11.1.0/libgcc.a(_mul_df.o)
 .debug_rnglists
                0x000000000000002e       0x26 /opt/toolchains/sh-elf/bin/../lib/gcc/sh-elf/11.1.0/libgcc.a(_si_to_df.o)
 .debug_rnglists
                0x0000000000000054       0x1f /opt/toolchains/sh-elf/bin/../lib/gcc/sh-elf/11.1.0/libgcc.a(_clzsi2.o)
 .debug_rnglists
                0x0000000000000073       0x7e /opt/toolchains/sh-elf/bin/../lib/gcc/sh-elf/11.1.0/libgcc.a(_pack_df.o)
