Archive member included to satisfy reference by file (symbol)

../sbl/segalib/lib/libsat.a(cdc_cmn.o)
                              main.o (_CDC_GetPeriStat)
../sbl/segalib/lib/libsat.a(cdc_drv.o)
                              sound.o (_CDC_CdPlay)
../sbl/segalib/lib/libsat.a(dma_scu1.o)
                              main.o (_DMA_ScuInit)
../sbl/segalib/lib/libsat.a(gfs.o)
                              cd.o (_GFS_SetDir)
../sbl/segalib/lib/libsat.a(gfs_buf.o)
                              ../sbl/segalib/lib/libsat.a(gfs.o) (_GFBF_GetNumData)
../sbl/segalib/lib/libsat.a(gfs_cdb.o)
                              ../sbl/segalib/lib/libsat.a(gfs.o) (_GFCB_Close)
../sbl/segalib/lib/libsat.a(gfs_cdc.o)
                              ../sbl/segalib/lib/libsat.a(gfs_cdb.o) (_GFCD_AllocFilt)
../sbl/segalib/lib/libsat.a(gfs_cdf.o)
                              ../sbl/segalib/lib/libsat.a(gfs.o) (_GFCF_Init)
../sbl/segalib/lib/libsat.a(gfs_dir.o)
                              ../sbl/segalib/lib/libsat.a(gfs.o) (_GFDR_NameToId)
../sbl/segalib/lib/libsat.a(gfs_trn.o)
                              ../sbl/segalib/lib/libsat.a(gfs.o) (_GFTR_Setup)
../sbl/segalib/lib/libsat.a(mth_rand.o)
                              rng.o (_MTH_InitialRand)
../sbl/segalib/lib/libsat.a(mth_fixd.o)
                              sprite.o (_MTH_Mul)
../sbl/segalib/lib/libsat.a(mth_tri.o)
                              sprite.o (_MTH_Sin)
../sbl/segalib/lib/libsat.a(per_prt.o)
                              vblank.o (_PER_Init)
../sbl/segalib/lib/libsat.a(spr_2c.o)
                              sprite.o (_SPR_2SetTvMode)
../sbl/segalib/lib/libsat.a(scl_func.o)
                              scroll.o (_Scl_n_reg)
../sbl/segalib/lib/libsat.a(scl_fu02.o)
                              scroll.o (_SCL_InitVramConfigTb)
../sbl/segalib/lib/libsat.a(scl_fu03.o)
                              scroll.o (_SCL_InitConfigTb)
../sbl/segalib/lib/libsat.a(scl_fu04.o)
                              scroll.o (_SCL_SetCycleTable)
../sbl/segalib/lib/libsat.a(scl_pri.o)
                              ../sbl/segalib/lib/libsat.a(scl_func.o) (_SCL_PriorityInit)
../sbl/segalib/lib/libsat.a(scl_ro00.o)
                              scroll.o (_SCL_InitRotateTable)
../sbl/segalib/lib/libsat.a(scl_ro03.o)
                              bg.o (_SCL_RotateTo)
../sbl/segalib/lib/libsat.a(scl_back.o)
                              scroll.o (_SCL_SetBack)
../sbl/segalib/lib/libsat.a(scl_vblv.o)
                              ../sbl/segalib/lib/libsat.a(spr_2c.o) (_SCL_SetFrameInterval)
../sbl/segalib/lib/libsat.a(scl_pr01.o)
                              sprite.o (_SCL_SetSpriteMode)
../sbl/segalib/lib/libsat.a(scl_pr02.o)
                              scroll.o (_SCL_SetColRam)
../sbl/segalib/lib/libsat.a(scl_pr03.o)
                              scroll.o (_SCL_AllocColRam)
../sbl/segalib/lib/libsat.a(scl_pr05.o)
                              ../sbl/segalib/lib/libsat.a(scl_pr02.o) (_SCL_GetColRamOffset)
../sbl/segalib/lib/libsat.a(scl_pr06.o)
                              ../sbl/segalib/lib/libsat.a(scl_pr03.o) (_SCL_SetColRamOffset)
../sbl/segalib/lib/libsat.a(scl_pr07.o)
                              scroll.o (_SCL_SetPriority)
../sbl/segalib/lib/libsat.a(scl_pr11.o)
                              bg.o (_SCL_SetAutoColOffset)
../sbl/segalib/lib/libsat.a(scl_pr12.o)
                              bg.o (_SCL_SetColOffset)
../sbl/segalib/lib/libsat.a(cdc_reg.o)
                              ../sbl/segalib/lib/libsat.a(gfs_cdb.o) (_CDC_GetDataPtr)
../sbl/segalib/lib/libsat.a(cdc_sub.o)
                              ../sbl/segalib/lib/libsat.a(cdc_cmn.o) (_CDSUB_GetCdstat)
../sbl/segalib/lib/libsat.a(cdc_dev.o)
                              ../sbl/segalib/lib/libsat.a(gfs_cdc.o) (_CDC_CdSetCon)
../sbl/segalib/lib/libsat.a(cdc_sel.o)
                              ../sbl/segalib/lib/libsat.a(gfs_cdc.o) (_CDC_SetFiltRange)
../sbl/segalib/lib/libsat.a(cdc_bif.o)
                              ../sbl/segalib/lib/libsat.a(gfs_cdc.o) (_CDC_GetBufSiz)
../sbl/segalib/lib/libsat.a(cdc_bio.o)
                              ../sbl/segalib/lib/libsat.a(gfs_cdc.o) (_CDC_SetSctLen)
../sbl/segalib/lib/libsat.a(cdc_cfs.o)
                              ../sbl/segalib/lib/libsat.a(gfs_cdc.o) (_CDC_ChgDir)
../sbl/segalib/lib/libsat.a(csh_main.o)
                              ../sbl/segalib/lib/libsat.a(dma_scu1.o) (_CSH_Purge)
../sbl/segalib/lib/libsat.a(dma_cpu0.o)
                              ../sbl/segalib/lib/libsat.a(gfs_trn.o) (_DMA_CpuSetComPrm)
../sbl/segalib/lib/libsat.a(dma_scu0.o)
                              ../sbl/segalib/lib/libsat.a(dma_scu1.o) (_DMA_ScuSetPrm)
../sbl/segalib/lib/libsat.a(spr_1c.o)
                              ../sbl/segalib/lib/libsat.a(spr_2c.o) (_SPR_SetTvMode)
../sbl/segalib/lib/libsat.a(spr_2a.o)
                              ../sbl/segalib/lib/libsat.a(spr_2c.o) (_SPR_2SetDrawPrty)
/opt/toolchains/sh-elf/bin/../lib/gcc/sh-elf/11.1.0/libgcc.a(_ashiftrt.o)
[...]
Memory Configuration

Name             Origin             Length             Attributes
*default*        0x0000000000000000 0xffffffffffffffff

Linker script and memory map

LOAD entry.o
LOAD stack.o
LOAD vblank.o
LOAD bg.o
LOAD cd.o
LOAD crc.o
LOAD devcart.o
LOAD game.o
LOAD hwram.o
LOAD pcmsys.o
LOAD piece.o
LOAD print.o
LOAD rng.o
LOAD scroll.o
LOAD sound.o
LOAD sprite.o
LOAD main.o
LOAD ../sbl/segalib/lib/libsat.a
LOAD /opt/toolchains/sh-elf/bin/../lib/gcc/sh-elf/11.1.0/libgcc.a
LOAD /opt/toolchains/sh-elf/bin/../lib/gcc/sh-elf/11.1.0/libgcc-Os-4-200.a
LOAD /opt/toolchains/sh-elf/bin/../lib/gcc/sh-elf/11.1.0/../../../../sh-elf/lib/libc.a
LOAD /opt/toolchains/sh-elf/bin/../lib/gcc/sh-elf/11.1.0/libgcc.a
LOAD /opt/toolchains/sh-elf/bin/../lib/gcc/sh-elf/11.1.0/libgcc-Os-4-200.a

.entry          0x0000000006010000       0x60
 *(.entry)
 .entry         0x0000000006010000       0x50 entry.o
                0x0000000006010000                _entry
                0x0000000006010060                . = ALIGN (0x20)
 *fill*         0x0000000006010050       0x10 
                0x0000000006010060                _eentry = ABSOLUTE (.)

.text           0x0000000006010060     0xfbe0
 *(.text*)
 .text          0x0000000006010060        0x0 entry.o
 .text          0x0000000006010060        0x0 stack.o
 .text          0x0000000006010060      0x148 vblank.o
                0x0000000006010060                _CheckVblankEnd
                0x0000000006010070                _UsrVblankIn
                0x0000000006010088                _UsrVblankOut
                0x0000000006010118                _SetVblank
 .text          0x00000000060101a8      0x2c0 bg.o
                0x00000000060101a8                _BG_Init
                0x00000000060102f8                _BG_Run
                0x000000000601042c                _BG_Next
 .text          0x0000000006010468       0xdc cd.o
                0x0000000006010468                _CD_Init
                0x0000000006010490                _CD_ChangeDir
                0x00000000060104d0                _CD_Load
 .text          0x0000000006010544       0x20 crc.o
                0x0000000006010544                _crc_update
 .text          0x0000000006010564      0x1d4 devcart.o
                0x00000000060105b8                _Devcart_LoadFile
                0x0000000006010684                _Devcart_PrintStr
                0x00000000060106bc                _Devcart_Reset
                0x0000000006010700                _Devcart_ChangeDir
 .text          0x0000000006010738      0xd0c game.o
                0x0000000006010a98                _Game_Init
                0x0000000006010d40                _Game_Run
 .text          0x0000000006011444        0x0 hwram.o
 .text          0x0000000006011444      0x35c pcmsys.o
                0x0000000006011444                _smpc_wait_till_ready
                0x0000000006011458                _smpc_issue_command
                0x000000000601146c                _load_driver_binary
                0x00000000060114e0                _load_drv
                0x0000000006011518                _calculate_bytes_per_blank
                0x0000000006011548                _load_16bit_pcm
                0x0000000006011644                _load_8bit_pcm
                0x000000000601173c                _pcm_play
                0x0000000006011760                _pcm_parameter_change
                0x000000000601177c                _pcm_cease
 .text          0x00000000060117a0        0x0 piece.o
 .text          0x00000000060117a0      0x154 print.o
                0x00000000060117a0                _Print_Load
                0x00000000060117b0                _Print_Init
                0x00000000060117c8                _Print_Num
                0x000000000601180c                _Print_String
                0x0000000006011864                _Print_Display
 .text          0x00000000060118f4       0xf4 rng.o
                0x00000000060118f4                _RNG_Init
                0x0000000006011948                _RNG_Get
 .text          0x00000000060119e8      0x5ac scroll.o
                0x00000000060119e8                _Scroll_Init
                0x0000000006011c78                _Scroll_TilePtr
                0x0000000006011ccc                _Scroll_LoadTile
                0x0000000006011d4c                _Scroll_MapPtr
                0x0000000006011d84                _Scroll_Scale
                0x0000000006011e20                _Scroll_Set
                0x0000000006011e60                _Scroll_Move
                0x0000000006011ea0                _Scroll_ClearMaps
                0x0000000006011ee4                _Scroll_ClearVram
                0x0000000006011f00                _Scroll_CharSize
                0x0000000006011f34                _Scroll_Enable
                0x0000000006011f64                _Scroll_MapSize
 .text          0x0000000006011f94      0x1bc sound.o
                0x0000000006011f94                _Sound_Init
                0x0000000006012100                _Sound_CDDA
                0x0000000006012140                _Sound_Play
 .text          0x0000000006012150      0x60c sprite.o
                0x0000000006012150                _Sprite_Init
                0x00000000060121e4                _Sprite_Clear
                0x0000000006012200                _Sprite_Load
                0x00000000060123ec                _Sprite_StartDraw
                0x000000000601241c                _Sprite_Draw
                0x0000000006012634                _Sprite_Make
                0x0000000006012660                _Sprite_DrawAll
                0x00000000060126ac                _Sprite_Next
                0x00000000060126f0                _Sprite_ListAdd
                0x0000000006012704                _Sprite_ListRemove
                0x0000000006012728                _Sprite_Delete
                0x000000000601273c                _Sprite_DeleteAll
 .text          0x000000000601275c        0x0 main.o
 .text.startup  0x000000000601275c      0x124 main.o
                0x000000000601275c                _main
 .text          0x0000000006012880      0x354 ../sbl/segalib/lib/libsat.a(cdc_cmn.o)
                0x0000000006012880                _CDC_GetCurStat
                0x00000000060128c4                _CDC_GetLastStat
                0x00000000060128d0                _getPeriRsp
                0x0000000006012958                _CDC_GetPeriStat
                0x000000000601299c                _CDC_GetHwInfo
                0x00000000060129f4                _CDC_TgetToc
                0x0000000006012a4c                _CDC_GetSes
                0x0000000006012a84                _CDC_CdInit
                0x0000000006012afc                _CDC_CdOpen
                0x0000000006012b24                _CDC_DataEnd
                0x0000000006012b78                _CDC_DataReady
 .text          0x0000000006012bd4      0x108 ../sbl/segalib/lib/libsat.a(cdc_drv.o)
                0x0000000006012bd4                _analyPos
                0x0000000006012c24                _CDC_CdPlay
                0x0000000006012c78                _CDC_CdSeek
                0x0000000006012cb0                _CDC_CdScan
 .text          0x0000000006012cdc      0x198 ../sbl/segalib/lib/libsat.a(dma_scu1.o)
                0x0000000006012cdc                _DMA_ScuInit
                0x0000000006012d18                _DMA_ScuMemCopy
                0x0000000006012ddc                _DMA_ScuResult
 .text          0x0000000006012e74     0x1610 ../sbl/segalib/lib/libsat.a(gfs.o)
                0x0000000006012e74                _gfs_recovRdErr
                0x0000000006012e9c                _GFS_SetErrFunc
                0x0000000006012ec0                _GFS_GetErrStat
                0x0000000006012ee0                _gfs_mngSetupFuncTbl
                0x0000000006012f0c                _gfs_mngInitWork
                0x0000000006012f8c                _gfs_mngGetNumFile
                0x0000000006012fe4                _GFS_mngAllocGrp
                0x0000000006013024                _gfs_mngFreeGrp
                0x000000000601302a                _gfs_mngTermAccess
                0x0000000006013094                _gfs_mngSetErrCode
                0x00000000060130c4                _GFS_SetDir
                0x0000000006013128                _GFS_NameToId
                0x0000000006013178                _GFS_IdToName
                0x00000000060131d4                _GFS_Tell
                0x0000000006013214                _GFS_NwIsComplete
                0x000000000601323c                _GFS_CdMovePickup
                0x000000000601329c                _GFS_GetDirInfo
                0x0000000006013314                _gfs_svrSearchHndl
                0x0000000006013348                _gfs_svrAddHndl
                0x000000000601337c                _gfs_svrRemoveHndl
                0x00000000060133f0                _GFS_NwStop
                0x0000000006013448                _GFS_OpenSub
                0x0000000006013490                _GFS_Open
                0x0000000006013534                _GFS_GetFad
                0x0000000006013578                _gfs_SetSct
                0x00000000060135a4                _GFS_NwCdRead
                0x0000000006013628                _gfs_GetFinfo
                0x0000000006013676                _GFS_GetFileSize
                0x00000000060136d8                _GFS_Seek
                0x000000000601378c                _GFS_IsEof
                0x00000000060137ec                _GFS_ByteToSct
                0x0000000006013848                _GFS_GetFileInfo
                0x00000000060138bc                _GFS_NwFread
                0x00000000060139d0                _GFS_NwGetStat
                0x0000000006013a44                _GFS_SetGmode
                0x0000000006013aa8                _GFS_SetTmode
                0x0000000006013b1c                _GFS_SetReadPara
                0x0000000006013b80                _GFS_SetTransPara
                0x0000000006013bf4                _gfs_transData
                0x0000000006013c84                _gfs_closeSub
                0x0000000006013cb4                _GFS_Close
                0x0000000006013cec                _GFS_LoadDir
                0x0000000006013d88                _gfs_getGmode
                0x0000000006013d8e                _gfs_isTaskDone
                0x0000000006013dd8                _gfs_convFinStat
                0x0000000006013e3c                _gfs_flowIn
                0x0000000006013ebc                _GFS_NwExecOne
                0x0000000006013f4c                _GFS_Fread
                0x0000000006014094                _GFS_Load
                0x000000000601415c                _gfs_loadVol
                0x0000000006014220                _gfs_getRootDir
                0x00000000060142a8                _gfs_loadRootDir
                0x0000000006014330                _GFS_Init
                0x000000000601441c                _GFS_NwExecServer
 .text          0x0000000006014484       0x6c ../sbl/segalib/lib/libsat.a(gfs_buf.o)
                0x0000000006014484                _GFBF_GetTranData
                0x0000000006014498                _GFBF_GetNumData
                0x00000000060144b0                _GFBF_GetSrcPk
                0x00000000060144c4                _GFBF_GetSctData
                0x00000000060144d8                _GFBF_RtnPk
                0x00000000060144ec                _gfbf_getSctDt
 .text          0x00000000060144f0      0x484 ../sbl/segalib/lib/libsat.a(gfs_cdb.o)
                0x00000000060144f0                _GFCB_Setup
                0x00000000060145b4                _GFCB_Close
                0x00000000060145d4                _GFCB_GetLenData
                0x0000000006014668                _GFCB_GetLenRoom
                0x000000000601466c                _GFCB_SetFilt
                0x00000000060146c4                _GFCB_DeleteAllData
                0x00000000060146e0                _GFCB_Tell
                0x00000000060146e8                _GFCB_Seek
                0x00000000060147cc                _GFCB_GetSrcPack
                0x0000000006014894                _GFCB_GetSctData
                0x00000000060148c0                _GFCB_GetDstPack
                0x00000000060148c4                _GFCB_RtnPk
                0x0000000006014904                _GFCB_MovePickup
                0x0000000006014914                _GFCB_SetCon
                0x000000000601493c                _GFCB_GetPickup
                0x000000000601495c                _GFCB_IsPuOwner
                0x0000000006014968                _GFCB_UngetPickup
 .text          0x0000000006014974     0x1504 ../sbl/segalib/lib/libsat.a(gfs_cdc.o)
                0x0000000006014974                _GFCD_AllocFilt
                0x00000000060149a4                _GFCD_FreeFilt
                0x00000000060149cc                _GFCD_AllocBuf
                0x00000000060149f8                _GFCD_GetBaseFad
                0x0000000006014a24                _GFCD_GetPickup
                0x0000000006014a48                _GFCD_UngetPickup
                0x0000000006014a6c                _GFCD_IsPuOwner
                0x0000000006014a84                _GFCD_CheckDelSctData
                0x0000000006014aac                _GFCD_CheckMove
                0x0000000006014ac4                _gfcd_isIdleTask
                0x0000000006014b28                _GFCD_SetTimer
                0x0000000006014b34                _gfcd_checkEflag
                0x0000000006014b50                _gfcd_initCdbMng
                0x0000000006014bb8                _gfcd_setStat
                0x0000000006014bdc                _GFCD_GetFilt
                0x0000000006014c20                _GFCD_EndData
                0x0000000006014c64                _GFCD_GetSctInfo
                0x0000000006014ca8                _GFCD_GetFileInfo
                0x0000000006014d70                _GFCD_GetBufSiz
                0x0000000006014da0                _gfcd_doSetFiltTsk
                0x0000000006014f0c                _GFCD_SetFilt
                0x0000000006014fa4                _gfcd_doSetConTsk
                0x000000000601501c                _GFCD_SetCon
                0x0000000006015068                _gfcd_doGetLenDataTsk
                0x0000000006015168                _GFCD_GetLenData
                0x00000000060151ac                _gfcd_doReqDataTsk
                0x0000000006015220                _GFCD_ReqData
                0x0000000006015268                _gfcd_doDelSctDataTsk
                0x0000000006015374                _GFCD_DelSctData
                0x00000000060153c0                _gfcd_doMoveSctTsk
                0x00000000060154dc                _GFCD_MoveSctData
                0x0000000006015538                _gfcd_doSetFiltConTsk
                0x0000000006015634                _GFCD_SetFiltCon
                0x000000000601572c                _GFCD_SetCsctFunc
                0x000000000601573c                _GFCD_WaitScdqFlag
                0x0000000006015780                _GFCD_GetStat
                0x00000000060157f0                _GFCD_Init
                0x00000000060159d8                _GFCD_Play
                0x0000000006015a28                _GFCD_MovePickup
                0x0000000006015a70                _gfcd_doChgDirTsk
                0x0000000006015c14                _GFCD_ChgDir
                0x0000000006015c7c                _gfcd_doTask
                0x0000000006015cec                _GFCD_ExecServer
                0x0000000006015dc8                _GFCD_FreeBuf
                0x0000000006015e44                _GFCD_WaitServer
 .text          0x0000000006015e78      0x600 ../sbl/segalib/lib/libsat.a(gfs_cdf.o)
                0x0000000006015e78                _GFCF_Init
                0x0000000006015ed0                _GFCF_SetSct
                0x0000000006015efc                _GFCF_GetFileInfo
                0x0000000006015f5a                _GFCF_Recover
                0x0000000006015f9c                _GFCF_Tell
                0x0000000006015fa8                _GFCF_Seek
                0x0000000006015fb4                _GFCF_cnvIntlvOfs
                0x0000000006015fe8                _GFCF_GetStat
                0x0000000006016034                _GFCF_StopInBuf
                0x00000000060160ac                _GFCF_MovePickup
                0x0000000006016130                _gfcf_getSctSize
                0x0000000006016168                _GFCF_Setup
                0x0000000006016220                _gfcf_isCdOk
                0x000000000601626c                _gfcf_getPlayRange
                0x0000000006016374                _GFCF_FlowInBuf
 .text          0x0000000006016478      0x7e8 ../sbl/segalib/lib/libsat.a(gfs_dir.o)
                0x0000000006016478                _GFDR_NameToId
                0x00000000060164c8                _GFDR_GetInfoDirId
                0x00000000060164d4                _GFDR_GetInfoDirName
                0x00000000060164e0                _GFDR_GetAtrDirId
                0x00000000060164f0                _GFDR_GetAtrDirName
                0x0000000006016500                _GFDR_ChgDir
                0x0000000006016570                _GFDR_ChgRoot
                0x000000000601657c                _gfdr_open
                0x000000000601659c                _gfdr_read
                0x0000000006016654                _gfdr_readByte
                0x000000000601667c                _gfdr_readWord
                0x00000000060166a4                _gfdr_readWordNB
                0x00000000060166f0                _gfdr_readLongNB
                0x0000000006016738                _gfdr_readLongNM
                0x0000000006016758                _gfdr_setNextRec
                0x00000000060167d4                _gfdr_readDirEnt
                0x0000000006016abc                _gfdr_setDirrecCd
                0x0000000006016ada                _gfdr_setupDirIdTbl
                0x0000000006016b50                _gfdr_setupDirNameTbl
                0x0000000006016bf0                _GFDR_SetupDirTbl
 .text          0x0000000006016c60      0x818 ../sbl/segalib/lib/libsat.a(gfs_trn.o)
                0x0000000006016c60                _gftr_reqScu
                0x0000000006016c64                _gftr_remCpu
                0x0000000006016c68                _gftr_execScu
                0x0000000006016ce8                _gftr_remScu
                0x0000000006016d08                _gftr_reqDma0
                0x0000000006016d0c                _gftr_reqDma1
                0x0000000006016d10                _gftr_reqCpu
                0x0000000006016d14                _GFTR_Setup
                0x0000000006016d3a                _GFTR_SetMode
                0x0000000006016d46                _GFTR_SetUnit
                0x0000000006016d4a                _GFTR_SetTransPara
                0x0000000006016d5c                _GFTR_GetTransPara
                0x0000000006016d60                _GFTR_GetNumTrans
                0x0000000006016d64                _GFTR_SetTransMax
                0x0000000006016d6a                _GFTR_Start
                0x0000000006016d70                _GFTR_Pause
                0x0000000006016d76                _gfdma_canUse
                0x0000000006016d7a                _gfdma_exec
                0x0000000006016e54                _gftr_execSdma0
                0x0000000006016e78                _gftr_execSdma1
                0x0000000006016e9c                _gftr_reqTrn
                0x0000000006016ef0                _gftr_execTrn
                0x0000000006016fbc                _gftr_remTrn
                0x000000000601701c                _gftr_copyFrac
                0x0000000006017040                _gfdma_getBytecnt
                0x0000000006017070                _gftr_remDma0
                0x000000000601707c                _gftr_remDma1
                0x0000000006017088                _gftr_execCpu
                0x00000000060170d4                _GFTR_GetLenData
                0x00000000060170d8                _GFTR_GetLenRoom
                0x00000000060170e6                _gftr_getSrcPack
                0x0000000006017168                _GFTR_Idle
                0x00000000060171d8                _GFTR_GetDstPack
                0x0000000006017204                _gftr_getDstPack
                0x0000000006017244                _gftr_execSub
                0x000000000601734c                _GFTR_Exec
                0x00000000060173a4                _GFTR_Stop
                0x0000000006017444                _GFTR_RtnDstPk
                0x0000000006017452                _GFTR_GetData
                0x0000000006017460                _GFTR_SetData
                0x000000000601746c                _GFTR_SetTransFunc
 .text          0x0000000006017478       0x24 ../sbl/segalib/lib/libsat.a(mth_rand.o)
                0x0000000006017478                _MTH_InitialRand
                0x0000000006017484                _MTH_GetRand
 .text          0x000000000601749c       0x78 ../sbl/segalib/lib/libsat.a(mth_fixd.o)
                0x000000000601749c                _MTH_Mul
                0x00000000060174b0                _MTH_Div
                0x00000000060174c4                _MTH_IntToFixed
                0x00000000060174cc                _MTH_FixedToInt
                0x00000000060174d4                _MTH_Product
 .text          0x0000000006017514      0x5d4 ../sbl/segalib/lib/libsat.a(mth_tri.o)
                0x0000000006017514                _MTH_Sin
                0x0000000006017554                _MTH_Cos
                0x0000000006017598                _fcos
                0x000000000601759e                _fsin
                0x0000000006017730                _MTH_Atan
 .text          0x0000000006017ae8      0xf58 ../sbl/segalib/lib/libsat.a(per_prt.o)
                0x0000000006017ee8                _PER_IntFunc
                0x0000000006018798                _PER_Init
                0x0000000006018940                _PER_GetPer
 .text          0x0000000006018a40      0xcbc ../sbl/segalib/lib/libsat.a(spr_2c.o)
                0x0000000006018a40                _SPR_2SetTvMode
                0x0000000006018a50                _SPR_2FrameChgIntr
                0x0000000006018a64                _SPR_2FrameEraseData
                0x0000000006018aa4                _SPR_2SetGourTbl
                0x0000000006018ad4                _SPR_2SetLookupTbl
                0x0000000006018af0                _SPR_2SetChar
                0x0000000006018c1c                _SPR_2ClrChar
                0x0000000006018d24                _SPR_2ClrAllChar
                0x0000000006018d70                _SPR_2Initial
                0x0000000006018ec4                _SPR_2GourTblNoToVram
                0x0000000006018ee0                _SPR_2LookupTblNoToVram
                0x0000000006018ef0                _SPR_2CharNoToVram
                0x0000000006018f04                _SPR_2GetAreaSizeInfo
                0x0000000006018f64                _SPR_2OpenCommand
                0x0000000006018ffc                _SPR_2FlushDrawPrty
                0x000000000601903c                _SPR_2CloseCommand
                0x000000000601915c                _SPR_2LocalCoord
                0x00000000060191b4                _SPR_2SysClip
                0x00000000060191fc                _SPR_2UserClip
                0x000000000601924c                _SPR_2Line
                0x00000000060192e8                _SPR_2PolyLine
                0x0000000006019388                _SPR_2Polygon
                0x0000000006019428                _SPR_2NormSpr
                0x00000000060194f4                _SPR_2ScaleSpr
                0x00000000060195dc                _SPR_2DistSpr
                0x00000000060196b4                _SPR_2Cmd
 .text          0x00000000060196fc      0x754 ../sbl/segalib/lib/libsat.a(scl_func.o)
                0x00000000060196fc                _SCL_ParametersInit
                0x00000000060197e8                _SCL_Vdp2Init
                0x0000000006019850                _SCL_Open
                0x000000000601986c                _SCL_Close
                0x0000000006019880                _SCL_MoveTo
                0x0000000006019974                _SCL_Move
                0x0000000006019aa0                _SCL_Scale
                0x0000000006019ba4                _SCL_Memcpyw
                0x0000000006019bb8                _SCL_CopyReg
                0x0000000006019c98                _SCL_SetColRamMode
                0x0000000006019ce8                _SCL_PriIntProc
                0x0000000006019de4                _SCL_ScrollShow
 .text          0x0000000006019e50      0x384 ../sbl/segalib/lib/libsat.a(scl_fu02.o)
                0x0000000006019e50                _SCL_InitVramConfigTb
                0x0000000006019e5e                _SCL_SetVramConfig
 .text          0x000000000601a1d4      0x62c ../sbl/segalib/lib/libsat.a(scl_fu03.o)
                0x000000000601a1d4                _SCL_InitConfigTb
                0x000000000601a1ec                _SCL_SetConfig
 .text          0x000000000601a800       0x18 ../sbl/segalib/lib/libsat.a(scl_fu04.o)
                0x000000000601a800                _SCL_SetCycleTable
 .text          0x000000000601a818      0xf30 ../sbl/segalib/lib/libsat.a(scl_pri.o)
                0x000000000601a818                _SCL_PriorityInit
                0x000000000601adc4                _SCL_GetColRamMode
                0x000000000601ade4                _SCL_AbortAutoVe
                0x000000000601adf0                _SCL_SetColMixRate
                0x000000000601b158                _SCL_IncColOffset
                0x000000000601b1cc                _SCL_AutoExec
                0x000000000601b5f8                _SCL_SetShadowBit
 .text          0x000000000601b748      0xe38 ../sbl/segalib/lib/libsat.a(scl_ro00.o)
                0x000000000601b86c                _SCL_InitRotateTable
                0x000000000601bab4                _SCL_RotateZD
                0x000000000601bbf4                _SCL_Rotate
 .text          0x000000000601c580       0xfc ../sbl/segalib/lib/libsat.a(scl_ro03.o)
                0x000000000601c580                _SCL_RotateTo
 .text          0x000000000601c67c       0x74 ../sbl/segalib/lib/libsat.a(scl_back.o)
                0x000000000601c67c                _SCL_SetBack
 .text          0x000000000601c6f0      0x264 ../sbl/segalib/lib/libsat.a(scl_vblv.o)
                0x000000000601c6f0                _SCL_SetFrameInterval
                0x000000000601c768                _SCL_DisplayFrame
                0x000000000601c794                _SCL_VblInit
                0x000000000601c7dc                _SCL_VblankStart
                0x000000000601c8ac                _SCL_VblankEnd
 .text          0x000000000601c954       0x54 ../sbl/segalib/lib/libsat.a(scl_pr01.o)
                0x000000000601c954                _SCL_SetSpriteMode
 .text          0x000000000601c9a8       0x90 ../sbl/segalib/lib/libsat.a(scl_pr02.o)
                0x000000000601c9a8                _SCL_SetColRam
 .text          0x000000000601ca38      0x10c ../sbl/segalib/lib/libsat.a(scl_pr03.o)
                0x000000000601ca38                _SCL_FreeColRam
                0x000000000601ca60                _SCL_AllocColRam
 .text          0x000000000601cb44       0xac ../sbl/segalib/lib/libsat.a(scl_pr05.o)
                0x000000000601cb44                _SCL_GetColRamOffset
 .text          0x000000000601cbf0      0x180 ../sbl/segalib/lib/libsat.a(scl_pr06.o)
                0x000000000601cbf0                _SCL_SetColRamOffset
 .text          0x000000000601cd70      0x1c8 ../sbl/segalib/lib/libsat.a(scl_pr07.o)
                0x000000000601cd70                _SCL_SetPriority
 .text          0x000000000601cf38      0x13c ../sbl/segalib/lib/libsat.a(scl_pr11.o)
                0x000000000601cf38                _SCL_SetAutoColOffset
 .text          0x000000000601d074      0x164 ../sbl/segalib/lib/libsat.a(scl_pr12.o)
                0x000000000601d074                _SCL_SetColOffset
 .text          0x000000000601d1d8      0x234 ../sbl/segalib/lib/libsat.a(cdc_reg.o)
                0x000000000601d1d8                _CDC_GetDataPtr
                0x000000000601d1e4                _CDC_GetHirqReq
                0x000000000601d1f0                _CDC_ClrHirqReq
                0x000000000601d210                _CDREG_ClrHirqReq
                0x000000000601d21c                _CDREG_InitHirqReq
                0x000000000601d234                _CDREG_SetHirqFlag
                0x000000000601d244                _CDC_GetHirqMsk
                0x000000000601d250                _CDC_SetHirqMsk
                0x000000000601d25c                _CDC_GetMpegPtr
                0x000000000601d268                _CDREG_TgetData
                0x000000000601d2c4                _CDREG_WaitHirq
                0x000000000601d2ec                _writeCmd
                0x000000000601d30c                _CDREG_ReadRsp
                0x000000000601d330                _doCmdRsp
                0x000000000601d3d8                _CDREG_CmdRsp
 .text          0x000000000601d40c       0xf4 ../sbl/segalib/lib/libsat.a(cdc_sub.o)
                0x000000000601d40c                _CDSUB_GetCdstat
                0x000000000601d440                _CDSUB_RspToCdstat
                0x000000000601d472                _CDSUB_CdCmd
                0x000000000601d4d4                _CDSUB_UpdStatus
                0x000000000601d4e0                _CDSUB_UpdCdstat
                0x000000000601d4fc                _CDSUB_SoftTimer
 .text          0x000000000601d500       0xb4 ../sbl/segalib/lib/libsat.a(cdc_dev.o)
                0x000000000601d500                _CDC_CdSetCon
                0x000000000601d534                _CDC_CdGetCon
                0x000000000601d574                _CDC_CdGetLastBuf
 .text          0x000000000601d5b4      0x290 ../sbl/segalib/lib/libsat.a(cdc_sel.o)
                0x000000000601d5b4                _CDC_SetFiltRange
                0x000000000601d5f0                _CDC_GetFiltRange
                0x000000000601d65c                _CDC_SetFiltSubh
                0x000000000601d6ac                _CDC_GetFiltSubh
                0x000000000601d710                _CDC_SetFiltMode
                0x000000000601d744                _CDC_GetFiltMode
                0x000000000601d784                _CDC_SetFiltCon
                0x000000000601d7bc                _CDC_GetFiltCon
                0x000000000601d810                _CDC_ResetSelector
 .text          0x000000000601d844      0x234 ../sbl/segalib/lib/libsat.a(cdc_bif.o)
                0x000000000601d844                _CDC_GetBufSiz
                0x000000000601d89c                _CDC_GetSctNum
                0x000000000601d8e4                _CDC_CalActSiz
                0x000000000601d914                _chkEselUpdStatus
                0x000000000601d948                _CDC_GetActSiz
                0x000000000601d98c                _CDC_GetSctInfo
                0x000000000601d9e4                _CDC_ExeFadSearch
                0x000000000601da18                _CDC_GetFadSearch
 .text          0x000000000601da78      0x190 ../sbl/segalib/lib/libsat.a(cdc_bio.o)
                0x000000000601da78                _CDC_SetSctLen
                0x000000000601daa8                _CDC_GetSctData
                0x000000000601dad8                _CDC_DelSctData
                0x000000000601db08                _CDC_GetdelSctData
                0x000000000601db38                _CDC_PutSctData
                0x000000000601db68                _CDC_CopySctData
                0x000000000601db9c                _CDC_MoveSctData
                0x000000000601dbd0                _CDC_GetCopyErr
 .text          0x000000000601dc08      0x1a4 ../sbl/segalib/lib/libsat.a(cdc_cfs.o)
                0x000000000601dc08                _CDC_ChgDir
                0x000000000601dc40                _CDC_ReadDir
                0x000000000601dc78                _CDC_GetFileScope
                0x000000000601dcd8                _CDC_TgetFileInfo
                0x000000000601dd30                _CDC_ReadFile
                0x000000000601dd70                _CDC_AbortFile
 .text          0x000000000601ddac       0xb0 ../sbl/segalib/lib/libsat.a(csh_main.o)
                0x000000000601ddac                _CSH_Init
                0x000000000601ddf8                _CSH_AllClr
                0x000000000601de38                _CSH_Purge
 .text          0x000000000601de5c      0x13c ../sbl/segalib/lib/libsat.a(dma_cpu0.o)
                0x000000000601de5c                _DMA_CpuSetComPrm
                0x000000000601de94                _DMA_CpuSetPrm
                0x000000000601df48                _DMA_CpuStart
                0x000000000601df58                _DMA_CpuStop
                0x000000000601df6a                _DMA_CpuAllStop
                0x000000000601df78                _DMA_CpuGetComStatus
                0x000000000601df8a                _DMA_CpuGetStatus
 .text          0x000000000601df98      0x274 ../sbl/segalib/lib/libsat.a(dma_scu0.o)
                0x000000000601df98                _DMA_ScuIntFunc0
                0x000000000601dff8                _DMA_ScuIntFunc1
                0x000000000601e05c                _DMA_ScuIntFunc2
                0x000000000601e0c0                _DMA_ScuSetPrm
                0x000000000601e128                _DMA_ScuStart
                0x000000000601e1e0                _DMA_ScuGetStatus
 .text          0x000000000601e20c      0x240 ../sbl/segalib/lib/libsat.a(spr_1c.o)
                0x000000000601e20c                _SPR_SetTvMode
                0x000000000601e288                _SPR_GetStatus
                0x000000000601e2dc                _SPR_SetEraseData
                0x000000000601e374                _SPR_Initial
                0x000000000601e428                _SPR_WaitDrawEnd
                0x000000000601e438                _SPR_SetEosMode
 .text          0x000000000601e44c      0x16c ../sbl/segalib/lib/libsat.a(spr_2a.o)
                0x000000000601e44c                _SPR_2SetDrawPrty
                0x000000000601e4bc                _SPR_2FlushDrawPrtyBlock
 .text          0x000000000601e5b8       0x52 /opt/toolchains/sh-elf/bin/../lib/gcc/sh-elf/11.1.0/libgcc.a(_ashiftrt.o)
                0x000000000601e5b8                ___ashiftrt_r4_31
                0x000000000601e5b8                ___ashiftrt_r4_32
                0x000000000601e5be                ___ashiftrt_r4_30
                0x000000000601e5c0                ___ashiftrt_r4_29
                0x000000000601e5c2                ___ashiftrt_r4_28
                0x000000000601e5c4                ___ashiftrt_r4_27
                0x000000000601e5c6                ___ashiftrt_r4_26
                0x000000000601e5c8                ___ashiftrt_r4_25
                0x000000000601e5ca                ___ashiftrt_r4_24
                0x000000000601e5d2                ___ashiftrt_r4_23
                0x000000000601e5d4                ___ashiftrt_r4_22
                0x000000000601e5d6                ___ashiftrt_r4_21
                0x000000000601e5d8                ___ashiftrt_r4_20
                0x000000000601e5da                ___ashiftrt_r4_19
                0x000000000601e5dc                ___ashiftrt_r4_18
                0x000000000601e5de                ___ashiftrt_r4_17
                0x000000000601e5e0                ___ashiftrt_r4_16
                0x000000000601e5e6                ___ashiftrt_r4_15
                0x000000000601e5e8                ___ashiftrt_r4_14
                0x000000000601e5ea                ___ashiftrt_r4_13
                0x000000000601e5ec                ___ashiftrt_r4_12
                0x000000000601e5ee                ___ashiftrt_r4_11
                0x000000000601e5f0                ___ashiftrt_r4_10
                0x000000000601e5f2                ___ashiftrt_r4_9
                0x000000000601e5f4                ___ashiftrt_r4_8
                0x000000000601e5f6                ___ashiftrt_r4_7
                0x000000000601e5f8                ___ashiftrt_r4_6
                0x000000000601e5fa                ___ashiftrt_r4_5
                0x000000000601e5fc                ___ashiftrt_r4_4
                0x000000000601e5fe                ___ashiftrt_r4_3
                0x000000000601e600                ___ashiftrt_r4_2
                0x000000000601e602                ___ashiftrt_r4_1
                0x000000000601e606                ___ashiftrt_r4_0
 *fill*         0x000000000601e60a        0x2 
 .text          0x000000000601e60c       0x80 /opt/toolchains/sh-elf/bin/../lib/gcc/sh-elf/11.1.0/libgcc.a(_ashiftrt_n.o)
                0x000000000601e60c                ___ashrsi3
 .text          0x000000000601e68c       0xbc /opt/toolchains/sh-elf/bin/../lib/gcc/sh-elf/11.1.0/libgcc.a(_ashiftlt.o)
                0x000000000601e68c                ___ashlsi3
                0x000000000601e690                ___ashlsi3_r0
 .text          0x000000000601e748       0x78 /opt/toolchains/sh-elf/bin/../lib/gcc/sh-elf/11.1.0/libgcc.a(_movmem.o)
                0x000000000601e748                ___movmem
                0x000000000601e748                ___movstr
                0x000000000601e77c                ___movmemSI64
                0x000000000601e77c                ___movstrSI64
                0x000000000601e780                ___movmemSI60
                0x000000000601e780                ___movstrSI60
                0x000000000601e784                ___movstrSI56
                0x000000000601e784                ___movmemSI56
                0x000000000601e788                ___movmemSI52
                0x000000000601e788                ___movstrSI52
                0x000000000601e78c                ___movstrSI48
                0x000000000601e78c                ___movmemSI48
                0x000000000601e790                ___movmemSI44
                0x000000000601e790                ___movstrSI44
                0x000000000601e794                ___movstrSI40
                0x000000000601e794                ___movmemSI40
                0x000000000601e798                ___movstrSI36
                0x000000000601e798                ___movmemSI36
                0x000000000601e79c                ___movstrSI32
                0x000000000601e79c                ___movmemSI32
                0x000000000601e7a0                ___movmemSI28
                0x000000000601e7a0                ___movstrSI28
                0x000000000601e7a4                ___movmemSI24
                0x000000000601e7a4                ___movstrSI24
                0x000000000601e7a8                ___movmemSI20
                0x000000000601e7a8                ___movstrSI20
                0x000000000601e7ac                ___movstrSI16
                0x000000000601e7ac                ___movmemSI16
                0x000000000601e7b0                ___movmemSI12
                0x000000000601e7b0                ___movstrSI12
                0x000000000601e7b4                ___movstrSI8
                0x000000000601e7b4                ___movmemSI8
                0x000000000601e7b8                ___movstrSI4
                0x000000000601e7b8                ___movmemSI4
 .text          0x000000000601e7c0       0xa0 /opt/toolchains/sh-elf/bin/../lib/gcc/sh-elf/11.1.0/libgcc.a(_sdivsi3.o)
                0x000000000601e7c0                ___sdivsi3
 .text          0x000000000601e860       0x6c /opt/toolchains/sh-elf/bin/../lib/gcc/sh-elf/11.1.0/libgcc.a(_udivsi3.o)
                0x000000000601e882                ___udivsi3
 .text          0x000000000601e8cc      0x208 /opt/toolchains/sh-elf/bin/../lib/gcc/sh-elf/11.1.0/libgcc.a(_mul_df.o)
                0x000000000601e8cc                ___muldf3
 .text          0x000000000601ead4       0xa8 /opt/toolchains/sh-elf/bin/../lib/gcc/sh-elf/11.1.0/libgcc.a(_si_to_df.o)
                0x000000000601ead4                ___floatsidf
 .text          0x000000000601eb7c       0xa0 /opt/toolchains/sh-elf/bin/../lib/gcc/sh-elf/11.1.0/libgcc.a(_df_to_si.o)
                0x000000000601eb7c                ___fixdfsi
 .text          0x000000000601ec1c        0x0 /opt/toolchains/sh-elf/bin/../lib/gcc/sh-elf/11.1.0/libgcc.a(_thenan_df.o)
 .text          0x000000000601ec1c       0xbc /opt/toolchains/sh-elf/bin/../lib/gcc/sh-elf/11.1.0/libgcc.a(_lshiftrt.o)
                0x000000000601ec1c                ___lshrsi3
                0x000000000601ec20                ___lshrsi3_r0
 .text          0x000000000601ecd8       0x74 /opt/toolchains/sh-elf/bin/../lib/gcc/sh-elf/11.1.0/libgcc.a(_clzsi2.o)
                0x000000000601ecd8                ___clzsi2
 .text          0x000000000601ed4c      0x29c /opt/toolchains/sh-elf/bin/../lib/gcc/sh-elf/11.1.0/libgcc.a(_pack_df.o)
                0x000000000601ed4c                ___pack_d
 .text          0x000000000601efe8       0xcc /opt/toolchains/sh-elf/bin/../lib/gcc/sh-elf/11.1.0/libgcc.a(_unpack_df.o)
                0x000000000601efe8                ___unpack_d
 .text          0x000000000601f0b4        0x0 /opt/toolchains/sh-elf/bin/../lib/gcc/sh-elf/11.1.0/libgcc.a(_clz.o)
 .text          0x000000000601f0b4       0x64 /opt/toolchains/sh-elf/bin/../lib/gcc/sh-elf/11.1.0/../../../../sh-elf/lib/libc.a(lib_a-memcmp.o)
                0x000000000601f0b4                _memcmp
 .text          0x000000000601f118       0x94 /opt/toolchains/sh-elf/bin/../lib/gcc/sh-elf/11.1.0/../../../../sh-elf/lib/libc.a(lib_a-memcpy.o)
                0x000000000601f118                _memcpy
 .text          0x000000000601f1ac       0xcc /opt/toolchains/sh-elf/bin/../lib/gcc/sh-elf/11.1.0/../../../../sh-elf/lib/libc.a(lib_a-memmove.o)
                0x000000000601f1ac                _memmove
 .text          0x000000000601f278       0x40 /opt/toolchains/sh-elf/bin/../lib/gcc/sh-elf/11.1.0/../../../../sh-elf/lib/libc.a(lib_a-memset.o)
                0x000000000601f278                _memset
 .text          0x000000000601f2b8       0x3c /opt/toolchains/sh-elf/bin/../lib/gcc/sh-elf/11.1.0/../../../../sh-elf/lib/libc.a(lib_a-strcpy.o)
                0x000000000601f2b8                _strcpy
 .text          0x000000000601f2f4       0xd0 /opt/toolchains/sh-elf/bin/../lib/gcc/sh-elf/11.1.0/../../../../sh-elf/lib/libc.a(lib_a-strncmp.o)
                0x000000000601f2f4                _strncmp
 .text          0x000000000601f3c4       0xd4 /opt/toolchains/sh-elf/bin/../lib/gcc/sh-elf/11.1.0/../../../../sh-elf/lib/libc.a(lib_a-strncpy.o)
                0x000000000601f3c4                _strncpy
 *(.rodata*)
 .rodata.str1.4
                0x000000000601f498        0x7 bg.o
 *fill*         0x000000000601f49f        0x1 
 .rodata        0x000000000601f4a0      0x100 crc.o
 .rodata.str1.4
                0x000000000601f5a0       0x2b game.o
                                         0x2f (size before relaxing)
 *fill*         0x000000000601f5cb        0x1 
 .rodata.str1.4
                0x000000000601f5cc        0x9 pcmsys.o
 *fill*         0x000000000601f5d5        0x3 
 .rodata        0x000000000601f5d8      0x400 pcmsys.o
 .rodata.str1.4
                0x000000000601f9d8        0x9 print.o
 *fill*         0x000000000601f9e1        0x3 
 .rodata.str1.4
                0x000000000601f9e4       0x77 sound.o
                                         0x7b (size before relaxing)
 *fill*         0x000000000601fa5b        0x1 
 .rodata        0x000000000601fa5c        0xa ../sbl/segalib/lib/libsat.a(gfs.o)
 *fill*         0x000000000601fa66        0x2 
 .rodata        0x000000000601fa68       0x30 ../sbl/segalib/lib/libsat.a(gfs_buf.o)
 .rodata        0x000000000601fa98       0x2d ../sbl/segalib/lib/libsat.a(gfs_cdf.o)
 *fill*         0x000000000601fac5        0x3 
 .rodata.str1.4
                0x000000000601fac8        0x2 ../sbl/segalib/lib/libsat.a(gfs_dir.o)
                                          0x7 (size before relaxing)
 *fill*         0x000000000601faca        0x2 
 .rodata        0x000000000601facc       0x30 ../sbl/segalib/lib/libsat.a(gfs_trn.o)
 .rodata        0x000000000601fafc        0xc ../sbl/segalib/lib/libsat.a(dma_scu0.o)
 .rodata        0x000000000601fb08       0x20 ../sbl/segalib/lib/libsat.a(spr_1c.o)
 .rodata        0x000000000601fb28       0x14 /opt/toolchains/sh-elf/bin/../lib/gcc/sh-elf/11.1.0/libgcc.a(_thenan_df.o)
                0x000000000601fb28                ___thenan_df
 .rodata        0x000000000601fb3c      0x100 /opt/toolchains/sh-elf/bin/../lib/gcc/sh-elf/11.1.0/libgcc.a(_clz.o)
                0x000000000601fb3c                ___clz_tab
 *(.strings)
                0x000000000601fc40                . = ALIGN (0x10)
 *fill*         0x000000000601fc3c        0x4 
                0x000000000601fc40                _etext = ABSOLUTE (.)

.tors           0x000000000601fc40        0x0
                0x000000000601fc40                ___ctors = .
 *(.ctors)
                0x000000000601fc40                ___ctors_end = .
                0x000000000601fc40                ___dtors = .
 *(.dtors)
                0x000000000601fc40                ___dtors_end = .
                0x000000000601fc40                . = ALIGN (0x10)
                0x000000000601fc40                _etors = ABSOLUTE (.)

.data           0x000000000601fc40      0x880
 *(.data)
 .data          0x000000000601fc40        0x0 entry.o
 .data          0x000000000601fc40        0x0 stack.o
 .data          0x000000000601fc40        0x0 vblank.o
 .data          0x000000000601fc40        0x0 bg.o
 .data          0x000000000601fc40        0x0 cd.o
 .data          0x000000000601fc40        0x0 crc.o
 .data          0x000000000601fc40        0x0 devcart.o
 .data          0x000000000601fc40       0xf4 game.o
                0x000000000601fc40                _gravity
                0x000000000601fcb8                _levels
 .data          0x000000000601fd34        0x0 hwram.o
 .data          0x000000000601fd34        0xc pcmsys.o
                0x000000000601fd34                _master_volume
                0x000000000601fd38                _scsp_load
                0x000000000601fd3c                _m68k_com
 .data          0x000000000601fd40      0x700 piece.o
                0x000000000601fd40                _pieces
 .data          0x0000000006020440        0x0 print.o
 .data          0x0000000006020440        0x0 rng.o
 .data          0x0000000006020440       0x34 scroll.o
                0x0000000006020440                _cycleTb
                0x0000000006020450                _charOffsets
                0x0000000006020460                _vram
 .data          0x0000000006020474        0x0 sound.o
 .data          0x0000000006020474       0x18 sprite.o
 .data          0x000000000602048c        0x0 main.o
 .data          0x000000000602048c        0x0 ../sbl/segalib/lib/libsat.a(cdc_cmn.o)
 .data          0x000000000602048c        0x0 ../sbl/segalib/lib/libsat.a(cdc_drv.o)
 .data          0x000000000602048c        0x0 ../sbl/segalib/lib/libsat.a(dma_scu1.o)
 .data          0x000000000602048c        0x0 ../sbl/segalib/lib/libsat.a(gfs.o)
 .data          0x000000000602048c        0x0 ../sbl/segalib/lib/libsat.a(gfs_buf.o)
 .data          0x000000000602048c        0x0 ../sbl/segalib/lib/libsat.a(gfs_cdb.o)
 .data          0x000000000602048c        0x0 ../sbl/segalib/lib/libsat.a(gfs_cdc.o)
 .data          0x000000000602048c        0x0 ../sbl/segalib/lib/libsat.a(gfs_cdf.o)
 .data          0x000000000602048c        0x0 ../sbl/segalib/lib/libsat.a(gfs_dir.o)
 .data          0x000000000602048c        0x0 ../sbl/segalib/lib/libsat.a(gfs_trn.o)
 .data          0x000000000602048c        0x0 ../sbl/segalib/lib/libsat.a(mth_rand.o)
 .data          0x000000000602048c        0x0 ../sbl/segalib/lib/libsat.a(mth_fixd.o)
 .data          0x000000000602048c        0x0 ../sbl/segalib/lib/libsat.a(mth_tri.o)
 .data          0x000000000602048c        0x3 ../sbl/segalib/lib/libsat.a(per_prt.o)
 .data          0x000000000602048f        0x0 ../sbl/segalib/lib/libsat.a(spr_2c.o)
 *fill*         0x000000000602048f        0x1 
 .data          0x0000000006020490        0x6 ../sbl/segalib/lib/libsat.a(scl_func.o)
                0x0000000006020490                _SclRotateTableMode
                0x0000000006020492                _SclDisplayY
                0x0000000006020494                _SclDisplayX
 .data          0x0000000006020496        0x0 ../sbl/segalib/lib/libsat.a(scl_fu02.o)
 .data          0x0000000006020496        0x0 ../sbl/segalib/lib/libsat.a(scl_fu03.o)
 .data          0x0000000006020496        0x0 ../sbl/segalib/lib/libsat.a(scl_fu04.o)
 *fill*         0x0000000006020496        0x2 
 .data          0x0000000006020498       0x18 ../sbl/segalib/lib/libsat.a(scl_pri.o)
                0x0000000006020498                _SclRealColOffset
                0x000000000602049c                _SclRealBgColMix
                0x00000000060204a0                _SclRealSpColMix
                0x00000000060204a4                _SclRealBgPriNum
                0x00000000060204a8                _SclRealSpPriNum
                0x00000000060204ac                _SclRealOtherPri
 .data          0x00000000060204b0        0x0 ../sbl/segalib/lib/libsat.a(scl_ro00.o)
 .data          0x00000000060204b0        0x0 ../sbl/segalib/lib/libsat.a(scl_ro03.o)
 .data          0x00000000060204b0        0x0 ../sbl/segalib/lib/libsat.a(scl_back.o)
 .data          0x00000000060204b0        0x8 ../sbl/segalib/lib/libsat.a(scl_vblv.o)
                0x00000000060204b0                _VBInterval
                0x00000000060204b4                _SpFrameEraseMode
 .data          0x00000000060204b8        0x0 ../sbl/segalib/lib/libsat.a(scl_pr01.o)
 .data          0x00000000060204b8        0x0 ../sbl/segalib/lib/libsat.a(scl_pr02.o)
 .data          0x00000000060204b8        0x0 ../sbl/segalib/lib/libsat.a(scl_pr03.o)
 .data          0x00000000060204b8        0x0 ../sbl/segalib/lib/libsat.a(scl_pr05.o)
 .data          0x00000000060204b8        0x0 ../sbl/segalib/lib/libsat.a(scl_pr06.o)
 .data          0x00000000060204b8        0x0 ../sbl/segalib/lib/libsat.a(scl_pr07.o)
 .data          0x00000000060204b8        0x0 ../sbl/segalib/lib/libsat.a(scl_pr11.o)
 .data          0x00000000060204b8        0x0 ../sbl/segalib/lib/libsat.a(scl_pr12.o)
 .data          0x00000000060204b8        0x0 ../sbl/segalib/lib/libsat.a(cdc_reg.o)
 .data          0x00000000060204b8        0x0 ../sbl/segalib/lib/libsat.a(cdc_sub.o)
 .data          0x00000000060204b8        0x0 ../sbl/segalib/lib/libsat.a(cdc_dev.o)
 .data          0x00000000060204b8        0x0 ../sbl/segalib/lib/libsat.a(cdc_sel.o)
 .data          0x00000000060204b8        0x0 ../sbl/segalib/lib/libsat.a(cdc_bif.o)
 .data          0x00000000060204b8        0x0 ../sbl/segalib/lib/libsat.a(cdc_bio.o)
 .data          0x00000000060204b8        0x0 ../sbl/segalib/lib/libsat.a(cdc_cfs.o)
 .data          0x00000000060204b8        0x0 ../sbl/segalib/lib/libsat.a(csh_main.o)
 .data          0x00000000060204b8        0x0 ../sbl/segalib/lib/libsat.a(dma_cpu0.o)
 .data          0x00000000060204b8        0x0 ../sbl/segalib/lib/libsat.a(dma_scu0.o)
 .data          0x00000000060204b8        0x0 ../sbl/segalib/lib/libsat.a(spr_1c.o)
 .data          0x00000000060204b8        0x0 ../sbl/segalib/lib/libsat.a(spr_2a.o)
 .data          0x00000000060204b8        0x0 /opt/toolchains/sh-elf/bin/../lib/gcc/sh-elf/11.1.0/libgcc.a(_ashiftrt.o)
 .data          0x00000000060204b8        0x0 /opt/toolchains/sh-elf/bin/../lib/gcc/sh-elf/11.1.0/libgcc.a(_ashiftrt_n.o)
 .data          0x00000000060204b8        0x0 /opt/toolchains/sh-elf/bin/../lib/gcc/sh-elf/11.1.0/libgcc.a(_ashiftlt.o)
 .data          0x00000000060204b8        0x0 /opt/toolchains/sh-elf/bin/../lib/gcc/sh-elf/11.1.0/libgcc.a(_movmem.o)
 .data          0x00000000060204b8        0x0 /opt/toolchains/sh-elf/bin/../lib/gcc/sh-elf/11.1.0/libgcc.a(_sdivsi3.o)
 .data          0x00000000060204b8        0x0 /opt/toolchains/sh-elf/bin/../lib/gcc/sh-elf/11.1.0/libgcc.a(_udivsi3.o)
 .data          0x00000000060204b8        0x0 /opt/toolchains/sh-elf/bin/../lib/gcc/sh-elf/11.1.0/libgcc.a(_mul_df.o)
 .data          0x00000000060204b8        0x0 /opt/toolchains/sh-elf/bin/../lib/gcc/sh-elf/11.1.0/libgcc.a(_si_to_df.o)
 .data          0x00000000060204b8        0x0 /opt/toolchains/sh-elf/bin/../lib/gcc/sh-elf/11.1.0/libgcc.a(_df_to_si.o)
 .data          0x00000000060204b8        0x0 /opt/toolchains/sh-elf/bin/../lib/gcc/sh-elf/11.1.0/libgcc.a(_thenan_df.o)
 .data          0x00000000060204b8        0x0 /opt/toolchains/sh-elf/bin/../lib/gcc/sh-elf/11.1.0/libgcc.a(_lshiftrt.o)
 .data          0x00000000060204b8        0x0 /opt/toolchains/sh-elf/bin/../lib/gcc/sh-elf/11.1.0/libgcc.a(_clzsi2.o)
 .data          0x00000000060204b8        0x0 /opt/toolchains/sh-elf/bin/../lib/gcc/sh-elf/11.1.0/libgcc.a(_pack_df.o)
 .data          0x00000000060204b8        0x0 /opt/toolchains/sh-elf/bin/../lib/gcc/sh-elf/11.1.0/libgcc.a(_unpack_df.o)
 .data          0x00000000060204b8        0x0 /opt/toolchains/sh-elf/bin/../lib/gcc/sh-elf/11.1.0/libgcc.a(_clz.o)
 .data          0x00000000060204b8        0x0 /opt/toolchains/sh-elf/bin/../lib/gcc/sh-elf/11.1.0/../../../../sh-elf/lib/libc.a(lib_a-memcmp.o)
 .data          0x00000000060204b8        0x0 /opt/toolchains/sh-elf/bin/../lib/gcc/sh-elf/11.1.0/../../../../sh-elf/lib/libc.a(lib_a-memcpy.o)
 .data          0x00000000060204b8        0x0 /opt/toolchains/sh-elf/bin/../lib/gcc/sh-elf/11.1.0/../../../../sh-elf/lib/libc.a(lib_a-memmove.o)
 .data          0x00000000060204b8        0x0 /opt/toolchains/sh-elf/bin/../lib/gcc/sh-elf/11.1.0/../../../../sh-elf/lib/libc.a(lib_a-memset.o)
 .data          0x00000000060204b8        0x0 /opt/toolchains/sh-elf/bin/../lib/gcc/sh-elf/11.1.0/../../../../sh-elf/lib/libc.a(lib_a-strcpy.o)
 .data          0x00000000060204b8        0x0 /opt/toolchains/sh-elf/bin/../lib/gcc/sh-elf/11.1.0/../../../../sh-elf/lib/libc.a(lib_a-strncmp.o)
 .data          0x00000000060204b8        0x0 /opt/toolchains/sh-elf/bin/../lib/gcc/sh-elf/11.1.0/../../../../sh-elf/lib/libc.a(lib_a-strncpy.o)
                0x00000000060204c0                . = ALIGN (0x10)
 *fill*         0x00000000060204b8        0x8 
                0x00000000060204c0                _edata = ABSOLUTE (.)

.bss            0x00000000060204c0    0x19750
                0x00000000060204c0                _bss_start = .
 *(.bss)
 .bss           0x00000000060204c0        0x0 entry.o
 .bss           0x00000000060204c0        0x0 stack.o
 .bss           0x00000000060204c0       0x34 vblank.o
                0x00000000060204c0                _vblank_frames
                0x00000000060204c4                _VblankFlg
                0x00000000060204c8                _perFlag
                0x00000000060204cc                _PadWorkArea
                0x00000000060204e8                _PadData2E
                0x00000000060204ea                _PadData2L
                0x00000000060204ec                _PadData2
                0x00000000060204ee                _PadData1E
                0x00000000060204f0                _PadData1L
                0x00000000060204f2                _PadData1
 .bss           0x00000000060204f4       0x48 bg.o
 .bss           0x000000000602053c     0x1674 cd.o
 .bss           0x0000000006021bb0        0x0 crc.o
 .bss           0x0000000006021bb0        0x0 devcart.o
 .bss           0x0000000006021bb0      0x400 game.o
                0x0000000006021bb0                _boardVram
 .bss           0x0000000006021fb0    0x13880 hwram.o
                0x0000000006021fb0                _HWRAM_Buffer
 .bss           0x0000000006035830        0x2 pcmsys.o
                0x0000000006035830                _numberPCMs
 .bss           0x0000000006035832        0x0 piece.o
 .bss           0x0000000006035832      0x528 print.o
                0x0000000006035832                _text
 *fill*         0x0000000006035d5a        0x2 
 .bss           0x0000000006035d5c        0x8 rng.o
 .bss           0x0000000006035d64      0x17c scroll.o
                0x0000000006035d64                _scfg
 .bss           0x0000000006035ee0        0x0 sound.o
 .bss           0x0000000006035ee0     0x257c sprite.o
                0x0000000006035ee0                _sprites
                0x00000000060371a0                _palCnt
                0x00000000060371a4                _tileCount
                0x00000000060371a8                _numSprites
 .bss           0x000000000603845c        0x4 main.o
                0x000000000603845c                _frame
 .bss           0x0000000006038460        0x0 ../sbl/segalib/lib/libsat.a(cdc_cmn.o)
 .bss           0x0000000006038460        0x0 ../sbl/segalib/lib/libsat.a(cdc_drv.o)
 .bss           0x0000000006038460        0xc ../sbl/segalib/lib/libsat.a(dma_scu1.o)
 .bss           0x000000000603846c        0xc ../sbl/segalib/lib/libsat.a(gfs.o)
                0x000000000603846c                _GFMC_base
                0x0000000006038470                _gfs_mng_ptr
                0x0000000006038474                _bobtest
 .bss           0x0000000006038478        0x0 ../sbl/segalib/lib/libsat.a(gfs_buf.o)
 .bss           0x0000000006038478        0x0 ../sbl/segalib/lib/libsat.a(gfs_cdb.o)
 .bss           0x0000000006038478        0x4 ../sbl/segalib/lib/libsat.a(gfs_cdc.o)
                0x0000000006038478                _gfcd_work
 .bss           0x000000000603847c        0x0 ../sbl/segalib/lib/libsat.a(gfs_cdf.o)
 .bss           0x000000000603847c        0x0 ../sbl/segalib/lib/libsat.a(gfs_dir.o)
 .bss           0x000000000603847c        0xc ../sbl/segalib/lib/libsat.a(gfs_trn.o)
 .bss           0x0000000006038488        0x4 ../sbl/segalib/lib/libsat.a(mth_rand.o)
 .bss           0x000000000603848c        0x0 ../sbl/segalib/lib/libsat.a(mth_fixd.o)
 .bss           0x000000000603848c        0x0 ../sbl/segalib/lib/libsat.a(mth_tri.o)
 .bss           0x000000000603848c       0x7f ../sbl/segalib/lib/libsat.a(per_prt.o)
                0x000000000603848c                _per_set_sys_flg
                0x0000000006038490                _per_get_sys_data
                0x000000000603849c                _per_get_time_adr
                0x00000000060384a0                _per_hot_res
                0x00000000060384a1                _per_time_out_flg
 *fill*         0x000000000603850b        0x1 
 .bss           0x000000000603850c       0x94 ../sbl/segalib/lib/libsat.a(spr_2c.o)
                0x000000000603850c                _SpCmdTblR
                0x0000000006038510                _SpCmdTbl
                0x0000000006038514                _SpCrCmdChain
                0x0000000006038518                _SpDrawPrtyBlk
                0x000000000603851c                _SpCmdChain
                0x0000000006038520                _SpCmdChainBlkNo
                0x0000000006038524                _SpDrawPrtyProcFlag
                0x0000000006038528                _SpDrawPrtyTopCmdNo
                0x000000000603852c                _SpCmdNo
                0x0000000006038530                _SpDrawPrtyBlkMax
                0x0000000006038534                _SpCharMax
                0x0000000006038538                _SpCharTbl
                0x000000000603853c                _SpLCoordY
                0x0000000006038540                _SpLCoordX
                0x0000000006038544                _Sp2OpenFlag
 .bss           0x00000000060385a0      0xf1c ../sbl/segalib/lib/libsat.a(scl_func.o)
                0x00000000060385a0                _SclRPMD
                0x00000000060385a4                _SclRotateMoveZ
                0x00000000060385ac                _SclRotateDisp
                0x00000000060385b4                _SclRotateZ
                0x00000000060385bc                _SclRotateXy
                0x00000000060385c4                _SclRotateTableAddress
                0x00000000060385c8                _SclRb
                0x00000000060385c9                _SclRa
                0x00000000060385ca                _SclRotXySw
                0x00000000060385d0                _SclRbgKtbOffset
                0x00000000060385d8                _SclRbgKtbAddr
                0x00000000060385e0                _SclK_TableFlag
                0x00000000060385e4                _SclK_TableNum
                0x00000000060385ec                _SclK_TableBuff
                0x00000000060392bc                _SclRotregBuff
                0x00000000060393bc                _Scl_w_reg
                0x00000000060393dc                _Scl_r_reg
                0x00000000060393ec                _Scl_n_reg
                0x000000000603942c                _Scl_d_reg
                0x0000000006039474                _Scl_s_reg
                0x000000000603949c                _SclProcess
                0x00000000060394a0                _SclCurSclNum
                0x00000000060394a4                _SclLengthCsTbl
                0x00000000060394a6                _SclLengthLsTbl
                0x00000000060394a8                _SclAddrCsTbl
                0x00000000060394b0                _SclAddrLsTbl
 .bss           0x00000000060394bc        0x0 ../sbl/segalib/lib/libsat.a(scl_fu02.o)
 .bss           0x00000000060394bc        0x0 ../sbl/segalib/lib/libsat.a(scl_fu03.o)
 .bss           0x00000000060394bc        0x0 ../sbl/segalib/lib/libsat.a(scl_fu04.o)
 .bss           0x00000000060394bc      0x696 ../sbl/segalib/lib/libsat.a(scl_pri.o)
                0x00000000060394bc                _SclAutoRGB
                0x0000000006039abc                _SclAutoPlusFlag
                0x0000000006039abd                _SclAutoVeFlag
                0x0000000006039abe                _SclAutoEndRate
                0x0000000006039abf                _SclAutoCurRate
                0x0000000006039ac0                _SclAutoEndBlue2
                0x0000000006039ac2                _SclAutoEndGreen2
                0x0000000006039ac4                _SclAutoEndRed2
                0x0000000006039ac6                _SclAutoEndBlue
                0x0000000006039ac8                _SclAutoEndGreen
                0x0000000006039aca                _SclAutoEndRed
                0x0000000006039acc                _SclAutoBlue
                0x0000000006039ace                _SclAutoGreen
                0x0000000006039ad0                _SclAutoRed
                0x0000000006039ad4                _SclAutoMax
                0x0000000006039ad8                _SclAutoIndex
                0x0000000006039adc                _SclAutoCount
                0x0000000006039ae0                _SclAutoInterval
                0x0000000006039ae4                _SclAutoSurface
                0x0000000006039ae8                _SclColRamAlloc2048
                0x0000000006039aec                _SclColRamAlloc256
                0x0000000006039b0c                _SclLineColRamOffset
                0x0000000006039b10                _SclPriBuffDirty
                0x0000000006039b14                _SclColOffset
                0x0000000006039b24                _SclBgColMix
                0x0000000006039b2c                _SclSpColMix
                0x0000000006039b34                _SclBgPriNum
                0x0000000006039b3a                _SclSpPriNum
                0x0000000006039b42                _SclOtherPri
 *fill*         0x0000000006039b52        0x2 
 .bss           0x0000000006039b54       0x58 ../sbl/segalib/lib/libsat.a(scl_ro00.o)
                0x0000000006039b54                _SclCsy
                0x0000000006039b5c                _SclCsx
 .bss           0x0000000006039bac        0x0 ../sbl/segalib/lib/libsat.a(scl_ro03.o)
 .bss           0x0000000006039bac        0x0 ../sbl/segalib/lib/libsat.a(scl_back.o)
 .bss           0x0000000006039bac       0x16 ../sbl/segalib/lib/libsat.a(scl_vblv.o)
                0x0000000006039bac                _frameChgFlag
                0x0000000006039bb0                _VBIntrDisableDepth
                0x0000000006039bb4                _ReqDisplayFlag2
                0x0000000006039bb8                _ReqDisplayFlag1
                0x0000000006039bbc                _VBIntervalCounter
                0x0000000006039bc0                _SpFrameChgMode
 .bss           0x0000000006039bc2        0x0 ../sbl/segalib/lib/libsat.a(scl_pr01.o)
 .bss           0x0000000006039bc2        0x0 ../sbl/segalib/lib/libsat.a(scl_pr02.o)
 .bss           0x0000000006039bc2        0x0 ../sbl/segalib/lib/libsat.a(scl_pr03.o)
 .bss           0x0000000006039bc2        0x0 ../sbl/segalib/lib/libsat.a(scl_pr05.o)
 .bss           0x0000000006039bc2        0x0 ../sbl/segalib/lib/libsat.a(scl_pr06.o)
 .bss           0x0000000006039bc2        0x0 ../sbl/segalib/lib/libsat.a(scl_pr07.o)
 .bss           0x0000000006039bc2        0x0 ../sbl/segalib/lib/libsat.a(scl_pr11.o)
 .bss           0x0000000006039bc2        0x0 ../sbl/segalib/lib/libsat.a(scl_pr12.o)
 .bss           0x0000000006039bc2        0x2 ../sbl/segalib/lib/libsat.a(cdc_reg.o)
                0x0000000006039bc2                _hirq_flag
 .bss           0x0000000006039bc4        0xc ../sbl/segalib/lib/libsat.a(cdc_sub.o)
                0x0000000006039bc4                _cd_stat
 .bss           0x0000000006039bd0        0x0 ../sbl/segalib/lib/libsat.a(cdc_dev.o)
 .bss           0x0000000006039bd0        0x0 ../sbl/segalib/lib/libsat.a(cdc_sel.o)
 .bss           0x0000000006039bd0        0x0 ../sbl/segalib/lib/libsat.a(cdc_bif.o)
 .bss           0x0000000006039bd0        0x0 ../sbl/segalib/lib/libsat.a(cdc_bio.o)
 .bss           0x0000000006039bd0        0x0 ../sbl/segalib/lib/libsat.a(cdc_cfs.o)
 .bss           0x0000000006039bd0        0x0 ../sbl/segalib/lib/libsat.a(csh_main.o)
 .bss           0x0000000006039bd0        0x0 ../sbl/segalib/lib/libsat.a(dma_cpu0.o)
 .bss           0x0000000006039bd0       0x1c ../sbl/segalib/lib/libsat.a(dma_scu0.o)
 .bss           0x0000000006039bec       0x20 ../sbl/segalib/lib/libsat.a(spr_1c.o)
                0x0000000006039bec                _SpDil
                0x0000000006039bee                _SpDie
                0x0000000006039bf0                _SpFbcrMode
                0x0000000006039bf2                _SpTvMode
                0x0000000006039bf4                _SpScreenY
                0x0000000006039bf8                _SpScreenX
                0x0000000006039bfc                _SpInitialFlag
 .bss           0x0000000006039c0c        0x0 ../sbl/segalib/lib/libsat.a(spr_2a.o)
 .bss           0x0000000006039c0c        0x0 /opt/toolchains/sh-elf/bin/../lib/gcc/sh-elf/11.1.0/libgcc.a(_ashiftrt.o)
 .bss           0x0000000006039c0c        0x0 /opt/toolchains/sh-elf/bin/../lib/gcc/sh-elf/11.1.0/libgcc.a(_ashiftrt_n.o)
 .bss           0x0000000006039c0c        0x0 /opt/toolchains/sh-elf/bin/../lib/gcc/sh-elf/11.1.0/libgcc.a(_ashiftlt.o)
 .bss           0x0000000006039c0c        0x0 /opt/toolchains/sh-elf/bin/../lib/gcc/sh-elf/11.1.0/libgcc.a(_movmem.o)
 .bss           0x0000000006039c0c        0x0 /opt/toolchains/sh-elf/bin/../lib/gcc/sh-elf/11.1.0/libgcc.a(_sdivsi3.o)
 .bss           0x0000000006039c0c        0x0 /opt/toolchains/sh-elf/bin/../lib/gcc/sh-elf/11.1.0/libgcc.a(_udivsi3.o)
 .bss           0x0000000006039c0c        0x0 /opt/toolchains/sh-elf/bin/../lib/gcc/sh-elf/11.1.0/libgcc.a(_mul_df.o)
 .bss           0x0000000006039c0c        0x0 /opt/toolchains/sh-elf/bin/../lib/gcc/sh-elf/11.1.0/libgcc.a(_si_to_df.o)
 .bss           0x0000000006039c0c        0x0 /opt/toolchains/sh-elf/bin/../lib/gcc/sh-elf/11.1.0/libgcc.a(_df_to_si.o)
 .bss           0x0000000006039c0c        0x0 /opt/toolchains/sh-elf/bin/../lib/gcc/sh-elf/11.1.0/libgcc.a(_thenan_df.o)
 .bss           0x0000000006039c0c        0x0 /opt/toolchains/sh-elf/bin/../lib/gcc/sh-elf/11.1.0/libgcc.a(_lshiftrt.o)
 .bss           0x0000000006039c0c        0x0 /opt/toolchains/sh-elf/bin/../lib/gcc/sh-elf/11.1.0/libgcc.a(_clzsi2.o)
 .bss           0x0000000006039c0c        0x0 /opt/toolchains/sh-elf/bin/../lib/gcc/sh-elf/11.1.0/libgcc.a(_pack_df.o)
 .bss           0x0000000006039c0c        0x0 /opt/toolchains/sh-elf/bin/../lib/gcc/sh-elf/11.1.0/libgcc.a(_unpack_df.o)
 .bss           0x0000000006039c0c        0x0 /opt/toolchains/sh-elf/bin/../lib/gcc/sh-elf/11.1.0/libgcc.a(_clz.o)
 .bss           0x0000000006039c0c        0x0 /opt/toolchains/sh-elf/bin/../lib/gcc/sh-elf/11.1.0/../../../../sh-elf/lib/libc.a(lib_a-memcmp.o)
 .bss           0x0000000006039c0c        0x0 /opt/toolchains/sh-elf/bin/../lib/gcc/sh-elf/11.1.0/../../../../sh-elf/lib/libc.a(lib_a-memcpy.o)
 .bss           0x0000000006039c0c        0x0 /opt/toolchains/sh-elf/bin/../lib/gcc/sh-elf/11.1.0/../../../../sh-elf/lib/libc.a(lib_a-memmove.o)
 .bss           0x0000000006039c0c        0x0 /opt/toolchains/sh-elf/bin/../lib/gcc/sh-elf/11.1.0/../../../../sh-elf/lib/libc.a(lib_a-memset.o)
 .bss           0x0000000006039c0c        0x0 /opt/toolchains/sh-elf/bin/../lib/gcc/sh-elf/11.1.0/../../../../sh-elf/lib/libc.a(lib_a-strcpy.o)
 .bss           0x0000000006039c0c        0x0 /opt/toolchains/sh-elf/bin/../lib/gcc/sh-elf/11.1.0/../../../../sh-elf/lib/libc.a(lib_a-strncmp.o)
 .bss           0x0000000006039c0c        0x0 /opt/toolchains/sh-elf/bin/../lib/gcc/sh-elf/11.1.0/../../../../sh-elf/lib/libc.a(lib_a-strncpy.o)
 *(COMMON)
                0x0000000006039c0c                _bss_end = .
                0x0000000006039c10                . = ALIGN (0x10)
 *fill*         0x0000000006039c0c        0x4 
                0x0000000006039c10                _end = ABSOLUTE (.)

.stack          0x0000000006039c10     0x2000
 *(.stack)
 .stack         0x0000000006039c10     0x2000 stack.o
                0x0000000006039c10                _PROG_STK
                0x000000000603bc10                _stack = .

.lwram          0x0000000000200000        0x0
                0x0000000000200000                . = ALIGN (0x10)
 *(.lwram)
                0x0000000000200000                . = ALIGN (0x10)

.vdp2_vram      0x0000000005e00000        0x0
                0x0000000005e00000                . = ALIGN (0x10)
 *(.vdp2_vram)
                0x0000000005e00000                . = ALIGN (0x10)
OUTPUT(main.elf elf32-sh)

.debug_info     0x0000000000000000     0x797f
 .debug_info    0x0000000000000000      0x4d4 vblank.o
 .debug_info    0x00000000000004d4      0x65e bg.o
 .debug_info    0x0000000000000b32      0x937 cd.o
 .debug_info    0x0000000000001469      0x12d crc.o
 .debug_info    0x0000000000001596      0x47b devcart.o
 .debug_info    0x0000000000001a11     0x13c0 game.o
 .debug_info    0x0000000000002dd1       0x9e hwram.o
 .debug_info    0x0000000000002e6f      0x6a5 pcmsys.o
 .debug_info    0x0000000000003514       0x69 piece.o
 .debug_info    0x000000000000357d      0x3fe print.o
 .debug_info    0x000000000000397b      0x240 rng.o
 .debug_info    0x0000000000003bbb      0xf2a scroll.o
 .debug_info    0x0000000000004ae5      0x4a3 sound.o
 .debug_info    0x0000000000004f88     0x102c sprite.o
 .debug_info    0x0000000000005fb4      0x39d main.o
 .debug_info    0x0000000000006351      0x4d2 /opt/toolchains/sh-elf/bin/../lib/gcc/sh-elf/11.1.0/libgcc.a(_mul_df.o)
 .debug_info    0x0000000000006823      0x259 /opt/toolchains/sh-elf/bin/../lib/gcc/sh-elf/11.1.0/libgcc.a(_si_to_df.o)
 .debug_info    0x0000000000006a7c      0x2a5 /opt/toolchains/sh-elf/bin/../lib/gcc/sh-elf/11.1.0/libgcc.a(_df_to_si.o)
 .debug_info    0x0000000000006d21      0x15b /opt/toolchains/sh-elf/bin/../lib/gcc/sh-elf/11.1.0/libgcc.a(_thenan_df.o)
 .debug_info    0x0000000000006e7c      0x130 /opt/toolchains/sh-elf/bin/../lib/gcc/sh-elf/11.1.0/libgcc.a(_clzsi2.o)
 .debug_info    0x0000000000006fac      0x298 /opt/toolchains/sh-elf/bin/../lib/gcc/sh-elf/11.1.0/libgcc.a(_pack_df.o)
 .debug_info    0x0000000000007244      0x20c /opt/toolchains/sh-elf/bin/../lib/gcc/sh-elf/11.1.0/libgcc.a(_unpack_df.o)
 .debug_info    0x0000000000007450       0xca /opt/toolchains/sh-elf/bin/../lib/gcc/sh-elf/11.1.0/libgcc.a(_clz.o)
 .debug_info    0x000000000000751a      0x10f /opt/toolchains/sh-elf/bin/../lib/gcc/sh-elf/11.1.0/../../../../sh-elf/lib/libc.a(lib_a-memcmp.o)
 .debug_info    0x0000000000007629      0x130 /opt/toolchains/sh-elf/bin/../lib/gcc/sh-elf/11.1.0/../../../../sh-elf/lib/libc.a(lib_a-memmove.o)
 .debug_info    0x0000000000007759       0xf4 /opt/toolchains/sh-elf/bin/../lib/gcc/sh-elf/11.1.0/../../../../sh-elf/lib/libc.a(lib_a-strncmp.o)
 .debug_info    0x000000000000784d      0x132 /opt/toolchains/sh-elf/bin/../lib/gcc/sh-elf/11.1.0/../../../../sh-elf/lib/libc.a(lib_a-strncpy.o)

.debug_abbrev   0x0000000000000000     0x2d96
 .debug_abbrev  0x0000000000000000      0x1f2 vblank.o
 .debug_abbrev  0x00000000000001f2      0x1f9 bg.o
 .debug_abbrev  0x00000000000003eb      0x25b cd.o
 .debug_abbrev  0x0000000000000646       0xbe crc.o
 .debug_abbrev  0x0000000000000704      0x24f devcart.o
 .debug_abbrev  0x0000000000000953      0x4d7 game.o
 .debug_abbrev  0x0000000000000e2a       0x69 hwram.o
 .debug_abbrev  0x0000000000000e93      0x2f6 pcmsys.o
 .debug_abbrev  0x0000000000001189       0x5a piece.o
 .debug_abbrev  0x00000000000011e3      0x1de print.o
 .debug_abbrev  0x00000000000013c1      0x1ad rng.o
 .debug_abbrev  0x000000000000156e      0x332 scroll.o
 .debug_abbrev  0x00000000000018a0      0x21d sound.o
 .debug_abbrev  0x0000000000001abd      0x3dc sprite.o
 .debug_abbrev  0x0000000000001e99      0x1a3 main.o
 .debug_abbrev  0x000000000000203c      0x278 /opt/toolchains/sh-elf/bin/../lib/gcc/sh-elf/11.1.0/libgcc.a(_mul_df.o)
 .debug_abbrev  0x00000000000022b4      0x1b2 /opt/toolchains/sh-elf/bin/../lib/gcc/sh-elf/11.1.0/libgcc.a(_si_to_df.o)
 .debug_abbrev  0x0000000000002466      0x1b2 /opt/toolchains/sh-elf/bin/../lib/gcc/sh-elf/11.1.0/libgcc.a(_df_to_si.o)
 .debug_abbrev  0x0000000000002618       0xcf /opt/toolchains/sh-elf/bin/../lib/gcc/sh-elf/11.1.0/libgcc.a(_thenan_df.o)
 .debug_abbrev  0x00000000000026e7       0xca /opt/toolchains/sh-elf/bin/../lib/gcc/sh-elf/11.1.0/libgcc.a(_clzsi2.o)
 .debug_abbrev  0x00000000000027b1      0x1ae /opt/toolchains/sh-elf/bin/../lib/gcc/sh-elf/11.1.0/libgcc.a(_pack_df.o)
 .debug_abbrev  0x000000000000295f      0x142 /opt/toolchains/sh-elf/bin/../lib/gcc/sh-elf/11.1.0/libgcc.a(_unpack_df.o)
 .debug_abbrev  0x0000000000002aa1       0x70 /opt/toolchains/sh-elf/bin/../lib/gcc/sh-elf/11.1.0/libgcc.a(_clz.o)
 .debug_abbrev  0x0000000000002b11       0x8a /opt/toolchains/sh-elf/bin/../lib/gcc/sh-elf/11.1.0/../../../../sh-elf/lib/libc.a(lib_a-memcmp.o)
 .debug_abbrev  0x0000000000002b9b       0xba /opt/toolchains/sh-elf/bin/../lib/gcc/sh-elf/11.1.0/../../../../sh-elf/lib/libc.a(lib_a-memmove.o)
 .debug_abbrev  0x0000000000002c55       0x8c /opt/toolchains/sh-elf/bin/../lib/gcc/sh-elf/11.1.0/../../../../sh-elf/lib/libc.a(lib_a-strncmp.o)
 .debug_abbrev  0x0000000000002ce1       0xb5 /opt/toolchains/sh-elf/bin/../lib/gcc/sh-elf/11.1.0/../../../../sh-elf/lib/libc.a(lib_a-strncpy.o)

.debug_aranges  0x0000000000000000      0x340
 .debug_aranges
                0x0000000000000000       0x20 vblank.o
 .debug_aranges
                0x0000000000000020       0x20 bg.o
 .debug_aranges
                0x0000000000000040       0x20 cd.o
 .debug_aranges
                0x0000000000000060       0x20 crc.o
 .debug_aranges
                0x0000000000000080       0x20 devcart.o
 .debug_aranges
                0x00000000000000a0       0x20 game.o
 .debug_aranges
                0x00000000000000c0       0x18 hwram.o
 .debug_aranges
                0x00000000000000d8       0x20 pcmsys.o
 .debug_aranges
                0x00000000000000f8       0x18 piece.o
 .debug_aranges
                0x0000000000000110       0x20 print.o
 .debug_aranges
                0x0000000000000130       0x20 rng.o
 .debug_aranges
                0x0000000000000150       0x20 scroll.o
 .debug_aranges
                0x0000000000000170       0x20 sound.o
 .debug_aranges
                0x0000000000000190       0x20 sprite.o
 .debug_aranges
                0x00000000000001b0       0x20 main.o
 .debug_aranges
                0x00000000000001d0       0x20 /opt/toolchains/sh-elf/bin/../lib/gcc/sh-elf/11.1.0/libgcc.a(_mul_df.o)
 .debug_aranges
                0x00000000000001f0       0x20 /opt/toolchains/sh-elf/bin/../lib/gcc/sh-elf/11.1.0/libgcc.a(_si_to_df.o)
 .debug_aranges
                0x0000000000000210       0x20 /opt/toolchains/sh-elf/bin/../lib/gcc/sh-elf/11.1.0/libgcc.a(_df_to_si.o)
 .debug_aranges
                0x0000000000000230       0x18 /opt/toolchains/sh-elf/bin/../lib/gcc/sh-elf/11.1.0/libgcc.a(_thenan_df.o)
 .debug_aranges
                0x0000000000000248       0x20 /opt/toolchains/sh-elf/bin/../lib/gcc/sh-elf/11.1.0/libgcc.a(_clzsi2.o)
 .debug_aranges
                0x0000000000000268       0x20 /opt/toolchains/sh-elf/bin/../lib/gcc/sh-elf/11.1.0/libgcc.a(_pack_df.o)
 .debug_aranges
                0x0000000000000288       0x20 /opt/toolchains/sh-elf/bin/../lib/gcc/sh-elf/11.1.0/libgcc.a(_unpack_df.o)
 .debug_aranges
                0x00000000000002a8       0x18 /opt/toolchains/sh-elf/bin/../lib/gcc/sh-elf/11.1.0/libgcc.a(_clz.o)
 .debug_aranges
                0x00000000000002c0       0x20 /opt/toolchains/sh-elf/bin/../lib/gcc/sh-elf/11.1.0/../../../../sh-elf/lib/libc.a(lib_a-memcmp.o)
 .debug_aranges
                0x00000000000002e0       0x20 /opt/toolchains/sh-elf/bin/../lib/gcc/sh-elf/11.1.0/../../../../sh-elf/lib/libc.a(lib_a-memmove.o)
 .debug_aranges
                0x0000000000000300       0x20 /opt/toolchains/sh-elf/bin/../lib/gcc/sh-elf/11.1.0/../../../../sh-elf/lib/libc.a(lib_a-strncmp.o)
 .debug_aranges
                0x0000000000000320       0x20 /opt/toolchains/sh-elf/bin/../lib/gcc/sh-elf/11.1.0/../../../../sh-elf/lib/libc.a(lib_a-strncpy.o)

.debug_line     0x0000000000000000     0x45c1
 .debug_line    0x0000000000000000      0x153 vblank.o
 .debug_line    0x0000000000000153      0x3ba bg.o
 .debug_line    0x000000000000050d      0x13e cd.o
 .debug_line    0x000000000000064b       0xaa crc.o
 .debug_line    0x00000000000006f5      0x3d0 devcart.o
 .debug_line    0x0000000000000ac5      0xdeb game.o
 .debug_line    0x00000000000018b0       0x58 hwram.o
 .debug_line    0x0000000000001908      0x4ce pcmsys.o
 .debug_line    0x0000000000001dd6       0x33 piece.o
 .debug_line    0x0000000000001e09      0x1db print.o
 .debug_line    0x0000000000001fe4      0x155 rng.o
 .debug_line    0x0000000000002139      0x6b9 scroll.o
 .debug_line    0x00000000000027f2      0x24d sound.o
 .debug_line    0x0000000000002a3f      0x820 sprite.o
 .debug_line    0x000000000000325f      0x191 main.o
 .debug_line    0x00000000000033f0      0x2d6 /opt/toolchains/sh-elf/bin/../lib/gcc/sh-elf/11.1.0/libgcc.a(_mul_df.o)
 .debug_line    0x00000000000036c6      0x13d /opt/toolchains/sh-elf/bin/../lib/gcc/sh-elf/11.1.0/libgcc.a(_si_to_df.o)
 .debug_line    0x0000000000003803       0xf6 /opt/toolchains/sh-elf/bin/../lib/gcc/sh-elf/11.1.0/libgcc.a(_df_to_si.o)
 .debug_line    0x00000000000038f9       0x50 /opt/toolchains/sh-elf/bin/../lib/gcc/sh-elf/11.1.0/libgcc.a(_thenan_df.o)
 .debug_line    0x0000000000003949       0xad /opt/toolchains/sh-elf/bin/../lib/gcc/sh-elf/11.1.0/libgcc.a(_clzsi2.o)
 .debug_line    0x00000000000039f6      0x30c /opt/toolchains/sh-elf/bin/../lib/gcc/sh-elf/11.1.0/libgcc.a(_pack_df.o)
 .debug_line    0x0000000000003d02      0x146 /opt/toolchains/sh-elf/bin/../lib/gcc/sh-elf/11.1.0/libgcc.a(_unpack_df.o)
 .debug_line    0x0000000000003e48       0x52 /opt/toolchains/sh-elf/bin/../lib/gcc/sh-elf/11.1.0/libgcc.a(_clz.o)
 .debug_line    0x0000000000003e9a      0x167 /opt/toolchains/sh-elf/bin/../lib/gcc/sh-elf/11.1.0/../../../../sh-elf/lib/libc.a(lib_a-memcmp.o)
 .debug_line    0x0000000000004001      0x1ec /opt/toolchains/sh-elf/bin/../lib/gcc/sh-elf/11.1.0/../../../../sh-elf/lib/libc.a(lib_a-memmove.o)
 .debug_line    0x00000000000041ed      0x200 /opt/toolchains/sh-elf/bin/../lib/gcc/sh-elf/11.1.0/../../../../sh-elf/lib/libc.a(lib_a-strncmp.o)
 .debug_line    0x00000000000043ed      0x1d4 /opt/toolchains/sh-elf/bin/../lib/gcc/sh-elf/11.1.0/../../../../sh-elf/lib/libc.a(lib_a-strncpy.o)

.debug_str      0x0000000000000000     0x1b04
 .debug_str     0x0000000000000000      0x236 vblank.o
                                        0x298 (size before relaxing)
 .debug_str     0x0000000000000236      0x1c4 bg.o
                                        0x2a9 (size before relaxing)
 .debug_str     0x00000000000003fa      0x25a cd.o
                                        0x36a (size before relaxing)
 .debug_str     0x0000000000000654       0x3a crc.o
                                        0x121 (size before relaxing)
 .debug_str     0x000000000000068e      0x118 devcart.o
                                        0x246 (size before relaxing)
 .debug_str     0x00000000000007a6      0x442 game.o
                                        0x56e (size before relaxing)
 .debug_str     0x0000000000000be8        0x8 hwram.o
                                         0xcd (size before relaxing)
 .debug_str     0x0000000000000bf0      0x161 pcmsys.o
                                        0x302 (size before relaxing)
 .debug_str     0x0000000000000d51        0x8 piece.o
                                         0x62 (size before relaxing)
 .debug_str     0x0000000000000d59       0x56 print.o
                                        0x1f4 (size before relaxing)
 .debug_str     0x0000000000000daf       0x7c rng.o
                                        0x184 (size before relaxing)
 .debug_str     0x0000000000000e2b      0x35e scroll.o
                                        0x4f8 (size before relaxing)
 .debug_str     0x0000000000001189       0xd2 sound.o
                                        0x20c (size before relaxing)
 .debug_str     0x000000000000125b      0x330 sprite.o
                                        0x560 (size before relaxing)
 .debug_str     0x000000000000158b      0x130 main.o
                                        0x30e (size before relaxing)
 .debug_str     0x00000000000016bb      0x212 /opt/toolchains/sh-elf/bin/../lib/gcc/sh-elf/11.1.0/libgcc.a(_mul_df.o)
                                        0x28a (size before relaxing)
 .debug_str     0x00000000000018cd       0x27 /opt/toolchains/sh-elf/bin/../lib/gcc/sh-elf/11.1.0/libgcc.a(_si_to_df.o)
                                        0x216 (size before relaxing)
 .debug_str     0x00000000000018f4        0xa /opt/toolchains/sh-elf/bin/../lib/gcc/sh-elf/11.1.0/libgcc.a(_df_to_si.o)
                                        0x233 (size before relaxing)
 .debug_str     0x00000000000018fe      0x1d5 /opt/toolchains/sh-elf/bin/../lib/gcc/sh-elf/11.1.0/libgcc.a(_thenan_df.o)
 .debug_str     0x00000000000018fe       0x59 /opt/toolchains/sh-elf/bin/../lib/gcc/sh-elf/11.1.0/libgcc.a(_clzsi2.o)
                                        0x198 (size before relaxing)
 .debug_str     0x0000000000001957        0x7 /opt/toolchains/sh-elf/bin/../lib/gcc/sh-elf/11.1.0/libgcc.a(_pack_df.o)
                                        0x227 (size before relaxing)
 .debug_str     0x000000000000195e      0x209 /opt/toolchains/sh-elf/bin/../lib/gcc/sh-elf/11.1.0/libgcc.a(_unpack_df.o)
 .debug_str     0x000000000000195e      0x17b /opt/toolchains/sh-elf/bin/../lib/gcc/sh-elf/11.1.0/libgcc.a(_clz.o)
 .debug_str     0x000000000000195e       0xa8 /opt/toolchains/sh-elf/bin/../lib/gcc/sh-elf/11.1.0/../../../../sh-elf/lib/libc.a(lib_a-memcmp.o)
                                        0x144 (size before relaxing)
 .debug_str     0x0000000000001a06       0x72 /opt/toolchains/sh-elf/bin/../lib/gcc/sh-elf/11.1.0/../../../../sh-elf/lib/libc.a(lib_a-memmove.o)
                                        0x177 (size before relaxing)
 .debug_str     0x0000000000001a78       0x41 /opt/toolchains/sh-elf/bin/../lib/gcc/sh-elf/11.1.0/../../../../sh-elf/lib/libc.a(lib_a-strncmp.o)
                                        0x146 (size before relaxing)
 .debug_str     0x0000000000001ab9       0x4b /opt/toolchains/sh-elf/bin/../lib/gcc/sh-elf/11.1.0/../../../../sh-elf/lib/libc.a(lib_a-strncpy.o)
                                        0x16e (size before relaxing)

.comment        0x0000000000000000       0x12
 .comment       0x0000000000000000       0x12 vblank.o
                                         0x13 (size before relaxing)
 .comment       0x0000000000000012       0x13 bg.o
 .comment       0x0000000000000012       0x13 cd.o
 .comment       0x0000000000000012       0x13 crc.o
 .comment       0x0000000000000012       0x13 devcart.o
 .comment       0x0000000000000012       0x13 game.o
 .comment       0x0000000000000012       0x13 hwram.o
 .comment       0x0000000000000012       0x13 pcmsys.o
 .comment       0x0000000000000012       0x13 piece.o
 .comment       0x0000000000000012       0x13 print.o
 .comment       0x0000000000000012       0x13 rng.o
 .comment       0x0000000000000012       0x13 scroll.o
 .comment       0x0000000000000012       0x13 sound.o
 .comment       0x0000000000000012       0x13 sprite.o
 .comment       0x0000000000000012       0x13 main.o
 .comment       0x0000000000000012       0x13 ../sbl/segalib/lib/libsat.a(cdc_cmn.o)
 .comment       0x0000000000000012       0x13 ../sbl/segalib/lib/libsat.a(cdc_drv.o)
 .comment       0x0000000000000012       0x13 ../sbl/segalib/lib/libsat.a(dma_scu1.o)
 .comment       0x0000000000000012       0x13 ../sbl/segalib/lib/libsat.a(gfs.o)
 .comment       0x0000000000000012       0x13 ../sbl/segalib/lib/libsat.a(gfs_buf.o)
 .comment       0x0000000000000012       0x13 ../sbl/segalib/lib/libsat.a(gfs_cdb.o)
 .comment       0x0000000000000012       0x13 ../sbl/segalib/lib/libsat.a(gfs_cdc.o)
 .comment       0x0000000000000012       0x13 ../sbl/segalib/lib/libsat.a(gfs_cdf.o)
 .comment       0x0000000000000012       0x13 ../sbl/segalib/lib/libsat.a(gfs_dir.o)
 .comment       0x0000000000000012       0x13 ../sbl/segalib/lib/libsat.a(gfs_trn.o)
 .comment       0x0000000000000012       0x13 ../sbl/segalib/lib/libsat.a(mth_rand.o)
 .comment       0x0000000000000012       0x13 ../sbl/segalib/lib/libsat.a(per_prt.o)
 .comment       0x0000000000000012       0x13 ../sbl/segalib/lib/libsat.a(spr_2c.o)
 .comment       0x0000000000000012       0x13 ../sbl/segalib/lib/libsat.a(scl_func.o)
 .comment       0x0000000000000012       0x13 ../sbl/segalib/lib/libsat.a(scl_fu02.o)
 .comment       0x0000000000000012       0x13 ../sbl/segalib/lib/libsat.a(scl_fu03.o)
 .comment       0x0000000000000012       0x13 ../sbl/segalib/lib/libsat.a(scl_fu04.o)
 .comment       0x0000000000000012       0x13 ../sbl/segalib/lib/libsat.a(scl_pri.o)
 .comment       0x0000000000000012       0x13 ../sbl/segalib/lib/libsat.a(scl_ro00.o)
 .comment       0x0000000000000012       0x13 ../sbl/segalib/lib/libsat.a(scl_ro03.o)
 .comment       0x0000000000000012       0x13 ../sbl/segalib/lib/libsat.a(scl_back.o)
 .comment       0x0000000000000012       0x13 ../sbl/segalib/lib/libsat.a(scl_vblv.o)
 .comment       0x0000000000000012       0x13 ../sbl/segalib/lib/libsat.a(scl_pr01.o)
 .comment       0x0000000000000012       0x13 ../sbl/segalib/lib/libsat.a(scl_pr02.o)
 .comment       0x0000000000000012       0x13 ../sbl/segalib/lib/libsat.a(scl_pr03.o)
 .comment       0x0000000000000012       0x13 ../sbl/segalib/lib/libsat.a(scl_pr05.o)
 .comment       0x0000000000000012       0x13 ../sbl/segalib/lib/libsat.a(scl_pr06.o)
 .comment       0x0000000000000012       0x13 ../sbl/segalib/lib/libsat.a(scl_pr07.o)
 .comment       0x0000000000000012       0x13 ../sbl/segalib/lib/libsat.a(scl_pr11.o)
 .comment       0x0000000000000012       0x13 ../sbl/segalib/lib/libsat.a(scl_pr12.o)
 .comment       0x0000000000000012       0x13 ../sbl/segalib/lib/libsat.a(cdc_reg.o)
 .comment       0x0000000000000012       0x13 ../sbl/segalib/lib/libsat.a(cdc_sub.o)
 .comment       0x0000000000000012       0x13 ../sbl/segalib/lib/libsat.a(cdc_dev.o)
 .comment       0x0000000000000012       0x13 ../sbl/segalib/lib/libsat.a(cdc_sel.o)
 .comment       0x0000000000000012       0x13 ../sbl/segalib/lib/libsat.a(cdc_bif.o)
 .comment       0x0000000000000012       0x13 ../sbl/segalib/lib/libsat.a(cdc_bio.o)
 .comment       0x0000000000000012       0x13 ../sbl/segalib/lib/libsat.a(cdc_cfs.o)
 .comment       0x0000000000000012       0x13 ../sbl/segalib/lib/libsat.a(csh_main.o)
 .comment       0x0000000000000012       0x13 ../sbl/segalib/lib/libsat.a(dma_cpu0.o)
 .comment       0x0000000000000012       0x13 ../sbl/segalib/lib/libsat.a(dma_scu0.o)
 .comment       0x0000000000000012       0x13 ../sbl/segalib/lib/libsat.a(spr_1c.o)
 .comment       0x0000000000000012       0x13 /opt/toolchains/sh-elf/bin/../lib/gcc/sh-elf/11.1.0/libgcc.a(_mul_df.o)
 .comment       0x0000000000000012       0x13 /opt/toolchains/sh-elf/bin/../lib/gcc/sh-elf/11.1.0/libgcc.a(_si_to_df.o)
 .comment       0x0000000000000012       0x13 /opt/toolchains/sh-elf/bin/../lib/gcc/sh-elf/11.1.0/libgcc.a(_df_to_si.o)
 .comment       0x0000000000000012       0x13 /opt/toolchains/sh-elf/bin/../lib/gcc/sh-elf/11.1.0/libgcc.a(_thenan_df.o)
 .comment       0x0000000000000012       0x13 /opt/toolchains/sh-elf/bin/../lib/gcc/sh-elf/11.1.0/libgcc.a(_clzsi2.o)
 .comment       0x0000000000000012       0x13 /opt/toolchains/sh-elf/bin/../lib/gcc/sh-elf/11.1.0/libgcc.a(_pack_df.o)
 .comment       0x0000000000000012       0x13 /opt/toolchains/sh-elf/bin/../lib/gcc/sh-elf/11.1.0/libgcc.a(_unpack_df.o)
 .comment       0x0000000000000012       0x13 /opt/toolchains/sh-elf/bin/../lib/gcc/sh-elf/11.1.0/libgcc.a(_clz.o)
 .comment       0x0000000000000012       0x13 /opt/toolchains/sh-elf/bin/../lib/gcc/sh-elf/11.1.0/../../../../sh-elf/lib/libc.a(lib_a-memcmp.o)
 .comment       0x0000000000000012       0x13 /opt/toolchains/sh-elf/bin/../lib/gcc/sh-elf/11.1.0/../../../../sh-elf/lib/libc.a(lib_a-memmove.o)
 .comment       0x0000000000000012       0x13 /opt/toolchains/sh-elf/bin/../lib/gcc/sh-elf/11.1.0/../../../../sh-elf/lib/libc.a(lib_a-strncmp.o)
 .comment       0x0000000000000012       0x13 /opt/toolchains/sh-elf/bin/../lib/gcc/sh-elf/11.1.0/../../../../sh-elf/lib/libc.a(lib_a-strncpy.o)

.debug_frame    0x0000000000000000      0xf80
 .debug_frame   0x0000000000000000       0x84 vblank.o
 .debug_frame   0x0000000000000084       0xf0 bg.o
 .debug_frame   0x0000000000000174       0x78 cd.o
 .debug_frame   0x00000000000001ec       0x20 crc.o
 .debug_frame   0x000000000000020c       0x98 devcart.o
 .debug_frame   0x00000000000002a4      0x258 game.o
 .debug_frame   0x00000000000004fc      0x174 pcmsys.o
 .debug_frame   0x0000000000000670       0xc4 print.o
 .debug_frame   0x0000000000000734       0x80 rng.o
 .debug_frame   0x00000000000007b4      0x250 scroll.o
 .debug_frame   0x0000000000000a04       0x78 sound.o
 .debug_frame   0x0000000000000a7c      0x224 sprite.o
 .debug_frame   0x0000000000000ca0       0x4c main.o
 .debug_frame   0x0000000000000cec       0x98 /opt/toolchains/sh-elf/bin/../lib/gcc/sh-elf/11.1.0/libgcc.a(_mul_df.o)
 .debug_frame   0x0000000000000d84       0x3c /opt/toolchains/sh-elf/bin/../lib/gcc/sh-elf/11.1.0/libgcc.a(_si_to_df.o)
 .debug_frame   0x0000000000000dc0       0x48 /opt/toolchains/sh-elf/bin/../lib/gcc/sh-elf/11.1.0/libgcc.a(_df_to_si.o)
 .debug_frame   0x0000000000000e08       0x38 /opt/toolchains/sh-elf/bin/../lib/gcc/sh-elf/11.1.0/libgcc.a(_clzsi2.o)
 .debug_frame   0x0000000000000e40       0x6c /opt/toolchains/sh-elf/bin/../lib/gcc/sh-elf/11.1.0/libgcc.a(_pack_df.o)
 .debug_frame   0x0000000000000eac       0x20 /opt/toolchains/sh-elf/bin/../lib/gcc/sh-elf/11.1.0/libgcc.a(_unpack_df.o)
 .debug_frame   0x0000000000000ecc       0x20 /opt/toolchains/sh-elf/bin/../lib/gcc/sh-elf/11.1.0/../../../../sh-elf/lib/libc.a(lib_a-memcmp.o)
 .debug_frame   0x0000000000000eec       0x20 /opt/toolchains/sh-elf/bin/../lib/gcc/sh-elf/11.1.0/../../../../sh-elf/lib/libc.a(lib_a-memmove.o)
 .debug_frame   0x0000000000000f0c       0x30 /opt/toolchains/sh-elf/bin/../lib/gcc/sh-elf/11.1.0/../../../../sh-elf/lib/libc.a(lib_a-strncmp.o)
 .debug_frame   0x0000000000000f3c       0x44 /opt/toolchains/sh-elf/bin/../lib/gcc/sh-elf/11.1.0/../../../../sh-elf/lib/libc.a(lib_a-strncpy.o)

.debug_loclists
                0x0000000000000000     0x1dc7
 .debug_loclists
                0x0000000000000000       0x4b bg.o
 .debug_loclists
                0x000000000000004b       0x59 cd.o
 .debug_loclists
                0x00000000000000a4       0x64 crc.o
 .debug_loclists
                0x0000000000000108      0x1ae devcart.o
 .debug_loclists
                0x00000000000002b6      0x563 game.o
 .debug_loclists
                0x0000000000000819      0x1fe pcmsys.o
 .debug_loclists
                0x0000000000000a17      0x19d print.o
 .debug_loclists
                0x0000000000000bb4       0x70 rng.o
 .debug_loclists
                0x0000000000000c24      0x42c scroll.o
 .debug_loclists
                0x0000000000001050       0x60 sound.o
 .debug_loclists
                0x00000000000010b0      0x2ed sprite.o
 .debug_loclists
                0x000000000000139d      0x30c /opt/toolchains/sh-elf/bin/../lib/gcc/sh-elf/11.1.0/libgcc.a(_mul_df.o)
 .debug_loclists
                0x00000000000016a9       0x6c /opt/toolchains/sh-elf/bin/../lib/gcc/sh-elf/11.1.0/libgcc.a(_si_to_df.o)
 .debug_loclists
                0x0000000000001715       0x35 /opt/toolchains/sh-elf/bin/../lib/gcc/sh-elf/11.1.0/libgcc.a(_df_to_si.o)
 .debug_loclists
                0x000000000000174a       0x22 /opt/toolchains/sh-elf/bin/../lib/gcc/sh-elf/11.1.0/libgcc.a(_clzsi2.o)
 .debug_loclists
                0x000000000000176c      0x230 /opt/toolchains/sh-elf/bin/../lib/gcc/sh-elf/11.1.0/libgcc.a(_pack_df.o)
 .debug_loclists
                0x000000000000199c       0x71 /opt/toolchains/sh-elf/bin/../lib/gcc/sh-elf/11.1.0/libgcc.a(_unpack_df.o)
 .debug_loclists
                0x0000000000001a0d       0xae /opt/toolchains/sh-elf/bin/../lib/gcc/sh-elf/11.1.0/../../../../sh-elf/lib/libc.a(lib_a-memcmp.o)
 .debug_loclists
                0x0000000000001abb      0x13c /opt/toolchains/sh-elf/bin/../lib/gcc/sh-elf/11.1.0/../../../../sh-elf/lib/libc.a(lib_a-memmove.o)
 .debug_loclists