Archive member included to satisfy reference by file (symbol)

../sbl/segalib/lib/libsat.a(mth_fixd.o)
                              sprite.o (_MTH_Mul)
../sbl/segalib/lib/libsat.a(mth_tri.o)
                              sprite.o (_MTH_Sin)
../sbl/segalib/lib/libsat.a(per_prt.o)
                              vblank.o (_PER_Init)
../sbl/segalib/lib/libsat.a(spr_2c.o)
                              sprite.o (_SPR_2SetTvMode)
../sbl/segalib/lib/libsat.a(scl_func.o)
                              scroll.o (_Scl_n_reg)
../sbl/segalib/lib/libsat.a(scl_fu02.o)
                              scroll.o (_SCL_InitVramConfigTb)
../sbl/segalib/lib/libsat.a(scl_fu03.o)
                              scroll.o (_SCL_InitConfigTb)
../sbl/segalib/lib/libsat.a(scl_fu04.o)
                              scroll.o (_SCL_SetCycleTable)
../sbl/segalib/lib/libsat.a(scl_pri.o)
                              ../sbl/segalib/lib/libsat.a(scl_func.o) (_SCL_PriorityInit)
../sbl/segalib/lib/libsat.a(scl_ro00.o)
                              ../sbl/segalib/lib/libsat.a(scl_func.o) (_SCL_Rotate)
../sbl/segalib/lib/libsat.a(scl_back.o)
                              scroll.o (_SCL_SetBack)
../sbl/segalib/lib/libsat.a(scl_vblv.o)
                              ../sbl/segalib/lib/libsat.a(spr_2c.o) (_SCL_SetFrameInterval)
../sbl/segalib/lib/libsat.a(scl_pr01.o)
                              sprite.o (_SCL_SetSpriteMode)
../sbl/segalib/lib/libsat.a(scl_pr02.o)
                              scroll.o (_SCL_SetColRam)
../sbl/segalib/lib/libsat.a(scl_pr03.o)
                              scroll.o (_SCL_AllocColRam)
../sbl/segalib/lib/libsat.a(scl_pr05.o)
                              ../sbl/segalib/lib/libsat.a(scl_pr02.o) (_SCL_GetColRamOffset)
../sbl/segalib/lib/libsat.a(scl_pr06.o)
                              ../sbl/segalib/lib/libsat.a(scl_pr03.o) (_SCL_SetColRamOffset)
../sbl/segalib/lib/libsat.a(scl_pr07.o)
                              scroll.o (_SCL_SetPriority)
../sbl/segalib/lib/libsat.a(spr_1c.o)
                              ../sbl/segalib/lib/libsat.a(spr_2c.o) (_SPR_SetTvMode)
../sbl/segalib/lib/libsat.a(spr_2a.o)
                              ../sbl/segalib/lib/libsat.a(spr_2c.o) (_SPR_2SetDrawPrty)
/opt/toolchains/sh-elf/bin/../lib/gcc/sh-elf/11.1.0/libgcc.a(_ashiftrt.o)
                              ../sbl/segalib/lib/libsat.a(scl_ro00.o) (___ashiftrt_r4_6)
/opt/toolchains/sh-elf/bin/../lib/gcc/sh-elf/11.1.0/libgcc.a(_ashiftlt.o)
                              scroll.o (___ashlsi3_r0)
/opt/toolchains/sh-elf/bin/../lib/gcc/sh-elf/11.1.0/libgcc.a(_movmem.o)
                              scroll.o (___movmem)
/opt/toolchains/sh-elf/bin/../lib/gcc/sh-elf/11.1.0/libgcc.a(_udivsi3.o)
                              ../sbl/segalib/lib/libsat.a(scl_fu03.o) (___udivsi3)
/opt/toolchains/sh-elf/bin/../lib/gcc/sh-elf/11.1.0/libgcc.a(_mul_df.o)
                              ../sbl/segalib/lib/libsat.a(scl_ro00.o) (___muldf3)
/opt/toolchains/sh-elf/bin/../lib/gcc/sh-elf/11.1.0/libgcc.a(_si_to_df.o)
                              ../sbl/segalib/lib/libsat.a(scl_ro00.o) (___floatsidf)
/opt/toolchains/sh-elf/bin/../lib/gcc/sh-elf/11.1.0/libgcc.a(_df_to_si.o)
                              ../sbl/segalib/lib/libsat.a(scl_ro00.o) (___fixdfsi)
/opt/toolchains/sh-elf/bin/../lib/gcc/sh-elf/11.1.0/libgcc.a(_thenan_df.o)
                              /opt/toolchains/sh-elf/bin/../lib/gcc/sh-elf/11.1.0/libgcc.a(_mul_df.o) (___thenan_df)
/opt/toolchains/sh-elf/bin/../lib/gcc/sh-elf/11.1.0/libgcc.a(_lshiftrt.o)
                              /opt/toolchains/sh-elf/bin/../lib/gcc/sh-elf/11.1.0/libgcc.a(_si_to_df.o) (___lshrsi3_r0)
/opt/toolchains/sh-elf/bin/../lib/gcc/sh-elf/11.1.0/libgcc.a(_clzsi2.o)
                              /opt/toolchains/sh-elf/bin/../lib/gcc/sh-elf/11.1.0/libgcc.a(_si_to_df.o) (___clzsi2)
/opt/toolchains/sh-elf/bin/../lib/gcc/sh-elf/11.1.0/libgcc.a(_pack_df.o)
                              /opt/toolchains/sh-elf/bin/../lib/gcc/sh-elf/11.1.0/libgcc.a(_mul_df.o) (___pack_d)
/opt/toolchains/sh-elf/bin/../lib/gcc/sh-elf/11.1.0/libgcc.a(_unpack_df.o)
                              /opt/toolchains/sh-elf/bin/../lib/gcc/sh-elf/11.1.0/libgcc.a(_mul_df.o) (___unpack_d)
/opt/toolchains/sh-elf/bin/../lib/gcc/sh-elf/11.1.0/libgcc.a(_clz.o)
                              /opt/toolchains/sh-elf/bin/../lib/gcc/sh-elf/11.1.0/libgcc.a(_clzsi2.o) (___clz_tab)
/opt/toolchains/sh-elf/bin/../lib/gcc/sh-elf/11.1.0/../../../../sh-elf/lib/libc.a(lib_a-memcpy.o)
                              scroll.o (_memcpy)
/opt/toolchains/sh-elf/bin/../lib/gcc/sh-elf/11.1.0/../../../../sh-elf/lib/libc.a(lib_a-memset.o)
                              scroll.o (_memset)

Memory Configuration

Name             Origin             Length             Attributes
*default*        0x0000000000000000 0xffffffffffffffff

Linker script and memory map

LOAD entry.o
LOAD stack.o
LOAD vblank.o
LOAD cd.o
LOAD crc.o
LOAD devcart.o
LOAD print.o
LOAD scroll.o
LOAD sound.o
LOAD sprite.o
LOAD main.o
LOAD ../sbl/segalib/lib/libsat.a
LOAD /opt/toolchains/sh-elf/bin/../lib/gcc/sh-elf/11.1.0/libgcc.a
LOAD /opt/toolchains/sh-elf/bin/../lib/gcc/sh-elf/11.1.0/libgcc-Os-4-200.a
LOAD /opt/toolchains/sh-elf/bin/../lib/gcc/sh-elf/11.1.0/../../../../sh-elf/lib/libc.a
LOAD /opt/toolchains/sh-elf/bin/../lib/gcc/sh-elf/11.1.0/libgcc.a
LOAD /opt/toolchains/sh-elf/bin/../lib/gcc/sh-elf/11.1.0/libgcc-Os-4-200.a

.entry          0x0000000006010000       0x60
 *(.entry)
 .entry         0x0000000006010000       0x50 entry.o
                0x0000000006010000                _entry
                0x0000000006010060                . = ALIGN (0x20)
 *fill*         0x0000000006010050       0x10 
                0x0000000006010060                _eentry = ABSOLUTE (.)

.text           0x0000000006010060     0x8e20
 *(.text*)
 .text          0x0000000006010060        0x0 entry.o
 .text          0x0000000006010060        0x0 stack.o
 .text          0x0000000006010060      0x1c4 vblank.o
                0x0000000006010060                _SetVblank
                0x0000000006010118                _CheckVblankEnd
                0x0000000006010130                _UsrVblankIn
                0x000000000601014c                _UsrVblankOut
 .text          0x0000000006010224       0x78 cd.o
                0x0000000006010224                _CD_Init
                0x0000000006010232                _CD_ChangeDir
                0x0000000006010260                _CD_Load
 .text          0x000000000601029c       0x98 crc.o
                0x000000000601029c                _crc_update
 .text          0x0000000006010334      0x418 devcart.o
                0x0000000006010460                _Devcart_LoadFile
                0x000000000601060c                _Devcart_PrintStr
                0x0000000006010680                _Devcart_Reset
                0x00000000060106d8                _Devcart_ChangeDir
 .text          0x000000000601074c      0x340 print.o
                0x000000000601074c                _Print_Load
                0x0000000006010774                _Print_Init
                0x00000000060107f4                _Print_Num
                0x00000000060108b8                _Print_String
                0x000000000601098c                _Print_Display
 .text          0x0000000006010a8c      0xa60 scroll.o
                0x0000000006010a8c                _scroll_init
                0x0000000006010e28                _scroll_loadtile
                0x0000000006010f5c                _scroll_tileptr
                0x0000000006010fe4                _scroll_mapptr
                0x0000000006011070                _scroll_scale
                0x00000000060111c8                _scroll_set
                0x0000000006011238                _scroll_move
                0x00000000060112a8                _scroll_clearmaps
                0x0000000006011314                _scroll_clearvram
                0x0000000006011364                _scroll_charsize
                0x00000000060113e8                _scroll_enable
                0x0000000006011468                _scroll_mapsize
 .text          0x00000000060114ec       0x46 sound.o
                0x00000000060114ec                _sound_init
                0x00000000060114fa                _sound_cdda
                0x0000000006011516                _sound_play
 *fill*         0x0000000006011532        0x2 
 .text          0x0000000006011534      0xd9c sprite.o
                0x0000000006011534                _Sprite_Init
                0x0000000006011620                _Sprite_Clear
                0x00000000060119f4                _Sprite_Load
                0x0000000006011ab0                _Sprite_StartDraw
                0x0000000006011af4                _Sprite_Draw
                0x0000000006011ef8                _Sprite_Make
                0x0000000006011fb0                _Sprite_DrawAll
                0x0000000006012098                _Sprite_Next
                0x0000000006012154                _Sprite_ListAdd
                0x00000000060121b6                _Sprite_ListRemove
                0x0000000006012232                _Sprite_Delete
                0x0000000006012270                _Sprite_DeleteAll
 .text          0x00000000060122d0      0x148 main.o
                0x00000000060122d0                _main
 .text          0x0000000006012418       0x78 ../sbl/segalib/lib/libsat.a(mth_fixd.o)
                0x0000000006012418                _MTH_Mul
                0x000000000601242c                _MTH_Div
                0x0000000006012440                _MTH_IntToFixed
                0x0000000006012448                _MTH_FixedToInt
                0x0000000006012450                _MTH_Product
 .text          0x0000000006012490      0x5d4 ../sbl/segalib/lib/libsat.a(mth_tri.o)
                0x0000000006012490                _MTH_Sin
                0x00000000060124d0                _MTH_Cos
                0x0000000006012514                _fcos
                0x000000000601251a                _fsin
                0x00000000060126ac                _MTH_Atan
 .text          0x0000000006012a64      0xf58 ../sbl/segalib/lib/libsat.a(per_prt.o)
                0x0000000006012e64                _PER_IntFunc
                0x0000000006013714                _PER_Init
                0x00000000060138bc                _PER_GetPer
 .text          0x00000000060139bc      0xcbc ../sbl/segalib/lib/libsat.a(spr_2c.o)
                0x00000000060139bc                _SPR_2SetTvMode
                0x00000000060139cc                _SPR_2FrameChgIntr
                0x00000000060139e0                _SPR_2FrameEraseData
                0x0000000006013a20                _SPR_2SetGourTbl
                0x0000000006013a50                _SPR_2SetLookupTbl
                0x0000000006013a6c                _SPR_2SetChar
                0x0000000006013b98                _SPR_2ClrChar
                0x0000000006013ca0                _SPR_2ClrAllChar
                0x0000000006013cec                _SPR_2Initial
                0x0000000006013e40                _SPR_2GourTblNoToVram
                0x0000000006013e5c                _SPR_2LookupTblNoToVram
                0x0000000006013e6c                _SPR_2CharNoToVram
                0x0000000006013e80                _SPR_2GetAreaSizeInfo
                0x0000000006013ee0                _SPR_2OpenCommand
                0x0000000006013f78                _SPR_2FlushDrawPrty
                0x0000000006013fb8                _SPR_2CloseCommand
                0x00000000060140d8                _SPR_2LocalCoord
                0x0000000006014130                _SPR_2SysClip
                0x0000000006014178                _SPR_2UserClip
                0x00000000060141c8                _SPR_2Line
                0x0000000006014264                _SPR_2PolyLine
                0x0000000006014304                _SPR_2Polygon
                0x00000000060143a4                _SPR_2NormSpr
                0x0000000006014470                _SPR_2ScaleSpr
                0x0000000006014558                _SPR_2DistSpr
                0x0000000006014630                _SPR_2Cmd
 .text          0x0000000006014678      0x754 ../sbl/segalib/lib/libsat.a(scl_func.o)
                0x0000000006014678                _SCL_ParametersInit
                0x0000000006014764                _SCL_Vdp2Init
                0x00000000060147cc                _SCL_Open
                0x00000000060147e8                _SCL_Close
                0x00000000060147fc                _SCL_MoveTo
                0x00000000060148f0                _SCL_Move
                0x0000000006014a1c                _SCL_Scale
                0x0000000006014b20                _SCL_Memcpyw
                0x0000000006014b34                _SCL_CopyReg
                0x0000000006014c14                _SCL_SetColRamMode
                0x0000000006014c64                _SCL_PriIntProc
                0x0000000006014d60                _SCL_ScrollShow
 .text          0x0000000006014dcc      0x384 ../sbl/segalib/lib/libsat.a(scl_fu02.o)
                0x0000000006014dcc                _SCL_InitVramConfigTb
                0x0000000006014dda                _SCL_SetVramConfig
 .text          0x0000000006015150      0x62c ../sbl/segalib/lib/libsat.a(scl_fu03.o)
                0x0000000006015150                _SCL_InitConfigTb
                0x0000000006015168                _SCL_SetConfig
 .text          0x000000000601577c       0x18 ../sbl/segalib/lib/libsat.a(scl_fu04.o)
                0x000000000601577c                _SCL_SetCycleTable
 .text          0x0000000006015794      0xf30 ../sbl/segalib/lib/libsat.a(scl_pri.o)
                0x0000000006015794                _SCL_PriorityInit
                0x0000000006015d40                _SCL_GetColRamMode
                0x0000000006015d60                _SCL_AbortAutoVe
                0x0000000006015d6c                _SCL_SetColMixRate
                0x00000000060160d4                _SCL_IncColOffset
                0x0000000006016148                _SCL_AutoExec
                0x0000000006016574                _SCL_SetShadowBit
 .text          0x00000000060166c4      0xe38 ../sbl/segalib/lib/libsat.a(scl_ro00.o)
                0x00000000060167e8                _SCL_InitRotateTable
                0x0000000006016a30                _SCL_RotateZD
                0x0000000006016b70                _SCL_Rotate
 .text          0x00000000060174fc       0x74 ../sbl/segalib/lib/libsat.a(scl_back.o)
                0x00000000060174fc                _SCL_SetBack
 .text          0x0000000006017570      0x264 ../sbl/segalib/lib/libsat.a(scl_vblv.o)
                0x0000000006017570                _SCL_SetFrameInterval
                0x00000000060175e8                _SCL_DisplayFrame
                0x0000000006017614                _SCL_VblInit
                0x000000000601765c                _SCL_VblankStart
                0x000000000601772c                _SCL_VblankEnd
 .text          0x00000000060177d4       0x54 ../sbl/segalib/lib/libsat.a(scl_pr01.o)
                0x00000000060177d4                _SCL_SetSpriteMode
 .text          0x0000000006017828       0x90 ../sbl/segalib/lib/libsat.a(scl_pr02.o)
                0x0000000006017828                _SCL_SetColRam
 .text          0x00000000060178b8      0x10c ../sbl/segalib/lib/libsat.a(scl_pr03.o)
                0x00000000060178b8                _SCL_FreeColRam
                0x00000000060178e0                _SCL_AllocColRam
 .text          0x00000000060179c4       0xac ../sbl/segalib/lib/libsat.a(scl_pr05.o)
                0x00000000060179c4                _SCL_GetColRamOffset
 .text          0x0000000006017a70      0x180 ../sbl/segalib/lib/libsat.a(scl_pr06.o)
                0x0000000006017a70                _SCL_SetColRamOffset
 .text          0x0000000006017bf0      0x1c8 ../sbl/segalib/lib/libsat.a(scl_pr07.o)
                0x0000000006017bf0                _SCL_SetPriority
 .text          0x0000000006017db8      0x240 ../sbl/segalib/lib/libsat.a(spr_1c.o)
                0x0000000006017db8                _SPR_SetTvMode
                0x0000000006017e34                _SPR_GetStatus
                0x0000000006017e88                _SPR_SetEraseData
                0x0000000006017f20                _SPR_Initial
                0x0000000006017fd4                _SPR_WaitDrawEnd
                0x0000000006017fe4                _SPR_SetEosMode
 .text          0x0000000006017ff8      0x16c ../sbl/segalib/lib/libsat.a(spr_2a.o)
                0x0000000006017ff8                _SPR_2SetDrawPrty
                0x0000000006018068                _SPR_2FlushDrawPrtyBlock
 .text          0x0000000006018164       0x52 /opt/toolchains/sh-elf/bin/../lib/gcc/sh-elf/11.1.0/libgcc.a(_ashiftrt.o)
                0x0000000006018164                ___ashiftrt_r4_31
                0x0000000006018164                ___ashiftrt_r4_32
                0x000000000601816a                ___ashiftrt_r4_30
                0x000000000601816c                ___ashiftrt_r4_29
                0x000000000601816e                ___ashiftrt_r4_28
                0x0000000006018170                ___ashiftrt_r4_27
                0x0000000006018172                ___ashiftrt_r4_26
                0x0000000006018174                ___ashiftrt_r4_25
                0x0000000006018176                ___ashiftrt_r4_24
                0x000000000601817e                ___ashiftrt_r4_23
                0x0000000006018180                ___ashiftrt_r4_22
                0x0000000006018182                ___ashiftrt_r4_21
                0x0000000006018184                ___ashiftrt_r4_20
                0x0000000006018186                ___ashiftrt_r4_19
                0x0000000006018188                ___ashiftrt_r4_18
                0x000000000601818a                ___ashiftrt_r4_17
                0x000000000601818c                ___ashiftrt_r4_16
                0x0000000006018192                ___ashiftrt_r4_15
                0x0000000006018194                ___ashiftrt_r4_14
                0x0000000006018196                ___ashiftrt_r4_13
                0x0000000006018198                ___ashiftrt_r4_12
                0x000000000601819a                ___ashiftrt_r4_11
                0x000000000601819c                ___ashiftrt_r4_10
                0x000000000601819e                ___ashiftrt_r4_9
                0x00000000060181a0                ___ashiftrt_r4_8
                0x00000000060181a2                ___ashiftrt_r4_7
                0x00000000060181a4                ___ashiftrt_r4_6
                0x00000000060181a6                ___ashiftrt_r4_5
                0x00000000060181a8                ___ashiftrt_r4_4
                0x00000000060181aa                ___ashiftrt_r4_3
                0x00000000060181ac                ___ashiftrt_r4_2
                0x00000000060181ae                ___ashiftrt_r4_1
                0x00000000060181b2                ___ashiftrt_r4_0
 *fill*         0x00000000060181b6        0x2 
 .text          0x00000000060181b8       0xbc /opt/toolchains/sh-elf/bin/../lib/gcc/sh-elf/11.1.0/libgcc.a(_ashiftlt.o)
                0x00000000060181b8                ___ashlsi3
                0x00000000060181bc                ___ashlsi3_r0
 .text          0x0000000006018274       0x78 /opt/toolchains/sh-elf/bin/../lib/gcc/sh-elf/11.1.0/libgcc.a(_movmem.o)
                0x0000000006018274                ___movmem
                0x0000000006018274                ___movstr
                0x00000000060182a8                ___movmemSI64
                0x00000000060182a8                ___movstrSI64
                0x00000000060182ac                ___movmemSI60
                0x00000000060182ac                ___movstrSI60
                0x00000000060182b0                ___movstrSI56
                0x00000000060182b0                ___movmemSI56
                0x00000000060182b4                ___movmemSI52
                0x00000000060182b4                ___movstrSI52
                0x00000000060182b8                ___movstrSI48
                0x00000000060182b8                ___movmemSI48
                0x00000000060182bc                ___movmemSI44
                0x00000000060182bc                ___movstrSI44
                0x00000000060182c0                ___movstrSI40
                0x00000000060182c0                ___movmemSI40
                0x00000000060182c4                ___movstrSI36
                0x00000000060182c4                ___movmemSI36
                0x00000000060182c8                ___movstrSI32
                0x00000000060182c8                ___movmemSI32
                0x00000000060182cc                ___movmemSI28
                0x00000000060182cc                ___movstrSI28
                0x00000000060182d0                ___movmemSI24
                0x00000000060182d0                ___movstrSI24
                0x00000000060182d4                ___movmemSI20
                0x00000000060182d4                ___movstrSI20
                0x00000000060182d8                ___movstrSI16
                0x00000000060182d8                ___movmemSI16
                0x00000000060182dc                ___movmemSI12
                0x00000000060182dc                ___movstrSI12
                0x00000000060182e0                ___movstrSI8
                0x00000000060182e0                ___movmemSI8
                0x00000000060182e4                ___movstrSI4
                0x00000000060182e4                ___movmemSI4
 .text          0x00000000060182ec       0x6c /opt/toolchains/sh-elf/bin/../lib/gcc/sh-elf/11.1.0/libgcc.a(_udivsi3.o)
                0x000000000601830e                ___udivsi3
 .text          0x0000000006018358      0x208 /opt/toolchains/sh-elf/bin/../lib/gcc/sh-elf/11.1.0/libgcc.a(_mul_df.o)
                0x0000000006018358                ___muldf3
 .text          0x0000000006018560       0xa8 /opt/toolchains/sh-elf/bin/../lib/gcc/sh-elf/11.1.0/libgcc.a(_si_to_df.o)
                0x0000000006018560                ___floatsidf
 .text          0x0000000006018608       0xa0 /opt/toolchains/sh-elf/bin/../lib/gcc/sh-elf/11.1.0/libgcc.a(_df_to_si.o)
                0x0000000006018608                ___fixdfsi
 .text          0x00000000060186a8        0x0 /opt/toolchains/sh-elf/bin/../lib/gcc/sh-elf/11.1.0/libgcc.a(_thenan_df.o)
 .text          0x00000000060186a8       0xbc /opt/toolchains/sh-elf/bin/../lib/gcc/sh-elf/11.1.0/libgcc.a(_lshiftrt.o)
                0x00000000060186a8                ___lshrsi3
                0x00000000060186ac                ___lshrsi3_r0
 .text          0x0000000006018764       0x74 /opt/toolchains/sh-elf/bin/../lib/gcc/sh-elf/11.1.0/libgcc.a(_clzsi2.o)
                0x0000000006018764                ___clzsi2
 .text          0x00000000060187d8      0x29c /opt/toolchains/sh-elf/bin/../lib/gcc/sh-elf/11.1.0/libgcc.a(_pack_df.o)
                0x00000000060187d8                ___pack_d
 .text          0x0000000006018a74       0xcc /opt/toolchains/sh-elf/bin/../lib/gcc/sh-elf/11.1.0/libgcc.a(_unpack_df.o)
                0x0000000006018a74                ___unpack_d
 .text          0x0000000006018b40        0x0 /opt/toolchains/sh-elf/bin/../lib/gcc/sh-elf/11.1.0/libgcc.a(_clz.o)
 .text          0x0000000006018b40       0x94 /opt/toolchains/sh-elf/bin/../lib/gcc/sh-elf/11.1.0/../../../../sh-elf/lib/libc.a(lib_a-memcpy.o)
                0x0000000006018b40                _memcpy
 .text          0x0000000006018bd4       0x40 /opt/toolchains/sh-elf/bin/../lib/gcc/sh-elf/11.1.0/../../../../sh-elf/lib/libc.a(lib_a-memset.o)
                0x0000000006018bd4                _memset
 *(.rodata*)
 .rodata        0x0000000006018c14      0x100 crc.o
 .rodata        0x0000000006018d14        0x9 print.o
 *fill*         0x0000000006018d1d        0x3 
 .rodata        0x0000000006018d20       0x1e main.o
 .rodata        0x0000000006018d3e       0x20 ../sbl/segalib/lib/libsat.a(spr_1c.o)
 *fill*         0x0000000006018d5e        0x2 
 .rodata        0x0000000006018d60       0x14 /opt/toolchains/sh-elf/bin/../lib/gcc/sh-elf/11.1.0/libgcc.a(_thenan_df.o)
                0x0000000006018d60                ___thenan_df
 .rodata        0x0000000006018d74      0x100 /opt/toolchains/sh-elf/bin/../lib/gcc/sh-elf/11.1.0/libgcc.a(_clz.o)
                0x0000000006018d74                ___clz_tab
 *(.strings)
                0x0000000006018e80                . = ALIGN (0x10)
 *fill*         0x0000000006018e74        0xc 
                0x0000000006018e80                _etext = ABSOLUTE (.)

.tors           0x0000000006018e80        0x0
                0x0000000006018e80                ___ctors = .
 *(.ctors)
                0x0000000006018e80                ___ctors_end = .
                0x0000000006018e80                ___dtors = .
 *(.dtors)
                0x0000000006018e80                ___dtors_end = .
                0x0000000006018e80                . = ALIGN (0x10)
                0x0000000006018e80                _etors = ABSOLUTE (.)

.data           0x0000000006018e80       0xa0
 *(.data)
 .data          0x0000000006018e80        0x0 entry.o
 .data          0x0000000006018e80        0x0 stack.o
 .data          0x0000000006018e80        0x0 vblank.o
 .data          0x0000000006018e80        0x0 cd.o
 .data          0x0000000006018e80        0x0 crc.o
 .data          0x0000000006018e80        0x0 devcart.o
 .data          0x0000000006018e80        0x0 print.o
 .data          0x0000000006018e80       0x50 scroll.o
                0x0000000006018e80                _vram
                0x0000000006018e90                _char_offsets
                0x0000000006018ea0                _CycleTbLoRes
                0x0000000006018eb0                _CycleTbHiRes
                0x0000000006018ec0                _CycleTbBitmap
 .data          0x0000000006018ed0        0x0 sound.o
 .data          0x0000000006018ed0       0x18 sprite.o
 .data          0x0000000006018ee8        0x0 main.o
 .data          0x0000000006018ee8        0x0 ../sbl/segalib/lib/libsat.a(mth_fixd.o)
 .data          0x0000000006018ee8        0x0 ../sbl/segalib/lib/libsat.a(mth_tri.o)
 .data          0x0000000006018ee8        0x3 ../sbl/segalib/lib/libsat.a(per_prt.o)
 .data          0x0000000006018eeb        0x0 ../sbl/segalib/lib/libsat.a(spr_2c.o)
 *fill*         0x0000000006018eeb        0x1 
 .data          0x0000000006018eec        0x6 ../sbl/segalib/lib/libsat.a(scl_func.o)
                0x0000000006018eec                _SclRotateTableMode
                0x0000000006018eee                _SclDisplayY
                0x0000000006018ef0                _SclDisplayX
 .data          0x0000000006018ef2        0x0 ../sbl/segalib/lib/libsat.a(scl_fu02.o)
 .data          0x0000000006018ef2        0x0 ../sbl/segalib/lib/libsat.a(scl_fu03.o)
 .data          0x0000000006018ef2        0x0 ../sbl/segalib/lib/libsat.a(scl_fu04.o)
 *fill*         0x0000000006018ef2        0x2 
 .data          0x0000000006018ef4       0x18 ../sbl/segalib/lib/libsat.a(scl_pri.o)
                0x0000000006018ef4                _SclRealColOffset
                0x0000000006018ef8                _SclRealBgColMix
                0x0000000006018efc                _SclRealSpColMix
                0x0000000006018f00                _SclRealBgPriNum
                0x0000000006018f04                _SclRealSpPriNum
                0x0000000006018f08                _SclRealOtherPri
 .data          0x0000000006018f0c        0x0 ../sbl/segalib/lib/libsat.a(scl_ro00.o)
 .data          0x0000000006018f0c        0x0 ../sbl/segalib/lib/libsat.a(scl_back.o)
 .data          0x0000000006018f0c        0x8 ../sbl/segalib/lib/libsat.a(scl_vblv.o)
                0x0000000006018f0c                _VBInterval
                0x0000000006018f10                _SpFrameEraseMode
 .data          0x0000000006018f14        0x0 ../sbl/segalib/lib/libsat.a(scl_pr01.o)
 .data          0x0000000006018f14        0x0 ../sbl/segalib/lib/libsat.a(scl_pr02.o)
 .data          0x0000000006018f14        0x0 ../sbl/segalib/lib/libsat.a(scl_pr03.o)
 .data          0x0000000006018f14        0x0 ../sbl/segalib/lib/libsat.a(scl_pr05.o)
 .data          0x0000000006018f14        0x0 ../sbl/segalib/lib/libsat.a(scl_pr06.o)
 .data          0x0000000006018f14        0x0 ../sbl/segalib/lib/libsat.a(scl_pr07.o)
 .data          0x0000000006018f14        0x0 ../sbl/segalib/lib/libsat.a(spr_1c.o)
 .data          0x0000000006018f14        0x0 ../sbl/segalib/lib/libsat.a(spr_2a.o)
 .data          0x0000000006018f14        0x0 /opt/toolchains/sh-elf/bin/../lib/gcc/sh-elf/11.1.0/libgcc.a(_ashiftrt.o)
 .data          0x0000000006018f14        0x0 /opt/toolchains/sh-elf/bin/../lib/gcc/sh-elf/11.1.0/libgcc.a(_ashiftlt.o)
 .data          0x0000000006018f14        0x0 /opt/toolchains/sh-elf/bin/../lib/gcc/sh-elf/11.1.0/libgcc.a(_movmem.o)
 .data          0x0000000006018f14        0x0 /opt/toolchains/sh-elf/bin/../lib/gcc/sh-elf/11.1.0/libgcc.a(_udivsi3.o)
 .data          0x0000000006018f14        0x0 /opt/toolchains/sh-elf/bin/../lib/gcc/sh-elf/11.1.0/libgcc.a(_mul_df.o)
 .data          0x0000000006018f14        0x0 /opt/toolchains/sh-elf/bin/../lib/gcc/sh-elf/11.1.0/libgcc.a(_si_to_df.o)
 .data          0x0000000006018f14        0x0 /opt/toolchains/sh-elf/bin/../lib/gcc/sh-elf/11.1.0/libgcc.a(_df_to_si.o)
 .data          0x0000000006018f14        0x0 /opt/toolchains/sh-elf/bin/../lib/gcc/sh-elf/11.1.0/libgcc.a(_thenan_df.o)
 .data          0x0000000006018f14        0x0 /opt/toolchains/sh-elf/bin/../lib/gcc/sh-elf/11.1.0/libgcc.a(_lshiftrt.o)
 .data          0x0000000006018f14        0x0 /opt/toolchains/sh-elf/bin/../lib/gcc/sh-elf/11.1.0/libgcc.a(_clzsi2.o)
 .data          0x0000000006018f14        0x0 /opt/toolchains/sh-elf/bin/../lib/gcc/sh-elf/11.1.0/libgcc.a(_pack_df.o)
 .data          0x0000000006018f14        0x0 /opt/toolchains/sh-elf/bin/../lib/gcc/sh-elf/11.1.0/libgcc.a(_unpack_df.o)
 .data          0x0000000006018f14        0x0 /opt/toolchains/sh-elf/bin/../lib/gcc/sh-elf/11.1.0/libgcc.a(_clz.o)
 .data          0x0000000006018f14        0x0 /opt/toolchains/sh-elf/bin/../lib/gcc/sh-elf/11.1.0/../../../../sh-elf/lib/libc.a(lib_a-memcpy.o)
 .data          0x0000000006018f14        0x0 /opt/toolchains/sh-elf/bin/../lib/gcc/sh-elf/11.1.0/../../../../sh-elf/lib/libc.a(lib_a-memset.o)
                0x0000000006018f20                . = ALIGN (0x10)
 *fill*         0x0000000006018f14        0xc 
                0x0000000006018f20                _edata = ABSOLUTE (.)

.bss            0x0000000006018f20    0x16a10
                0x0000000006018f20                _bss_start = .
 *(.bss)
 .bss           0x0000000006018f20        0x0 entry.o
 .bss           0x0000000006018f20        0x0 stack.o
 .bss           0x0000000006018f20       0x34 vblank.o
                0x0000000006018f20                _PadData1
                0x0000000006018f22                _PadData1L
                0x0000000006018f24                _PadData1E
                0x0000000006018f26                _PadData2
                0x0000000006018f28                _PadData2L
                0x0000000006018f2a                _PadData2E
                0x0000000006018f2c                _PadWorkArea
                0x0000000006018f48                _perFlag
                0x0000000006018f4c                _VblankFlg
                0x0000000006018f50                _vblank_frames
 .bss           0x0000000006018f54     0x1674 cd.o
 .bss           0x000000000601a5c8        0x0 crc.o
 .bss           0x000000000601a5c8        0x0 devcart.o
 .bss           0x000000000601a5c8     0x14a0 print.o
                0x000000000601a5c8                _text
 .bss           0x000000000601ba68      0x130 scroll.o
                0x000000000601ba68                _scfg
 .bss           0x000000000601bb98        0x0 sound.o
 .bss           0x000000000601bb98    0x125fc sprite.o
                0x000000000601bb98                _numSprites
                0x000000000601bb9c                _tileCount
                0x000000000601bba0                _palCnt
                0x000000000601bba4                _sprites
 .bss           0x000000000602e194       0x40 main.o
                0x000000000602e194                _frame
                0x000000000602e198                _blockSpr
 .bss           0x000000000602e1d4        0x0 ../sbl/segalib/lib/libsat.a(mth_fixd.o)
 .bss           0x000000000602e1d4        0x0 ../sbl/segalib/lib/libsat.a(mth_tri.o)
 .bss           0x000000000602e1d4       0x7f ../sbl/segalib/lib/libsat.a(per_prt.o)
                0x000000000602e1d4                _per_set_sys_flg
                0x000000000602e1d8                _per_get_sys_data
                0x000000000602e1e4                _per_get_time_adr
                0x000000000602e1e8                _per_hot_res
                0x000000000602e1e9                _per_time_out_flg
 *fill*         0x000000000602e253        0x1 
 .bss           0x000000000602e254       0x94 ../sbl/segalib/lib/libsat.a(spr_2c.o)
                0x000000000602e254                _SpCmdTblR
                0x000000000602e258                _SpCmdTbl
                0x000000000602e25c                _SpCrCmdChain
                0x000000000602e260                _SpDrawPrtyBlk
                0x000000000602e264                _SpCmdChain
                0x000000000602e268                _SpCmdChainBlkNo
                0x000000000602e26c                _SpDrawPrtyProcFlag
                0x000000000602e270                _SpDrawPrtyTopCmdNo
                0x000000000602e274                _SpCmdNo
                0x000000000602e278                _SpDrawPrtyBlkMax
                0x000000000602e27c                _SpCharMax
                0x000000000602e280                _SpCharTbl
                0x000000000602e284                _SpLCoordY
                0x000000000602e288                _SpLCoordX
                0x000000000602e28c                _Sp2OpenFlag
 .bss           0x000000000602e2e8      0xf1c ../sbl/segalib/lib/libsat.a(scl_func.o)
                0x000000000602e2e8                _SclRPMD
                0x000000000602e2ec                _SclRotateMoveZ
                0x000000000602e2f4                _SclRotateDisp
                0x000000000602e2fc                _SclRotateZ
                0x000000000602e304                _SclRotateXy
                0x000000000602e30c                _SclRotateTableAddress
                0x000000000602e310                _SclRb
                0x000000000602e311                _SclRa
                0x000000000602e312                _SclRotXySw
                0x000000000602e318                _SclRbgKtbOffset
                0x000000000602e320                _SclRbgKtbAddr
                0x000000000602e328                _SclK_TableFlag
                0x000000000602e32c                _SclK_TableNum
                0x000000000602e334                _SclK_TableBuff
                0x000000000602f004                _SclRotregBuff
                0x000000000602f104                _Scl_w_reg
                0x000000000602f124                _Scl_r_reg
                0x000000000602f134                _Scl_n_reg
                0x000000000602f174                _Scl_d_reg
                0x000000000602f1bc                _Scl_s_reg
                0x000000000602f1e4                _SclProcess
                0x000000000602f1e8                _SclCurSclNum
                0x000000000602f1ec                _SclLengthCsTbl
                0x000000000602f1ee                _SclLengthLsTbl
                0x000000000602f1f0                _SclAddrCsTbl
                0x000000000602f1f8                _SclAddrLsTbl
 .bss           0x000000000602f204        0x0 ../sbl/segalib/lib/libsat.a(scl_fu02.o)
 .bss           0x000000000602f204        0x0 ../sbl/segalib/lib/libsat.a(scl_fu03.o)
 .bss           0x000000000602f204        0x0 ../sbl/segalib/lib/libsat.a(scl_fu04.o)
 .bss           0x000000000602f204      0x696 ../sbl/segalib/lib/libsat.a(scl_pri.o)
                0x000000000602f204                _SclAutoRGB
                0x000000000602f804                _SclAutoPlusFlag
                0x000000000602f805                _SclAutoVeFlag
                0x000000000602f806                _SclAutoEndRate
                0x000000000602f807                _SclAutoCurRate
                0x000000000602f808                _SclAutoEndBlue2
                0x000000000602f80a                _SclAutoEndGreen2
                0x000000000602f80c                _SclAutoEndRed2
                0x000000000602f80e                _SclAutoEndBlue
                0x000000000602f810                _SclAutoEndGreen
                0x000000000602f812                _SclAutoEndRed
                0x000000000602f814                _SclAutoBlue
                0x000000000602f816                _SclAutoGreen
                0x000000000602f818                _SclAutoRed
                0x000000000602f81c                _SclAutoMax
                0x000000000602f820                _SclAutoIndex
                0x000000000602f824                _SclAutoCount
                0x000000000602f828                _SclAutoInterval
                0x000000000602f82c                _SclAutoSurface
                0x000000000602f830                _SclColRamAlloc2048
                0x000000000602f834                _SclColRamAlloc256
                0x000000000602f854                _SclLineColRamOffset
                0x000000000602f858                _SclPriBuffDirty
                0x000000000602f85c                _SclColOffset
                0x000000000602f86c                _SclBgColMix
                0x000000000602f874                _SclSpColMix
                0x000000000602f87c                _SclBgPriNum
                0x000000000602f882                _SclSpPriNum
                0x000000000602f88a                _SclOtherPri
 *fill*         0x000000000602f89a        0x2 
 .bss           0x000000000602f89c       0x58 ../sbl/segalib/lib/libsat.a(scl_ro00.o)
                0x000000000602f89c                _SclCsy
                0x000000000602f8a4                _SclCsx
 .bss           0x000000000602f8f4        0x0 ../sbl/segalib/lib/libsat.a(scl_back.o)
 .bss           0x000000000602f8f4       0x16 ../sbl/segalib/lib/libsat.a(scl_vblv.o)
                0x000000000602f8f4                _frameChgFlag
                0x000000000602f8f8                _VBIntrDisableDepth
                0x000000000602f8fc                _ReqDisplayFlag2
                0x000000000602f900                _ReqDisplayFlag1
                0x000000000602f904                _VBIntervalCounter
                0x000000000602f908                _SpFrameChgMode
 .bss           0x000000000602f90a        0x0 ../sbl/segalib/lib/libsat.a(scl_pr01.o)
 .bss           0x000000000602f90a        0x0 ../sbl/segalib/lib/libsat.a(scl_pr02.o)
 .bss           0x000000000602f90a        0x0 ../sbl/segalib/lib/libsat.a(scl_pr03.o)
 .bss           0x000000000602f90a        0x0 ../sbl/segalib/lib/libsat.a(scl_pr05.o)
 .bss           0x000000000602f90a        0x0 ../sbl/segalib/lib/libsat.a(scl_pr06.o)
 .bss           0x000000000602f90a        0x0 ../sbl/segalib/lib/libsat.a(scl_pr07.o)
 *fill*         0x000000000602f90a        0x2 
 .bss           0x000000000602f90c       0x20 ../sbl/segalib/lib/libsat.a(spr_1c.o)
                0x000000000602f90c                _SpDil
                0x000000000602f90e                _SpDie
                0x000000000602f910                _SpFbcrMode
                0x000000000602f912                _SpTvMode
                0x000000000602f914                _SpScreenY
                0x000000000602f918                _SpScreenX
                0x000000000602f91c                _SpInitialFlag
 .bss           0x000000000602f92c        0x0 ../sbl/segalib/lib/libsat.a(spr_2a.o)
 .bss           0x000000000602f92c        0x0 /opt/toolchains/sh-elf/bin/../lib/gcc/sh-elf/11.1.0/libgcc.a(_ashiftrt.o)
 .bss           0x000000000602f92c        0x0 /opt/toolchains/sh-elf/bin/../lib/gcc/sh-elf/11.1.0/libgcc.a(_ashiftlt.o)
 .bss           0x000000000602f92c        0x0 /opt/toolchains/sh-elf/bin/../lib/gcc/sh-elf/11.1.0/libgcc.a(_movmem.o)
 .bss           0x000000000602f92c        0x0 /opt/toolchains/sh-elf/bin/../lib/gcc/sh-elf/11.1.0/libgcc.a(_udivsi3.o)
 .bss           0x000000000602f92c        0x0 /opt/toolchains/sh-elf/bin/../lib/gcc/sh-elf/11.1.0/libgcc.a(_mul_df.o)
 .bss           0x000000000602f92c        0x0 /opt/toolchains/sh-elf/bin/../lib/gcc/sh-elf/11.1.0/libgcc.a(_si_to_df.o)
 .bss           0x000000000602f92c        0x0 /opt/toolchains/sh-elf/bin/../lib/gcc/sh-elf/11.1.0/libgcc.a(_df_to_si.o)
 .bss           0x000000000602f92c        0x0 /opt/toolchains/sh-elf/bin/../lib/gcc/sh-elf/11.1.0/libgcc.a(_thenan_df.o)
 .bss           0x000000000602f92c        0x0 /opt/toolchains/sh-elf/bin/../lib/gcc/sh-elf/11.1.0/libgcc.a(_lshiftrt.o)
 .bss           0x000000000602f92c        0x0 /opt/toolchains/sh-elf/bin/../lib/gcc/sh-elf/11.1.0/libgcc.a(_clzsi2.o)
 .bss           0x000000000602f92c        0x0 /opt/toolchains/sh-elf/bin/../lib/gcc/sh-elf/11.1.0/libgcc.a(_pack_df.o)
 .bss           0x000000000602f92c        0x0 /opt/toolchains/sh-elf/bin/../lib/gcc/sh-elf/11.1.0/libgcc.a(_unpack_df.o)
 .bss           0x000000000602f92c        0x0 /opt/toolchains/sh-elf/bin/../lib/gcc/sh-elf/11.1.0/libgcc.a(_clz.o)
 .bss           0x000000000602f92c        0x0 /opt/toolchains/sh-elf/bin/../lib/gcc/sh-elf/11.1.0/../../../../sh-elf/lib/libc.a(lib_a-memcpy.o)
 .bss           0x000000000602f92c        0x0 /opt/toolchains/sh-elf/bin/../lib/gcc/sh-elf/11.1.0/../../../../sh-elf/lib/libc.a(lib_a-memset.o)
 *(COMMON)
                0x000000000602f92c                _bss_end = .
                0x000000000602f930                . = ALIGN (0x10)
 *fill*         0x000000000602f92c        0x4 
                0x000000000602f930                _end = ABSOLUTE (.)

.stack          0x000000000602f930     0x2000
 *(.stack)
 .stack         0x000000000602f930     0x2000 stack.o
                0x000000000602f930                _PROG_STK
                0x0000000006031930                _stack = .

.lwram          0x0000000000200000        0x0
                0x0000000000200000                . = ALIGN (0x10)
 *(.lwram)
                0x0000000000200000                . = ALIGN (0x10)

.vdp2_vram      0x0000000005e00000        0x0
                0x0000000005e00000                . = ALIGN (0x10)
 *(.vdp2_vram)
                0x0000000005e00000                . = ALIGN (0x10)
OUTPUT(main.elf elf32-sh)

.debug_info     0x0000000000000000     0x436a
 .debug_info    0x0000000000000000      0x2f8 vblank.o
 .debug_info    0x00000000000002f8      0x7b2 cd.o
 .debug_info    0x0000000000000aaa      0x127 crc.o
 .debug_info    0x0000000000000bd1      0x3e9 devcart.o
 .debug_info    0x0000000000000fba      0x38e print.o
 .debug_info    0x0000000000001348      0xa4c scroll.o
 .debug_info    0x0000000000001d94      0x206 sound.o
 .debug_info    0x0000000000001f9a      0xd37 sprite.o
 .debug_info    0x0000000000002cd1      0x4d0 main.o
 .debug_info    0x00000000000031a1      0x4d2 /opt/toolchains/sh-elf/bin/../lib/gcc/sh-elf/11.1.0/libgcc.a(_mul_df.o)
 .debug_info    0x0000000000003673      0x259 /opt/toolchains/sh-elf/bin/../lib/gcc/sh-elf/11.1.0/libgcc.a(_si_to_df.o)
 .debug_info    0x00000000000038cc      0x2a5 /opt/toolchains/sh-elf/bin/../lib/gcc/sh-elf/11.1.0/libgcc.a(_df_to_si.o)
 .debug_info    0x0000000000003b71      0x15b /opt/toolchains/sh-elf/bin/../lib/gcc/sh-elf/11.1.0/libgcc.a(_thenan_df.o)
 .debug_info    0x0000000000003ccc      0x130 /opt/toolchains/sh-elf/bin/../lib/gcc/sh-elf/11.1.0/libgcc.a(_clzsi2.o)
 .debug_info    0x0000000000003dfc      0x298 /opt/toolchains/sh-elf/bin/../lib/gcc/sh-elf/11.1.0/libgcc.a(_pack_df.o)
 .debug_info    0x0000000000004094      0x20c /opt/toolchains/sh-elf/bin/../lib/gcc/sh-elf/11.1.0/libgcc.a(_unpack_df.o)
 .debug_info    0x00000000000042a0       0xca /opt/toolchains/sh-elf/bin/../lib/gcc/sh-elf/11.1.0/libgcc.a(_clz.o)

.debug_abbrev   0x0000000000000000     0x1b32
 .debug_abbrev  0x0000000000000000      0x182 vblank.o
 .debug_abbrev  0x0000000000000182      0x23c cd.o
 .debug_abbrev  0x00000000000003be       0xae crc.o
 .debug_abbrev  0x000000000000046c      0x19d devcart.o
 .debug_abbrev  0x0000000000000609      0x181 print.o
 .debug_abbrev  0x000000000000078a      0x281 scroll.o
 .debug_abbrev  0x0000000000000a0b      0x153 sound.o
 .debug_abbrev  0x0000000000000b5e      0x307 sprite.o
 .debug_abbrev  0x0000000000000e65      0x1f8 main.o
 .debug_abbrev  0x000000000000105d      0x278 /opt/toolchains/sh-elf/bin/../lib/gcc/sh-elf/11.1.0/libgcc.a(_mul_df.o)
 .debug_abbrev  0x00000000000012d5      0x1b2 /opt/toolchains/sh-elf/bin/../lib/gcc/sh-elf/11.1.0/libgcc.a(_si_to_df.o)
 .debug_abbrev  0x0000000000001487      0x1b2 /opt/toolchains/sh-elf/bin/../lib/gcc/sh-elf/11.1.0/libgcc.a(_df_to_si.o)
 .debug_abbrev  0x0000000000001639       0xcf /opt/toolchains/sh-elf/bin/../lib/gcc/sh-elf/11.1.0/libgcc.a(_thenan_df.o)
 .debug_abbrev  0x0000000000001708       0xca /opt/toolchains/sh-elf/bin/../lib/gcc/sh-elf/11.1.0/libgcc.a(_clzsi2.o)
 .debug_abbrev  0x00000000000017d2      0x1ae /opt/toolchains/sh-elf/bin/../lib/gcc/sh-elf/11.1.0/libgcc.a(_pack_df.o)
 .debug_abbrev  0x0000000000001980      0x142 /opt/toolchains/sh-elf/bin/../lib/gcc/sh-elf/11.1.0/libgcc.a(_unpack_df.o)
 .debug_abbrev  0x0000000000001ac2       0x70 /opt/toolchains/sh-elf/bin/../lib/gcc/sh-elf/11.1.0/libgcc.a(_clz.o)

.debug_aranges  0x0000000000000000      0x210
 .debug_aranges
                0x0000000000000000       0x20 vblank.o
 .debug_aranges
                0x0000000000000020       0x20 cd.o
 .debug_aranges
                0x0000000000000040       0x20 crc.o
 .debug_aranges
                0x0000000000000060       0x20 devcart.o
 .debug_aranges
                0x0000000000000080       0x20 print.o
 .debug_aranges
                0x00000000000000a0       0x20 scroll.o
 .debug_aranges
                0x00000000000000c0       0x20 sound.o
 .debug_aranges
                0x00000000000000e0       0x20 sprite.o
 .debug_aranges
                0x0000000000000100       0x20 main.o
 .debug_aranges
                0x0000000000000120       0x20 /opt/toolchains/sh-elf/bin/../lib/gcc/sh-elf/11.1.0/libgcc.a(_mul_df.o)
 .debug_aranges
                0x0000000000000140       0x20 /opt/toolchains/sh-elf/bin/../lib/gcc/sh-elf/11.1.0/libgcc.a(_si_to_df.o)
 .debug_aranges
                0x0000000000000160       0x20 /opt/toolchains/sh-elf/bin/../lib/gcc/sh-elf/11.1.0/libgcc.a(_df_to_si.o)
 .debug_aranges
                0x0000000000000180       0x18 /opt/toolchains/sh-elf/bin/../lib/gcc/sh-elf/11.1.0/libgcc.a(_thenan_df.o)
 .debug_aranges
                0x0000000000000198       0x20 /opt/toolchains/sh-elf/bin/../lib/gcc/sh-elf/11.1.0/libgcc.a(_clzsi2.o)
 .debug_aranges
                0x00000000000001b8       0x20 /opt/toolchains/sh-elf/bin/../lib/gcc/sh-elf/11.1.0/libgcc.a(_pack_df.o)
 .debug_aranges
                0x00000000000001d8       0x20 /opt/toolchains/sh-elf/bin/../lib/gcc/sh-elf/11.1.0/libgcc.a(_unpack_df.o)
 .debug_aranges
                0x00000000000001f8       0x18 /opt/toolchains/sh-elf/bin/../lib/gcc/sh-elf/11.1.0/libgcc.a(_clz.o)

.debug_line     0x0000000000000000     0x1b26
 .debug_line    0x0000000000000000       0xe4 vblank.o
 .debug_line    0x00000000000000e4       0x9d cd.o
 .debug_line    0x0000000000000181       0xa3 crc.o
 .debug_line    0x0000000000000224      0x215 devcart.o
 .debug_line    0x0000000000000439      0x177 print.o
 .debug_line    0x00000000000005b0      0x3bb scroll.o
 .debug_line    0x000000000000096b       0x81 sound.o
 .debug_line    0x00000000000009ec      0x579 sprite.o
 .debug_line    0x0000000000000f65      0x117 main.o
 .debug_line    0x000000000000107c      0x2d6 /opt/toolchains/sh-elf/bin/../lib/gcc/sh-elf/11.1.0/libgcc.a(_mul_df.o)
 .debug_line    0x0000000000001352      0x13d /opt/toolchains/sh-elf/bin/../lib/gcc/sh-elf/11.1.0/libgcc.a(_si_to_df.o)
 .debug_line    0x000000000000148f       0xf6 /opt/toolchains/sh-elf/bin/../lib/gcc/sh-elf/11.1.0/libgcc.a(_df_to_si.o)
 .debug_line    0x0000000000001585       0x50 /opt/toolchains/sh-elf/bin/../lib/gcc/sh-elf/11.1.0/libgcc.a(_thenan_df.o)
 .debug_line    0x00000000000015d5       0xad /opt/toolchains/sh-elf/bin/../lib/gcc/sh-elf/11.1.0/libgcc.a(_clzsi2.o)
 .debug_line    0x0000000000001682      0x30c /opt/toolchains/sh-elf/bin/../lib/gcc/sh-elf/11.1.0/libgcc.a(_pack_df.o)
 .debug_line    0x000000000000198e      0x146 /opt/toolchains/sh-elf/bin/../lib/gcc/sh-elf/11.1.0/libgcc.a(_unpack_df.o)
 .debug_line    0x0000000000001ad4       0x52 /opt/toolchains/sh-elf/bin/../lib/gcc/sh-elf/11.1.0/libgcc.a(_clz.o)

.debug_str      0x0000000000000000     0x11f0
 .debug_str     0x0000000000000000      0x1a6 vblank.o
                                        0x1e7 (size before relaxing)
 .debug_str     0x00000000000001a6      0x241 cd.o
                                        0x333 (size before relaxing)
 .debug_str     0x00000000000003e7       0x72 crc.o
                                        0x121 (size before relaxing)
 .debug_str     0x0000000000000459       0xfc devcart.o
                                        0x246 (size before relaxing)
 .debug_str     0x0000000000000555       0xf9 print.o
                                        0x1dc (size before relaxing)
 .debug_str     0x000000000000064e      0x3b9 scroll.o
                                        0x4f7 (size before relaxing)
 .debug_str     0x0000000000000a07       0xd0 sound.o
                                        0x1c5 (size before relaxing)
 .debug_str     0x0000000000000ad7      0x350 sprite.o
                                        0x56d (size before relaxing)
 .debug_str     0x0000000000000e27      0x126 main.o
                                        0x392 (size before relaxing)
 .debug_str     0x0000000000000f4d      0x212 /opt/toolchains/sh-elf/bin/../lib/gcc/sh-elf/11.1.0/libgcc.a(_mul_df.o)
                                        0x28a (size before relaxing)
 .debug_str     0x000000000000115f       0x27 /opt/toolchains/sh-elf/bin/../lib/gcc/sh-elf/11.1.0/libgcc.a(_si_to_df.o)
                                        0x216 (size before relaxing)
 .debug_str     0x0000000000001186        0xa /opt/toolchains/sh-elf/bin/../lib/gcc/sh-elf/11.1.0/libgcc.a(_df_to_si.o)
                                        0x233 (size before relaxing)
 .debug_str     0x0000000000001190      0x1d5 /opt/toolchains/sh-elf/bin/../lib/gcc/sh-elf/11.1.0/libgcc.a(_thenan_df.o)
 .debug_str     0x0000000000001190       0x59 /opt/toolchains/sh-elf/bin/../lib/gcc/sh-elf/11.1.0/libgcc.a(_clzsi2.o)
                                        0x198 (size before relaxing)
 .debug_str     0x00000000000011e9        0x7 /opt/toolchains/sh-elf/bin/../lib/gcc/sh-elf/11.1.0/libgcc.a(_pack_df.o)
                                        0x227 (size before relaxing)
 .debug_str     0x00000000000011f0      0x209 /opt/toolchains/sh-elf/bin/../lib/gcc/sh-elf/11.1.0/libgcc.a(_unpack_df.o)
 .debug_str     0x00000000000011f0      0x17b /opt/toolchains/sh-elf/bin/../lib/gcc/sh-elf/11.1.0/libgcc.a(_clz.o)

.comment        0x0000000000000000       0x12
 .comment       0x0000000000000000       0x12 vblank.o
                                         0x13 (size before relaxing)
 .comment       0x0000000000000012       0x13 cd.o
 .comment       0x0000000000000012       0x13 crc.o
 .comment       0x0000000000000012       0x13 devcart.o
 .comment       0x0000000000000012       0x13 print.o
 .comment       0x0000000000000012       0x13 scroll.o
 .comment       0x0000000000000012       0x13 sound.o
 .comment       0x0000000000000012       0x13 sprite.o
 .comment       0x0000000000000012       0x13 main.o
 .comment       0x0000000000000012       0x13 ../sbl/segalib/lib/libsat.a(per_prt.o)
 .comment       0x0000000000000012       0x13 ../sbl/segalib/lib/libsat.a(spr_2c.o)
 .comment       0x0000000000000012       0x13 ../sbl/segalib/lib/libsat.a(scl_func.o)
 .comment       0x0000000000000012       0x13 ../sbl/segalib/lib/libsat.a(scl_fu02.o)
 .comment       0x0000000000000012       0x13 ../sbl/segalib/lib/libsat.a(scl_fu03.o)
 .comment       0x0000000000000012       0x13 ../sbl/segalib/lib/libsat.a(scl_fu04.o)
 .comment       0x0000000000000012       0x13 ../sbl/segalib/lib/libsat.a(scl_pri.o)
 .comment       0x0000000000000012       0x13 ../sbl/segalib/lib/libsat.a(scl_ro00.o)
 .comment       0x0000000000000012       0x13 ../sbl/segalib/lib/libsat.a(scl_back.o)
 .comment       0x0000000000000012       0x13 ../sbl/segalib/lib/libsat.a(scl_vblv.o)
 .comment       0x0000000000000012       0x13 ../sbl/segalib/lib/libsat.a(scl_pr01.o)
 .comment       0x0000000000000012       0x13 ../sbl/segalib/lib/libsat.a(scl_pr02.o)
 .comment       0x0000000000000012       0x13 ../sbl/segalib/lib/libsat.a(scl_pr03.o)
 .comment       0x0000000000000012       0x13 ../sbl/segalib/lib/libsat.a(scl_pr05.o)
 .comment       0x0000000000000012       0x13 ../sbl/segalib/lib/libsat.a(scl_pr06.o)
 .comment       0x0000000000000012       0x13 ../sbl/segalib/lib/libsat.a(scl_pr07.o)
 .comment       0x0000000000000012       0x13 ../sbl/segalib/lib/libsat.a(spr_1c.o)
 .comment       0x0000000000000012       0x13 /opt/toolchains/sh-elf/bin/../lib/gcc/sh-elf/11.1.0/libgcc.a(_mul_df.o)
 .comment       0x0000000000000012       0x13 /opt/toolchains/sh-elf/bin/../lib/gcc/sh-elf/11.1.0/libgcc.a(_si_to_df.o)
 .comment       0x0000000000000012       0x13 /opt/toolchains/sh-elf/bin/../lib/gcc/sh-elf/11.1.0/libgcc.a(_df_to_si.o)
 .comment       0x0000000000000012       0x13 /opt/toolchains/sh-elf/bin/../lib/gcc/sh-elf/11.1.0/libgcc.a(_thenan_df.o)
 .comment       0x0000000000000012       0x13 /opt/toolchains/sh-elf/bin/../lib/gcc/sh-elf/11.1.0/libgcc.a(_clzsi2.o)
 .comment       0x0000000000000012       0x13 /opt/toolchains/sh-elf/bin/../lib/gcc/sh-elf/11.1.0/libgcc.a(_pack_df.o)
 .comment       0x0000000000000012       0x13 /opt/toolchains/sh-elf/bin/../lib/gcc/sh-elf/11.1.0/libgcc.a(_unpack_df.o)
 .comment       0x0000000000000012       0x13 /opt/toolchains/sh-elf/bin/../lib/gcc/sh-elf/11.1.0/libgcc.a(_clz.o)

.debug_frame    0x0000000000000000      0xb68
 .debug_frame   0x0000000000000000       0xb8 vblank.o
 .debug_frame   0x00000000000000b8       0x90 cd.o
 .debug_frame   0x0000000000000148       0x38 crc.o
 .debug_frame   0x0000000000000180      0x198 devcart.o
 .debug_frame   0x0000000000000318       0xf4 print.o
 .debug_frame   0x000000000000040c      0x240 scroll.o
 .debug_frame   0x000000000000064c       0x80 sound.o
 .debug_frame   0x00000000000006cc      0x284 sprite.o
 .debug_frame   0x0000000000000950       0x38 main.o
 .debug_frame   0x0000000000000988       0x98 /opt/toolchains/sh-elf/bin/../lib/gcc/sh-elf/11.1.0/libgcc.a(_mul_df.o)
 .debug_frame   0x0000000000000a20       0x3c /opt/toolchains/sh-elf/bin/../lib/gcc/sh-elf/11.1.0/libgcc.a(_si_to_df.o)
 .debug_frame   0x0000000000000a5c       0x48 /opt/toolchains/sh-elf/bin/../lib/gcc/sh-elf/11.1.0/libgcc.a(_df_to_si.o)
 .debug_frame   0x0000000000000aa4       0x38 /opt/toolchains/sh-elf/bin/../lib/gcc/sh-elf/11.1.0/libgcc.a(_clzsi2.o)
 .debug_frame   0x0000000000000adc       0x6c /opt/toolchains/sh-elf/bin/../lib/gcc/sh-elf/11.1.0/libgcc.a(_pack_df.o)
 .debug_frame   0x0000000000000b48       0x20 /opt/toolchains/sh-elf/bin/../lib/gcc/sh-elf/11.1.0/libgcc.a(_unpack_df.o)

.debug_loclists
                0x0000000000000000      0x670
 .debug_loclists
                0x0000000000000000      0x30c /opt/toolchains/sh-elf/bin/../lib/gcc/sh-elf/11.1.0/libgcc.a(_mul_df.o)
 .debug_loclists
                0x000000000000030c       0x6c /opt/toolchains/sh-elf/bin/../lib/gcc/sh-elf/11.1.0/libgcc.a(_si_to_df.o)
 .debug_loclists
                0x0000000000000378       0x35 /opt/toolchains/sh-elf/bin/../lib/gcc/sh-elf/11.1.0/libgcc.a(_df_to_si.o)
 .debug_loclists
                0x00000000000003ad       0x22 /opt/toolchains/sh-elf/bin/../lib/gcc/sh-elf/11.1.0/libgcc.a(_clzsi2.o)
 .debug_loclists
                0x00000000000003cf      0x230 /opt/toolchains/sh-elf/bin/../lib/gcc/sh-elf/11.1.0/libgcc.a(_pack_df.o)
 .debug_loclists
                0x00000000000005ff       0x71 /opt/toolchains/sh-elf/bin/../lib/gcc/sh-elf/11.1.0/libgcc.a(_unpack_df.o)

.debug_rnglists
                0x0000000000000000       0xf1
 .debug_rnglists
                0x0000000000000000       0x2e /opt/toolchains/sh-elf/bin/../lib/gcc/sh-elf/11.1.0/libgcc.a(_mul_df.o)
 .debug_rnglists
                0x000000000000002e       0x26 /opt/toolchains/sh-elf/bin/../lib/gcc/sh-elf/11.1.0/libgcc.a(_si_to_df.o)
 .debug_rnglists
                0x0000000000000054       0x1f /opt/toolchains/sh-elf/bin/../lib/gcc/sh-elf/11.1.0/libgcc.a(_clzsi2.o)
 .debug_rnglists
                0x0000000000000073       0x7e /opt/toolchains/sh-elf/bin/../lib/gcc/sh-elf/11.1.0/libgcc.a(_pack_df.o)
