Archive member included to satisfy reference by file (symbol)

../sbl/segalib/lib/libsat.a(cdc_cmn.o)
                              main.o (_CDC_GetPeriStat)
../sbl/segalib/lib/libsat.a(cdc_drv.o)
                              sound.o (_CDC_CdPlay)
../sbl/segalib/lib/libsat.a(gfs.o)
                              cd.o (_GFS_SetDir)
../sbl/segalib/lib/libsat.a(gfs_buf.o)
                              ../sbl/segalib/lib/libsat.a(gfs.o) (_GFBF_GetNumData)
../sbl/segalib/lib/libsat.a(gfs_cdb.o)
                              ../sbl/segalib/lib/libsat.a(gfs.o) (_GFCB_Close)
../sbl/segalib/lib/libsat.a(gfs_cdc.o)
                              ../sbl/segalib/lib/libsat.a(gfs_cdb.o) (_GFCD_AllocFilt)
../sbl/segalib/lib/libsat.a(gfs_cdf.o)
                              ../sbl/segalib/lib/libsat.a(gfs.o) (_GFCF_Init)
../sbl/segalib/lib/libsat.a(gfs_dir.o)
                              ../sbl/segalib/lib/libsat.a(gfs.o) (_GFDR_NameToId)
../sbl/segalib/lib/libsat.a(gfs_trn.o)
                              ../sbl/segalib/lib/libsat.a(gfs.o) (_GFTR_Setup)
../sbl/segalib/lib/libsat.a(mth_rand.o)
                              rng.o (_MTH_InitialRand)
../sbl/segalib/lib/libsat.a(mth_fixd.o)
                              sprite.o (_MTH_Mul)
../sbl/segalib/lib/libsat.a(mth_tri.o)
                              sprite.o (_MTH_Sin)
../sbl/segalib/lib/libsat.a(per_prt.o)
                              vblank.o (_PER_Init)
../sbl/segalib/lib/libsat.a(spr_2c.o)
                              sprite.o (_SPR_2SetTvMode)
../sbl/segalib/lib/libsat.a(scl_func.o)
                              scroll.o (_Scl_n_reg)
../sbl/segalib/lib/libsat.a(scl_fu02.o)
                              scroll.o (_SCL_InitVramConfigTb)
../sbl/segalib/lib/libsat.a(scl_fu03.o)
                              scroll.o (_SCL_InitConfigTb)
../sbl/segalib/lib/libsat.a(scl_fu04.o)
                              scroll.o (_SCL_SetCycleTable)
../sbl/segalib/lib/libsat.a(scl_pri.o)
                              ../sbl/segalib/lib/libsat.a(scl_func.o) (_SCL_PriorityInit)
../sbl/segalib/lib/libsat.a(scl_ro00.o)
                              ../sbl/segalib/lib/libsat.a(scl_func.o) (_SCL_Rotate)
../sbl/segalib/lib/libsat.a(scl_back.o)
                              scroll.o (_SCL_SetBack)
../sbl/segalib/lib/libsat.a(scl_vblv.o)
                              ../sbl/segalib/lib/libsat.a(spr_2c.o) (_SCL_SetFrameInterval)
../sbl/segalib/lib/libsat.a(scl_pr01.o)
                              sprite.o (_SCL_SetSpriteMode)
../sbl/segalib/lib/libsat.a(scl_pr02.o)
                              scroll.o (_SCL_SetColRam)
../sbl/segalib/lib/libsat.a(scl_pr03.o)
                              scroll.o (_SCL_AllocColRam)
../sbl/segalib/lib/libsat.a(scl_pr05.o)
                              ../sbl/segalib/lib/libsat.a(scl_pr02.o) (_SCL_GetColRamOffset)
../sbl/segalib/lib/libsat.a(scl_pr06.o)
                              ../sbl/segalib/lib/libsat.a(scl_pr03.o) (_SCL_SetColRamOffset)
../sbl/segalib/lib/libsat.a(scl_pr07.o)
                              scroll.o (_SCL_SetPriority)
../sbl/segalib/lib/libsat.a(cdc_reg.o)
                              ../sbl/segalib/lib/libsat.a(gfs_cdb.o) (_CDC_GetDataPtr)
../sbl/segalib/lib/libsat.a(cdc_sub.o)
                              ../sbl/segalib/lib/libsat.a(cdc_cmn.o) (_CDSUB_GetCdstat)
../sbl/segalib/lib/libsat.a(cdc_dev.o)
                              ../sbl/segalib/lib/libsat.a(gfs_cdc.o) (_CDC_CdSetCon)
../sbl/segalib/lib/libsat.a(cdc_sel.o)
                              ../sbl/segalib/lib/libsat.a(gfs_cdc.o) (_CDC_SetFiltRange)
../sbl/segalib/lib/libsat.a(cdc_bif.o)
                              ../sbl/segalib/lib/libsat.a(gfs_cdc.o) (_CDC_GetBufSiz)
../sbl/segalib/lib/libsat.a(cdc_bio.o)
                              ../sbl/segalib/lib/libsat.a(gfs_cdc.o) (_CDC_SetSctLen)
../sbl/segalib/lib/libsat.a(cdc_cfs.o)
                              ../sbl/segalib/lib/libsat.a(gfs_cdc.o) (_CDC_ChgDir)
../sbl/segalib/lib/libsat.a(csh_main.o)
                              ../sbl/segalib/lib/libsat.a(gfs_trn.o) (_CSH_Purge)
../sbl/segalib/lib/libsat.a(dma_cpu0.o)
                              ../sbl/segalib/lib/libsat.a(gfs_trn.o) (_DMA_CpuSetComPrm)
../sbl/segalib/lib/libsat.a(dma_scu0.o)
                              ../sbl/segalib/lib/libsat.a(gfs_trn.o) (_DMA_ScuSetPrm)
../sbl/segalib/lib/libsat.a(spr_1c.o)
                              ../sbl/segalib/lib/libsat.a(spr_2c.o) (_SPR_SetTvMode)
../sbl/segalib/lib/libsat.a(spr_2a.o)
                              ../sbl/segalib/lib/libsat.a(spr_2c.o) (_SPR_2SetDrawPrty)
/opt/toolchains/sh-elf/bin/../lib/gcc/sh-elf/11.1.0/libgcc.a(_ashiftrt.o)
                              ../sbl/segalib/lib/libsat.a(gfs_cdf.o) (___ashiftrt_r4_6)
/opt/toolchains/sh-elf/bin/../lib/gcc/sh-elf/11.1.0/libgcc.a(_ashiftrt_n.o)
                              pcmsys.o (___ashrsi3)
/opt/toolchains/sh-elf/bin/../lib/gcc/sh-elf/11.1.0/libgcc.a(_ashiftlt.o)
                              scroll.o (___ashlsi3_r0)
/opt/toolchains/sh-elf/bin/../lib/gcc/sh-elf/11.1.0/libgcc.a(_movmem.o)
                              scroll.o (___movmem)
/opt/toolchains/sh-elf/bin/../lib/gcc/sh-elf/11.1.0/libgcc.a(_sdivsi3.o)
                              pcmsys.o (___sdivsi3)
/opt/toolchains/sh-elf/bin/../lib/gcc/sh-elf/11.1.0/libgcc.a(_udivsi3.o)
                              ../sbl/segalib/lib/libsat.a(gfs.o) (___udivsi3)
/opt/toolchains/sh-elf/bin/../lib/gcc/sh-elf/11.1.0/libgcc.a(_mul_df.o)
                              ../sbl/segalib/lib/libsat.a(scl_ro00.o) (___muldf3)
/opt/toolchains/sh-elf/bin/../lib/gcc/sh-elf/11.1.0/libgcc.a(_si_to_df.o)
                              ../sbl/segalib/lib/libsat.a(scl_ro00.o) (___floatsidf)
/opt/toolchains/sh-elf/bin/../lib/gcc/sh-elf/11.1.0/libgcc.a(_df_to_si.o)
                              ../sbl/segalib/lib/libsat.a(scl_ro00.o) (___fixdfsi)
/opt/toolchains/sh-elf/bin/../lib/gcc/sh-elf/11.1.0/libgcc.a(_thenan_df.o)
                              /opt/toolchains/sh-elf/bin/../lib/gcc/sh-elf/11.1.0/libgcc.a(_mul_df.o) (___thenan_df)
/opt/toolchains/sh-elf/bin/../lib/gcc/sh-elf/11.1.0/libgcc.a(_lshiftrt.o)
                              /opt/toolchains/sh-elf/bin/../lib/gcc/sh-elf/11.1.0/libgcc.a(_si_to_df.o) (___lshrsi3_r0)
/opt/toolchains/sh-elf/bin/../lib/gcc/sh-elf/11.1.0/libgcc.a(_clzsi2.o)
                              /opt/toolchains/sh-elf/bin/../lib/gcc/sh-elf/11.1.0/libgcc.a(_si_to_df.o) (___clzsi2)
/opt/toolchains/sh-elf/bin/../lib/gcc/sh-elf/11.1.0/libgcc.a(_pack_df.o)
                              /opt/toolchains/sh-elf/bin/../lib/gcc/sh-elf/11.1.0/libgcc.a(_mul_df.o) (___pack_d)
/opt/toolchains/sh-elf/bin/../lib/gcc/sh-elf/11.1.0/libgcc.a(_unpack_df.o)
                              /opt/toolchains/sh-elf/bin/../lib/gcc/sh-elf/11.1.0/libgcc.a(_mul_df.o) (___unpack_d)
/opt/toolchains/sh-elf/bin/../lib/gcc/sh-elf/11.1.0/libgcc.a(_clz.o)
                              /opt/toolchains/sh-elf/bin/../lib/gcc/sh-elf/11.1.0/libgcc.a(_clzsi2.o) (___clz_tab)
/opt/toolchains/sh-elf/bin/../lib/gcc/sh-elf/11.1.0/../../../../sh-elf/lib/libc.a(lib_a-memcmp.o)
                              ../sbl/segalib/lib/libsat.a(gfs.o) (_memcmp)
/opt/toolchains/sh-elf/bin/../lib/gcc/sh-elf/11.1.0/../../../../sh-elf/lib/libc.a(lib_a-memcpy.o)
                              scroll.o (_memcpy)
/opt/toolchains/sh-elf/bin/../lib/gcc/sh-elf/11.1.0/../../../../sh-elf/lib/libc.a(lib_a-memmove.o)
                              ../sbl/segalib/lib/libsat.a(gfs.o) (_memmove)
/opt/toolchains/sh-elf/bin/../lib/gcc/sh-elf/11.1.0/../../../../sh-elf/lib/libc.a(lib_a-memset.o)
                              scroll.o (_memset)
/opt/toolchains/sh-elf/bin/../lib/gcc/sh-elf/11.1.0/../../../../sh-elf/lib/libc.a(lib_a-strcpy.o)
                              ../sbl/segalib/lib/libsat.a(gfs_dir.o) (_strcpy)
/opt/toolchains/sh-elf/bin/../lib/gcc/sh-elf/11.1.0/../../../../sh-elf/lib/libc.a(lib_a-strncmp.o)
                              ../sbl/segalib/lib/libsat.a(gfs_dir.o) (_strncmp)
/opt/toolchains/sh-elf/bin/../lib/gcc/sh-elf/11.1.0/../../../../sh-elf/lib/libc.a(lib_a-strncpy.o)
                              ../sbl/segalib/lib/libsat.a(gfs_dir.o) (_strncpy)

Memory Configuration

Name             Origin             Length             Attributes
*default*        0x0000000000000000 0xffffffffffffffff

Linker script and memory map

LOAD entry.o
LOAD stack.o
LOAD vblank.o
LOAD cd.o
LOAD crc.o
LOAD devcart.o
LOAD game.o
LOAD pcmsys.o
LOAD piece.o
LOAD print.o
LOAD rng.o
LOAD scroll.o
LOAD sound.o
LOAD sprite.o
LOAD main.o
LOAD ../sbl/segalib/lib/libsat.a
LOAD /opt/toolchains/sh-elf/bin/../lib/gcc/sh-elf/11.1.0/libgcc.a
LOAD /opt/toolchains/sh-elf/bin/../lib/gcc/sh-elf/11.1.0/libgcc-Os-4-200.a
LOAD /opt/toolchains/sh-elf/bin/../lib/gcc/sh-elf/11.1.0/../../../../sh-elf/lib/libc.a
LOAD /opt/toolchains/sh-elf/bin/../lib/gcc/sh-elf/11.1.0/libgcc.a
LOAD /opt/toolchains/sh-elf/bin/../lib/gcc/sh-elf/11.1.0/libgcc-Os-4-200.a

.entry          0x0000000006010000       0x60
 *(.entry)
 .entry         0x0000000006010000       0x50 entry.o
                0x0000000006010000                _entry
                0x0000000006010060                . = ALIGN (0x20)
 *fill*         0x0000000006010050       0x10 
                0x0000000006010060                _eentry = ABSOLUTE (.)

.text           0x0000000006010060    0x11470
 *(.text*)
 .text          0x0000000006010060        0x0 entry.o
 .text          0x0000000006010060        0x0 stack.o
 .text          0x0000000006010060      0x1d0 vblank.o
                0x0000000006010060                _SetVblank
                0x0000000006010118                _CheckVblankEnd
                0x0000000006010130                _UsrVblankIn
                0x0000000006010158                _UsrVblankOut
 .text          0x0000000006010230      0x180 cd.o
                0x0000000006010230                _CD_Init
                0x0000000006010274                _CD_ChangeDir
                0x00000000060102e8                _CD_Load
 .text          0x00000000060103b0       0x98 crc.o
                0x00000000060103b0                _crc_update
 .text          0x0000000006010448      0x418 devcart.o
                0x0000000006010574                _Devcart_LoadFile
                0x0000000006010720                _Devcart_PrintStr
                0x0000000006010794                _Devcart_Reset
                0x00000000060107ec                _Devcart_ChangeDir
 .text          0x0000000006010860     0x12c4 game.o
                0x0000000006010908                _Game_Init
                0x0000000006011ae0                _Game_Run
 .text          0x0000000006011b24      0x898 pcmsys.o
                0x0000000006011b24                _smpc_wait_till_ready
                0x0000000006011b48                _smpc_issue_command
                0x0000000006011b80                _load_driver_binary
                0x0000000006011c5c                _load_drv
                0x0000000006011ce0                _calculate_bytes_per_blank
                0x0000000006011d68                _load_16bit_pcm
                0x0000000006011fc8                _load_8bit_pcm
                0x0000000006012224                _pcm_play
                0x00000000060122c0                _pcm_parameter_change
                0x0000000006012340                _pcm_cease
 .text          0x00000000060123bc        0x0 piece.o
 .text          0x00000000060123bc      0x340 print.o
                0x00000000060123bc                _Print_Load
                0x00000000060123e4                _Print_Init
                0x0000000006012464                _Print_Num
                0x0000000006012528                _Print_String
                0x00000000060125fc                _Print_Display
 .text          0x00000000060126fc      0x240 rng.o
                0x00000000060127b0                _RNG_Init
                0x0000000006012858                _RNG_Get
 .text          0x000000000601293c      0xa60 scroll.o
                0x000000000601293c                _Scroll_Init
                0x0000000006012cd8                _Scroll_LoadTile
                0x0000000006012e0c                _Scroll_TilePtr
                0x0000000006012e94                _Scroll_MapPtr
                0x0000000006012f20                _Scroll_Scale
                0x0000000006013078                _Scroll_Set
                0x00000000060130e8                _Scroll_Move
                0x0000000006013158                _Scroll_ClearMaps
                0x00000000060131c4                _Scroll_ClearVram
                0x0000000006013214                _Scroll_CharSize
                0x0000000006013298                _Scroll_Enable
                0x0000000006013318                _Scroll_MapSize
 .text          0x000000000601339c      0x42c sound.o
                0x00000000060135cc                _sound_init
                0x00000000060136f8                _sound_cdda
                0x0000000006013790                _sound_play
 .text          0x00000000060137c8      0xd9c sprite.o
                0x00000000060137c8                _Sprite_Init
                0x00000000060138b4                _Sprite_Clear
                0x0000000006013c88                _Sprite_Load
                0x0000000006013d44                _Sprite_StartDraw
                0x0000000006013d88                _Sprite_Draw
                0x000000000601418c                _Sprite_Make
                0x0000000006014244                _Sprite_DrawAll
                0x000000000601432c                _Sprite_Next
                0x00000000060143e8                _Sprite_ListAdd
                0x000000000601444a                _Sprite_ListRemove
                0x00000000060144c6                _Sprite_Delete
                0x0000000006014504                _Sprite_DeleteAll
 .text          0x0000000006014564       0xe8 main.o
                0x0000000006014564                _main
 .text          0x000000000601464c      0x354 ../sbl/segalib/lib/libsat.a(cdc_cmn.o)
                0x000000000601464c                _CDC_GetCurStat
                0x0000000006014690                _CDC_GetLastStat
                0x000000000601469c                _getPeriRsp
                0x0000000006014724                _CDC_GetPeriStat
                0x0000000006014768                _CDC_GetHwInfo
                0x00000000060147c0                _CDC_TgetToc
                0x0000000006014818                _CDC_GetSes
                0x0000000006014850                _CDC_CdInit
                0x00000000060148c8                _CDC_CdOpen
                0x00000000060148f0                _CDC_DataEnd
                0x0000000006014944                _CDC_DataReady
 .text          0x00000000060149a0      0x108 ../sbl/segalib/lib/libsat.a(cdc_drv.o)
                0x00000000060149a0                _analyPos
                0x00000000060149f0                _CDC_CdPlay
                0x0000000006014a44                _CDC_CdSeek
                0x0000000006014a7c                _CDC_CdScan
 .text          0x0000000006014aa8     0x1610 ../sbl/segalib/lib/libsat.a(gfs.o)
                0x0000000006014aa8                _gfs_recovRdErr
                0x0000000006014ad0                _GFS_SetErrFunc
                0x0000000006014af4                _GFS_GetErrStat
                0x0000000006014b14                _gfs_mngSetupFuncTbl
                0x0000000006014b40                _gfs_mngInitWork
                0x0000000006014bc0                _gfs_mngGetNumFile
                0x0000000006014c18                _GFS_mngAllocGrp
                0x0000000006014c58                _gfs_mngFreeGrp
                0x0000000006014c5e                _gfs_mngTermAccess
                0x0000000006014cc8                _gfs_mngSetErrCode
                0x0000000006014cf8                _GFS_SetDir
                0x0000000006014d5c                _GFS_NameToId
                0x0000000006014dac                _GFS_IdToName
                0x0000000006014e08                _GFS_Tell
                0x0000000006014e48                _GFS_NwIsComplete
                0x0000000006014e70                _GFS_CdMovePickup
                0x0000000006014ed0                _GFS_GetDirInfo
                0x0000000006014f48                _gfs_svrSearchHndl
                0x0000000006014f7c                _gfs_svrAddHndl
                0x0000000006014fb0                _gfs_svrRemoveHndl
                0x0000000006015024                _GFS_NwStop
                0x000000000601507c                _GFS_OpenSub
                0x00000000060150c4                _GFS_Open
                0x0000000006015168                _GFS_GetFad
                0x00000000060151ac                _gfs_SetSct
                0x00000000060151d8                _GFS_NwCdRead
                0x000000000601525c                _gfs_GetFinfo
                0x00000000060152aa                _GFS_GetFileSize
                0x000000000601530c                _GFS_Seek
                0x00000000060153c0                _GFS_IsEof
                0x0000000006015420                _GFS_ByteToSct
                0x000000000601547c                _GFS_GetFileInfo
                0x00000000060154f0                _GFS_NwFread
                0x0000000006015604                _GFS_NwGetStat
                0x0000000006015678                _GFS_SetGmode
                0x00000000060156dc                _GFS_SetTmode
                0x0000000006015750                _GFS_SetReadPara
                0x00000000060157b4                _GFS_SetTransPara
                0x0000000006015828                _gfs_transData
                0x00000000060158b8                _gfs_closeSub
                0x00000000060158e8                _GFS_Close
                0x0000000006015920                _GFS_LoadDir
                0x00000000060159bc                _gfs_getGmode
                0x00000000060159c2                _gfs_isTaskDone
                0x0000000006015a0c                _gfs_convFinStat
                0x0000000006015a70                _gfs_flowIn
                0x0000000006015af0                _GFS_NwExecOne
                0x0000000006015b80                _GFS_Fread
                0x0000000006015cc8                _GFS_Load
                0x0000000006015d90                _gfs_loadVol
                0x0000000006015e54                _gfs_getRootDir
                0x0000000006015edc                _gfs_loadRootDir
                0x0000000006015f64                _GFS_Init
                0x0000000006016050                _GFS_NwExecServer
 .text          0x00000000060160b8       0x6c ../sbl/segalib/lib/libsat.a(gfs_buf.o)
                0x00000000060160b8                _GFBF_GetTranData
                0x00000000060160cc                _GFBF_GetNumData
                0x00000000060160e4                _GFBF_GetSrcPk
                0x00000000060160f8                _GFBF_GetSctData
                0x000000000601610c                _GFBF_RtnPk
                0x0000000006016120                _gfbf_getSctDt
 .text          0x0000000006016124      0x484 ../sbl/segalib/lib/libsat.a(gfs_cdb.o)
                0x0000000006016124                _GFCB_Setup
                0x00000000060161e8                _GFCB_Close
                0x0000000006016208                _GFCB_GetLenData
                0x000000000601629c                _GFCB_GetLenRoom
                0x00000000060162a0                _GFCB_SetFilt
                0x00000000060162f8                _GFCB_DeleteAllData
                0x0000000006016314                _GFCB_Tell
                0x000000000601631c                _GFCB_Seek
                0x0000000006016400                _GFCB_GetSrcPack
                0x00000000060164c8                _GFCB_GetSctData
                0x00000000060164f4                _GFCB_GetDstPack
                0x00000000060164f8                _GFCB_RtnPk
                0x0000000006016538                _GFCB_MovePickup
                0x0000000006016548                _GFCB_SetCon
                0x0000000006016570                _GFCB_GetPickup
                0x0000000006016590                _GFCB_IsPuOwner
                0x000000000601659c                _GFCB_UngetPickup
 .text          0x00000000060165a8     0x1504 ../sbl/segalib/lib/libsat.a(gfs_cdc.o)
                0x00000000060165a8                _GFCD_AllocFilt
                0x00000000060165d8                _GFCD_FreeFilt
                0x0000000006016600                _GFCD_AllocBuf
                0x000000000601662c                _GFCD_GetBaseFad
                0x0000000006016658                _GFCD_GetPickup
                0x000000000601667c                _GFCD_UngetPickup
                0x00000000060166a0                _GFCD_IsPuOwner
                0x00000000060166b8                _GFCD_CheckDelSctData
                0x00000000060166e0                _GFCD_CheckMove
                0x00000000060166f8                _gfcd_isIdleTask
                0x000000000601675c                _GFCD_SetTimer
                0x0000000006016768                _gfcd_checkEflag
                0x0000000006016784                _gfcd_initCdbMng
                0x00000000060167ec                _gfcd_setStat
                0x0000000006016810                _GFCD_GetFilt
                0x0000000006016854                _GFCD_EndData
                0x0000000006016898                _GFCD_GetSctInfo
                0x00000000060168dc                _GFCD_GetFileInfo
                0x00000000060169a4                _GFCD_GetBufSiz
                0x00000000060169d4                _gfcd_doSetFiltTsk
                0x0000000006016b40                _GFCD_SetFilt
                0x0000000006016bd8                _gfcd_doSetConTsk
                0x0000000006016c50                _GFCD_SetCon
                0x0000000006016c9c                _gfcd_doGetLenDataTsk
                0x0000000006016d9c                _GFCD_GetLenData
                0x0000000006016de0                _gfcd_doReqDataTsk
                0x0000000006016e54                _GFCD_ReqData
                0x0000000006016e9c                _gfcd_doDelSctDataTsk
                0x0000000006016fa8                _GFCD_DelSctData
                0x0000000006016ff4                _gfcd_doMoveSctTsk
                0x0000000006017110                _GFCD_MoveSctData
                0x000000000601716c                _gfcd_doSetFiltConTsk
                0x0000000006017268                _GFCD_SetFiltCon
                0x0000000006017360                _GFCD_SetCsctFunc
                0x0000000006017370                _GFCD_WaitScdqFlag
                0x00000000060173b4                _GFCD_GetStat
                0x0000000006017424                _GFCD_Init
                0x000000000601760c                _GFCD_Play
                0x000000000601765c                _GFCD_MovePickup
                0x00000000060176a4                _gfcd_doChgDirTsk
                0x0000000006017848                _GFCD_ChgDir
                0x00000000060178b0                _gfcd_doTask
                0x0000000006017920                _GFCD_ExecServer
                0x00000000060179fc                _GFCD_FreeBuf
                0x0000000006017a78                _GFCD_WaitServer
 .text          0x0000000006017aac      0x600 ../sbl/segalib/lib/libsat.a(gfs_cdf.o)
                0x0000000006017aac                _GFCF_Init
                0x0000000006017b04                _GFCF_SetSct
                0x0000000006017b30                _GFCF_GetFileInfo
                0x0000000006017b8e                _GFCF_Recover
                0x0000000006017bd0                _GFCF_Tell
                0x0000000006017bdc                _GFCF_Seek
                0x0000000006017be8                _GFCF_cnvIntlvOfs
                0x0000000006017c1c                _GFCF_GetStat
                0x0000000006017c68                _GFCF_StopInBuf
                0x0000000006017ce0                _GFCF_MovePickup
                0x0000000006017d64                _gfcf_getSctSize
                0x0000000006017d9c                _GFCF_Setup
                0x0000000006017e54                _gfcf_isCdOk
                0x0000000006017ea0                _gfcf_getPlayRange
                0x0000000006017fa8                _GFCF_FlowInBuf
 .text          0x00000000060180ac      0x7e8 ../sbl/segalib/lib/libsat.a(gfs_dir.o)
                0x00000000060180ac                _GFDR_NameToId
                0x00000000060180fc                _GFDR_GetInfoDirId
                0x0000000006018108                _GFDR_GetInfoDirName
                0x0000000006018114                _GFDR_GetAtrDirId
                0x0000000006018124                _GFDR_GetAtrDirName
                0x0000000006018134                _GFDR_ChgDir
                0x00000000060181a4                _GFDR_ChgRoot
                0x00000000060181b0                _gfdr_open
                0x00000000060181d0                _gfdr_read
                0x0000000006018288                _gfdr_readByte
                0x00000000060182b0                _gfdr_readWord
                0x00000000060182d8                _gfdr_readWordNB
                0x0000000006018324                _gfdr_readLongNB
                0x000000000601836c                _gfdr_readLongNM
                0x000000000601838c                _gfdr_setNextRec
                0x0000000006018408                _gfdr_readDirEnt
                0x00000000060186f0                _gfdr_setDirrecCd
                0x000000000601870e                _gfdr_setupDirIdTbl
                0x0000000006018784                _gfdr_setupDirNameTbl
                0x0000000006018824                _GFDR_SetupDirTbl
 .text          0x0000000006018894      0x818 ../sbl/segalib/lib/libsat.a(gfs_trn.o)
                0x0000000006018894                _gftr_reqScu
                0x0000000006018898                _gftr_remCpu
                0x000000000601889c                _gftr_execScu
                0x000000000601891c                _gftr_remScu
                0x000000000601893c                _gftr_reqDma0
                0x0000000006018940                _gftr_reqDma1
                0x0000000006018944                _gftr_reqCpu
                0x0000000006018948                _GFTR_Setup
                0x000000000601896e                _GFTR_SetMode
                0x000000000601897a                _GFTR_SetUnit
                0x000000000601897e                _GFTR_SetTransPara
                0x0000000006018990                _GFTR_GetTransPara
                0x0000000006018994                _GFTR_GetNumTrans
                0x0000000006018998                _GFTR_SetTransMax
                0x000000000601899e                _GFTR_Start
                0x00000000060189a4                _GFTR_Pause
                0x00000000060189aa                _gfdma_canUse
                0x00000000060189ae                _gfdma_exec
                0x0000000006018a88                _gftr_execSdma0
                0x0000000006018aac                _gftr_execSdma1
                0x0000000006018ad0                _gftr_reqTrn
                0x0000000006018b24                _gftr_execTrn
                0x0000000006018bf0                _gftr_remTrn
                0x0000000006018c50                _gftr_copyFrac
                0x0000000006018c74                _gfdma_getBytecnt
                0x0000000006018ca4                _gftr_remDma0
                0x0000000006018cb0                _gftr_remDma1
                0x0000000006018cbc                _gftr_execCpu
                0x0000000006018d08                _GFTR_GetLenData
                0x0000000006018d0c                _GFTR_GetLenRoom
                0x0000000006018d1a                _gftr_getSrcPack
                0x0000000006018d9c                _GFTR_Idle
                0x0000000006018e0c                _GFTR_GetDstPack
                0x0000000006018e38                _gftr_getDstPack
                0x0000000006018e78                _gftr_execSub
                0x0000000006018f80                _GFTR_Exec
                0x0000000006018fd8                _GFTR_Stop
                0x0000000006019078                _GFTR_RtnDstPk
                0x0000000006019086                _GFTR_GetData
                0x0000000006019094                _GFTR_SetData
                0x00000000060190a0                _GFTR_SetTransFunc
 .text          0x00000000060190ac       0x24 ../sbl/segalib/lib/libsat.a(mth_rand.o)
                0x00000000060190ac                _MTH_InitialRand
                0x00000000060190b8                _MTH_GetRand
 .text          0x00000000060190d0       0x78 ../sbl/segalib/lib/libsat.a(mth_fixd.o)
                0x00000000060190d0                _MTH_Mul
                0x00000000060190e4                _MTH_Div
                0x00000000060190f8                _MTH_IntToFixed
                0x0000000006019100                _MTH_FixedToInt
                0x0000000006019108                _MTH_Product
 .text          0x0000000006019148      0x5d4 ../sbl/segalib/lib/libsat.a(mth_tri.o)
                0x0000000006019148                _MTH_Sin
                0x0000000006019188                _MTH_Cos
                0x00000000060191cc                _fcos
                0x00000000060191d2                _fsin
                0x0000000006019364                _MTH_Atan
 .text          0x000000000601971c      0xf58 ../sbl/segalib/lib/libsat.a(per_prt.o)
                0x0000000006019b1c                _PER_IntFunc
                0x000000000601a3cc                _PER_Init
                0x000000000601a574                _PER_GetPer
 .text          0x000000000601a674      0xcbc ../sbl/segalib/lib/libsat.a(spr_2c.o)
                0x000000000601a674                _SPR_2SetTvMode
                0x000000000601a684                _SPR_2FrameChgIntr
                0x000000000601a698                _SPR_2FrameEraseData
                0x000000000601a6d8                _SPR_2SetGourTbl
                0x000000000601a708                _SPR_2SetLookupTbl
                0x000000000601a724                _SPR_2SetChar
                0x000000000601a850                _SPR_2ClrChar
                0x000000000601a958                _SPR_2ClrAllChar
                0x000000000601a9a4                _SPR_2Initial
                0x000000000601aaf8                _SPR_2GourTblNoToVram
                0x000000000601ab14                _SPR_2LookupTblNoToVram
                0x000000000601ab24                _SPR_2CharNoToVram
                0x000000000601ab38                _SPR_2GetAreaSizeInfo
                0x000000000601ab98                _SPR_2OpenCommand
                0x000000000601ac30                _SPR_2FlushDrawPrty
                0x000000000601ac70                _SPR_2CloseCommand
                0x000000000601ad90                _SPR_2LocalCoord
                0x000000000601ade8                _SPR_2SysClip
                0x000000000601ae30                _SPR_2UserClip
                0x000000000601ae80                _SPR_2Line
                0x000000000601af1c                _SPR_2PolyLine
                0x000000000601afbc                _SPR_2Polygon
                0x000000000601b05c                _SPR_2NormSpr
                0x000000000601b128                _SPR_2ScaleSpr
                0x000000000601b210                _SPR_2DistSpr
                0x000000000601b2e8                _SPR_2Cmd
 .text          0x000000000601b330      0x754 ../sbl/segalib/lib/libsat.a(scl_func.o)
                0x000000000601b330                _SCL_ParametersInit
                0x000000000601b41c                _SCL_Vdp2Init
                0x000000000601b484                _SCL_Open
                0x000000000601b4a0                _SCL_Close
                0x000000000601b4b4                _SCL_MoveTo
                0x000000000601b5a8                _SCL_Move
                0x000000000601b6d4                _SCL_Scale
                0x000000000601b7d8                _SCL_Memcpyw
                0x000000000601b7ec                _SCL_CopyReg
                0x000000000601b8cc                _SCL_SetColRamMode
                0x000000000601b91c                _SCL_PriIntProc
                0x000000000601ba18                _SCL_ScrollShow
 .text          0x000000000601ba84      0x384 ../sbl/segalib/lib/libsat.a(scl_fu02.o)
                0x000000000601ba84                _SCL_InitVramConfigTb
                0x000000000601ba92                _SCL_SetVramConfig
 .text          0x000000000601be08      0x62c ../sbl/segalib/lib/libsat.a(scl_fu03.o)
                0x000000000601be08                _SCL_InitConfigTb
                0x000000000601be20                _SCL_SetConfig
 .text          0x000000000601c434       0x18 ../sbl/segalib/lib/libsat.a(scl_fu04.o)
                0x000000000601c434                _SCL_SetCycleTable
 .text          0x000000000601c44c      0xf30 ../sbl/segalib/lib/libsat.a(scl_pri.o)
                0x000000000601c44c                _SCL_PriorityInit
                0x000000000601c9f8                _SCL_GetColRamMode
                0x000000000601ca18                _SCL_AbortAutoVe
                0x000000000601ca24                _SCL_SetColMixRate
                0x000000000601cd8c                _SCL_IncColOffset
                0x000000000601ce00                _SCL_AutoExec
                0x000000000601d22c                _SCL_SetShadowBit
 .text          0x000000000601d37c      0xe38 ../sbl/segalib/lib/libsat.a(scl_ro00.o)
                0x000000000601d4a0                _SCL_InitRotateTable
                0x000000000601d6e8                _SCL_RotateZD
                0x000000000601d828                _SCL_Rotate
 .text          0x000000000601e1b4       0x74 ../sbl/segalib/lib/libsat.a(scl_back.o)
                0x000000000601e1b4                _SCL_SetBack
 .text          0x000000000601e228      0x264 ../sbl/segalib/lib/libsat.a(scl_vblv.o)
                0x000000000601e228                _SCL_SetFrameInterval
                0x000000000601e2a0                _SCL_DisplayFrame
                0x000000000601e2cc                _SCL_VblInit
                0x000000000601e314                _SCL_VblankStart
                0x000000000601e3e4                _SCL_VblankEnd
 .text          0x000000000601e48c       0x54 ../sbl/segalib/lib/libsat.a(scl_pr01.o)
                0x000000000601e48c                _SCL_SetSpriteMode
 .text          0x000000000601e4e0       0x90 ../sbl/segalib/lib/libsat.a(scl_pr02.o)
                0x000000000601e4e0                _SCL_SetColRam
 .text          0x000000000601e570      0x10c ../sbl/segalib/lib/libsat.a(scl_pr03.o)
                0x000000000601e570                _SCL_FreeColRam
                0x000000000601e598                _SCL_AllocColRam
 .text          0x000000000601e67c       0xac ../sbl/segalib/lib/libsat.a(scl_pr05.o)
                0x000000000601e67c                _SCL_GetColRamOffset
 .text          0x000000000601e728      0x180 ../sbl/segalib/lib/libsat.a(scl_pr06.o)
                0x000000000601e728                _SCL_SetColRamOffset
 .text          0x000000000601e8a8      0x1c8 ../sbl/segalib/lib/libsat.a(scl_pr07.o)
                0x000000000601e8a8                _SCL_SetPriority
 .text          0x000000000601ea70      0x234 ../sbl/segalib/lib/libsat.a(cdc_reg.o)
                0x000000000601ea70                _CDC_GetDataPtr
                0x000000000601ea7c                _CDC_GetHirqReq
                0x000000000601ea88                _CDC_ClrHirqReq
                0x000000000601eaa8                _CDREG_ClrHirqReq
                0x000000000601eab4                _CDREG_InitHirqReq
                0x000000000601eacc                _CDREG_SetHirqFlag
                0x000000000601eadc                _CDC_GetHirqMsk
                0x000000000601eae8                _CDC_SetHirqMsk
                0x000000000601eaf4                _CDC_GetMpegPtr
                0x000000000601eb00                _CDREG_TgetData
                0x000000000601eb5c                _CDREG_WaitHirq
                0x000000000601eb84                _writeCmd
                0x000000000601eba4                _CDREG_ReadRsp
                0x000000000601ebc8                _doCmdRsp
                0x000000000601ec70                _CDREG_CmdRsp
 .text          0x000000000601eca4       0xf4 ../sbl/segalib/lib/libsat.a(cdc_sub.o)
                0x000000000601eca4                _CDSUB_GetCdstat
                0x000000000601ecd8                _CDSUB_RspToCdstat
                0x000000000601ed0a                _CDSUB_CdCmd
                0x000000000601ed6c                _CDSUB_UpdStatus
                0x000000000601ed78                _CDSUB_UpdCdstat
                0x000000000601ed94                _CDSUB_SoftTimer
 .text          0x000000000601ed98       0xb4 ../sbl/segalib/lib/libsat.a(cdc_dev.o)
                0x000000000601ed98                _CDC_CdSetCon
                0x000000000601edcc                _CDC_CdGetCon
                0x000000000601ee0c                _CDC_CdGetLastBuf
 .text          0x000000000601ee4c      0x290 ../sbl/segalib/lib/libsat.a(cdc_sel.o)
                0x000000000601ee4c                _CDC_SetFiltRange
                0x000000000601ee88                _CDC_GetFiltRange
                0x000000000601eef4                _CDC_SetFiltSubh
                0x000000000601ef44                _CDC_GetFiltSubh
                0x000000000601efa8                _CDC_SetFiltMode
                0x000000000601efdc                _CDC_GetFiltMode
                0x000000000601f01c                _CDC_SetFiltCon
                0x000000000601f054                _CDC_GetFiltCon
                0x000000000601f0a8                _CDC_ResetSelector
 .text          0x000000000601f0dc      0x234 ../sbl/segalib/lib/libsat.a(cdc_bif.o)
                0x000000000601f0dc                _CDC_GetBufSiz
                0x000000000601f134                _CDC_GetSctNum
                0x000000000601f17c                _CDC_CalActSiz
                0x000000000601f1ac                _chkEselUpdStatus
                0x000000000601f1e0                _CDC_GetActSiz
                0x000000000601f224                _CDC_GetSctInfo
                0x000000000601f27c                _CDC_ExeFadSearch
                0x000000000601f2b0                _CDC_GetFadSearch
 .text          0x000000000601f310      0x190 ../sbl/segalib/lib/libsat.a(cdc_bio.o)
                0x000000000601f310                _CDC_SetSctLen
                0x000000000601f340                _CDC_GetSctData
                0x000000000601f370                _CDC_DelSctData
                0x000000000601f3a0                _CDC_GetdelSctData
                0x000000000601f3d0                _CDC_PutSctData
                0x000000000601f400                _CDC_CopySctData
                0x000000000601f434                _CDC_MoveSctData
                0x000000000601f468                _CDC_GetCopyErr
 .text          0x000000000601f4a0      0x1a4 ../sbl/segalib/lib/libsat.a(cdc_cfs.o)
                0x000000000601f4a0                _CDC_ChgDir
                0x000000000601f4d8                _CDC_ReadDir
                0x000000000601f510                _CDC_GetFileScope
                0x000000000601f570                _CDC_TgetFileInfo
                0x000000000601f5c8                _CDC_ReadFile
                0x000000000601f608                _CDC_AbortFile
 .text          0x000000000601f644       0xb0 ../sbl/segalib/lib/libsat.a(csh_main.o)
                0x000000000601f644                _CSH_Init
                0x000000000601f690                _CSH_AllClr
                0x000000000601f6d0                _CSH_Purge
 .text          0x000000000601f6f4      0x13c ../sbl/segalib/lib/libsat.a(dma_cpu0.o)
                0x000000000601f6f4                _DMA_CpuSetComPrm
                0x000000000601f72c                _DMA_CpuSetPrm
                0x000000000601f7e0                _DMA_CpuStart
                0x000000000601f7f0                _DMA_CpuStop
                0x000000000601f802                _DMA_CpuAllStop
                0x000000000601f810                _DMA_CpuGetComStatus
                0x000000000601f822                _DMA_CpuGetStatus
 .text          0x000000000601f830      0x274 ../sbl/segalib/lib/libsat.a(dma_scu0.o)
                0x000000000601f830                _DMA_ScuIntFunc0
                0x000000000601f890                _DMA_ScuIntFunc1
                0x000000000601f8f4                _DMA_ScuIntFunc2
                0x000000000601f958                _DMA_ScuSetPrm
                0x000000000601f9c0                _DMA_ScuStart
                0x000000000601fa78                _DMA_ScuGetStatus
 .text          0x000000000601faa4      0x240 ../sbl/segalib/lib/libsat.a(spr_1c.o)
                0x000000000601faa4                _SPR_SetTvMode
                0x000000000601fb20                _SPR_GetStatus
                0x000000000601fb74                _SPR_SetEraseData
                0x000000000601fc0c                _SPR_Initial
                0x000000000601fcc0                _SPR_WaitDrawEnd
                0x000000000601fcd0                _SPR_SetEosMode
 .text          0x000000000601fce4      0x16c ../sbl/segalib/lib/libsat.a(spr_2a.o)
                0x000000000601fce4                _SPR_2SetDrawPrty
                0x000000000601fd54                _SPR_2FlushDrawPrtyBlock
 .text          0x000000000601fe50       0x52 /opt/toolchains/sh-elf/bin/../lib/gcc/sh-elf/11.1.0/libgcc.a(_ashiftrt.o)
                0x000000000601fe50                ___ashiftrt_r4_31
                0x000000000601fe50                ___ashiftrt_r4_32
                0x000000000601fe56                ___ashiftrt_r4_30
                0x000000000601fe58                ___ashiftrt_r4_29
                0x000000000601fe5a                ___ashiftrt_r4_28
                0x000000000601fe5c                ___ashiftrt_r4_27
                0x000000000601fe5e                ___ashiftrt_r4_26
                0x000000000601fe60                ___ashiftrt_r4_25
                0x000000000601fe62                ___ashiftrt_r4_24
                0x000000000601fe6a                ___ashiftrt_r4_23
                0x000000000601fe6c                ___ashiftrt_r4_22
                0x000000000601fe6e                ___ashiftrt_r4_21
                0x000000000601fe70                ___ashiftrt_r4_20
                0x000000000601fe72                ___ashiftrt_r4_19
                0x000000000601fe74                ___ashiftrt_r4_18
                0x000000000601fe76                ___ashiftrt_r4_17
                0x000000000601fe78                ___ashiftrt_r4_16
                0x000000000601fe7e                ___ashiftrt_r4_15
                0x000000000601fe80                ___ashiftrt_r4_14
                0x000000000601fe82                ___ashiftrt_r4_13
                0x000000000601fe84                ___ashiftrt_r4_12
                0x000000000601fe86                ___ashiftrt_r4_11
                0x000000000601fe88                ___ashiftrt_r4_10
                0x000000000601fe8a                ___ashiftrt_r4_9
                0x000000000601fe8c                ___ashiftrt_r4_8
                0x000000000601fe8e                ___ashiftrt_r4_7
                0x000000000601fe90                ___ashiftrt_r4_6
                0x000000000601fe92                ___ashiftrt_r4_5
                0x000000000601fe94                ___ashiftrt_r4_4
                0x000000000601fe96                ___ashiftrt_r4_3
                0x000000000601fe98                ___ashiftrt_r4_2
                0x000000000601fe9a                ___ashiftrt_r4_1
                0x000000000601fe9e                ___ashiftrt_r4_0
 *fill*         0x000000000601fea2        0x2 
 .text          0x000000000601fea4       0x80 /opt/toolchains/sh-elf/bin/../lib/gcc/sh-elf/11.1.0/libgcc.a(_ashiftrt_n.o)
                0x000000000601fea4                ___ashrsi3
 .text          0x000000000601ff24       0xbc /opt/toolchains/sh-elf/bin/../lib/gcc/sh-elf/11.1.0/libgcc.a(_ashiftlt.o)
                0x000000000601ff24                ___ashlsi3
                0x000000000601ff28                ___ashlsi3_r0
 .text          0x000000000601ffe0       0x78 /opt/toolchains/sh-elf/bin/../lib/gcc/sh-elf/11.1.0/libgcc.a(_movmem.o)
                0x000000000601ffe0                ___movmem
                0x000000000601ffe0                ___movstr
                0x0000000006020014                ___movmemSI64
                0x0000000006020014                ___movstrSI64
                0x0000000006020018                ___movmemSI60
                0x0000000006020018                ___movstrSI60
                0x000000000602001c                ___movstrSI56
                0x000000000602001c                ___movmemSI56
                0x0000000006020020                ___movmemSI52
                0x0000000006020020                ___movstrSI52
                0x0000000006020024                ___movstrSI48
                0x0000000006020024                ___movmemSI48
                0x0000000006020028                ___movmemSI44
                0x0000000006020028                ___movstrSI44
                0x000000000602002c                ___movstrSI40
                0x000000000602002c                ___movmemSI40
                0x0000000006020030                ___movstrSI36
                0x0000000006020030                ___movmemSI36
                0x0000000006020034                ___movstrSI32
                0x0000000006020034                ___movmemSI32
                0x0000000006020038                ___movmemSI28
                0x0000000006020038                ___movstrSI28
                0x000000000602003c                ___movmemSI24
                0x000000000602003c                ___movstrSI24
                0x0000000006020040                ___movmemSI20
                0x0000000006020040                ___movstrSI20
                0x0000000006020044                ___movstrSI16
                0x0000000006020044                ___movmemSI16
                0x0000000006020048                ___movmemSI12
                0x0000000006020048                ___movstrSI12
                0x000000000602004c                ___movstrSI8
                0x000000000602004c                ___movmemSI8
                0x0000000006020050                ___movstrSI4
                0x0000000006020050                ___movmemSI4
 .text          0x0000000006020058       0xa0 /opt/toolchains/sh-elf/bin/../lib/gcc/sh-elf/11.1.0/libgcc.a(_sdivsi3.o)
                0x0000000006020058                ___sdivsi3
 .text          0x00000000060200f8       0x6c /opt/toolchains/sh-elf/bin/../lib/gcc/sh-elf/11.1.0/libgcc.a(_udivsi3.o)
                0x000000000602011a                ___udivsi3
 .text          0x0000000006020164      0x208 /opt/toolchains/sh-elf/bin/../lib/gcc/sh-elf/11.1.0/libgcc.a(_mul_df.o)
                0x0000000006020164                ___muldf3
 .text          0x000000000602036c       0xa8 /opt/toolchains/sh-elf/bin/../lib/gcc/sh-elf/11.1.0/libgcc.a(_si_to_df.o)
                0x000000000602036c                ___floatsidf
 .text          0x0000000006020414       0xa0 /opt/toolchains/sh-elf/bin/../lib/gcc/sh-elf/11.1.0/libgcc.a(_df_to_si.o)
                0x0000000006020414                ___fixdfsi
 .text          0x00000000060204b4        0x0 /opt/toolchains/sh-elf/bin/../lib/gcc/sh-elf/11.1.0/libgcc.a(_thenan_df.o)
 .text          0x00000000060204b4       0xbc /opt/toolchains/sh-elf/bin/../lib/gcc/sh-elf/11.1.0/libgcc.a(_lshiftrt.o)
                0x00000000060204b4                ___lshrsi3
                0x00000000060204b8                ___lshrsi3_r0
 .text          0x0000000006020570       0x74 /opt/toolchains/sh-elf/bin/../lib/gcc/sh-elf/11.1.0/libgcc.a(_clzsi2.o)
                0x0000000006020570                ___clzsi2
 .text          0x00000000060205e4      0x29c /opt/toolchains/sh-elf/bin/../lib/gcc/sh-elf/11.1.0/libgcc.a(_pack_df.o)
                0x00000000060205e4                ___pack_d
 .text          0x0000000006020880       0xcc /opt/toolchains/sh-elf/bin/../lib/gcc/sh-elf/11.1.0/libgcc.a(_unpack_df.o)
                0x0000000006020880                ___unpack_d
 .text          0x000000000602094c        0x0 /opt/toolchains/sh-elf/bin/../lib/gcc/sh-elf/11.1.0/libgcc.a(_clz.o)
 .text          0x000000000602094c       0x64 /opt/toolchains/sh-elf/bin/../lib/gcc/sh-elf/11.1.0/../../../../sh-elf/lib/libc.a(lib_a-memcmp.o)
                0x000000000602094c                _memcmp
 .text          0x00000000060209b0       0x94 /opt/toolchains/sh-elf/bin/../lib/gcc/sh-elf/11.1.0/../../../../sh-elf/lib/libc.a(lib_a-memcpy.o)
                0x00000000060209b0                _memcpy
 .text          0x0000000006020a44       0xcc /opt/toolchains/sh-elf/bin/../lib/gcc/sh-elf/11.1.0/../../../../sh-elf/lib/libc.a(lib_a-memmove.o)
                0x0000000006020a44                _memmove
 .text          0x0000000006020b10       0x40 /opt/toolchains/sh-elf/bin/../lib/gcc/sh-elf/11.1.0/../../../../sh-elf/lib/libc.a(lib_a-memset.o)
                0x0000000006020b10                _memset
 .text          0x0000000006020b50       0x3c /opt/toolchains/sh-elf/bin/../lib/gcc/sh-elf/11.1.0/../../../../sh-elf/lib/libc.a(lib_a-strcpy.o)
                0x0000000006020b50                _strcpy
 .text          0x0000000006020b8c       0xd0 /opt/toolchains/sh-elf/bin/../lib/gcc/sh-elf/11.1.0/../../../../sh-elf/lib/libc.a(lib_a-strncmp.o)
                0x0000000006020b8c                _strncmp
 .text          0x0000000006020c5c       0xd4 /opt/toolchains/sh-elf/bin/../lib/gcc/sh-elf/11.1.0/../../../../sh-elf/lib/libc.a(lib_a-strncpy.o)
                0x0000000006020c5c                _strncpy
 *(.rodata*)
 .rodata        0x0000000006020d30      0x100 crc.o
 .rodata        0x0000000006020e30       0x23 game.o
 *fill*         0x0000000006020e53        0x1 
 .rodata        0x0000000006020e54      0x409 pcmsys.o
 *fill*         0x000000000602125d        0x3 
 .rodata        0x0000000006021260        0x9 print.o
 *fill*         0x0000000006021269        0x3 
 .rodata        0x000000000602126c       0x7b sound.o
 *fill*         0x00000000060212e7        0x1 
 .rodata        0x00000000060212e8        0xa ../sbl/segalib/lib/libsat.a(gfs.o)
 *fill*         0x00000000060212f2        0x2 
 .rodata        0x00000000060212f4       0x30 ../sbl/segalib/lib/libsat.a(gfs_buf.o)
 .rodata        0x0000000006021324       0x2d ../sbl/segalib/lib/libsat.a(gfs_cdf.o)
 *fill*         0x0000000006021351        0x3 
 .rodata.str1.4
                0x0000000006021354        0x7 ../sbl/segalib/lib/libsat.a(gfs_dir.o)
 *fill*         0x000000000602135b        0x1 
 .rodata        0x000000000602135c       0x30 ../sbl/segalib/lib/libsat.a(gfs_trn.o)
 .rodata        0x000000000602138c        0xc ../sbl/segalib/lib/libsat.a(dma_scu0.o)
 .rodata        0x0000000006021398       0x20 ../sbl/segalib/lib/libsat.a(spr_1c.o)
 .rodata        0x00000000060213b8       0x14 /opt/toolchains/sh-elf/bin/../lib/gcc/sh-elf/11.1.0/libgcc.a(_thenan_df.o)
                0x00000000060213b8                ___thenan_df
 .rodata        0x00000000060213cc      0x100 /opt/toolchains/sh-elf/bin/../lib/gcc/sh-elf/11.1.0/libgcc.a(_clz.o)
                0x00000000060213cc                ___clz_tab
 *(.strings)
                0x00000000060214d0                . = ALIGN (0x10)
 *fill*         0x00000000060214cc        0x4 
                0x00000000060214d0                _etext = ABSOLUTE (.)

.tors           0x00000000060214d0        0x0
                0x00000000060214d0                ___ctors = .
 *(.ctors)
                0x00000000060214d0                ___ctors_end = .
                0x00000000060214d0                ___dtors = .
 *(.dtors)
                0x00000000060214d0                ___dtors_end = .
                0x00000000060214d0                . = ALIGN (0x10)
                0x00000000060214d0                _etors = ABSOLUTE (.)

.data           0x00000000060214d0      0x7a0
 *(.data)
 .data          0x00000000060214d0        0x0 entry.o
 .data          0x00000000060214d0        0x0 stack.o
 .data          0x00000000060214d0        0x0 vblank.o
 .data          0x00000000060214d0        0x0 cd.o
 .data          0x00000000060214d0        0x0 crc.o
 .data          0x00000000060214d0        0x0 devcart.o
 .data          0x00000000060214d0        0x0 game.o
 .data          0x00000000060214d0        0xc pcmsys.o
                0x00000000060214d0                _m68k_com
                0x00000000060214d4                _scsp_load
                0x00000000060214d8                _master_volume
 .data          0x00000000060214dc      0x700 piece.o
                0x00000000060214dc                _pieces
 .data          0x0000000006021bdc        0x0 print.o
 .data          0x0000000006021bdc        0x0 rng.o
 .data          0x0000000006021bdc       0x50 scroll.o
                0x0000000006021bdc                _vram
                0x0000000006021bec                _charOffsets
                0x0000000006021bfc                _cycleTbLoRes
                0x0000000006021c0c                _cycleTbHiRes
                0x0000000006021c1c                _cycleTbBitmap
 .data          0x0000000006021c2c        0x0 sound.o
 .data          0x0000000006021c2c       0x18 sprite.o
 .data          0x0000000006021c44        0x0 main.o
 .data          0x0000000006021c44        0x0 ../sbl/segalib/lib/libsat.a(cdc_cmn.o)
 .data          0x0000000006021c44        0x0 ../sbl/segalib/lib/libsat.a(cdc_drv.o)
 .data          0x0000000006021c44        0x0 ../sbl/segalib/lib/libsat.a(gfs.o)
 .data          0x0000000006021c44        0x0 ../sbl/segalib/lib/libsat.a(gfs_buf.o)
 .data          0x0000000006021c44        0x0 ../sbl/segalib/lib/libsat.a(gfs_cdb.o)
 .data          0x0000000006021c44        0x0 ../sbl/segalib/lib/libsat.a(gfs_cdc.o)
 .data          0x0000000006021c44        0x0 ../sbl/segalib/lib/libsat.a(gfs_cdf.o)
 .data          0x0000000006021c44        0x0 ../sbl/segalib/lib/libsat.a(gfs_dir.o)
 .data          0x0000000006021c44        0x0 ../sbl/segalib/lib/libsat.a(gfs_trn.o)
 .data          0x0000000006021c44        0x0 ../sbl/segalib/lib/libsat.a(mth_rand.o)
 .data          0x0000000006021c44        0x0 ../sbl/segalib/lib/libsat.a(mth_fixd.o)
 .data          0x0000000006021c44        0x0 ../sbl/segalib/lib/libsat.a(mth_tri.o)
 .data          0x0000000006021c44        0x3 ../sbl/segalib/lib/libsat.a(per_prt.o)
 .data          0x0000000006021c47        0x0 ../sbl/segalib/lib/libsat.a(spr_2c.o)
 *fill*         0x0000000006021c47        0x1 
 .data          0x0000000006021c48        0x6 ../sbl/segalib/lib/libsat.a(scl_func.o)
                0x0000000006021c48                _SclRotateTableMode
                0x0000000006021c4a                _SclDisplayY
                0x0000000006021c4c                _SclDisplayX
 .data          0x0000000006021c4e        0x0 ../sbl/segalib/lib/libsat.a(scl_fu02.o)
 .data          0x0000000006021c4e        0x0 ../sbl/segalib/lib/libsat.a(scl_fu03.o)
 .data          0x0000000006021c4e        0x0 ../sbl/segalib/lib/libsat.a(scl_fu04.o)
 *fill*         0x0000000006021c4e        0x2 
 .data          0x0000000006021c50       0x18 ../sbl/segalib/lib/libsat.a(scl_pri.o)
                0x0000000006021c50                _SclRealColOffset
                0x0000000006021c54                _SclRealBgColMix
                0x0000000006021c58                _SclRealSpColMix
                0x0000000006021c5c                _SclRealBgPriNum
                0x0000000006021c60                _SclRealSpPriNum
                0x0000000006021c64                _SclRealOtherPri
 .data          0x0000000006021c68        0x0 ../sbl/segalib/lib/libsat.a(scl_ro00.o)
 .data          0x0000000006021c68        0x0 ../sbl/segalib/lib/libsat.a(scl_back.o)
 .data          0x0000000006021c68        0x8 ../sbl/segalib/lib/libsat.a(scl_vblv.o)
                0x0000000006021c68                _VBInterval
                0x0000000006021c6c                _SpFrameEraseMode
 .data          0x0000000006021c70        0x0 ../sbl/segalib/lib/libsat.a(scl_pr01.o)
 .data          0x0000000006021c70        0x0 ../sbl/segalib/lib/libsat.a(scl_pr02.o)
 .data          0x0000000006021c70        0x0 ../sbl/segalib/lib/libsat.a(scl_pr03.o)
 .data          0x0000000006021c70        0x0 ../sbl/segalib/lib/libsat.a(scl_pr05.o)
 .data          0x0000000006021c70        0x0 ../sbl/segalib/lib/libsat.a(scl_pr06.o)
 .data          0x0000000006021c70        0x0 ../sbl/segalib/lib/libsat.a(scl_pr07.o)
 .data          0x0000000006021c70        0x0 ../sbl/segalib/lib/libsat.a(cdc_reg.o)
 .data          0x0000000006021c70        0x0 ../sbl/segalib/lib/libsat.a(cdc_sub.o)
 .data          0x0000000006021c70        0x0 ../sbl/segalib/lib/libsat.a(cdc_dev.o)
 .data          0x0000000006021c70        0x0 ../sbl/segalib/lib/libsat.a(cdc_sel.o)
 .data          0x0000000006021c70        0x0 ../sbl/segalib/lib/libsat.a(cdc_bif.o)
 .data          0x0000000006021c70        0x0 ../sbl/segalib/lib/libsat.a(cdc_bio.o)
 .data          0x0000000006021c70        0x0 ../sbl/segalib/lib/libsat.a(cdc_cfs.o)
 .data          0x0000000006021c70        0x0 ../sbl/segalib/lib/libsat.a(csh_main.o)
 .data          0x0000000006021c70        0x0 ../sbl/segalib/lib/libsat.a(dma_cpu0.o)
 .data          0x0000000006021c70        0x0 ../sbl/segalib/lib/libsat.a(dma_scu0.o)
 .data          0x0000000006021c70        0x0 ../sbl/segalib/lib/libsat.a(spr_1c.o)
 .data          0x0000000006021c70        0x0 ../sbl/segalib/lib/libsat.a(spr_2a.o)
 .data          0x0000000006021c70        0x0 /opt/toolchains/sh-elf/bin/../lib/gcc/sh-elf/11.1.0/libgcc.a(_ashiftrt.o)
 .data          0x0000000006021c70        0x0 /opt/toolchains/sh-elf/bin/../lib/gcc/sh-elf/11.1.0/libgcc.a(_ashiftrt_n.o)
 .data          0x0000000006021c70        0x0 /opt/toolchains/sh-elf/bin/../lib/gcc/sh-elf/11.1.0/libgcc.a(_ashiftlt.o)
 .data          0x0000000006021c70        0x0 /opt/toolchains/sh-elf/bin/../lib/gcc/sh-elf/11.1.0/libgcc.a(_movmem.o)
 .data          0x0000000006021c70        0x0 /opt/toolchains/sh-elf/bin/../lib/gcc/sh-elf/11.1.0/libgcc.a(_sdivsi3.o)
 .data          0x0000000006021c70        0x0 /opt/toolchains/sh-elf/bin/../lib/gcc/sh-elf/11.1.0/libgcc.a(_udivsi3.o)
 .data          0x0000000006021c70        0x0 /opt/toolchains/sh-elf/bin/../lib/gcc/sh-elf/11.1.0/libgcc.a(_mul_df.o)
 .data          0x0000000006021c70        0x0 /opt/toolchains/sh-elf/bin/../lib/gcc/sh-elf/11.1.0/libgcc.a(_si_to_df.o)
 .data          0x0000000006021c70        0x0 /opt/toolchains/sh-elf/bin/../lib/gcc/sh-elf/11.1.0/libgcc.a(_df_to_si.o)
 .data          0x0000000006021c70        0x0 /opt/toolchains/sh-elf/bin/../lib/gcc/sh-elf/11.1.0/libgcc.a(_thenan_df.o)
 .data          0x0000000006021c70        0x0 /opt/toolchains/sh-elf/bin/../lib/gcc/sh-elf/11.1.0/libgcc.a(_lshiftrt.o)
 .data          0x0000000006021c70        0x0 /opt/toolchains/sh-elf/bin/../lib/gcc/sh-elf/11.1.0/libgcc.a(_clzsi2.o)
 .data          0x0000000006021c70        0x0 /opt/toolchains/sh-elf/bin/../lib/gcc/sh-elf/11.1.0/libgcc.a(_pack_df.o)
 .data          0x0000000006021c70        0x0 /opt/toolchains/sh-elf/bin/../lib/gcc/sh-elf/11.1.0/libgcc.a(_unpack_df.o)
 .data          0x0000000006021c70        0x0 /opt/toolchains/sh-elf/bin/../lib/gcc/sh-elf/11.1.0/libgcc.a(_clz.o)
 .data          0x0000000006021c70        0x0 /opt/toolchains/sh-elf/bin/../lib/gcc/sh-elf/11.1.0/../../../../sh-elf/lib/libc.a(lib_a-memcmp.o)
 .data          0x0000000006021c70        0x0 /opt/toolchains/sh-elf/bin/../lib/gcc/sh-elf/11.1.0/../../../../sh-elf/lib/libc.a(lib_a-memcpy.o)
 .data          0x0000000006021c70        0x0 /opt/toolchains/sh-elf/bin/../lib/gcc/sh-elf/11.1.0/../../../../sh-elf/lib/libc.a(lib_a-memmove.o)
 .data          0x0000000006021c70        0x0 /opt/toolchains/sh-elf/bin/../lib/gcc/sh-elf/11.1.0/../../../../sh-elf/lib/libc.a(lib_a-memset.o)
 .data          0x0000000006021c70        0x0 /opt/toolchains/sh-elf/bin/../lib/gcc/sh-elf/11.1.0/../../../../sh-elf/lib/libc.a(lib_a-strcpy.o)
 .data          0x0000000006021c70        0x0 /opt/toolchains/sh-elf/bin/../lib/gcc/sh-elf/11.1.0/../../../../sh-elf/lib/libc.a(lib_a-strncmp.o)
 .data          0x0000000006021c70        0x0 /opt/toolchains/sh-elf/bin/../lib/gcc/sh-elf/11.1.0/../../../../sh-elf/lib/libc.a(lib_a-strncpy.o)
                0x0000000006021c70                . = ALIGN (0x10)
                0x0000000006021c70                _edata = ABSOLUTE (.)

.bss            0x0000000006021c70    0x16e10
                0x0000000006021c70                _bss_start = .
 *(.bss)
 .bss           0x0000000006021c70        0x0 entry.o
 .bss           0x0000000006021c70        0x0 stack.o
 .bss           0x0000000006021c70       0x34 vblank.o
                0x0000000006021c70                _PadData1
                0x0000000006021c72                _PadData1L
                0x0000000006021c74                _PadData1E
                0x0000000006021c76                _PadData2
                0x0000000006021c78                _PadData2L
                0x0000000006021c7a                _PadData2E
                0x0000000006021c7c                _PadWorkArea
                0x0000000006021c98                _perFlag
                0x0000000006021c9c                _VblankFlg
                0x0000000006021ca0                _vblank_frames
 .bss           0x0000000006021ca4     0x1674 cd.o
 .bss           0x0000000006023318        0x0 crc.o
 .bss           0x0000000006023318        0x0 devcart.o
 .bss           0x0000000006023318      0x3e8 game.o
                0x0000000006023318                _boardVram
 .bss           0x0000000006023700        0x2 pcmsys.o
                0x0000000006023700                _numberPCMs
 .bss           0x0000000006023702        0x0 piece.o
 .bss           0x0000000006023702     0x14a0 print.o
                0x0000000006023702                _text
 *fill*         0x0000000006024ba2        0x2 
 .bss           0x0000000006024ba4        0x8 rng.o
 .bss           0x0000000006024bac      0x130 scroll.o
                0x0000000006024bac                _scfg
 .bss           0x0000000006024cdc        0x0 sound.o
 .bss           0x0000000006024cdc    0x125fc sprite.o
                0x0000000006024cdc                _numSprites
                0x0000000006024ce0                _tileCount
                0x0000000006024ce4                _palCnt
                0x0000000006024ce8                _sprites
 .bss           0x00000000060372d8        0x4 main.o
                0x00000000060372d8                _frame
 .bss           0x00000000060372dc        0x0 ../sbl/segalib/lib/libsat.a(cdc_cmn.o)
 .bss           0x00000000060372dc        0x0 ../sbl/segalib/lib/libsat.a(cdc_drv.o)
 .bss           0x00000000060372dc        0xc ../sbl/segalib/lib/libsat.a(gfs.o)
                0x00000000060372dc                _GFMC_base
                0x00000000060372e0                _gfs_mng_ptr
                0x00000000060372e4                _bobtest
 .bss           0x00000000060372e8        0x0 ../sbl/segalib/lib/libsat.a(gfs_buf.o)
 .bss           0x00000000060372e8        0x0 ../sbl/segalib/lib/libsat.a(gfs_cdb.o)
 .bss           0x00000000060372e8        0x4 ../sbl/segalib/lib/libsat.a(gfs_cdc.o)
                0x00000000060372e8                _gfcd_work
 .bss           0x00000000060372ec        0x0 ../sbl/segalib/lib/libsat.a(gfs_cdf.o)
 .bss           0x00000000060372ec        0x0 ../sbl/segalib/lib/libsat.a(gfs_dir.o)
 .bss           0x00000000060372ec        0xc ../sbl/segalib/lib/libsat.a(gfs_trn.o)
 .bss           0x00000000060372f8        0x4 ../sbl/segalib/lib/libsat.a(mth_rand.o)
 .bss           0x00000000060372fc        0x0 ../sbl/segalib/lib/libsat.a(mth_fixd.o)
 .bss           0x00000000060372fc        0x0 ../sbl/segalib/lib/libsat.a(mth_tri.o)
 .bss           0x00000000060372fc       0x7f ../sbl/segalib/lib/libsat.a(per_prt.o)
                0x00000000060372fc                _per_set_sys_flg
                0x0000000006037300                _per_get_sys_data
                0x000000000603730c                _per_get_time_adr
                0x0000000006037310                _per_hot_res
                0x0000000006037311                _per_time_out_flg
 *fill*         0x000000000603737b        0x1 
 .bss           0x000000000603737c       0x94 ../sbl/segalib/lib/libsat.a(spr_2c.o)
                0x000000000603737c                _SpCmdTblR
                0x0000000006037380                _SpCmdTbl
                0x0000000006037384                _SpCrCmdChain
                0x0000000006037388                _SpDrawPrtyBlk
                0x000000000603738c                _SpCmdChain
                0x0000000006037390                _SpCmdChainBlkNo
                0x0000000006037394                _SpDrawPrtyProcFlag
                0x0000000006037398                _SpDrawPrtyTopCmdNo
                0x000000000603739c                _SpCmdNo
                0x00000000060373a0                _SpDrawPrtyBlkMax
                0x00000000060373a4                _SpCharMax
                0x00000000060373a8                _SpCharTbl
                0x00000000060373ac                _SpLCoordY
                0x00000000060373b0                _SpLCoordX
                0x00000000060373b4                _Sp2OpenFlag
 .bss           0x0000000006037410      0xf1c ../sbl/segalib/lib/libsat.a(scl_func.o)
                0x0000000006037410                _SclRPMD
                0x0000000006037414                _SclRotateMoveZ
                0x000000000603741c                _SclRotateDisp
                0x0000000006037424                _SclRotateZ
                0x000000000603742c                _SclRotateXy
                0x0000000006037434                _SclRotateTableAddress
                0x0000000006037438                _SclRb
                0x0000000006037439                _SclRa
                0x000000000603743a                _SclRotXySw
                0x0000000006037440                _SclRbgKtbOffset
                0x0000000006037448                _SclRbgKtbAddr
                0x0000000006037450                _SclK_TableFlag
                0x0000000006037454                _SclK_TableNum
                0x000000000603745c                _SclK_TableBuff
                0x000000000603812c                _SclRotregBuff
                0x000000000603822c                _Scl_w_reg
                0x000000000603824c                _Scl_r_reg
                0x000000000603825c                _Scl_n_reg
                0x000000000603829c                _Scl_d_reg
                0x00000000060382e4                _Scl_s_reg
                0x000000000603830c                _SclProcess
                0x0000000006038310                _SclCurSclNum
                0x0000000006038314                _SclLengthCsTbl
                0x0000000006038316                _SclLengthLsTbl
                0x0000000006038318                _SclAddrCsTbl
                0x0000000006038320                _SclAddrLsTbl
 .bss           0x000000000603832c        0x0 ../sbl/segalib/lib/libsat.a(scl_fu02.o)
 .bss           0x000000000603832c        0x0 ../sbl/segalib/lib/libsat.a(scl_fu03.o)
 .bss           0x000000000603832c        0x0 ../sbl/segalib/lib/libsat.a(scl_fu04.o)
 .bss           0x000000000603832c      0x696 ../sbl/segalib/lib/libsat.a(scl_pri.o)
                0x000000000603832c                _SclAutoRGB
                0x000000000603892c                _SclAutoPlusFlag
                0x000000000603892d                _SclAutoVeFlag
                0x000000000603892e                _SclAutoEndRate
                0x000000000603892f                _SclAutoCurRate
                0x0000000006038930                _SclAutoEndBlue2
                0x0000000006038932                _SclAutoEndGreen2
                0x0000000006038934                _SclAutoEndRed2
                0x0000000006038936                _SclAutoEndBlue
                0x0000000006038938                _SclAutoEndGreen
                0x000000000603893a                _SclAutoEndRed
                0x000000000603893c                _SclAutoBlue
                0x000000000603893e                _SclAutoGreen
                0x0000000006038940                _SclAutoRed
                0x0000000006038944                _SclAutoMax
                0x0000000006038948                _SclAutoIndex
                0x000000000603894c                _SclAutoCount
                0x0000000006038950                _SclAutoInterval
                0x0000000006038954                _SclAutoSurface
                0x0000000006038958                _SclColRamAlloc2048
                0x000000000603895c                _SclColRamAlloc256
                0x000000000603897c                _SclLineColRamOffset
                0x0000000006038980                _SclPriBuffDirty
                0x0000000006038984                _SclColOffset
                0x0000000006038994                _SclBgColMix
                0x000000000603899c                _SclSpColMix
                0x00000000060389a4                _SclBgPriNum
                0x00000000060389aa                _SclSpPriNum
                0x00000000060389b2                _SclOtherPri
 *fill*         0x00000000060389c2        0x2 
 .bss           0x00000000060389c4       0x58 ../sbl/segalib/lib/libsat.a(scl_ro00.o)
                0x00000000060389c4                _SclCsy
                0x00000000060389cc                _SclCsx
 .bss           0x0000000006038a1c        0x0 ../sbl/segalib/lib/libsat.a(scl_back.o)
 .bss           0x0000000006038a1c       0x16 ../sbl/segalib/lib/libsat.a(scl_vblv.o)
                0x0000000006038a1c                _frameChgFlag
                0x0000000006038a20                _VBIntrDisableDepth
                0x0000000006038a24                _ReqDisplayFlag2
                0x0000000006038a28                _ReqDisplayFlag1
                0x0000000006038a2c                _VBIntervalCounter
                0x0000000006038a30                _SpFrameChgMode
 .bss           0x0000000006038a32        0x0 ../sbl/segalib/lib/libsat.a(scl_pr01.o)
 .bss           0x0000000006038a32        0x0 ../sbl/segalib/lib/libsat.a(scl_pr02.o)
 .bss           0x0000000006038a32        0x0 ../sbl/segalib/lib/libsat.a(scl_pr03.o)
 .bss           0x0000000006038a32        0x0 ../sbl/segalib/lib/libsat.a(scl_pr05.o)
 .bss           0x0000000006038a32        0x0 ../sbl/segalib/lib/libsat.a(scl_pr06.o)
 .bss           0x0000000006038a32        0x0 ../sbl/segalib/lib/libsat.a(scl_pr07.o)
 .bss           0x0000000006038a32        0x2 ../sbl/segalib/lib/libsat.a(cdc_reg.o)
                0x0000000006038a32                _hirq_flag
 .bss           0x0000000006038a34        0xc ../sbl/segalib/lib/libsat.a(cdc_sub.o)
                0x0000000006038a34                _cd_stat
 .bss           0x0000000006038a40        0x0 ../sbl/segalib/lib/libsat.a(cdc_dev.o)
 .bss           0x0000000006038a40        0x0 ../sbl/segalib/lib/libsat.a(cdc_sel.o)
 .bss           0x0000000006038a40        0x0 ../sbl/segalib/lib/libsat.a(cdc_bif.o)
 .bss           0x0000000006038a40        0x0 ../sbl/segalib/lib/libsat.a(cdc_bio.o)
 .bss           0x0000000006038a40        0x0 ../sbl/segalib/lib/libsat.a(cdc_cfs.o)
 .bss           0x0000000006038a40        0x0 ../sbl/segalib/lib/libsat.a(csh_main.o)
 .bss           0x0000000006038a40        0x0 ../sbl/segalib/lib/libsat.a(dma_cpu0.o)
 .bss           0x0000000006038a40       0x1c ../sbl/segalib/lib/libsat.a(dma_scu0.o)
 .bss           0x0000000006038a5c       0x20 ../sbl/segalib/lib/libsat.a(spr_1c.o)
                0x0000000006038a5c                _SpDil
                0x0000000006038a5e                _SpDie
                0x0000000006038a60                _SpFbcrMode
                0x0000000006038a62                _SpTvMode
                0x0000000006038a64                _SpScreenY
                0x0000000006038a68                _SpScreenX
                0x0000000006038a6c                _SpInitialFlag
 .bss           0x0000000006038a7c        0x0 ../sbl/segalib/lib/libsat.a(spr_2a.o)
 .bss           0x0000000006038a7c        0x0 /opt/toolchains/sh-elf/bin/../lib/gcc/sh-elf/11.1.0/libgcc.a(_ashiftrt.o)
 .bss           0x0000000006038a7c        0x0 /opt/toolchains/sh-elf/bin/../lib/gcc/sh-elf/11.1.0/libgcc.a(_ashiftrt_n.o)
 .bss           0x0000000006038a7c        0x0 /opt/toolchains/sh-elf/bin/../lib/gcc/sh-elf/11.1.0/libgcc.a(_ashiftlt.o)
 .bss           0x0000000006038a7c        0x0 /opt/toolchains/sh-elf/bin/../lib/gcc/sh-elf/11.1.0/libgcc.a(_movmem.o)
 .bss           0x0000000006038a7c        0x0 /opt/toolchains/sh-elf/bin/../lib/gcc/sh-elf/11.1.0/libgcc.a(_sdivsi3.o)
 .bss           0x0000000006038a7c        0x0 /opt/toolchains/sh-elf/bin/../lib/gcc/sh-elf/11.1.0/libgcc.a(_udivsi3.o)
 .bss           0x0000000006038a7c        0x0 /opt/toolchains/sh-elf/bin/../lib/gcc/sh-elf/11.1.0/libgcc.a(_mul_df.o)
 .bss           0x0000000006038a7c        0x0 /opt/toolchains/sh-elf/bin/../lib/gcc/sh-elf/11.1.0/libgcc.a(_si_to_df.o)
 .bss           0x0000000006038a7c        0x0 /opt/toolchains/sh-elf/bin/../lib/gcc/sh-elf/11.1.0/libgcc.a(_df_to_si.o)
 .bss           0x0000000006038a7c        0x0 /opt/toolchains/sh-elf/bin/../lib/gcc/sh-elf/11.1.0/libgcc.a(_thenan_df.o)
 .bss           0x0000000006038a7c        0x0 /opt/toolchains/sh-elf/bin/../lib/gcc/sh-elf/11.1.0/libgcc.a(_lshiftrt.o)
 .bss           0x0000000006038a7c        0x0 /opt/toolchains/sh-elf/bin/../lib/gcc/sh-elf/11.1.0/libgcc.a(_clzsi2.o)
 .bss           0x0000000006038a7c        0x0 /opt/toolchains/sh-elf/bin/../lib/gcc/sh-elf/11.1.0/libgcc.a(_pack_df.o)
 .bss           0x0000000006038a7c        0x0 /opt/toolchains/sh-elf/bin/../lib/gcc/sh-elf/11.1.0/libgcc.a(_unpack_df.o)
 .bss           0x0000000006038a7c        0x0 /opt/toolchains/sh-elf/bin/../lib/gcc/sh-elf/11.1.0/libgcc.a(_clz.o)
 .bss           0x0000000006038a7c        0x0 /opt/toolchains/sh-elf/bin/../lib/gcc/sh-elf/11.1.0/../../../../sh-elf/lib/libc.a(lib_a-memcmp.o)
 .bss           0x0000000006038a7c        0x0 /opt/toolchains/sh-elf/bin/../lib/gcc/sh-elf/11.1.0/../../../../sh-elf/lib/libc.a(lib_a-memcpy.o)
 .bss           0x0000000006038a7c        0x0 /opt/toolchains/sh-elf/bin/../lib/gcc/sh-elf/11.1.0/../../../../sh-elf/lib/libc.a(lib_a-memmove.o)
 .bss           0x0000000006038a7c        0x0 /opt/toolchains/sh-elf/bin/../lib/gcc/sh-elf/11.1.0/../../../../sh-elf/lib/libc.a(lib_a-memset.o)
 .bss           0x0000000006038a7c        0x0 /opt/toolchains/sh-elf/bin/../lib/gcc/sh-elf/11.1.0/../../../../sh-elf/lib/libc.a(lib_a-strcpy.o)
 .bss           0x0000000006038a7c        0x0 /opt/toolchains/sh-elf/bin/../lib/gcc/sh-elf/11.1.0/../../../../sh-elf/lib/libc.a(lib_a-strncmp.o)
 .bss           0x0000000006038a7c        0x0 /opt/toolchains/sh-elf/bin/../lib/gcc/sh-elf/11.1.0/../../../../sh-elf/lib/libc.a(lib_a-strncpy.o)
 *(COMMON)
                0x0000000006038a7c                _bss_end = .
                0x0000000006038a80                . = ALIGN (0x10)
 *fill*         0x0000000006038a7c        0x4 
                0x0000000006038a80                _end = ABSOLUTE (.)

.stack          0x0000000006038a80     0x2000
 *(.stack)
 .stack         0x0000000006038a80     0x2000 stack.o
                0x0000000006038a80                _PROG_STK
                0x000000000603aa80                _stack = .

.lwram          0x0000000000200000        0x0
                0x0000000000200000                . = ALIGN (0x10)
 *(.lwram)
                0x0000000000200000                . = ALIGN (0x10)

.vdp2_vram      0x0000000005e00000        0x0
                0x0000000005e00000                . = ALIGN (0x10)
 *(.vdp2_vram)
                0x0000000005e00000                . = ALIGN (0x10)
OUTPUT(main.elf elf32-sh)

.debug_info     0x0000000000000000     0x5dfa
 .debug_info    0x0000000000000000      0x40f vblank.o
 .debug_info    0x000000000000040f      0x8bc cd.o
 .debug_info    0x0000000000000ccb      0x127 crc.o
 .debug_info    0x0000000000000df2      0x3e9 devcart.o
 .debug_info    0x00000000000011db      0xc4f game.o
 .debug_info    0x0000000000001e2a      0x56b pcmsys.o
 .debug_info    0x0000000000002395       0x69 piece.o
 .debug_info    0x00000000000023fe      0x38e print.o
 .debug_info    0x000000000000278c      0x230 rng.o
 .debug_info    0x00000000000029bc      0xa4c scroll.o
 .debug_info    0x0000000000003408      0x360 sound.o
 .debug_info    0x0000000000003768      0xd37 sprite.o
 .debug_info    0x000000000000449f      0x32d main.o
 .debug_info    0x00000000000047cc      0x4d2 /opt/toolchains/sh-elf/bin/../lib/gcc/sh-elf/11.1.0/libgcc.a(_mul_df.o)
 .debug_info    0x0000000000004c9e      0x259 /opt/toolchains/sh-elf/bin/../lib/gcc/sh-elf/11.1.0/libgcc.a(_si_to_df.o)
 .debug_info    0x0000000000004ef7      0x2a5 /opt/toolchains/sh-elf/bin/../lib/gcc/sh-elf/11.1.0/libgcc.a(_df_to_si.o)
 .debug_info    0x000000000000519c      0x15b /opt/toolchains/sh-elf/bin/../lib/gcc/sh-elf/11.1.0/libgcc.a(_thenan_df.o)
 .debug_info    0x00000000000052f7      0x130 /opt/toolchains/sh-elf/bin/../lib/gcc/sh-elf/11.1.0/libgcc.a(_clzsi2.o)
 .debug_info    0x0000000000005427      0x298 /opt/toolchains/sh-elf/bin/../lib/gcc/sh-elf/11.1.0/libgcc.a(_pack_df.o)
 .debug_info    0x00000000000056bf      0x20c /opt/toolchains/sh-elf/bin/../lib/gcc/sh-elf/11.1.0/libgcc.a(_unpack_df.o)
 .debug_info    0x00000000000058cb       0xca /opt/toolchains/sh-elf/bin/../lib/gcc/sh-elf/11.1.0/libgcc.a(_clz.o)
 .debug_info    0x0000000000005995      0x10f /opt/toolchains/sh-elf/bin/../lib/gcc/sh-elf/11.1.0/../../../../sh-elf/lib/libc.a(lib_a-memcmp.o)
 .debug_info    0x0000000000005aa4      0x130 /opt/toolchains/sh-elf/bin/../lib/gcc/sh-elf/11.1.0/../../../../sh-elf/lib/libc.a(lib_a-memmove.o)
 .debug_info    0x0000000000005bd4       0xf4 /opt/toolchains/sh-elf/bin/../lib/gcc/sh-elf/11.1.0/../../../../sh-elf/lib/libc.a(lib_a-strncmp.o)
 .debug_info    0x0000000000005cc8      0x132 /opt/toolchains/sh-elf/bin/../lib/gcc/sh-elf/11.1.0/../../../../sh-elf/lib/libc.a(lib_a-strncpy.o)

.debug_abbrev   0x0000000000000000     0x247c
 .debug_abbrev  0x0000000000000000      0x1b6 vblank.o
 .debug_abbrev  0x00000000000001b6      0x234 cd.o
 .debug_abbrev  0x00000000000003ea       0xae crc.o
 .debug_abbrev  0x0000000000000498      0x19d devcart.o
 .debug_abbrev  0x0000000000000635      0x329 game.o
 .debug_abbrev  0x000000000000095e      0x1b2 pcmsys.o
 .debug_abbrev  0x0000000000000b10       0x5a piece.o
 .debug_abbrev  0x0000000000000b6a      0x181 print.o
 .debug_abbrev  0x0000000000000ceb      0x163 rng.o
 .debug_abbrev  0x0000000000000e4e      0x281 scroll.o
 .debug_abbrev  0x00000000000010cf      0x1bf sound.o
 .debug_abbrev  0x000000000000128e      0x307 sprite.o
 .debug_abbrev  0x0000000000001595      0x18d main.o
 .debug_abbrev  0x0000000000001722      0x278 /opt/toolchains/sh-elf/bin/../lib/gcc/sh-elf/11.1.0/libgcc.a(_mul_df.o)
 .debug_abbrev  0x000000000000199a      0x1b2 /opt/toolchains/sh-elf/bin/../lib/gcc/sh-elf/11.1.0/libgcc.a(_si_to_df.o)
 .debug_abbrev  0x0000000000001b4c      0x1b2 /opt/toolchains/sh-elf/bin/../lib/gcc/sh-elf/11.1.0/libgcc.a(_df_to_si.o)
 .debug_abbrev  0x0000000000001cfe       0xcf /opt/toolchains/sh-elf/bin/../lib/gcc/sh-elf/11.1.0/libgcc.a(_thenan_df.o)
 .debug_abbrev  0x0000000000001dcd       0xca /opt/toolchains/sh-elf/bin/../lib/gcc/sh-elf/11.1.0/libgcc.a(_clzsi2.o)
 .debug_abbrev  0x0000000000001e97      0x1ae /opt/toolchains/sh-elf/bin/../lib/gcc/sh-elf/11.1.0/libgcc.a(_pack_df.o)
 .debug_abbrev  0x0000000000002045      0x142 /opt/toolchains/sh-elf/bin/../lib/gcc/sh-elf/11.1.0/libgcc.a(_unpack_df.o)
 .debug_abbrev  0x0000000000002187       0x70 /opt/toolchains/sh-elf/bin/../lib/gcc/sh-elf/11.1.0/libgcc.a(_clz.o)
 .debug_abbrev  0x00000000000021f7       0x8a /opt/toolchains/sh-elf/bin/../lib/gcc/sh-elf/11.1.0/../../../../sh-elf/lib/libc.a(lib_a-memcmp.o)
 .debug_abbrev  0x0000000000002281       0xba /opt/toolchains/sh-elf/bin/../lib/gcc/sh-elf/11.1.0/../../../../sh-elf/lib/libc.a(lib_a-memmove.o)
 .debug_abbrev  0x000000000000233b       0x8c /opt/toolchains/sh-elf/bin/../lib/gcc/sh-elf/11.1.0/../../../../sh-elf/lib/libc.a(lib_a-strncmp.o)
 .debug_abbrev  0x00000000000023c7       0xb5 /opt/toolchains/sh-elf/bin/../lib/gcc/sh-elf/11.1.0/../../../../sh-elf/lib/libc.a(lib_a-strncpy.o)

.debug_aranges  0x0000000000000000      0x308
 .debug_aranges
                0x0000000000000000       0x20 vblank.o
 .debug_aranges
                0x0000000000000020       0x20 cd.o
 .debug_aranges
                0x0000000000000040       0x20 crc.o
 .debug_aranges
                0x0000000000000060       0x20 devcart.o
 .debug_aranges
                0x0000000000000080       0x20 game.o
 .debug_aranges
                0x00000000000000a0       0x20 pcmsys.o
 .debug_aranges
                0x00000000000000c0       0x18 piece.o
 .debug_aranges
                0x00000000000000d8       0x20 print.o
 .debug_aranges
                0x00000000000000f8       0x20 rng.o
 .debug_aranges
                0x0000000000000118       0x20 scroll.o
 .debug_aranges
                0x0000000000000138       0x20 sound.o
 .debug_aranges
                0x0000000000000158       0x20 sprite.o
 .debug_aranges
                0x0000000000000178       0x20 main.o
 .debug_aranges
                0x0000000000000198       0x20 /opt/toolchains/sh-elf/bin/../lib/gcc/sh-elf/11.1.0/libgcc.a(_mul_df.o)
 .debug_aranges
                0x00000000000001b8       0x20 /opt/toolchains/sh-elf/bin/../lib/gcc/sh-elf/11.1.0/libgcc.a(_si_to_df.o)
 .debug_aranges
                0x00000000000001d8       0x20 /opt/toolchains/sh-elf/bin/../lib/gcc/sh-elf/11.1.0/libgcc.a(_df_to_si.o)
 .debug_aranges
                0x00000000000001f8       0x18 /opt/toolchains/sh-elf/bin/../lib/gcc/sh-elf/11.1.0/libgcc.a(_thenan_df.o)
 .debug_aranges
                0x0000000000000210       0x20 /opt/toolchains/sh-elf/bin/../lib/gcc/sh-elf/11.1.0/libgcc.a(_clzsi2.o)
 .debug_aranges
                0x0000000000000230       0x20 /opt/toolchains/sh-elf/bin/../lib/gcc/sh-elf/11.1.0/libgcc.a(_pack_df.o)
 .debug_aranges
                0x0000000000000250       0x20 /opt/toolchains/sh-elf/bin/../lib/gcc/sh-elf/11.1.0/libgcc.a(_unpack_df.o)
 .debug_aranges
                0x0000000000000270       0x18 /opt/toolchains/sh-elf/bin/../lib/gcc/sh-elf/11.1.0/libgcc.a(_clz.o)
 .debug_aranges
                0x0000000000000288       0x20 /opt/toolchains/sh-elf/bin/../lib/gcc/sh-elf/11.1.0/../../../../sh-elf/lib/libc.a(lib_a-memcmp.o)
 .debug_aranges
                0x00000000000002a8       0x20 /opt/toolchains/sh-elf/bin/../lib/gcc/sh-elf/11.1.0/../../../../sh-elf/lib/libc.a(lib_a-memmove.o)
 .debug_aranges
                0x00000000000002c8       0x20 /opt/toolchains/sh-elf/bin/../lib/gcc/sh-elf/11.1.0/../../../../sh-elf/lib/libc.a(lib_a-strncmp.o)
 .debug_aranges
                0x00000000000002e8       0x20 /opt/toolchains/sh-elf/bin/../lib/gcc/sh-elf/11.1.0/../../../../sh-elf/lib/libc.a(lib_a-strncpy.o)

.debug_line     0x0000000000000000     0x312b
 .debug_line    0x0000000000000000       0xf6 vblank.o
 .debug_line    0x00000000000000f6       0xd9 cd.o
 .debug_line    0x00000000000001cf       0xa3 crc.o
 .debug_line    0x0000000000000272      0x215 devcart.o
 .debug_line    0x0000000000000487      0x741 game.o
 .debug_line    0x0000000000000bc8      0x4a7 pcmsys.o
 .debug_line    0x000000000000106f       0x33 piece.o
 .debug_line    0x00000000000010a2      0x177 print.o
 .debug_line    0x0000000000001219      0x152 rng.o
 .debug_line    0x000000000000136b      0x3bb scroll.o
 .debug_line    0x0000000000001726      0x1ac sound.o
 .debug_line    0x00000000000018d2      0x579 sprite.o
 .debug_line    0x0000000000001e4b      0x10f main.o
 .debug_line    0x0000000000001f5a      0x2d6 /opt/toolchains/sh-elf/bin/../lib/gcc/sh-elf/11.1.0/libgcc.a(_mul_df.o)
 .debug_line    0x0000000000002230      0x13d /opt/toolchains/sh-elf/bin/../lib/gcc/sh-elf/11.1.0/libgcc.a(_si_to_df.o)
 .debug_line    0x000000000000236d       0xf6 /opt/toolchains/sh-elf/bin/../lib/gcc/sh-elf/11.1.0/libgcc.a(_df_to_si.o)
 .debug_line    0x0000000000002463       0x50 /opt/toolchains/sh-elf/bin/../lib/gcc/sh-elf/11.1.0/libgcc.a(_thenan_df.o)
 .debug_line    0x00000000000024b3       0xad /opt/toolchains/sh-elf/bin/../lib/gcc/sh-elf/11.1.0/libgcc.a(_clzsi2.o)
 .debug_line    0x0000000000002560      0x30c /opt/toolchains/sh-elf/bin/../lib/gcc/sh-elf/11.1.0/libgcc.a(_pack_df.o)
 .debug_line    0x000000000000286c      0x146 /opt/toolchains/sh-elf/bin/../lib/gcc/sh-elf/11.1.0/libgcc.a(_unpack_df.o)
 .debug_line    0x00000000000029b2       0x52 /opt/toolchains/sh-elf/bin/../lib/gcc/sh-elf/11.1.0/libgcc.a(_clz.o)
 .debug_line    0x0000000000002a04      0x167 /opt/toolchains/sh-elf/bin/../lib/gcc/sh-elf/11.1.0/../../../../sh-elf/lib/libc.a(lib_a-memcmp.o)
 .debug_line    0x0000000000002b6b      0x1ec /opt/toolchains/sh-elf/bin/../lib/gcc/sh-elf/11.1.0/../../../../sh-elf/lib/libc.a(lib_a-memmove.o)
 .debug_line    0x0000000000002d57      0x200 /opt/toolchains/sh-elf/bin/../lib/gcc/sh-elf/11.1.0/../../../../sh-elf/lib/libc.a(lib_a-strncmp.o)
 .debug_line    0x0000000000002f57      0x1d4 /opt/toolchains/sh-elf/bin/../lib/gcc/sh-elf/11.1.0/../../../../sh-elf/lib/libc.a(lib_a-strncpy.o)

.debug_str      0x0000000000000000     0x1983
 .debug_str     0x0000000000000000      0x236 vblank.o
                                        0x298 (size before relaxing)
 .debug_str     0x0000000000000236      0x278 cd.o
                                        0x36a (size before relaxing)
 .debug_str     0x00000000000004ae       0x72 crc.o
                                        0x121 (size before relaxing)
 .debug_str     0x0000000000000520      0x118 devcart.o
                                        0x246 (size before relaxing)
 .debug_str     0x0000000000000638      0x3d2 game.o
                                        0x4d7 (size before relaxing)
 .debug_str     0x0000000000000a0a      0x161 pcmsys.o
                                        0x2ea (size before relaxing)
 .debug_str     0x0000000000000b6b        0x8 piece.o
                                         0x62 (size before relaxing)
 .debug_str     0x0000000000000b73       0x56 print.o
                                        0x1dc (size before relaxing)
 .debug_str     0x0000000000000bc9       0x7c rng.o
                                        0x184 (size before relaxing)
 .debug_str     0x0000000000000c45      0x3a9 scroll.o
                                        0x4f4 (size before relaxing)
 .debug_str     0x0000000000000fee       0xdf sound.o
                                        0x219 (size before relaxing)
 .debug_str     0x00000000000010cd      0x349 sprite.o
                                        0x56d (size before relaxing)
 .debug_str     0x0000000000001416      0x124 main.o
                                        0x2e1 (size before relaxing)
 .debug_str     0x000000000000153a      0x212 /opt/toolchains/sh-elf/bin/../lib/gcc/sh-elf/11.1.0/libgcc.a(_mul_df.o)
                                        0x28a (size before relaxing)
 .debug_str     0x000000000000174c       0x27 /opt/toolchains/sh-elf/bin/../lib/gcc/sh-elf/11.1.0/libgcc.a(_si_to_df.o)
                                        0x216 (size before relaxing)
 .debug_str     0x0000000000001773        0xa /opt/toolchains/sh-elf/bin/../lib/gcc/sh-elf/11.1.0/libgcc.a(_df_to_si.o)
                                        0x233 (size before relaxing)
 .debug_str     0x000000000000177d      0x1d5 /opt/toolchains/sh-elf/bin/../lib/gcc/sh-elf/11.1.0/libgcc.a(_thenan_df.o)
 .debug_str     0x000000000000177d       0x59 /opt/toolchains/sh-elf/bin/../lib/gcc/sh-elf/11.1.0/libgcc.a(_clzsi2.o)
                                        0x198 (size before relaxing)
 .debug_str     0x00000000000017d6        0x7 /opt/toolchains/sh-elf/bin/../lib/gcc/sh-elf/11.1.0/libgcc.a(_pack_df.o)
                                        0x227 (size before relaxing)
 .debug_str     0x00000000000017dd      0x209 /opt/toolchains/sh-elf/bin/../lib/gcc/sh-elf/11.1.0/libgcc.a(_unpack_df.o)
 .debug_str     0x00000000000017dd      0x17b /opt/toolchains/sh-elf/bin/../lib/gcc/sh-elf/11.1.0/libgcc.a(_clz.o)
 .debug_str     0x00000000000017dd       0xa8 /opt/toolchains/sh-elf/bin/../lib/gcc/sh-elf/11.1.0/../../../../sh-elf/lib/libc.a(lib_a-memcmp.o)
                                        0x144 (size before relaxing)
 .debug_str     0x0000000000001885       0x72 /opt/toolchains/sh-elf/bin/../lib/gcc/sh-elf/11.1.0/../../../../sh-elf/lib/libc.a(lib_a-memmove.o)
                                        0x177 (size before relaxing)
 .debug_str     0x00000000000018f7       0x41 /opt/toolchains/sh-elf/bin/../lib/gcc/sh-elf/11.1.0/../../../../sh-elf/lib/libc.a(lib_a-strncmp.o)
                                        0x146 (size before relaxing)
 .debug_str     0x0000000000001938       0x4b /opt/toolchains/sh-elf/bin/../lib/gcc/sh-elf/11.1.0/../../../../sh-elf/lib/libc.a(lib_a-strncpy.o)
                                        0x16e (size before relaxing)

.comment        0x0000000000000000       0x12
 .comment       0x0000000000000000       0x12 vblank.o
                                         0x13 (size before relaxing)
 .comment       0x0000000000000012       0x13 cd.o
 .comment       0x0000000000000012       0x13 crc.o
 .comment       0x0000000000000012       0x13 devcart.o
 .comment       0x0000000000000012       0x13 game.o
 .comment       0x0000000000000012       0x13 pcmsys.o
 .comment       0x0000000000000012       0x13 piece.o
 .comment       0x0000000000000012       0x13 print.o
 .comment       0x0000000000000012       0x13 rng.o
 .comment       0x0000000000000012       0x13 scroll.o
 .comment       0x0000000000000012       0x13 sound.o
 .comment       0x0000000000000012       0x13 sprite.o
 .comment       0x0000000000000012       0x13 main.o
 .comment       0x0000000000000012       0x13 ../sbl/segalib/lib/libsat.a(cdc_cmn.o)
 .comment       0x0000000000000012       0x13 ../sbl/segalib/lib/libsat.a(cdc_drv.o)
 .comment       0x0000000000000012       0x13 ../sbl/segalib/lib/libsat.a(gfs.o)
 .comment       0x0000000000000012       0x13 ../sbl/segalib/lib/libsat.a(gfs_buf.o)
 .comment       0x0000000000000012       0x13 ../sbl/segalib/lib/libsat.a(gfs_cdb.o)
 .comment       0x0000000000000012       0x13 ../sbl/segalib/lib/libsat.a(gfs_cdc.o)
 .comment       0x0000000000000012       0x13 ../sbl/segalib/lib/libsat.a(gfs_cdf.o)
 .comment       0x0000000000000012       0x13 ../sbl/segalib/lib/libsat.a(gfs_dir.o)
 .comment       0x0000000000000012       0x13 ../sbl/segalib/lib/libsat.a(gfs_trn.o)
 .comment       0x0000000000000012       0x13 ../sbl/segalib/lib/libsat.a(mth_rand.o)
 .comment       0x0000000000000012       0x13 ../sbl/segalib/lib/libsat.a(per_prt.o)
 .comment       0x0000000000000012       0x13 ../sbl/segalib/lib/libsat.a(spr_2c.o)
 .comment       0x0000000000000012       0x13 ../sbl/segalib/lib/libsat.a(scl_func.o)
 .comment       0x0000000000000012       0x13 ../sbl/segalib/lib/libsat.a(scl_fu02.o)
 .comment       0x0000000000000012       0x13 ../sbl/segalib/lib/libsat.a(scl_fu03.o)
 .comment       0x0000000000000012       0x13 ../sbl/segalib/lib/libsat.a(scl_fu04.o)
 .comment       0x0000000000000012       0x13 ../sbl/segalib/lib/libsat.a(scl_pri.o)
 .comment       0x0000000000000012       0x13 ../sbl/segalib/lib/libsat.a(scl_ro00.o)
 .comment       0x0000000000000012       0x13 ../sbl/segalib/lib/libsat.a(scl_back.o)
 .comment       0x0000000000000012       0x13 ../sbl/segalib/lib/libsat.a(scl_vblv.o)
 .comment       0x0000000000000012       0x13 ../sbl/segalib/lib/libsat.a(scl_pr01.o)
 .comment       0x0000000000000012       0x13 ../sbl/segalib/lib/libsat.a(scl_pr02.o)
 .comment       0x0000000000000012       0x13 ../sbl/segalib/lib/libsat.a(scl_pr03.o)
 .comment       0x0000000000000012       0x13 ../sbl/segalib/lib/libsat.a(scl_pr05.o)
 .comment       0x0000000000000012       0x13 ../sbl/segalib/lib/libsat.a(scl_pr06.o)
 .comment       0x0000000000000012       0x13 ../sbl/segalib/lib/libsat.a(scl_pr07.o)
 .comment       0x0000000000000012       0x13 ../sbl/segalib/lib/libsat.a(cdc_reg.o)
 .comment       0x0000000000000012       0x13 ../sbl/segalib/lib/libsat.a(cdc_sub.o)
 .comment       0x0000000000000012       0x13 ../sbl/segalib/lib/libsat.a(cdc_dev.o)
 .comment       0x0000000000000012       0x13 ../sbl/segalib/lib/libsat.a(cdc_sel.o)
 .comment       0x0000000000000012       0x13 ../sbl/segalib/lib/libsat.a(cdc_bif.o)
 .comment       0x0000000000000012       0x13 ../sbl/segalib/lib/libsat.a(cdc_bio.o)
 .comment       0x0000000000000012       0x13 ../sbl/segalib/lib/libsat.a(cdc_cfs.o)
 .comment       0x0000000000000012       0x13 ../sbl/segalib/lib/libsat.a(csh_main.o)
 .comment       0x0000000000000012       0x13 ../sbl/segalib/lib/libsat.a(dma_cpu0.o)
 .comment       0x0000000000000012       0x13 ../sbl/segalib/lib/libsat.a(dma_scu0.o)
 .comment       0x0000000000000012       0x13 ../sbl/segalib/lib/libsat.a(spr_1c.o)
 .comment       0x0000000000000012       0x13 /opt/toolchains/sh-elf/bin/../lib/gcc/sh-elf/11.1.0/libgcc.a(_mul_df.o)
 .comment       0x0000000000000012       0x13 /opt/toolchains/sh-elf/bin/../lib/gcc/sh-elf/11.1.0/libgcc.a(_si_to_df.o)
 .comment       0x0000000000000012       0x13 /opt/toolchains/sh-elf/bin/../lib/gcc/sh-elf/11.1.0/libgcc.a(_df_to_si.o)
 .comment       0x0000000000000012       0x13 /opt/toolchains/sh-elf/bin/../lib/gcc/sh-elf/11.1.0/libgcc.a(_thenan_df.o)
 .comment       0x0000000000000012       0x13 /opt/toolchains/sh-elf/bin/../lib/gcc/sh-elf/11.1.0/libgcc.a(_clzsi2.o)
 .comment       0x0000000000000012       0x13 /opt/toolchains/sh-elf/bin/../lib/gcc/sh-elf/11.1.0/libgcc.a(_pack_df.o)
 .comment       0x0000000000000012       0x13 /opt/toolchains/sh-elf/bin/../lib/gcc/sh-elf/11.1.0/libgcc.a(_unpack_df.o)
 .comment       0x0000000000000012       0x13 /opt/toolchains/sh-elf/bin/../lib/gcc/sh-elf/11.1.0/libgcc.a(_clz.o)
 .comment       0x0000000000000012       0x13 /opt/toolchains/sh-elf/bin/../lib/gcc/sh-elf/11.1.0/../../../../sh-elf/lib/libc.a(lib_a-memcmp.o)
 .comment       0x0000000000000012       0x13 /opt/toolchains/sh-elf/bin/../lib/gcc/sh-elf/11.1.0/../../../../sh-elf/lib/libc.a(lib_a-memmove.o)
 .comment       0x0000000000000012       0x13 /opt/toolchains/sh-elf/bin/../lib/gcc/sh-elf/11.1.0/../../../../sh-elf/lib/libc.a(lib_a-strncmp.o)
 .comment       0x0000000000000012       0x13 /opt/toolchains/sh-elf/bin/../lib/gcc/sh-elf/11.1.0/../../../../sh-elf/lib/libc.a(lib_a-strncpy.o)

.debug_frame    0x0000000000000000     0x1294
 .debug_frame   0x0000000000000000       0xb8 vblank.o
 .debug_frame   0x00000000000000b8       0xa8 cd.o
 .debug_frame   0x0000000000000160       0x38 crc.o
 .debug_frame   0x0000000000000198      0x198 devcart.o
 .debug_frame   0x0000000000000330      0x384 game.o
 .debug_frame   0x00000000000006b4      0x1e0 pcmsys.o
 .debug_frame   0x0000000000000894       0xf4 print.o
 .debug_frame   0x0000000000000988       0xc0 rng.o
 .debug_frame   0x0000000000000a48      0x240 scroll.o
 .debug_frame   0x0000000000000c88       0xc4 sound.o
 .debug_frame   0x0000000000000d4c      0x284 sprite.o
 .debug_frame   0x0000000000000fd0       0x30 main.o
 .debug_frame   0x0000000000001000       0x98 /opt/toolchains/sh-elf/bin/../lib/gcc/sh-elf/11.1.0/libgcc.a(_mul_df.o)
 .debug_frame   0x0000000000001098       0x3c /opt/toolchains/sh-elf/bin/../lib/gcc/sh-elf/11.1.0/libgcc.a(_si_to_df.o)
 .debug_frame   0x00000000000010d4       0x48 /opt/toolchains/sh-elf/bin/../lib/gcc/sh-elf/11.1.0/libgcc.a(_df_to_si.o)
 .debug_frame   0x000000000000111c       0x38 /opt/toolchains/sh-elf/bin/../lib/gcc/sh-elf/11.1.0/libgcc.a(_clzsi2.o)
 .debug_frame   0x0000000000001154       0x6c /opt/toolchains/sh-elf/bin/../lib/gcc/sh-elf/11.1.0/libgcc.a(_pack_df.o)
 .debug_frame   0x00000000000011c0       0x20 /opt/toolchains/sh-elf/bin/../lib/gcc/sh-elf/11.1.0/libgcc.a(_unpack_df.o)
 .debug_frame   0x00000000000011e0       0x20 /opt/toolchains/sh-elf/bin/../lib/gcc/sh-elf/11.1.0/../../../../sh-elf/lib/libc.a(lib_a-memcmp.o)
 .debug_frame   0x0000000000001200       0x20 /opt/toolchains/sh-elf/bin/../lib/gcc/sh-elf/11.1.0/../../../../sh-elf/lib/libc.a(lib_a-memmove.o)
 .debug_frame   0x0000000000001220       0x30 /opt/toolchains/sh-elf/bin/../lib/gcc/sh-elf/11.1.0/../../../../sh-elf/lib/libc.a(lib_a-strncmp.o)
 .debug_frame   0x0000000000001250       0x44 /opt/toolchains/sh-elf/bin/../lib/gcc/sh-elf/11.1.0/../../../../sh-elf/lib/libc.a(lib_a-strncpy.o)

.debug_loclists
                0x0000000000000000      0xa2a
 .debug_loclists
                0x0000000000000000      0x30c /opt/toolchains/sh-elf/bin/../lib/gcc/sh-elf/11.1.0/libgcc.a(_mul_df.o)
 .debug_loclists
                0x000000000000030c       0x6c /opt/toolchains/sh-elf/bin/../lib/gcc/sh-elf/11.1.0/libgcc.a(_si_to_df.o)
 .debug_loclists
                0x0000000000000378       0x35 /opt/toolchains/sh-elf/bin/../lib/gcc/sh-elf/11.1.0/libgcc.a(_df_to_si.o)
 .debug_loclists
                0x00000000000003ad       0x22 /opt/toolchains/sh-elf/bin/../lib/gcc/sh-elf/11.1.0/libgcc.a(_clzsi2.o)
 .debug_loclists
                0x00000000000003cf      0x230 /opt/toolchains/sh-elf/bin/../lib/gcc/sh-elf/11.1.0/libgcc.a(_pack_df.o)
 .debug_loclists
                0x00000000000005ff       0x71 /opt/toolchains/sh-elf/bin/../lib/gcc/sh-elf/11.1.0/libgcc.a(_unpack_df.o)
 .debug_loclists
                0x0000000000000670       0xae /opt/toolchains/sh-elf/bin/../lib/gcc/sh-elf/11.1.0/../../../../sh-elf/lib/libc.a(lib_a-memcmp.o)
 .debug_loclists
                0x000000000000071e      0x13c /opt/toolchains/sh-elf/bin/../lib/gcc/sh-elf/11.1.0/../../../../sh-elf/lib/libc.a(lib_a-memmove.o)
 .debug_loclists
                0x000000000000085a       0xd5 /opt/toolchains/sh-elf/bin/../lib/gcc/sh-elf/11.1.0/../../../../sh-elf/lib/libc.a(lib_a-strncmp.o)
 .debug_loclists
                0x000000000000092f       0xfb /opt/toolchains/sh-elf/bin/../lib/gcc/sh-elf/11.1.0/../../../../sh-elf/lib/libc.a(lib_a-strncpy.o)

.debug_rnglists
                0x0000000000000000       0xf1
 .debug_rnglists
                0x0000000000000000       0x2e /opt/toolchains/sh-elf/bin/../lib/gcc/sh-elf/11.1.0/libgcc.a(_mul_df.o)
 .debug_rnglists
                0x000000000000002e       0x26 /opt/toolchains/sh-elf/bin/../lib/gcc/sh-elf/11.1.0/libgcc.a(_si_to_df.o)
 .debug_rnglists
                0x0000000000000054       0x1f /opt/toolchains/sh-elf/bin/../lib/gcc/sh-elf/11.1.0/libgcc.a(_clzsi2.o)
 .debug_rnglists
                0x0000000000000073       0x7e /opt/toolchains/sh-elf/bin/../lib/gcc/sh-elf/11.1.0/libgcc.a(_pack_df.o)
