Archive member included to satisfy reference by file (symbol)

../sbl/segalib/lib/libsat.a(mth_rand.o)
                              rng.o (_MTH_InitialRand)
../sbl/segalib/lib/libsat.a(mth_fixd.o)
                              sprite.o (_MTH_Mul)
../sbl/segalib/lib/libsat.a(mth_tri.o)
                              sprite.o (_MTH_Sin)
../sbl/segalib/lib/libsat.a(per_prt.o)
                              vblank.o (_PER_Init)
../sbl/segalib/lib/libsat.a(spr_2c.o)
                              sprite.o (_SPR_2SetTvMode)
../sbl/segalib/lib/libsat.a(scl_func.o)
                              scroll.o (_Scl_n_reg)
../sbl/segalib/lib/libsat.a(scl_fu02.o)
                              scroll.o (_SCL_InitVramConfigTb)
../sbl/segalib/lib/libsat.a(scl_fu03.o)
                              scroll.o (_SCL_InitConfigTb)
../sbl/segalib/lib/libsat.a(scl_fu04.o)
                              scroll.o (_SCL_SetCycleTable)
../sbl/segalib/lib/libsat.a(scl_pri.o)
                              ../sbl/segalib/lib/libsat.a(scl_func.o) (_SCL_PriorityInit)
../sbl/segalib/lib/libsat.a(scl_ro00.o)
                              ../sbl/segalib/lib/libsat.a(scl_func.o) (_SCL_Rotate)
../sbl/segalib/lib/libsat.a(scl_back.o)
                              scroll.o (_SCL_SetBack)
../sbl/segalib/lib/libsat.a(scl_vblv.o)
                              ../sbl/segalib/lib/libsat.a(spr_2c.o) (_SCL_SetFrameInterval)
../sbl/segalib/lib/libsat.a(scl_pr01.o)
                              sprite.o (_SCL_SetSpriteMode)
../sbl/segalib/lib/libsat.a(scl_pr02.o)
                              scroll.o (_SCL_SetColRam)
../sbl/segalib/lib/libsat.a(scl_pr03.o)
                              scroll.o (_SCL_AllocColRam)
../sbl/segalib/lib/libsat.a(scl_pr05.o)
                              ../sbl/segalib/lib/libsat.a(scl_pr02.o) (_SCL_GetColRamOffset)
../sbl/segalib/lib/libsat.a(scl_pr06.o)
                              ../sbl/segalib/lib/libsat.a(scl_pr03.o) (_SCL_SetColRamOffset)
../sbl/segalib/lib/libsat.a(scl_pr07.o)
                              scroll.o (_SCL_SetPriority)
../sbl/segalib/lib/libsat.a(spr_1c.o)
                              ../sbl/segalib/lib/libsat.a(spr_2c.o) (_SPR_SetTvMode)
../sbl/segalib/lib/libsat.a(spr_2a.o)
                              ../sbl/segalib/lib/libsat.a(spr_2c.o) (_SPR_2SetDrawPrty)
/opt/toolchains/sh-elf/bin/../lib/gcc/sh-elf/11.1.0/libgcc.a(_ashiftrt.o)
                              ../sbl/segalib/lib/libsat.a(scl_ro00.o) (___ashiftrt_r4_6)
/opt/toolchains/sh-elf/bin/../lib/gcc/sh-elf/11.1.0/libgcc.a(_ashiftlt.o)
                              scroll.o (___ashlsi3_r0)
/opt/toolchains/sh-elf/bin/../lib/gcc/sh-elf/11.1.0/libgcc.a(_movmem.o)
                              scroll.o (___movmem)
/opt/toolchains/sh-elf/bin/../lib/gcc/sh-elf/11.1.0/libgcc.a(_udivsi3.o)
                              ../sbl/segalib/lib/libsat.a(scl_fu03.o) (___udivsi3)
/opt/toolchains/sh-elf/bin/../lib/gcc/sh-elf/11.1.0/libgcc.a(_mul_df.o)
                              ../sbl/segalib/lib/libsat.a(scl_ro00.o) (___muldf3)
/opt/toolchains/sh-elf/bin/../lib/gcc/sh-elf/11.1.0/libgcc.a(_si_to_df.o)
                              ../sbl/segalib/lib/libsat.a(scl_ro00.o) (___floatsidf)
/opt/toolchains/sh-elf/bin/../lib/gcc/sh-elf/11.1.0/libgcc.a(_df_to_si.o)
                              ../sbl/segalib/lib/libsat.a(scl_ro00.o) (___fixdfsi)
/opt/toolchains/sh-elf/bin/../lib/gcc/sh-elf/11.1.0/libgcc.a(_thenan_df.o)
                              /opt/toolchains/sh-elf/bin/../lib/gcc/sh-elf/11.1.0/libgcc.a(_mul_df.o) (___thenan_df)
/opt/toolchains/sh-elf/bin/../lib/gcc/sh-elf/11.1.0/libgcc.a(_lshiftrt.o)
                              /opt/toolchains/sh-elf/bin/../lib/gcc/sh-elf/11.1.0/libgcc.a(_si_to_df.o) (___lshrsi3_r0)
/opt/toolchains/sh-elf/bin/../lib/gcc/sh-elf/11.1.0/libgcc.a(_clzsi2.o)
                              /opt/toolchains/sh-elf/bin/../lib/gcc/sh-elf/11.1.0/libgcc.a(_si_to_df.o) (___clzsi2)
/opt/toolchains/sh-elf/bin/../lib/gcc/sh-elf/11.1.0/libgcc.a(_pack_df.o)
                              /opt/toolchains/sh-elf/bin/../lib/gcc/sh-elf/11.1.0/libgcc.a(_mul_df.o) (___pack_d)
/opt/toolchains/sh-elf/bin/../lib/gcc/sh-elf/11.1.0/libgcc.a(_unpack_df.o)
                              /opt/toolchains/sh-elf/bin/../lib/gcc/sh-elf/11.1.0/libgcc.a(_mul_df.o) (___unpack_d)
/opt/toolchains/sh-elf/bin/../lib/gcc/sh-elf/11.1.0/libgcc.a(_clz.o)
                              /opt/toolchains/sh-elf/bin/../lib/gcc/sh-elf/11.1.0/libgcc.a(_clzsi2.o) (___clz_tab)
/opt/toolchains/sh-elf/bin/../lib/gcc/sh-elf/11.1.0/../../../../sh-elf/lib/libc.a(lib_a-memcpy.o)
                              scroll.o (_memcpy)
/opt/toolchains/sh-elf/bin/../lib/gcc/sh-elf/11.1.0/../../../../sh-elf/lib/libc.a(lib_a-memset.o)
                              scroll.o (_memset)

Memory Configuration

Name             Origin             Length             Attributes
*default*        0x0000000000000000 0xffffffffffffffff

Linker script and memory map

LOAD entry.o
LOAD stack.o
LOAD vblank.o
LOAD cd.o
LOAD crc.o
LOAD devcart.o
LOAD game.o
LOAD piece.o
LOAD print.o
LOAD rng.o
LOAD scroll.o
LOAD sound.o
LOAD sprite.o
LOAD main.o
LOAD ../sbl/segalib/lib/libsat.a
LOAD /opt/toolchains/sh-elf/bin/../lib/gcc/sh-elf/11.1.0/libgcc.a
LOAD /opt/toolchains/sh-elf/bin/../lib/gcc/sh-elf/11.1.0/libgcc-Os-4-200.a
LOAD /opt/toolchains/sh-elf/bin/../lib/gcc/sh-elf/11.1.0/../../../../sh-elf/lib/libc.a
LOAD /opt/toolchains/sh-elf/bin/../lib/gcc/sh-elf/11.1.0/libgcc.a
LOAD /opt/toolchains/sh-elf/bin/../lib/gcc/sh-elf/11.1.0/libgcc-Os-4-200.a

.entry          0x0000000006010000       0x60
 *(.entry)
 .entry         0x0000000006010000       0x50 entry.o
                0x0000000006010000                _entry
                0x0000000006010060                . = ALIGN (0x20)
 *fill*         0x0000000006010050       0x10 
                0x0000000006010060                _eentry = ABSOLUTE (.)

.text           0x0000000006010060     0x9b00
 *(.text*)
 .text          0x0000000006010060        0x0 entry.o
 .text          0x0000000006010060        0x0 stack.o
 .text          0x0000000006010060      0x1c4 vblank.o
                0x0000000006010060                _SetVblank
                0x0000000006010118                _CheckVblankEnd
                0x0000000006010130                _UsrVblankIn
                0x000000000601014c                _UsrVblankOut
 .text          0x0000000006010224       0x78 cd.o
                0x0000000006010224                _CD_Init
                0x0000000006010232                _CD_ChangeDir
                0x0000000006010260                _CD_Load
 .text          0x000000000601029c       0x98 crc.o
                0x000000000601029c                _crc_update
 .text          0x0000000006010334      0x418 devcart.o
                0x0000000006010460                _Devcart_LoadFile
                0x000000000601060c                _Devcart_PrintStr
                0x0000000006010680                _Devcart_Reset
                0x00000000060106d8                _Devcart_ChangeDir
 .text          0x000000000601074c      0xad4 game.o
                0x00000000060107a0                _Game_Init
                0x0000000006010fe4                _Game_Run
 .text          0x0000000006011220        0x0 piece.o
 .text          0x0000000006011220      0x340 print.o
                0x0000000006011220                _Print_Load
                0x0000000006011248                _Print_Init
                0x00000000060112c8                _Print_Num
                0x000000000601138c                _Print_String
                0x0000000006011460                _Print_Display
 .text          0x0000000006011560      0x240 rng.o
                0x0000000006011614                _RNG_Init
                0x00000000060116bc                _RNG_Get
 .text          0x00000000060117a0      0xa60 scroll.o
                0x00000000060117a0                _Scroll_Init
                0x0000000006011b3c                _Scroll_LoadTile
                0x0000000006011c70                _Scroll_TilePtr
                0x0000000006011cf8                _Scroll_MapPtr
                0x0000000006011d84                _Scroll_Scale
                0x0000000006011edc                _Scroll_Set
                0x0000000006011f4c                _Scroll_Move
                0x0000000006011fbc                _Scroll_ClearMaps
                0x0000000006012028                _Scroll_ClearVram
                0x0000000006012078                _Scroll_CharSize
                0x00000000060120fc                _Scroll_Enable
                0x000000000601217c                _Scroll_MapSize
 .text          0x0000000006012200       0x46 sound.o
                0x0000000006012200                _sound_init
                0x000000000601220e                _sound_cdda
                0x000000000601222a                _sound_play
 *fill*         0x0000000006012246        0x2 
 .text          0x0000000006012248      0xd9c sprite.o
                0x0000000006012248                _Sprite_Init
                0x0000000006012334                _Sprite_Clear
                0x0000000006012708                _Sprite_Load
                0x00000000060127c4                _Sprite_StartDraw
                0x0000000006012808                _Sprite_Draw
                0x0000000006012c0c                _Sprite_Make
                0x0000000006012cc4                _Sprite_DrawAll
                0x0000000006012dac                _Sprite_Next
                0x0000000006012e68                _Sprite_ListAdd
                0x0000000006012eca                _Sprite_ListRemove
                0x0000000006012f46                _Sprite_Delete
                0x0000000006012f84                _Sprite_DeleteAll
 .text          0x0000000006012fe4       0xec main.o
                0x0000000006012fe4                _main
 .text          0x00000000060130d0       0x24 ../sbl/segalib/lib/libsat.a(mth_rand.o)
                0x00000000060130d0                _MTH_InitialRand
                0x00000000060130dc                _MTH_GetRand
 .text          0x00000000060130f4       0x78 ../sbl/segalib/lib/libsat.a(mth_fixd.o)
                0x00000000060130f4                _MTH_Mul
                0x0000000006013108                _MTH_Div
                0x000000000601311c                _MTH_IntToFixed
                0x0000000006013124                _MTH_FixedToInt
                0x000000000601312c                _MTH_Product
 .text          0x000000000601316c      0x5d4 ../sbl/segalib/lib/libsat.a(mth_tri.o)
                0x000000000601316c                _MTH_Sin
                0x00000000060131ac                _MTH_Cos
                0x00000000060131f0                _fcos
                0x00000000060131f6                _fsin
                0x0000000006013388                _MTH_Atan
 .text          0x0000000006013740      0xf58 ../sbl/segalib/lib/libsat.a(per_prt.o)
                0x0000000006013b40                _PER_IntFunc
                0x00000000060143f0                _PER_Init
                0x0000000006014598                _PER_GetPer
 .text          0x0000000006014698      0xcbc ../sbl/segalib/lib/libsat.a(spr_2c.o)
                0x0000000006014698                _SPR_2SetTvMode
                0x00000000060146a8                _SPR_2FrameChgIntr
                0x00000000060146bc                _SPR_2FrameEraseData
                0x00000000060146fc                _SPR_2SetGourTbl
                0x000000000601472c                _SPR_2SetLookupTbl
                0x0000000006014748                _SPR_2SetChar
                0x0000000006014874                _SPR_2ClrChar
                0x000000000601497c                _SPR_2ClrAllChar
                0x00000000060149c8                _SPR_2Initial
                0x0000000006014b1c                _SPR_2GourTblNoToVram
                0x0000000006014b38                _SPR_2LookupTblNoToVram
                0x0000000006014b48                _SPR_2CharNoToVram
                0x0000000006014b5c                _SPR_2GetAreaSizeInfo
                0x0000000006014bbc                _SPR_2OpenCommand
                0x0000000006014c54                _SPR_2FlushDrawPrty
                0x0000000006014c94                _SPR_2CloseCommand
                0x0000000006014db4                _SPR_2LocalCoord
                0x0000000006014e0c                _SPR_2SysClip
                0x0000000006014e54                _SPR_2UserClip
                0x0000000006014ea4                _SPR_2Line
                0x0000000006014f40                _SPR_2PolyLine
                0x0000000006014fe0                _SPR_2Polygon
                0x0000000006015080                _SPR_2NormSpr
                0x000000000601514c                _SPR_2ScaleSpr
                0x0000000006015234                _SPR_2DistSpr
                0x000000000601530c                _SPR_2Cmd
 .text          0x0000000006015354      0x754 ../sbl/segalib/lib/libsat.a(scl_func.o)
                0x0000000006015354                _SCL_ParametersInit
                0x0000000006015440                _SCL_Vdp2Init
                0x00000000060154a8                _SCL_Open
                0x00000000060154c4                _SCL_Close
                0x00000000060154d8                _SCL_MoveTo
                0x00000000060155cc                _SCL_Move
                0x00000000060156f8                _SCL_Scale
                0x00000000060157fc                _SCL_Memcpyw
                0x0000000006015810                _SCL_CopyReg
                0x00000000060158f0                _SCL_SetColRamMode
                0x0000000006015940                _SCL_PriIntProc
                0x0000000006015a3c                _SCL_ScrollShow
 .text          0x0000000006015aa8      0x384 ../sbl/segalib/lib/libsat.a(scl_fu02.o)
                0x0000000006015aa8                _SCL_InitVramConfigTb
                0x0000000006015ab6                _SCL_SetVramConfig
 .text          0x0000000006015e2c      0x62c ../sbl/segalib/lib/libsat.a(scl_fu03.o)
                0x0000000006015e2c                _SCL_InitConfigTb
                0x0000000006015e44                _SCL_SetConfig
 .text          0x0000000006016458       0x18 ../sbl/segalib/lib/libsat.a(scl_fu04.o)
                0x0000000006016458                _SCL_SetCycleTable
 .text          0x0000000006016470      0xf30 ../sbl/segalib/lib/libsat.a(scl_pri.o)
                0x0000000006016470                _SCL_PriorityInit
                0x0000000006016a1c                _SCL_GetColRamMode
                0x0000000006016a3c                _SCL_AbortAutoVe
                0x0000000006016a48                _SCL_SetColMixRate
                0x0000000006016db0                _SCL_IncColOffset
                0x0000000006016e24                _SCL_AutoExec
                0x0000000006017250                _SCL_SetShadowBit
 .text          0x00000000060173a0      0xe38 ../sbl/segalib/lib/libsat.a(scl_ro00.o)
                0x00000000060174c4                _SCL_InitRotateTable
                0x000000000601770c                _SCL_RotateZD
                0x000000000601784c                _SCL_Rotate
 .text          0x00000000060181d8       0x74 ../sbl/segalib/lib/libsat.a(scl_back.o)
                0x00000000060181d8                _SCL_SetBack
 .text          0x000000000601824c      0x264 ../sbl/segalib/lib/libsat.a(scl_vblv.o)
                0x000000000601824c                _SCL_SetFrameInterval
                0x00000000060182c4                _SCL_DisplayFrame
                0x00000000060182f0                _SCL_VblInit
                0x0000000006018338                _SCL_VblankStart
                0x0000000006018408                _SCL_VblankEnd
 .text          0x00000000060184b0       0x54 ../sbl/segalib/lib/libsat.a(scl_pr01.o)
                0x00000000060184b0                _SCL_SetSpriteMode
 .text          0x0000000006018504       0x90 ../sbl/segalib/lib/libsat.a(scl_pr02.o)
                0x0000000006018504                _SCL_SetColRam
 .text          0x0000000006018594      0x10c ../sbl/segalib/lib/libsat.a(scl_pr03.o)
                0x0000000006018594                _SCL_FreeColRam
                0x00000000060185bc                _SCL_AllocColRam
 .text          0x00000000060186a0       0xac ../sbl/segalib/lib/libsat.a(scl_pr05.o)
                0x00000000060186a0                _SCL_GetColRamOffset
 .text          0x000000000601874c      0x180 ../sbl/segalib/lib/libsat.a(scl_pr06.o)
                0x000000000601874c                _SCL_SetColRamOffset
 .text          0x00000000060188cc      0x1c8 ../sbl/segalib/lib/libsat.a(scl_pr07.o)
                0x00000000060188cc                _SCL_SetPriority
 .text          0x0000000006018a94      0x240 ../sbl/segalib/lib/libsat.a(spr_1c.o)
                0x0000000006018a94                _SPR_SetTvMode
                0x0000000006018b10                _SPR_GetStatus
                0x0000000006018b64                _SPR_SetEraseData
                0x0000000006018bfc                _SPR_Initial
                0x0000000006018cb0                _SPR_WaitDrawEnd
                0x0000000006018cc0                _SPR_SetEosMode
 .text          0x0000000006018cd4      0x16c ../sbl/segalib/lib/libsat.a(spr_2a.o)
                0x0000000006018cd4                _SPR_2SetDrawPrty
                0x0000000006018d44                _SPR_2FlushDrawPrtyBlock
 .text          0x0000000006018e40       0x52 /opt/toolchains/sh-elf/bin/../lib/gcc/sh-elf/11.1.0/libgcc.a(_ashiftrt.o)
                0x0000000006018e40                ___ashiftrt_r4_31
                0x0000000006018e40                ___ashiftrt_r4_32
                0x0000000006018e46                ___ashiftrt_r4_30
                0x0000000006018e48                ___ashiftrt_r4_29
                0x0000000006018e4a                ___ashiftrt_r4_28
                0x0000000006018e4c                ___ashiftrt_r4_27
                0x0000000006018e4e                ___ashiftrt_r4_26
                0x0000000006018e50                ___ashiftrt_r4_25
                0x0000000006018e52                ___ashiftrt_r4_24
                0x0000000006018e5a                ___ashiftrt_r4_23
                0x0000000006018e5c                ___ashiftrt_r4_22
                0x0000000006018e5e                ___ashiftrt_r4_21
                0x0000000006018e60                ___ashiftrt_r4_20
                0x0000000006018e62                ___ashiftrt_r4_19
                0x0000000006018e64                ___ashiftrt_r4_18
                0x0000000006018e66                ___ashiftrt_r4_17
                0x0000000006018e68                ___ashiftrt_r4_16
                0x0000000006018e6e                ___ashiftrt_r4_15
                0x0000000006018e70                ___ashiftrt_r4_14
                0x0000000006018e72                ___ashiftrt_r4_13
                0x0000000006018e74                ___ashiftrt_r4_12
                0x0000000006018e76                ___ashiftrt_r4_11
                0x0000000006018e78                ___ashiftrt_r4_10
                0x0000000006018e7a                ___ashiftrt_r4_9
                0x0000000006018e7c                ___ashiftrt_r4_8
                0x0000000006018e7e                ___ashiftrt_r4_7
                0x0000000006018e80                ___ashiftrt_r4_6
                0x0000000006018e82                ___ashiftrt_r4_5
                0x0000000006018e84                ___ashiftrt_r4_4
                0x0000000006018e86                ___ashiftrt_r4_3
                0x0000000006018e88                ___ashiftrt_r4_2
                0x0000000006018e8a                ___ashiftrt_r4_1
                0x0000000006018e8e                ___ashiftrt_r4_0
 *fill*         0x0000000006018e92        0x2 
 .text          0x0000000006018e94       0xbc /opt/toolchains/sh-elf/bin/../lib/gcc/sh-elf/11.1.0/libgcc.a(_ashiftlt.o)
                0x0000000006018e94                ___ashlsi3
                0x0000000006018e98                ___ashlsi3_r0
 .text          0x0000000006018f50       0x78 /opt/toolchains/sh-elf/bin/../lib/gcc/sh-elf/11.1.0/libgcc.a(_movmem.o)
                0x0000000006018f50                ___movmem
                0x0000000006018f50                ___movstr
                0x0000000006018f84                ___movmemSI64
                0x0000000006018f84                ___movstrSI64
                0x0000000006018f88                ___movmemSI60
                0x0000000006018f88                ___movstrSI60
                0x0000000006018f8c                ___movstrSI56
                0x0000000006018f8c                ___movmemSI56
                0x0000000006018f90                ___movmemSI52
                0x0000000006018f90                ___movstrSI52
                0x0000000006018f94                ___movstrSI48
                0x0000000006018f94                ___movmemSI48
                0x0000000006018f98                ___movmemSI44
                0x0000000006018f98                ___movstrSI44
                0x0000000006018f9c                ___movstrSI40
                0x0000000006018f9c                ___movmemSI40
                0x0000000006018fa0                ___movstrSI36
                0x0000000006018fa0                ___movmemSI36
                0x0000000006018fa4                ___movstrSI32
                0x0000000006018fa4                ___movmemSI32
                0x0000000006018fa8                ___movmemSI28
                0x0000000006018fa8                ___movstrSI28
                0x0000000006018fac                ___movmemSI24
                0x0000000006018fac                ___movstrSI24
                0x0000000006018fb0                ___movmemSI20
                0x0000000006018fb0                ___movstrSI20
                0x0000000006018fb4                ___movstrSI16
                0x0000000006018fb4                ___movmemSI16
                0x0000000006018fb8                ___movmemSI12
                0x0000000006018fb8                ___movstrSI12
                0x0000000006018fbc                ___movstrSI8
                0x0000000006018fbc                ___movmemSI8
                0x0000000006018fc0                ___movstrSI4
                0x0000000006018fc0                ___movmemSI4
 .text          0x0000000006018fc8       0x6c /opt/toolchains/sh-elf/bin/../lib/gcc/sh-elf/11.1.0/libgcc.a(_udivsi3.o)
                0x0000000006018fea                ___udivsi3
 .text          0x0000000006019034      0x208 /opt/toolchains/sh-elf/bin/../lib/gcc/sh-elf/11.1.0/libgcc.a(_mul_df.o)
                0x0000000006019034                ___muldf3
 .text          0x000000000601923c       0xa8 /opt/toolchains/sh-elf/bin/../lib/gcc/sh-elf/11.1.0/libgcc.a(_si_to_df.o)
                0x000000000601923c                ___floatsidf
 .text          0x00000000060192e4       0xa0 /opt/toolchains/sh-elf/bin/../lib/gcc/sh-elf/11.1.0/libgcc.a(_df_to_si.o)
                0x00000000060192e4                ___fixdfsi
 .text          0x0000000006019384        0x0 /opt/toolchains/sh-elf/bin/../lib/gcc/sh-elf/11.1.0/libgcc.a(_thenan_df.o)
 .text          0x0000000006019384       0xbc /opt/toolchains/sh-elf/bin/../lib/gcc/sh-elf/11.1.0/libgcc.a(_lshiftrt.o)
                0x0000000006019384                ___lshrsi3
                0x0000000006019388                ___lshrsi3_r0
 .text          0x0000000006019440       0x74 /opt/toolchains/sh-elf/bin/../lib/gcc/sh-elf/11.1.0/libgcc.a(_clzsi2.o)
                0x0000000006019440                ___clzsi2
 .text          0x00000000060194b4      0x29c /opt/toolchains/sh-elf/bin/../lib/gcc/sh-elf/11.1.0/libgcc.a(_pack_df.o)
                0x00000000060194b4                ___pack_d
 .text          0x0000000006019750       0xcc /opt/toolchains/sh-elf/bin/../lib/gcc/sh-elf/11.1.0/libgcc.a(_unpack_df.o)
                0x0000000006019750                ___unpack_d
 .text          0x000000000601981c        0x0 /opt/toolchains/sh-elf/bin/../lib/gcc/sh-elf/11.1.0/libgcc.a(_clz.o)
 .text          0x000000000601981c       0x94 /opt/toolchains/sh-elf/bin/../lib/gcc/sh-elf/11.1.0/../../../../sh-elf/lib/libc.a(lib_a-memcpy.o)
                0x000000000601981c                _memcpy
 .text          0x00000000060198b0       0x40 /opt/toolchains/sh-elf/bin/../lib/gcc/sh-elf/11.1.0/../../../../sh-elf/lib/libc.a(lib_a-memset.o)
                0x00000000060198b0                _memset
 *(.rodata*)
 .rodata        0x00000000060198f0      0x100 crc.o
 .rodata        0x00000000060199f0       0x23 game.o
 *fill*         0x0000000006019a13        0x1 
 .rodata        0x0000000006019a14        0x9 print.o
 *fill*         0x0000000006019a1d        0x3 
 .rodata        0x0000000006019a20        0x6 main.o
 .rodata        0x0000000006019a26       0x20 ../sbl/segalib/lib/libsat.a(spr_1c.o)
 *fill*         0x0000000006019a46        0x2 
 .rodata        0x0000000006019a48       0x14 /opt/toolchains/sh-elf/bin/../lib/gcc/sh-elf/11.1.0/libgcc.a(_thenan_df.o)
                0x0000000006019a48                ___thenan_df
 .rodata        0x0000000006019a5c      0x100 /opt/toolchains/sh-elf/bin/../lib/gcc/sh-elf/11.1.0/libgcc.a(_clz.o)
                0x0000000006019a5c                ___clz_tab
 *(.strings)
                0x0000000006019b60                . = ALIGN (0x10)
 *fill*         0x0000000006019b5c        0x4 
                0x0000000006019b60                _etext = ABSOLUTE (.)

.tors           0x0000000006019b60        0x0
                0x0000000006019b60                ___ctors = .
 *(.ctors)
                0x0000000006019b60                ___ctors_end = .
                0x0000000006019b60                ___dtors = .
 *(.dtors)
                0x0000000006019b60                ___dtors_end = .
                0x0000000006019b60                . = ALIGN (0x10)
                0x0000000006019b60                _etors = ABSOLUTE (.)

.data           0x0000000006019b60      0x7a0
 *(.data)
 .data          0x0000000006019b60        0x0 entry.o
 .data          0x0000000006019b60        0x0 stack.o
 .data          0x0000000006019b60        0x0 vblank.o
 .data          0x0000000006019b60        0x0 cd.o
 .data          0x0000000006019b60        0x0 crc.o
 .data          0x0000000006019b60        0x0 devcart.o
 .data          0x0000000006019b60        0x0 game.o
 .data          0x0000000006019b60      0x700 piece.o
                0x0000000006019b60                _pieces
 .data          0x000000000601a260        0x0 print.o
 .data          0x000000000601a260        0x0 rng.o
 .data          0x000000000601a260       0x50 scroll.o
                0x000000000601a260                _vram
                0x000000000601a270                _charOffsets
                0x000000000601a280                _cycleTbLoRes
                0x000000000601a290                _cycleTbHiRes
                0x000000000601a2a0                _cycleTbBitmap
 .data          0x000000000601a2b0        0x0 sound.o
 .data          0x000000000601a2b0       0x18 sprite.o
 .data          0x000000000601a2c8        0x0 main.o
 .data          0x000000000601a2c8        0x0 ../sbl/segalib/lib/libsat.a(mth_rand.o)
 .data          0x000000000601a2c8        0x0 ../sbl/segalib/lib/libsat.a(mth_fixd.o)
 .data          0x000000000601a2c8        0x0 ../sbl/segalib/lib/libsat.a(mth_tri.o)
 .data          0x000000000601a2c8        0x3 ../sbl/segalib/lib/libsat.a(per_prt.o)
 .data          0x000000000601a2cb        0x0 ../sbl/segalib/lib/libsat.a(spr_2c.o)
 *fill*         0x000000000601a2cb        0x1 
 .data          0x000000000601a2cc        0x6 ../sbl/segalib/lib/libsat.a(scl_func.o)
                0x000000000601a2cc                _SclRotateTableMode
                0x000000000601a2ce                _SclDisplayY
                0x000000000601a2d0                _SclDisplayX
 .data          0x000000000601a2d2        0x0 ../sbl/segalib/lib/libsat.a(scl_fu02.o)
 .data          0x000000000601a2d2        0x0 ../sbl/segalib/lib/libsat.a(scl_fu03.o)
 .data          0x000000000601a2d2        0x0 ../sbl/segalib/lib/libsat.a(scl_fu04.o)
 *fill*         0x000000000601a2d2        0x2 
 .data          0x000000000601a2d4       0x18 ../sbl/segalib/lib/libsat.a(scl_pri.o)
                0x000000000601a2d4                _SclRealColOffset
                0x000000000601a2d8                _SclRealBgColMix
                0x000000000601a2dc                _SclRealSpColMix
                0x000000000601a2e0                _SclRealBgPriNum
                0x000000000601a2e4                _SclRealSpPriNum
                0x000000000601a2e8                _SclRealOtherPri
 .data          0x000000000601a2ec        0x0 ../sbl/segalib/lib/libsat.a(scl_ro00.o)
 .data          0x000000000601a2ec        0x0 ../sbl/segalib/lib/libsat.a(scl_back.o)
 .data          0x000000000601a2ec        0x8 ../sbl/segalib/lib/libsat.a(scl_vblv.o)
                0x000000000601a2ec                _VBInterval
                0x000000000601a2f0                _SpFrameEraseMode
 .data          0x000000000601a2f4        0x0 ../sbl/segalib/lib/libsat.a(scl_pr01.o)
 .data          0x000000000601a2f4        0x0 ../sbl/segalib/lib/libsat.a(scl_pr02.o)
 .data          0x000000000601a2f4        0x0 ../sbl/segalib/lib/libsat.a(scl_pr03.o)
 .data          0x000000000601a2f4        0x0 ../sbl/segalib/lib/libsat.a(scl_pr05.o)
 .data          0x000000000601a2f4        0x0 ../sbl/segalib/lib/libsat.a(scl_pr06.o)
 .data          0x000000000601a2f4        0x0 ../sbl/segalib/lib/libsat.a(scl_pr07.o)
 .data          0x000000000601a2f4        0x0 ../sbl/segalib/lib/libsat.a(spr_1c.o)
 .data          0x000000000601a2f4        0x0 ../sbl/segalib/lib/libsat.a(spr_2a.o)
 .data          0x000000000601a2f4        0x0 /opt/toolchains/sh-elf/bin/../lib/gcc/sh-elf/11.1.0/libgcc.a(_ashiftrt.o)
 .data          0x000000000601a2f4        0x0 /opt/toolchains/sh-elf/bin/../lib/gcc/sh-elf/11.1.0/libgcc.a(_ashiftlt.o)
 .data          0x000000000601a2f4        0x0 /opt/toolchains/sh-elf/bin/../lib/gcc/sh-elf/11.1.0/libgcc.a(_movmem.o)
 .data          0x000000000601a2f4        0x0 /opt/toolchains/sh-elf/bin/../lib/gcc/sh-elf/11.1.0/libgcc.a(_udivsi3.o)
 .data          0x000000000601a2f4        0x0 /opt/toolchains/sh-elf/bin/../lib/gcc/sh-elf/11.1.0/libgcc.a(_mul_df.o)
 .data          0x000000000601a2f4        0x0 /opt/toolchains/sh-elf/bin/../lib/gcc/sh-elf/11.1.0/libgcc.a(_si_to_df.o)
 .data          0x000000000601a2f4        0x0 /opt/toolchains/sh-elf/bin/../lib/gcc/sh-elf/11.1.0/libgcc.a(_df_to_si.o)
 .data          0x000000000601a2f4        0x0 /opt/toolchains/sh-elf/bin/../lib/gcc/sh-elf/11.1.0/libgcc.a(_thenan_df.o)
 .data          0x000000000601a2f4        0x0 /opt/toolchains/sh-elf/bin/../lib/gcc/sh-elf/11.1.0/libgcc.a(_lshiftrt.o)
 .data          0x000000000601a2f4        0x0 /opt/toolchains/sh-elf/bin/../lib/gcc/sh-elf/11.1.0/libgcc.a(_clzsi2.o)
 .data          0x000000000601a2f4        0x0 /opt/toolchains/sh-elf/bin/../lib/gcc/sh-elf/11.1.0/libgcc.a(_pack_df.o)
 .data          0x000000000601a2f4        0x0 /opt/toolchains/sh-elf/bin/../lib/gcc/sh-elf/11.1.0/libgcc.a(_unpack_df.o)
 .data          0x000000000601a2f4        0x0 /opt/toolchains/sh-elf/bin/../lib/gcc/sh-elf/11.1.0/libgcc.a(_clz.o)
 .data          0x000000000601a2f4        0x0 /opt/toolchains/sh-elf/bin/../lib/gcc/sh-elf/11.1.0/../../../../sh-elf/lib/libc.a(lib_a-memcpy.o)
 .data          0x000000000601a2f4        0x0 /opt/toolchains/sh-elf/bin/../lib/gcc/sh-elf/11.1.0/../../../../sh-elf/lib/libc.a(lib_a-memset.o)
                0x000000000601a300                . = ALIGN (0x10)
 *fill*         0x000000000601a2f4        0xc 
                0x000000000601a300                _edata = ABSOLUTE (.)

.bss            0x000000000601a300    0x16d60
                0x000000000601a300                _bss_start = .
 *(.bss)
 .bss           0x000000000601a300        0x0 entry.o
 .bss           0x000000000601a300        0x0 stack.o
 .bss           0x000000000601a300       0x34 vblank.o
                0x000000000601a300                _PadData1
                0x000000000601a302                _PadData1L
                0x000000000601a304                _PadData1E
                0x000000000601a306                _PadData2
                0x000000000601a308                _PadData2L
                0x000000000601a30a                _PadData2E
                0x000000000601a30c                _PadWorkArea
                0x000000000601a328                _perFlag
                0x000000000601a32c                _VblankFlg
                0x000000000601a330                _vblank_frames
 .bss           0x000000000601a334     0x1674 cd.o
 .bss           0x000000000601b9a8        0x0 crc.o
 .bss           0x000000000601b9a8        0x0 devcart.o
 .bss           0x000000000601b9a8      0x378 game.o
                0x000000000601b9a8                _boardVram
 .bss           0x000000000601bd20        0x0 piece.o
 .bss           0x000000000601bd20     0x14a0 print.o
                0x000000000601bd20                _text
 .bss           0x000000000601d1c0        0x8 rng.o
 .bss           0x000000000601d1c8      0x130 scroll.o
                0x000000000601d1c8                _scfg
 .bss           0x000000000601d2f8        0x0 sound.o
 .bss           0x000000000601d2f8    0x125fc sprite.o
                0x000000000601d2f8                _numSprites
                0x000000000601d2fc                _tileCount
                0x000000000601d300                _palCnt
                0x000000000601d304                _sprites
 .bss           0x000000000602f8f4        0x4 main.o
                0x000000000602f8f4                _frame
 .bss           0x000000000602f8f8        0x4 ../sbl/segalib/lib/libsat.a(mth_rand.o)
 .bss           0x000000000602f8fc        0x0 ../sbl/segalib/lib/libsat.a(mth_fixd.o)
 .bss           0x000000000602f8fc        0x0 ../sbl/segalib/lib/libsat.a(mth_tri.o)
 .bss           0x000000000602f8fc       0x7f ../sbl/segalib/lib/libsat.a(per_prt.o)
                0x000000000602f8fc                _per_set_sys_flg
                0x000000000602f900                _per_get_sys_data
                0x000000000602f90c                _per_get_time_adr
                0x000000000602f910                _per_hot_res
                0x000000000602f911                _per_time_out_flg
 *fill*         0x000000000602f97b        0x1 
 .bss           0x000000000602f97c       0x94 ../sbl/segalib/lib/libsat.a(spr_2c.o)
                0x000000000602f97c                _SpCmdTblR
                0x000000000602f980                _SpCmdTbl
                0x000000000602f984                _SpCrCmdChain
                0x000000000602f988                _SpDrawPrtyBlk
                0x000000000602f98c                _SpCmdChain
                0x000000000602f990                _SpCmdChainBlkNo
                0x000000000602f994                _SpDrawPrtyProcFlag
                0x000000000602f998                _SpDrawPrtyTopCmdNo
                0x000000000602f99c                _SpCmdNo
                0x000000000602f9a0                _SpDrawPrtyBlkMax
                0x000000000602f9a4                _SpCharMax
                0x000000000602f9a8                _SpCharTbl
                0x000000000602f9ac                _SpLCoordY
                0x000000000602f9b0                _SpLCoordX
                0x000000000602f9b4                _Sp2OpenFlag
 .bss           0x000000000602fa10      0xf1c ../sbl/segalib/lib/libsat.a(scl_func.o)
                0x000000000602fa10                _SclRPMD
                0x000000000602fa14                _SclRotateMoveZ
                0x000000000602fa1c                _SclRotateDisp
                0x000000000602fa24                _SclRotateZ
                0x000000000602fa2c                _SclRotateXy
                0x000000000602fa34                _SclRotateTableAddress
                0x000000000602fa38                _SclRb
                0x000000000602fa39                _SclRa
                0x000000000602fa3a                _SclRotXySw
                0x000000000602fa40                _SclRbgKtbOffset
                0x000000000602fa48                _SclRbgKtbAddr
                0x000000000602fa50                _SclK_TableFlag
                0x000000000602fa54                _SclK_TableNum
                0x000000000602fa5c                _SclK_TableBuff
                0x000000000603072c                _SclRotregBuff
                0x000000000603082c                _Scl_w_reg
                0x000000000603084c                _Scl_r_reg
                0x000000000603085c                _Scl_n_reg
                0x000000000603089c                _Scl_d_reg
                0x00000000060308e4                _Scl_s_reg
                0x000000000603090c                _SclProcess
                0x0000000006030910                _SclCurSclNum
                0x0000000006030914                _SclLengthCsTbl
                0x0000000006030916                _SclLengthLsTbl
                0x0000000006030918                _SclAddrCsTbl
                0x0000000006030920                _SclAddrLsTbl
 .bss           0x000000000603092c        0x0 ../sbl/segalib/lib/libsat.a(scl_fu02.o)
 .bss           0x000000000603092c        0x0 ../sbl/segalib/lib/libsat.a(scl_fu03.o)
 .bss           0x000000000603092c        0x0 ../sbl/segalib/lib/libsat.a(scl_fu04.o)
 .bss           0x000000000603092c      0x696 ../sbl/segalib/lib/libsat.a(scl_pri.o)
                0x000000000603092c                _SclAutoRGB
                0x0000000006030f2c                _SclAutoPlusFlag
                0x0000000006030f2d                _SclAutoVeFlag
                0x0000000006030f2e                _SclAutoEndRate
                0x0000000006030f2f                _SclAutoCurRate
                0x0000000006030f30                _SclAutoEndBlue2
                0x0000000006030f32                _SclAutoEndGreen2
                0x0000000006030f34                _SclAutoEndRed2
                0x0000000006030f36                _SclAutoEndBlue
                0x0000000006030f38                _SclAutoEndGreen
                0x0000000006030f3a                _SclAutoEndRed
                0x0000000006030f3c                _SclAutoBlue
                0x0000000006030f3e                _SclAutoGreen
                0x0000000006030f40                _SclAutoRed
                0x0000000006030f44                _SclAutoMax
                0x0000000006030f48                _SclAutoIndex
                0x0000000006030f4c                _SclAutoCount
                0x0000000006030f50                _SclAutoInterval
                0x0000000006030f54                _SclAutoSurface
                0x0000000006030f58                _SclColRamAlloc2048
                0x0000000006030f5c                _SclColRamAlloc256
                0x0000000006030f7c                _SclLineColRamOffset
                0x0000000006030f80                _SclPriBuffDirty
                0x0000000006030f84                _SclColOffset
                0x0000000006030f94                _SclBgColMix
                0x0000000006030f9c                _SclSpColMix
                0x0000000006030fa4                _SclBgPriNum
                0x0000000006030faa                _SclSpPriNum
                0x0000000006030fb2                _SclOtherPri
 *fill*         0x0000000006030fc2        0x2 
 .bss           0x0000000006030fc4       0x58 ../sbl/segalib/lib/libsat.a(scl_ro00.o)
                0x0000000006030fc4                _SclCsy
                0x0000000006030fcc                _SclCsx
 .bss           0x000000000603101c        0x0 ../sbl/segalib/lib/libsat.a(scl_back.o)
 .bss           0x000000000603101c       0x16 ../sbl/segalib/lib/libsat.a(scl_vblv.o)
                0x000000000603101c                _frameChgFlag
                0x0000000006031020                _VBIntrDisableDepth
                0x0000000006031024                _ReqDisplayFlag2
                0x0000000006031028                _ReqDisplayFlag1
                0x000000000603102c                _VBIntervalCounter
                0x0000000006031030                _SpFrameChgMode
 .bss           0x0000000006031032        0x0 ../sbl/segalib/lib/libsat.a(scl_pr01.o)
 .bss           0x0000000006031032        0x0 ../sbl/segalib/lib/libsat.a(scl_pr02.o)
 .bss           0x0000000006031032        0x0 ../sbl/segalib/lib/libsat.a(scl_pr03.o)
 .bss           0x0000000006031032        0x0 ../sbl/segalib/lib/libsat.a(scl_pr05.o)
 .bss           0x0000000006031032        0x0 ../sbl/segalib/lib/libsat.a(scl_pr06.o)
 .bss           0x0000000006031032        0x0 ../sbl/segalib/lib/libsat.a(scl_pr07.o)
 *fill*         0x0000000006031032        0x2 
 .bss           0x0000000006031034       0x20 ../sbl/segalib/lib/libsat.a(spr_1c.o)
                0x0000000006031034                _SpDil
                0x0000000006031036                _SpDie
                0x0000000006031038                _SpFbcrMode
                0x000000000603103a                _SpTvMode
                0x000000000603103c                _SpScreenY
                0x0000000006031040                _SpScreenX
                0x0000000006031044                _SpInitialFlag
 .bss           0x0000000006031054        0x0 ../sbl/segalib/lib/libsat.a(spr_2a.o)
 .bss           0x0000000006031054        0x0 /opt/toolchains/sh-elf/bin/../lib/gcc/sh-elf/11.1.0/libgcc.a(_ashiftrt.o)
 .bss           0x0000000006031054        0x0 /opt/toolchains/sh-elf/bin/../lib/gcc/sh-elf/11.1.0/libgcc.a(_ashiftlt.o)
 .bss           0x0000000006031054        0x0 /opt/toolchains/sh-elf/bin/../lib/gcc/sh-elf/11.1.0/libgcc.a(_movmem.o)
 .bss           0x0000000006031054        0x0 /opt/toolchains/sh-elf/bin/../lib/gcc/sh-elf/11.1.0/libgcc.a(_udivsi3.o)
 .bss           0x0000000006031054        0x0 /opt/toolchains/sh-elf/bin/../lib/gcc/sh-elf/11.1.0/libgcc.a(_mul_df.o)
 .bss           0x0000000006031054        0x0 /opt/toolchains/sh-elf/bin/../lib/gcc/sh-elf/11.1.0/libgcc.a(_si_to_df.o)
 .bss           0x0000000006031054        0x0 /opt/toolchains/sh-elf/bin/../lib/gcc/sh-elf/11.1.0/libgcc.a(_df_to_si.o)
 .bss           0x0000000006031054        0x0 /opt/toolchains/sh-elf/bin/../lib/gcc/sh-elf/11.1.0/libgcc.a(_thenan_df.o)
 .bss           0x0000000006031054        0x0 /opt/toolchains/sh-elf/bin/../lib/gcc/sh-elf/11.1.0/libgcc.a(_lshiftrt.o)
 .bss           0x0000000006031054        0x0 /opt/toolchains/sh-elf/bin/../lib/gcc/sh-elf/11.1.0/libgcc.a(_clzsi2.o)
 .bss           0x0000000006031054        0x0 /opt/toolchains/sh-elf/bin/../lib/gcc/sh-elf/11.1.0/libgcc.a(_pack_df.o)
 .bss           0x0000000006031054        0x0 /opt/toolchains/sh-elf/bin/../lib/gcc/sh-elf/11.1.0/libgcc.a(_unpack_df.o)
 .bss           0x0000000006031054        0x0 /opt/toolchains/sh-elf/bin/../lib/gcc/sh-elf/11.1.0/libgcc.a(_clz.o)
 .bss           0x0000000006031054        0x0 /opt/toolchains/sh-elf/bin/../lib/gcc/sh-elf/11.1.0/../../../../sh-elf/lib/libc.a(lib_a-memcpy.o)
 .bss           0x0000000006031054        0x0 /opt/toolchains/sh-elf/bin/../lib/gcc/sh-elf/11.1.0/../../../../sh-elf/lib/libc.a(lib_a-memset.o)
 *(COMMON)
                0x0000000006031054                _bss_end = .
                0x0000000006031060                . = ALIGN (0x10)
 *fill*         0x0000000006031054        0xc 
                0x0000000006031060                _end = ABSOLUTE (.)

.stack          0x0000000006031060     0x2000
 *(.stack)
 .stack         0x0000000006031060     0x2000 stack.o
                0x0000000006031060                _PROG_STK
                0x0000000006033060                _stack = .

.lwram          0x0000000000200000        0x0
                0x0000000000200000                . = ALIGN (0x10)
 *(.lwram)
                0x0000000000200000                . = ALIGN (0x10)

.vdp2_vram      0x0000000005e00000        0x0
                0x0000000005e00000                . = ALIGN (0x10)
 *(.vdp2_vram)
                0x0000000005e00000                . = ALIGN (0x10)
OUTPUT(main.elf elf32-sh)

.debug_info     0x0000000000000000     0x4c77
 .debug_info    0x0000000000000000      0x2f8 vblank.o
 .debug_info    0x00000000000002f8      0x7b2 cd.o
 .debug_info    0x0000000000000aaa      0x127 crc.o
 .debug_info    0x0000000000000bd1      0x3e9 devcart.o
 .debug_info    0x0000000000000fba      0x802 game.o
 .debug_info    0x00000000000017bc       0x69 piece.o
 .debug_info    0x0000000000001825      0x38e print.o
 .debug_info    0x0000000000001bb3      0x230 rng.o
 .debug_info    0x0000000000001de3      0xa4c scroll.o
 .debug_info    0x000000000000282f      0x1f5 sound.o
 .debug_info    0x0000000000002a24      0xd37 sprite.o
 .debug_info    0x000000000000375b      0x353 main.o
 .debug_info    0x0000000000003aae      0x4d2 /opt/toolchains/sh-elf/bin/../lib/gcc/sh-elf/11.1.0/libgcc.a(_mul_df.o)
 .debug_info    0x0000000000003f80      0x259 /opt/toolchains/sh-elf/bin/../lib/gcc/sh-elf/11.1.0/libgcc.a(_si_to_df.o)
 .debug_info    0x00000000000041d9      0x2a5 /opt/toolchains/sh-elf/bin/../lib/gcc/sh-elf/11.1.0/libgcc.a(_df_to_si.o)
 .debug_info    0x000000000000447e      0x15b /opt/toolchains/sh-elf/bin/../lib/gcc/sh-elf/11.1.0/libgcc.a(_thenan_df.o)
 .debug_info    0x00000000000045d9      0x130 /opt/toolchains/sh-elf/bin/../lib/gcc/sh-elf/11.1.0/libgcc.a(_clzsi2.o)
 .debug_info    0x0000000000004709      0x298 /opt/toolchains/sh-elf/bin/../lib/gcc/sh-elf/11.1.0/libgcc.a(_pack_df.o)
 .debug_info    0x00000000000049a1      0x20c /opt/toolchains/sh-elf/bin/../lib/gcc/sh-elf/11.1.0/libgcc.a(_unpack_df.o)
 .debug_info    0x0000000000004bad       0xca /opt/toolchains/sh-elf/bin/../lib/gcc/sh-elf/11.1.0/libgcc.a(_clz.o)

.debug_abbrev   0x0000000000000000     0x1eeb
 .debug_abbrev  0x0000000000000000      0x182 vblank.o
 .debug_abbrev  0x0000000000000182      0x23c cd.o
 .debug_abbrev  0x00000000000003be       0xae crc.o
 .debug_abbrev  0x000000000000046c      0x19d devcart.o
 .debug_abbrev  0x0000000000000609      0x284 game.o
 .debug_abbrev  0x000000000000088d       0x5a piece.o
 .debug_abbrev  0x00000000000008e7      0x181 print.o
 .debug_abbrev  0x0000000000000a68      0x163 rng.o
 .debug_abbrev  0x0000000000000bcb      0x281 scroll.o
 .debug_abbrev  0x0000000000000e4c      0x136 sound.o
 .debug_abbrev  0x0000000000000f82      0x307 sprite.o
 .debug_abbrev  0x0000000000001289      0x18d main.o
 .debug_abbrev  0x0000000000001416      0x278 /opt/toolchains/sh-elf/bin/../lib/gcc/sh-elf/11.1.0/libgcc.a(_mul_df.o)
 .debug_abbrev  0x000000000000168e      0x1b2 /opt/toolchains/sh-elf/bin/../lib/gcc/sh-elf/11.1.0/libgcc.a(_si_to_df.o)
 .debug_abbrev  0x0000000000001840      0x1b2 /opt/toolchains/sh-elf/bin/../lib/gcc/sh-elf/11.1.0/libgcc.a(_df_to_si.o)
 .debug_abbrev  0x00000000000019f2       0xcf /opt/toolchains/sh-elf/bin/../lib/gcc/sh-elf/11.1.0/libgcc.a(_thenan_df.o)
 .debug_abbrev  0x0000000000001ac1       0xca /opt/toolchains/sh-elf/bin/../lib/gcc/sh-elf/11.1.0/libgcc.a(_clzsi2.o)
 .debug_abbrev  0x0000000000001b8b      0x1ae /opt/toolchains/sh-elf/bin/../lib/gcc/sh-elf/11.1.0/libgcc.a(_pack_df.o)
 .debug_abbrev  0x0000000000001d39      0x142 /opt/toolchains/sh-elf/bin/../lib/gcc/sh-elf/11.1.0/libgcc.a(_unpack_df.o)
 .debug_abbrev  0x0000000000001e7b       0x70 /opt/toolchains/sh-elf/bin/../lib/gcc/sh-elf/11.1.0/libgcc.a(_clz.o)

.debug_aranges  0x0000000000000000      0x268
 .debug_aranges
                0x0000000000000000       0x20 vblank.o
 .debug_aranges
                0x0000000000000020       0x20 cd.o
 .debug_aranges
                0x0000000000000040       0x20 crc.o
 .debug_aranges
                0x0000000000000060       0x20 devcart.o
 .debug_aranges
                0x0000000000000080       0x20 game.o
 .debug_aranges
                0x00000000000000a0       0x18 piece.o
 .debug_aranges
                0x00000000000000b8       0x20 print.o
 .debug_aranges
                0x00000000000000d8       0x20 rng.o
 .debug_aranges
                0x00000000000000f8       0x20 scroll.o
 .debug_aranges
                0x0000000000000118       0x20 sound.o
 .debug_aranges
                0x0000000000000138       0x20 sprite.o
 .debug_aranges
                0x0000000000000158       0x20 main.o
 .debug_aranges
                0x0000000000000178       0x20 /opt/toolchains/sh-elf/bin/../lib/gcc/sh-elf/11.1.0/libgcc.a(_mul_df.o)
 .debug_aranges
                0x0000000000000198       0x20 /opt/toolchains/sh-elf/bin/../lib/gcc/sh-elf/11.1.0/libgcc.a(_si_to_df.o)
 .debug_aranges
                0x00000000000001b8       0x20 /opt/toolchains/sh-elf/bin/../lib/gcc/sh-elf/11.1.0/libgcc.a(_df_to_si.o)
 .debug_aranges
                0x00000000000001d8       0x18 /opt/toolchains/sh-elf/bin/../lib/gcc/sh-elf/11.1.0/libgcc.a(_thenan_df.o)
 .debug_aranges
                0x00000000000001f0       0x20 /opt/toolchains/sh-elf/bin/../lib/gcc/sh-elf/11.1.0/libgcc.a(_clzsi2.o)
 .debug_aranges
                0x0000000000000210       0x20 /opt/toolchains/sh-elf/bin/../lib/gcc/sh-elf/11.1.0/libgcc.a(_pack_df.o)
 .debug_aranges
                0x0000000000000230       0x20 /opt/toolchains/sh-elf/bin/../lib/gcc/sh-elf/11.1.0/libgcc.a(_unpack_df.o)
 .debug_aranges
                0x0000000000000250       0x18 /opt/toolchains/sh-elf/bin/../lib/gcc/sh-elf/11.1.0/libgcc.a(_clz.o)

.debug_line     0x0000000000000000     0x2119
 .debug_line    0x0000000000000000       0xe4 vblank.o
 .debug_line    0x00000000000000e4       0x9d cd.o
 .debug_line    0x0000000000000181       0xa3 crc.o
 .debug_line    0x0000000000000224      0x215 devcart.o
 .debug_line    0x0000000000000439      0x47b game.o
 .debug_line    0x00000000000008b4       0x33 piece.o
 .debug_line    0x00000000000008e7      0x177 print.o
 .debug_line    0x0000000000000a5e      0x152 rng.o
 .debug_line    0x0000000000000bb0      0x3bb scroll.o
 .debug_line    0x0000000000000f6b       0x81 sound.o
 .debug_line    0x0000000000000fec      0x579 sprite.o
 .debug_line    0x0000000000001565      0x10a main.o
 .debug_line    0x000000000000166f      0x2d6 /opt/toolchains/sh-elf/bin/../lib/gcc/sh-elf/11.1.0/libgcc.a(_mul_df.o)
 .debug_line    0x0000000000001945      0x13d /opt/toolchains/sh-elf/bin/../lib/gcc/sh-elf/11.1.0/libgcc.a(_si_to_df.o)
 .debug_line    0x0000000000001a82       0xf6 /opt/toolchains/sh-elf/bin/../lib/gcc/sh-elf/11.1.0/libgcc.a(_df_to_si.o)
 .debug_line    0x0000000000001b78       0x50 /opt/toolchains/sh-elf/bin/../lib/gcc/sh-elf/11.1.0/libgcc.a(_thenan_df.o)
 .debug_line    0x0000000000001bc8       0xad /opt/toolchains/sh-elf/bin/../lib/gcc/sh-elf/11.1.0/libgcc.a(_clzsi2.o)
 .debug_line    0x0000000000001c75      0x30c /opt/toolchains/sh-elf/bin/../lib/gcc/sh-elf/11.1.0/libgcc.a(_pack_df.o)
 .debug_line    0x0000000000001f81      0x146 /opt/toolchains/sh-elf/bin/../lib/gcc/sh-elf/11.1.0/libgcc.a(_unpack_df.o)
 .debug_line    0x00000000000020c7       0x52 /opt/toolchains/sh-elf/bin/../lib/gcc/sh-elf/11.1.0/libgcc.a(_clz.o)

.debug_str      0x0000000000000000     0x13c9
 .debug_str     0x0000000000000000      0x1a6 vblank.o
                                        0x1e7 (size before relaxing)
 .debug_str     0x00000000000001a6      0x241 cd.o
                                        0x333 (size before relaxing)
 .debug_str     0x00000000000003e7       0x72 crc.o
                                        0x121 (size before relaxing)
 .debug_str     0x0000000000000459       0xfc devcart.o
                                        0x246 (size before relaxing)
 .debug_str     0x0000000000000555      0x230 game.o
                                        0x335 (size before relaxing)
 .debug_str     0x0000000000000785        0x8 piece.o
                                         0x62 (size before relaxing)
 .debug_str     0x000000000000078d       0x56 print.o
                                        0x1dc (size before relaxing)
 .debug_str     0x00000000000007e3       0x7c rng.o
                                        0x184 (size before relaxing)
 .debug_str     0x000000000000085f      0x3af scroll.o
                                        0x4f4 (size before relaxing)
 .debug_str     0x0000000000000c0e       0xb4 sound.o
                                        0x1a9 (size before relaxing)
 .debug_str     0x0000000000000cc2      0x350 sprite.o
                                        0x56d (size before relaxing)
 .debug_str     0x0000000000001012      0x114 main.o
                                        0x2eb (size before relaxing)
 .debug_str     0x0000000000001126      0x212 /opt/toolchains/sh-elf/bin/../lib/gcc/sh-elf/11.1.0/libgcc.a(_mul_df.o)
                                        0x28a (size before relaxing)
 .debug_str     0x0000000000001338       0x27 /opt/toolchains/sh-elf/bin/../lib/gcc/sh-elf/11.1.0/libgcc.a(_si_to_df.o)
                                        0x216 (size before relaxing)
 .debug_str     0x000000000000135f        0xa /opt/toolchains/sh-elf/bin/../lib/gcc/sh-elf/11.1.0/libgcc.a(_df_to_si.o)
                                        0x233 (size before relaxing)
 .debug_str     0x0000000000001369      0x1d5 /opt/toolchains/sh-elf/bin/../lib/gcc/sh-elf/11.1.0/libgcc.a(_thenan_df.o)
 .debug_str     0x0000000000001369       0x59 /opt/toolchains/sh-elf/bin/../lib/gcc/sh-elf/11.1.0/libgcc.a(_clzsi2.o)
                                        0x198 (size before relaxing)
 .debug_str     0x00000000000013c2        0x7 /opt/toolchains/sh-elf/bin/../lib/gcc/sh-elf/11.1.0/libgcc.a(_pack_df.o)
                                        0x227 (size before relaxing)
 .debug_str     0x00000000000013c9      0x209 /opt/toolchains/sh-elf/bin/../lib/gcc/sh-elf/11.1.0/libgcc.a(_unpack_df.o)
 .debug_str     0x00000000000013c9      0x17b /opt/toolchains/sh-elf/bin/../lib/gcc/sh-elf/11.1.0/libgcc.a(_clz.o)

.comment        0x0000000000000000       0x12
 .comment       0x0000000000000000       0x12 vblank.o
                                         0x13 (size before relaxing)
 .comment       0x0000000000000012       0x13 cd.o
 .comment       0x0000000000000012       0x13 crc.o
 .comment       0x0000000000000012       0x13 devcart.o
 .comment       0x0000000000000012       0x13 game.o
 .comment       0x0000000000000012       0x13 piece.o
 .comment       0x0000000000000012       0x13 print.o
 .comment       0x0000000000000012       0x13 rng.o
 .comment       0x0000000000000012       0x13 scroll.o
 .comment       0x0000000000000012       0x13 sound.o
 .comment       0x0000000000000012       0x13 sprite.o
 .comment       0x0000000000000012       0x13 main.o
 .comment       0x0000000000000012       0x13 ../sbl/segalib/lib/libsat.a(mth_rand.o)
 .comment       0x0000000000000012       0x13 ../sbl/segalib/lib/libsat.a(per_prt.o)
 .comment       0x0000000000000012       0x13 ../sbl/segalib/lib/libsat.a(spr_2c.o)
 .comment       0x0000000000000012       0x13 ../sbl/segalib/lib/libsat.a(scl_func.o)
 .comment       0x0000000000000012       0x13 ../sbl/segalib/lib/libsat.a(scl_fu02.o)
 .comment       0x0000000000000012       0x13 ../sbl/segalib/lib/libsat.a(scl_fu03.o)
 .comment       0x0000000000000012       0x13 ../sbl/segalib/lib/libsat.a(scl_fu04.o)
 .comment       0x0000000000000012       0x13 ../sbl/segalib/lib/libsat.a(scl_pri.o)
 .comment       0x0000000000000012       0x13 ../sbl/segalib/lib/libsat.a(scl_ro00.o)
 .comment       0x0000000000000012       0x13 ../sbl/segalib/lib/libsat.a(scl_back.o)
 .comment       0x0000000000000012       0x13 ../sbl/segalib/lib/libsat.a(scl_vblv.o)
 .comment       0x0000000000000012       0x13 ../sbl/segalib/lib/libsat.a(scl_pr01.o)
 .comment       0x0000000000000012       0x13 ../sbl/segalib/lib/libsat.a(scl_pr02.o)
 .comment       0x0000000000000012       0x13 ../sbl/segalib/lib/libsat.a(scl_pr03.o)
 .comment       0x0000000000000012       0x13 ../sbl/segalib/lib/libsat.a(scl_pr05.o)
 .comment       0x0000000000000012       0x13 ../sbl/segalib/lib/libsat.a(scl_pr06.o)
 .comment       0x0000000000000012       0x13 ../sbl/segalib/lib/libsat.a(scl_pr07.o)
 .comment       0x0000000000000012       0x13 ../sbl/segalib/lib/libsat.a(spr_1c.o)
 .comment       0x0000000000000012       0x13 /opt/toolchains/sh-elf/bin/../lib/gcc/sh-elf/11.1.0/libgcc.a(_mul_df.o)
 .comment       0x0000000000000012       0x13 /opt/toolchains/sh-elf/bin/../lib/gcc/sh-elf/11.1.0/libgcc.a(_si_to_df.o)
 .comment       0x0000000000000012       0x13 /opt/toolchains/sh-elf/bin/../lib/gcc/sh-elf/11.1.0/libgcc.a(_df_to_si.o)
 .comment       0x0000000000000012       0x13 /opt/toolchains/sh-elf/bin/../lib/gcc/sh-elf/11.1.0/libgcc.a(_thenan_df.o)
 .comment       0x0000000000000012       0x13 /opt/toolchains/sh-elf/bin/../lib/gcc/sh-elf/11.1.0/libgcc.a(_clzsi2.o)
 .comment       0x0000000000000012       0x13 /opt/toolchains/sh-elf/bin/../lib/gcc/sh-elf/11.1.0/libgcc.a(_pack_df.o)
 .comment       0x0000000000000012       0x13 /opt/toolchains/sh-elf/bin/../lib/gcc/sh-elf/11.1.0/libgcc.a(_unpack_df.o)
 .comment       0x0000000000000012       0x13 /opt/toolchains/sh-elf/bin/../lib/gcc/sh-elf/11.1.0/libgcc.a(_clz.o)

.debug_frame    0x0000000000000000      0xe24
 .debug_frame   0x0000000000000000       0xb8 vblank.o
 .debug_frame   0x00000000000000b8       0x90 cd.o
 .debug_frame   0x0000000000000148       0x38 crc.o
 .debug_frame   0x0000000000000180      0x198 devcart.o
 .debug_frame   0x0000000000000318      0x204 game.o
 .debug_frame   0x000000000000051c       0xf4 print.o
 .debug_frame   0x0000000000000610       0xc0 rng.o
 .debug_frame   0x00000000000006d0      0x240 scroll.o
 .debug_frame   0x0000000000000910       0x80 sound.o
 .debug_frame   0x0000000000000990      0x284 sprite.o
 .debug_frame   0x0000000000000c14       0x30 main.o
 .debug_frame   0x0000000000000c44       0x98 /opt/toolchains/sh-elf/bin/../lib/gcc/sh-elf/11.1.0/libgcc.a(_mul_df.o)
 .debug_frame   0x0000000000000cdc       0x3c /opt/toolchains/sh-elf/bin/../lib/gcc/sh-elf/11.1.0/libgcc.a(_si_to_df.o)
 .debug_frame   0x0000000000000d18       0x48 /opt/toolchains/sh-elf/bin/../lib/gcc/sh-elf/11.1.0/libgcc.a(_df_to_si.o)
 .debug_frame   0x0000000000000d60       0x38 /opt/toolchains/sh-elf/bin/../lib/gcc/sh-elf/11.1.0/libgcc.a(_clzsi2.o)
 .debug_frame   0x0000000000000d98       0x6c /opt/toolchains/sh-elf/bin/../lib/gcc/sh-elf/11.1.0/libgcc.a(_pack_df.o)
 .debug_frame   0x0000000000000e04       0x20 /opt/toolchains/sh-elf/bin/../lib/gcc/sh-elf/11.1.0/libgcc.a(_unpack_df.o)

.debug_loclists
                0x0000000000000000      0x670
 .debug_loclists
                0x0000000000000000      0x30c /opt/toolchains/sh-elf/bin/../lib/gcc/sh-elf/11.1.0/libgcc.a(_mul_df.o)
 .debug_loclists
                0x000000000000030c       0x6c /opt/toolchains/sh-elf/bin/../lib/gcc/sh-elf/11.1.0/libgcc.a(_si_to_df.o)
 .debug_loclists
                0x0000000000000378       0x35 /opt/toolchains/sh-elf/bin/../lib/gcc/sh-elf/11.1.0/libgcc.a(_df_to_si.o)
 .debug_loclists
                0x00000000000003ad       0x22 /opt/toolchains/sh-elf/bin/../lib/gcc/sh-elf/11.1.0/libgcc.a(_clzsi2.o)
 .debug_loclists
                0x00000000000003cf      0x230 /opt/toolchains/sh-elf/bin/../lib/gcc/sh-elf/11.1.0/libgcc.a(_pack_df.o)
 .debug_loclists
                0x00000000000005ff       0x71 /opt/toolchains/sh-elf/bin/../lib/gcc/sh-elf/11.1.0/libgcc.a(_unpack_df.o)

.debug_rnglists
                0x0000000000000000       0xf1
 .debug_rnglists
                0x0000000000000000       0x2e /opt/toolchains/sh-elf/bin/../lib/gcc/sh-elf/11.1.0/libgcc.a(_mul_df.o)
 .debug_rnglists
                0x000000000000002e       0x26 /opt/toolchains/sh-elf/bin/../lib/gcc/sh-elf/11.1.0/libgcc.a(_si_to_df.o)
 .debug_rnglists
                0x0000000000000054       0x1f /opt/toolchains/sh-elf/bin/../lib/gcc/sh-elf/11.1.0/libgcc.a(_clzsi2.o)
 .debug_rnglists
                0x0000000000000073       0x7e /opt/toolchains/sh-elf/bin/../lib/gcc/sh-elf/11.1.0/libgcc.a(_pack_df.o)
