Archive member included to satisfy reference by file (symbol)

../sbl/segalib/lib/libsat.a(cdc_cmn.o)
                              main.o (_CDC_GetPeriStat)
../sbl/segalib/lib/libsat.a(cdc_drv.o)
                              sound.o (_CDC_CdPlay)
../sbl/segalib/lib/libsat.a(dma_scu1.o)
                              main.o (_DMA_ScuInit)
../sbl/segalib/lib/libsat.a(gfs.o)
                              cd.o (_GFS_SetDir)
../sbl/segalib/lib/libsat.a(gfs_buf.o)
                              ../sbl/segalib/lib/libsat.a(gfs.o) (_GFBF_GetNumData)
../sbl/segalib/lib/libsat.a(gfs_cdb.o)
                              ../sbl/segalib/lib/libsat.a(gfs.o) (_GFCB_Close)
../sbl/segalib/lib/libsat.a(gfs_cdc.o)
                              ../sbl/segalib/lib/libsat.a(gfs_cdb.o) (_GFCD_AllocFilt)
../sbl/segalib/lib/libsat.a(gfs_cdf.o)
                              ../sbl/segalib/lib/libsat.a(gfs.o) (_GFCF_Init)
../sbl/segalib/lib/libsat.a(gfs_dir.o)
                              ../sbl/segalib/lib/libsat.a(gfs.o) (_GFDR_NameToId)
../sbl/segalib/lib/libsat.a(gfs_trn.o)
                              ../sbl/segalib/lib/libsat.a(gfs.o) (_GFTR_Setup)
../sbl/segalib/lib/libsat.a(mth_rand.o)
                              rng.o (_MTH_InitialRand)
../sbl/segalib/lib/libsat.a(mth_fixd.o)
                              sprite.o (_MTH_Mul)
../sbl/segalib/lib/libsat.a(mth_tri.o)
                              sprite.o (_MTH_Sin)
../sbl/segalib/lib/libsat.a(per_prt.o)
                              vblank.o (_PER_Init)
../sbl/segalib/lib/libsat.a(spr_2c.o)
                              sprite.o (_SPR_2SetTvMode)
../sbl/segalib/lib/libsat.a(scl_func.o)
                              scroll.o (_Scl_n_reg)
../sbl/segalib/lib/libsat.a(scl_fu02.o)
                              scroll.o (_SCL_InitVramConfigTb)
../sbl/segalib/lib/libsat.a(scl_fu03.o)
                              scroll.o (_SCL_InitConfigTb)
../sbl/segalib/lib/libsat.a(scl_fu04.o)
                              scroll.o (_SCL_SetCycleTable)
../sbl/segalib/lib/libsat.a(scl_pri.o)
                              ../sbl/segalib/lib/libsat.a(scl_func.o) (_SCL_PriorityInit)
../sbl/segalib/lib/libsat.a(scl_ro00.o)
                              scroll.o (_SCL_InitRotateTable)
../sbl/segalib/lib/libsat.a(scl_ro03.o)
                              bg.o (_SCL_RotateTo)
../sbl/segalib/lib/libsat.a(scl_back.o)
                              scroll.o (_SCL_SetBack)
../sbl/segalib/lib/libsat.a(scl_vblv.o)
                              ../sbl/segalib/lib/libsat.a(spr_2c.o) (_SCL_SetFrameInterval)
../sbl/segalib/lib/libsat.a(scl_pr01.o)
                              sprite.o (_SCL_SetSpriteMode)
../sbl/segalib/lib/libsat.a(scl_pr02.o)
                              scroll.o (_SCL_SetColRam)
../sbl/segalib/lib/libsat.a(scl_pr03.o)
                              scroll.o (_SCL_AllocColRam)
../sbl/segalib/lib/libsat.a(scl_pr05.o)
                              ../sbl/segalib/lib/libsat.a(scl_pr02.o) (_SCL_GetColRamOffset)
../sbl/segalib/lib/libsat.a(scl_pr06.o)
                              ../sbl/segalib/lib/libsat.a(scl_pr03.o) (_SCL_SetColRamOffset)
../sbl/segalib/lib/libsat.a(scl_pr07.o)
                              scroll.o (_SCL_SetPriority)
../sbl/segalib/lib/libsat.a(scl_pr11.o)
                              bg.o (_SCL_SetAutoColOffset)
../sbl/segalib/lib/libsat.a(scl_pr12.o)
                              bg.o (_SCL_SetColOffset)
../sbl/segalib/lib/libsat.a(cdc_reg.o)
                              ../sbl/segalib/lib/libsat.a(gfs_cdb.o) (_CDC_GetDataPtr)
../sbl/segalib/lib/libsat.a(cdc_sub.o)
                              ../sbl/segalib/lib/libsat.a(cdc_cmn.o) (_CDSUB_GetCdstat)
../sbl/segalib/lib/libsat.a(cdc_dev.o)
                              ../sbl/segalib/lib/libsat.a(gfs_cdc.o) (_CDC_CdSetCon)
../sbl/segalib/lib/libsat.a(cdc_sel.o)
                              ../sbl/segalib/lib/libsat.a(gfs_cdc.o) (_CDC_SetFiltRange)
../sbl/segalib/lib/libsat.a(cdc_bif.o)
                              ../sbl/segalib/lib/libsat.a(gfs_cdc.o) (_CDC_GetBufSiz)
../sbl/segalib/lib/libsat.a(cdc_bio.o)
                              ../sbl/segalib/lib/libsat.a(gfs_cdc.o) (_CDC_SetSctLen)
../sbl/segalib/lib/libsat.a(cdc_cfs.o)
                              ../sbl/segalib/lib/libsat.a(gfs_cdc.o) (_CDC_ChgDir)
../sbl/segalib/lib/libsat.a(csh_main.o)
                              ../sbl/segalib/lib/libsat.a(dma_scu1.o) (_CSH_Purge)
../sbl/segalib/lib/libsat.a(dma_cpu0.o)
                              ../sbl/segalib/lib/libsat.a(gfs_trn.o) (_DMA_CpuSetComPrm)
../sbl/segalib/lib/libsat.a(dma_scu0.o)
                              ../sbl/segalib/lib/libsat.a(dma_scu1.o) (_DMA_ScuSetPrm)
../sbl/segalib/lib/libsat.a(spr_1c.o)
                              ../sbl/segalib/lib/libsat.a(spr_2c.o) (_SPR_SetTvMode)
../sbl/segalib/lib/libsat.a(spr_2a.o)
                              ../sbl/segalib/lib/libsat.a(spr_2c.o) (_SPR_2SetDrawPrty)
/opt/toolchains/sh-elf/bin/../lib/gcc/sh-elf/11.1.0/libgcc.a(_ashiftrt.o)
[...]
Memory Configuration

Name             Origin             Length             Attributes
*default*        0x0000000000000000 0xffffffffffffffff

Linker script and memory map

LOAD entry.o
LOAD stack.o
LOAD vblank.o
LOAD bg.o
LOAD cd.o
LOAD crc.o
LOAD devcart.o
LOAD game.o
LOAD hwram.o
LOAD pcmsys.o
LOAD piece.o
LOAD print.o
LOAD rng.o
LOAD scroll.o
LOAD sound.o
LOAD sprite.o
LOAD main.o
LOAD ../sbl/segalib/lib/libsat.a
LOAD /opt/toolchains/sh-elf/bin/../lib/gcc/sh-elf/11.1.0/libgcc.a
LOAD /opt/toolchains/sh-elf/bin/../lib/gcc/sh-elf/11.1.0/libgcc-Os-4-200.a
LOAD /opt/toolchains/sh-elf/bin/../lib/gcc/sh-elf/11.1.0/../../../../sh-elf/lib/libc.a
LOAD /opt/toolchains/sh-elf/bin/../lib/gcc/sh-elf/11.1.0/libgcc.a
LOAD /opt/toolchains/sh-elf/bin/../lib/gcc/sh-elf/11.1.0/libgcc-Os-4-200.a

.entry          0x0000000006010000       0x60
 *(.entry)
 .entry         0x0000000006010000       0x50 entry.o
                0x0000000006010000                _entry
                0x0000000006010060                . = ALIGN (0x20)
 *fill*         0x0000000006010050       0x10 
                0x0000000006010060                _eentry = ABSOLUTE (.)

.text           0x0000000006010060     0xfb50
 *(.text*)
 .text          0x0000000006010060        0x0 entry.o
 .text          0x0000000006010060        0x0 stack.o
 .text          0x0000000006010060      0x148 vblank.o
                0x0000000006010060                _CheckVblankEnd
                0x0000000006010070                _UsrVblankIn
                0x0000000006010088                _UsrVblankOut
                0x0000000006010118                _SetVblank
 .text          0x00000000060101a8      0x2c0 bg.o
                0x00000000060101a8                _BG_Init
                0x00000000060102f8                _BG_Run
                0x000000000601042c                _BG_Next
 .text          0x0000000006010468       0xdc cd.o
                0x0000000006010468                _CD_Init
                0x0000000006010490                _CD_ChangeDir
                0x00000000060104d0                _CD_Load
 .text          0x0000000006010544       0x20 crc.o
                0x0000000006010544                _crc_update
 .text          0x0000000006010564      0x1d4 devcart.o
                0x00000000060105b8                _Devcart_LoadFile
                0x0000000006010684                _Devcart_PrintStr
                0x00000000060106bc                _Devcart_Reset
                0x0000000006010700                _Devcart_ChangeDir
 .text          0x0000000006010738      0xc78 game.o
                0x0000000006010a98                _Game_Init
                0x0000000006010d38                _Game_Run
 .text          0x00000000060113b0        0x0 hwram.o
 .text          0x00000000060113b0      0x35c pcmsys.o
                0x00000000060113b0                _smpc_wait_till_ready
                0x00000000060113c4                _smpc_issue_command
                0x00000000060113d8                _load_driver_binary
                0x000000000601144c                _load_drv
                0x0000000006011484                _calculate_bytes_per_blank
                0x00000000060114b4                _load_16bit_pcm
                0x00000000060115b0                _load_8bit_pcm
                0x00000000060116a8                _pcm_play
                0x00000000060116cc                _pcm_parameter_change
                0x00000000060116e8                _pcm_cease
 .text          0x000000000601170c        0x0 piece.o
 .text          0x000000000601170c      0x154 print.o
                0x000000000601170c                _Print_Load
                0x000000000601171c                _Print_Init
                0x0000000006011734                _Print_Num
                0x0000000006011778                _Print_String
                0x00000000060117d0                _Print_Display
 .text          0x0000000006011860       0xf4 rng.o
                0x0000000006011860                _RNG_Init
                0x00000000060118b4                _RNG_Get
 .text          0x0000000006011954      0x5ac scroll.o
                0x0000000006011954                _Scroll_Init
                0x0000000006011be4                _Scroll_TilePtr
                0x0000000006011c38                _Scroll_LoadTile
                0x0000000006011cb8                _Scroll_MapPtr
                0x0000000006011cf0                _Scroll_Scale
                0x0000000006011d8c                _Scroll_Set
                0x0000000006011dcc                _Scroll_Move
                0x0000000006011e0c                _Scroll_ClearMaps
                0x0000000006011e50                _Scroll_ClearVram
                0x0000000006011e6c                _Scroll_CharSize
                0x0000000006011ea0                _Scroll_Enable
                0x0000000006011ed0                _Scroll_MapSize
 .text          0x0000000006011f00      0x1bc sound.o
                0x0000000006011f00                _Sound_Init
                0x000000000601206c                _Sound_CDDA
                0x00000000060120ac                _Sound_Play
 .text          0x00000000060120bc      0x60c sprite.o
                0x00000000060120bc                _Sprite_Init
                0x0000000006012150                _Sprite_Clear
                0x000000000601216c                _Sprite_Load
                0x0000000006012358                _Sprite_StartDraw
                0x0000000006012388                _Sprite_Draw
                0x00000000060125a0                _Sprite_Make
                0x00000000060125cc                _Sprite_DrawAll
                0x0000000006012618                _Sprite_Next
                0x000000000601265c                _Sprite_ListAdd
                0x0000000006012670                _Sprite_ListRemove
                0x0000000006012694                _Sprite_Delete
                0x00000000060126a8                _Sprite_DeleteAll
 .text          0x00000000060126c8        0x0 main.o
 .text.startup  0x00000000060126c8      0x124 main.o
                0x00000000060126c8                _main
 .text          0x00000000060127ec      0x354 ../sbl/segalib/lib/libsat.a(cdc_cmn.o)
                0x00000000060127ec                _CDC_GetCurStat
                0x0000000006012830                _CDC_GetLastStat
                0x000000000601283c                _getPeriRsp
                0x00000000060128c4                _CDC_GetPeriStat
                0x0000000006012908                _CDC_GetHwInfo
                0x0000000006012960                _CDC_TgetToc
                0x00000000060129b8                _CDC_GetSes
                0x00000000060129f0                _CDC_CdInit
                0x0000000006012a68                _CDC_CdOpen
                0x0000000006012a90                _CDC_DataEnd
                0x0000000006012ae4                _CDC_DataReady
 .text          0x0000000006012b40      0x108 ../sbl/segalib/lib/libsat.a(cdc_drv.o)
                0x0000000006012b40                _analyPos
                0x0000000006012b90                _CDC_CdPlay
                0x0000000006012be4                _CDC_CdSeek
                0x0000000006012c1c                _CDC_CdScan
 .text          0x0000000006012c48      0x198 ../sbl/segalib/lib/libsat.a(dma_scu1.o)
                0x0000000006012c48                _DMA_ScuInit
                0x0000000006012c84                _DMA_ScuMemCopy
                0x0000000006012d48                _DMA_ScuResult
 .text          0x0000000006012de0     0x1610 ../sbl/segalib/lib/libsat.a(gfs.o)
                0x0000000006012de0                _gfs_recovRdErr
                0x0000000006012e08                _GFS_SetErrFunc
                0x0000000006012e2c                _GFS_GetErrStat
                0x0000000006012e4c                _gfs_mngSetupFuncTbl
                0x0000000006012e78                _gfs_mngInitWork
                0x0000000006012ef8                _gfs_mngGetNumFile
                0x0000000006012f50                _GFS_mngAllocGrp
                0x0000000006012f90                _gfs_mngFreeGrp
                0x0000000006012f96                _gfs_mngTermAccess
                0x0000000006013000                _gfs_mngSetErrCode
                0x0000000006013030                _GFS_SetDir
                0x0000000006013094                _GFS_NameToId
                0x00000000060130e4                _GFS_IdToName
                0x0000000006013140                _GFS_Tell
                0x0000000006013180                _GFS_NwIsComplete
                0x00000000060131a8                _GFS_CdMovePickup
                0x0000000006013208                _GFS_GetDirInfo
                0x0000000006013280                _gfs_svrSearchHndl
                0x00000000060132b4                _gfs_svrAddHndl
                0x00000000060132e8                _gfs_svrRemoveHndl
                0x000000000601335c                _GFS_NwStop
                0x00000000060133b4                _GFS_OpenSub
                0x00000000060133fc                _GFS_Open
                0x00000000060134a0                _GFS_GetFad
                0x00000000060134e4                _gfs_SetSct
                0x0000000006013510                _GFS_NwCdRead
                0x0000000006013594                _gfs_GetFinfo
                0x00000000060135e2                _GFS_GetFileSize
                0x0000000006013644                _GFS_Seek
                0x00000000060136f8                _GFS_IsEof
                0x0000000006013758                _GFS_ByteToSct
                0x00000000060137b4                _GFS_GetFileInfo
                0x0000000006013828                _GFS_NwFread
                0x000000000601393c                _GFS_NwGetStat
                0x00000000060139b0                _GFS_SetGmode
                0x0000000006013a14                _GFS_SetTmode
                0x0000000006013a88                _GFS_SetReadPara
                0x0000000006013aec                _GFS_SetTransPara
                0x0000000006013b60                _gfs_transData
                0x0000000006013bf0                _gfs_closeSub
                0x0000000006013c20                _GFS_Close
                0x0000000006013c58                _GFS_LoadDir
                0x0000000006013cf4                _gfs_getGmode
                0x0000000006013cfa                _gfs_isTaskDone
                0x0000000006013d44                _gfs_convFinStat
                0x0000000006013da8                _gfs_flowIn
                0x0000000006013e28                _GFS_NwExecOne
                0x0000000006013eb8                _GFS_Fread
                0x0000000006014000                _GFS_Load
                0x00000000060140c8                _gfs_loadVol
                0x000000000601418c                _gfs_getRootDir
                0x0000000006014214                _gfs_loadRootDir
                0x000000000601429c                _GFS_Init
                0x0000000006014388                _GFS_NwExecServer
 .text          0x00000000060143f0       0x6c ../sbl/segalib/lib/libsat.a(gfs_buf.o)
                0x00000000060143f0                _GFBF_GetTranData
                0x0000000006014404                _GFBF_GetNumData
                0x000000000601441c                _GFBF_GetSrcPk
                0x0000000006014430                _GFBF_GetSctData
                0x0000000006014444                _GFBF_RtnPk
                0x0000000006014458                _gfbf_getSctDt
 .text          0x000000000601445c      0x484 ../sbl/segalib/lib/libsat.a(gfs_cdb.o)
                0x000000000601445c                _GFCB_Setup
                0x0000000006014520                _GFCB_Close
                0x0000000006014540                _GFCB_GetLenData
                0x00000000060145d4                _GFCB_GetLenRoom
                0x00000000060145d8                _GFCB_SetFilt
                0x0000000006014630                _GFCB_DeleteAllData
                0x000000000601464c                _GFCB_Tell
                0x0000000006014654                _GFCB_Seek
                0x0000000006014738                _GFCB_GetSrcPack
                0x0000000006014800                _GFCB_GetSctData
                0x000000000601482c                _GFCB_GetDstPack
                0x0000000006014830                _GFCB_RtnPk
                0x0000000006014870                _GFCB_MovePickup
                0x0000000006014880                _GFCB_SetCon
                0x00000000060148a8                _GFCB_GetPickup
                0x00000000060148c8                _GFCB_IsPuOwner
                0x00000000060148d4                _GFCB_UngetPickup
 .text          0x00000000060148e0     0x1504 ../sbl/segalib/lib/libsat.a(gfs_cdc.o)
                0x00000000060148e0                _GFCD_AllocFilt
                0x0000000006014910                _GFCD_FreeFilt
                0x0000000006014938                _GFCD_AllocBuf
                0x0000000006014964                _GFCD_GetBaseFad
                0x0000000006014990                _GFCD_GetPickup
                0x00000000060149b4                _GFCD_UngetPickup
                0x00000000060149d8                _GFCD_IsPuOwner
                0x00000000060149f0                _GFCD_CheckDelSctData
                0x0000000006014a18                _GFCD_CheckMove
                0x0000000006014a30                _gfcd_isIdleTask
                0x0000000006014a94                _GFCD_SetTimer
                0x0000000006014aa0                _gfcd_checkEflag
                0x0000000006014abc                _gfcd_initCdbMng
                0x0000000006014b24                _gfcd_setStat
                0x0000000006014b48                _GFCD_GetFilt
                0x0000000006014b8c                _GFCD_EndData
                0x0000000006014bd0                _GFCD_GetSctInfo
                0x0000000006014c14                _GFCD_GetFileInfo
                0x0000000006014cdc                _GFCD_GetBufSiz
                0x0000000006014d0c                _gfcd_doSetFiltTsk
                0x0000000006014e78                _GFCD_SetFilt
                0x0000000006014f10                _gfcd_doSetConTsk
                0x0000000006014f88                _GFCD_SetCon
                0x0000000006014fd4                _gfcd_doGetLenDataTsk
                0x00000000060150d4                _GFCD_GetLenData
                0x0000000006015118                _gfcd_doReqDataTsk
                0x000000000601518c                _GFCD_ReqData
                0x00000000060151d4                _gfcd_doDelSctDataTsk
                0x00000000060152e0                _GFCD_DelSctData
                0x000000000601532c                _gfcd_doMoveSctTsk
                0x0000000006015448                _GFCD_MoveSctData
                0x00000000060154a4                _gfcd_doSetFiltConTsk
                0x00000000060155a0                _GFCD_SetFiltCon
                0x0000000006015698                _GFCD_SetCsctFunc
                0x00000000060156a8                _GFCD_WaitScdqFlag
                0x00000000060156ec                _GFCD_GetStat
                0x000000000601575c                _GFCD_Init
                0x0000000006015944                _GFCD_Play
                0x0000000006015994                _GFCD_MovePickup
                0x00000000060159dc                _gfcd_doChgDirTsk
                0x0000000006015b80                _GFCD_ChgDir
                0x0000000006015be8                _gfcd_doTask
                0x0000000006015c58                _GFCD_ExecServer
                0x0000000006015d34                _GFCD_FreeBuf
                0x0000000006015db0                _GFCD_WaitServer
 .text          0x0000000006015de4      0x600 ../sbl/segalib/lib/libsat.a(gfs_cdf.o)
                0x0000000006015de4                _GFCF_Init
                0x0000000006015e3c                _GFCF_SetSct
                0x0000000006015e68                _GFCF_GetFileInfo
                0x0000000006015ec6                _GFCF_Recover
                0x0000000006015f08                _GFCF_Tell
                0x0000000006015f14                _GFCF_Seek
                0x0000000006015f20                _GFCF_cnvIntlvOfs
                0x0000000006015f54                _GFCF_GetStat
                0x0000000006015fa0                _GFCF_StopInBuf
                0x0000000006016018                _GFCF_MovePickup
                0x000000000601609c                _gfcf_getSctSize
                0x00000000060160d4                _GFCF_Setup
                0x000000000601618c                _gfcf_isCdOk
                0x00000000060161d8                _gfcf_getPlayRange
                0x00000000060162e0                _GFCF_FlowInBuf
 .text          0x00000000060163e4      0x7e8 ../sbl/segalib/lib/libsat.a(gfs_dir.o)
                0x00000000060163e4                _GFDR_NameToId
                0x0000000006016434                _GFDR_GetInfoDirId
                0x0000000006016440                _GFDR_GetInfoDirName
                0x000000000601644c                _GFDR_GetAtrDirId
                0x000000000601645c                _GFDR_GetAtrDirName
                0x000000000601646c                _GFDR_ChgDir
                0x00000000060164dc                _GFDR_ChgRoot
                0x00000000060164e8                _gfdr_open
                0x0000000006016508                _gfdr_read
                0x00000000060165c0                _gfdr_readByte
                0x00000000060165e8                _gfdr_readWord
                0x0000000006016610                _gfdr_readWordNB
                0x000000000601665c                _gfdr_readLongNB
                0x00000000060166a4                _gfdr_readLongNM
                0x00000000060166c4                _gfdr_setNextRec
                0x0000000006016740                _gfdr_readDirEnt
                0x0000000006016a28                _gfdr_setDirrecCd
                0x0000000006016a46                _gfdr_setupDirIdTbl
                0x0000000006016abc                _gfdr_setupDirNameTbl
                0x0000000006016b5c                _GFDR_SetupDirTbl
 .text          0x0000000006016bcc      0x818 ../sbl/segalib/lib/libsat.a(gfs_trn.o)
                0x0000000006016bcc                _gftr_reqScu
                0x0000000006016bd0                _gftr_remCpu
                0x0000000006016bd4                _gftr_execScu
                0x0000000006016c54                _gftr_remScu
                0x0000000006016c74                _gftr_reqDma0
                0x0000000006016c78                _gftr_reqDma1
                0x0000000006016c7c                _gftr_reqCpu
                0x0000000006016c80                _GFTR_Setup
                0x0000000006016ca6                _GFTR_SetMode
                0x0000000006016cb2                _GFTR_SetUnit
                0x0000000006016cb6                _GFTR_SetTransPara
                0x0000000006016cc8                _GFTR_GetTransPara
                0x0000000006016ccc                _GFTR_GetNumTrans
                0x0000000006016cd0                _GFTR_SetTransMax
                0x0000000006016cd6                _GFTR_Start
                0x0000000006016cdc                _GFTR_Pause
                0x0000000006016ce2                _gfdma_canUse
                0x0000000006016ce6                _gfdma_exec
                0x0000000006016dc0                _gftr_execSdma0
                0x0000000006016de4                _gftr_execSdma1
                0x0000000006016e08                _gftr_reqTrn
                0x0000000006016e5c                _gftr_execTrn
                0x0000000006016f28                _gftr_remTrn
                0x0000000006016f88                _gftr_copyFrac
                0x0000000006016fac                _gfdma_getBytecnt
                0x0000000006016fdc                _gftr_remDma0
                0x0000000006016fe8                _gftr_remDma1
                0x0000000006016ff4                _gftr_execCpu
                0x0000000006017040                _GFTR_GetLenData
                0x0000000006017044                _GFTR_GetLenRoom
                0x0000000006017052                _gftr_getSrcPack
                0x00000000060170d4                _GFTR_Idle
                0x0000000006017144                _GFTR_GetDstPack
                0x0000000006017170                _gftr_getDstPack
                0x00000000060171b0                _gftr_execSub
                0x00000000060172b8                _GFTR_Exec
                0x0000000006017310                _GFTR_Stop
                0x00000000060173b0                _GFTR_RtnDstPk
                0x00000000060173be                _GFTR_GetData
                0x00000000060173cc                _GFTR_SetData
                0x00000000060173d8                _GFTR_SetTransFunc
 .text          0x00000000060173e4       0x24 ../sbl/segalib/lib/libsat.a(mth_rand.o)
                0x00000000060173e4                _MTH_InitialRand
                0x00000000060173f0                _MTH_GetRand
 .text          0x0000000006017408       0x78 ../sbl/segalib/lib/libsat.a(mth_fixd.o)
                0x0000000006017408                _MTH_Mul
                0x000000000601741c                _MTH_Div
                0x0000000006017430                _MTH_IntToFixed
                0x0000000006017438                _MTH_FixedToInt
                0x0000000006017440                _MTH_Product
 .text          0x0000000006017480      0x5d4 ../sbl/segalib/lib/libsat.a(mth_tri.o)
                0x0000000006017480                _MTH_Sin
                0x00000000060174c0                _MTH_Cos
                0x0000000006017504                _fcos
                0x000000000601750a                _fsin
                0x000000000601769c                _MTH_Atan
 .text          0x0000000006017a54      0xf58 ../sbl/segalib/lib/libsat.a(per_prt.o)
                0x0000000006017e54                _PER_IntFunc
                0x0000000006018704                _PER_Init
                0x00000000060188ac                _PER_GetPer
 .text          0x00000000060189ac      0xcbc ../sbl/segalib/lib/libsat.a(spr_2c.o)
                0x00000000060189ac                _SPR_2SetTvMode
                0x00000000060189bc                _SPR_2FrameChgIntr
                0x00000000060189d0                _SPR_2FrameEraseData
                0x0000000006018a10                _SPR_2SetGourTbl
                0x0000000006018a40                _SPR_2SetLookupTbl
                0x0000000006018a5c                _SPR_2SetChar
                0x0000000006018b88                _SPR_2ClrChar
                0x0000000006018c90                _SPR_2ClrAllChar
                0x0000000006018cdc                _SPR_2Initial
                0x0000000006018e30                _SPR_2GourTblNoToVram
                0x0000000006018e4c                _SPR_2LookupTblNoToVram
                0x0000000006018e5c                _SPR_2CharNoToVram
                0x0000000006018e70                _SPR_2GetAreaSizeInfo
                0x0000000006018ed0                _SPR_2OpenCommand
                0x0000000006018f68                _SPR_2FlushDrawPrty
                0x0000000006018fa8                _SPR_2CloseCommand
                0x00000000060190c8                _SPR_2LocalCoord
                0x0000000006019120                _SPR_2SysClip
                0x0000000006019168                _SPR_2UserClip
                0x00000000060191b8                _SPR_2Line
                0x0000000006019254                _SPR_2PolyLine
                0x00000000060192f4                _SPR_2Polygon
                0x0000000006019394                _SPR_2NormSpr
                0x0000000006019460                _SPR_2ScaleSpr
                0x0000000006019548                _SPR_2DistSpr
                0x0000000006019620                _SPR_2Cmd
 .text          0x0000000006019668      0x754 ../sbl/segalib/lib/libsat.a(scl_func.o)
                0x0000000006019668                _SCL_ParametersInit
                0x0000000006019754                _SCL_Vdp2Init
                0x00000000060197bc                _SCL_Open
                0x00000000060197d8                _SCL_Close
                0x00000000060197ec                _SCL_MoveTo
                0x00000000060198e0                _SCL_Move
                0x0000000006019a0c                _SCL_Scale
                0x0000000006019b10                _SCL_Memcpyw
                0x0000000006019b24                _SCL_CopyReg
                0x0000000006019c04                _SCL_SetColRamMode
                0x0000000006019c54                _SCL_PriIntProc
                0x0000000006019d50                _SCL_ScrollShow
 .text          0x0000000006019dbc      0x384 ../sbl/segalib/lib/libsat.a(scl_fu02.o)
                0x0000000006019dbc                _SCL_InitVramConfigTb
                0x0000000006019dca                _SCL_SetVramConfig
 .text          0x000000000601a140      0x62c ../sbl/segalib/lib/libsat.a(scl_fu03.o)
                0x000000000601a140                _SCL_InitConfigTb
                0x000000000601a158                _SCL_SetConfig
 .text          0x000000000601a76c       0x18 ../sbl/segalib/lib/libsat.a(scl_fu04.o)
                0x000000000601a76c                _SCL_SetCycleTable
 .text          0x000000000601a784      0xf30 ../sbl/segalib/lib/libsat.a(scl_pri.o)
                0x000000000601a784                _SCL_PriorityInit
                0x000000000601ad30                _SCL_GetColRamMode
                0x000000000601ad50                _SCL_AbortAutoVe
                0x000000000601ad5c                _SCL_SetColMixRate
                0x000000000601b0c4                _SCL_IncColOffset
                0x000000000601b138                _SCL_AutoExec
                0x000000000601b564                _SCL_SetShadowBit
 .text          0x000000000601b6b4      0xe38 ../sbl/segalib/lib/libsat.a(scl_ro00.o)
                0x000000000601b7d8                _SCL_InitRotateTable
                0x000000000601ba20                _SCL_RotateZD
                0x000000000601bb60                _SCL_Rotate
 .text          0x000000000601c4ec       0xfc ../sbl/segalib/lib/libsat.a(scl_ro03.o)
                0x000000000601c4ec                _SCL_RotateTo
 .text          0x000000000601c5e8       0x74 ../sbl/segalib/lib/libsat.a(scl_back.o)
                0x000000000601c5e8                _SCL_SetBack
 .text          0x000000000601c65c      0x264 ../sbl/segalib/lib/libsat.a(scl_vblv.o)
                0x000000000601c65c                _SCL_SetFrameInterval
                0x000000000601c6d4                _SCL_DisplayFrame
                0x000000000601c700                _SCL_VblInit
                0x000000000601c748                _SCL_VblankStart
                0x000000000601c818                _SCL_VblankEnd
 .text          0x000000000601c8c0       0x54 ../sbl/segalib/lib/libsat.a(scl_pr01.o)
                0x000000000601c8c0                _SCL_SetSpriteMode
 .text          0x000000000601c914       0x90 ../sbl/segalib/lib/libsat.a(scl_pr02.o)
                0x000000000601c914                _SCL_SetColRam
 .text          0x000000000601c9a4      0x10c ../sbl/segalib/lib/libsat.a(scl_pr03.o)
                0x000000000601c9a4                _SCL_FreeColRam
                0x000000000601c9cc                _SCL_AllocColRam
 .text          0x000000000601cab0       0xac ../sbl/segalib/lib/libsat.a(scl_pr05.o)
                0x000000000601cab0                _SCL_GetColRamOffset
 .text          0x000000000601cb5c      0x180 ../sbl/segalib/lib/libsat.a(scl_pr06.o)
                0x000000000601cb5c                _SCL_SetColRamOffset
 .text          0x000000000601ccdc      0x1c8 ../sbl/segalib/lib/libsat.a(scl_pr07.o)
                0x000000000601ccdc                _SCL_SetPriority
 .text          0x000000000601cea4      0x13c ../sbl/segalib/lib/libsat.a(scl_pr11.o)
                0x000000000601cea4                _SCL_SetAutoColOffset
 .text          0x000000000601cfe0      0x164 ../sbl/segalib/lib/libsat.a(scl_pr12.o)
                0x000000000601cfe0                _SCL_SetColOffset
 .text          0x000000000601d144      0x234 ../sbl/segalib/lib/libsat.a(cdc_reg.o)
                0x000000000601d144                _CDC_GetDataPtr
                0x000000000601d150                _CDC_GetHirqReq
                0x000000000601d15c                _CDC_ClrHirqReq
                0x000000000601d17c                _CDREG_ClrHirqReq
                0x000000000601d188                _CDREG_InitHirqReq
                0x000000000601d1a0                _CDREG_SetHirqFlag
                0x000000000601d1b0                _CDC_GetHirqMsk
                0x000000000601d1bc                _CDC_SetHirqMsk
                0x000000000601d1c8                _CDC_GetMpegPtr
                0x000000000601d1d4                _CDREG_TgetData
                0x000000000601d230                _CDREG_WaitHirq
                0x000000000601d258                _writeCmd
                0x000000000601d278                _CDREG_ReadRsp
                0x000000000601d29c                _doCmdRsp
                0x000000000601d344                _CDREG_CmdRsp
 .text          0x000000000601d378       0xf4 ../sbl/segalib/lib/libsat.a(cdc_sub.o)
                0x000000000601d378                _CDSUB_GetCdstat
                0x000000000601d3ac                _CDSUB_RspToCdstat
                0x000000000601d3de                _CDSUB_CdCmd
                0x000000000601d440                _CDSUB_UpdStatus
                0x000000000601d44c                _CDSUB_UpdCdstat
                0x000000000601d468                _CDSUB_SoftTimer
 .text          0x000000000601d46c       0xb4 ../sbl/segalib/lib/libsat.a(cdc_dev.o)
                0x000000000601d46c                _CDC_CdSetCon
                0x000000000601d4a0                _CDC_CdGetCon
                0x000000000601d4e0                _CDC_CdGetLastBuf
 .text          0x000000000601d520      0x290 ../sbl/segalib/lib/libsat.a(cdc_sel.o)
                0x000000000601d520                _CDC_SetFiltRange
                0x000000000601d55c                _CDC_GetFiltRange
                0x000000000601d5c8                _CDC_SetFiltSubh
                0x000000000601d618                _CDC_GetFiltSubh
                0x000000000601d67c                _CDC_SetFiltMode
                0x000000000601d6b0                _CDC_GetFiltMode
                0x000000000601d6f0                _CDC_SetFiltCon
                0x000000000601d728                _CDC_GetFiltCon
                0x000000000601d77c                _CDC_ResetSelector
 .text          0x000000000601d7b0      0x234 ../sbl/segalib/lib/libsat.a(cdc_bif.o)
                0x000000000601d7b0                _CDC_GetBufSiz
                0x000000000601d808                _CDC_GetSctNum
                0x000000000601d850                _CDC_CalActSiz
                0x000000000601d880                _chkEselUpdStatus
                0x000000000601d8b4                _CDC_GetActSiz
                0x000000000601d8f8                _CDC_GetSctInfo
                0x000000000601d950                _CDC_ExeFadSearch
                0x000000000601d984                _CDC_GetFadSearch
 .text          0x000000000601d9e4      0x190 ../sbl/segalib/lib/libsat.a(cdc_bio.o)
                0x000000000601d9e4                _CDC_SetSctLen
                0x000000000601da14                _CDC_GetSctData
                0x000000000601da44                _CDC_DelSctData
                0x000000000601da74                _CDC_GetdelSctData
                0x000000000601daa4                _CDC_PutSctData
                0x000000000601dad4                _CDC_CopySctData
                0x000000000601db08                _CDC_MoveSctData
                0x000000000601db3c                _CDC_GetCopyErr
 .text          0x000000000601db74      0x1a4 ../sbl/segalib/lib/libsat.a(cdc_cfs.o)
                0x000000000601db74                _CDC_ChgDir
                0x000000000601dbac                _CDC_ReadDir
                0x000000000601dbe4                _CDC_GetFileScope
                0x000000000601dc44                _CDC_TgetFileInfo
                0x000000000601dc9c                _CDC_ReadFile
                0x000000000601dcdc                _CDC_AbortFile
 .text          0x000000000601dd18       0xb0 ../sbl/segalib/lib/libsat.a(csh_main.o)
                0x000000000601dd18                _CSH_Init
                0x000000000601dd64                _CSH_AllClr
                0x000000000601dda4                _CSH_Purge
 .text          0x000000000601ddc8      0x13c ../sbl/segalib/lib/libsat.a(dma_cpu0.o)
                0x000000000601ddc8                _DMA_CpuSetComPrm
                0x000000000601de00                _DMA_CpuSetPrm
                0x000000000601deb4                _DMA_CpuStart
                0x000000000601dec4                _DMA_CpuStop
                0x000000000601ded6                _DMA_CpuAllStop
                0x000000000601dee4                _DMA_CpuGetComStatus
                0x000000000601def6                _DMA_CpuGetStatus
 .text          0x000000000601df04      0x274 ../sbl/segalib/lib/libsat.a(dma_scu0.o)
                0x000000000601df04                _DMA_ScuIntFunc0
                0x000000000601df64                _DMA_ScuIntFunc1
                0x000000000601dfc8                _DMA_ScuIntFunc2
                0x000000000601e02c                _DMA_ScuSetPrm
                0x000000000601e094                _DMA_ScuStart
                0x000000000601e14c                _DMA_ScuGetStatus
 .text          0x000000000601e178      0x240 ../sbl/segalib/lib/libsat.a(spr_1c.o)
                0x000000000601e178                _SPR_SetTvMode
                0x000000000601e1f4                _SPR_GetStatus
                0x000000000601e248                _SPR_SetEraseData
                0x000000000601e2e0                _SPR_Initial
                0x000000000601e394                _SPR_WaitDrawEnd
                0x000000000601e3a4                _SPR_SetEosMode
 .text          0x000000000601e3b8      0x16c ../sbl/segalib/lib/libsat.a(spr_2a.o)
                0x000000000601e3b8                _SPR_2SetDrawPrty
                0x000000000601e428                _SPR_2FlushDrawPrtyBlock
 .text          0x000000000601e524       0x52 /opt/toolchains/sh-elf/bin/../lib/gcc/sh-elf/11.1.0/libgcc.a(_ashiftrt.o)
                0x000000000601e524                ___ashiftrt_r4_31
                0x000000000601e524                ___ashiftrt_r4_32
                0x000000000601e52a                ___ashiftrt_r4_30
                0x000000000601e52c                ___ashiftrt_r4_29
                0x000000000601e52e                ___ashiftrt_r4_28
                0x000000000601e530                ___ashiftrt_r4_27
                0x000000000601e532                ___ashiftrt_r4_26
                0x000000000601e534                ___ashiftrt_r4_25
                0x000000000601e536                ___ashiftrt_r4_24
                0x000000000601e53e                ___ashiftrt_r4_23
                0x000000000601e540                ___ashiftrt_r4_22
                0x000000000601e542                ___ashiftrt_r4_21
                0x000000000601e544                ___ashiftrt_r4_20
                0x000000000601e546                ___ashiftrt_r4_19
                0x000000000601e548                ___ashiftrt_r4_18
                0x000000000601e54a                ___ashiftrt_r4_17
                0x000000000601e54c                ___ashiftrt_r4_16
                0x000000000601e552                ___ashiftrt_r4_15
                0x000000000601e554                ___ashiftrt_r4_14
                0x000000000601e556                ___ashiftrt_r4_13
                0x000000000601e558                ___ashiftrt_r4_12
                0x000000000601e55a                ___ashiftrt_r4_11
                0x000000000601e55c                ___ashiftrt_r4_10
                0x000000000601e55e                ___ashiftrt_r4_9
                0x000000000601e560                ___ashiftrt_r4_8
                0x000000000601e562                ___ashiftrt_r4_7
                0x000000000601e564                ___ashiftrt_r4_6
                0x000000000601e566                ___ashiftrt_r4_5
                0x000000000601e568                ___ashiftrt_r4_4
                0x000000000601e56a                ___ashiftrt_r4_3
                0x000000000601e56c                ___ashiftrt_r4_2
                0x000000000601e56e                ___ashiftrt_r4_1
                0x000000000601e572                ___ashiftrt_r4_0
 *fill*         0x000000000601e576        0x2 
 .text          0x000000000601e578       0x80 /opt/toolchains/sh-elf/bin/../lib/gcc/sh-elf/11.1.0/libgcc.a(_ashiftrt_n.o)
                0x000000000601e578                ___ashrsi3
 .text          0x000000000601e5f8       0xbc /opt/toolchains/sh-elf/bin/../lib/gcc/sh-elf/11.1.0/libgcc.a(_ashiftlt.o)
                0x000000000601e5f8                ___ashlsi3
                0x000000000601e5fc                ___ashlsi3_r0
 .text          0x000000000601e6b4       0x78 /opt/toolchains/sh-elf/bin/../lib/gcc/sh-elf/11.1.0/libgcc.a(_movmem.o)
                0x000000000601e6b4                ___movmem
                0x000000000601e6b4                ___movstr
                0x000000000601e6e8                ___movmemSI64
                0x000000000601e6e8                ___movstrSI64
                0x000000000601e6ec                ___movmemSI60
                0x000000000601e6ec                ___movstrSI60
                0x000000000601e6f0                ___movstrSI56
                0x000000000601e6f0                ___movmemSI56
                0x000000000601e6f4                ___movmemSI52
                0x000000000601e6f4                ___movstrSI52
                0x000000000601e6f8                ___movstrSI48
                0x000000000601e6f8                ___movmemSI48
                0x000000000601e6fc                ___movmemSI44
                0x000000000601e6fc                ___movstrSI44
                0x000000000601e700                ___movstrSI40
                0x000000000601e700                ___movmemSI40
                0x000000000601e704                ___movstrSI36
                0x000000000601e704                ___movmemSI36
                0x000000000601e708                ___movstrSI32
                0x000000000601e708                ___movmemSI32
                0x000000000601e70c                ___movmemSI28
                0x000000000601e70c                ___movstrSI28
                0x000000000601e710                ___movmemSI24
                0x000000000601e710                ___movstrSI24
                0x000000000601e714                ___movmemSI20
                0x000000000601e714                ___movstrSI20
                0x000000000601e718                ___movstrSI16
                0x000000000601e718                ___movmemSI16
                0x000000000601e71c                ___movmemSI12
                0x000000000601e71c                ___movstrSI12
                0x000000000601e720                ___movstrSI8
                0x000000000601e720                ___movmemSI8
                0x000000000601e724                ___movstrSI4
                0x000000000601e724                ___movmemSI4
 .text          0x000000000601e72c       0xa0 /opt/toolchains/sh-elf/bin/../lib/gcc/sh-elf/11.1.0/libgcc.a(_sdivsi3.o)
                0x000000000601e72c                ___sdivsi3
 .text          0x000000000601e7cc       0x6c /opt/toolchains/sh-elf/bin/../lib/gcc/sh-elf/11.1.0/libgcc.a(_udivsi3.o)
                0x000000000601e7ee                ___udivsi3
 .text          0x000000000601e838      0x208 /opt/toolchains/sh-elf/bin/../lib/gcc/sh-elf/11.1.0/libgcc.a(_mul_df.o)
                0x000000000601e838                ___muldf3
 .text          0x000000000601ea40       0xa8 /opt/toolchains/sh-elf/bin/../lib/gcc/sh-elf/11.1.0/libgcc.a(_si_to_df.o)
                0x000000000601ea40                ___floatsidf
 .text          0x000000000601eae8       0xa0 /opt/toolchains/sh-elf/bin/../lib/gcc/sh-elf/11.1.0/libgcc.a(_df_to_si.o)
                0x000000000601eae8                ___fixdfsi
 .text          0x000000000601eb88        0x0 /opt/toolchains/sh-elf/bin/../lib/gcc/sh-elf/11.1.0/libgcc.a(_thenan_df.o)
 .text          0x000000000601eb88       0xbc /opt/toolchains/sh-elf/bin/../lib/gcc/sh-elf/11.1.0/libgcc.a(_lshiftrt.o)
                0x000000000601eb88                ___lshrsi3
                0x000000000601eb8c                ___lshrsi3_r0
 .text          0x000000000601ec44       0x74 /opt/toolchains/sh-elf/bin/../lib/gcc/sh-elf/11.1.0/libgcc.a(_clzsi2.o)
                0x000000000601ec44                ___clzsi2
 .text          0x000000000601ecb8      0x29c /opt/toolchains/sh-elf/bin/../lib/gcc/sh-elf/11.1.0/libgcc.a(_pack_df.o)
                0x000000000601ecb8                ___pack_d
 .text          0x000000000601ef54       0xcc /opt/toolchains/sh-elf/bin/../lib/gcc/sh-elf/11.1.0/libgcc.a(_unpack_df.o)
                0x000000000601ef54                ___unpack_d
 .text          0x000000000601f020        0x0 /opt/toolchains/sh-elf/bin/../lib/gcc/sh-elf/11.1.0/libgcc.a(_clz.o)
 .text          0x000000000601f020       0x64 /opt/toolchains/sh-elf/bin/../lib/gcc/sh-elf/11.1.0/../../../../sh-elf/lib/libc.a(lib_a-memcmp.o)
                0x000000000601f020                _memcmp
 .text          0x000000000601f084       0x94 /opt/toolchains/sh-elf/bin/../lib/gcc/sh-elf/11.1.0/../../../../sh-elf/lib/libc.a(lib_a-memcpy.o)
                0x000000000601f084                _memcpy
 .text          0x000000000601f118       0xcc /opt/toolchains/sh-elf/bin/../lib/gcc/sh-elf/11.1.0/../../../../sh-elf/lib/libc.a(lib_a-memmove.o)
                0x000000000601f118                _memmove
 .text          0x000000000601f1e4       0x40 /opt/toolchains/sh-elf/bin/../lib/gcc/sh-elf/11.1.0/../../../../sh-elf/lib/libc.a(lib_a-memset.o)
                0x000000000601f1e4                _memset
 .text          0x000000000601f224       0x3c /opt/toolchains/sh-elf/bin/../lib/gcc/sh-elf/11.1.0/../../../../sh-elf/lib/libc.a(lib_a-strcpy.o)
                0x000000000601f224                _strcpy
 .text          0x000000000601f260       0xd0 /opt/toolchains/sh-elf/bin/../lib/gcc/sh-elf/11.1.0/../../../../sh-elf/lib/libc.a(lib_a-strncmp.o)
                0x000000000601f260                _strncmp
 .text          0x000000000601f330       0xd4 /opt/toolchains/sh-elf/bin/../lib/gcc/sh-elf/11.1.0/../../../../sh-elf/lib/libc.a(lib_a-strncpy.o)
                0x000000000601f330                _strncpy
 *(.rodata*)
 .rodata.str1.4
                0x000000000601f404        0x7 bg.o
 *fill*         0x000000000601f40b        0x1 
 .rodata        0x000000000601f40c      0x100 crc.o
 .rodata.str1.4
                0x000000000601f50c       0x2b game.o
                                         0x2f (size before relaxing)
 *fill*         0x000000000601f537        0x1 
 .rodata.str1.4
                0x000000000601f538        0x9 pcmsys.o
 *fill*         0x000000000601f541        0x3 
 .rodata        0x000000000601f544      0x400 pcmsys.o
 .rodata.str1.4
                0x000000000601f944        0x9 print.o
 *fill*         0x000000000601f94d        0x3 
 .rodata.str1.4
                0x000000000601f950       0x77 sound.o
                                         0x7b (size before relaxing)
 *fill*         0x000000000601f9c7        0x1 
 .rodata        0x000000000601f9c8        0xa ../sbl/segalib/lib/libsat.a(gfs.o)
 *fill*         0x000000000601f9d2        0x2 
 .rodata        0x000000000601f9d4       0x30 ../sbl/segalib/lib/libsat.a(gfs_buf.o)
 .rodata        0x000000000601fa04       0x2d ../sbl/segalib/lib/libsat.a(gfs_cdf.o)
 *fill*         0x000000000601fa31        0x3 
 .rodata.str1.4
                0x000000000601fa34        0x2 ../sbl/segalib/lib/libsat.a(gfs_dir.o)
                                          0x7 (size before relaxing)
 *fill*         0x000000000601fa36        0x2 
 .rodata        0x000000000601fa38       0x30 ../sbl/segalib/lib/libsat.a(gfs_trn.o)
 .rodata        0x000000000601fa68        0xc ../sbl/segalib/lib/libsat.a(dma_scu0.o)
 .rodata        0x000000000601fa74       0x20 ../sbl/segalib/lib/libsat.a(spr_1c.o)
 .rodata        0x000000000601fa94       0x14 /opt/toolchains/sh-elf/bin/../lib/gcc/sh-elf/11.1.0/libgcc.a(_thenan_df.o)
                0x000000000601fa94                ___thenan_df
 .rodata        0x000000000601faa8      0x100 /opt/toolchains/sh-elf/bin/../lib/gcc/sh-elf/11.1.0/libgcc.a(_clz.o)
                0x000000000601faa8                ___clz_tab
 *(.strings)
                0x000000000601fbb0                . = ALIGN (0x10)
 *fill*         0x000000000601fba8        0x8 
                0x000000000601fbb0                _etext = ABSOLUTE (.)

.tors           0x000000000601fbb0        0x0
                0x000000000601fbb0                ___ctors = .
 *(.ctors)
                0x000000000601fbb0                ___ctors_end = .
                0x000000000601fbb0                ___dtors = .
 *(.dtors)
                0x000000000601fbb0                ___dtors_end = .
                0x000000000601fbb0                . = ALIGN (0x10)
                0x000000000601fbb0                _etors = ABSOLUTE (.)

.data           0x000000000601fbb0      0x790
 *(.data)
 .data          0x000000000601fbb0        0x0 entry.o
 .data          0x000000000601fbb0        0x0 stack.o
 .data          0x000000000601fbb0        0x0 vblank.o
 .data          0x000000000601fbb0        0x0 bg.o
 .data          0x000000000601fbb0        0x0 cd.o
 .data          0x000000000601fbb0        0x0 crc.o
 .data          0x000000000601fbb0        0x0 devcart.o
 .data          0x000000000601fbb0        0x0 game.o
 .data          0x000000000601fbb0        0x0 hwram.o
 .data          0x000000000601fbb0        0xc pcmsys.o
                0x000000000601fbb0                _master_volume
                0x000000000601fbb4                _scsp_load
                0x000000000601fbb8                _m68k_com
 .data          0x000000000601fbbc      0x700 piece.o
                0x000000000601fbbc                _pieces
 .data          0x00000000060202bc        0x0 print.o
 .data          0x00000000060202bc        0x0 rng.o
 .data          0x00000000060202bc       0x34 scroll.o
                0x00000000060202bc                _cycleTb
                0x00000000060202cc                _charOffsets
                0x00000000060202dc                _vram
 .data          0x00000000060202f0        0x0 sound.o
 .data          0x00000000060202f0       0x18 sprite.o
 .data          0x0000000006020308        0x0 main.o
 .data          0x0000000006020308        0x0 ../sbl/segalib/lib/libsat.a(cdc_cmn.o)
 .data          0x0000000006020308        0x0 ../sbl/segalib/lib/libsat.a(cdc_drv.o)
 .data          0x0000000006020308        0x0 ../sbl/segalib/lib/libsat.a(dma_scu1.o)
 .data          0x0000000006020308        0x0 ../sbl/segalib/lib/libsat.a(gfs.o)
 .data          0x0000000006020308        0x0 ../sbl/segalib/lib/libsat.a(gfs_buf.o)
 .data          0x0000000006020308        0x0 ../sbl/segalib/lib/libsat.a(gfs_cdb.o)
 .data          0x0000000006020308        0x0 ../sbl/segalib/lib/libsat.a(gfs_cdc.o)
 .data          0x0000000006020308        0x0 ../sbl/segalib/lib/libsat.a(gfs_cdf.o)
 .data          0x0000000006020308        0x0 ../sbl/segalib/lib/libsat.a(gfs_dir.o)
 .data          0x0000000006020308        0x0 ../sbl/segalib/lib/libsat.a(gfs_trn.o)
 .data          0x0000000006020308        0x0 ../sbl/segalib/lib/libsat.a(mth_rand.o)
 .data          0x0000000006020308        0x0 ../sbl/segalib/lib/libsat.a(mth_fixd.o)
 .data          0x0000000006020308        0x0 ../sbl/segalib/lib/libsat.a(mth_tri.o)
 .data          0x0000000006020308        0x3 ../sbl/segalib/lib/libsat.a(per_prt.o)
 .data          0x000000000602030b        0x0 ../sbl/segalib/lib/libsat.a(spr_2c.o)
 *fill*         0x000000000602030b        0x1 
 .data          0x000000000602030c        0x6 ../sbl/segalib/lib/libsat.a(scl_func.o)
                0x000000000602030c                _SclRotateTableMode
                0x000000000602030e                _SclDisplayY
                0x0000000006020310                _SclDisplayX
 .data          0x0000000006020312        0x0 ../sbl/segalib/lib/libsat.a(scl_fu02.o)
 .data          0x0000000006020312        0x0 ../sbl/segalib/lib/libsat.a(scl_fu03.o)
 .data          0x0000000006020312        0x0 ../sbl/segalib/lib/libsat.a(scl_fu04.o)
 *fill*         0x0000000006020312        0x2 
 .data          0x0000000006020314       0x18 ../sbl/segalib/lib/libsat.a(scl_pri.o)
                0x0000000006020314                _SclRealColOffset
                0x0000000006020318                _SclRealBgColMix
                0x000000000602031c                _SclRealSpColMix
                0x0000000006020320                _SclRealBgPriNum
                0x0000000006020324                _SclRealSpPriNum
                0x0000000006020328                _SclRealOtherPri
 .data          0x000000000602032c        0x0 ../sbl/segalib/lib/libsat.a(scl_ro00.o)
 .data          0x000000000602032c        0x0 ../sbl/segalib/lib/libsat.a(scl_ro03.o)
 .data          0x000000000602032c        0x0 ../sbl/segalib/lib/libsat.a(scl_back.o)
 .data          0x000000000602032c        0x8 ../sbl/segalib/lib/libsat.a(scl_vblv.o)
                0x000000000602032c                _VBInterval
                0x0000000006020330                _SpFrameEraseMode
 .data          0x0000000006020334        0x0 ../sbl/segalib/lib/libsat.a(scl_pr01.o)
 .data          0x0000000006020334        0x0 ../sbl/segalib/lib/libsat.a(scl_pr02.o)
 .data          0x0000000006020334        0x0 ../sbl/segalib/lib/libsat.a(scl_pr03.o)
 .data          0x0000000006020334        0x0 ../sbl/segalib/lib/libsat.a(scl_pr05.o)
 .data          0x0000000006020334        0x0 ../sbl/segalib/lib/libsat.a(scl_pr06.o)
 .data          0x0000000006020334        0x0 ../sbl/segalib/lib/libsat.a(scl_pr07.o)
 .data          0x0000000006020334        0x0 ../sbl/segalib/lib/libsat.a(scl_pr11.o)
 .data          0x0000000006020334        0x0 ../sbl/segalib/lib/libsat.a(scl_pr12.o)
 .data          0x0000000006020334        0x0 ../sbl/segalib/lib/libsat.a(cdc_reg.o)
 .data          0x0000000006020334        0x0 ../sbl/segalib/lib/libsat.a(cdc_sub.o)
 .data          0x0000000006020334        0x0 ../sbl/segalib/lib/libsat.a(cdc_dev.o)
 .data          0x0000000006020334        0x0 ../sbl/segalib/lib/libsat.a(cdc_sel.o)
 .data          0x0000000006020334        0x0 ../sbl/segalib/lib/libsat.a(cdc_bif.o)
 .data          0x0000000006020334        0x0 ../sbl/segalib/lib/libsat.a(cdc_bio.o)
 .data          0x0000000006020334        0x0 ../sbl/segalib/lib/libsat.a(cdc_cfs.o)
 .data          0x0000000006020334        0x0 ../sbl/segalib/lib/libsat.a(csh_main.o)
 .data          0x0000000006020334        0x0 ../sbl/segalib/lib/libsat.a(dma_cpu0.o)
 .data          0x0000000006020334        0x0 ../sbl/segalib/lib/libsat.a(dma_scu0.o)
 .data          0x0000000006020334        0x0 ../sbl/segalib/lib/libsat.a(spr_1c.o)
 .data          0x0000000006020334        0x0 ../sbl/segalib/lib/libsat.a(spr_2a.o)
 .data          0x0000000006020334        0x0 /opt/toolchains/sh-elf/bin/../lib/gcc/sh-elf/11.1.0/libgcc.a(_ashiftrt.o)
 .data          0x0000000006020334        0x0 /opt/toolchains/sh-elf/bin/../lib/gcc/sh-elf/11.1.0/libgcc.a(_ashiftrt_n.o)
 .data          0x0000000006020334        0x0 /opt/toolchains/sh-elf/bin/../lib/gcc/sh-elf/11.1.0/libgcc.a(_ashiftlt.o)
 .data          0x0000000006020334        0x0 /opt/toolchains/sh-elf/bin/../lib/gcc/sh-elf/11.1.0/libgcc.a(_movmem.o)
 .data          0x0000000006020334        0x0 /opt/toolchains/sh-elf/bin/../lib/gcc/sh-elf/11.1.0/libgcc.a(_sdivsi3.o)
 .data          0x0000000006020334        0x0 /opt/toolchains/sh-elf/bin/../lib/gcc/sh-elf/11.1.0/libgcc.a(_udivsi3.o)
 .data          0x0000000006020334        0x0 /opt/toolchains/sh-elf/bin/../lib/gcc/sh-elf/11.1.0/libgcc.a(_mul_df.o)
 .data          0x0000000006020334        0x0 /opt/toolchains/sh-elf/bin/../lib/gcc/sh-elf/11.1.0/libgcc.a(_si_to_df.o)
 .data          0x0000000006020334        0x0 /opt/toolchains/sh-elf/bin/../lib/gcc/sh-elf/11.1.0/libgcc.a(_df_to_si.o)
 .data          0x0000000006020334        0x0 /opt/toolchains/sh-elf/bin/../lib/gcc/sh-elf/11.1.0/libgcc.a(_thenan_df.o)
 .data          0x0000000006020334        0x0 /opt/toolchains/sh-elf/bin/../lib/gcc/sh-elf/11.1.0/libgcc.a(_lshiftrt.o)
 .data          0x0000000006020334        0x0 /opt/toolchains/sh-elf/bin/../lib/gcc/sh-elf/11.1.0/libgcc.a(_clzsi2.o)
 .data          0x0000000006020334        0x0 /opt/toolchains/sh-elf/bin/../lib/gcc/sh-elf/11.1.0/libgcc.a(_pack_df.o)
 .data          0x0000000006020334        0x0 /opt/toolchains/sh-elf/bin/../lib/gcc/sh-elf/11.1.0/libgcc.a(_unpack_df.o)
 .data          0x0000000006020334        0x0 /opt/toolchains/sh-elf/bin/../lib/gcc/sh-elf/11.1.0/libgcc.a(_clz.o)
 .data          0x0000000006020334        0x0 /opt/toolchains/sh-elf/bin/../lib/gcc/sh-elf/11.1.0/../../../../sh-elf/lib/libc.a(lib_a-memcmp.o)
 .data          0x0000000006020334        0x0 /opt/toolchains/sh-elf/bin/../lib/gcc/sh-elf/11.1.0/../../../../sh-elf/lib/libc.a(lib_a-memcpy.o)
 .data          0x0000000006020334        0x0 /opt/toolchains/sh-elf/bin/../lib/gcc/sh-elf/11.1.0/../../../../sh-elf/lib/libc.a(lib_a-memmove.o)
 .data          0x0000000006020334        0x0 /opt/toolchains/sh-elf/bin/../lib/gcc/sh-elf/11.1.0/../../../../sh-elf/lib/libc.a(lib_a-memset.o)
 .data          0x0000000006020334        0x0 /opt/toolchains/sh-elf/bin/../lib/gcc/sh-elf/11.1.0/../../../../sh-elf/lib/libc.a(lib_a-strcpy.o)
 .data          0x0000000006020334        0x0 /opt/toolchains/sh-elf/bin/../lib/gcc/sh-elf/11.1.0/../../../../sh-elf/lib/libc.a(lib_a-strncmp.o)
 .data          0x0000000006020334        0x0 /opt/toolchains/sh-elf/bin/../lib/gcc/sh-elf/11.1.0/../../../../sh-elf/lib/libc.a(lib_a-strncpy.o)
                0x0000000006020340                . = ALIGN (0x10)
 *fill*         0x0000000006020334        0xc 
                0x0000000006020340                _edata = ABSOLUTE (.)

.bss            0x0000000006020340    0x19750
                0x0000000006020340                _bss_start = .
 *(.bss)
 .bss           0x0000000006020340        0x0 entry.o
 .bss           0x0000000006020340        0x0 stack.o
 .bss           0x0000000006020340       0x34 vblank.o
                0x0000000006020340                _vblank_frames
                0x0000000006020344                _VblankFlg
                0x0000000006020348                _perFlag
                0x000000000602034c                _PadWorkArea
                0x0000000006020368                _PadData2E
                0x000000000602036a                _PadData2L
                0x000000000602036c                _PadData2
                0x000000000602036e                _PadData1E
                0x0000000006020370                _PadData1L
                0x0000000006020372                _PadData1
 .bss           0x0000000006020374       0x48 bg.o
 .bss           0x00000000060203bc     0x1674 cd.o
 .bss           0x0000000006021a30        0x0 crc.o
 .bss           0x0000000006021a30        0x0 devcart.o
 .bss           0x0000000006021a30      0x3fc game.o
                0x0000000006021a30                _boardVram
 .bss           0x0000000006021e2c    0x13880 hwram.o
                0x0000000006021e2c                _HWRAM_Buffer
 .bss           0x00000000060356ac        0x2 pcmsys.o
                0x00000000060356ac                _numberPCMs
 .bss           0x00000000060356ae        0x0 piece.o
 .bss           0x00000000060356ae      0x528 print.o
                0x00000000060356ae                _text
 *fill*         0x0000000006035bd6        0x2 
 .bss           0x0000000006035bd8        0x8 rng.o
 .bss           0x0000000006035be0      0x17c scroll.o
                0x0000000006035be0                _scfg
 .bss           0x0000000006035d5c        0x0 sound.o
 .bss           0x0000000006035d5c     0x257c sprite.o
                0x0000000006035d5c                _sprites
                0x000000000603701c                _palCnt
                0x0000000006037020                _tileCount
                0x0000000006037024                _numSprites
 .bss           0x00000000060382d8        0x4 main.o
                0x00000000060382d8                _frame
 .bss           0x00000000060382dc        0x0 ../sbl/segalib/lib/libsat.a(cdc_cmn.o)
 .bss           0x00000000060382dc        0x0 ../sbl/segalib/lib/libsat.a(cdc_drv.o)
 .bss           0x00000000060382dc        0xc ../sbl/segalib/lib/libsat.a(dma_scu1.o)
 .bss           0x00000000060382e8        0xc ../sbl/segalib/lib/libsat.a(gfs.o)
                0x00000000060382e8                _GFMC_base
                0x00000000060382ec                _gfs_mng_ptr
                0x00000000060382f0                _bobtest
 .bss           0x00000000060382f4        0x0 ../sbl/segalib/lib/libsat.a(gfs_buf.o)
 .bss           0x00000000060382f4        0x0 ../sbl/segalib/lib/libsat.a(gfs_cdb.o)
 .bss           0x00000000060382f4        0x4 ../sbl/segalib/lib/libsat.a(gfs_cdc.o)
                0x00000000060382f4                _gfcd_work
 .bss           0x00000000060382f8        0x0 ../sbl/segalib/lib/libsat.a(gfs_cdf.o)
 .bss           0x00000000060382f8        0x0 ../sbl/segalib/lib/libsat.a(gfs_dir.o)
 .bss           0x00000000060382f8        0xc ../sbl/segalib/lib/libsat.a(gfs_trn.o)
 .bss           0x0000000006038304        0x4 ../sbl/segalib/lib/libsat.a(mth_rand.o)
 .bss           0x0000000006038308        0x0 ../sbl/segalib/lib/libsat.a(mth_fixd.o)
 .bss           0x0000000006038308        0x0 ../sbl/segalib/lib/libsat.a(mth_tri.o)
 .bss           0x0000000006038308       0x7f ../sbl/segalib/lib/libsat.a(per_prt.o)
                0x0000000006038308                _per_set_sys_flg
                0x000000000603830c                _per_get_sys_data
                0x0000000006038318                _per_get_time_adr
                0x000000000603831c                _per_hot_res
                0x000000000603831d                _per_time_out_flg
 *fill*         0x0000000006038387        0x1 
 .bss           0x0000000006038388       0x94 ../sbl/segalib/lib/libsat.a(spr_2c.o)
                0x0000000006038388                _SpCmdTblR
                0x000000000603838c                _SpCmdTbl
                0x0000000006038390                _SpCrCmdChain
                0x0000000006038394                _SpDrawPrtyBlk
                0x0000000006038398                _SpCmdChain
                0x000000000603839c                _SpCmdChainBlkNo
                0x00000000060383a0                _SpDrawPrtyProcFlag
                0x00000000060383a4                _SpDrawPrtyTopCmdNo
                0x00000000060383a8                _SpCmdNo
                0x00000000060383ac                _SpDrawPrtyBlkMax
                0x00000000060383b0                _SpCharMax
                0x00000000060383b4                _SpCharTbl
                0x00000000060383b8                _SpLCoordY
                0x00000000060383bc                _SpLCoordX
                0x00000000060383c0                _Sp2OpenFlag
 .bss           0x000000000603841c      0xf1c ../sbl/segalib/lib/libsat.a(scl_func.o)
                0x000000000603841c                _SclRPMD
                0x0000000006038420                _SclRotateMoveZ
                0x0000000006038428                _SclRotateDisp
                0x0000000006038430                _SclRotateZ
                0x0000000006038438                _SclRotateXy
                0x0000000006038440                _SclRotateTableAddress
                0x0000000006038444                _SclRb
                0x0000000006038445                _SclRa
                0x0000000006038446                _SclRotXySw
                0x000000000603844c                _SclRbgKtbOffset
                0x0000000006038454                _SclRbgKtbAddr
                0x000000000603845c                _SclK_TableFlag
                0x0000000006038460                _SclK_TableNum
                0x0000000006038468                _SclK_TableBuff
                0x0000000006039138                _SclRotregBuff
                0x0000000006039238                _Scl_w_reg
                0x0000000006039258                _Scl_r_reg
                0x0000000006039268                _Scl_n_reg
                0x00000000060392a8                _Scl_d_reg
                0x00000000060392f0                _Scl_s_reg
                0x0000000006039318                _SclProcess
                0x000000000603931c                _SclCurSclNum
                0x0000000006039320                _SclLengthCsTbl
                0x0000000006039322                _SclLengthLsTbl
                0x0000000006039324                _SclAddrCsTbl
                0x000000000603932c                _SclAddrLsTbl
 .bss           0x0000000006039338        0x0 ../sbl/segalib/lib/libsat.a(scl_fu02.o)
 .bss           0x0000000006039338        0x0 ../sbl/segalib/lib/libsat.a(scl_fu03.o)
 .bss           0x0000000006039338        0x0 ../sbl/segalib/lib/libsat.a(scl_fu04.o)
 .bss           0x0000000006039338      0x696 ../sbl/segalib/lib/libsat.a(scl_pri.o)
                0x0000000006039338                _SclAutoRGB
                0x0000000006039938                _SclAutoPlusFlag
                0x0000000006039939                _SclAutoVeFlag
                0x000000000603993a                _SclAutoEndRate
                0x000000000603993b                _SclAutoCurRate
                0x000000000603993c                _SclAutoEndBlue2
                0x000000000603993e                _SclAutoEndGreen2
                0x0000000006039940                _SclAutoEndRed2
                0x0000000006039942                _SclAutoEndBlue
                0x0000000006039944                _SclAutoEndGreen
                0x0000000006039946                _SclAutoEndRed
                0x0000000006039948                _SclAutoBlue
                0x000000000603994a                _SclAutoGreen
                0x000000000603994c                _SclAutoRed
                0x0000000006039950                _SclAutoMax
                0x0000000006039954                _SclAutoIndex
                0x0000000006039958                _SclAutoCount
                0x000000000603995c                _SclAutoInterval
                0x0000000006039960                _SclAutoSurface
                0x0000000006039964                _SclColRamAlloc2048
                0x0000000006039968                _SclColRamAlloc256
                0x0000000006039988                _SclLineColRamOffset
                0x000000000603998c                _SclPriBuffDirty
                0x0000000006039990                _SclColOffset
                0x00000000060399a0                _SclBgColMix
                0x00000000060399a8                _SclSpColMix
                0x00000000060399b0                _SclBgPriNum
                0x00000000060399b6                _SclSpPriNum
                0x00000000060399be                _SclOtherPri
 *fill*         0x00000000060399ce        0x2 
 .bss           0x00000000060399d0       0x58 ../sbl/segalib/lib/libsat.a(scl_ro00.o)
                0x00000000060399d0                _SclCsy
                0x00000000060399d8                _SclCsx
 .bss           0x0000000006039a28        0x0 ../sbl/segalib/lib/libsat.a(scl_ro03.o)
 .bss           0x0000000006039a28        0x0 ../sbl/segalib/lib/libsat.a(scl_back.o)
 .bss           0x0000000006039a28       0x16 ../sbl/segalib/lib/libsat.a(scl_vblv.o)
                0x0000000006039a28                _frameChgFlag
                0x0000000006039a2c                _VBIntrDisableDepth
                0x0000000006039a30                _ReqDisplayFlag2
                0x0000000006039a34                _ReqDisplayFlag1
                0x0000000006039a38                _VBIntervalCounter
                0x0000000006039a3c                _SpFrameChgMode
 .bss           0x0000000006039a3e        0x0 ../sbl/segalib/lib/libsat.a(scl_pr01.o)
 .bss           0x0000000006039a3e        0x0 ../sbl/segalib/lib/libsat.a(scl_pr02.o)
 .bss           0x0000000006039a3e        0x0 ../sbl/segalib/lib/libsat.a(scl_pr03.o)
 .bss           0x0000000006039a3e        0x0 ../sbl/segalib/lib/libsat.a(scl_pr05.o)
 .bss           0x0000000006039a3e        0x0 ../sbl/segalib/lib/libsat.a(scl_pr06.o)
 .bss           0x0000000006039a3e        0x0 ../sbl/segalib/lib/libsat.a(scl_pr07.o)
 .bss           0x0000000006039a3e        0x0 ../sbl/segalib/lib/libsat.a(scl_pr11.o)
 .bss           0x0000000006039a3e        0x0 ../sbl/segalib/lib/libsat.a(scl_pr12.o)
 .bss           0x0000000006039a3e        0x2 ../sbl/segalib/lib/libsat.a(cdc_reg.o)
                0x0000000006039a3e                _hirq_flag
 .bss           0x0000000006039a40        0xc ../sbl/segalib/lib/libsat.a(cdc_sub.o)
                0x0000000006039a40                _cd_stat
 .bss           0x0000000006039a4c        0x0 ../sbl/segalib/lib/libsat.a(cdc_dev.o)
 .bss           0x0000000006039a4c        0x0 ../sbl/segalib/lib/libsat.a(cdc_sel.o)
 .bss           0x0000000006039a4c        0x0 ../sbl/segalib/lib/libsat.a(cdc_bif.o)
 .bss           0x0000000006039a4c        0x0 ../sbl/segalib/lib/libsat.a(cdc_bio.o)
 .bss           0x0000000006039a4c        0x0 ../sbl/segalib/lib/libsat.a(cdc_cfs.o)
 .bss           0x0000000006039a4c        0x0 ../sbl/segalib/lib/libsat.a(csh_main.o)
 .bss           0x0000000006039a4c        0x0 ../sbl/segalib/lib/libsat.a(dma_cpu0.o)
 .bss           0x0000000006039a4c       0x1c ../sbl/segalib/lib/libsat.a(dma_scu0.o)
 .bss           0x0000000006039a68       0x20 ../sbl/segalib/lib/libsat.a(spr_1c.o)
                0x0000000006039a68                _SpDil
                0x0000000006039a6a                _SpDie
                0x0000000006039a6c                _SpFbcrMode
                0x0000000006039a6e                _SpTvMode
                0x0000000006039a70                _SpScreenY
                0x0000000006039a74                _SpScreenX
                0x0000000006039a78                _SpInitialFlag
 .bss           0x0000000006039a88        0x0 ../sbl/segalib/lib/libsat.a(spr_2a.o)
 .bss           0x0000000006039a88        0x0 /opt/toolchains/sh-elf/bin/../lib/gcc/sh-elf/11.1.0/libgcc.a(_ashiftrt.o)
 .bss           0x0000000006039a88        0x0 /opt/toolchains/sh-elf/bin/../lib/gcc/sh-elf/11.1.0/libgcc.a(_ashiftrt_n.o)
 .bss           0x0000000006039a88        0x0 /opt/toolchains/sh-elf/bin/../lib/gcc/sh-elf/11.1.0/libgcc.a(_ashiftlt.o)
 .bss           0x0000000006039a88        0x0 /opt/toolchains/sh-elf/bin/../lib/gcc/sh-elf/11.1.0/libgcc.a(_movmem.o)
 .bss           0x0000000006039a88        0x0 /opt/toolchains/sh-elf/bin/../lib/gcc/sh-elf/11.1.0/libgcc.a(_sdivsi3.o)
 .bss           0x0000000006039a88        0x0 /opt/toolchains/sh-elf/bin/../lib/gcc/sh-elf/11.1.0/libgcc.a(_udivsi3.o)
 .bss           0x0000000006039a88        0x0 /opt/toolchains/sh-elf/bin/../lib/gcc/sh-elf/11.1.0/libgcc.a(_mul_df.o)
 .bss           0x0000000006039a88        0x0 /opt/toolchains/sh-elf/bin/../lib/gcc/sh-elf/11.1.0/libgcc.a(_si_to_df.o)
 .bss           0x0000000006039a88        0x0 /opt/toolchains/sh-elf/bin/../lib/gcc/sh-elf/11.1.0/libgcc.a(_df_to_si.o)
 .bss           0x0000000006039a88        0x0 /opt/toolchains/sh-elf/bin/../lib/gcc/sh-elf/11.1.0/libgcc.a(_thenan_df.o)
 .bss           0x0000000006039a88        0x0 /opt/toolchains/sh-elf/bin/../lib/gcc/sh-elf/11.1.0/libgcc.a(_lshiftrt.o)
 .bss           0x0000000006039a88        0x0 /opt/toolchains/sh-elf/bin/../lib/gcc/sh-elf/11.1.0/libgcc.a(_clzsi2.o)
 .bss           0x0000000006039a88        0x0 /opt/toolchains/sh-elf/bin/../lib/gcc/sh-elf/11.1.0/libgcc.a(_pack_df.o)
 .bss           0x0000000006039a88        0x0 /opt/toolchains/sh-elf/bin/../lib/gcc/sh-elf/11.1.0/libgcc.a(_unpack_df.o)
 .bss           0x0000000006039a88        0x0 /opt/toolchains/sh-elf/bin/../lib/gcc/sh-elf/11.1.0/libgcc.a(_clz.o)
 .bss           0x0000000006039a88        0x0 /opt/toolchains/sh-elf/bin/../lib/gcc/sh-elf/11.1.0/../../../../sh-elf/lib/libc.a(lib_a-memcmp.o)
 .bss           0x0000000006039a88        0x0 /opt/toolchains/sh-elf/bin/../lib/gcc/sh-elf/11.1.0/../../../../sh-elf/lib/libc.a(lib_a-memcpy.o)
 .bss           0x0000000006039a88        0x0 /opt/toolchains/sh-elf/bin/../lib/gcc/sh-elf/11.1.0/../../../../sh-elf/lib/libc.a(lib_a-memmove.o)
 .bss           0x0000000006039a88        0x0 /opt/toolchains/sh-elf/bin/../lib/gcc/sh-elf/11.1.0/../../../../sh-elf/lib/libc.a(lib_a-memset.o)
 .bss           0x0000000006039a88        0x0 /opt/toolchains/sh-elf/bin/../lib/gcc/sh-elf/11.1.0/../../../../sh-elf/lib/libc.a(lib_a-strcpy.o)
 .bss           0x0000000006039a88        0x0 /opt/toolchains/sh-elf/bin/../lib/gcc/sh-elf/11.1.0/../../../../sh-elf/lib/libc.a(lib_a-strncmp.o)
 .bss           0x0000000006039a88        0x0 /opt/toolchains/sh-elf/bin/../lib/gcc/sh-elf/11.1.0/../../../../sh-elf/lib/libc.a(lib_a-strncpy.o)
 *(COMMON)
                0x0000000006039a88                _bss_end = .
                0x0000000006039a90                . = ALIGN (0x10)
 *fill*         0x0000000006039a88        0x8 
                0x0000000006039a90                _end = ABSOLUTE (.)

.stack          0x0000000006039a90     0x2000
 *(.stack)
 .stack         0x0000000006039a90     0x2000 stack.o
                0x0000000006039a90                _PROG_STK
                0x000000000603ba90                _stack = .

.lwram          0x0000000000200000        0x0
                0x0000000000200000                . = ALIGN (0x10)
 *(.lwram)
                0x0000000000200000                . = ALIGN (0x10)

.vdp2_vram      0x0000000005e00000        0x0
                0x0000000005e00000                . = ALIGN (0x10)
 *(.vdp2_vram)
                0x0000000005e00000                . = ALIGN (0x10)
OUTPUT(main.elf elf32-sh)

.debug_info     0x0000000000000000     0x788f
 .debug_info    0x0000000000000000      0x4d4 vblank.o
 .debug_info    0x00000000000004d4      0x65e bg.o
 .debug_info    0x0000000000000b32      0x937 cd.o
 .debug_info    0x0000000000001469      0x12d crc.o
 .debug_info    0x0000000000001596      0x47b devcart.o
 .debug_info    0x0000000000001a11     0x12d0 game.o
 .debug_info    0x0000000000002ce1       0x9e hwram.o
 .debug_info    0x0000000000002d7f      0x6a5 pcmsys.o
 .debug_info    0x0000000000003424       0x69 piece.o
 .debug_info    0x000000000000348d      0x3fe print.o
 .debug_info    0x000000000000388b      0x240 rng.o
 .debug_info    0x0000000000003acb      0xf2a scroll.o
 .debug_info    0x00000000000049f5      0x4a3 sound.o
 .debug_info    0x0000000000004e98     0x102c sprite.o
 .debug_info    0x0000000000005ec4      0x39d main.o
 .debug_info    0x0000000000006261      0x4d2 /opt/toolchains/sh-elf/bin/../lib/gcc/sh-elf/11.1.0/libgcc.a(_mul_df.o)
 .debug_info    0x0000000000006733      0x259 /opt/toolchains/sh-elf/bin/../lib/gcc/sh-elf/11.1.0/libgcc.a(_si_to_df.o)
 .debug_info    0x000000000000698c      0x2a5 /opt/toolchains/sh-elf/bin/../lib/gcc/sh-elf/11.1.0/libgcc.a(_df_to_si.o)
 .debug_info    0x0000000000006c31      0x15b /opt/toolchains/sh-elf/bin/../lib/gcc/sh-elf/11.1.0/libgcc.a(_thenan_df.o)
 .debug_info    0x0000000000006d8c      0x130 /opt/toolchains/sh-elf/bin/../lib/gcc/sh-elf/11.1.0/libgcc.a(_clzsi2.o)
 .debug_info    0x0000000000006ebc      0x298 /opt/toolchains/sh-elf/bin/../lib/gcc/sh-elf/11.1.0/libgcc.a(_pack_df.o)
 .debug_info    0x0000000000007154      0x20c /opt/toolchains/sh-elf/bin/../lib/gcc/sh-elf/11.1.0/libgcc.a(_unpack_df.o)
 .debug_info    0x0000000000007360       0xca /opt/toolchains/sh-elf/bin/../lib/gcc/sh-elf/11.1.0/libgcc.a(_clz.o)
 .debug_info    0x000000000000742a      0x10f /opt/toolchains/sh-elf/bin/../lib/gcc/sh-elf/11.1.0/../../../../sh-elf/lib/libc.a(lib_a-memcmp.o)
 .debug_info    0x0000000000007539      0x130 /opt/toolchains/sh-elf/bin/../lib/gcc/sh-elf/11.1.0/../../../../sh-elf/lib/libc.a(lib_a-memmove.o)
 .debug_info    0x0000000000007669       0xf4 /opt/toolchains/sh-elf/bin/../lib/gcc/sh-elf/11.1.0/../../../../sh-elf/lib/libc.a(lib_a-strncmp.o)
 .debug_info    0x000000000000775d      0x132 /opt/toolchains/sh-elf/bin/../lib/gcc/sh-elf/11.1.0/../../../../sh-elf/lib/libc.a(lib_a-strncpy.o)

.debug_abbrev   0x0000000000000000     0x2d96
 .debug_abbrev  0x0000000000000000      0x1f2 vblank.o
 .debug_abbrev  0x00000000000001f2      0x1f9 bg.o
 .debug_abbrev  0x00000000000003eb      0x25b cd.o
 .debug_abbrev  0x0000000000000646       0xbe crc.o
 .debug_abbrev  0x0000000000000704      0x24f devcart.o
 .debug_abbrev  0x0000000000000953      0x4d7 game.o
 .debug_abbrev  0x0000000000000e2a       0x69 hwram.o
 .debug_abbrev  0x0000000000000e93      0x2f6 pcmsys.o
 .debug_abbrev  0x0000000000001189       0x5a piece.o
 .debug_abbrev  0x00000000000011e3      0x1de print.o
 .debug_abbrev  0x00000000000013c1      0x1ad rng.o
 .debug_abbrev  0x000000000000156e      0x332 scroll.o
 .debug_abbrev  0x00000000000018a0      0x21d sound.o
 .debug_abbrev  0x0000000000001abd      0x3dc sprite.o
 .debug_abbrev  0x0000000000001e99      0x1a3 main.o
 .debug_abbrev  0x000000000000203c      0x278 /opt/toolchains/sh-elf/bin/../lib/gcc/sh-elf/11.1.0/libgcc.a(_mul_df.o)
 .debug_abbrev  0x00000000000022b4      0x1b2 /opt/toolchains/sh-elf/bin/../lib/gcc/sh-elf/11.1.0/libgcc.a(_si_to_df.o)
 .debug_abbrev  0x0000000000002466      0x1b2 /opt/toolchains/sh-elf/bin/../lib/gcc/sh-elf/11.1.0/libgcc.a(_df_to_si.o)
 .debug_abbrev  0x0000000000002618       0xcf /opt/toolchains/sh-elf/bin/../lib/gcc/sh-elf/11.1.0/libgcc.a(_thenan_df.o)
 .debug_abbrev  0x00000000000026e7       0xca /opt/toolchains/sh-elf/bin/../lib/gcc/sh-elf/11.1.0/libgcc.a(_clzsi2.o)
 .debug_abbrev  0x00000000000027b1      0x1ae /opt/toolchains/sh-elf/bin/../lib/gcc/sh-elf/11.1.0/libgcc.a(_pack_df.o)
 .debug_abbrev  0x000000000000295f      0x142 /opt/toolchains/sh-elf/bin/../lib/gcc/sh-elf/11.1.0/libgcc.a(_unpack_df.o)
 .debug_abbrev  0x0000000000002aa1       0x70 /opt/toolchains/sh-elf/bin/../lib/gcc/sh-elf/11.1.0/libgcc.a(_clz.o)
 .debug_abbrev  0x0000000000002b11       0x8a /opt/toolchains/sh-elf/bin/../lib/gcc/sh-elf/11.1.0/../../../../sh-elf/lib/libc.a(lib_a-memcmp.o)
 .debug_abbrev  0x0000000000002b9b       0xba /opt/toolchains/sh-elf/bin/../lib/gcc/sh-elf/11.1.0/../../../../sh-elf/lib/libc.a(lib_a-memmove.o)
 .debug_abbrev  0x0000000000002c55       0x8c /opt/toolchains/sh-elf/bin/../lib/gcc/sh-elf/11.1.0/../../../../sh-elf/lib/libc.a(lib_a-strncmp.o)
 .debug_abbrev  0x0000000000002ce1       0xb5 /opt/toolchains/sh-elf/bin/../lib/gcc/sh-elf/11.1.0/../../../../sh-elf/lib/libc.a(lib_a-strncpy.o)

.debug_aranges  0x0000000000000000      0x340
 .debug_aranges
                0x0000000000000000       0x20 vblank.o
 .debug_aranges
                0x0000000000000020       0x20 bg.o
 .debug_aranges
                0x0000000000000040       0x20 cd.o
 .debug_aranges
                0x0000000000000060       0x20 crc.o
 .debug_aranges
                0x0000000000000080       0x20 devcart.o
 .debug_aranges
                0x00000000000000a0       0x20 game.o
 .debug_aranges
                0x00000000000000c0       0x18 hwram.o
 .debug_aranges
                0x00000000000000d8       0x20 pcmsys.o
 .debug_aranges
                0x00000000000000f8       0x18 piece.o
 .debug_aranges
                0x0000000000000110       0x20 print.o
 .debug_aranges
                0x0000000000000130       0x20 rng.o
 .debug_aranges
                0x0000000000000150       0x20 scroll.o
 .debug_aranges
                0x0000000000000170       0x20 sound.o
 .debug_aranges
                0x0000000000000190       0x20 sprite.o
 .debug_aranges
                0x00000000000001b0       0x20 main.o
 .debug_aranges
                0x00000000000001d0       0x20 /opt/toolchains/sh-elf/bin/../lib/gcc/sh-elf/11.1.0/libgcc.a(_mul_df.o)
 .debug_aranges
                0x00000000000001f0       0x20 /opt/toolchains/sh-elf/bin/../lib/gcc/sh-elf/11.1.0/libgcc.a(_si_to_df.o)
 .debug_aranges
                0x0000000000000210       0x20 /opt/toolchains/sh-elf/bin/../lib/gcc/sh-elf/11.1.0/libgcc.a(_df_to_si.o)
 .debug_aranges
                0x0000000000000230       0x18 /opt/toolchains/sh-elf/bin/../lib/gcc/sh-elf/11.1.0/libgcc.a(_thenan_df.o)
 .debug_aranges
                0x0000000000000248       0x20 /opt/toolchains/sh-elf/bin/../lib/gcc/sh-elf/11.1.0/libgcc.a(_clzsi2.o)
 .debug_aranges
                0x0000000000000268       0x20 /opt/toolchains/sh-elf/bin/../lib/gcc/sh-elf/11.1.0/libgcc.a(_pack_df.o)
 .debug_aranges
                0x0000000000000288       0x20 /opt/toolchains/sh-elf/bin/../lib/gcc/sh-elf/11.1.0/libgcc.a(_unpack_df.o)
 .debug_aranges
                0x00000000000002a8       0x18 /opt/toolchains/sh-elf/bin/../lib/gcc/sh-elf/11.1.0/libgcc.a(_clz.o)
 .debug_aranges
                0x00000000000002c0       0x20 /opt/toolchains/sh-elf/bin/../lib/gcc/sh-elf/11.1.0/../../../../sh-elf/lib/libc.a(lib_a-memcmp.o)
 .debug_aranges
                0x00000000000002e0       0x20 /opt/toolchains/sh-elf/bin/../lib/gcc/sh-elf/11.1.0/../../../../sh-elf/lib/libc.a(lib_a-memmove.o)
 .debug_aranges
                0x0000000000000300       0x20 /opt/toolchains/sh-elf/bin/../lib/gcc/sh-elf/11.1.0/../../../../sh-elf/lib/libc.a(lib_a-strncmp.o)
 .debug_aranges
                0x0000000000000320       0x20 /opt/toolchains/sh-elf/bin/../lib/gcc/sh-elf/11.1.0/../../../../sh-elf/lib/libc.a(lib_a-strncpy.o)

.debug_line     0x0000000000000000     0x4549
 .debug_line    0x0000000000000000      0x153 vblank.o
 .debug_line    0x0000000000000153      0x3ba bg.o
 .debug_line    0x000000000000050d      0x13e cd.o
 .debug_line    0x000000000000064b       0xaa crc.o
 .debug_line    0x00000000000006f5      0x3d0 devcart.o
 .debug_line    0x0000000000000ac5      0xd73 game.o
 .debug_line    0x0000000000001838       0x58 hwram.o
 .debug_line    0x0000000000001890      0x4ce pcmsys.o
 .debug_line    0x0000000000001d5e       0x33 piece.o
 .debug_line    0x0000000000001d91      0x1db print.o
 .debug_line    0x0000000000001f6c      0x155 rng.o
 .debug_line    0x00000000000020c1      0x6b9 scroll.o
 .debug_line    0x000000000000277a      0x24d sound.o
 .debug_line    0x00000000000029c7      0x820 sprite.o
 .debug_line    0x00000000000031e7      0x191 main.o
 .debug_line    0x0000000000003378      0x2d6 /opt/toolchains/sh-elf/bin/../lib/gcc/sh-elf/11.1.0/libgcc.a(_mul_df.o)
 .debug_line    0x000000000000364e      0x13d /opt/toolchains/sh-elf/bin/../lib/gcc/sh-elf/11.1.0/libgcc.a(_si_to_df.o)
 .debug_line    0x000000000000378b       0xf6 /opt/toolchains/sh-elf/bin/../lib/gcc/sh-elf/11.1.0/libgcc.a(_df_to_si.o)
 .debug_line    0x0000000000003881       0x50 /opt/toolchains/sh-elf/bin/../lib/gcc/sh-elf/11.1.0/libgcc.a(_thenan_df.o)
 .debug_line    0x00000000000038d1       0xad /opt/toolchains/sh-elf/bin/../lib/gcc/sh-elf/11.1.0/libgcc.a(_clzsi2.o)
 .debug_line    0x000000000000397e      0x30c /opt/toolchains/sh-elf/bin/../lib/gcc/sh-elf/11.1.0/libgcc.a(_pack_df.o)
 .debug_line    0x0000000000003c8a      0x146 /opt/toolchains/sh-elf/bin/../lib/gcc/sh-elf/11.1.0/libgcc.a(_unpack_df.o)
 .debug_line    0x0000000000003dd0       0x52 /opt/toolchains/sh-elf/bin/../lib/gcc/sh-elf/11.1.0/libgcc.a(_clz.o)
 .debug_line    0x0000000000003e22      0x167 /opt/toolchains/sh-elf/bin/../lib/gcc/sh-elf/11.1.0/../../../../sh-elf/lib/libc.a(lib_a-memcmp.o)
 .debug_line    0x0000000000003f89      0x1ec /opt/toolchains/sh-elf/bin/../lib/gcc/sh-elf/11.1.0/../../../../sh-elf/lib/libc.a(lib_a-memmove.o)
 .debug_line    0x0000000000004175      0x200 /opt/toolchains/sh-elf/bin/../lib/gcc/sh-elf/11.1.0/../../../../sh-elf/lib/libc.a(lib_a-strncmp.o)
 .debug_line    0x0000000000004375      0x1d4 /opt/toolchains/sh-elf/bin/../lib/gcc/sh-elf/11.1.0/../../../../sh-elf/lib/libc.a(lib_a-strncpy.o)

.debug_str      0x0000000000000000     0x1ae9
 .debug_str     0x0000000000000000      0x236 vblank.o
                                        0x298 (size before relaxing)
 .debug_str     0x0000000000000236      0x1c4 bg.o
                                        0x2a9 (size before relaxing)
 .debug_str     0x00000000000003fa      0x25a cd.o
                                        0x36a (size before relaxing)
 .debug_str     0x0000000000000654       0x3a crc.o
                                        0x121 (size before relaxing)
 .debug_str     0x000000000000068e      0x118 devcart.o
                                        0x246 (size before relaxing)
 .debug_str     0x00000000000007a6      0x41d game.o
                                        0x549 (size before relaxing)
 .debug_str     0x0000000000000bc3        0x8 hwram.o
                                         0xcd (size before relaxing)
 .debug_str     0x0000000000000bcb      0x161 pcmsys.o
                                        0x302 (size before relaxing)
 .debug_str     0x0000000000000d2c        0x8 piece.o
                                         0x62 (size before relaxing)
 .debug_str     0x0000000000000d34       0x60 print.o
                                        0x1f4 (size before relaxing)
 .debug_str     0x0000000000000d94       0x7c rng.o
                                        0x184 (size before relaxing)
 .debug_str     0x0000000000000e10      0x35e scroll.o
                                        0x4f8 (size before relaxing)
 .debug_str     0x000000000000116e       0xd2 sound.o
                                        0x20c (size before relaxing)
 .debug_str     0x0000000000001240      0x330 sprite.o
                                        0x560 (size before relaxing)
 .debug_str     0x0000000000001570      0x130 main.o
                                        0x30e (size before relaxing)
 .debug_str     0x00000000000016a0      0x212 /opt/toolchains/sh-elf/bin/../lib/gcc/sh-elf/11.1.0/libgcc.a(_mul_df.o)
                                        0x28a (size before relaxing)
 .debug_str     0x00000000000018b2       0x27 /opt/toolchains/sh-elf/bin/../lib/gcc/sh-elf/11.1.0/libgcc.a(_si_to_df.o)
                                        0x216 (size before relaxing)
 .debug_str     0x00000000000018d9        0xa /opt/toolchains/sh-elf/bin/../lib/gcc/sh-elf/11.1.0/libgcc.a(_df_to_si.o)
                                        0x233 (size before relaxing)
 .debug_str     0x00000000000018e3      0x1d5 /opt/toolchains/sh-elf/bin/../lib/gcc/sh-elf/11.1.0/libgcc.a(_thenan_df.o)
 .debug_str     0x00000000000018e3       0x59 /opt/toolchains/sh-elf/bin/../lib/gcc/sh-elf/11.1.0/libgcc.a(_clzsi2.o)
                                        0x198 (size before relaxing)
 .debug_str     0x000000000000193c        0x7 /opt/toolchains/sh-elf/bin/../lib/gcc/sh-elf/11.1.0/libgcc.a(_pack_df.o)
                                        0x227 (size before relaxing)
 .debug_str     0x0000000000001943      0x209 /opt/toolchains/sh-elf/bin/../lib/gcc/sh-elf/11.1.0/libgcc.a(_unpack_df.o)
 .debug_str     0x0000000000001943      0x17b /opt/toolchains/sh-elf/bin/../lib/gcc/sh-elf/11.1.0/libgcc.a(_clz.o)
 .debug_str     0x0000000000001943       0xa8 /opt/toolchains/sh-elf/bin/../lib/gcc/sh-elf/11.1.0/../../../../sh-elf/lib/libc.a(lib_a-memcmp.o)
                                        0x144 (size before relaxing)
 .debug_str     0x00000000000019eb       0x72 /opt/toolchains/sh-elf/bin/../lib/gcc/sh-elf/11.1.0/../../../../sh-elf/lib/libc.a(lib_a-memmove.o)
                                        0x177 (size before relaxing)
 .debug_str     0x0000000000001a5d       0x41 /opt/toolchains/sh-elf/bin/../lib/gcc/sh-elf/11.1.0/../../../../sh-elf/lib/libc.a(lib_a-strncmp.o)
                                        0x146 (size before relaxing)
 .debug_str     0x0000000000001a9e       0x4b /opt/toolchains/sh-elf/bin/../lib/gcc/sh-elf/11.1.0/../../../../sh-elf/lib/libc.a(lib_a-strncpy.o)
                                        0x16e (size before relaxing)

.comment        0x0000000000000000       0x12
 .comment       0x0000000000000000       0x12 vblank.o
                                         0x13 (size before relaxing)
 .comment       0x0000000000000012       0x13 bg.o
 .comment       0x0000000000000012       0x13 cd.o
 .comment       0x0000000000000012       0x13 crc.o
 .comment       0x0000000000000012       0x13 devcart.o
 .comment       0x0000000000000012       0x13 game.o
 .comment       0x0000000000000012       0x13 hwram.o
 .comment       0x0000000000000012       0x13 pcmsys.o
 .comment       0x0000000000000012       0x13 piece.o
 .comment       0x0000000000000012       0x13 print.o
 .comment       0x0000000000000012       0x13 rng.o
 .comment       0x0000000000000012       0x13 scroll.o
 .comment       0x0000000000000012       0x13 sound.o
 .comment       0x0000000000000012       0x13 sprite.o
 .comment       0x0000000000000012       0x13 main.o
 .comment       0x0000000000000012       0x13 ../sbl/segalib/lib/libsat.a(cdc_cmn.o)
 .comment       0x0000000000000012       0x13 ../sbl/segalib/lib/libsat.a(cdc_drv.o)
 .comment       0x0000000000000012       0x13 ../sbl/segalib/lib/libsat.a(dma_scu1.o)
 .comment       0x0000000000000012       0x13 ../sbl/segalib/lib/libsat.a(gfs.o)
 .comment       0x0000000000000012       0x13 ../sbl/segalib/lib/libsat.a(gfs_buf.o)
 .comment       0x0000000000000012       0x13 ../sbl/segalib/lib/libsat.a(gfs_cdb.o)
 .comment       0x0000000000000012       0x13 ../sbl/segalib/lib/libsat.a(gfs_cdc.o)
 .comment       0x0000000000000012       0x13 ../sbl/segalib/lib/libsat.a(gfs_cdf.o)
 .comment       0x0000000000000012       0x13 ../sbl/segalib/lib/libsat.a(gfs_dir.o)
 .comment       0x0000000000000012       0x13 ../sbl/segalib/lib/libsat.a(gfs_trn.o)
 .comment       0x0000000000000012       0x13 ../sbl/segalib/lib/libsat.a(mth_rand.o)
 .comment       0x0000000000000012       0x13 ../sbl/segalib/lib/libsat.a(per_prt.o)
 .comment       0x0000000000000012       0x13 ../sbl/segalib/lib/libsat.a(spr_2c.o)
 .comment       0x0000000000000012       0x13 ../sbl/segalib/lib/libsat.a(scl_func.o)
 .comment       0x0000000000000012       0x13 ../sbl/segalib/lib/libsat.a(scl_fu02.o)
 .comment       0x0000000000000012       0x13 ../sbl/segalib/lib/libsat.a(scl_fu03.o)
 .comment       0x0000000000000012       0x13 ../sbl/segalib/lib/libsat.a(scl_fu04.o)
 .comment       0x0000000000000012       0x13 ../sbl/segalib/lib/libsat.a(scl_pri.o)
 .comment       0x0000000000000012       0x13 ../sbl/segalib/lib/libsat.a(scl_ro00.o)
 .comment       0x0000000000000012       0x13 ../sbl/segalib/lib/libsat.a(scl_ro03.o)
 .comment       0x0000000000000012       0x13 ../sbl/segalib/lib/libsat.a(scl_back.o)
 .comment       0x0000000000000012       0x13 ../sbl/segalib/lib/libsat.a(scl_vblv.o)
 .comment       0x0000000000000012       0x13 ../sbl/segalib/lib/libsat.a(scl_pr01.o)
 .comment       0x0000000000000012       0x13 ../sbl/segalib/lib/libsat.a(scl_pr02.o)
 .comment       0x0000000000000012       0x13 ../sbl/segalib/lib/libsat.a(scl_pr03.o)
 .comment       0x0000000000000012       0x13 ../sbl/segalib/lib/libsat.a(scl_pr05.o)
 .comment       0x0000000000000012       0x13 ../sbl/segalib/lib/libsat.a(scl_pr06.o)
 .comment       0x0000000000000012       0x13 ../sbl/segalib/lib/libsat.a(scl_pr07.o)
 .comment       0x0000000000000012       0x13 ../sbl/segalib/lib/libsat.a(scl_pr11.o)
 .comment       0x0000000000000012       0x13 ../sbl/segalib/lib/libsat.a(scl_pr12.o)
 .comment       0x0000000000000012       0x13 ../sbl/segalib/lib/libsat.a(cdc_reg.o)
 .comment       0x0000000000000012       0x13 ../sbl/segalib/lib/libsat.a(cdc_sub.o)
 .comment       0x0000000000000012       0x13 ../sbl/segalib/lib/libsat.a(cdc_dev.o)
 .comment       0x0000000000000012       0x13 ../sbl/segalib/lib/libsat.a(cdc_sel.o)
 .comment       0x0000000000000012       0x13 ../sbl/segalib/lib/libsat.a(cdc_bif.o)
 .comment       0x0000000000000012       0x13 ../sbl/segalib/lib/libsat.a(cdc_bio.o)
 .comment       0x0000000000000012       0x13 ../sbl/segalib/lib/libsat.a(cdc_cfs.o)
 .comment       0x0000000000000012       0x13 ../sbl/segalib/lib/libsat.a(csh_main.o)
 .comment       0x0000000000000012       0x13 ../sbl/segalib/lib/libsat.a(dma_cpu0.o)
 .comment       0x0000000000000012       0x13 ../sbl/segalib/lib/libsat.a(dma_scu0.o)
 .comment       0x0000000000000012       0x13 ../sbl/segalib/lib/libsat.a(spr_1c.o)
 .comment       0x0000000000000012       0x13 /opt/toolchains/sh-elf/bin/../lib/gcc/sh-elf/11.1.0/libgcc.a(_mul_df.o)
 .comment       0x0000000000000012       0x13 /opt/toolchains/sh-elf/bin/../lib/gcc/sh-elf/11.1.0/libgcc.a(_si_to_df.o)
 .comment       0x0000000000000012       0x13 /opt/toolchains/sh-elf/bin/../lib/gcc/sh-elf/11.1.0/libgcc.a(_df_to_si.o)
 .comment       0x0000000000000012       0x13 /opt/toolchains/sh-elf/bin/../lib/gcc/sh-elf/11.1.0/libgcc.a(_thenan_df.o)
 .comment       0x0000000000000012       0x13 /opt/toolchains/sh-elf/bin/../lib/gcc/sh-elf/11.1.0/libgcc.a(_clzsi2.o)
 .comment       0x0000000000000012       0x13 /opt/toolchains/sh-elf/bin/../lib/gcc/sh-elf/11.1.0/libgcc.a(_pack_df.o)
 .comment       0x0000000000000012       0x13 /opt/toolchains/sh-elf/bin/../lib/gcc/sh-elf/11.1.0/libgcc.a(_unpack_df.o)
 .comment       0x0000000000000012       0x13 /opt/toolchains/sh-elf/bin/../lib/gcc/sh-elf/11.1.0/libgcc.a(_clz.o)
 .comment       0x0000000000000012       0x13 /opt/toolchains/sh-elf/bin/../lib/gcc/sh-elf/11.1.0/../../../../sh-elf/lib/libc.a(lib_a-memcmp.o)
 .comment       0x0000000000000012       0x13 /opt/toolchains/sh-elf/bin/../lib/gcc/sh-elf/11.1.0/../../../../sh-elf/lib/libc.a(lib_a-memmove.o)
 .comment       0x0000000000000012       0x13 /opt/toolchains/sh-elf/bin/../lib/gcc/sh-elf/11.1.0/../../../../sh-elf/lib/libc.a(lib_a-strncmp.o)
 .comment       0x0000000000000012       0x13 /opt/toolchains/sh-elf/bin/../lib/gcc/sh-elf/11.1.0/../../../../sh-elf/lib/libc.a(lib_a-strncpy.o)

.debug_frame    0x0000000000000000      0xf80
 .debug_frame   0x0000000000000000       0x84 vblank.o
 .debug_frame   0x0000000000000084       0xf0 bg.o
 .debug_frame   0x0000000000000174       0x78 cd.o
 .debug_frame   0x00000000000001ec       0x20 crc.o
 .debug_frame   0x000000000000020c       0x98 devcart.o
 .debug_frame   0x00000000000002a4      0x258 game.o
 .debug_frame   0x00000000000004fc      0x174 pcmsys.o
 .debug_frame   0x0000000000000670       0xc4 print.o
 .debug_frame   0x0000000000000734       0x80 rng.o
 .debug_frame   0x00000000000007b4      0x250 scroll.o
 .debug_frame   0x0000000000000a04       0x78 sound.o
 .debug_frame   0x0000000000000a7c      0x224 sprite.o
 .debug_frame   0x0000000000000ca0       0x4c main.o
 .debug_frame   0x0000000000000cec       0x98 /opt/toolchains/sh-elf/bin/../lib/gcc/sh-elf/11.1.0/libgcc.a(_mul_df.o)
 .debug_frame   0x0000000000000d84       0x3c /opt/toolchains/sh-elf/bin/../lib/gcc/sh-elf/11.1.0/libgcc.a(_si_to_df.o)
 .debug_frame   0x0000000000000dc0       0x48 /opt/toolchains/sh-elf/bin/../lib/gcc/sh-elf/11.1.0/libgcc.a(_df_to_si.o)
 .debug_frame   0x0000000000000e08       0x38 /opt/toolchains/sh-elf/bin/../lib/gcc/sh-elf/11.1.0/libgcc.a(_clzsi2.o)
 .debug_frame   0x0000000000000e40       0x6c /opt/toolchains/sh-elf/bin/../lib/gcc/sh-elf/11.1.0/libgcc.a(_pack_df.o)
 .debug_frame   0x0000000000000eac       0x20 /opt/toolchains/sh-elf/bin/../lib/gcc/sh-elf/11.1.0/libgcc.a(_unpack_df.o)
 .debug_frame   0x0000000000000ecc       0x20 /opt/toolchains/sh-elf/bin/../lib/gcc/sh-elf/11.1.0/../../../../sh-elf/lib/libc.a(lib_a-memcmp.o)
 .debug_frame   0x0000000000000eec       0x20 /opt/toolchains/sh-elf/bin/../lib/gcc/sh-elf/11.1.0/../../../../sh-elf/lib/libc.a(lib_a-memmove.o)
 .debug_frame   0x0000000000000f0c       0x30 /opt/toolchains/sh-elf/bin/../lib/gcc/sh-elf/11.1.0/../../../../sh-elf/lib/libc.a(lib_a-strncmp.o)
 .debug_frame   0x0000000000000f3c       0x44 /opt/toolchains/sh-elf/bin/../lib/gcc/sh-elf/11.1.0/../../../../sh-elf/lib/libc.a(lib_a-strncpy.o)

.debug_loclists
                0x0000000000000000     0x1db9
 .debug_loclists
                0x0000000000000000       0x4b bg.o
 .debug_loclists
                0x000000000000004b       0x59 cd.o
 .debug_loclists
                0x00000000000000a4       0x64 crc.o
 .debug_loclists
                0x0000000000000108      0x1ae devcart.o
 .debug_loclists
                0x00000000000002b6      0x555 game.o
 .debug_loclists
                0x000000000000080b      0x1fe pcmsys.o
 .debug_loclists
                0x0000000000000a09      0x19d print.o
 .debug_loclists
                0x0000000000000ba6       0x70 rng.o
 .debug_loclists
                0x0000000000000c16      0x42c scroll.o
 .debug_loclists
                0x0000000000001042       0x60 sound.o
 .debug_loclists
                0x00000000000010a2      0x2ed sprite.o
 .debug_loclists
                0x000000000000138f      0x30c /opt/toolchains/sh-elf/bin/../lib/gcc/sh-elf/11.1.0/libgcc.a(_mul_df.o)
 .debug_loclists
                0x000000000000169b       0x6c /opt/toolchains/sh-elf/bin/../lib/gcc/sh-elf/11.1.0/libgcc.a(_si_to_df.o)
 .debug_loclists
                0x0000000000001707       0x35 /opt/toolchains/sh-elf/bin/../lib/gcc/sh-elf/11.1.0/libgcc.a(_df_to_si.o)
 .debug_loclists
                0x000000000000173c       0x22 /opt/toolchains/sh-elf/bin/../lib/gcc/sh-elf/11.1.0/libgcc.a(_clzsi2.o)
 .debug_loclists
                0x000000000000175e      0x230 /opt/toolchains/sh-elf/bin/../lib/gcc/sh-elf/11.1.0/libgcc.a(_pack_df.o)
 .debug_loclists
                0x000000000000198e       0x71 /opt/toolchains/sh-elf/bin/../lib/gcc/sh-elf/11.1.0/libgcc.a(_unpack_df.o)
 .debug_loclists
                0x00000000000019ff       0xae /opt/toolchains/sh-elf/bin/../lib/gcc/sh-elf/11.1.0/../../../../sh-elf/lib/libc.a(lib_a-memcmp.o)
 .debug_loclists
                0x0000000000001aad      0x13c /opt/toolchains/sh-elf/bin/../lib/gcc/sh-elf/11.1.0/../../../../sh-elf/lib/libc.a(lib_a-memmove.o)
 .debug_loclists
                0x0000000000001be9       0xd5 /opt/toolchains/sh-elf/bin/../lib/gcc/sh-elf/11.1.0/../../../../sh-elf/lib/libc.a(lib_a-strncmp.o)
 .debug_loclists