Archive member included to satisfy reference by file (symbol)

../sbl/segalib/lib/libsat.a(dma_scu1.o)
                              main.o (_DMA_ScuInit)
../sbl/segalib/lib/libsat.a(mth_rand.o)
                              rng.o (_MTH_InitialRand)
../sbl/segalib/lib/libsat.a(mth_fixd.o)
                              sprite.o (_MTH_Mul)
../sbl/segalib/lib/libsat.a(mth_tri.o)
                              sprite.o (_MTH_Sin)
../sbl/segalib/lib/libsat.a(per_prt.o)
                              vblank.o (_PER_Init)
../sbl/segalib/lib/libsat.a(spr_2c.o)
                              sprite.o (_SPR_2SetTvMode)
../sbl/segalib/lib/libsat.a(scl_func.o)
                              scroll.o (_Scl_n_reg)
../sbl/segalib/lib/libsat.a(scl_fu02.o)
                              scroll.o (_SCL_InitVramConfigTb)
../sbl/segalib/lib/libsat.a(scl_fu03.o)
                              scroll.o (_SCL_InitConfigTb)
../sbl/segalib/lib/libsat.a(scl_fu04.o)
                              scroll.o (_SCL_SetCycleTable)
../sbl/segalib/lib/libsat.a(scl_pri.o)
                              ../sbl/segalib/lib/libsat.a(scl_func.o) (_SCL_PriorityInit)
../sbl/segalib/lib/libsat.a(scl_ro00.o)
                              scroll.o (_SCL_InitRotateTable)
../sbl/segalib/lib/libsat.a(scl_ro03.o)
                              bg.o (_SCL_RotateTo)
../sbl/segalib/lib/libsat.a(scl_back.o)
                              scroll.o (_SCL_SetBack)
../sbl/segalib/lib/libsat.a(scl_vblv.o)
                              ../sbl/segalib/lib/libsat.a(spr_2c.o) (_SCL_SetFrameInterval)
../sbl/segalib/lib/libsat.a(scl_pr01.o)
                              sprite.o (_SCL_SetSpriteMode)
../sbl/segalib/lib/libsat.a(scl_pr02.o)
                              scroll.o (_SCL_SetColRam)
../sbl/segalib/lib/libsat.a(scl_pr03.o)
                              scroll.o (_SCL_AllocColRam)
../sbl/segalib/lib/libsat.a(scl_pr05.o)
                              ../sbl/segalib/lib/libsat.a(scl_pr02.o) (_SCL_GetColRamOffset)
../sbl/segalib/lib/libsat.a(scl_pr06.o)
                              ../sbl/segalib/lib/libsat.a(scl_pr03.o) (_SCL_SetColRamOffset)
../sbl/segalib/lib/libsat.a(scl_pr07.o)
                              scroll.o (_SCL_SetPriority)
../sbl/segalib/lib/libsat.a(scl_pr11.o)
                              bg.o (_SCL_SetAutoColOffset)
../sbl/segalib/lib/libsat.a(scl_pr12.o)
                              bg.o (_SCL_SetColOffset)
../sbl/segalib/lib/libsat.a(csh_main.o)
                              ../sbl/segalib/lib/libsat.a(dma_scu1.o) (_CSH_Purge)
../sbl/segalib/lib/libsat.a(dma_scu0.o)
                              ../sbl/segalib/lib/libsat.a(dma_scu1.o) (_DMA_ScuSetPrm)
../sbl/segalib/lib/libsat.a(spr_1c.o)
                              ../sbl/segalib/lib/libsat.a(spr_2c.o) (_SPR_SetTvMode)
../sbl/segalib/lib/libsat.a(spr_2a.o)
                              ../sbl/segalib/lib/libsat.a(spr_2c.o) (_SPR_2SetDrawPrty)
/opt/toolchains/sh-elf/bin/../lib/gcc/sh-elf/11.1.0/libgcc.a(_ashiftrt.o)
                              game.o (___ashiftrt_r4_6)
/opt/toolchains/sh-elf/bin/../lib/gcc/sh-elf/11.1.0/libgcc.a(_ashiftrt_n.o)
                              pcmsys.o (___ashrsi3)
/opt/toolchains/sh-elf/bin/../lib/gcc/sh-elf/11.1.0/libgcc.a(_ashiftlt.o)
                              scroll.o (___ashlsi3_r0)
/opt/toolchains/sh-elf/bin/../lib/gcc/sh-elf/11.1.0/libgcc.a(_movmem.o)
                              scroll.o (___movmem)
/opt/toolchains/sh-elf/bin/../lib/gcc/sh-elf/11.1.0/libgcc.a(_sdivsi3.o)
                              pcmsys.o (___sdivsi3)
/opt/toolchains/sh-elf/bin/../lib/gcc/sh-elf/11.1.0/libgcc.a(_udivsi3.o)
                              ../sbl/segalib/lib/libsat.a(scl_fu03.o) (___udivsi3)
/opt/toolchains/sh-elf/bin/../lib/gcc/sh-elf/11.1.0/libgcc.a(_mul_df.o)
                              ../sbl/segalib/lib/libsat.a(scl_ro00.o) (___muldf3)
/opt/toolchains/sh-elf/bin/../lib/gcc/sh-elf/11.1.0/libgcc.a(_si_to_df.o)
                              ../sbl/segalib/lib/libsat.a(scl_ro00.o) (___floatsidf)
/opt/toolchains/sh-elf/bin/../lib/gcc/sh-elf/11.1.0/libgcc.a(_df_to_si.o)
                              ../sbl/segalib/lib/libsat.a(scl_ro00.o) (___fixdfsi)
/opt/toolchains/sh-elf/bin/../lib/gcc/sh-elf/11.1.0/libgcc.a(_thenan_df.o)
                              /opt/toolchains/sh-elf/bin/../lib/gcc/sh-elf/11.1.0/libgcc.a(_mul_df.o) (___thenan_df)
/opt/toolchains/sh-elf/bin/../lib/gcc/sh-elf/11.1.0/libgcc.a(_lshiftrt.o)
                              /opt/toolchains/sh-elf/bin/../lib/gcc/sh-elf/11.1.0/libgcc.a(_si_to_df.o) (___lshrsi3_r0)
/opt/toolchains/sh-elf/bin/../lib/gcc/sh-elf/11.1.0/libgcc.a(_clzsi2.o)
                              /opt/toolchains/sh-elf/bin/../lib/gcc/sh-elf/11.1.0/libgcc.a(_si_to_df.o) (___clzsi2)
/opt/toolchains/sh-elf/bin/../lib/gcc/sh-elf/11.1.0/libgcc.a(_pack_df.o)
                              /opt/toolchains/sh-elf/bin/../lib/gcc/sh-elf/11.1.0/libgcc.a(_mul_df.o) (___pack_d)
/opt/toolchains/sh-elf/bin/../lib/gcc/sh-elf/11.1.0/libgcc.a(_unpack_df.o)
                              /opt/toolchains/sh-elf/bin/../lib/gcc/sh-elf/11.1.0/libgcc.a(_mul_df.o) (___unpack_d)
/opt/toolchains/sh-elf/bin/../lib/gcc/sh-elf/11.1.0/libgcc.a(_clz.o)
                              /opt/toolchains/sh-elf/bin/../lib/gcc/sh-elf/11.1.0/libgcc.a(_clzsi2.o) (___clz_tab)
/opt/toolchains/sh-elf/bin/../lib/gcc/sh-elf/11.1.0/../../../../sh-elf/lib/libc.a(lib_a-memcpy.o)
                              bg.o (_memcpy)
/opt/toolchains/sh-elf/bin/../lib/gcc/sh-elf/11.1.0/../../../../sh-elf/lib/libc.a(lib_a-memset.o)
                              game.o (_memset)

Memory Configuration

Name             Origin             Length             Attributes
*default*        0x0000000000000000 0xffffffffffffffff

Linker script and memory map

LOAD entry.o
LOAD stack.o
LOAD vblank.o
LOAD bg.o
LOAD cd.o
LOAD crc.o
LOAD devcart.o
LOAD game.o
LOAD hwram.o
LOAD pcmsys.o
LOAD piece.o
LOAD print.o
LOAD rng.o
LOAD scroll.o
LOAD sound.o
LOAD sprite.o
LOAD main.o
LOAD ../sbl/segalib/lib/libsat.a
LOAD /opt/toolchains/sh-elf/bin/../lib/gcc/sh-elf/11.1.0/libgcc.a
LOAD /opt/toolchains/sh-elf/bin/../lib/gcc/sh-elf/11.1.0/libgcc-Os-4-200.a
LOAD /opt/toolchains/sh-elf/bin/../lib/gcc/sh-elf/11.1.0/../../../../sh-elf/lib/libc.a
LOAD /opt/toolchains/sh-elf/bin/../lib/gcc/sh-elf/11.1.0/libgcc.a
LOAD /opt/toolchains/sh-elf/bin/../lib/gcc/sh-elf/11.1.0/libgcc-Os-4-200.a

.entry          0x0000000006010000       0x60
 *(.entry)
 .entry         0x0000000006010000       0x50 entry.o
                0x0000000006010000                _entry
                0x0000000006010060                . = ALIGN (0x20)
 *fill*         0x0000000006010050       0x10 
                0x0000000006010060                _eentry = ABSOLUTE (.)

.text           0x0000000006010060     0x9ec0
 *(.text*)
 .text          0x0000000006010060        0x0 entry.o
 .text          0x0000000006010060        0x0 stack.o
 .text          0x0000000006010060      0x148 vblank.o
                0x0000000006010060                _CheckVblankEnd
                0x0000000006010070                _UsrVblankIn
                0x0000000006010088                _UsrVblankOut
                0x0000000006010118                _SetVblank
 .text          0x00000000060101a8      0x2c0 bg.o
                0x00000000060101a8                _BG_Init
                0x00000000060102f8                _BG_Run
                0x000000000601042c                _BG_Next
 .text          0x0000000006010468       0x1c cd.o
                0x0000000006010468                _CD_Init
                0x000000000601046c                _CD_ChangeDir
                0x0000000006010478                _CD_Load
 .text          0x0000000006010484       0x20 crc.o
                0x0000000006010484                _crc_update
 .text          0x00000000060104a4      0x1d4 devcart.o
                0x00000000060104f8                _Devcart_LoadFile
                0x00000000060105c4                _Devcart_PrintStr
                0x00000000060105fc                _Devcart_Reset
                0x0000000006010640                _Devcart_ChangeDir
 .text          0x0000000006010678      0xc78 game.o
                0x00000000060109d8                _Game_Init
                0x0000000006010c78                _Game_Run
 .text          0x00000000060112f0        0x0 hwram.o
 .text          0x00000000060112f0      0x3a4 pcmsys.o
                0x00000000060112f0                _smpc_wait_till_ready
                0x0000000006011304                _smpc_issue_command
                0x0000000006011318                _load_driver_binary
                0x000000000601138c                _load_drv
                0x00000000060113c4                _calculate_bytes_per_blank
                0x00000000060113f4                _load_16bit_pcm
                0x0000000006011514                _load_8bit_pcm
                0x0000000006011630                _pcm_play
                0x0000000006011654                _pcm_parameter_change
                0x0000000006011670                _pcm_cease
 .text          0x0000000006011694        0x0 piece.o
 .text          0x0000000006011694      0x154 print.o
                0x0000000006011694                _Print_Load
                0x00000000060116a4                _Print_Init
                0x00000000060116bc                _Print_Num
                0x0000000006011700                _Print_String
                0x0000000006011758                _Print_Display
 .text          0x00000000060117e8       0xf4 rng.o
                0x00000000060117e8                _RNG_Init
                0x000000000601183c                _RNG_Get
 .text          0x00000000060118dc      0x5ac scroll.o
                0x00000000060118dc                _Scroll_Init
                0x0000000006011b6c                _Scroll_TilePtr
                0x0000000006011bc0                _Scroll_LoadTile
                0x0000000006011c40                _Scroll_MapPtr
                0x0000000006011c78                _Scroll_Scale
                0x0000000006011d14                _Scroll_Set
                0x0000000006011d54                _Scroll_Move
                0x0000000006011d94                _Scroll_ClearMaps
                0x0000000006011dd8                _Scroll_ClearVram
                0x0000000006011df4                _Scroll_CharSize
                0x0000000006011e28                _Scroll_Enable
                0x0000000006011e58                _Scroll_MapSize
 .text          0x0000000006011e88       0xd0 sound.o
                0x0000000006011e88                _Sound_Init
                0x0000000006011f44                _Sound_CDDA
                0x0000000006011f48                _Sound_Play
 .text          0x0000000006011f58      0x60c sprite.o
                0x0000000006011f58                _Sprite_Init
                0x0000000006011fec                _Sprite_Clear
                0x0000000006012008                _Sprite_Load
                0x00000000060121f4                _Sprite_StartDraw
                0x0000000006012224                _Sprite_Draw
                0x000000000601243c                _Sprite_Make
                0x0000000006012468                _Sprite_DrawAll
                0x00000000060124b4                _Sprite_Next
                0x00000000060124f8                _Sprite_ListAdd
                0x000000000601250c                _Sprite_ListRemove
                0x0000000006012530                _Sprite_Delete
                0x0000000006012544                _Sprite_DeleteAll
 .text          0x0000000006012564        0x0 main.o
 .text.startup  0x0000000006012564      0x108 main.o
                0x0000000006012564                _main
 .text          0x000000000601266c      0x198 ../sbl/segalib/lib/libsat.a(dma_scu1.o)
                0x000000000601266c                _DMA_ScuInit
                0x00000000060126a8                _DMA_ScuMemCopy
                0x000000000601276c                _DMA_ScuResult
 .text          0x0000000006012804       0x24 ../sbl/segalib/lib/libsat.a(mth_rand.o)
                0x0000000006012804                _MTH_InitialRand
                0x0000000006012810                _MTH_GetRand
 .text          0x0000000006012828       0x78 ../sbl/segalib/lib/libsat.a(mth_fixd.o)
                0x0000000006012828                _MTH_Mul
                0x000000000601283c                _MTH_Div
                0x0000000006012850                _MTH_IntToFixed
                0x0000000006012858                _MTH_FixedToInt
                0x0000000006012860                _MTH_Product
 .text          0x00000000060128a0      0x5d4 ../sbl/segalib/lib/libsat.a(mth_tri.o)
                0x00000000060128a0                _MTH_Sin
                0x00000000060128e0                _MTH_Cos
                0x0000000006012924                _fcos
                0x000000000601292a                _fsin
                0x0000000006012abc                _MTH_Atan
 .text          0x0000000006012e74      0xf58 ../sbl/segalib/lib/libsat.a(per_prt.o)
                0x0000000006013274                _PER_IntFunc
                0x0000000006013b24                _PER_Init
                0x0000000006013ccc                _PER_GetPer
 .text          0x0000000006013dcc      0xcbc ../sbl/segalib/lib/libsat.a(spr_2c.o)
                0x0000000006013dcc                _SPR_2SetTvMode
                0x0000000006013ddc                _SPR_2FrameChgIntr
                0x0000000006013df0                _SPR_2FrameEraseData
                0x0000000006013e30                _SPR_2SetGourTbl
                0x0000000006013e60                _SPR_2SetLookupTbl
                0x0000000006013e7c                _SPR_2SetChar
                0x0000000006013fa8                _SPR_2ClrChar
                0x00000000060140b0                _SPR_2ClrAllChar
                0x00000000060140fc                _SPR_2Initial
                0x0000000006014250                _SPR_2GourTblNoToVram
                0x000000000601426c                _SPR_2LookupTblNoToVram
                0x000000000601427c                _SPR_2CharNoToVram
                0x0000000006014290                _SPR_2GetAreaSizeInfo
                0x00000000060142f0                _SPR_2OpenCommand
                0x0000000006014388                _SPR_2FlushDrawPrty
                0x00000000060143c8                _SPR_2CloseCommand
                0x00000000060144e8                _SPR_2LocalCoord
                0x0000000006014540                _SPR_2SysClip
                0x0000000006014588                _SPR_2UserClip
                0x00000000060145d8                _SPR_2Line
                0x0000000006014674                _SPR_2PolyLine
                0x0000000006014714                _SPR_2Polygon
                0x00000000060147b4                _SPR_2NormSpr
                0x0000000006014880                _SPR_2ScaleSpr
                0x0000000006014968                _SPR_2DistSpr
                0x0000000006014a40                _SPR_2Cmd
 .text          0x0000000006014a88      0x754 ../sbl/segalib/lib/libsat.a(scl_func.o)
                0x0000000006014a88                _SCL_ParametersInit
                0x0000000006014b74                _SCL_Vdp2Init
                0x0000000006014bdc                _SCL_Open
                0x0000000006014bf8                _SCL_Close
                0x0000000006014c0c                _SCL_MoveTo
                0x0000000006014d00                _SCL_Move
                0x0000000006014e2c                _SCL_Scale
                0x0000000006014f30                _SCL_Memcpyw
                0x0000000006014f44                _SCL_CopyReg
                0x0000000006015024                _SCL_SetColRamMode
                0x0000000006015074                _SCL_PriIntProc
                0x0000000006015170                _SCL_ScrollShow
 .text          0x00000000060151dc      0x384 ../sbl/segalib/lib/libsat.a(scl_fu02.o)
                0x00000000060151dc                _SCL_InitVramConfigTb
                0x00000000060151ea                _SCL_SetVramConfig
 .text          0x0000000006015560      0x62c ../sbl/segalib/lib/libsat.a(scl_fu03.o)
                0x0000000006015560                _SCL_InitConfigTb
                0x0000000006015578                _SCL_SetConfig
 .text          0x0000000006015b8c       0x18 ../sbl/segalib/lib/libsat.a(scl_fu04.o)
                0x0000000006015b8c                _SCL_SetCycleTable
 .text          0x0000000006015ba4      0xf30 ../sbl/segalib/lib/libsat.a(scl_pri.o)
                0x0000000006015ba4                _SCL_PriorityInit
                0x0000000006016150                _SCL_GetColRamMode
                0x0000000006016170                _SCL_AbortAutoVe
                0x000000000601617c                _SCL_SetColMixRate
                0x00000000060164e4                _SCL_IncColOffset
                0x0000000006016558                _SCL_AutoExec
                0x0000000006016984                _SCL_SetShadowBit
 .text          0x0000000006016ad4      0xe38 ../sbl/segalib/lib/libsat.a(scl_ro00.o)
                0x0000000006016bf8                _SCL_InitRotateTable
                0x0000000006016e40                _SCL_RotateZD
                0x0000000006016f80                _SCL_Rotate
 .text          0x000000000601790c       0xfc ../sbl/segalib/lib/libsat.a(scl_ro03.o)
                0x000000000601790c                _SCL_RotateTo
 .text          0x0000000006017a08       0x74 ../sbl/segalib/lib/libsat.a(scl_back.o)
                0x0000000006017a08                _SCL_SetBack
 .text          0x0000000006017a7c      0x264 ../sbl/segalib/lib/libsat.a(scl_vblv.o)
                0x0000000006017a7c                _SCL_SetFrameInterval
                0x0000000006017af4                _SCL_DisplayFrame
                0x0000000006017b20                _SCL_VblInit
                0x0000000006017b68                _SCL_VblankStart
                0x0000000006017c38                _SCL_VblankEnd
 .text          0x0000000006017ce0       0x54 ../sbl/segalib/lib/libsat.a(scl_pr01.o)
                0x0000000006017ce0                _SCL_SetSpriteMode
 .text          0x0000000006017d34       0x90 ../sbl/segalib/lib/libsat.a(scl_pr02.o)
                0x0000000006017d34                _SCL_SetColRam
 .text          0x0000000006017dc4      0x10c ../sbl/segalib/lib/libsat.a(scl_pr03.o)
                0x0000000006017dc4                _SCL_FreeColRam
                0x0000000006017dec                _SCL_AllocColRam
 .text          0x0000000006017ed0       0xac ../sbl/segalib/lib/libsat.a(scl_pr05.o)
                0x0000000006017ed0                _SCL_GetColRamOffset
 .text          0x0000000006017f7c      0x180 ../sbl/segalib/lib/libsat.a(scl_pr06.o)
                0x0000000006017f7c                _SCL_SetColRamOffset
 .text          0x00000000060180fc      0x1c8 ../sbl/segalib/lib/libsat.a(scl_pr07.o)
                0x00000000060180fc                _SCL_SetPriority
 .text          0x00000000060182c4      0x13c ../sbl/segalib/lib/libsat.a(scl_pr11.o)
                0x00000000060182c4                _SCL_SetAutoColOffset
 .text          0x0000000006018400      0x164 ../sbl/segalib/lib/libsat.a(scl_pr12.o)
                0x0000000006018400                _SCL_SetColOffset
 .text          0x0000000006018564       0xb0 ../sbl/segalib/lib/libsat.a(csh_main.o)
                0x0000000006018564                _CSH_Init
                0x00000000060185b0                _CSH_AllClr
                0x00000000060185f0                _CSH_Purge
 .text          0x0000000006018614      0x274 ../sbl/segalib/lib/libsat.a(dma_scu0.o)
                0x0000000006018614                _DMA_ScuIntFunc0
                0x0000000006018674                _DMA_ScuIntFunc1
                0x00000000060186d8                _DMA_ScuIntFunc2
                0x000000000601873c                _DMA_ScuSetPrm
                0x00000000060187a4                _DMA_ScuStart
                0x000000000601885c                _DMA_ScuGetStatus
 .text          0x0000000006018888      0x240 ../sbl/segalib/lib/libsat.a(spr_1c.o)
                0x0000000006018888                _SPR_SetTvMode
                0x0000000006018904                _SPR_GetStatus
                0x0000000006018958                _SPR_SetEraseData
                0x00000000060189f0                _SPR_Initial
                0x0000000006018aa4                _SPR_WaitDrawEnd
                0x0000000006018ab4                _SPR_SetEosMode
 .text          0x0000000006018ac8      0x16c ../sbl/segalib/lib/libsat.a(spr_2a.o)
                0x0000000006018ac8                _SPR_2SetDrawPrty
                0x0000000006018b38                _SPR_2FlushDrawPrtyBlock
 .text          0x0000000006018c34       0x52 /opt/toolchains/sh-elf/bin/../lib/gcc/sh-elf/11.1.0/libgcc.a(_ashiftrt.o)
                0x0000000006018c34                ___ashiftrt_r4_31
                0x0000000006018c34                ___ashiftrt_r4_32
                0x0000000006018c3a                ___ashiftrt_r4_30
                0x0000000006018c3c                ___ashiftrt_r4_29
                0x0000000006018c3e                ___ashiftrt_r4_28
                0x0000000006018c40                ___ashiftrt_r4_27
                0x0000000006018c42                ___ashiftrt_r4_26
                0x0000000006018c44                ___ashiftrt_r4_25
                0x0000000006018c46                ___ashiftrt_r4_24
                0x0000000006018c4e                ___ashiftrt_r4_23
                0x0000000006018c50                ___ashiftrt_r4_22
                0x0000000006018c52                ___ashiftrt_r4_21
                0x0000000006018c54                ___ashiftrt_r4_20
                0x0000000006018c56                ___ashiftrt_r4_19
                0x0000000006018c58                ___ashiftrt_r4_18
                0x0000000006018c5a                ___ashiftrt_r4_17
                0x0000000006018c5c                ___ashiftrt_r4_16
                0x0000000006018c62                ___ashiftrt_r4_15
                0x0000000006018c64                ___ashiftrt_r4_14
                0x0000000006018c66                ___ashiftrt_r4_13
                0x0000000006018c68                ___ashiftrt_r4_12
                0x0000000006018c6a                ___ashiftrt_r4_11
                0x0000000006018c6c                ___ashiftrt_r4_10
                0x0000000006018c6e                ___ashiftrt_r4_9
                0x0000000006018c70                ___ashiftrt_r4_8
                0x0000000006018c72                ___ashiftrt_r4_7
                0x0000000006018c74                ___ashiftrt_r4_6
                0x0000000006018c76                ___ashiftrt_r4_5
                0x0000000006018c78                ___ashiftrt_r4_4
                0x0000000006018c7a                ___ashiftrt_r4_3
                0x0000000006018c7c                ___ashiftrt_r4_2
                0x0000000006018c7e                ___ashiftrt_r4_1
                0x0000000006018c82                ___ashiftrt_r4_0
 *fill*         0x0000000006018c86        0x2 
 .text          0x0000000006018c88       0x80 /opt/toolchains/sh-elf/bin/../lib/gcc/sh-elf/11.1.0/libgcc.a(_ashiftrt_n.o)
                0x0000000006018c88                ___ashrsi3
 .text          0x0000000006018d08       0xbc /opt/toolchains/sh-elf/bin/../lib/gcc/sh-elf/11.1.0/libgcc.a(_ashiftlt.o)
                0x0000000006018d08                ___ashlsi3
                0x0000000006018d0c                ___ashlsi3_r0
 .text          0x0000000006018dc4       0x78 /opt/toolchains/sh-elf/bin/../lib/gcc/sh-elf/11.1.0/libgcc.a(_movmem.o)
                0x0000000006018dc4                ___movmem
                0x0000000006018dc4                ___movstr
                0x0000000006018df8                ___movmemSI64
                0x0000000006018df8                ___movstrSI64
                0x0000000006018dfc                ___movmemSI60
                0x0000000006018dfc                ___movstrSI60
                0x0000000006018e00                ___movstrSI56
                0x0000000006018e00                ___movmemSI56
                0x0000000006018e04                ___movmemSI52
                0x0000000006018e04                ___movstrSI52
                0x0000000006018e08                ___movstrSI48
                0x0000000006018e08                ___movmemSI48
                0x0000000006018e0c                ___movmemSI44
                0x0000000006018e0c                ___movstrSI44
                0x0000000006018e10                ___movstrSI40
                0x0000000006018e10                ___movmemSI40
                0x0000000006018e14                ___movstrSI36
                0x0000000006018e14                ___movmemSI36
                0x0000000006018e18                ___movstrSI32
                0x0000000006018e18                ___movmemSI32
                0x0000000006018e1c                ___movmemSI28
                0x0000000006018e1c                ___movstrSI28
                0x0000000006018e20                ___movmemSI24
                0x0000000006018e20                ___movstrSI24
                0x0000000006018e24                ___movmemSI20
                0x0000000006018e24                ___movstrSI20
                0x0000000006018e28                ___movstrSI16
                0x0000000006018e28                ___movmemSI16
                0x0000000006018e2c                ___movmemSI12
                0x0000000006018e2c                ___movstrSI12
                0x0000000006018e30                ___movstrSI8
                0x0000000006018e30                ___movmemSI8
                0x0000000006018e34                ___movstrSI4
                0x0000000006018e34                ___movmemSI4
 .text          0x0000000006018e3c       0xa0 /opt/toolchains/sh-elf/bin/../lib/gcc/sh-elf/11.1.0/libgcc.a(_sdivsi3.o)
                0x0000000006018e3c                ___sdivsi3
 .text          0x0000000006018edc       0x6c /opt/toolchains/sh-elf/bin/../lib/gcc/sh-elf/11.1.0/libgcc.a(_udivsi3.o)
                0x0000000006018efe                ___udivsi3
 .text          0x0000000006018f48      0x208 /opt/toolchains/sh-elf/bin/../lib/gcc/sh-elf/11.1.0/libgcc.a(_mul_df.o)
                0x0000000006018f48                ___muldf3
 .text          0x0000000006019150       0xa8 /opt/toolchains/sh-elf/bin/../lib/gcc/sh-elf/11.1.0/libgcc.a(_si_to_df.o)
                0x0000000006019150                ___floatsidf
 .text          0x00000000060191f8       0xa0 /opt/toolchains/sh-elf/bin/../lib/gcc/sh-elf/11.1.0/libgcc.a(_df_to_si.o)
                0x00000000060191f8                ___fixdfsi
 .text          0x0000000006019298        0x0 /opt/toolchains/sh-elf/bin/../lib/gcc/sh-elf/11.1.0/libgcc.a(_thenan_df.o)
 .text          0x0000000006019298       0xbc /opt/toolchains/sh-elf/bin/../lib/gcc/sh-elf/11.1.0/libgcc.a(_lshiftrt.o)
                0x0000000006019298                ___lshrsi3
                0x000000000601929c                ___lshrsi3_r0
 .text          0x0000000006019354       0x74 /opt/toolchains/sh-elf/bin/../lib/gcc/sh-elf/11.1.0/libgcc.a(_clzsi2.o)
                0x0000000006019354                ___clzsi2
 .text          0x00000000060193c8      0x29c /opt/toolchains/sh-elf/bin/../lib/gcc/sh-elf/11.1.0/libgcc.a(_pack_df.o)
                0x00000000060193c8                ___pack_d
 .text          0x0000000006019664       0xcc /opt/toolchains/sh-elf/bin/../lib/gcc/sh-elf/11.1.0/libgcc.a(_unpack_df.o)
                0x0000000006019664                ___unpack_d
 .text          0x0000000006019730        0x0 /opt/toolchains/sh-elf/bin/../lib/gcc/sh-elf/11.1.0/libgcc.a(_clz.o)
 .text          0x0000000006019730       0x94 /opt/toolchains/sh-elf/bin/../lib/gcc/sh-elf/11.1.0/../../../../sh-elf/lib/libc.a(lib_a-memcpy.o)
                0x0000000006019730                _memcpy
 .text          0x00000000060197c4       0x40 /opt/toolchains/sh-elf/bin/../lib/gcc/sh-elf/11.1.0/../../../../sh-elf/lib/libc.a(lib_a-memset.o)
                0x00000000060197c4                _memset
 *(.rodata*)
 .rodata.str1.4
                0x0000000006019804        0x7 bg.o
 *fill*         0x000000000601980b        0x1 
 .rodata        0x000000000601980c      0x100 crc.o
 .rodata.str1.4
                0x000000000601990c       0x2b game.o
                                         0x2f (size before relaxing)
 *fill*         0x0000000006019937        0x1 
 .rodata.str1.4
                0x0000000006019938       0x20 pcmsys.o
 .rodata        0x0000000006019958      0x400 pcmsys.o
 .rodata.str1.4
                0x0000000006019d58        0x9 print.o
 *fill*         0x0000000006019d61        0x3 
 .rodata.str1.4
                0x0000000006019d64       0x77 sound.o
                                         0x7b (size before relaxing)
 *fill*         0x0000000006019ddb        0x1 
 .rodata        0x0000000006019ddc        0xc ../sbl/segalib/lib/libsat.a(dma_scu0.o)
 .rodata        0x0000000006019de8       0x20 ../sbl/segalib/lib/libsat.a(spr_1c.o)
 .rodata        0x0000000006019e08       0x14 /opt/toolchains/sh-elf/bin/../lib/gcc/sh-elf/11.1.0/libgcc.a(_thenan_df.o)
                0x0000000006019e08                ___thenan_df
 .rodata        0x0000000006019e1c      0x100 /opt/toolchains/sh-elf/bin/../lib/gcc/sh-elf/11.1.0/libgcc.a(_clz.o)
                0x0000000006019e1c                ___clz_tab
 *(.strings)
                0x0000000006019f20                . = ALIGN (0x10)
 *fill*         0x0000000006019f1c        0x4 
                0x0000000006019f20                _etext = ABSOLUTE (.)

.tors           0x0000000006019f20        0x0
                0x0000000006019f20                ___ctors = .
 *(.ctors)
                0x0000000006019f20                ___ctors_end = .
                0x0000000006019f20                ___dtors = .
 *(.dtors)
                0x0000000006019f20                ___dtors_end = .
                0x0000000006019f20                . = ALIGN (0x10)
                0x0000000006019f20                _etors = ABSOLUTE (.)

.data           0x0000000006019f20      0x790
 *(.data)
 .data          0x0000000006019f20        0x0 entry.o
 .data          0x0000000006019f20        0x0 stack.o
 .data          0x0000000006019f20        0x0 vblank.o
 .data          0x0000000006019f20        0x0 bg.o
 .data          0x0000000006019f20        0x0 cd.o
 .data          0x0000000006019f20        0x0 crc.o
 .data          0x0000000006019f20        0x0 devcart.o
 .data          0x0000000006019f20        0x0 game.o
 .data          0x0000000006019f20        0x0 hwram.o
 .data          0x0000000006019f20        0xc pcmsys.o
                0x0000000006019f20                _master_volume
                0x0000000006019f24                _scsp_load
                0x0000000006019f28                _m68k_com
 .data          0x0000000006019f2c      0x700 piece.o
                0x0000000006019f2c                _pieces
 .data          0x000000000601a62c        0x0 print.o
 .data          0x000000000601a62c        0x0 rng.o
 .data          0x000000000601a62c       0x34 scroll.o
                0x000000000601a62c                _cycleTb
                0x000000000601a63c                _charOffsets
                0x000000000601a64c                _vram
 .data          0x000000000601a660        0x0 sound.o
 .data          0x000000000601a660       0x18 sprite.o
 .data          0x000000000601a678        0x0 main.o
 .data          0x000000000601a678        0x0 ../sbl/segalib/lib/libsat.a(dma_scu1.o)
 .data          0x000000000601a678        0x0 ../sbl/segalib/lib/libsat.a(mth_rand.o)
 .data          0x000000000601a678        0x0 ../sbl/segalib/lib/libsat.a(mth_fixd.o)
 .data          0x000000000601a678        0x0 ../sbl/segalib/lib/libsat.a(mth_tri.o)
 .data          0x000000000601a678        0x3 ../sbl/segalib/lib/libsat.a(per_prt.o)
 .data          0x000000000601a67b        0x0 ../sbl/segalib/lib/libsat.a(spr_2c.o)
 *fill*         0x000000000601a67b        0x1 
 .data          0x000000000601a67c        0x6 ../sbl/segalib/lib/libsat.a(scl_func.o)
                0x000000000601a67c                _SclRotateTableMode
                0x000000000601a67e                _SclDisplayY
                0x000000000601a680                _SclDisplayX
 .data          0x000000000601a682        0x0 ../sbl/segalib/lib/libsat.a(scl_fu02.o)
 .data          0x000000000601a682        0x0 ../sbl/segalib/lib/libsat.a(scl_fu03.o)
 .data          0x000000000601a682        0x0 ../sbl/segalib/lib/libsat.a(scl_fu04.o)
 *fill*         0x000000000601a682        0x2 
 .data          0x000000000601a684       0x18 ../sbl/segalib/lib/libsat.a(scl_pri.o)
                0x000000000601a684                _SclRealColOffset
                0x000000000601a688                _SclRealBgColMix
                0x000000000601a68c                _SclRealSpColMix
                0x000000000601a690                _SclRealBgPriNum
                0x000000000601a694                _SclRealSpPriNum
                0x000000000601a698                _SclRealOtherPri
 .data          0x000000000601a69c        0x0 ../sbl/segalib/lib/libsat.a(scl_ro00.o)
 .data          0x000000000601a69c        0x0 ../sbl/segalib/lib/libsat.a(scl_ro03.o)
 .data          0x000000000601a69c        0x0 ../sbl/segalib/lib/libsat.a(scl_back.o)
 .data          0x000000000601a69c        0x8 ../sbl/segalib/lib/libsat.a(scl_vblv.o)
                0x000000000601a69c                _VBInterval
                0x000000000601a6a0                _SpFrameEraseMode
 .data          0x000000000601a6a4        0x0 ../sbl/segalib/lib/libsat.a(scl_pr01.o)
 .data          0x000000000601a6a4        0x0 ../sbl/segalib/lib/libsat.a(scl_pr02.o)
 .data          0x000000000601a6a4        0x0 ../sbl/segalib/lib/libsat.a(scl_pr03.o)
 .data          0x000000000601a6a4        0x0 ../sbl/segalib/lib/libsat.a(scl_pr05.o)
 .data          0x000000000601a6a4        0x0 ../sbl/segalib/lib/libsat.a(scl_pr06.o)
 .data          0x000000000601a6a4        0x0 ../sbl/segalib/lib/libsat.a(scl_pr07.o)
 .data          0x000000000601a6a4        0x0 ../sbl/segalib/lib/libsat.a(scl_pr11.o)
 .data          0x000000000601a6a4        0x0 ../sbl/segalib/lib/libsat.a(scl_pr12.o)
 .data          0x000000000601a6a4        0x0 ../sbl/segalib/lib/libsat.a(csh_main.o)
 .data          0x000000000601a6a4        0x0 ../sbl/segalib/lib/libsat.a(dma_scu0.o)
 .data          0x000000000601a6a4        0x0 ../sbl/segalib/lib/libsat.a(spr_1c.o)
 .data          0x000000000601a6a4        0x0 ../sbl/segalib/lib/libsat.a(spr_2a.o)
 .data          0x000000000601a6a4        0x0 /opt/toolchains/sh-elf/bin/../lib/gcc/sh-elf/11.1.0/libgcc.a(_ashiftrt.o)
 .data          0x000000000601a6a4        0x0 /opt/toolchains/sh-elf/bin/../lib/gcc/sh-elf/11.1.0/libgcc.a(_ashiftrt_n.o)
 .data          0x000000000601a6a4        0x0 /opt/toolchains/sh-elf/bin/../lib/gcc/sh-elf/11.1.0/libgcc.a(_ashiftlt.o)
 .data          0x000000000601a6a4        0x0 /opt/toolchains/sh-elf/bin/../lib/gcc/sh-elf/11.1.0/libgcc.a(_movmem.o)
 .data          0x000000000601a6a4        0x0 /opt/toolchains/sh-elf/bin/../lib/gcc/sh-elf/11.1.0/libgcc.a(_sdivsi3.o)
 .data          0x000000000601a6a4        0x0 /opt/toolchains/sh-elf/bin/../lib/gcc/sh-elf/11.1.0/libgcc.a(_udivsi3.o)
 .data          0x000000000601a6a4        0x0 /opt/toolchains/sh-elf/bin/../lib/gcc/sh-elf/11.1.0/libgcc.a(_mul_df.o)
 .data          0x000000000601a6a4        0x0 /opt/toolchains/sh-elf/bin/../lib/gcc/sh-elf/11.1.0/libgcc.a(_si_to_df.o)
 .data          0x000000000601a6a4        0x0 /opt/toolchains/sh-elf/bin/../lib/gcc/sh-elf/11.1.0/libgcc.a(_df_to_si.o)
 .data          0x000000000601a6a4        0x0 /opt/toolchains/sh-elf/bin/../lib/gcc/sh-elf/11.1.0/libgcc.a(_thenan_df.o)
 .data          0x000000000601a6a4        0x0 /opt/toolchains/sh-elf/bin/../lib/gcc/sh-elf/11.1.0/libgcc.a(_lshiftrt.o)
 .data          0x000000000601a6a4        0x0 /opt/toolchains/sh-elf/bin/../lib/gcc/sh-elf/11.1.0/libgcc.a(_clzsi2.o)
 .data          0x000000000601a6a4        0x0 /opt/toolchains/sh-elf/bin/../lib/gcc/sh-elf/11.1.0/libgcc.a(_pack_df.o)
 .data          0x000000000601a6a4        0x0 /opt/toolchains/sh-elf/bin/../lib/gcc/sh-elf/11.1.0/libgcc.a(_unpack_df.o)
 .data          0x000000000601a6a4        0x0 /opt/toolchains/sh-elf/bin/../lib/gcc/sh-elf/11.1.0/libgcc.a(_clz.o)
 .data          0x000000000601a6a4        0x0 /opt/toolchains/sh-elf/bin/../lib/gcc/sh-elf/11.1.0/../../../../sh-elf/lib/libc.a(lib_a-memcpy.o)
 .data          0x000000000601a6a4        0x0 /opt/toolchains/sh-elf/bin/../lib/gcc/sh-elf/11.1.0/../../../../sh-elf/lib/libc.a(lib_a-memset.o)
                0x000000000601a6b0                . = ALIGN (0x10)
 *fill*         0x000000000601a6a4        0xc 
                0x000000000601a6b0                _edata = ABSOLUTE (.)

.bss            0x000000000601a6b0    0x180b0
                0x000000000601a6b0                _bss_start = .
 *(.bss)
 .bss           0x000000000601a6b0        0x0 entry.o
 .bss           0x000000000601a6b0        0x0 stack.o
 .bss           0x000000000601a6b0       0x34 vblank.o
                0x000000000601a6b0                _vblank_frames
                0x000000000601a6b4                _VblankFlg
                0x000000000601a6b8                _perFlag
                0x000000000601a6bc                _PadWorkArea
                0x000000000601a6d8                _PadData2E
                0x000000000601a6da                _PadData2L
                0x000000000601a6dc                _PadData2
                0x000000000601a6de                _PadData1E
                0x000000000601a6e0                _PadData1L
                0x000000000601a6e2                _PadData1
 .bss           0x000000000601a6e4       0x48 bg.o
 .bss           0x000000000601a72c        0x0 cd.o
 .bss           0x000000000601a72c        0x0 crc.o
 .bss           0x000000000601a72c        0x0 devcart.o
 .bss           0x000000000601a72c      0x3fc game.o
                0x000000000601a72c                _boardVram
 .bss           0x000000000601ab28    0x13880 hwram.o
                0x000000000601ab28                _HWRAM_Buffer
 .bss           0x000000000602e3a8        0x2 pcmsys.o
                0x000000000602e3a8                _numberPCMs
 .bss           0x000000000602e3aa        0x0 piece.o
 .bss           0x000000000602e3aa      0x528 print.o
                0x000000000602e3aa                _text
 *fill*         0x000000000602e8d2        0x2 
 .bss           0x000000000602e8d4        0x8 rng.o
 .bss           0x000000000602e8dc      0x17c scroll.o
                0x000000000602e8dc                _scfg
 .bss           0x000000000602ea58        0x0 sound.o
 .bss           0x000000000602ea58     0x257c sprite.o
                0x000000000602ea58                _sprites
                0x000000000602fd18                _palCnt
                0x000000000602fd1c                _tileCount
                0x000000000602fd20                _numSprites
 .bss           0x0000000006030fd4        0x4 main.o
                0x0000000006030fd4                _frame
 .bss           0x0000000006030fd8        0xc ../sbl/segalib/lib/libsat.a(dma_scu1.o)
 .bss           0x0000000006030fe4        0x4 ../sbl/segalib/lib/libsat.a(mth_rand.o)
 .bss           0x0000000006030fe8        0x0 ../sbl/segalib/lib/libsat.a(mth_fixd.o)
 .bss           0x0000000006030fe8        0x0 ../sbl/segalib/lib/libsat.a(mth_tri.o)
 .bss           0x0000000006030fe8       0x7f ../sbl/segalib/lib/libsat.a(per_prt.o)
                0x0000000006030fe8                _per_set_sys_flg
                0x0000000006030fec                _per_get_sys_data
                0x0000000006030ff8                _per_get_time_adr
                0x0000000006030ffc                _per_hot_res
                0x0000000006030ffd                _per_time_out_flg
 *fill*         0x0000000006031067        0x1 
 .bss           0x0000000006031068       0x94 ../sbl/segalib/lib/libsat.a(spr_2c.o)
                0x0000000006031068                _SpCmdTblR
                0x000000000603106c                _SpCmdTbl
                0x0000000006031070                _SpCrCmdChain
                0x0000000006031074                _SpDrawPrtyBlk
                0x0000000006031078                _SpCmdChain
                0x000000000603107c                _SpCmdChainBlkNo
                0x0000000006031080                _SpDrawPrtyProcFlag
                0x0000000006031084                _SpDrawPrtyTopCmdNo
                0x0000000006031088                _SpCmdNo
                0x000000000603108c                _SpDrawPrtyBlkMax
                0x0000000006031090                _SpCharMax
                0x0000000006031094                _SpCharTbl
                0x0000000006031098                _SpLCoordY
                0x000000000603109c                _SpLCoordX
                0x00000000060310a0                _Sp2OpenFlag
 .bss           0x00000000060310fc      0xf1c ../sbl/segalib/lib/libsat.a(scl_func.o)
                0x00000000060310fc                _SclRPMD
                0x0000000006031100                _SclRotateMoveZ
                0x0000000006031108                _SclRotateDisp
                0x0000000006031110                _SclRotateZ
                0x0000000006031118                _SclRotateXy
                0x0000000006031120                _SclRotateTableAddress
                0x0000000006031124                _SclRb
                0x0000000006031125                _SclRa
                0x0000000006031126                _SclRotXySw
                0x000000000603112c                _SclRbgKtbOffset
                0x0000000006031134                _SclRbgKtbAddr
                0x000000000603113c                _SclK_TableFlag
                0x0000000006031140                _SclK_TableNum
                0x0000000006031148                _SclK_TableBuff
                0x0000000006031e18                _SclRotregBuff
                0x0000000006031f18                _Scl_w_reg
                0x0000000006031f38                _Scl_r_reg
                0x0000000006031f48                _Scl_n_reg
                0x0000000006031f88                _Scl_d_reg
                0x0000000006031fd0                _Scl_s_reg
                0x0000000006031ff8                _SclProcess
                0x0000000006031ffc                _SclCurSclNum
                0x0000000006032000                _SclLengthCsTbl
                0x0000000006032002                _SclLengthLsTbl
                0x0000000006032004                _SclAddrCsTbl
                0x000000000603200c                _SclAddrLsTbl
 .bss           0x0000000006032018        0x0 ../sbl/segalib/lib/libsat.a(scl_fu02.o)
 .bss           0x0000000006032018        0x0 ../sbl/segalib/lib/libsat.a(scl_fu03.o)
 .bss           0x0000000006032018        0x0 ../sbl/segalib/lib/libsat.a(scl_fu04.o)
 .bss           0x0000000006032018      0x696 ../sbl/segalib/lib/libsat.a(scl_pri.o)
                0x0000000006032018                _SclAutoRGB
                0x0000000006032618                _SclAutoPlusFlag
                0x0000000006032619                _SclAutoVeFlag
                0x000000000603261a                _SclAutoEndRate
                0x000000000603261b                _SclAutoCurRate
                0x000000000603261c                _SclAutoEndBlue2
                0x000000000603261e                _SclAutoEndGreen2
                0x0000000006032620                _SclAutoEndRed2
                0x0000000006032622                _SclAutoEndBlue
                0x0000000006032624                _SclAutoEndGreen
                0x0000000006032626                _SclAutoEndRed
                0x0000000006032628                _SclAutoBlue
                0x000000000603262a                _SclAutoGreen
                0x000000000603262c                _SclAutoRed
                0x0000000006032630                _SclAutoMax
                0x0000000006032634                _SclAutoIndex
                0x0000000006032638                _SclAutoCount
                0x000000000603263c                _SclAutoInterval
                0x0000000006032640                _SclAutoSurface
                0x0000000006032644                _SclColRamAlloc2048
                0x0000000006032648                _SclColRamAlloc256
                0x0000000006032668                _SclLineColRamOffset
                0x000000000603266c                _SclPriBuffDirty
                0x0000000006032670                _SclColOffset
                0x0000000006032680                _SclBgColMix
                0x0000000006032688                _SclSpColMix
                0x0000000006032690                _SclBgPriNum
                0x0000000006032696                _SclSpPriNum
                0x000000000603269e                _SclOtherPri
 *fill*         0x00000000060326ae        0x2 
 .bss           0x00000000060326b0       0x58 ../sbl/segalib/lib/libsat.a(scl_ro00.o)
                0x00000000060326b0                _SclCsy
                0x00000000060326b8                _SclCsx
 .bss           0x0000000006032708        0x0 ../sbl/segalib/lib/libsat.a(scl_ro03.o)
 .bss           0x0000000006032708        0x0 ../sbl/segalib/lib/libsat.a(scl_back.o)
 .bss           0x0000000006032708       0x16 ../sbl/segalib/lib/libsat.a(scl_vblv.o)
                0x0000000006032708                _frameChgFlag
                0x000000000603270c                _VBIntrDisableDepth
                0x0000000006032710                _ReqDisplayFlag2
                0x0000000006032714                _ReqDisplayFlag1
                0x0000000006032718                _VBIntervalCounter
                0x000000000603271c                _SpFrameChgMode
 .bss           0x000000000603271e        0x0 ../sbl/segalib/lib/libsat.a(scl_pr01.o)
 .bss           0x000000000603271e        0x0 ../sbl/segalib/lib/libsat.a(scl_pr02.o)
 .bss           0x000000000603271e        0x0 ../sbl/segalib/lib/libsat.a(scl_pr03.o)
 .bss           0x000000000603271e        0x0 ../sbl/segalib/lib/libsat.a(scl_pr05.o)
 .bss           0x000000000603271e        0x0 ../sbl/segalib/lib/libsat.a(scl_pr06.o)
 .bss           0x000000000603271e        0x0 ../sbl/segalib/lib/libsat.a(scl_pr07.o)
 .bss           0x000000000603271e        0x0 ../sbl/segalib/lib/libsat.a(scl_pr11.o)
 .bss           0x000000000603271e        0x0 ../sbl/segalib/lib/libsat.a(scl_pr12.o)
 .bss           0x000000000603271e        0x0 ../sbl/segalib/lib/libsat.a(csh_main.o)
 *fill*         0x000000000603271e        0x2 
 .bss           0x0000000006032720       0x1c ../sbl/segalib/lib/libsat.a(dma_scu0.o)
 .bss           0x000000000603273c       0x20 ../sbl/segalib/lib/libsat.a(spr_1c.o)
                0x000000000603273c                _SpDil
                0x000000000603273e                _SpDie
                0x0000000006032740                _SpFbcrMode
                0x0000000006032742                _SpTvMode
                0x0000000006032744                _SpScreenY
                0x0000000006032748                _SpScreenX
                0x000000000603274c                _SpInitialFlag
 .bss           0x000000000603275c        0x0 ../sbl/segalib/lib/libsat.a(spr_2a.o)
 .bss           0x000000000603275c        0x0 /opt/toolchains/sh-elf/bin/../lib/gcc/sh-elf/11.1.0/libgcc.a(_ashiftrt.o)
 .bss           0x000000000603275c        0x0 /opt/toolchains/sh-elf/bin/../lib/gcc/sh-elf/11.1.0/libgcc.a(_ashiftrt_n.o)
 .bss           0x000000000603275c        0x0 /opt/toolchains/sh-elf/bin/../lib/gcc/sh-elf/11.1.0/libgcc.a(_ashiftlt.o)
 .bss           0x000000000603275c        0x0 /opt/toolchains/sh-elf/bin/../lib/gcc/sh-elf/11.1.0/libgcc.a(_movmem.o)
 .bss           0x000000000603275c        0x0 /opt/toolchains/sh-elf/bin/../lib/gcc/sh-elf/11.1.0/libgcc.a(_sdivsi3.o)
 .bss           0x000000000603275c        0x0 /opt/toolchains/sh-elf/bin/../lib/gcc/sh-elf/11.1.0/libgcc.a(_udivsi3.o)
 .bss           0x000000000603275c        0x0 /opt/toolchains/sh-elf/bin/../lib/gcc/sh-elf/11.1.0/libgcc.a(_mul_df.o)
 .bss           0x000000000603275c        0x0 /opt/toolchains/sh-elf/bin/../lib/gcc/sh-elf/11.1.0/libgcc.a(_si_to_df.o)
 .bss           0x000000000603275c        0x0 /opt/toolchains/sh-elf/bin/../lib/gcc/sh-elf/11.1.0/libgcc.a(_df_to_si.o)
 .bss           0x000000000603275c        0x0 /opt/toolchains/sh-elf/bin/../lib/gcc/sh-elf/11.1.0/libgcc.a(_thenan_df.o)
 .bss           0x000000000603275c        0x0 /opt/toolchains/sh-elf/bin/../lib/gcc/sh-elf/11.1.0/libgcc.a(_lshiftrt.o)
 .bss           0x000000000603275c        0x0 /opt/toolchains/sh-elf/bin/../lib/gcc/sh-elf/11.1.0/libgcc.a(_clzsi2.o)
 .bss           0x000000000603275c        0x0 /opt/toolchains/sh-elf/bin/../lib/gcc/sh-elf/11.1.0/libgcc.a(_pack_df.o)
 .bss           0x000000000603275c        0x0 /opt/toolchains/sh-elf/bin/../lib/gcc/sh-elf/11.1.0/libgcc.a(_unpack_df.o)
 .bss           0x000000000603275c        0x0 /opt/toolchains/sh-elf/bin/../lib/gcc/sh-elf/11.1.0/libgcc.a(_clz.o)
 .bss           0x000000000603275c        0x0 /opt/toolchains/sh-elf/bin/../lib/gcc/sh-elf/11.1.0/../../../../sh-elf/lib/libc.a(lib_a-memcpy.o)
 .bss           0x000000000603275c        0x0 /opt/toolchains/sh-elf/bin/../lib/gcc/sh-elf/11.1.0/../../../../sh-elf/lib/libc.a(lib_a-memset.o)
 *(COMMON)
                0x000000000603275c                _bss_end = .
                0x0000000006032760                . = ALIGN (0x10)
 *fill*         0x000000000603275c        0x4 
                0x0000000006032760                _end = ABSOLUTE (.)

.stack          0x0000000006032760     0x2000
 *(.stack)
 .stack         0x0000000006032760     0x2000 stack.o
                0x0000000006032760                _PROG_STK
                0x0000000006034760                _stack = .

.lwram          0x0000000000200000        0x0
                0x0000000000200000                . = ALIGN (0x10)
 *(.lwram)
                0x0000000000200000                . = ALIGN (0x10)

.vdp2_vram      0x0000000005e00000        0x0
                0x0000000005e00000                . = ALIGN (0x10)
 *(.vdp2_vram)
                0x0000000005e00000                . = ALIGN (0x10)
OUTPUT(main.elf elf32-sh)

.debug_info     0x0000000000000000     0x7207
 .debug_info    0x0000000000000000      0x4d4 vblank.o
 .debug_info    0x00000000000004d4      0x65e bg.o
 .debug_info    0x0000000000000b32      0x7a0 cd.o
 .debug_info    0x00000000000012d2      0x12d crc.o
 .debug_info    0x00000000000013ff      0x47b devcart.o
 .debug_info    0x000000000000187a     0x12d0 game.o
 .debug_info    0x0000000000002b4a       0x9e hwram.o
 .debug_info    0x0000000000002be8      0x6e9 pcmsys.o
 .debug_info    0x00000000000032d1       0x69 piece.o
 .debug_info    0x000000000000333a      0x3fe print.o
 .debug_info    0x0000000000003738      0x240 rng.o
 .debug_info    0x0000000000003978      0xf2a scroll.o
 .debug_info    0x00000000000048a2      0x3f7 sound.o
 .debug_info    0x0000000000004c99     0x102c sprite.o
 .debug_info    0x0000000000005cc5      0x379 main.o
 .debug_info    0x000000000000603e      0x4d2 /opt/toolchains/sh-elf/bin/../lib/gcc/sh-elf/11.1.0/libgcc.a(_mul_df.o)
 .debug_info    0x0000000000006510      0x259 /opt/toolchains/sh-elf/bin/../lib/gcc/sh-elf/11.1.0/libgcc.a(_si_to_df.o)
 .debug_info    0x0000000000006769      0x2a5 /opt/toolchains/sh-elf/bin/../lib/gcc/sh-elf/11.1.0/libgcc.a(_df_to_si.o)
 .debug_info    0x0000000000006a0e      0x15b /opt/toolchains/sh-elf/bin/../lib/gcc/sh-elf/11.1.0/libgcc.a(_thenan_df.o)
 .debug_info    0x0000000000006b69      0x130 /opt/toolchains/sh-elf/bin/../lib/gcc/sh-elf/11.1.0/libgcc.a(_clzsi2.o)
 .debug_info    0x0000000000006c99      0x298 /opt/toolchains/sh-elf/bin/../lib/gcc/sh-elf/11.1.0/libgcc.a(_pack_df.o)
 .debug_info    0x0000000000006f31      0x20c /opt/toolchains/sh-elf/bin/../lib/gcc/sh-elf/11.1.0/libgcc.a(_unpack_df.o)
 .debug_info    0x000000000000713d       0xca /opt/toolchains/sh-elf/bin/../lib/gcc/sh-elf/11.1.0/libgcc.a(_clz.o)

.debug_abbrev   0x0000000000000000     0x2a38
 .debug_abbrev  0x0000000000000000      0x1f2 vblank.o
 .debug_abbrev  0x00000000000001f2      0x1f9 bg.o
 .debug_abbrev  0x00000000000003eb      0x223 cd.o
 .debug_abbrev  0x000000000000060e       0xbe crc.o
 .debug_abbrev  0x00000000000006cc      0x24f devcart.o
 .debug_abbrev  0x000000000000091b      0x4d7 game.o
 .debug_abbrev  0x0000000000000df2       0x69 hwram.o
 .debug_abbrev  0x0000000000000e5b      0x302 pcmsys.o
 .debug_abbrev  0x000000000000115d       0x5a piece.o
 .debug_abbrev  0x00000000000011b7      0x1de print.o
 .debug_abbrev  0x0000000000001395      0x1ad rng.o
 .debug_abbrev  0x0000000000001542      0x332 scroll.o
 .debug_abbrev  0x0000000000001874      0x1ad sound.o
 .debug_abbrev  0x0000000000001a21      0x3dc sprite.o
 .debug_abbrev  0x0000000000001dfd      0x166 main.o
 .debug_abbrev  0x0000000000001f63      0x278 /opt/toolchains/sh-elf/bin/../lib/gcc/sh-elf/11.1.0/libgcc.a(_mul_df.o)
 .debug_abbrev  0x00000000000021db      0x1b2 /opt/toolchains/sh-elf/bin/../lib/gcc/sh-elf/11.1.0/libgcc.a(_si_to_df.o)
 .debug_abbrev  0x000000000000238d      0x1b2 /opt/toolchains/sh-elf/bin/../lib/gcc/sh-elf/11.1.0/libgcc.a(_df_to_si.o)
 .debug_abbrev  0x000000000000253f       0xcf /opt/toolchains/sh-elf/bin/../lib/gcc/sh-elf/11.1.0/libgcc.a(_thenan_df.o)
 .debug_abbrev  0x000000000000260e       0xca /opt/toolchains/sh-elf/bin/../lib/gcc/sh-elf/11.1.0/libgcc.a(_clzsi2.o)
 .debug_abbrev  0x00000000000026d8      0x1ae /opt/toolchains/sh-elf/bin/../lib/gcc/sh-elf/11.1.0/libgcc.a(_pack_df.o)
 .debug_abbrev  0x0000000000002886      0x142 /opt/toolchains/sh-elf/bin/../lib/gcc/sh-elf/11.1.0/libgcc.a(_unpack_df.o)
 .debug_abbrev  0x00000000000029c8       0x70 /opt/toolchains/sh-elf/bin/../lib/gcc/sh-elf/11.1.0/libgcc.a(_clz.o)

.debug_aranges  0x0000000000000000      0x2c0
 .debug_aranges
                0x0000000000000000       0x20 vblank.o
 .debug_aranges
                0x0000000000000020       0x20 bg.o
 .debug_aranges
                0x0000000000000040       0x20 cd.o
 .debug_aranges
                0x0000000000000060       0x20 crc.o
 .debug_aranges
                0x0000000000000080       0x20 devcart.o
 .debug_aranges
                0x00000000000000a0       0x20 game.o
 .debug_aranges
                0x00000000000000c0       0x18 hwram.o
 .debug_aranges
                0x00000000000000d8       0x20 pcmsys.o
 .debug_aranges
                0x00000000000000f8       0x18 piece.o
 .debug_aranges
                0x0000000000000110       0x20 print.o
 .debug_aranges
                0x0000000000000130       0x20 rng.o
 .debug_aranges
                0x0000000000000150       0x20 scroll.o
 .debug_aranges
                0x0000000000000170       0x20 sound.o
 .debug_aranges
                0x0000000000000190       0x20 sprite.o
 .debug_aranges
                0x00000000000001b0       0x20 main.o
 .debug_aranges
                0x00000000000001d0       0x20 /opt/toolchains/sh-elf/bin/../lib/gcc/sh-elf/11.1.0/libgcc.a(_mul_df.o)
 .debug_aranges
                0x00000000000001f0       0x20 /opt/toolchains/sh-elf/bin/../lib/gcc/sh-elf/11.1.0/libgcc.a(_si_to_df.o)
 .debug_aranges
                0x0000000000000210       0x20 /opt/toolchains/sh-elf/bin/../lib/gcc/sh-elf/11.1.0/libgcc.a(_df_to_si.o)
 .debug_aranges
                0x0000000000000230       0x18 /opt/toolchains/sh-elf/bin/../lib/gcc/sh-elf/11.1.0/libgcc.a(_thenan_df.o)
 .debug_aranges
                0x0000000000000248       0x20 /opt/toolchains/sh-elf/bin/../lib/gcc/sh-elf/11.1.0/libgcc.a(_clzsi2.o)
 .debug_aranges
                0x0000000000000268       0x20 /opt/toolchains/sh-elf/bin/../lib/gcc/sh-elf/11.1.0/libgcc.a(_pack_df.o)
 .debug_aranges
                0x0000000000000288       0x20 /opt/toolchains/sh-elf/bin/../lib/gcc/sh-elf/11.1.0/libgcc.a(_unpack_df.o)
 .debug_aranges
                0x00000000000002a8       0x18 /opt/toolchains/sh-elf/bin/../lib/gcc/sh-elf/11.1.0/libgcc.a(_clz.o)

.debug_line     0x0000000000000000     0x3c0b
 .debug_line    0x0000000000000000      0x153 vblank.o
 .debug_line    0x0000000000000153      0x3ba bg.o
 .debug_line    0x000000000000050d       0xa4 cd.o
 .debug_line    0x00000000000005b1       0xaa crc.o
 .debug_line    0x000000000000065b      0x3d0 devcart.o
 .debug_line    0x0000000000000a2b      0xd73 game.o
 .debug_line    0x000000000000179e       0x58 hwram.o
 .debug_line    0x00000000000017f6      0x4e1 pcmsys.o
 .debug_line    0x0000000000001cd7       0x33 piece.o
 .debug_line    0x0000000000001d0a      0x1db print.o
 .debug_line    0x0000000000001ee5      0x155 rng.o
 .debug_line    0x000000000000203a      0x6b9 scroll.o
 .debug_line    0x00000000000026f3       0xc9 sound.o
 .debug_line    0x00000000000027bc      0x820 sprite.o
 .debug_line    0x0000000000002fdc      0x185 main.o
 .debug_line    0x0000000000003161      0x2d6 /opt/toolchains/sh-elf/bin/../lib/gcc/sh-elf/11.1.0/libgcc.a(_mul_df.o)
 .debug_line    0x0000000000003437      0x13d /opt/toolchains/sh-elf/bin/../lib/gcc/sh-elf/11.1.0/libgcc.a(_si_to_df.o)
 .debug_line    0x0000000000003574       0xf6 /opt/toolchains/sh-elf/bin/../lib/gcc/sh-elf/11.1.0/libgcc.a(_df_to_si.o)
 .debug_line    0x000000000000366a       0x50 /opt/toolchains/sh-elf/bin/../lib/gcc/sh-elf/11.1.0/libgcc.a(_thenan_df.o)
 .debug_line    0x00000000000036ba       0xad /opt/toolchains/sh-elf/bin/../lib/gcc/sh-elf/11.1.0/libgcc.a(_clzsi2.o)
 .debug_line    0x0000000000003767      0x30c /opt/toolchains/sh-elf/bin/../lib/gcc/sh-elf/11.1.0/libgcc.a(_pack_df.o)
 .debug_line    0x0000000000003a73      0x146 /opt/toolchains/sh-elf/bin/../lib/gcc/sh-elf/11.1.0/libgcc.a(_unpack_df.o)
 .debug_line    0x0000000000003bb9       0x52 /opt/toolchains/sh-elf/bin/../lib/gcc/sh-elf/11.1.0/libgcc.a(_clz.o)

.debug_str      0x0000000000000000     0x18b1
 .debug_str     0x0000000000000000      0x236 vblank.o
                                        0x298 (size before relaxing)
 .debug_str     0x0000000000000236      0x1c4 bg.o
                                        0x2a9 (size before relaxing)
 .debug_str     0x00000000000003fa      0x219 cd.o
                                        0x329 (size before relaxing)
 .debug_str     0x0000000000000613       0x3a crc.o
                                        0x121 (size before relaxing)
 .debug_str     0x000000000000064d       0xfc devcart.o
                                        0x246 (size before relaxing)
 .debug_str     0x0000000000000749      0x41d game.o
                                        0x549 (size before relaxing)
 .debug_str     0x0000000000000b66        0x8 hwram.o
                                         0xcd (size before relaxing)
 .debug_str     0x0000000000000b6e      0x161 pcmsys.o
                                        0x313 (size before relaxing)
 .debug_str     0x0000000000000ccf        0x8 piece.o
                                         0x62 (size before relaxing)
 .debug_str     0x0000000000000cd7       0x60 print.o
                                        0x1f4 (size before relaxing)
 .debug_str     0x0000000000000d37       0x7c rng.o
                                        0x184 (size before relaxing)
 .debug_str     0x0000000000000db3      0x35e scroll.o
                                        0x4f8 (size before relaxing)
 .debug_str     0x0000000000001111       0xa3 sound.o
                                        0x1d6 (size before relaxing)
 .debug_str     0x00000000000011b4      0x330 sprite.o
                                        0x560 (size before relaxing)
 .debug_str     0x00000000000014e4      0x12a main.o
                                        0x30c (size before relaxing)
 .debug_str     0x000000000000160e      0x212 /opt/toolchains/sh-elf/bin/../lib/gcc/sh-elf/11.1.0/libgcc.a(_mul_df.o)
                                        0x28a (size before relaxing)
 .debug_str     0x0000000000001820       0x27 /opt/toolchains/sh-elf/bin/../lib/gcc/sh-elf/11.1.0/libgcc.a(_si_to_df.o)
                                        0x216 (size before relaxing)
 .debug_str     0x0000000000001847        0xa /opt/toolchains/sh-elf/bin/../lib/gcc/sh-elf/11.1.0/libgcc.a(_df_to_si.o)
                                        0x233 (size before relaxing)
 .debug_str     0x0000000000001851      0x1d5 /opt/toolchains/sh-elf/bin/../lib/gcc/sh-elf/11.1.0/libgcc.a(_thenan_df.o)
 .debug_str     0x0000000000001851       0x59 /opt/toolchains/sh-elf/bin/../lib/gcc/sh-elf/11.1.0/libgcc.a(_clzsi2.o)
                                        0x198 (size before relaxing)
 .debug_str     0x00000000000018aa        0x7 /opt/toolchains/sh-elf/bin/../lib/gcc/sh-elf/11.1.0/libgcc.a(_pack_df.o)
                                        0x227 (size before relaxing)
 .debug_str     0x00000000000018b1      0x209 /opt/toolchains/sh-elf/bin/../lib/gcc/sh-elf/11.1.0/libgcc.a(_unpack_df.o)
 .debug_str     0x00000000000018b1      0x17b /opt/toolchains/sh-elf/bin/../lib/gcc/sh-elf/11.1.0/libgcc.a(_clz.o)

.comment        0x0000000000000000       0x12
 .comment       0x0000000000000000       0x12 vblank.o
                                         0x13 (size before relaxing)
 .comment       0x0000000000000012       0x13 bg.o
 .comment       0x0000000000000012       0x13 cd.o
 .comment       0x0000000000000012       0x13 crc.o
 .comment       0x0000000000000012       0x13 devcart.o
 .comment       0x0000000000000012       0x13 game.o
 .comment       0x0000000000000012       0x13 hwram.o
 .comment       0x0000000000000012       0x13 pcmsys.o
 .comment       0x0000000000000012       0x13 piece.o
 .comment       0x0000000000000012       0x13 print.o
 .comment       0x0000000000000012       0x13 rng.o
 .comment       0x0000000000000012       0x13 scroll.o
 .comment       0x0000000000000012       0x13 sound.o
 .comment       0x0000000000000012       0x13 sprite.o
 .comment       0x0000000000000012       0x13 main.o
 .comment       0x0000000000000012       0x13 ../sbl/segalib/lib/libsat.a(dma_scu1.o)
 .comment       0x0000000000000012       0x13 ../sbl/segalib/lib/libsat.a(mth_rand.o)
 .comment       0x0000000000000012       0x13 ../sbl/segalib/lib/libsat.a(per_prt.o)
 .comment       0x0000000000000012       0x13 ../sbl/segalib/lib/libsat.a(spr_2c.o)
 .comment       0x0000000000000012       0x13 ../sbl/segalib/lib/libsat.a(scl_func.o)
 .comment       0x0000000000000012       0x13 ../sbl/segalib/lib/libsat.a(scl_fu02.o)
 .comment       0x0000000000000012       0x13 ../sbl/segalib/lib/libsat.a(scl_fu03.o)
 .comment       0x0000000000000012       0x13 ../sbl/segalib/lib/libsat.a(scl_fu04.o)
 .comment       0x0000000000000012       0x13 ../sbl/segalib/lib/libsat.a(scl_pri.o)
 .comment       0x0000000000000012       0x13 ../sbl/segalib/lib/libsat.a(scl_ro00.o)
 .comment       0x0000000000000012       0x13 ../sbl/segalib/lib/libsat.a(scl_ro03.o)
 .comment       0x0000000000000012       0x13 ../sbl/segalib/lib/libsat.a(scl_back.o)
 .comment       0x0000000000000012       0x13 ../sbl/segalib/lib/libsat.a(scl_vblv.o)
 .comment       0x0000000000000012       0x13 ../sbl/segalib/lib/libsat.a(scl_pr01.o)
 .comment       0x0000000000000012       0x13 ../sbl/segalib/lib/libsat.a(scl_pr02.o)
 .comment       0x0000000000000012       0x13 ../sbl/segalib/lib/libsat.a(scl_pr03.o)
 .comment       0x0000000000000012       0x13 ../sbl/segalib/lib/libsat.a(scl_pr05.o)
 .comment       0x0000000000000012       0x13 ../sbl/segalib/lib/libsat.a(scl_pr06.o)
 .comment       0x0000000000000012       0x13 ../sbl/segalib/lib/libsat.a(scl_pr07.o)
 .comment       0x0000000000000012       0x13 ../sbl/segalib/lib/libsat.a(scl_pr11.o)
 .comment       0x0000000000000012       0x13 ../sbl/segalib/lib/libsat.a(scl_pr12.o)
 .comment       0x0000000000000012       0x13 ../sbl/segalib/lib/libsat.a(csh_main.o)
 .comment       0x0000000000000012       0x13 ../sbl/segalib/lib/libsat.a(dma_scu0.o)
 .comment       0x0000000000000012       0x13 ../sbl/segalib/lib/libsat.a(spr_1c.o)
 .comment       0x0000000000000012       0x13 /opt/toolchains/sh-elf/bin/../lib/gcc/sh-elf/11.1.0/libgcc.a(_mul_df.o)
 .comment       0x0000000000000012       0x13 /opt/toolchains/sh-elf/bin/../lib/gcc/sh-elf/11.1.0/libgcc.a(_si_to_df.o)
 .comment       0x0000000000000012       0x13 /opt/toolchains/sh-elf/bin/../lib/gcc/sh-elf/11.1.0/libgcc.a(_df_to_si.o)
 .comment       0x0000000000000012       0x13 /opt/toolchains/sh-elf/bin/../lib/gcc/sh-elf/11.1.0/libgcc.a(_thenan_df.o)
 .comment       0x0000000000000012       0x13 /opt/toolchains/sh-elf/bin/../lib/gcc/sh-elf/11.1.0/libgcc.a(_clzsi2.o)
 .comment       0x0000000000000012       0x13 /opt/toolchains/sh-elf/bin/../lib/gcc/sh-elf/11.1.0/libgcc.a(_pack_df.o)
 .comment       0x0000000000000012       0x13 /opt/toolchains/sh-elf/bin/../lib/gcc/sh-elf/11.1.0/libgcc.a(_unpack_df.o)
 .comment       0x0000000000000012       0x13 /opt/toolchains/sh-elf/bin/../lib/gcc/sh-elf/11.1.0/libgcc.a(_clz.o)

.debug_frame    0x0000000000000000      0xe7c
 .debug_frame   0x0000000000000000       0x84 vblank.o
 .debug_frame   0x0000000000000084       0xf0 bg.o
 .debug_frame   0x0000000000000174       0x40 cd.o
 .debug_frame   0x00000000000001b4       0x20 crc.o
 .debug_frame   0x00000000000001d4       0x98 devcart.o
 .debug_frame   0x000000000000026c      0x258 game.o
 .debug_frame   0x00000000000004c4      0x174 pcmsys.o
 .debug_frame   0x0000000000000638       0xc4 print.o
 .debug_frame   0x00000000000006fc       0x80 rng.o
 .debug_frame   0x000000000000077c      0x250 scroll.o
 .debug_frame   0x00000000000009cc       0x64 sound.o
 .debug_frame   0x0000000000000a30      0x224 sprite.o
 .debug_frame   0x0000000000000c54       0x48 main.o
 .debug_frame   0x0000000000000c9c       0x98 /opt/toolchains/sh-elf/bin/../lib/gcc/sh-elf/11.1.0/libgcc.a(_mul_df.o)
 .debug_frame   0x0000000000000d34       0x3c /opt/toolchains/sh-elf/bin/../lib/gcc/sh-elf/11.1.0/libgcc.a(_si_to_df.o)
 .debug_frame   0x0000000000000d70       0x48 /opt/toolchains/sh-elf/bin/../lib/gcc/sh-elf/11.1.0/libgcc.a(_df_to_si.o)
 .debug_frame   0x0000000000000db8       0x38 /opt/toolchains/sh-elf/bin/../lib/gcc/sh-elf/11.1.0/libgcc.a(_clzsi2.o)
 .debug_frame   0x0000000000000df0       0x6c /opt/toolchains/sh-elf/bin/../lib/gcc/sh-elf/11.1.0/libgcc.a(_pack_df.o)
 .debug_frame   0x0000000000000e5c       0x20 /opt/toolchains/sh-elf/bin/../lib/gcc/sh-elf/11.1.0/libgcc.a(_unpack_df.o)

.debug_loclists
                0x0000000000000000     0x1a06
 .debug_loclists
                0x0000000000000000       0x4b bg.o
 .debug_loclists
                0x000000000000004b       0x36 cd.o
 .debug_loclists
                0x0000000000000081       0x64 crc.o
 .debug_loclists
                0x00000000000000e5      0x1ae devcart.o
 .debug_loclists
                0x0000000000000293      0x555 game.o
 .debug_loclists
                0x00000000000007e8      0x26a pcmsys.o
 .debug_loclists
                0x0000000000000a52      0x19d print.o
 .debug_loclists
                0x0000000000000bef       0x70 rng.o
 .debug_loclists
                0x0000000000000c5f      0x42c scroll.o
 .debug_loclists
                0x000000000000108b       0x1e sound.o
 .debug_loclists
                0x00000000000010a9      0x2ed sprite.o
 .debug_loclists
                0x0000000000001396      0x30c /opt/toolchains/sh-elf/bin/../lib/gcc/sh-elf/11.1.0/libgcc.a(_mul_df.o)
 .debug_loclists
                0x00000000000016a2       0x6c /opt/toolchains/sh-elf/bin/../lib/gcc/sh-elf/11.1.0/libgcc.a(_si_to_df.o)
 .debug_loclists
                0x000000000000170e       0x35 /opt/toolchains/sh-elf/bin/../lib/gcc/sh-elf/11.1.0/libgcc.a(_df_to_si.o)
 .debug_loclists
                0x0000000000001743       0x22 /opt/toolchains/sh-elf/bin/../lib/gcc/sh-elf/11.1.0/libgcc.a(_clzsi2.o)
 .debug_loclists
                0x0000000000001765      0x230 /opt/toolchains/sh-elf/bin/../lib/gcc/sh-elf/11.1.0/libgcc.a(_pack_df.o)
 .debug_loclists
                0x0000000000001995       0x71 /opt/toolchains/sh-elf/bin/../lib/gcc/sh-elf/11.1.0/libgcc.a(_unpack_df.o)

.debug_rnglists
                0x0000000000000000      0x579
 .debug_rnglists
                0x0000000000000000       0x24 bg.o
 .debug_rnglists
                0x0000000000000024       0x7e devcart.o
 .debug_rnglists
                0x00000000000000a2      0x287 game.o
 .debug_rnglists
                0x0000000000000329       0x66 pcmsys.o
 .debug_rnglists
                0x000000000000038f       0x23 rng.o
 .debug_rnglists
                0x00000000000003b2       0x47 scroll.o
 .debug_rnglists
                0x00000000000003f9       0x7b sprite.o
 .debug_rnglists
                0x0000000000000474       0x14 main.o
 .debug_rnglists
                0x0000000000000488       0x2e /opt/toolchains/sh-elf/bin/../lib/gcc/sh-elf/11.1.0/libgcc.a(_mul_df.o)
 .debug_rnglists
                0x00000000000004b6       0x26 /opt/toolchains/sh-elf/bin/../lib/gcc/sh-elf/11.1.0/libgcc.a(_si_to_df.o)
 .debug_rnglists
                0x00000000000004dc       0x1f /opt/toolchains/sh-elf/bin/../lib/gcc/sh-elf/11.1.0/libgcc.a(_clzsi2.o)
 .debug_rnglists
                0x00000000000004fb       0x7e /opt/toolchains/sh-elf/bin/../lib/gcc/sh-elf/11.1.0/libgcc.a(_pack_df.o)
