Archive member included to satisfy reference by file (symbol)

../sbl/segalib/lib/libsat.a(mth_rand.o)
                              rng.o (_MTH_InitialRand)
../sbl/segalib/lib/libsat.a(mth_fixd.o)
                              sprite.o (_MTH_Mul)
../sbl/segalib/lib/libsat.a(mth_tri.o)
                              sprite.o (_MTH_Sin)
../sbl/segalib/lib/libsat.a(per_prt.o)
                              vblank.o (_PER_Init)
../sbl/segalib/lib/libsat.a(spr_2c.o)
                              sprite.o (_SPR_2SetTvMode)
../sbl/segalib/lib/libsat.a(scl_func.o)
                              scroll.o (_Scl_n_reg)
../sbl/segalib/lib/libsat.a(scl_fu02.o)
                              scroll.o (_SCL_InitVramConfigTb)
../sbl/segalib/lib/libsat.a(scl_fu03.o)
                              scroll.o (_SCL_InitConfigTb)
../sbl/segalib/lib/libsat.a(scl_fu04.o)
                              scroll.o (_SCL_SetCycleTable)
../sbl/segalib/lib/libsat.a(scl_pri.o)
                              ../sbl/segalib/lib/libsat.a(scl_func.o) (_SCL_PriorityInit)
../sbl/segalib/lib/libsat.a(scl_ro00.o)
                              ../sbl/segalib/lib/libsat.a(scl_func.o) (_SCL_Rotate)
../sbl/segalib/lib/libsat.a(scl_back.o)
                              scroll.o (_SCL_SetBack)
../sbl/segalib/lib/libsat.a(scl_vblv.o)
                              ../sbl/segalib/lib/libsat.a(spr_2c.o) (_SCL_SetFrameInterval)
../sbl/segalib/lib/libsat.a(scl_pr01.o)
                              sprite.o (_SCL_SetSpriteMode)
../sbl/segalib/lib/libsat.a(scl_pr02.o)
                              scroll.o (_SCL_SetColRam)
../sbl/segalib/lib/libsat.a(scl_pr03.o)
                              scroll.o (_SCL_AllocColRam)
../sbl/segalib/lib/libsat.a(scl_pr05.o)
                              ../sbl/segalib/lib/libsat.a(scl_pr02.o) (_SCL_GetColRamOffset)
../sbl/segalib/lib/libsat.a(scl_pr06.o)
                              ../sbl/segalib/lib/libsat.a(scl_pr03.o) (_SCL_SetColRamOffset)
../sbl/segalib/lib/libsat.a(scl_pr07.o)
                              scroll.o (_SCL_SetPriority)
../sbl/segalib/lib/libsat.a(spr_1c.o)
                              ../sbl/segalib/lib/libsat.a(spr_2c.o) (_SPR_SetTvMode)
../sbl/segalib/lib/libsat.a(spr_2a.o)
                              ../sbl/segalib/lib/libsat.a(spr_2c.o) (_SPR_2SetDrawPrty)
/opt/toolchains/sh-elf/bin/../lib/gcc/sh-elf/11.1.0/libgcc.a(_ashiftrt.o)
                              ../sbl/segalib/lib/libsat.a(scl_ro00.o) (___ashiftrt_r4_6)
/opt/toolchains/sh-elf/bin/../lib/gcc/sh-elf/11.1.0/libgcc.a(_ashiftlt.o)
                              scroll.o (___ashlsi3_r0)
/opt/toolchains/sh-elf/bin/../lib/gcc/sh-elf/11.1.0/libgcc.a(_movmem.o)
                              scroll.o (___movmem)
/opt/toolchains/sh-elf/bin/../lib/gcc/sh-elf/11.1.0/libgcc.a(_udivsi3.o)
                              ../sbl/segalib/lib/libsat.a(scl_fu03.o) (___udivsi3)
/opt/toolchains/sh-elf/bin/../lib/gcc/sh-elf/11.1.0/libgcc.a(_mul_df.o)
                              ../sbl/segalib/lib/libsat.a(scl_ro00.o) (___muldf3)
/opt/toolchains/sh-elf/bin/../lib/gcc/sh-elf/11.1.0/libgcc.a(_si_to_df.o)
                              ../sbl/segalib/lib/libsat.a(scl_ro00.o) (___floatsidf)
/opt/toolchains/sh-elf/bin/../lib/gcc/sh-elf/11.1.0/libgcc.a(_df_to_si.o)
                              ../sbl/segalib/lib/libsat.a(scl_ro00.o) (___fixdfsi)
/opt/toolchains/sh-elf/bin/../lib/gcc/sh-elf/11.1.0/libgcc.a(_thenan_df.o)
                              /opt/toolchains/sh-elf/bin/../lib/gcc/sh-elf/11.1.0/libgcc.a(_mul_df.o) (___thenan_df)
/opt/toolchains/sh-elf/bin/../lib/gcc/sh-elf/11.1.0/libgcc.a(_lshiftrt.o)
                              /opt/toolchains/sh-elf/bin/../lib/gcc/sh-elf/11.1.0/libgcc.a(_si_to_df.o) (___lshrsi3_r0)
/opt/toolchains/sh-elf/bin/../lib/gcc/sh-elf/11.1.0/libgcc.a(_clzsi2.o)
                              /opt/toolchains/sh-elf/bin/../lib/gcc/sh-elf/11.1.0/libgcc.a(_si_to_df.o) (___clzsi2)
/opt/toolchains/sh-elf/bin/../lib/gcc/sh-elf/11.1.0/libgcc.a(_pack_df.o)
                              /opt/toolchains/sh-elf/bin/../lib/gcc/sh-elf/11.1.0/libgcc.a(_mul_df.o) (___pack_d)
/opt/toolchains/sh-elf/bin/../lib/gcc/sh-elf/11.1.0/libgcc.a(_unpack_df.o)
                              /opt/toolchains/sh-elf/bin/../lib/gcc/sh-elf/11.1.0/libgcc.a(_mul_df.o) (___unpack_d)
/opt/toolchains/sh-elf/bin/../lib/gcc/sh-elf/11.1.0/libgcc.a(_clz.o)
                              /opt/toolchains/sh-elf/bin/../lib/gcc/sh-elf/11.1.0/libgcc.a(_clzsi2.o) (___clz_tab)
/opt/toolchains/sh-elf/bin/../lib/gcc/sh-elf/11.1.0/../../../../sh-elf/lib/libc.a(lib_a-memcpy.o)
                              scroll.o (_memcpy)
/opt/toolchains/sh-elf/bin/../lib/gcc/sh-elf/11.1.0/../../../../sh-elf/lib/libc.a(lib_a-memset.o)
                              scroll.o (_memset)

Memory Configuration

Name             Origin             Length             Attributes
*default*        0x0000000000000000 0xffffffffffffffff

Linker script and memory map

LOAD entry.o
LOAD stack.o
LOAD vblank.o
LOAD cd.o
LOAD crc.o
LOAD devcart.o
LOAD game.o
LOAD piece.o
LOAD print.o
LOAD rng.o
LOAD scroll.o
LOAD sound.o
LOAD sprite.o
LOAD main.o
LOAD ../sbl/segalib/lib/libsat.a
LOAD /opt/toolchains/sh-elf/bin/../lib/gcc/sh-elf/11.1.0/libgcc.a
LOAD /opt/toolchains/sh-elf/bin/../lib/gcc/sh-elf/11.1.0/libgcc-Os-4-200.a
LOAD /opt/toolchains/sh-elf/bin/../lib/gcc/sh-elf/11.1.0/../../../../sh-elf/lib/libc.a
LOAD /opt/toolchains/sh-elf/bin/../lib/gcc/sh-elf/11.1.0/libgcc.a
LOAD /opt/toolchains/sh-elf/bin/../lib/gcc/sh-elf/11.1.0/libgcc-Os-4-200.a

.entry          0x0000000006010000       0x60
 *(.entry)
 .entry         0x0000000006010000       0x50 entry.o
                0x0000000006010000                _entry
                0x0000000006010060                . = ALIGN (0x20)
 *fill*         0x0000000006010050       0x10 
                0x0000000006010060                _eentry = ABSOLUTE (.)

.text           0x0000000006010060     0x9600
 *(.text*)
 .text          0x0000000006010060        0x0 entry.o
 .text          0x0000000006010060        0x0 stack.o
 .text          0x0000000006010060      0x1c4 vblank.o
                0x0000000006010060                _SetVblank
                0x0000000006010118                _CheckVblankEnd
                0x0000000006010130                _UsrVblankIn
                0x000000000601014c                _UsrVblankOut
 .text          0x0000000006010224       0x78 cd.o
                0x0000000006010224                _CD_Init
                0x0000000006010232                _CD_ChangeDir
                0x0000000006010260                _CD_Load
 .text          0x000000000601029c       0x98 crc.o
                0x000000000601029c                _crc_update
 .text          0x0000000006010334      0x418 devcart.o
                0x0000000006010460                _Devcart_LoadFile
                0x000000000601060c                _Devcart_PrintStr
                0x0000000006010680                _Devcart_Reset
                0x00000000060106d8                _Devcart_ChangeDir
 .text          0x000000000601074c      0x5d8 game.o
                0x00000000060109fc                _Game_Init
                0x0000000006010b34                _Game_Run
 .text          0x0000000006010d24        0x0 piece.o
 .text          0x0000000006010d24      0x340 print.o
                0x0000000006010d24                _Print_Load
                0x0000000006010d4c                _Print_Init
                0x0000000006010dcc                _Print_Num
                0x0000000006010e90                _Print_String
                0x0000000006010f64                _Print_Display
 .text          0x0000000006011064      0x240 rng.o
                0x0000000006011118                _RNG_Init
                0x00000000060111c0                _RNG_Get
 .text          0x00000000060112a4      0xa60 scroll.o
                0x00000000060112a4                _Scroll_Init
                0x0000000006011640                _Scroll_LoadTile
                0x0000000006011774                _Scroll_TilePtr
                0x00000000060117fc                _Scroll_MapPtr
                0x0000000006011888                _Scroll_Scale
                0x00000000060119e0                _Scroll_Set
                0x0000000006011a50                _Scroll_Move
                0x0000000006011ac0                _Scroll_ClearMaps
                0x0000000006011b2c                _Scroll_ClearVram
                0x0000000006011b7c                _Scroll_CharSize
                0x0000000006011c00                _Scroll_Enable
                0x0000000006011c80                _Scroll_MapSize
 .text          0x0000000006011d04       0x46 sound.o
                0x0000000006011d04                _sound_init
                0x0000000006011d12                _sound_cdda
                0x0000000006011d2e                _sound_play
 *fill*         0x0000000006011d4a        0x2 
 .text          0x0000000006011d4c      0xd9c sprite.o
                0x0000000006011d4c                _Sprite_Init
                0x0000000006011e38                _Sprite_Clear
                0x000000000601220c                _Sprite_Load
                0x00000000060122c8                _Sprite_StartDraw
                0x000000000601230c                _Sprite_Draw
                0x0000000006012710                _Sprite_Make
                0x00000000060127c8                _Sprite_DrawAll
                0x00000000060128b0                _Sprite_Next
                0x000000000601296c                _Sprite_ListAdd
                0x00000000060129ce                _Sprite_ListRemove
                0x0000000006012a4a                _Sprite_Delete
                0x0000000006012a88                _Sprite_DeleteAll
 .text          0x0000000006012ae8       0xec main.o
                0x0000000006012ae8                _main
 .text          0x0000000006012bd4       0x24 ../sbl/segalib/lib/libsat.a(mth_rand.o)
                0x0000000006012bd4                _MTH_InitialRand
                0x0000000006012be0                _MTH_GetRand
 .text          0x0000000006012bf8       0x78 ../sbl/segalib/lib/libsat.a(mth_fixd.o)
                0x0000000006012bf8                _MTH_Mul
                0x0000000006012c0c                _MTH_Div
                0x0000000006012c20                _MTH_IntToFixed
                0x0000000006012c28                _MTH_FixedToInt
                0x0000000006012c30                _MTH_Product
 .text          0x0000000006012c70      0x5d4 ../sbl/segalib/lib/libsat.a(mth_tri.o)
                0x0000000006012c70                _MTH_Sin
                0x0000000006012cb0                _MTH_Cos
                0x0000000006012cf4                _fcos
                0x0000000006012cfa                _fsin
                0x0000000006012e8c                _MTH_Atan
 .text          0x0000000006013244      0xf58 ../sbl/segalib/lib/libsat.a(per_prt.o)
                0x0000000006013644                _PER_IntFunc
                0x0000000006013ef4                _PER_Init
                0x000000000601409c                _PER_GetPer
 .text          0x000000000601419c      0xcbc ../sbl/segalib/lib/libsat.a(spr_2c.o)
                0x000000000601419c                _SPR_2SetTvMode
                0x00000000060141ac                _SPR_2FrameChgIntr
                0x00000000060141c0                _SPR_2FrameEraseData
                0x0000000006014200                _SPR_2SetGourTbl
                0x0000000006014230                _SPR_2SetLookupTbl
                0x000000000601424c                _SPR_2SetChar
                0x0000000006014378                _SPR_2ClrChar
                0x0000000006014480                _SPR_2ClrAllChar
                0x00000000060144cc                _SPR_2Initial
                0x0000000006014620                _SPR_2GourTblNoToVram
                0x000000000601463c                _SPR_2LookupTblNoToVram
                0x000000000601464c                _SPR_2CharNoToVram
                0x0000000006014660                _SPR_2GetAreaSizeInfo
                0x00000000060146c0                _SPR_2OpenCommand
                0x0000000006014758                _SPR_2FlushDrawPrty
                0x0000000006014798                _SPR_2CloseCommand
                0x00000000060148b8                _SPR_2LocalCoord
                0x0000000006014910                _SPR_2SysClip
                0x0000000006014958                _SPR_2UserClip
                0x00000000060149a8                _SPR_2Line
                0x0000000006014a44                _SPR_2PolyLine
                0x0000000006014ae4                _SPR_2Polygon
                0x0000000006014b84                _SPR_2NormSpr
                0x0000000006014c50                _SPR_2ScaleSpr
                0x0000000006014d38                _SPR_2DistSpr
                0x0000000006014e10                _SPR_2Cmd
 .text          0x0000000006014e58      0x754 ../sbl/segalib/lib/libsat.a(scl_func.o)
                0x0000000006014e58                _SCL_ParametersInit
                0x0000000006014f44                _SCL_Vdp2Init
                0x0000000006014fac                _SCL_Open
                0x0000000006014fc8                _SCL_Close
                0x0000000006014fdc                _SCL_MoveTo
                0x00000000060150d0                _SCL_Move
                0x00000000060151fc                _SCL_Scale
                0x0000000006015300                _SCL_Memcpyw
                0x0000000006015314                _SCL_CopyReg
                0x00000000060153f4                _SCL_SetColRamMode
                0x0000000006015444                _SCL_PriIntProc
                0x0000000006015540                _SCL_ScrollShow
 .text          0x00000000060155ac      0x384 ../sbl/segalib/lib/libsat.a(scl_fu02.o)
                0x00000000060155ac                _SCL_InitVramConfigTb
                0x00000000060155ba                _SCL_SetVramConfig
 .text          0x0000000006015930      0x62c ../sbl/segalib/lib/libsat.a(scl_fu03.o)
                0x0000000006015930                _SCL_InitConfigTb
                0x0000000006015948                _SCL_SetConfig
 .text          0x0000000006015f5c       0x18 ../sbl/segalib/lib/libsat.a(scl_fu04.o)
                0x0000000006015f5c                _SCL_SetCycleTable
 .text          0x0000000006015f74      0xf30 ../sbl/segalib/lib/libsat.a(scl_pri.o)
                0x0000000006015f74                _SCL_PriorityInit
                0x0000000006016520                _SCL_GetColRamMode
                0x0000000006016540                _SCL_AbortAutoVe
                0x000000000601654c                _SCL_SetColMixRate
                0x00000000060168b4                _SCL_IncColOffset
                0x0000000006016928                _SCL_AutoExec
                0x0000000006016d54                _SCL_SetShadowBit
 .text          0x0000000006016ea4      0xe38 ../sbl/segalib/lib/libsat.a(scl_ro00.o)
                0x0000000006016fc8                _SCL_InitRotateTable
                0x0000000006017210                _SCL_RotateZD
                0x0000000006017350                _SCL_Rotate
 .text          0x0000000006017cdc       0x74 ../sbl/segalib/lib/libsat.a(scl_back.o)
                0x0000000006017cdc                _SCL_SetBack
 .text          0x0000000006017d50      0x264 ../sbl/segalib/lib/libsat.a(scl_vblv.o)
                0x0000000006017d50                _SCL_SetFrameInterval
                0x0000000006017dc8                _SCL_DisplayFrame
                0x0000000006017df4                _SCL_VblInit
                0x0000000006017e3c                _SCL_VblankStart
                0x0000000006017f0c                _SCL_VblankEnd
 .text          0x0000000006017fb4       0x54 ../sbl/segalib/lib/libsat.a(scl_pr01.o)
                0x0000000006017fb4                _SCL_SetSpriteMode
 .text          0x0000000006018008       0x90 ../sbl/segalib/lib/libsat.a(scl_pr02.o)
                0x0000000006018008                _SCL_SetColRam
 .text          0x0000000006018098      0x10c ../sbl/segalib/lib/libsat.a(scl_pr03.o)
                0x0000000006018098                _SCL_FreeColRam
                0x00000000060180c0                _SCL_AllocColRam
 .text          0x00000000060181a4       0xac ../sbl/segalib/lib/libsat.a(scl_pr05.o)
                0x00000000060181a4                _SCL_GetColRamOffset
 .text          0x0000000006018250      0x180 ../sbl/segalib/lib/libsat.a(scl_pr06.o)
                0x0000000006018250                _SCL_SetColRamOffset
 .text          0x00000000060183d0      0x1c8 ../sbl/segalib/lib/libsat.a(scl_pr07.o)
                0x00000000060183d0                _SCL_SetPriority
 .text          0x0000000006018598      0x240 ../sbl/segalib/lib/libsat.a(spr_1c.o)
                0x0000000006018598                _SPR_SetTvMode
                0x0000000006018614                _SPR_GetStatus
                0x0000000006018668                _SPR_SetEraseData
                0x0000000006018700                _SPR_Initial
                0x00000000060187b4                _SPR_WaitDrawEnd
                0x00000000060187c4                _SPR_SetEosMode
 .text          0x00000000060187d8      0x16c ../sbl/segalib/lib/libsat.a(spr_2a.o)
                0x00000000060187d8                _SPR_2SetDrawPrty
                0x0000000006018848                _SPR_2FlushDrawPrtyBlock
 .text          0x0000000006018944       0x52 /opt/toolchains/sh-elf/bin/../lib/gcc/sh-elf/11.1.0/libgcc.a(_ashiftrt.o)
                0x0000000006018944                ___ashiftrt_r4_31
                0x0000000006018944                ___ashiftrt_r4_32
                0x000000000601894a                ___ashiftrt_r4_30
                0x000000000601894c                ___ashiftrt_r4_29
                0x000000000601894e                ___ashiftrt_r4_28
                0x0000000006018950                ___ashiftrt_r4_27
                0x0000000006018952                ___ashiftrt_r4_26
                0x0000000006018954                ___ashiftrt_r4_25
                0x0000000006018956                ___ashiftrt_r4_24
                0x000000000601895e                ___ashiftrt_r4_23
                0x0000000006018960                ___ashiftrt_r4_22
                0x0000000006018962                ___ashiftrt_r4_21
                0x0000000006018964                ___ashiftrt_r4_20
                0x0000000006018966                ___ashiftrt_r4_19
                0x0000000006018968                ___ashiftrt_r4_18
                0x000000000601896a                ___ashiftrt_r4_17
                0x000000000601896c                ___ashiftrt_r4_16
                0x0000000006018972                ___ashiftrt_r4_15
                0x0000000006018974                ___ashiftrt_r4_14
                0x0000000006018976                ___ashiftrt_r4_13
                0x0000000006018978                ___ashiftrt_r4_12
                0x000000000601897a                ___ashiftrt_r4_11
                0x000000000601897c                ___ashiftrt_r4_10
                0x000000000601897e                ___ashiftrt_r4_9
                0x0000000006018980                ___ashiftrt_r4_8
                0x0000000006018982                ___ashiftrt_r4_7
                0x0000000006018984                ___ashiftrt_r4_6
                0x0000000006018986                ___ashiftrt_r4_5
                0x0000000006018988                ___ashiftrt_r4_4
                0x000000000601898a                ___ashiftrt_r4_3
                0x000000000601898c                ___ashiftrt_r4_2
                0x000000000601898e                ___ashiftrt_r4_1
                0x0000000006018992                ___ashiftrt_r4_0
 *fill*         0x0000000006018996        0x2 
 .text          0x0000000006018998       0xbc /opt/toolchains/sh-elf/bin/../lib/gcc/sh-elf/11.1.0/libgcc.a(_ashiftlt.o)
                0x0000000006018998                ___ashlsi3
                0x000000000601899c                ___ashlsi3_r0
 .text          0x0000000006018a54       0x78 /opt/toolchains/sh-elf/bin/../lib/gcc/sh-elf/11.1.0/libgcc.a(_movmem.o)
                0x0000000006018a54                ___movmem
                0x0000000006018a54                ___movstr
                0x0000000006018a88                ___movmemSI64
                0x0000000006018a88                ___movstrSI64
                0x0000000006018a8c                ___movmemSI60
                0x0000000006018a8c                ___movstrSI60
                0x0000000006018a90                ___movstrSI56
                0x0000000006018a90                ___movmemSI56
                0x0000000006018a94                ___movmemSI52
                0x0000000006018a94                ___movstrSI52
                0x0000000006018a98                ___movstrSI48
                0x0000000006018a98                ___movmemSI48
                0x0000000006018a9c                ___movmemSI44
                0x0000000006018a9c                ___movstrSI44
                0x0000000006018aa0                ___movstrSI40
                0x0000000006018aa0                ___movmemSI40
                0x0000000006018aa4                ___movstrSI36
                0x0000000006018aa4                ___movmemSI36
                0x0000000006018aa8                ___movstrSI32
                0x0000000006018aa8                ___movmemSI32
                0x0000000006018aac                ___movmemSI28
                0x0000000006018aac                ___movstrSI28
                0x0000000006018ab0                ___movmemSI24
                0x0000000006018ab0                ___movstrSI24
                0x0000000006018ab4                ___movmemSI20
                0x0000000006018ab4                ___movstrSI20
                0x0000000006018ab8                ___movstrSI16
                0x0000000006018ab8                ___movmemSI16
                0x0000000006018abc                ___movmemSI12
                0x0000000006018abc                ___movstrSI12
                0x0000000006018ac0                ___movstrSI8
                0x0000000006018ac0                ___movmemSI8
                0x0000000006018ac4                ___movstrSI4
                0x0000000006018ac4                ___movmemSI4
 .text          0x0000000006018acc       0x6c /opt/toolchains/sh-elf/bin/../lib/gcc/sh-elf/11.1.0/libgcc.a(_udivsi3.o)
                0x0000000006018aee                ___udivsi3
 .text          0x0000000006018b38      0x208 /opt/toolchains/sh-elf/bin/../lib/gcc/sh-elf/11.1.0/libgcc.a(_mul_df.o)
                0x0000000006018b38                ___muldf3
 .text          0x0000000006018d40       0xa8 /opt/toolchains/sh-elf/bin/../lib/gcc/sh-elf/11.1.0/libgcc.a(_si_to_df.o)
                0x0000000006018d40                ___floatsidf
 .text          0x0000000006018de8       0xa0 /opt/toolchains/sh-elf/bin/../lib/gcc/sh-elf/11.1.0/libgcc.a(_df_to_si.o)
                0x0000000006018de8                ___fixdfsi
 .text          0x0000000006018e88        0x0 /opt/toolchains/sh-elf/bin/../lib/gcc/sh-elf/11.1.0/libgcc.a(_thenan_df.o)
 .text          0x0000000006018e88       0xbc /opt/toolchains/sh-elf/bin/../lib/gcc/sh-elf/11.1.0/libgcc.a(_lshiftrt.o)
                0x0000000006018e88                ___lshrsi3
                0x0000000006018e8c                ___lshrsi3_r0
 .text          0x0000000006018f44       0x74 /opt/toolchains/sh-elf/bin/../lib/gcc/sh-elf/11.1.0/libgcc.a(_clzsi2.o)
                0x0000000006018f44                ___clzsi2
 .text          0x0000000006018fb8      0x29c /opt/toolchains/sh-elf/bin/../lib/gcc/sh-elf/11.1.0/libgcc.a(_pack_df.o)
                0x0000000006018fb8                ___pack_d
 .text          0x0000000006019254       0xcc /opt/toolchains/sh-elf/bin/../lib/gcc/sh-elf/11.1.0/libgcc.a(_unpack_df.o)
                0x0000000006019254                ___unpack_d
 .text          0x0000000006019320        0x0 /opt/toolchains/sh-elf/bin/../lib/gcc/sh-elf/11.1.0/libgcc.a(_clz.o)
 .text          0x0000000006019320       0x94 /opt/toolchains/sh-elf/bin/../lib/gcc/sh-elf/11.1.0/../../../../sh-elf/lib/libc.a(lib_a-memcpy.o)
                0x0000000006019320                _memcpy
 .text          0x00000000060193b4       0x40 /opt/toolchains/sh-elf/bin/../lib/gcc/sh-elf/11.1.0/../../../../sh-elf/lib/libc.a(lib_a-memset.o)
                0x00000000060193b4                _memset
 *(.rodata*)
 .rodata        0x00000000060193f4      0x100 crc.o
 .rodata        0x00000000060194f4       0x23 game.o
 *fill*         0x0000000006019517        0x1 
 .rodata        0x0000000006019518        0x9 print.o
 *fill*         0x0000000006019521        0x3 
 .rodata        0x0000000006019524        0x6 main.o
 .rodata        0x000000000601952a       0x20 ../sbl/segalib/lib/libsat.a(spr_1c.o)
 *fill*         0x000000000601954a        0x2 
 .rodata        0x000000000601954c       0x14 /opt/toolchains/sh-elf/bin/../lib/gcc/sh-elf/11.1.0/libgcc.a(_thenan_df.o)
                0x000000000601954c                ___thenan_df
 .rodata        0x0000000006019560      0x100 /opt/toolchains/sh-elf/bin/../lib/gcc/sh-elf/11.1.0/libgcc.a(_clz.o)
                0x0000000006019560                ___clz_tab
 *(.strings)
                0x0000000006019660                . = ALIGN (0x10)
                0x0000000006019660                _etext = ABSOLUTE (.)

.tors           0x0000000006019660        0x0
                0x0000000006019660                ___ctors = .
 *(.ctors)
                0x0000000006019660                ___ctors_end = .
                0x0000000006019660                ___dtors = .
 *(.dtors)
                0x0000000006019660                ___dtors_end = .
                0x0000000006019660                . = ALIGN (0x10)
                0x0000000006019660                _etors = ABSOLUTE (.)

.data           0x0000000006019660      0x7a0
 *(.data)
 .data          0x0000000006019660        0x0 entry.o
 .data          0x0000000006019660        0x0 stack.o
 .data          0x0000000006019660        0x0 vblank.o
 .data          0x0000000006019660        0x0 cd.o
 .data          0x0000000006019660        0x0 crc.o
 .data          0x0000000006019660        0x0 devcart.o
 .data          0x0000000006019660        0x0 game.o
 .data          0x0000000006019660      0x700 piece.o
                0x0000000006019660                _pieces
 .data          0x0000000006019d60        0x0 print.o
 .data          0x0000000006019d60        0x0 rng.o
 .data          0x0000000006019d60       0x50 scroll.o
                0x0000000006019d60                _vram
                0x0000000006019d70                _charOffsets
                0x0000000006019d80                _cycleTbLoRes
                0x0000000006019d90                _cycleTbHiRes
                0x0000000006019da0                _cycleTbBitmap
 .data          0x0000000006019db0        0x0 sound.o
 .data          0x0000000006019db0       0x18 sprite.o
 .data          0x0000000006019dc8        0x0 main.o
 .data          0x0000000006019dc8        0x0 ../sbl/segalib/lib/libsat.a(mth_rand.o)
 .data          0x0000000006019dc8        0x0 ../sbl/segalib/lib/libsat.a(mth_fixd.o)
 .data          0x0000000006019dc8        0x0 ../sbl/segalib/lib/libsat.a(mth_tri.o)
 .data          0x0000000006019dc8        0x3 ../sbl/segalib/lib/libsat.a(per_prt.o)
 .data          0x0000000006019dcb        0x0 ../sbl/segalib/lib/libsat.a(spr_2c.o)
 *fill*         0x0000000006019dcb        0x1 
 .data          0x0000000006019dcc        0x6 ../sbl/segalib/lib/libsat.a(scl_func.o)
                0x0000000006019dcc                _SclRotateTableMode
                0x0000000006019dce                _SclDisplayY
                0x0000000006019dd0                _SclDisplayX
 .data          0x0000000006019dd2        0x0 ../sbl/segalib/lib/libsat.a(scl_fu02.o)
 .data          0x0000000006019dd2        0x0 ../sbl/segalib/lib/libsat.a(scl_fu03.o)
 .data          0x0000000006019dd2        0x0 ../sbl/segalib/lib/libsat.a(scl_fu04.o)
 *fill*         0x0000000006019dd2        0x2 
 .data          0x0000000006019dd4       0x18 ../sbl/segalib/lib/libsat.a(scl_pri.o)
                0x0000000006019dd4                _SclRealColOffset
                0x0000000006019dd8                _SclRealBgColMix
                0x0000000006019ddc                _SclRealSpColMix
                0x0000000006019de0                _SclRealBgPriNum
                0x0000000006019de4                _SclRealSpPriNum
                0x0000000006019de8                _SclRealOtherPri
 .data          0x0000000006019dec        0x0 ../sbl/segalib/lib/libsat.a(scl_ro00.o)
 .data          0x0000000006019dec        0x0 ../sbl/segalib/lib/libsat.a(scl_back.o)
 .data          0x0000000006019dec        0x8 ../sbl/segalib/lib/libsat.a(scl_vblv.o)
                0x0000000006019dec                _VBInterval
                0x0000000006019df0                _SpFrameEraseMode
 .data          0x0000000006019df4        0x0 ../sbl/segalib/lib/libsat.a(scl_pr01.o)
 .data          0x0000000006019df4        0x0 ../sbl/segalib/lib/libsat.a(scl_pr02.o)
 .data          0x0000000006019df4        0x0 ../sbl/segalib/lib/libsat.a(scl_pr03.o)
 .data          0x0000000006019df4        0x0 ../sbl/segalib/lib/libsat.a(scl_pr05.o)
 .data          0x0000000006019df4        0x0 ../sbl/segalib/lib/libsat.a(scl_pr06.o)
 .data          0x0000000006019df4        0x0 ../sbl/segalib/lib/libsat.a(scl_pr07.o)
 .data          0x0000000006019df4        0x0 ../sbl/segalib/lib/libsat.a(spr_1c.o)
 .data          0x0000000006019df4        0x0 ../sbl/segalib/lib/libsat.a(spr_2a.o)
 .data          0x0000000006019df4        0x0 /opt/toolchains/sh-elf/bin/../lib/gcc/sh-elf/11.1.0/libgcc.a(_ashiftrt.o)
 .data          0x0000000006019df4        0x0 /opt/toolchains/sh-elf/bin/../lib/gcc/sh-elf/11.1.0/libgcc.a(_ashiftlt.o)
 .data          0x0000000006019df4        0x0 /opt/toolchains/sh-elf/bin/../lib/gcc/sh-elf/11.1.0/libgcc.a(_movmem.o)
 .data          0x0000000006019df4        0x0 /opt/toolchains/sh-elf/bin/../lib/gcc/sh-elf/11.1.0/libgcc.a(_udivsi3.o)
 .data          0x0000000006019df4        0x0 /opt/toolchains/sh-elf/bin/../lib/gcc/sh-elf/11.1.0/libgcc.a(_mul_df.o)
 .data          0x0000000006019df4        0x0 /opt/toolchains/sh-elf/bin/../lib/gcc/sh-elf/11.1.0/libgcc.a(_si_to_df.o)
 .data          0x0000000006019df4        0x0 /opt/toolchains/sh-elf/bin/../lib/gcc/sh-elf/11.1.0/libgcc.a(_df_to_si.o)
 .data          0x0000000006019df4        0x0 /opt/toolchains/sh-elf/bin/../lib/gcc/sh-elf/11.1.0/libgcc.a(_thenan_df.o)
 .data          0x0000000006019df4        0x0 /opt/toolchains/sh-elf/bin/../lib/gcc/sh-elf/11.1.0/libgcc.a(_lshiftrt.o)
 .data          0x0000000006019df4        0x0 /opt/toolchains/sh-elf/bin/../lib/gcc/sh-elf/11.1.0/libgcc.a(_clzsi2.o)
 .data          0x0000000006019df4        0x0 /opt/toolchains/sh-elf/bin/../lib/gcc/sh-elf/11.1.0/libgcc.a(_pack_df.o)
 .data          0x0000000006019df4        0x0 /opt/toolchains/sh-elf/bin/../lib/gcc/sh-elf/11.1.0/libgcc.a(_unpack_df.o)
 .data          0x0000000006019df4        0x0 /opt/toolchains/sh-elf/bin/../lib/gcc/sh-elf/11.1.0/libgcc.a(_clz.o)
 .data          0x0000000006019df4        0x0 /opt/toolchains/sh-elf/bin/../lib/gcc/sh-elf/11.1.0/../../../../sh-elf/lib/libc.a(lib_a-memcpy.o)
 .data          0x0000000006019df4        0x0 /opt/toolchains/sh-elf/bin/../lib/gcc/sh-elf/11.1.0/../../../../sh-elf/lib/libc.a(lib_a-memset.o)
                0x0000000006019e00                . = ALIGN (0x10)
 *fill*         0x0000000006019df4        0xc 
                0x0000000006019e00                _edata = ABSOLUTE (.)

.bss            0x0000000006019e00    0x16d50
                0x0000000006019e00                _bss_start = .
 *(.bss)
 .bss           0x0000000006019e00        0x0 entry.o
 .bss           0x0000000006019e00        0x0 stack.o
 .bss           0x0000000006019e00       0x34 vblank.o
                0x0000000006019e00                _PadData1
                0x0000000006019e02                _PadData1L
                0x0000000006019e04                _PadData1E
                0x0000000006019e06                _PadData2
                0x0000000006019e08                _PadData2L
                0x0000000006019e0a                _PadData2E
                0x0000000006019e0c                _PadWorkArea
                0x0000000006019e28                _perFlag
                0x0000000006019e2c                _VblankFlg
                0x0000000006019e30                _vblank_frames
 .bss           0x0000000006019e34     0x1674 cd.o
 .bss           0x000000000601b4a8        0x0 crc.o
 .bss           0x000000000601b4a8        0x0 devcart.o
 .bss           0x000000000601b4a8      0x368 game.o
                0x000000000601b4a8                _boardVram
 .bss           0x000000000601b810        0x0 piece.o
 .bss           0x000000000601b810     0x14a0 print.o
                0x000000000601b810                _text
 .bss           0x000000000601ccb0        0x8 rng.o
 .bss           0x000000000601ccb8      0x130 scroll.o
                0x000000000601ccb8                _scfg
 .bss           0x000000000601cde8        0x0 sound.o
 .bss           0x000000000601cde8    0x125fc sprite.o
                0x000000000601cde8                _numSprites
                0x000000000601cdec                _tileCount
                0x000000000601cdf0                _palCnt
                0x000000000601cdf4                _sprites
 .bss           0x000000000602f3e4        0x4 main.o
                0x000000000602f3e4                _frame
 .bss           0x000000000602f3e8        0x4 ../sbl/segalib/lib/libsat.a(mth_rand.o)
 .bss           0x000000000602f3ec        0x0 ../sbl/segalib/lib/libsat.a(mth_fixd.o)
 .bss           0x000000000602f3ec        0x0 ../sbl/segalib/lib/libsat.a(mth_tri.o)
 .bss           0x000000000602f3ec       0x7f ../sbl/segalib/lib/libsat.a(per_prt.o)
                0x000000000602f3ec                _per_set_sys_flg
                0x000000000602f3f0                _per_get_sys_data
                0x000000000602f3fc                _per_get_time_adr
                0x000000000602f400                _per_hot_res
                0x000000000602f401                _per_time_out_flg
 *fill*         0x000000000602f46b        0x1 
 .bss           0x000000000602f46c       0x94 ../sbl/segalib/lib/libsat.a(spr_2c.o)
                0x000000000602f46c                _SpCmdTblR
                0x000000000602f470                _SpCmdTbl
                0x000000000602f474                _SpCrCmdChain
                0x000000000602f478                _SpDrawPrtyBlk
                0x000000000602f47c                _SpCmdChain
                0x000000000602f480                _SpCmdChainBlkNo
                0x000000000602f484                _SpDrawPrtyProcFlag
                0x000000000602f488                _SpDrawPrtyTopCmdNo
                0x000000000602f48c                _SpCmdNo
                0x000000000602f490                _SpDrawPrtyBlkMax
                0x000000000602f494                _SpCharMax
                0x000000000602f498                _SpCharTbl
                0x000000000602f49c                _SpLCoordY
                0x000000000602f4a0                _SpLCoordX
                0x000000000602f4a4                _Sp2OpenFlag
 .bss           0x000000000602f500      0xf1c ../sbl/segalib/lib/libsat.a(scl_func.o)
                0x000000000602f500                _SclRPMD
                0x000000000602f504                _SclRotateMoveZ
                0x000000000602f50c                _SclRotateDisp
                0x000000000602f514                _SclRotateZ
                0x000000000602f51c                _SclRotateXy
                0x000000000602f524                _SclRotateTableAddress
                0x000000000602f528                _SclRb
                0x000000000602f529                _SclRa
                0x000000000602f52a                _SclRotXySw
                0x000000000602f530                _SclRbgKtbOffset
                0x000000000602f538                _SclRbgKtbAddr
                0x000000000602f540                _SclK_TableFlag
                0x000000000602f544                _SclK_TableNum
                0x000000000602f54c                _SclK_TableBuff
                0x000000000603021c                _SclRotregBuff
                0x000000000603031c                _Scl_w_reg
                0x000000000603033c                _Scl_r_reg
                0x000000000603034c                _Scl_n_reg
                0x000000000603038c                _Scl_d_reg
                0x00000000060303d4                _Scl_s_reg
                0x00000000060303fc                _SclProcess
                0x0000000006030400                _SclCurSclNum
                0x0000000006030404                _SclLengthCsTbl
                0x0000000006030406                _SclLengthLsTbl
                0x0000000006030408                _SclAddrCsTbl
                0x0000000006030410                _SclAddrLsTbl
 .bss           0x000000000603041c        0x0 ../sbl/segalib/lib/libsat.a(scl_fu02.o)
 .bss           0x000000000603041c        0x0 ../sbl/segalib/lib/libsat.a(scl_fu03.o)
 .bss           0x000000000603041c        0x0 ../sbl/segalib/lib/libsat.a(scl_fu04.o)
 .bss           0x000000000603041c      0x696 ../sbl/segalib/lib/libsat.a(scl_pri.o)
                0x000000000603041c                _SclAutoRGB
                0x0000000006030a1c                _SclAutoPlusFlag
                0x0000000006030a1d                _SclAutoVeFlag
                0x0000000006030a1e                _SclAutoEndRate
                0x0000000006030a1f                _SclAutoCurRate
                0x0000000006030a20                _SclAutoEndBlue2
                0x0000000006030a22                _SclAutoEndGreen2
                0x0000000006030a24                _SclAutoEndRed2
                0x0000000006030a26                _SclAutoEndBlue
                0x0000000006030a28                _SclAutoEndGreen
                0x0000000006030a2a                _SclAutoEndRed
                0x0000000006030a2c                _SclAutoBlue
                0x0000000006030a2e                _SclAutoGreen
                0x0000000006030a30                _SclAutoRed
                0x0000000006030a34                _SclAutoMax
                0x0000000006030a38                _SclAutoIndex
                0x0000000006030a3c                _SclAutoCount
                0x0000000006030a40                _SclAutoInterval
                0x0000000006030a44                _SclAutoSurface
                0x0000000006030a48                _SclColRamAlloc2048
                0x0000000006030a4c                _SclColRamAlloc256
                0x0000000006030a6c                _SclLineColRamOffset
                0x0000000006030a70                _SclPriBuffDirty
                0x0000000006030a74                _SclColOffset
                0x0000000006030a84                _SclBgColMix
                0x0000000006030a8c                _SclSpColMix
                0x0000000006030a94                _SclBgPriNum
                0x0000000006030a9a                _SclSpPriNum
                0x0000000006030aa2                _SclOtherPri
 *fill*         0x0000000006030ab2        0x2 
 .bss           0x0000000006030ab4       0x58 ../sbl/segalib/lib/libsat.a(scl_ro00.o)
                0x0000000006030ab4                _SclCsy
                0x0000000006030abc                _SclCsx
 .bss           0x0000000006030b0c        0x0 ../sbl/segalib/lib/libsat.a(scl_back.o)
 .bss           0x0000000006030b0c       0x16 ../sbl/segalib/lib/libsat.a(scl_vblv.o)
                0x0000000006030b0c                _frameChgFlag
                0x0000000006030b10                _VBIntrDisableDepth
                0x0000000006030b14                _ReqDisplayFlag2
                0x0000000006030b18                _ReqDisplayFlag1
                0x0000000006030b1c                _VBIntervalCounter
                0x0000000006030b20                _SpFrameChgMode
 .bss           0x0000000006030b22        0x0 ../sbl/segalib/lib/libsat.a(scl_pr01.o)
 .bss           0x0000000006030b22        0x0 ../sbl/segalib/lib/libsat.a(scl_pr02.o)
 .bss           0x0000000006030b22        0x0 ../sbl/segalib/lib/libsat.a(scl_pr03.o)
 .bss           0x0000000006030b22        0x0 ../sbl/segalib/lib/libsat.a(scl_pr05.o)
 .bss           0x0000000006030b22        0x0 ../sbl/segalib/lib/libsat.a(scl_pr06.o)
 .bss           0x0000000006030b22        0x0 ../sbl/segalib/lib/libsat.a(scl_pr07.o)
 *fill*         0x0000000006030b22        0x2 
 .bss           0x0000000006030b24       0x20 ../sbl/segalib/lib/libsat.a(spr_1c.o)
                0x0000000006030b24                _SpDil
                0x0000000006030b26                _SpDie
                0x0000000006030b28                _SpFbcrMode
                0x0000000006030b2a                _SpTvMode
                0x0000000006030b2c                _SpScreenY
                0x0000000006030b30                _SpScreenX
                0x0000000006030b34                _SpInitialFlag
 .bss           0x0000000006030b44        0x0 ../sbl/segalib/lib/libsat.a(spr_2a.o)
 .bss           0x0000000006030b44        0x0 /opt/toolchains/sh-elf/bin/../lib/gcc/sh-elf/11.1.0/libgcc.a(_ashiftrt.o)
 .bss           0x0000000006030b44        0x0 /opt/toolchains/sh-elf/bin/../lib/gcc/sh-elf/11.1.0/libgcc.a(_ashiftlt.o)
 .bss           0x0000000006030b44        0x0 /opt/toolchains/sh-elf/bin/../lib/gcc/sh-elf/11.1.0/libgcc.a(_movmem.o)
 .bss           0x0000000006030b44        0x0 /opt/toolchains/sh-elf/bin/../lib/gcc/sh-elf/11.1.0/libgcc.a(_udivsi3.o)
 .bss           0x0000000006030b44        0x0 /opt/toolchains/sh-elf/bin/../lib/gcc/sh-elf/11.1.0/libgcc.a(_mul_df.o)
 .bss           0x0000000006030b44        0x0 /opt/toolchains/sh-elf/bin/../lib/gcc/sh-elf/11.1.0/libgcc.a(_si_to_df.o)
 .bss           0x0000000006030b44        0x0 /opt/toolchains/sh-elf/bin/../lib/gcc/sh-elf/11.1.0/libgcc.a(_df_to_si.o)
 .bss           0x0000000006030b44        0x0 /opt/toolchains/sh-elf/bin/../lib/gcc/sh-elf/11.1.0/libgcc.a(_thenan_df.o)
 .bss           0x0000000006030b44        0x0 /opt/toolchains/sh-elf/bin/../lib/gcc/sh-elf/11.1.0/libgcc.a(_lshiftrt.o)
 .bss           0x0000000006030b44        0x0 /opt/toolchains/sh-elf/bin/../lib/gcc/sh-elf/11.1.0/libgcc.a(_clzsi2.o)
 .bss           0x0000000006030b44        0x0 /opt/toolchains/sh-elf/bin/../lib/gcc/sh-elf/11.1.0/libgcc.a(_pack_df.o)
 .bss           0x0000000006030b44        0x0 /opt/toolchains/sh-elf/bin/../lib/gcc/sh-elf/11.1.0/libgcc.a(_unpack_df.o)
 .bss           0x0000000006030b44        0x0 /opt/toolchains/sh-elf/bin/../lib/gcc/sh-elf/11.1.0/libgcc.a(_clz.o)
 .bss           0x0000000006030b44        0x0 /opt/toolchains/sh-elf/bin/../lib/gcc/sh-elf/11.1.0/../../../../sh-elf/lib/libc.a(lib_a-memcpy.o)
 .bss           0x0000000006030b44        0x0 /opt/toolchains/sh-elf/bin/../lib/gcc/sh-elf/11.1.0/../../../../sh-elf/lib/libc.a(lib_a-memset.o)
 *(COMMON)
                0x0000000006030b44                _bss_end = .
                0x0000000006030b50                . = ALIGN (0x10)
 *fill*         0x0000000006030b44        0xc 
                0x0000000006030b50                _end = ABSOLUTE (.)

.stack          0x0000000006030b50     0x2000
 *(.stack)
 .stack         0x0000000006030b50     0x2000 stack.o
                0x0000000006030b50                _PROG_STK
                0x0000000006032b50                _stack = .

.lwram          0x0000000000200000        0x0
                0x0000000000200000                . = ALIGN (0x10)
 *(.lwram)
                0x0000000000200000                . = ALIGN (0x10)

.vdp2_vram      0x0000000005e00000        0x0
                0x0000000005e00000                . = ALIGN (0x10)
 *(.vdp2_vram)
                0x0000000005e00000                . = ALIGN (0x10)
OUTPUT(main.elf elf32-sh)

.debug_info     0x0000000000000000     0x4a54
 .debug_info    0x0000000000000000      0x2f8 vblank.o
 .debug_info    0x00000000000002f8      0x7b2 cd.o
 .debug_info    0x0000000000000aaa      0x127 crc.o
 .debug_info    0x0000000000000bd1      0x3e9 devcart.o
 .debug_info    0x0000000000000fba      0x5ce game.o
 .debug_info    0x0000000000001588       0x69 piece.o
 .debug_info    0x00000000000015f1      0x38e print.o
 .debug_info    0x000000000000197f      0x230 rng.o
 .debug_info    0x0000000000001baf      0xa4c scroll.o
 .debug_info    0x00000000000025fb      0x206 sound.o
 .debug_info    0x0000000000002801      0xd37 sprite.o
 .debug_info    0x0000000000003538      0x353 main.o
 .debug_info    0x000000000000388b      0x4d2 /opt/toolchains/sh-elf/bin/../lib/gcc/sh-elf/11.1.0/libgcc.a(_mul_df.o)
 .debug_info    0x0000000000003d5d      0x259 /opt/toolchains/sh-elf/bin/../lib/gcc/sh-elf/11.1.0/libgcc.a(_si_to_df.o)
 .debug_info    0x0000000000003fb6      0x2a5 /opt/toolchains/sh-elf/bin/../lib/gcc/sh-elf/11.1.0/libgcc.a(_df_to_si.o)
 .debug_info    0x000000000000425b      0x15b /opt/toolchains/sh-elf/bin/../lib/gcc/sh-elf/11.1.0/libgcc.a(_thenan_df.o)
 .debug_info    0x00000000000043b6      0x130 /opt/toolchains/sh-elf/bin/../lib/gcc/sh-elf/11.1.0/libgcc.a(_clzsi2.o)
 .debug_info    0x00000000000044e6      0x298 /opt/toolchains/sh-elf/bin/../lib/gcc/sh-elf/11.1.0/libgcc.a(_pack_df.o)
 .debug_info    0x000000000000477e      0x20c /opt/toolchains/sh-elf/bin/../lib/gcc/sh-elf/11.1.0/libgcc.a(_unpack_df.o)
 .debug_info    0x000000000000498a       0xca /opt/toolchains/sh-elf/bin/../lib/gcc/sh-elf/11.1.0/libgcc.a(_clz.o)

.debug_abbrev   0x0000000000000000     0x1e94
 .debug_abbrev  0x0000000000000000      0x182 vblank.o
 .debug_abbrev  0x0000000000000182      0x23c cd.o
 .debug_abbrev  0x00000000000003be       0xae crc.o
 .debug_abbrev  0x000000000000046c      0x19d devcart.o
 .debug_abbrev  0x0000000000000609      0x210 game.o
 .debug_abbrev  0x0000000000000819       0x5a piece.o
 .debug_abbrev  0x0000000000000873      0x181 print.o
 .debug_abbrev  0x00000000000009f4      0x163 rng.o
 .debug_abbrev  0x0000000000000b57      0x281 scroll.o
 .debug_abbrev  0x0000000000000dd8      0x153 sound.o
 .debug_abbrev  0x0000000000000f2b      0x307 sprite.o
 .debug_abbrev  0x0000000000001232      0x18d main.o
 .debug_abbrev  0x00000000000013bf      0x278 /opt/toolchains/sh-elf/bin/../lib/gcc/sh-elf/11.1.0/libgcc.a(_mul_df.o)
 .debug_abbrev  0x0000000000001637      0x1b2 /opt/toolchains/sh-elf/bin/../lib/gcc/sh-elf/11.1.0/libgcc.a(_si_to_df.o)
 .debug_abbrev  0x00000000000017e9      0x1b2 /opt/toolchains/sh-elf/bin/../lib/gcc/sh-elf/11.1.0/libgcc.a(_df_to_si.o)
 .debug_abbrev  0x000000000000199b       0xcf /opt/toolchains/sh-elf/bin/../lib/gcc/sh-elf/11.1.0/libgcc.a(_thenan_df.o)
 .debug_abbrev  0x0000000000001a6a       0xca /opt/toolchains/sh-elf/bin/../lib/gcc/sh-elf/11.1.0/libgcc.a(_clzsi2.o)
 .debug_abbrev  0x0000000000001b34      0x1ae /opt/toolchains/sh-elf/bin/../lib/gcc/sh-elf/11.1.0/libgcc.a(_pack_df.o)
 .debug_abbrev  0x0000000000001ce2      0x142 /opt/toolchains/sh-elf/bin/../lib/gcc/sh-elf/11.1.0/libgcc.a(_unpack_df.o)
 .debug_abbrev  0x0000000000001e24       0x70 /opt/toolchains/sh-elf/bin/../lib/gcc/sh-elf/11.1.0/libgcc.a(_clz.o)

.debug_aranges  0x0000000000000000      0x268
 .debug_aranges
                0x0000000000000000       0x20 vblank.o
 .debug_aranges
                0x0000000000000020       0x20 cd.o
 .debug_aranges
                0x0000000000000040       0x20 crc.o
 .debug_aranges
                0x0000000000000060       0x20 devcart.o
 .debug_aranges
                0x0000000000000080       0x20 game.o
 .debug_aranges
                0x00000000000000a0       0x18 piece.o
 .debug_aranges
                0x00000000000000b8       0x20 print.o
 .debug_aranges
                0x00000000000000d8       0x20 rng.o
 .debug_aranges
                0x00000000000000f8       0x20 scroll.o
 .debug_aranges
                0x0000000000000118       0x20 sound.o
 .debug_aranges
                0x0000000000000138       0x20 sprite.o
 .debug_aranges
                0x0000000000000158       0x20 main.o
 .debug_aranges
                0x0000000000000178       0x20 /opt/toolchains/sh-elf/bin/../lib/gcc/sh-elf/11.1.0/libgcc.a(_mul_df.o)
 .debug_aranges
                0x0000000000000198       0x20 /opt/toolchains/sh-elf/bin/../lib/gcc/sh-elf/11.1.0/libgcc.a(_si_to_df.o)
 .debug_aranges
                0x00000000000001b8       0x20 /opt/toolchains/sh-elf/bin/../lib/gcc/sh-elf/11.1.0/libgcc.a(_df_to_si.o)
 .debug_aranges
                0x00000000000001d8       0x18 /opt/toolchains/sh-elf/bin/../lib/gcc/sh-elf/11.1.0/libgcc.a(_thenan_df.o)
 .debug_aranges
                0x00000000000001f0       0x20 /opt/toolchains/sh-elf/bin/../lib/gcc/sh-elf/11.1.0/libgcc.a(_clzsi2.o)
 .debug_aranges
                0x0000000000000210       0x20 /opt/toolchains/sh-elf/bin/../lib/gcc/sh-elf/11.1.0/libgcc.a(_pack_df.o)
 .debug_aranges
                0x0000000000000230       0x20 /opt/toolchains/sh-elf/bin/../lib/gcc/sh-elf/11.1.0/libgcc.a(_unpack_df.o)
 .debug_aranges
                0x0000000000000250       0x18 /opt/toolchains/sh-elf/bin/../lib/gcc/sh-elf/11.1.0/libgcc.a(_clz.o)

.debug_line     0x0000000000000000     0x1f4f
 .debug_line    0x0000000000000000       0xe4 vblank.o
 .debug_line    0x00000000000000e4       0x9d cd.o
 .debug_line    0x0000000000000181       0xa3 crc.o
 .debug_line    0x0000000000000224      0x215 devcart.o
 .debug_line    0x0000000000000439      0x2b1 game.o
 .debug_line    0x00000000000006ea       0x33 piece.o
 .debug_line    0x000000000000071d      0x177 print.o
 .debug_line    0x0000000000000894      0x152 rng.o
 .debug_line    0x00000000000009e6      0x3bb scroll.o
 .debug_line    0x0000000000000da1       0x81 sound.o
 .debug_line    0x0000000000000e22      0x579 sprite.o
 .debug_line    0x000000000000139b      0x10a main.o
 .debug_line    0x00000000000014a5      0x2d6 /opt/toolchains/sh-elf/bin/../lib/gcc/sh-elf/11.1.0/libgcc.a(_mul_df.o)
 .debug_line    0x000000000000177b      0x13d /opt/toolchains/sh-elf/bin/../lib/gcc/sh-elf/11.1.0/libgcc.a(_si_to_df.o)
 .debug_line    0x00000000000018b8       0xf6 /opt/toolchains/sh-elf/bin/../lib/gcc/sh-elf/11.1.0/libgcc.a(_df_to_si.o)
 .debug_line    0x00000000000019ae       0x50 /opt/toolchains/sh-elf/bin/../lib/gcc/sh-elf/11.1.0/libgcc.a(_thenan_df.o)
 .debug_line    0x00000000000019fe       0xad /opt/toolchains/sh-elf/bin/../lib/gcc/sh-elf/11.1.0/libgcc.a(_clzsi2.o)
 .debug_line    0x0000000000001aab      0x30c /opt/toolchains/sh-elf/bin/../lib/gcc/sh-elf/11.1.0/libgcc.a(_pack_df.o)
 .debug_line    0x0000000000001db7      0x146 /opt/toolchains/sh-elf/bin/../lib/gcc/sh-elf/11.1.0/libgcc.a(_unpack_df.o)
 .debug_line    0x0000000000001efd       0x52 /opt/toolchains/sh-elf/bin/../lib/gcc/sh-elf/11.1.0/libgcc.a(_clz.o)

.debug_str      0x0000000000000000     0x1365
 .debug_str     0x0000000000000000      0x1a6 vblank.o
                                        0x1e7 (size before relaxing)
 .debug_str     0x00000000000001a6      0x241 cd.o
                                        0x333 (size before relaxing)
 .debug_str     0x00000000000003e7       0x72 crc.o
                                        0x121 (size before relaxing)
 .debug_str     0x0000000000000459       0xfc devcart.o
                                        0x246 (size before relaxing)
 .debug_str     0x0000000000000555      0x178 game.o
                                        0x274 (size before relaxing)
 .debug_str     0x00000000000006cd        0x8 piece.o
                                         0x62 (size before relaxing)
 .debug_str     0x00000000000006d5       0x56 print.o
                                        0x1dc (size before relaxing)
 .debug_str     0x000000000000072b       0xb4 rng.o
                                        0x184 (size before relaxing)
 .debug_str     0x00000000000007df      0x3af scroll.o
                                        0x4f4 (size before relaxing)
 .debug_str     0x0000000000000b8e       0xd0 sound.o
                                        0x1c5 (size before relaxing)
 .debug_str     0x0000000000000c5e      0x350 sprite.o
                                        0x56d (size before relaxing)
 .debug_str     0x0000000000000fae      0x114 main.o
                                        0x2eb (size before relaxing)
 .debug_str     0x00000000000010c2      0x212 /opt/toolchains/sh-elf/bin/../lib/gcc/sh-elf/11.1.0/libgcc.a(_mul_df.o)
                                        0x28a (size before relaxing)
 .debug_str     0x00000000000012d4       0x27 /opt/toolchains/sh-elf/bin/../lib/gcc/sh-elf/11.1.0/libgcc.a(_si_to_df.o)
                                        0x216 (size before relaxing)
 .debug_str     0x00000000000012fb        0xa /opt/toolchains/sh-elf/bin/../lib/gcc/sh-elf/11.1.0/libgcc.a(_df_to_si.o)
                                        0x233 (size before relaxing)
 .debug_str     0x0000000000001305      0x1d5 /opt/toolchains/sh-elf/bin/../lib/gcc/sh-elf/11.1.0/libgcc.a(_thenan_df.o)
 .debug_str     0x0000000000001305       0x59 /opt/toolchains/sh-elf/bin/../lib/gcc/sh-elf/11.1.0/libgcc.a(_clzsi2.o)
                                        0x198 (size before relaxing)
 .debug_str     0x000000000000135e        0x7 /opt/toolchains/sh-elf/bin/../lib/gcc/sh-elf/11.1.0/libgcc.a(_pack_df.o)
                                        0x227 (size before relaxing)
 .debug_str     0x0000000000001365      0x209 /opt/toolchains/sh-elf/bin/../lib/gcc/sh-elf/11.1.0/libgcc.a(_unpack_df.o)
 .debug_str     0x0000000000001365      0x17b /opt/toolchains/sh-elf/bin/../lib/gcc/sh-elf/11.1.0/libgcc.a(_clz.o)

.comment        0x0000000000000000       0x12
 .comment       0x0000000000000000       0x12 vblank.o
                                         0x13 (size before relaxing)
 .comment       0x0000000000000012       0x13 cd.o
 .comment       0x0000000000000012       0x13 crc.o
 .comment       0x0000000000000012       0x13 devcart.o
 .comment       0x0000000000000012       0x13 game.o
 .comment       0x0000000000000012       0x13 piece.o
 .comment       0x0000000000000012       0x13 print.o
 .comment       0x0000000000000012       0x13 rng.o
 .comment       0x0000000000000012       0x13 scroll.o
 .comment       0x0000000000000012       0x13 sound.o
 .comment       0x0000000000000012       0x13 sprite.o
 .comment       0x0000000000000012       0x13 main.o
 .comment       0x0000000000000012       0x13 ../sbl/segalib/lib/libsat.a(mth_rand.o)
 .comment       0x0000000000000012       0x13 ../sbl/segalib/lib/libsat.a(per_prt.o)
 .comment       0x0000000000000012       0x13 ../sbl/segalib/lib/libsat.a(spr_2c.o)
 .comment       0x0000000000000012       0x13 ../sbl/segalib/lib/libsat.a(scl_func.o)
 .comment       0x0000000000000012       0x13 ../sbl/segalib/lib/libsat.a(scl_fu02.o)
 .comment       0x0000000000000012       0x13 ../sbl/segalib/lib/libsat.a(scl_fu03.o)
 .comment       0x0000000000000012       0x13 ../sbl/segalib/lib/libsat.a(scl_fu04.o)
 .comment       0x0000000000000012       0x13 ../sbl/segalib/lib/libsat.a(scl_pri.o)
 .comment       0x0000000000000012       0x13 ../sbl/segalib/lib/libsat.a(scl_ro00.o)
 .comment       0x0000000000000012       0x13 ../sbl/segalib/lib/libsat.a(scl_back.o)
 .comment       0x0000000000000012       0x13 ../sbl/segalib/lib/libsat.a(scl_vblv.o)
 .comment       0x0000000000000012       0x13 ../sbl/segalib/lib/libsat.a(scl_pr01.o)
 .comment       0x0000000000000012       0x13 ../sbl/segalib/lib/libsat.a(scl_pr02.o)
 .comment       0x0000000000000012       0x13 ../sbl/segalib/lib/libsat.a(scl_pr03.o)
 .comment       0x0000000000000012       0x13 ../sbl/segalib/lib/libsat.a(scl_pr05.o)
 .comment       0x0000000000000012       0x13 ../sbl/segalib/lib/libsat.a(scl_pr06.o)
 .comment       0x0000000000000012       0x13 ../sbl/segalib/lib/libsat.a(scl_pr07.o)
 .comment       0x0000000000000012       0x13 ../sbl/segalib/lib/libsat.a(spr_1c.o)
 .comment       0x0000000000000012       0x13 /opt/toolchains/sh-elf/bin/../lib/gcc/sh-elf/11.1.0/libgcc.a(_mul_df.o)
 .comment       0x0000000000000012       0x13 /opt/toolchains/sh-elf/bin/../lib/gcc/sh-elf/11.1.0/libgcc.a(_si_to_df.o)
 .comment       0x0000000000000012       0x13 /opt/toolchains/sh-elf/bin/../lib/gcc/sh-elf/11.1.0/libgcc.a(_df_to_si.o)
 .comment       0x0000000000000012       0x13 /opt/toolchains/sh-elf/bin/../lib/gcc/sh-elf/11.1.0/libgcc.a(_thenan_df.o)
 .comment       0x0000000000000012       0x13 /opt/toolchains/sh-elf/bin/../lib/gcc/sh-elf/11.1.0/libgcc.a(_clzsi2.o)
 .comment       0x0000000000000012       0x13 /opt/toolchains/sh-elf/bin/../lib/gcc/sh-elf/11.1.0/libgcc.a(_pack_df.o)
 .comment       0x0000000000000012       0x13 /opt/toolchains/sh-elf/bin/../lib/gcc/sh-elf/11.1.0/libgcc.a(_unpack_df.o)
 .comment       0x0000000000000012       0x13 /opt/toolchains/sh-elf/bin/../lib/gcc/sh-elf/11.1.0/libgcc.a(_clz.o)

.debug_frame    0x0000000000000000      0xd2c
 .debug_frame   0x0000000000000000       0xb8 vblank.o
 .debug_frame   0x00000000000000b8       0x90 cd.o
 .debug_frame   0x0000000000000148       0x38 crc.o
 .debug_frame   0x0000000000000180      0x198 devcart.o
 .debug_frame   0x0000000000000318      0x10c game.o
 .debug_frame   0x0000000000000424       0xf4 print.o
 .debug_frame   0x0000000000000518       0xc0 rng.o
 .debug_frame   0x00000000000005d8      0x240 scroll.o
 .debug_frame   0x0000000000000818       0x80 sound.o
 .debug_frame   0x0000000000000898      0x284 sprite.o
 .debug_frame   0x0000000000000b1c       0x30 main.o
 .debug_frame   0x0000000000000b4c       0x98 /opt/toolchains/sh-elf/bin/../lib/gcc/sh-elf/11.1.0/libgcc.a(_mul_df.o)
 .debug_frame   0x0000000000000be4       0x3c /opt/toolchains/sh-elf/bin/../lib/gcc/sh-elf/11.1.0/libgcc.a(_si_to_df.o)
 .debug_frame   0x0000000000000c20       0x48 /opt/toolchains/sh-elf/bin/../lib/gcc/sh-elf/11.1.0/libgcc.a(_df_to_si.o)
 .debug_frame   0x0000000000000c68       0x38 /opt/toolchains/sh-elf/bin/../lib/gcc/sh-elf/11.1.0/libgcc.a(_clzsi2.o)
 .debug_frame   0x0000000000000ca0       0x6c /opt/toolchains/sh-elf/bin/../lib/gcc/sh-elf/11.1.0/libgcc.a(_pack_df.o)
 .debug_frame   0x0000000000000d0c       0x20 /opt/toolchains/sh-elf/bin/../lib/gcc/sh-elf/11.1.0/libgcc.a(_unpack_df.o)

.debug_loclists
                0x0000000000000000      0x670
 .debug_loclists
                0x0000000000000000      0x30c /opt/toolchains/sh-elf/bin/../lib/gcc/sh-elf/11.1.0/libgcc.a(_mul_df.o)
 .debug_loclists
                0x000000000000030c       0x6c /opt/toolchains/sh-elf/bin/../lib/gcc/sh-elf/11.1.0/libgcc.a(_si_to_df.o)
 .debug_loclists
                0x0000000000000378       0x35 /opt/toolchains/sh-elf/bin/../lib/gcc/sh-elf/11.1.0/libgcc.a(_df_to_si.o)
 .debug_loclists
                0x00000000000003ad       0x22 /opt/toolchains/sh-elf/bin/../lib/gcc/sh-elf/11.1.0/libgcc.a(_clzsi2.o)
 .debug_loclists
                0x00000000000003cf      0x230 /opt/toolchains/sh-elf/bin/../lib/gcc/sh-elf/11.1.0/libgcc.a(_pack_df.o)
 .debug_loclists
                0x00000000000005ff       0x71 /opt/toolchains/sh-elf/bin/../lib/gcc/sh-elf/11.1.0/libgcc.a(_unpack_df.o)

.debug_rnglists
                0x0000000000000000       0xf1
 .debug_rnglists
                0x0000000000000000       0x2e /opt/toolchains/sh-elf/bin/../lib/gcc/sh-elf/11.1.0/libgcc.a(_mul_df.o)
 .debug_rnglists
                0x000000000000002e       0x26 /opt/toolchains/sh-elf/bin/../lib/gcc/sh-elf/11.1.0/libgcc.a(_si_to_df.o)
 .debug_rnglists
                0x0000000000000054       0x1f /opt/toolchains/sh-elf/bin/../lib/gcc/sh-elf/11.1.0/libgcc.a(_clzsi2.o)
 .debug_rnglists
                0x0000000000000073       0x7e /opt/toolchains/sh-elf/bin/../lib/gcc/sh-elf/11.1.0/libgcc.a(_pack_df.o)
