Archive member included to satisfy reference by file (symbol)

../sbl/segalib/lib/libsat.a(cdc_cmn.o)
                              main.o (_CDC_GetPeriStat)
../sbl/segalib/lib/libsat.a(cdc_drv.o)
                              sound.o (_CDC_CdPlay)
../sbl/segalib/lib/libsat.a(dma_scu1.o)
                              main.o (_DMA_ScuInit)
../sbl/segalib/lib/libsat.a(gfs.o)
                              cd.o (_GFS_SetDir)
../sbl/segalib/lib/libsat.a(gfs_buf.o)
                              ../sbl/segalib/lib/libsat.a(gfs.o) (_GFBF_GetNumData)
../sbl/segalib/lib/libsat.a(gfs_cdb.o)
                              ../sbl/segalib/lib/libsat.a(gfs.o) (_GFCB_Close)
../sbl/segalib/lib/libsat.a(gfs_cdc.o)
                              ../sbl/segalib/lib/libsat.a(gfs_cdb.o) (_GFCD_AllocFilt)
../sbl/segalib/lib/libsat.a(gfs_cdf.o)
                              ../sbl/segalib/lib/libsat.a(gfs.o) (_GFCF_Init)
../sbl/segalib/lib/libsat.a(gfs_dir.o)
                              ../sbl/segalib/lib/libsat.a(gfs.o) (_GFDR_NameToId)
../sbl/segalib/lib/libsat.a(gfs_trn.o)
                              ../sbl/segalib/lib/libsat.a(gfs.o) (_GFTR_Setup)
../sbl/segalib/lib/libsat.a(mth_rand.o)
                              rng.o (_MTH_InitialRand)
../sbl/segalib/lib/libsat.a(mth_fixd.o)
                              sprite.o (_MTH_Mul)
../sbl/segalib/lib/libsat.a(mth_tri.o)
                              sprite.o (_MTH_Sin)
../sbl/segalib/lib/libsat.a(per_prt.o)
                              vblank.o (_PER_Init)
../sbl/segalib/lib/libsat.a(spr_2c.o)
                              sprite.o (_SPR_2SetTvMode)
../sbl/segalib/lib/libsat.a(scl_func.o)
                              scroll.o (_Scl_n_reg)
../sbl/segalib/lib/libsat.a(scl_fu02.o)
                              scroll.o (_SCL_InitVramConfigTb)
../sbl/segalib/lib/libsat.a(scl_fu03.o)
                              scroll.o (_SCL_InitConfigTb)
../sbl/segalib/lib/libsat.a(scl_fu04.o)
                              scroll.o (_SCL_SetCycleTable)
../sbl/segalib/lib/libsat.a(scl_pri.o)
                              ../sbl/segalib/lib/libsat.a(scl_func.o) (_SCL_PriorityInit)
../sbl/segalib/lib/libsat.a(scl_ro00.o)
                              scroll.o (_SCL_InitRotateTable)
../sbl/segalib/lib/libsat.a(scl_ro03.o)
                              bg.o (_SCL_RotateTo)
../sbl/segalib/lib/libsat.a(scl_back.o)
                              scroll.o (_SCL_SetBack)
../sbl/segalib/lib/libsat.a(scl_vblv.o)
                              ../sbl/segalib/lib/libsat.a(spr_2c.o) (_SCL_SetFrameInterval)
../sbl/segalib/lib/libsat.a(scl_pr01.o)
                              sprite.o (_SCL_SetSpriteMode)
../sbl/segalib/lib/libsat.a(scl_pr02.o)
                              scroll.o (_SCL_SetColRam)
../sbl/segalib/lib/libsat.a(scl_pr03.o)
                              scroll.o (_SCL_AllocColRam)
../sbl/segalib/lib/libsat.a(scl_pr05.o)
                              ../sbl/segalib/lib/libsat.a(scl_pr02.o) (_SCL_GetColRamOffset)
../sbl/segalib/lib/libsat.a(scl_pr06.o)
                              ../sbl/segalib/lib/libsat.a(scl_pr03.o) (_SCL_SetColRamOffset)
../sbl/segalib/lib/libsat.a(scl_pr07.o)
                              scroll.o (_SCL_SetPriority)
../sbl/segalib/lib/libsat.a(scl_pr11.o)
                              bg.o (_SCL_SetAutoColOffset)
../sbl/segalib/lib/libsat.a(scl_pr12.o)
                              bg.o (_SCL_SetColOffset)
../sbl/segalib/lib/libsat.a(cdc_reg.o)
                              ../sbl/segalib/lib/libsat.a(gfs_cdb.o) (_CDC_GetDataPtr)
../sbl/segalib/lib/libsat.a(cdc_sub.o)
                              ../sbl/segalib/lib/libsat.a(cdc_cmn.o) (_CDSUB_GetCdstat)
../sbl/segalib/lib/libsat.a(cdc_dev.o)
                              ../sbl/segalib/lib/libsat.a(gfs_cdc.o) (_CDC_CdSetCon)
../sbl/segalib/lib/libsat.a(cdc_sel.o)
                              ../sbl/segalib/lib/libsat.a(gfs_cdc.o) (_CDC_SetFiltRange)
../sbl/segalib/lib/libsat.a(cdc_bif.o)
                              ../sbl/segalib/lib/libsat.a(gfs_cdc.o) (_CDC_GetBufSiz)
../sbl/segalib/lib/libsat.a(cdc_bio.o)
                              ../sbl/segalib/lib/libsat.a(gfs_cdc.o) (_CDC_SetSctLen)
../sbl/segalib/lib/libsat.a(cdc_cfs.o)
                              ../sbl/segalib/lib/libsat.a(gfs_cdc.o) (_CDC_ChgDir)
../sbl/segalib/lib/libsat.a(csh_main.o)
                              ../sbl/segalib/lib/libsat.a(dma_scu1.o) (_CSH_Purge)
../sbl/segalib/lib/libsat.a(dma_cpu0.o)
                              ../sbl/segalib/lib/libsat.a(gfs_trn.o) (_DMA_CpuSetComPrm)
../sbl/segalib/lib/libsat.a(dma_scu0.o)
                              ../sbl/segalib/lib/libsat.a(dma_scu1.o) (_DMA_ScuSetPrm)
../sbl/segalib/lib/libsat.a(spr_1c.o)
                              ../sbl/segalib/lib/libsat.a(spr_2c.o) (_SPR_SetTvMode)
../sbl/segalib/lib/libsat.a(spr_2a.o)
                              ../sbl/segalib/lib/libsat.a(spr_2c.o) (_SPR_2SetDrawPrty)
/opt/toolchains/sh-elf/bin/../lib/gcc/sh-elf/11.1.0/libgcc.a(_ashiftrt.o)
[...]
Memory Configuration

Name             Origin             Length             Attributes
*default*        0x0000000000000000 0xffffffffffffffff

Linker script and memory map

LOAD entry.o
LOAD stack.o
LOAD vblank.o
LOAD bg.o
LOAD cd.o
LOAD crc.o
LOAD devcart.o
LOAD game.o
LOAD hwram.o
LOAD pcmsys.o
LOAD piece.o
LOAD print.o
LOAD rng.o
LOAD scroll.o
LOAD sound.o
LOAD sprite.o
LOAD main.o
LOAD ../sbl/segalib/lib/libsat.a
LOAD /opt/toolchains/sh-elf/bin/../lib/gcc/sh-elf/11.1.0/libgcc.a
LOAD /opt/toolchains/sh-elf/bin/../lib/gcc/sh-elf/11.1.0/libgcc-Os-4-200.a
LOAD /opt/toolchains/sh-elf/bin/../lib/gcc/sh-elf/11.1.0/../../../../sh-elf/lib/libc.a
LOAD /opt/toolchains/sh-elf/bin/../lib/gcc/sh-elf/11.1.0/libgcc.a
LOAD /opt/toolchains/sh-elf/bin/../lib/gcc/sh-elf/11.1.0/libgcc-Os-4-200.a

.entry          0x0000000006010000       0x60
 *(.entry)
 .entry         0x0000000006010000       0x50 entry.o
                0x0000000006010000                _entry
                0x0000000006010060                . = ALIGN (0x20)
 *fill*         0x0000000006010050       0x10 
                0x0000000006010060                _eentry = ABSOLUTE (.)

.text           0x0000000006010060    0x12000
 *(.text*)
 .text          0x0000000006010060        0x0 entry.o
 .text          0x0000000006010060        0x0 stack.o
 .text          0x0000000006010060      0x1d0 vblank.o
                0x0000000006010060                _SetVblank
                0x0000000006010118                _CheckVblankEnd
                0x0000000006010130                _UsrVblankIn
                0x0000000006010158                _UsrVblankOut
 .text          0x0000000006010230      0x478 bg.o
                0x0000000006010230                _BG_Init
                0x000000000601049c                _BG_Run
                0x000000000601065c                _BG_Next
 .text          0x00000000060106a8      0x180 cd.o
                0x00000000060106a8                _CD_Init
                0x00000000060106ec                _CD_ChangeDir
                0x0000000006010760                _CD_Load
 .text          0x0000000006010828       0x98 crc.o
                0x0000000006010828                _crc_update
 .text          0x00000000060108c0      0x418 devcart.o
                0x00000000060109ec                _Devcart_LoadFile
                0x0000000006010b98                _Devcart_PrintStr
                0x0000000006010c0c                _Devcart_Reset
                0x0000000006010c64                _Devcart_ChangeDir
 .text          0x0000000006010cd8     0x138c game.o
                0x0000000006010d80                _Game_Init
                0x0000000006012020                _Game_Run
 .text          0x0000000006012064        0x0 hwram.o
 .text          0x0000000006012064      0x898 pcmsys.o
                0x0000000006012064                _smpc_wait_till_ready
                0x0000000006012088                _smpc_issue_command
                0x00000000060120c0                _load_driver_binary
                0x000000000601219c                _load_drv
                0x0000000006012220                _calculate_bytes_per_blank
                0x00000000060122a8                _load_16bit_pcm
                0x0000000006012508                _load_8bit_pcm
                0x0000000006012764                _pcm_play
                0x0000000006012800                _pcm_parameter_change
                0x0000000006012880                _pcm_cease
 .text          0x00000000060128fc        0x0 piece.o
 .text          0x00000000060128fc      0x340 print.o
                0x00000000060128fc                _Print_Load
                0x0000000006012924                _Print_Init
                0x00000000060129a4                _Print_Num
                0x0000000006012a68                _Print_String
                0x0000000006012b3c                _Print_Display
 .text          0x0000000006012c3c      0x240 rng.o
                0x0000000006012cf0                _RNG_Init
                0x0000000006012d98                _RNG_Get
 .text          0x0000000006012e7c      0xb58 scroll.o
                0x0000000006012e7c                _Scroll_Init
                0x00000000060132f8                _Scroll_LoadTile
                0x0000000006013418                _Scroll_TilePtr
                0x00000000060134cc                _Scroll_MapPtr
                0x0000000006013558                _Scroll_Scale
                0x00000000060136b0                _Scroll_Set
                0x0000000006013720                _Scroll_Move
                0x0000000006013790                _Scroll_ClearMaps
                0x00000000060137fc                _Scroll_ClearVram
                0x000000000601384c                _Scroll_CharSize
                0x00000000060138d0                _Scroll_Enable
                0x0000000006013950                _Scroll_MapSize
 .text          0x00000000060139d4      0x42c sound.o
                0x0000000006013c04                _Sound_Init
                0x0000000006013d30                _Sound_CDDA
                0x0000000006013dc8                _Sound_Play
 .text          0x0000000006013e00      0xd58 sprite.o
                0x0000000006013e00                _Sprite_Init
                0x0000000006013ed4                _Sprite_Clear
                0x00000000060142a8                _Sprite_Load
                0x0000000006014338                _Sprite_StartDraw
                0x000000000601437c                _Sprite_Draw
                0x0000000006014780                _Sprite_Make
                0x0000000006014838                _Sprite_DrawAll
                0x0000000006014920                _Sprite_Next
                0x00000000060149dc                _Sprite_ListAdd
                0x0000000006014a3e                _Sprite_ListRemove
                0x0000000006014aba                _Sprite_Delete
                0x0000000006014af8                _Sprite_DeleteAll
 .text          0x0000000006014b58      0x134 main.o
                0x0000000006014b58                _main
 .text          0x0000000006014c8c      0x354 ../sbl/segalib/lib/libsat.a(cdc_cmn.o)
                0x0000000006014c8c                _CDC_GetCurStat
                0x0000000006014cd0                _CDC_GetLastStat
                0x0000000006014cdc                _getPeriRsp
                0x0000000006014d64                _CDC_GetPeriStat
                0x0000000006014da8                _CDC_GetHwInfo
                0x0000000006014e00                _CDC_TgetToc
                0x0000000006014e58                _CDC_GetSes
                0x0000000006014e90                _CDC_CdInit
                0x0000000006014f08                _CDC_CdOpen
                0x0000000006014f30                _CDC_DataEnd
                0x0000000006014f84                _CDC_DataReady
 .text          0x0000000006014fe0      0x108 ../sbl/segalib/lib/libsat.a(cdc_drv.o)
                0x0000000006014fe0                _analyPos
                0x0000000006015030                _CDC_CdPlay
                0x0000000006015084                _CDC_CdSeek
                0x00000000060150bc                _CDC_CdScan
 .text          0x00000000060150e8      0x198 ../sbl/segalib/lib/libsat.a(dma_scu1.o)
                0x00000000060150e8                _DMA_ScuInit
                0x0000000006015124                _DMA_ScuMemCopy
                0x00000000060151e8                _DMA_ScuResult
 .text          0x0000000006015280     0x1610 ../sbl/segalib/lib/libsat.a(gfs.o)
                0x0000000006015280                _gfs_recovRdErr
                0x00000000060152a8                _GFS_SetErrFunc
                0x00000000060152cc                _GFS_GetErrStat
                0x00000000060152ec                _gfs_mngSetupFuncTbl
                0x0000000006015318                _gfs_mngInitWork
                0x0000000006015398                _gfs_mngGetNumFile
                0x00000000060153f0                _GFS_mngAllocGrp
                0x0000000006015430                _gfs_mngFreeGrp
                0x0000000006015436                _gfs_mngTermAccess
                0x00000000060154a0                _gfs_mngSetErrCode
                0x00000000060154d0                _GFS_SetDir
                0x0000000006015534                _GFS_NameToId
                0x0000000006015584                _GFS_IdToName
                0x00000000060155e0                _GFS_Tell
                0x0000000006015620                _GFS_NwIsComplete
                0x0000000006015648                _GFS_CdMovePickup
                0x00000000060156a8                _GFS_GetDirInfo
                0x0000000006015720                _gfs_svrSearchHndl
                0x0000000006015754                _gfs_svrAddHndl
                0x0000000006015788                _gfs_svrRemoveHndl
                0x00000000060157fc                _GFS_NwStop
                0x0000000006015854                _GFS_OpenSub
                0x000000000601589c                _GFS_Open
                0x0000000006015940                _GFS_GetFad
                0x0000000006015984                _gfs_SetSct
                0x00000000060159b0                _GFS_NwCdRead
                0x0000000006015a34                _gfs_GetFinfo
                0x0000000006015a82                _GFS_GetFileSize
                0x0000000006015ae4                _GFS_Seek
                0x0000000006015b98                _GFS_IsEof
                0x0000000006015bf8                _GFS_ByteToSct
                0x0000000006015c54                _GFS_GetFileInfo
                0x0000000006015cc8                _GFS_NwFread
                0x0000000006015ddc                _GFS_NwGetStat
                0x0000000006015e50                _GFS_SetGmode
                0x0000000006015eb4                _GFS_SetTmode
                0x0000000006015f28                _GFS_SetReadPara
                0x0000000006015f8c                _GFS_SetTransPara
                0x0000000006016000                _gfs_transData
                0x0000000006016090                _gfs_closeSub
                0x00000000060160c0                _GFS_Close
                0x00000000060160f8                _GFS_LoadDir
                0x0000000006016194                _gfs_getGmode
                0x000000000601619a                _gfs_isTaskDone
                0x00000000060161e4                _gfs_convFinStat
                0x0000000006016248                _gfs_flowIn
                0x00000000060162c8                _GFS_NwExecOne
                0x0000000006016358                _GFS_Fread
                0x00000000060164a0                _GFS_Load
                0x0000000006016568                _gfs_loadVol
                0x000000000601662c                _gfs_getRootDir
                0x00000000060166b4                _gfs_loadRootDir
                0x000000000601673c                _GFS_Init
                0x0000000006016828                _GFS_NwExecServer
 .text          0x0000000006016890       0x6c ../sbl/segalib/lib/libsat.a(gfs_buf.o)
                0x0000000006016890                _GFBF_GetTranData
                0x00000000060168a4                _GFBF_GetNumData
                0x00000000060168bc                _GFBF_GetSrcPk
                0x00000000060168d0                _GFBF_GetSctData
                0x00000000060168e4                _GFBF_RtnPk
                0x00000000060168f8                _gfbf_getSctDt
 .text          0x00000000060168fc      0x484 ../sbl/segalib/lib/libsat.a(gfs_cdb.o)
                0x00000000060168fc                _GFCB_Setup
                0x00000000060169c0                _GFCB_Close
                0x00000000060169e0                _GFCB_GetLenData
                0x0000000006016a74                _GFCB_GetLenRoom
                0x0000000006016a78                _GFCB_SetFilt
                0x0000000006016ad0                _GFCB_DeleteAllData
                0x0000000006016aec                _GFCB_Tell
                0x0000000006016af4                _GFCB_Seek
                0x0000000006016bd8                _GFCB_GetSrcPack
                0x0000000006016ca0                _GFCB_GetSctData
                0x0000000006016ccc                _GFCB_GetDstPack
                0x0000000006016cd0                _GFCB_RtnPk
                0x0000000006016d10                _GFCB_MovePickup
                0x0000000006016d20                _GFCB_SetCon
                0x0000000006016d48                _GFCB_GetPickup
                0x0000000006016d68                _GFCB_IsPuOwner
                0x0000000006016d74                _GFCB_UngetPickup
 .text          0x0000000006016d80     0x1504 ../sbl/segalib/lib/libsat.a(gfs_cdc.o)
                0x0000000006016d80                _GFCD_AllocFilt
                0x0000000006016db0                _GFCD_FreeFilt
                0x0000000006016dd8                _GFCD_AllocBuf
                0x0000000006016e04                _GFCD_GetBaseFad
                0x0000000006016e30                _GFCD_GetPickup
                0x0000000006016e54                _GFCD_UngetPickup
                0x0000000006016e78                _GFCD_IsPuOwner
                0x0000000006016e90                _GFCD_CheckDelSctData
                0x0000000006016eb8                _GFCD_CheckMove
                0x0000000006016ed0                _gfcd_isIdleTask
                0x0000000006016f34                _GFCD_SetTimer
                0x0000000006016f40                _gfcd_checkEflag
                0x0000000006016f5c                _gfcd_initCdbMng
                0x0000000006016fc4                _gfcd_setStat
                0x0000000006016fe8                _GFCD_GetFilt
                0x000000000601702c                _GFCD_EndData
                0x0000000006017070                _GFCD_GetSctInfo
                0x00000000060170b4                _GFCD_GetFileInfo
                0x000000000601717c                _GFCD_GetBufSiz
                0x00000000060171ac                _gfcd_doSetFiltTsk
                0x0000000006017318                _GFCD_SetFilt
                0x00000000060173b0                _gfcd_doSetConTsk
                0x0000000006017428                _GFCD_SetCon
                0x0000000006017474                _gfcd_doGetLenDataTsk
                0x0000000006017574                _GFCD_GetLenData
                0x00000000060175b8                _gfcd_doReqDataTsk
                0x000000000601762c                _GFCD_ReqData
                0x0000000006017674                _gfcd_doDelSctDataTsk
                0x0000000006017780                _GFCD_DelSctData
                0x00000000060177cc                _gfcd_doMoveSctTsk
                0x00000000060178e8                _GFCD_MoveSctData
                0x0000000006017944                _gfcd_doSetFiltConTsk
                0x0000000006017a40                _GFCD_SetFiltCon
                0x0000000006017b38                _GFCD_SetCsctFunc
                0x0000000006017b48                _GFCD_WaitScdqFlag
                0x0000000006017b8c                _GFCD_GetStat
                0x0000000006017bfc                _GFCD_Init
                0x0000000006017de4                _GFCD_Play
                0x0000000006017e34                _GFCD_MovePickup
                0x0000000006017e7c                _gfcd_doChgDirTsk
                0x0000000006018020                _GFCD_ChgDir
                0x0000000006018088                _gfcd_doTask
                0x00000000060180f8                _GFCD_ExecServer
                0x00000000060181d4                _GFCD_FreeBuf
                0x0000000006018250                _GFCD_WaitServer
 .text          0x0000000006018284      0x600 ../sbl/segalib/lib/libsat.a(gfs_cdf.o)
                0x0000000006018284                _GFCF_Init
                0x00000000060182dc                _GFCF_SetSct
                0x0000000006018308                _GFCF_GetFileInfo
                0x0000000006018366                _GFCF_Recover
                0x00000000060183a8                _GFCF_Tell
                0x00000000060183b4                _GFCF_Seek
                0x00000000060183c0                _GFCF_cnvIntlvOfs
                0x00000000060183f4                _GFCF_GetStat
                0x0000000006018440                _GFCF_StopInBuf
                0x00000000060184b8                _GFCF_MovePickup
                0x000000000601853c                _gfcf_getSctSize
                0x0000000006018574                _GFCF_Setup
                0x000000000601862c                _gfcf_isCdOk
                0x0000000006018678                _gfcf_getPlayRange
                0x0000000006018780                _GFCF_FlowInBuf
 .text          0x0000000006018884      0x7e8 ../sbl/segalib/lib/libsat.a(gfs_dir.o)
                0x0000000006018884                _GFDR_NameToId
                0x00000000060188d4                _GFDR_GetInfoDirId
                0x00000000060188e0                _GFDR_GetInfoDirName
                0x00000000060188ec                _GFDR_GetAtrDirId
                0x00000000060188fc                _GFDR_GetAtrDirName
                0x000000000601890c                _GFDR_ChgDir
                0x000000000601897c                _GFDR_ChgRoot
                0x0000000006018988                _gfdr_open
                0x00000000060189a8                _gfdr_read
                0x0000000006018a60                _gfdr_readByte
                0x0000000006018a88                _gfdr_readWord
                0x0000000006018ab0                _gfdr_readWordNB
                0x0000000006018afc                _gfdr_readLongNB
                0x0000000006018b44                _gfdr_readLongNM
                0x0000000006018b64                _gfdr_setNextRec
                0x0000000006018be0                _gfdr_readDirEnt
                0x0000000006018ec8                _gfdr_setDirrecCd
                0x0000000006018ee6                _gfdr_setupDirIdTbl
                0x0000000006018f5c                _gfdr_setupDirNameTbl
                0x0000000006018ffc                _GFDR_SetupDirTbl
 .text          0x000000000601906c      0x818 ../sbl/segalib/lib/libsat.a(gfs_trn.o)
                0x000000000601906c                _gftr_reqScu
                0x0000000006019070                _gftr_remCpu
                0x0000000006019074                _gftr_execScu
                0x00000000060190f4                _gftr_remScu
                0x0000000006019114                _gftr_reqDma0
                0x0000000006019118                _gftr_reqDma1
                0x000000000601911c                _gftr_reqCpu
                0x0000000006019120                _GFTR_Setup
                0x0000000006019146                _GFTR_SetMode
                0x0000000006019152                _GFTR_SetUnit
                0x0000000006019156                _GFTR_SetTransPara
                0x0000000006019168                _GFTR_GetTransPara
                0x000000000601916c                _GFTR_GetNumTrans
                0x0000000006019170                _GFTR_SetTransMax
                0x0000000006019176                _GFTR_Start
                0x000000000601917c                _GFTR_Pause
                0x0000000006019182                _gfdma_canUse
                0x0000000006019186                _gfdma_exec
                0x0000000006019260                _gftr_execSdma0
                0x0000000006019284                _gftr_execSdma1
                0x00000000060192a8                _gftr_reqTrn
                0x00000000060192fc                _gftr_execTrn
                0x00000000060193c8                _gftr_remTrn
                0x0000000006019428                _gftr_copyFrac
                0x000000000601944c                _gfdma_getBytecnt
                0x000000000601947c                _gftr_remDma0
                0x0000000006019488                _gftr_remDma1
                0x0000000006019494                _gftr_execCpu
                0x00000000060194e0                _GFTR_GetLenData
                0x00000000060194e4                _GFTR_GetLenRoom
                0x00000000060194f2                _gftr_getSrcPack
                0x0000000006019574                _GFTR_Idle
                0x00000000060195e4                _GFTR_GetDstPack
                0x0000000006019610                _gftr_getDstPack
                0x0000000006019650                _gftr_execSub
                0x0000000006019758                _GFTR_Exec
                0x00000000060197b0                _GFTR_Stop
                0x0000000006019850                _GFTR_RtnDstPk
                0x000000000601985e                _GFTR_GetData
                0x000000000601986c                _GFTR_SetData
                0x0000000006019878                _GFTR_SetTransFunc
 .text          0x0000000006019884       0x24 ../sbl/segalib/lib/libsat.a(mth_rand.o)
                0x0000000006019884                _MTH_InitialRand
                0x0000000006019890                _MTH_GetRand
 .text          0x00000000060198a8       0x78 ../sbl/segalib/lib/libsat.a(mth_fixd.o)
                0x00000000060198a8                _MTH_Mul
                0x00000000060198bc                _MTH_Div
                0x00000000060198d0                _MTH_IntToFixed
                0x00000000060198d8                _MTH_FixedToInt
                0x00000000060198e0                _MTH_Product
 .text          0x0000000006019920      0x5d4 ../sbl/segalib/lib/libsat.a(mth_tri.o)
                0x0000000006019920                _MTH_Sin
                0x0000000006019960                _MTH_Cos
                0x00000000060199a4                _fcos
                0x00000000060199aa                _fsin
                0x0000000006019b3c                _MTH_Atan
 .text          0x0000000006019ef4      0xf58 ../sbl/segalib/lib/libsat.a(per_prt.o)
                0x000000000601a2f4                _PER_IntFunc
                0x000000000601aba4                _PER_Init
                0x000000000601ad4c                _PER_GetPer
 .text          0x000000000601ae4c      0xcbc ../sbl/segalib/lib/libsat.a(spr_2c.o)
                0x000000000601ae4c                _SPR_2SetTvMode
                0x000000000601ae5c                _SPR_2FrameChgIntr
                0x000000000601ae70                _SPR_2FrameEraseData
                0x000000000601aeb0                _SPR_2SetGourTbl
                0x000000000601aee0                _SPR_2SetLookupTbl
                0x000000000601aefc                _SPR_2SetChar
                0x000000000601b028                _SPR_2ClrChar
                0x000000000601b130                _SPR_2ClrAllChar
                0x000000000601b17c                _SPR_2Initial
                0x000000000601b2d0                _SPR_2GourTblNoToVram
                0x000000000601b2ec                _SPR_2LookupTblNoToVram
                0x000000000601b2fc                _SPR_2CharNoToVram
                0x000000000601b310                _SPR_2GetAreaSizeInfo
                0x000000000601b370                _SPR_2OpenCommand
                0x000000000601b408                _SPR_2FlushDrawPrty
                0x000000000601b448                _SPR_2CloseCommand
                0x000000000601b568                _SPR_2LocalCoord
                0x000000000601b5c0                _SPR_2SysClip
                0x000000000601b608                _SPR_2UserClip
                0x000000000601b658                _SPR_2Line
                0x000000000601b6f4                _SPR_2PolyLine
                0x000000000601b794                _SPR_2Polygon
                0x000000000601b834                _SPR_2NormSpr
                0x000000000601b900                _SPR_2ScaleSpr
                0x000000000601b9e8                _SPR_2DistSpr
                0x000000000601bac0                _SPR_2Cmd
 .text          0x000000000601bb08      0x754 ../sbl/segalib/lib/libsat.a(scl_func.o)
                0x000000000601bb08                _SCL_ParametersInit
                0x000000000601bbf4                _SCL_Vdp2Init
                0x000000000601bc5c                _SCL_Open
                0x000000000601bc78                _SCL_Close
                0x000000000601bc8c                _SCL_MoveTo
                0x000000000601bd80                _SCL_Move
                0x000000000601beac                _SCL_Scale
                0x000000000601bfb0                _SCL_Memcpyw
                0x000000000601bfc4                _SCL_CopyReg
                0x000000000601c0a4                _SCL_SetColRamMode
                0x000000000601c0f4                _SCL_PriIntProc
                0x000000000601c1f0                _SCL_ScrollShow
 .text          0x000000000601c25c      0x384 ../sbl/segalib/lib/libsat.a(scl_fu02.o)
                0x000000000601c25c                _SCL_InitVramConfigTb
                0x000000000601c26a                _SCL_SetVramConfig
 .text          0x000000000601c5e0      0x62c ../sbl/segalib/lib/libsat.a(scl_fu03.o)
                0x000000000601c5e0                _SCL_InitConfigTb
                0x000000000601c5f8                _SCL_SetConfig
 .text          0x000000000601cc0c       0x18 ../sbl/segalib/lib/libsat.a(scl_fu04.o)
                0x000000000601cc0c                _SCL_SetCycleTable
 .text          0x000000000601cc24      0xf30 ../sbl/segalib/lib/libsat.a(scl_pri.o)
                0x000000000601cc24                _SCL_PriorityInit
                0x000000000601d1d0                _SCL_GetColRamMode
                0x000000000601d1f0                _SCL_AbortAutoVe
                0x000000000601d1fc                _SCL_SetColMixRate
                0x000000000601d564                _SCL_IncColOffset
                0x000000000601d5d8                _SCL_AutoExec
                0x000000000601da04                _SCL_SetShadowBit
 .text          0x000000000601db54      0xe38 ../sbl/segalib/lib/libsat.a(scl_ro00.o)
                0x000000000601dc78                _SCL_InitRotateTable
                0x000000000601dec0                _SCL_RotateZD
                0x000000000601e000                _SCL_Rotate
 .text          0x000000000601e98c       0xfc ../sbl/segalib/lib/libsat.a(scl_ro03.o)
                0x000000000601e98c                _SCL_RotateTo
 .text          0x000000000601ea88       0x74 ../sbl/segalib/lib/libsat.a(scl_back.o)
                0x000000000601ea88                _SCL_SetBack
 .text          0x000000000601eafc      0x264 ../sbl/segalib/lib/libsat.a(scl_vblv.o)
                0x000000000601eafc                _SCL_SetFrameInterval
                0x000000000601eb74                _SCL_DisplayFrame
                0x000000000601eba0                _SCL_VblInit
                0x000000000601ebe8                _SCL_VblankStart
                0x000000000601ecb8                _SCL_VblankEnd
 .text          0x000000000601ed60       0x54 ../sbl/segalib/lib/libsat.a(scl_pr01.o)
                0x000000000601ed60                _SCL_SetSpriteMode
 .text          0x000000000601edb4       0x90 ../sbl/segalib/lib/libsat.a(scl_pr02.o)
                0x000000000601edb4                _SCL_SetColRam
 .text          0x000000000601ee44      0x10c ../sbl/segalib/lib/libsat.a(scl_pr03.o)
                0x000000000601ee44                _SCL_FreeColRam
                0x000000000601ee6c                _SCL_AllocColRam
 .text          0x000000000601ef50       0xac ../sbl/segalib/lib/libsat.a(scl_pr05.o)
                0x000000000601ef50                _SCL_GetColRamOffset
 .text          0x000000000601effc      0x180 ../sbl/segalib/lib/libsat.a(scl_pr06.o)
                0x000000000601effc                _SCL_SetColRamOffset
 .text          0x000000000601f17c      0x1c8 ../sbl/segalib/lib/libsat.a(scl_pr07.o)
                0x000000000601f17c                _SCL_SetPriority
 .text          0x000000000601f344      0x13c ../sbl/segalib/lib/libsat.a(scl_pr11.o)
                0x000000000601f344                _SCL_SetAutoColOffset
 .text          0x000000000601f480      0x164 ../sbl/segalib/lib/libsat.a(scl_pr12.o)
                0x000000000601f480                _SCL_SetColOffset
 .text          0x000000000601f5e4      0x234 ../sbl/segalib/lib/libsat.a(cdc_reg.o)
                0x000000000601f5e4                _CDC_GetDataPtr
                0x000000000601f5f0                _CDC_GetHirqReq
                0x000000000601f5fc                _CDC_ClrHirqReq
                0x000000000601f61c                _CDREG_ClrHirqReq
                0x000000000601f628                _CDREG_InitHirqReq
                0x000000000601f640                _CDREG_SetHirqFlag
                0x000000000601f650                _CDC_GetHirqMsk
                0x000000000601f65c                _CDC_SetHirqMsk
                0x000000000601f668                _CDC_GetMpegPtr
                0x000000000601f674                _CDREG_TgetData
                0x000000000601f6d0                _CDREG_WaitHirq
                0x000000000601f6f8                _writeCmd
                0x000000000601f718                _CDREG_ReadRsp
                0x000000000601f73c                _doCmdRsp
                0x000000000601f7e4                _CDREG_CmdRsp
 .text          0x000000000601f818       0xf4 ../sbl/segalib/lib/libsat.a(cdc_sub.o)
                0x000000000601f818                _CDSUB_GetCdstat
                0x000000000601f84c                _CDSUB_RspToCdstat
                0x000000000601f87e                _CDSUB_CdCmd
                0x000000000601f8e0                _CDSUB_UpdStatus
                0x000000000601f8ec                _CDSUB_UpdCdstat
                0x000000000601f908                _CDSUB_SoftTimer
 .text          0x000000000601f90c       0xb4 ../sbl/segalib/lib/libsat.a(cdc_dev.o)
                0x000000000601f90c                _CDC_CdSetCon
                0x000000000601f940                _CDC_CdGetCon
                0x000000000601f980                _CDC_CdGetLastBuf
 .text          0x000000000601f9c0      0x290 ../sbl/segalib/lib/libsat.a(cdc_sel.o)
                0x000000000601f9c0                _CDC_SetFiltRange
                0x000000000601f9fc                _CDC_GetFiltRange
                0x000000000601fa68                _CDC_SetFiltSubh
                0x000000000601fab8                _CDC_GetFiltSubh
                0x000000000601fb1c                _CDC_SetFiltMode
                0x000000000601fb50                _CDC_GetFiltMode
                0x000000000601fb90                _CDC_SetFiltCon
                0x000000000601fbc8                _CDC_GetFiltCon
                0x000000000601fc1c                _CDC_ResetSelector
 .text          0x000000000601fc50      0x234 ../sbl/segalib/lib/libsat.a(cdc_bif.o)
                0x000000000601fc50                _CDC_GetBufSiz
                0x000000000601fca8                _CDC_GetSctNum
                0x000000000601fcf0                _CDC_CalActSiz
                0x000000000601fd20                _chkEselUpdStatus
                0x000000000601fd54                _CDC_GetActSiz
                0x000000000601fd98                _CDC_GetSctInfo
                0x000000000601fdf0                _CDC_ExeFadSearch
                0x000000000601fe24                _CDC_GetFadSearch
 .text          0x000000000601fe84      0x190 ../sbl/segalib/lib/libsat.a(cdc_bio.o)
                0x000000000601fe84                _CDC_SetSctLen
                0x000000000601feb4                _CDC_GetSctData
                0x000000000601fee4                _CDC_DelSctData
                0x000000000601ff14                _CDC_GetdelSctData
                0x000000000601ff44                _CDC_PutSctData
                0x000000000601ff74                _CDC_CopySctData
                0x000000000601ffa8                _CDC_MoveSctData
                0x000000000601ffdc                _CDC_GetCopyErr
 .text          0x0000000006020014      0x1a4 ../sbl/segalib/lib/libsat.a(cdc_cfs.o)
                0x0000000006020014                _CDC_ChgDir
                0x000000000602004c                _CDC_ReadDir
                0x0000000006020084                _CDC_GetFileScope
                0x00000000060200e4                _CDC_TgetFileInfo
                0x000000000602013c                _CDC_ReadFile
                0x000000000602017c                _CDC_AbortFile
 .text          0x00000000060201b8       0xb0 ../sbl/segalib/lib/libsat.a(csh_main.o)
                0x00000000060201b8                _CSH_Init
                0x0000000006020204                _CSH_AllClr
                0x0000000006020244                _CSH_Purge
 .text          0x0000000006020268      0x13c ../sbl/segalib/lib/libsat.a(dma_cpu0.o)
                0x0000000006020268                _DMA_CpuSetComPrm
                0x00000000060202a0                _DMA_CpuSetPrm
                0x0000000006020354                _DMA_CpuStart
                0x0000000006020364                _DMA_CpuStop
                0x0000000006020376                _DMA_CpuAllStop
                0x0000000006020384                _DMA_CpuGetComStatus
                0x0000000006020396                _DMA_CpuGetStatus
 .text          0x00000000060203a4      0x274 ../sbl/segalib/lib/libsat.a(dma_scu0.o)
                0x00000000060203a4                _DMA_ScuIntFunc0
                0x0000000006020404                _DMA_ScuIntFunc1
                0x0000000006020468                _DMA_ScuIntFunc2
                0x00000000060204cc                _DMA_ScuSetPrm
                0x0000000006020534                _DMA_ScuStart
                0x00000000060205ec                _DMA_ScuGetStatus
 .text          0x0000000006020618      0x240 ../sbl/segalib/lib/libsat.a(spr_1c.o)
                0x0000000006020618                _SPR_SetTvMode
                0x0000000006020694                _SPR_GetStatus
                0x00000000060206e8                _SPR_SetEraseData
                0x0000000006020780                _SPR_Initial
                0x0000000006020834                _SPR_WaitDrawEnd
                0x0000000006020844                _SPR_SetEosMode
 .text          0x0000000006020858      0x16c ../sbl/segalib/lib/libsat.a(spr_2a.o)
                0x0000000006020858                _SPR_2SetDrawPrty
                0x00000000060208c8                _SPR_2FlushDrawPrtyBlock
 .text          0x00000000060209c4       0x52 /opt/toolchains/sh-elf/bin/../lib/gcc/sh-elf/11.1.0/libgcc.a(_ashiftrt.o)
                0x00000000060209c4                ___ashiftrt_r4_31
                0x00000000060209c4                ___ashiftrt_r4_32
                0x00000000060209ca                ___ashiftrt_r4_30
                0x00000000060209cc                ___ashiftrt_r4_29
                0x00000000060209ce                ___ashiftrt_r4_28
                0x00000000060209d0                ___ashiftrt_r4_27
                0x00000000060209d2                ___ashiftrt_r4_26
                0x00000000060209d4                ___ashiftrt_r4_25
                0x00000000060209d6                ___ashiftrt_r4_24
                0x00000000060209de                ___ashiftrt_r4_23
                0x00000000060209e0                ___ashiftrt_r4_22
                0x00000000060209e2                ___ashiftrt_r4_21
                0x00000000060209e4                ___ashiftrt_r4_20
                0x00000000060209e6                ___ashiftrt_r4_19
                0x00000000060209e8                ___ashiftrt_r4_18
                0x00000000060209ea                ___ashiftrt_r4_17
                0x00000000060209ec                ___ashiftrt_r4_16
                0x00000000060209f2                ___ashiftrt_r4_15
                0x00000000060209f4                ___ashiftrt_r4_14
                0x00000000060209f6                ___ashiftrt_r4_13
                0x00000000060209f8                ___ashiftrt_r4_12
                0x00000000060209fa                ___ashiftrt_r4_11
                0x00000000060209fc                ___ashiftrt_r4_10
                0x00000000060209fe                ___ashiftrt_r4_9
                0x0000000006020a00                ___ashiftrt_r4_8
                0x0000000006020a02                ___ashiftrt_r4_7
                0x0000000006020a04                ___ashiftrt_r4_6
                0x0000000006020a06                ___ashiftrt_r4_5
                0x0000000006020a08                ___ashiftrt_r4_4
                0x0000000006020a0a                ___ashiftrt_r4_3
                0x0000000006020a0c                ___ashiftrt_r4_2
                0x0000000006020a0e                ___ashiftrt_r4_1
                0x0000000006020a12                ___ashiftrt_r4_0
 *fill*         0x0000000006020a16        0x2 
 .text          0x0000000006020a18       0x80 /opt/toolchains/sh-elf/bin/../lib/gcc/sh-elf/11.1.0/libgcc.a(_ashiftrt_n.o)
                0x0000000006020a18                ___ashrsi3
 .text          0x0000000006020a98       0xbc /opt/toolchains/sh-elf/bin/../lib/gcc/sh-elf/11.1.0/libgcc.a(_ashiftlt.o)
                0x0000000006020a98                ___ashlsi3
                0x0000000006020a9c                ___ashlsi3_r0
 .text          0x0000000006020b54       0x78 /opt/toolchains/sh-elf/bin/../lib/gcc/sh-elf/11.1.0/libgcc.a(_movmem.o)
                0x0000000006020b54                ___movmem
                0x0000000006020b54                ___movstr
                0x0000000006020b88                ___movmemSI64
                0x0000000006020b88                ___movstrSI64
                0x0000000006020b8c                ___movmemSI60
                0x0000000006020b8c                ___movstrSI60
                0x0000000006020b90                ___movstrSI56
                0x0000000006020b90                ___movmemSI56
                0x0000000006020b94                ___movmemSI52
                0x0000000006020b94                ___movstrSI52
                0x0000000006020b98                ___movstrSI48
                0x0000000006020b98                ___movmemSI48
                0x0000000006020b9c                ___movmemSI44
                0x0000000006020b9c                ___movstrSI44
                0x0000000006020ba0                ___movstrSI40
                0x0000000006020ba0                ___movmemSI40
                0x0000000006020ba4                ___movstrSI36
                0x0000000006020ba4                ___movmemSI36
                0x0000000006020ba8                ___movstrSI32
                0x0000000006020ba8                ___movmemSI32
                0x0000000006020bac                ___movmemSI28
                0x0000000006020bac                ___movstrSI28
                0x0000000006020bb0                ___movmemSI24
                0x0000000006020bb0                ___movstrSI24
                0x0000000006020bb4                ___movmemSI20
                0x0000000006020bb4                ___movstrSI20
                0x0000000006020bb8                ___movstrSI16
                0x0000000006020bb8                ___movmemSI16
                0x0000000006020bbc                ___movmemSI12
                0x0000000006020bbc                ___movstrSI12
                0x0000000006020bc0                ___movstrSI8
                0x0000000006020bc0                ___movmemSI8
                0x0000000006020bc4                ___movstrSI4
                0x0000000006020bc4                ___movmemSI4
 .text          0x0000000006020bcc       0xa0 /opt/toolchains/sh-elf/bin/../lib/gcc/sh-elf/11.1.0/libgcc.a(_sdivsi3.o)
                0x0000000006020bcc                ___sdivsi3
 .text          0x0000000006020c6c       0x6c /opt/toolchains/sh-elf/bin/../lib/gcc/sh-elf/11.1.0/libgcc.a(_udivsi3.o)
                0x0000000006020c8e                ___udivsi3
 .text          0x0000000006020cd8      0x208 /opt/toolchains/sh-elf/bin/../lib/gcc/sh-elf/11.1.0/libgcc.a(_mul_df.o)
                0x0000000006020cd8                ___muldf3
 .text          0x0000000006020ee0       0xa8 /opt/toolchains/sh-elf/bin/../lib/gcc/sh-elf/11.1.0/libgcc.a(_si_to_df.o)
                0x0000000006020ee0                ___floatsidf
 .text          0x0000000006020f88       0xa0 /opt/toolchains/sh-elf/bin/../lib/gcc/sh-elf/11.1.0/libgcc.a(_df_to_si.o)
                0x0000000006020f88                ___fixdfsi
 .text          0x0000000006021028        0x0 /opt/toolchains/sh-elf/bin/../lib/gcc/sh-elf/11.1.0/libgcc.a(_thenan_df.o)
 .text          0x0000000006021028       0xbc /opt/toolchains/sh-elf/bin/../lib/gcc/sh-elf/11.1.0/libgcc.a(_lshiftrt.o)
                0x0000000006021028                ___lshrsi3
                0x000000000602102c                ___lshrsi3_r0
 .text          0x00000000060210e4       0x74 /opt/toolchains/sh-elf/bin/../lib/gcc/sh-elf/11.1.0/libgcc.a(_clzsi2.o)
                0x00000000060210e4                ___clzsi2
 .text          0x0000000006021158      0x29c /opt/toolchains/sh-elf/bin/../lib/gcc/sh-elf/11.1.0/libgcc.a(_pack_df.o)
                0x0000000006021158                ___pack_d
 .text          0x00000000060213f4       0xcc /opt/toolchains/sh-elf/bin/../lib/gcc/sh-elf/11.1.0/libgcc.a(_unpack_df.o)
                0x00000000060213f4                ___unpack_d
 .text          0x00000000060214c0        0x0 /opt/toolchains/sh-elf/bin/../lib/gcc/sh-elf/11.1.0/libgcc.a(_clz.o)
 .text          0x00000000060214c0       0x64 /opt/toolchains/sh-elf/bin/../lib/gcc/sh-elf/11.1.0/../../../../sh-elf/lib/libc.a(lib_a-memcmp.o)
                0x00000000060214c0                _memcmp
 .text          0x0000000006021524       0x94 /opt/toolchains/sh-elf/bin/../lib/gcc/sh-elf/11.1.0/../../../../sh-elf/lib/libc.a(lib_a-memcpy.o)
                0x0000000006021524                _memcpy
 .text          0x00000000060215b8       0xcc /opt/toolchains/sh-elf/bin/../lib/gcc/sh-elf/11.1.0/../../../../sh-elf/lib/libc.a(lib_a-memmove.o)
                0x00000000060215b8                _memmove
 .text          0x0000000006021684       0x40 /opt/toolchains/sh-elf/bin/../lib/gcc/sh-elf/11.1.0/../../../../sh-elf/lib/libc.a(lib_a-memset.o)
                0x0000000006021684                _memset
 .text          0x00000000060216c4       0x3c /opt/toolchains/sh-elf/bin/../lib/gcc/sh-elf/11.1.0/../../../../sh-elf/lib/libc.a(lib_a-strcpy.o)
                0x00000000060216c4                _strcpy
 .text          0x0000000006021700       0xd0 /opt/toolchains/sh-elf/bin/../lib/gcc/sh-elf/11.1.0/../../../../sh-elf/lib/libc.a(lib_a-strncmp.o)
                0x0000000006021700                _strncmp
 .text          0x00000000060217d0       0xd4 /opt/toolchains/sh-elf/bin/../lib/gcc/sh-elf/11.1.0/../../../../sh-elf/lib/libc.a(lib_a-strncpy.o)
                0x00000000060217d0                _strncpy
 *(.rodata*)
 .rodata        0x00000000060218a4        0x7 bg.o
 *fill*         0x00000000060218ab        0x1 
 .rodata        0x00000000060218ac      0x100 crc.o
 .rodata        0x00000000060219ac       0x2f game.o
 *fill*         0x00000000060219db        0x1 
 .rodata        0x00000000060219dc      0x409 pcmsys.o
 *fill*         0x0000000006021de5        0x3 
 .rodata        0x0000000006021de8        0x9 print.o
 *fill*         0x0000000006021df1        0x3 
 .rodata        0x0000000006021df4       0x7b sound.o
 *fill*         0x0000000006021e6f        0x1 
 .rodata        0x0000000006021e70        0xa ../sbl/segalib/lib/libsat.a(gfs.o)
 *fill*         0x0000000006021e7a        0x2 
 .rodata        0x0000000006021e7c       0x30 ../sbl/segalib/lib/libsat.a(gfs_buf.o)
 .rodata        0x0000000006021eac       0x2d ../sbl/segalib/lib/libsat.a(gfs_cdf.o)
 *fill*         0x0000000006021ed9        0x3 
 .rodata.str1.4
                0x0000000006021edc        0x7 ../sbl/segalib/lib/libsat.a(gfs_dir.o)
 *fill*         0x0000000006021ee3        0x1 
 .rodata        0x0000000006021ee4       0x30 ../sbl/segalib/lib/libsat.a(gfs_trn.o)
 .rodata        0x0000000006021f14        0xc ../sbl/segalib/lib/libsat.a(dma_scu0.o)
 .rodata        0x0000000006021f20       0x20 ../sbl/segalib/lib/libsat.a(spr_1c.o)
 .rodata        0x0000000006021f40       0x14 /opt/toolchains/sh-elf/bin/../lib/gcc/sh-elf/11.1.0/libgcc.a(_thenan_df.o)
                0x0000000006021f40                ___thenan_df
 .rodata        0x0000000006021f54      0x100 /opt/toolchains/sh-elf/bin/../lib/gcc/sh-elf/11.1.0/libgcc.a(_clz.o)
                0x0000000006021f54                ___clz_tab
 *(.strings)
                0x0000000006022060                . = ALIGN (0x10)
 *fill*         0x0000000006022054        0xc 
                0x0000000006022060                _etext = ABSOLUTE (.)

.tors           0x0000000006022060        0x0
                0x0000000006022060                ___ctors = .
 *(.ctors)
                0x0000000006022060                ___ctors_end = .
                0x0000000006022060                ___dtors = .
 *(.dtors)
                0x0000000006022060                ___dtors_end = .
                0x0000000006022060                . = ALIGN (0x10)
                0x0000000006022060                _etors = ABSOLUTE (.)

.data           0x0000000006022060      0x790
 *(.data)
 .data          0x0000000006022060        0x0 entry.o
 .data          0x0000000006022060        0x0 stack.o
 .data          0x0000000006022060        0x0 vblank.o
 .data          0x0000000006022060        0x8 bg.o
 .data          0x0000000006022068        0x0 cd.o
 .data          0x0000000006022068        0x0 crc.o
 .data          0x0000000006022068        0x0 devcart.o
 .data          0x0000000006022068        0x0 game.o
 .data          0x0000000006022068        0x0 hwram.o
 .data          0x0000000006022068        0xc pcmsys.o
                0x0000000006022068                _m68k_com
                0x000000000602206c                _scsp_load
                0x0000000006022070                _master_volume
 .data          0x0000000006022074      0x700 piece.o
                0x0000000006022074                _pieces
 .data          0x0000000006022774        0x0 print.o
 .data          0x0000000006022774        0x0 rng.o
 .data          0x0000000006022774       0x34 scroll.o
                0x0000000006022774                _vram
                0x0000000006022788                _charOffsets
                0x0000000006022798                _cycleTb
 .data          0x00000000060227a8        0x0 sound.o
 .data          0x00000000060227a8       0x18 sprite.o
 .data          0x00000000060227c0        0x0 main.o
 .data          0x00000000060227c0        0x0 ../sbl/segalib/lib/libsat.a(cdc_cmn.o)
 .data          0x00000000060227c0        0x0 ../sbl/segalib/lib/libsat.a(cdc_drv.o)
 .data          0x00000000060227c0        0x0 ../sbl/segalib/lib/libsat.a(dma_scu1.o)
 .data          0x00000000060227c0        0x0 ../sbl/segalib/lib/libsat.a(gfs.o)
 .data          0x00000000060227c0        0x0 ../sbl/segalib/lib/libsat.a(gfs_buf.o)
 .data          0x00000000060227c0        0x0 ../sbl/segalib/lib/libsat.a(gfs_cdb.o)
 .data          0x00000000060227c0        0x0 ../sbl/segalib/lib/libsat.a(gfs_cdc.o)
 .data          0x00000000060227c0        0x0 ../sbl/segalib/lib/libsat.a(gfs_cdf.o)
 .data          0x00000000060227c0        0x0 ../sbl/segalib/lib/libsat.a(gfs_dir.o)
 .data          0x00000000060227c0        0x0 ../sbl/segalib/lib/libsat.a(gfs_trn.o)
 .data          0x00000000060227c0        0x0 ../sbl/segalib/lib/libsat.a(mth_rand.o)
 .data          0x00000000060227c0        0x0 ../sbl/segalib/lib/libsat.a(mth_fixd.o)
 .data          0x00000000060227c0        0x0 ../sbl/segalib/lib/libsat.a(mth_tri.o)
 .data          0x00000000060227c0        0x3 ../sbl/segalib/lib/libsat.a(per_prt.o)
 .data          0x00000000060227c3        0x0 ../sbl/segalib/lib/libsat.a(spr_2c.o)
 *fill*         0x00000000060227c3        0x1 
 .data          0x00000000060227c4        0x6 ../sbl/segalib/lib/libsat.a(scl_func.o)
                0x00000000060227c4                _SclRotateTableMode
                0x00000000060227c6                _SclDisplayY
                0x00000000060227c8                _SclDisplayX
 .data          0x00000000060227ca        0x0 ../sbl/segalib/lib/libsat.a(scl_fu02.o)
 .data          0x00000000060227ca        0x0 ../sbl/segalib/lib/libsat.a(scl_fu03.o)
 .data          0x00000000060227ca        0x0 ../sbl/segalib/lib/libsat.a(scl_fu04.o)
 *fill*         0x00000000060227ca        0x2 
 .data          0x00000000060227cc       0x18 ../sbl/segalib/lib/libsat.a(scl_pri.o)
                0x00000000060227cc                _SclRealColOffset
                0x00000000060227d0                _SclRealBgColMix
                0x00000000060227d4                _SclRealSpColMix
                0x00000000060227d8                _SclRealBgPriNum
                0x00000000060227dc                _SclRealSpPriNum
                0x00000000060227e0                _SclRealOtherPri
 .data          0x00000000060227e4        0x0 ../sbl/segalib/lib/libsat.a(scl_ro00.o)
 .data          0x00000000060227e4        0x0 ../sbl/segalib/lib/libsat.a(scl_ro03.o)
 .data          0x00000000060227e4        0x0 ../sbl/segalib/lib/libsat.a(scl_back.o)
 .data          0x00000000060227e4        0x8 ../sbl/segalib/lib/libsat.a(scl_vblv.o)
                0x00000000060227e4                _VBInterval
                0x00000000060227e8                _SpFrameEraseMode
 .data          0x00000000060227ec        0x0 ../sbl/segalib/lib/libsat.a(scl_pr01.o)
 .data          0x00000000060227ec        0x0 ../sbl/segalib/lib/libsat.a(scl_pr02.o)
 .data          0x00000000060227ec        0x0 ../sbl/segalib/lib/libsat.a(scl_pr03.o)
 .data          0x00000000060227ec        0x0 ../sbl/segalib/lib/libsat.a(scl_pr05.o)
 .data          0x00000000060227ec        0x0 ../sbl/segalib/lib/libsat.a(scl_pr06.o)
 .data          0x00000000060227ec        0x0 ../sbl/segalib/lib/libsat.a(scl_pr07.o)
 .data          0x00000000060227ec        0x0 ../sbl/segalib/lib/libsat.a(scl_pr11.o)
 .data          0x00000000060227ec        0x0 ../sbl/segalib/lib/libsat.a(scl_pr12.o)
 .data          0x00000000060227ec        0x0 ../sbl/segalib/lib/libsat.a(cdc_reg.o)
 .data          0x00000000060227ec        0x0 ../sbl/segalib/lib/libsat.a(cdc_sub.o)
 .data          0x00000000060227ec        0x0 ../sbl/segalib/lib/libsat.a(cdc_dev.o)
 .data          0x00000000060227ec        0x0 ../sbl/segalib/lib/libsat.a(cdc_sel.o)
 .data          0x00000000060227ec        0x0 ../sbl/segalib/lib/libsat.a(cdc_bif.o)
 .data          0x00000000060227ec        0x0 ../sbl/segalib/lib/libsat.a(cdc_bio.o)
 .data          0x00000000060227ec        0x0 ../sbl/segalib/lib/libsat.a(cdc_cfs.o)
 .data          0x00000000060227ec        0x0 ../sbl/segalib/lib/libsat.a(csh_main.o)
 .data          0x00000000060227ec        0x0 ../sbl/segalib/lib/libsat.a(dma_cpu0.o)
 .data          0x00000000060227ec        0x0 ../sbl/segalib/lib/libsat.a(dma_scu0.o)
 .data          0x00000000060227ec        0x0 ../sbl/segalib/lib/libsat.a(spr_1c.o)
 .data          0x00000000060227ec        0x0 ../sbl/segalib/lib/libsat.a(spr_2a.o)
 .data          0x00000000060227ec        0x0 /opt/toolchains/sh-elf/bin/../lib/gcc/sh-elf/11.1.0/libgcc.a(_ashiftrt.o)
 .data          0x00000000060227ec        0x0 /opt/toolchains/sh-elf/bin/../lib/gcc/sh-elf/11.1.0/libgcc.a(_ashiftrt_n.o)
 .data          0x00000000060227ec        0x0 /opt/toolchains/sh-elf/bin/../lib/gcc/sh-elf/11.1.0/libgcc.a(_ashiftlt.o)
 .data          0x00000000060227ec        0x0 /opt/toolchains/sh-elf/bin/../lib/gcc/sh-elf/11.1.0/libgcc.a(_movmem.o)
 .data          0x00000000060227ec        0x0 /opt/toolchains/sh-elf/bin/../lib/gcc/sh-elf/11.1.0/libgcc.a(_sdivsi3.o)
 .data          0x00000000060227ec        0x0 /opt/toolchains/sh-elf/bin/../lib/gcc/sh-elf/11.1.0/libgcc.a(_udivsi3.o)
 .data          0x00000000060227ec        0x0 /opt/toolchains/sh-elf/bin/../lib/gcc/sh-elf/11.1.0/libgcc.a(_mul_df.o)
 .data          0x00000000060227ec        0x0 /opt/toolchains/sh-elf/bin/../lib/gcc/sh-elf/11.1.0/libgcc.a(_si_to_df.o)
 .data          0x00000000060227ec        0x0 /opt/toolchains/sh-elf/bin/../lib/gcc/sh-elf/11.1.0/libgcc.a(_df_to_si.o)
 .data          0x00000000060227ec        0x0 /opt/toolchains/sh-elf/bin/../lib/gcc/sh-elf/11.1.0/libgcc.a(_thenan_df.o)
 .data          0x00000000060227ec        0x0 /opt/toolchains/sh-elf/bin/../lib/gcc/sh-elf/11.1.0/libgcc.a(_lshiftrt.o)
 .data          0x00000000060227ec        0x0 /opt/toolchains/sh-elf/bin/../lib/gcc/sh-elf/11.1.0/libgcc.a(_clzsi2.o)
 .data          0x00000000060227ec        0x0 /opt/toolchains/sh-elf/bin/../lib/gcc/sh-elf/11.1.0/libgcc.a(_pack_df.o)
 .data          0x00000000060227ec        0x0 /opt/toolchains/sh-elf/bin/../lib/gcc/sh-elf/11.1.0/libgcc.a(_unpack_df.o)
 .data          0x00000000060227ec        0x0 /opt/toolchains/sh-elf/bin/../lib/gcc/sh-elf/11.1.0/libgcc.a(_clz.o)
 .data          0x00000000060227ec        0x0 /opt/toolchains/sh-elf/bin/../lib/gcc/sh-elf/11.1.0/../../../../sh-elf/lib/libc.a(lib_a-memcmp.o)
 .data          0x00000000060227ec        0x0 /opt/toolchains/sh-elf/bin/../lib/gcc/sh-elf/11.1.0/../../../../sh-elf/lib/libc.a(lib_a-memcpy.o)
 .data          0x00000000060227ec        0x0 /opt/toolchains/sh-elf/bin/../lib/gcc/sh-elf/11.1.0/../../../../sh-elf/lib/libc.a(lib_a-memmove.o)
 .data          0x00000000060227ec        0x0 /opt/toolchains/sh-elf/bin/../lib/gcc/sh-elf/11.1.0/../../../../sh-elf/lib/libc.a(lib_a-memset.o)
 .data          0x00000000060227ec        0x0 /opt/toolchains/sh-elf/bin/../lib/gcc/sh-elf/11.1.0/../../../../sh-elf/lib/libc.a(lib_a-strcpy.o)
 .data          0x00000000060227ec        0x0 /opt/toolchains/sh-elf/bin/../lib/gcc/sh-elf/11.1.0/../../../../sh-elf/lib/libc.a(lib_a-strncmp.o)
 .data          0x00000000060227ec        0x0 /opt/toolchains/sh-elf/bin/../lib/gcc/sh-elf/11.1.0/../../../../sh-elf/lib/libc.a(lib_a-strncpy.o)
                0x00000000060227f0                . = ALIGN (0x10)
 *fill*         0x00000000060227ec        0x4 
                0x00000000060227f0                _edata = ABSOLUTE (.)

.bss            0x00000000060227f0    0x19740
                0x00000000060227f0                _bss_start = .
 *(.bss)
 .bss           0x00000000060227f0        0x0 entry.o
 .bss           0x00000000060227f0        0x0 stack.o
 .bss           0x00000000060227f0       0x34 vblank.o
                0x00000000060227f0                _PadData1
                0x00000000060227f2                _PadData1L
                0x00000000060227f4                _PadData1E
                0x00000000060227f6                _PadData2
                0x00000000060227f8                _PadData2L
                0x00000000060227fa                _PadData2E
                0x00000000060227fc                _PadWorkArea
                0x0000000006022818                _perFlag
                0x000000000602281c                _VblankFlg
                0x0000000006022820                _vblank_frames
 .bss           0x0000000006022824       0x48 bg.o
 .bss           0x000000000602286c     0x1674 cd.o
 .bss           0x0000000006023ee0        0x0 crc.o
 .bss           0x0000000006023ee0        0x0 devcart.o
 .bss           0x0000000006023ee0      0x3e8 game.o
                0x0000000006023ee0                _boardVram
 .bss           0x00000000060242c8    0x13880 hwram.o
                0x00000000060242c8                _HWRAM_Buffer
 .bss           0x0000000006037b48        0x2 pcmsys.o
                0x0000000006037b48                _numberPCMs
 .bss           0x0000000006037b4a        0x0 piece.o
 .bss           0x0000000006037b4a      0x528 print.o
                0x0000000006037b4a                _text
 *fill*         0x0000000006038072        0x2 
 .bss           0x0000000006038074        0x8 rng.o
 .bss           0x000000000603807c      0x17c scroll.o
                0x000000000603807c                _scfg
 .bss           0x00000000060381f8        0x0 sound.o
 .bss           0x00000000060381f8     0x257c sprite.o
                0x00000000060381f8                _numSprites
                0x00000000060381fc                _tileCount
                0x0000000006038200                _palCnt
                0x0000000006038204                _sprites
 .bss           0x000000000603a774        0x4 main.o
                0x000000000603a774                _frame
 .bss           0x000000000603a778        0x0 ../sbl/segalib/lib/libsat.a(cdc_cmn.o)
 .bss           0x000000000603a778        0x0 ../sbl/segalib/lib/libsat.a(cdc_drv.o)
 .bss           0x000000000603a778        0xc ../sbl/segalib/lib/libsat.a(dma_scu1.o)
 .bss           0x000000000603a784        0xc ../sbl/segalib/lib/libsat.a(gfs.o)
                0x000000000603a784                _GFMC_base
                0x000000000603a788                _gfs_mng_ptr
                0x000000000603a78c                _bobtest
 .bss           0x000000000603a790        0x0 ../sbl/segalib/lib/libsat.a(gfs_buf.o)
 .bss           0x000000000603a790        0x0 ../sbl/segalib/lib/libsat.a(gfs_cdb.o)
 .bss           0x000000000603a790        0x4 ../sbl/segalib/lib/libsat.a(gfs_cdc.o)
                0x000000000603a790                _gfcd_work
 .bss           0x000000000603a794        0x0 ../sbl/segalib/lib/libsat.a(gfs_cdf.o)
 .bss           0x000000000603a794        0x0 ../sbl/segalib/lib/libsat.a(gfs_dir.o)
 .bss           0x000000000603a794        0xc ../sbl/segalib/lib/libsat.a(gfs_trn.o)
 .bss           0x000000000603a7a0        0x4 ../sbl/segalib/lib/libsat.a(mth_rand.o)
 .bss           0x000000000603a7a4        0x0 ../sbl/segalib/lib/libsat.a(mth_fixd.o)
 .bss           0x000000000603a7a4        0x0 ../sbl/segalib/lib/libsat.a(mth_tri.o)
 .bss           0x000000000603a7a4       0x7f ../sbl/segalib/lib/libsat.a(per_prt.o)
                0x000000000603a7a4                _per_set_sys_flg
                0x000000000603a7a8                _per_get_sys_data
                0x000000000603a7b4                _per_get_time_adr
                0x000000000603a7b8                _per_hot_res
                0x000000000603a7b9                _per_time_out_flg
 *fill*         0x000000000603a823        0x1 
 .bss           0x000000000603a824       0x94 ../sbl/segalib/lib/libsat.a(spr_2c.o)
                0x000000000603a824                _SpCmdTblR
                0x000000000603a828                _SpCmdTbl
                0x000000000603a82c                _SpCrCmdChain
                0x000000000603a830                _SpDrawPrtyBlk
                0x000000000603a834                _SpCmdChain
                0x000000000603a838                _SpCmdChainBlkNo
                0x000000000603a83c                _SpDrawPrtyProcFlag
                0x000000000603a840                _SpDrawPrtyTopCmdNo
                0x000000000603a844                _SpCmdNo
                0x000000000603a848                _SpDrawPrtyBlkMax
                0x000000000603a84c                _SpCharMax
                0x000000000603a850                _SpCharTbl
                0x000000000603a854                _SpLCoordY
                0x000000000603a858                _SpLCoordX
                0x000000000603a85c                _Sp2OpenFlag
 .bss           0x000000000603a8b8      0xf1c ../sbl/segalib/lib/libsat.a(scl_func.o)
                0x000000000603a8b8                _SclRPMD
                0x000000000603a8bc                _SclRotateMoveZ
                0x000000000603a8c4                _SclRotateDisp
                0x000000000603a8cc                _SclRotateZ
                0x000000000603a8d4                _SclRotateXy
                0x000000000603a8dc                _SclRotateTableAddress
                0x000000000603a8e0                _SclRb
                0x000000000603a8e1                _SclRa
                0x000000000603a8e2                _SclRotXySw
                0x000000000603a8e8                _SclRbgKtbOffset
                0x000000000603a8f0                _SclRbgKtbAddr
                0x000000000603a8f8                _SclK_TableFlag
                0x000000000603a8fc                _SclK_TableNum
                0x000000000603a904                _SclK_TableBuff
                0x000000000603b5d4                _SclRotregBuff
                0x000000000603b6d4                _Scl_w_reg
                0x000000000603b6f4                _Scl_r_reg
                0x000000000603b704                _Scl_n_reg
                0x000000000603b744                _Scl_d_reg
                0x000000000603b78c                _Scl_s_reg
                0x000000000603b7b4                _SclProcess
                0x000000000603b7b8                _SclCurSclNum
                0x000000000603b7bc                _SclLengthCsTbl
                0x000000000603b7be                _SclLengthLsTbl
                0x000000000603b7c0                _SclAddrCsTbl
                0x000000000603b7c8                _SclAddrLsTbl
 .bss           0x000000000603b7d4        0x0 ../sbl/segalib/lib/libsat.a(scl_fu02.o)
 .bss           0x000000000603b7d4        0x0 ../sbl/segalib/lib/libsat.a(scl_fu03.o)
 .bss           0x000000000603b7d4        0x0 ../sbl/segalib/lib/libsat.a(scl_fu04.o)
 .bss           0x000000000603b7d4      0x696 ../sbl/segalib/lib/libsat.a(scl_pri.o)
                0x000000000603b7d4                _SclAutoRGB
                0x000000000603bdd4                _SclAutoPlusFlag
                0x000000000603bdd5                _SclAutoVeFlag
                0x000000000603bdd6                _SclAutoEndRate
                0x000000000603bdd7                _SclAutoCurRate
                0x000000000603bdd8                _SclAutoEndBlue2
                0x000000000603bdda                _SclAutoEndGreen2
                0x000000000603bddc                _SclAutoEndRed2
                0x000000000603bdde                _SclAutoEndBlue
                0x000000000603bde0                _SclAutoEndGreen
                0x000000000603bde2                _SclAutoEndRed
                0x000000000603bde4                _SclAutoBlue
                0x000000000603bde6                _SclAutoGreen
                0x000000000603bde8                _SclAutoRed
                0x000000000603bdec                _SclAutoMax
                0x000000000603bdf0                _SclAutoIndex
                0x000000000603bdf4                _SclAutoCount
                0x000000000603bdf8                _SclAutoInterval
                0x000000000603bdfc                _SclAutoSurface
                0x000000000603be00                _SclColRamAlloc2048
                0x000000000603be04                _SclColRamAlloc256
                0x000000000603be24                _SclLineColRamOffset
                0x000000000603be28                _SclPriBuffDirty
                0x000000000603be2c                _SclColOffset
                0x000000000603be3c                _SclBgColMix
                0x000000000603be44                _SclSpColMix
                0x000000000603be4c                _SclBgPriNum
                0x000000000603be52                _SclSpPriNum
                0x000000000603be5a                _SclOtherPri
 *fill*         0x000000000603be6a        0x2 
 .bss           0x000000000603be6c       0x58 ../sbl/segalib/lib/libsat.a(scl_ro00.o)
                0x000000000603be6c                _SclCsy
                0x000000000603be74                _SclCsx
 .bss           0x000000000603bec4        0x0 ../sbl/segalib/lib/libsat.a(scl_ro03.o)
 .bss           0x000000000603bec4        0x0 ../sbl/segalib/lib/libsat.a(scl_back.o)
 .bss           0x000000000603bec4       0x16 ../sbl/segalib/lib/libsat.a(scl_vblv.o)
                0x000000000603bec4                _frameChgFlag
                0x000000000603bec8                _VBIntrDisableDepth
                0x000000000603becc                _ReqDisplayFlag2
                0x000000000603bed0                _ReqDisplayFlag1
                0x000000000603bed4                _VBIntervalCounter
                0x000000000603bed8                _SpFrameChgMode
 .bss           0x000000000603beda        0x0 ../sbl/segalib/lib/libsat.a(scl_pr01.o)
 .bss           0x000000000603beda        0x0 ../sbl/segalib/lib/libsat.a(scl_pr02.o)
 .bss           0x000000000603beda        0x0 ../sbl/segalib/lib/libsat.a(scl_pr03.o)
 .bss           0x000000000603beda        0x0 ../sbl/segalib/lib/libsat.a(scl_pr05.o)
 .bss           0x000000000603beda        0x0 ../sbl/segalib/lib/libsat.a(scl_pr06.o)
 .bss           0x000000000603beda        0x0 ../sbl/segalib/lib/libsat.a(scl_pr07.o)
 .bss           0x000000000603beda        0x0 ../sbl/segalib/lib/libsat.a(scl_pr11.o)
 .bss           0x000000000603beda        0x0 ../sbl/segalib/lib/libsat.a(scl_pr12.o)
 .bss           0x000000000603beda        0x2 ../sbl/segalib/lib/libsat.a(cdc_reg.o)
                0x000000000603beda                _hirq_flag
 .bss           0x000000000603bedc        0xc ../sbl/segalib/lib/libsat.a(cdc_sub.o)
                0x000000000603bedc                _cd_stat
 .bss           0x000000000603bee8        0x0 ../sbl/segalib/lib/libsat.a(cdc_dev.o)
 .bss           0x000000000603bee8        0x0 ../sbl/segalib/lib/libsat.a(cdc_sel.o)
 .bss           0x000000000603bee8        0x0 ../sbl/segalib/lib/libsat.a(cdc_bif.o)
 .bss           0x000000000603bee8        0x0 ../sbl/segalib/lib/libsat.a(cdc_bio.o)
 .bss           0x000000000603bee8        0x0 ../sbl/segalib/lib/libsat.a(cdc_cfs.o)
 .bss           0x000000000603bee8        0x0 ../sbl/segalib/lib/libsat.a(csh_main.o)
 .bss           0x000000000603bee8        0x0 ../sbl/segalib/lib/libsat.a(dma_cpu0.o)
 .bss           0x000000000603bee8       0x1c ../sbl/segalib/lib/libsat.a(dma_scu0.o)
 .bss           0x000000000603bf04       0x20 ../sbl/segalib/lib/libsat.a(spr_1c.o)
                0x000000000603bf04                _SpDil
                0x000000000603bf06                _SpDie
                0x000000000603bf08                _SpFbcrMode
                0x000000000603bf0a                _SpTvMode
                0x000000000603bf0c                _SpScreenY
                0x000000000603bf10                _SpScreenX
                0x000000000603bf14                _SpInitialFlag
 .bss           0x000000000603bf24        0x0 ../sbl/segalib/lib/libsat.a(spr_2a.o)
 .bss           0x000000000603bf24        0x0 /opt/toolchains/sh-elf/bin/../lib/gcc/sh-elf/11.1.0/libgcc.a(_ashiftrt.o)
 .bss           0x000000000603bf24        0x0 /opt/toolchains/sh-elf/bin/../lib/gcc/sh-elf/11.1.0/libgcc.a(_ashiftrt_n.o)
 .bss           0x000000000603bf24        0x0 /opt/toolchains/sh-elf/bin/../lib/gcc/sh-elf/11.1.0/libgcc.a(_ashiftlt.o)
 .bss           0x000000000603bf24        0x0 /opt/toolchains/sh-elf/bin/../lib/gcc/sh-elf/11.1.0/libgcc.a(_movmem.o)
 .bss           0x000000000603bf24        0x0 /opt/toolchains/sh-elf/bin/../lib/gcc/sh-elf/11.1.0/libgcc.a(_sdivsi3.o)
 .bss           0x000000000603bf24        0x0 /opt/toolchains/sh-elf/bin/../lib/gcc/sh-elf/11.1.0/libgcc.a(_udivsi3.o)
 .bss           0x000000000603bf24        0x0 /opt/toolchains/sh-elf/bin/../lib/gcc/sh-elf/11.1.0/libgcc.a(_mul_df.o)
 .bss           0x000000000603bf24        0x0 /opt/toolchains/sh-elf/bin/../lib/gcc/sh-elf/11.1.0/libgcc.a(_si_to_df.o)
 .bss           0x000000000603bf24        0x0 /opt/toolchains/sh-elf/bin/../lib/gcc/sh-elf/11.1.0/libgcc.a(_df_to_si.o)
 .bss           0x000000000603bf24        0x0 /opt/toolchains/sh-elf/bin/../lib/gcc/sh-elf/11.1.0/libgcc.a(_thenan_df.o)
 .bss           0x000000000603bf24        0x0 /opt/toolchains/sh-elf/bin/../lib/gcc/sh-elf/11.1.0/libgcc.a(_lshiftrt.o)
 .bss           0x000000000603bf24        0x0 /opt/toolchains/sh-elf/bin/../lib/gcc/sh-elf/11.1.0/libgcc.a(_clzsi2.o)
 .bss           0x000000000603bf24        0x0 /opt/toolchains/sh-elf/bin/../lib/gcc/sh-elf/11.1.0/libgcc.a(_pack_df.o)
 .bss           0x000000000603bf24        0x0 /opt/toolchains/sh-elf/bin/../lib/gcc/sh-elf/11.1.0/libgcc.a(_unpack_df.o)
 .bss           0x000000000603bf24        0x0 /opt/toolchains/sh-elf/bin/../lib/gcc/sh-elf/11.1.0/libgcc.a(_clz.o)
 .bss           0x000000000603bf24        0x0 /opt/toolchains/sh-elf/bin/../lib/gcc/sh-elf/11.1.0/../../../../sh-elf/lib/libc.a(lib_a-memcmp.o)
 .bss           0x000000000603bf24        0x0 /opt/toolchains/sh-elf/bin/../lib/gcc/sh-elf/11.1.0/../../../../sh-elf/lib/libc.a(lib_a-memcpy.o)
 .bss           0x000000000603bf24        0x0 /opt/toolchains/sh-elf/bin/../lib/gcc/sh-elf/11.1.0/../../../../sh-elf/lib/libc.a(lib_a-memmove.o)
 .bss           0x000000000603bf24        0x0 /opt/toolchains/sh-elf/bin/../lib/gcc/sh-elf/11.1.0/../../../../sh-elf/lib/libc.a(lib_a-memset.o)
 .bss           0x000000000603bf24        0x0 /opt/toolchains/sh-elf/bin/../lib/gcc/sh-elf/11.1.0/../../../../sh-elf/lib/libc.a(lib_a-strcpy.o)
 .bss           0x000000000603bf24        0x0 /opt/toolchains/sh-elf/bin/../lib/gcc/sh-elf/11.1.0/../../../../sh-elf/lib/libc.a(lib_a-strncmp.o)
 .bss           0x000000000603bf24        0x0 /opt/toolchains/sh-elf/bin/../lib/gcc/sh-elf/11.1.0/../../../../sh-elf/lib/libc.a(lib_a-strncpy.o)
 *(COMMON)
                0x000000000603bf24                _bss_end = .
                0x000000000603bf30                . = ALIGN (0x10)
 *fill*         0x000000000603bf24        0xc 
                0x000000000603bf30                _end = ABSOLUTE (.)

.stack          0x000000000603bf30     0x2000
 *(.stack)
 .stack         0x000000000603bf30     0x2000 stack.o
                0x000000000603bf30                _PROG_STK
                0x000000000603df30                _stack = .

.lwram          0x0000000000200000        0x0
                0x0000000000200000                . = ALIGN (0x10)
 *(.lwram)
                0x0000000000200000                . = ALIGN (0x10)

.vdp2_vram      0x0000000005e00000        0x0
                0x0000000005e00000                . = ALIGN (0x10)
 *(.vdp2_vram)
                0x0000000005e00000                . = ALIGN (0x10)
OUTPUT(main.elf elf32-sh)

.debug_info     0x0000000000000000     0x6445
 .debug_info    0x0000000000000000      0x40f vblank.o
 .debug_info    0x000000000000040f      0x52b bg.o
 .debug_info    0x000000000000093a      0x8bc cd.o
 .debug_info    0x00000000000011f6      0x127 crc.o
 .debug_info    0x000000000000131d      0x3e9 devcart.o
 .debug_info    0x0000000000001706      0xc80 game.o
 .debug_info    0x0000000000002386       0x9e hwram.o
 .debug_info    0x0000000000002424      0x56b pcmsys.o
 .debug_info    0x000000000000298f       0x69 piece.o
 .debug_info    0x00000000000029f8      0x38e print.o
 .debug_info    0x0000000000002d86      0x230 rng.o
 .debug_info    0x0000000000002fb6      0xa98 scroll.o
 .debug_info    0x0000000000003a4e      0x360 sound.o
 .debug_info    0x0000000000003dae      0xcd7 sprite.o
 .debug_info    0x0000000000004a85      0x392 main.o
 .debug_info    0x0000000000004e17      0x4d2 /opt/toolchains/sh-elf/bin/../lib/gcc/sh-elf/11.1.0/libgcc.a(_mul_df.o)
 .debug_info    0x00000000000052e9      0x259 /opt/toolchains/sh-elf/bin/../lib/gcc/sh-elf/11.1.0/libgcc.a(_si_to_df.o)
 .debug_info    0x0000000000005542      0x2a5 /opt/toolchains/sh-elf/bin/../lib/gcc/sh-elf/11.1.0/libgcc.a(_df_to_si.o)
 .debug_info    0x00000000000057e7      0x15b /opt/toolchains/sh-elf/bin/../lib/gcc/sh-elf/11.1.0/libgcc.a(_thenan_df.o)
 .debug_info    0x0000000000005942      0x130 /opt/toolchains/sh-elf/bin/../lib/gcc/sh-elf/11.1.0/libgcc.a(_clzsi2.o)
 .debug_info    0x0000000000005a72      0x298 /opt/toolchains/sh-elf/bin/../lib/gcc/sh-elf/11.1.0/libgcc.a(_pack_df.o)
 .debug_info    0x0000000000005d0a      0x20c /opt/toolchains/sh-elf/bin/../lib/gcc/sh-elf/11.1.0/libgcc.a(_unpack_df.o)
 .debug_info    0x0000000000005f16       0xca /opt/toolchains/sh-elf/bin/../lib/gcc/sh-elf/11.1.0/libgcc.a(_clz.o)
 .debug_info    0x0000000000005fe0      0x10f /opt/toolchains/sh-elf/bin/../lib/gcc/sh-elf/11.1.0/../../../../sh-elf/lib/libc.a(lib_a-memcmp.o)
 .debug_info    0x00000000000060ef      0x130 /opt/toolchains/sh-elf/bin/../lib/gcc/sh-elf/11.1.0/../../../../sh-elf/lib/libc.a(lib_a-memmove.o)
 .debug_info    0x000000000000621f       0xf4 /opt/toolchains/sh-elf/bin/../lib/gcc/sh-elf/11.1.0/../../../../sh-elf/lib/libc.a(lib_a-strncmp.o)
 .debug_info    0x0000000000006313      0x132 /opt/toolchains/sh-elf/bin/../lib/gcc/sh-elf/11.1.0/../../../../sh-elf/lib/libc.a(lib_a-strncpy.o)

.debug_abbrev   0x0000000000000000     0x2663
 .debug_abbrev  0x0000000000000000      0x1b6 vblank.o
 .debug_abbrev  0x00000000000001b6      0x19b bg.o
 .debug_abbrev  0x0000000000000351      0x234 cd.o
 .debug_abbrev  0x0000000000000585       0xae crc.o
 .debug_abbrev  0x0000000000000633      0x19d devcart.o
 .debug_abbrev  0x00000000000007d0      0x329 game.o
 .debug_abbrev  0x0000000000000af9       0x69 hwram.o
 .debug_abbrev  0x0000000000000b62      0x1b2 pcmsys.o
 .debug_abbrev  0x0000000000000d14       0x5a piece.o
 .debug_abbrev  0x0000000000000d6e      0x181 print.o
 .debug_abbrev  0x0000000000000eef      0x163 rng.o
 .debug_abbrev  0x0000000000001052      0x283 scroll.o
 .debug_abbrev  0x00000000000012d5      0x1bf sound.o
 .debug_abbrev  0x0000000000001494      0x2e6 sprite.o
 .debug_abbrev  0x000000000000177a      0x18f main.o
 .debug_abbrev  0x0000000000001909      0x278 /opt/toolchains/sh-elf/bin/../lib/gcc/sh-elf/11.1.0/libgcc.a(_mul_df.o)
 .debug_abbrev  0x0000000000001b81      0x1b2 /opt/toolchains/sh-elf/bin/../lib/gcc/sh-elf/11.1.0/libgcc.a(_si_to_df.o)
 .debug_abbrev  0x0000000000001d33      0x1b2 /opt/toolchains/sh-elf/bin/../lib/gcc/sh-elf/11.1.0/libgcc.a(_df_to_si.o)
 .debug_abbrev  0x0000000000001ee5       0xcf /opt/toolchains/sh-elf/bin/../lib/gcc/sh-elf/11.1.0/libgcc.a(_thenan_df.o)
 .debug_abbrev  0x0000000000001fb4       0xca /opt/toolchains/sh-elf/bin/../lib/gcc/sh-elf/11.1.0/libgcc.a(_clzsi2.o)
 .debug_abbrev  0x000000000000207e      0x1ae /opt/toolchains/sh-elf/bin/../lib/gcc/sh-elf/11.1.0/libgcc.a(_pack_df.o)
 .debug_abbrev  0x000000000000222c      0x142 /opt/toolchains/sh-elf/bin/../lib/gcc/sh-elf/11.1.0/libgcc.a(_unpack_df.o)
 .debug_abbrev  0x000000000000236e       0x70 /opt/toolchains/sh-elf/bin/../lib/gcc/sh-elf/11.1.0/libgcc.a(_clz.o)
 .debug_abbrev  0x00000000000023de       0x8a /opt/toolchains/sh-elf/bin/../lib/gcc/sh-elf/11.1.0/../../../../sh-elf/lib/libc.a(lib_a-memcmp.o)
 .debug_abbrev  0x0000000000002468       0xba /opt/toolchains/sh-elf/bin/../lib/gcc/sh-elf/11.1.0/../../../../sh-elf/lib/libc.a(lib_a-memmove.o)
 .debug_abbrev  0x0000000000002522       0x8c /opt/toolchains/sh-elf/bin/../lib/gcc/sh-elf/11.1.0/../../../../sh-elf/lib/libc.a(lib_a-strncmp.o)
 .debug_abbrev  0x00000000000025ae       0xb5 /opt/toolchains/sh-elf/bin/../lib/gcc/sh-elf/11.1.0/../../../../sh-elf/lib/libc.a(lib_a-strncpy.o)

.debug_aranges  0x0000000000000000      0x340
 .debug_aranges
                0x0000000000000000       0x20 vblank.o
 .debug_aranges
                0x0000000000000020       0x20 bg.o
 .debug_aranges
                0x0000000000000040       0x20 cd.o
 .debug_aranges
                0x0000000000000060       0x20 crc.o
 .debug_aranges
                0x0000000000000080       0x20 devcart.o
 .debug_aranges
                0x00000000000000a0       0x20 game.o
 .debug_aranges
                0x00000000000000c0       0x18 hwram.o
 .debug_aranges
                0x00000000000000d8       0x20 pcmsys.o
 .debug_aranges
                0x00000000000000f8       0x18 piece.o
 .debug_aranges
                0x0000000000000110       0x20 print.o
 .debug_aranges
                0x0000000000000130       0x20 rng.o
 .debug_aranges
                0x0000000000000150       0x20 scroll.o
 .debug_aranges
                0x0000000000000170       0x20 sound.o
 .debug_aranges
                0x0000000000000190       0x20 sprite.o
 .debug_aranges
                0x00000000000001b0       0x20 main.o
 .debug_aranges
                0x00000000000001d0       0x20 /opt/toolchains/sh-elf/bin/../lib/gcc/sh-elf/11.1.0/libgcc.a(_mul_df.o)
 .debug_aranges
                0x00000000000001f0       0x20 /opt/toolchains/sh-elf/bin/../lib/gcc/sh-elf/11.1.0/libgcc.a(_si_to_df.o)
 .debug_aranges
                0x0000000000000210       0x20 /opt/toolchains/sh-elf/bin/../lib/gcc/sh-elf/11.1.0/libgcc.a(_df_to_si.o)
 .debug_aranges
                0x0000000000000230       0x18 /opt/toolchains/sh-elf/bin/../lib/gcc/sh-elf/11.1.0/libgcc.a(_thenan_df.o)
 .debug_aranges
                0x0000000000000248       0x20 /opt/toolchains/sh-elf/bin/../lib/gcc/sh-elf/11.1.0/libgcc.a(_clzsi2.o)
 .debug_aranges
                0x0000000000000268       0x20 /opt/toolchains/sh-elf/bin/../lib/gcc/sh-elf/11.1.0/libgcc.a(_pack_df.o)
 .debug_aranges
                0x0000000000000288       0x20 /opt/toolchains/sh-elf/bin/../lib/gcc/sh-elf/11.1.0/libgcc.a(_unpack_df.o)
 .debug_aranges
                0x00000000000002a8       0x18 /opt/toolchains/sh-elf/bin/../lib/gcc/sh-elf/11.1.0/libgcc.a(_clz.o)
 .debug_aranges
                0x00000000000002c0       0x20 /opt/toolchains/sh-elf/bin/../lib/gcc/sh-elf/11.1.0/../../../../sh-elf/lib/libc.a(lib_a-memcmp.o)
 .debug_aranges
                0x00000000000002e0       0x20 /opt/toolchains/sh-elf/bin/../lib/gcc/sh-elf/11.1.0/../../../../sh-elf/lib/libc.a(lib_a-memmove.o)
 .debug_aranges
                0x0000000000000300       0x20 /opt/toolchains/sh-elf/bin/../lib/gcc/sh-elf/11.1.0/../../../../sh-elf/lib/libc.a(lib_a-strncmp.o)
 .debug_aranges
                0x0000000000000320       0x20 /opt/toolchains/sh-elf/bin/../lib/gcc/sh-elf/11.1.0/../../../../sh-elf/lib/libc.a(lib_a-strncpy.o)

.debug_line     0x0000000000000000     0x34ce
 .debug_line    0x0000000000000000       0xf6 vblank.o
 .debug_line    0x00000000000000f6      0x28c bg.o
 .debug_line    0x0000000000000382       0xd9 cd.o
 .debug_line    0x000000000000045b       0xa3 crc.o
 .debug_line    0x00000000000004fe      0x215 devcart.o
 .debug_line    0x0000000000000713      0x7af game.o
 .debug_line    0x0000000000000ec2       0x58 hwram.o
 .debug_line    0x0000000000000f1a      0x4a7 pcmsys.o
 .debug_line    0x00000000000013c1       0x33 piece.o
 .debug_line    0x00000000000013f4      0x177 print.o
 .debug_line    0x000000000000156b      0x152 rng.o
 .debug_line    0x00000000000016bd      0x3ee scroll.o
 .debug_line    0x0000000000001aab      0x1ac sound.o
 .debug_line    0x0000000000001c57      0x567 sprite.o
 .debug_line    0x00000000000021be      0x13f main.o
 .debug_line    0x00000000000022fd      0x2d6 /opt/toolchains/sh-elf/bin/../lib/gcc/sh-elf/11.1.0/libgcc.a(_mul_df.o)
 .debug_line    0x00000000000025d3      0x13d /opt/toolchains/sh-elf/bin/../lib/gcc/sh-elf/11.1.0/libgcc.a(_si_to_df.o)
 .debug_line    0x0000000000002710       0xf6 /opt/toolchains/sh-elf/bin/../lib/gcc/sh-elf/11.1.0/libgcc.a(_df_to_si.o)
 .debug_line    0x0000000000002806       0x50 /opt/toolchains/sh-elf/bin/../lib/gcc/sh-elf/11.1.0/libgcc.a(_thenan_df.o)
 .debug_line    0x0000000000002856       0xad /opt/toolchains/sh-elf/bin/../lib/gcc/sh-elf/11.1.0/libgcc.a(_clzsi2.o)
 .debug_line    0x0000000000002903      0x30c /opt/toolchains/sh-elf/bin/../lib/gcc/sh-elf/11.1.0/libgcc.a(_pack_df.o)
 .debug_line    0x0000000000002c0f      0x146 /opt/toolchains/sh-elf/bin/../lib/gcc/sh-elf/11.1.0/libgcc.a(_unpack_df.o)
 .debug_line    0x0000000000002d55       0x52 /opt/toolchains/sh-elf/bin/../lib/gcc/sh-elf/11.1.0/libgcc.a(_clz.o)
 .debug_line    0x0000000000002da7      0x167 /opt/toolchains/sh-elf/bin/../lib/gcc/sh-elf/11.1.0/../../../../sh-elf/lib/libc.a(lib_a-memcmp.o)
 .debug_line    0x0000000000002f0e      0x1ec /opt/toolchains/sh-elf/bin/../lib/gcc/sh-elf/11.1.0/../../../../sh-elf/lib/libc.a(lib_a-memmove.o)
 .debug_line    0x00000000000030fa      0x200 /opt/toolchains/sh-elf/bin/../lib/gcc/sh-elf/11.1.0/../../../../sh-elf/lib/libc.a(lib_a-strncmp.o)
 .debug_line    0x00000000000032fa      0x1d4 /opt/toolchains/sh-elf/bin/../lib/gcc/sh-elf/11.1.0/../../../../sh-elf/lib/libc.a(lib_a-strncpy.o)

.debug_str      0x0000000000000000     0x1a98
 .debug_str     0x0000000000000000      0x236 vblank.o
                                        0x298 (size before relaxing)
 .debug_str     0x0000000000000236      0x1c4 bg.o
                                        0x2a9 (size before relaxing)
 .debug_str     0x00000000000003fa      0x25a cd.o
                                        0x36a (size before relaxing)
 .debug_str     0x0000000000000654       0x3a crc.o
                                        0x121 (size before relaxing)
 .debug_str     0x000000000000068e      0x118 devcart.o
                                        0x246 (size before relaxing)
 .debug_str     0x00000000000007a6      0x3bb game.o
                                        0x4e0 (size before relaxing)
 .debug_str     0x0000000000000b61        0x8 hwram.o
                                         0xcd (size before relaxing)
 .debug_str     0x0000000000000b69      0x161 pcmsys.o
                                        0x2ea (size before relaxing)
 .debug_str     0x0000000000000cca        0x8 piece.o
                                         0x62 (size before relaxing)
 .debug_str     0x0000000000000cd2       0x60 print.o
                                        0x1dc (size before relaxing)
 .debug_str     0x0000000000000d32       0x7c rng.o
                                        0x184 (size before relaxing)
 .debug_str     0x0000000000000dae      0x36f scroll.o
                                        0x4f8 (size before relaxing)
 .debug_str     0x000000000000111d       0xd2 sound.o
                                        0x20c (size before relaxing)
 .debug_str     0x00000000000011ef      0x330 sprite.o
                                        0x560 (size before relaxing)
 .debug_str     0x000000000000151f      0x130 main.o
                                        0x30e (size before relaxing)
 .debug_str     0x000000000000164f      0x212 /opt/toolchains/sh-elf/bin/../lib/gcc/sh-elf/11.1.0/libgcc.a(_mul_df.o)
                                        0x28a (size before relaxing)
 .debug_str     0x0000000000001861       0x27 /opt/toolchains/sh-elf/bin/../lib/gcc/sh-elf/11.1.0/libgcc.a(_si_to_df.o)
                                        0x216 (size before relaxing)
 .debug_str     0x0000000000001888        0xa /opt/toolchains/sh-elf/bin/../lib/gcc/sh-elf/11.1.0/libgcc.a(_df_to_si.o)
                                        0x233 (size before relaxing)
 .debug_str     0x0000000000001892      0x1d5 /opt/toolchains/sh-elf/bin/../lib/gcc/sh-elf/11.1.0/libgcc.a(_thenan_df.o)
 .debug_str     0x0000000000001892       0x59 /opt/toolchains/sh-elf/bin/../lib/gcc/sh-elf/11.1.0/libgcc.a(_clzsi2.o)
                                        0x198 (size before relaxing)
 .debug_str     0x00000000000018eb        0x7 /opt/toolchains/sh-elf/bin/../lib/gcc/sh-elf/11.1.0/libgcc.a(_pack_df.o)
                                        0x227 (size before relaxing)
 .debug_str     0x00000000000018f2      0x209 /opt/toolchains/sh-elf/bin/../lib/gcc/sh-elf/11.1.0/libgcc.a(_unpack_df.o)
 .debug_str     0x00000000000018f2      0x17b /opt/toolchains/sh-elf/bin/../lib/gcc/sh-elf/11.1.0/libgcc.a(_clz.o)
 .debug_str     0x00000000000018f2       0xa8 /opt/toolchains/sh-elf/bin/../lib/gcc/sh-elf/11.1.0/../../../../sh-elf/lib/libc.a(lib_a-memcmp.o)
                                        0x144 (size before relaxing)
 .debug_str     0x000000000000199a       0x72 /opt/toolchains/sh-elf/bin/../lib/gcc/sh-elf/11.1.0/../../../../sh-elf/lib/libc.a(lib_a-memmove.o)
                                        0x177 (size before relaxing)
 .debug_str     0x0000000000001a0c       0x41 /opt/toolchains/sh-elf/bin/../lib/gcc/sh-elf/11.1.0/../../../../sh-elf/lib/libc.a(lib_a-strncmp.o)
                                        0x146 (size before relaxing)
 .debug_str     0x0000000000001a4d       0x4b /opt/toolchains/sh-elf/bin/../lib/gcc/sh-elf/11.1.0/../../../../sh-elf/lib/libc.a(lib_a-strncpy.o)
                                        0x16e (size before relaxing)

.comment        0x0000000000000000       0x12
 .comment       0x0000000000000000       0x12 vblank.o
                                         0x13 (size before relaxing)
 .comment       0x0000000000000012       0x13 bg.o
 .comment       0x0000000000000012       0x13 cd.o
 .comment       0x0000000000000012       0x13 crc.o
 .comment       0x0000000000000012       0x13 devcart.o
 .comment       0x0000000000000012       0x13 game.o
 .comment       0x0000000000000012       0x13 hwram.o
 .comment       0x0000000000000012       0x13 pcmsys.o
 .comment       0x0000000000000012       0x13 piece.o
 .comment       0x0000000000000012       0x13 print.o
 .comment       0x0000000000000012       0x13 rng.o
 .comment       0x0000000000000012       0x13 scroll.o
 .comment       0x0000000000000012       0x13 sound.o
 .comment       0x0000000000000012       0x13 sprite.o
 .comment       0x0000000000000012       0x13 main.o
 .comment       0x0000000000000012       0x13 ../sbl/segalib/lib/libsat.a(cdc_cmn.o)
 .comment       0x0000000000000012       0x13 ../sbl/segalib/lib/libsat.a(cdc_drv.o)
 .comment       0x0000000000000012       0x13 ../sbl/segalib/lib/libsat.a(dma_scu1.o)
 .comment       0x0000000000000012       0x13 ../sbl/segalib/lib/libsat.a(gfs.o)
 .comment       0x0000000000000012       0x13 ../sbl/segalib/lib/libsat.a(gfs_buf.o)
 .comment       0x0000000000000012       0x13 ../sbl/segalib/lib/libsat.a(gfs_cdb.o)
 .comment       0x0000000000000012       0x13 ../sbl/segalib/lib/libsat.a(gfs_cdc.o)
 .comment       0x0000000000000012       0x13 ../sbl/segalib/lib/libsat.a(gfs_cdf.o)
 .comment       0x0000000000000012       0x13 ../sbl/segalib/lib/libsat.a(gfs_dir.o)
 .comment       0x0000000000000012       0x13 ../sbl/segalib/lib/libsat.a(gfs_trn.o)
 .comment       0x0000000000000012       0x13 ../sbl/segalib/lib/libsat.a(mth_rand.o)
 .comment       0x0000000000000012       0x13 ../sbl/segalib/lib/libsat.a(per_prt.o)
 .comment       0x0000000000000012       0x13 ../sbl/segalib/lib/libsat.a(spr_2c.o)
 .comment       0x0000000000000012       0x13 ../sbl/segalib/lib/libsat.a(scl_func.o)
 .comment       0x0000000000000012       0x13 ../sbl/segalib/lib/libsat.a(scl_fu02.o)
 .comment       0x0000000000000012       0x13 ../sbl/segalib/lib/libsat.a(scl_fu03.o)
 .comment       0x0000000000000012       0x13 ../sbl/segalib/lib/libsat.a(scl_fu04.o)
 .comment       0x0000000000000012       0x13 ../sbl/segalib/lib/libsat.a(scl_pri.o)
 .comment       0x0000000000000012       0x13 ../sbl/segalib/lib/libsat.a(scl_ro00.o)
 .comment       0x0000000000000012       0x13 ../sbl/segalib/lib/libsat.a(scl_ro03.o)
 .comment       0x0000000000000012       0x13 ../sbl/segalib/lib/libsat.a(scl_back.o)
 .comment       0x0000000000000012       0x13 ../sbl/segalib/lib/libsat.a(scl_vblv.o)
 .comment       0x0000000000000012       0x13 ../sbl/segalib/lib/libsat.a(scl_pr01.o)
 .comment       0x0000000000000012       0x13 ../sbl/segalib/lib/libsat.a(scl_pr02.o)
 .comment       0x0000000000000012       0x13 ../sbl/segalib/lib/libsat.a(scl_pr03.o)
 .comment       0x0000000000000012       0x13 ../sbl/segalib/lib/libsat.a(scl_pr05.o)
 .comment       0x0000000000000012       0x13 ../sbl/segalib/lib/libsat.a(scl_pr06.o)
 .comment       0x0000000000000012       0x13 ../sbl/segalib/lib/libsat.a(scl_pr07.o)
 .comment       0x0000000000000012       0x13 ../sbl/segalib/lib/libsat.a(scl_pr11.o)
 .comment       0x0000000000000012       0x13 ../sbl/segalib/lib/libsat.a(scl_pr12.o)
 .comment       0x0000000000000012       0x13 ../sbl/segalib/lib/libsat.a(cdc_reg.o)
 .comment       0x0000000000000012       0x13 ../sbl/segalib/lib/libsat.a(cdc_sub.o)
 .comment       0x0000000000000012       0x13 ../sbl/segalib/lib/libsat.a(cdc_dev.o)
 .comment       0x0000000000000012       0x13 ../sbl/segalib/lib/libsat.a(cdc_sel.o)
 .comment       0x0000000000000012       0x13 ../sbl/segalib/lib/libsat.a(cdc_bif.o)
 .comment       0x0000000000000012       0x13 ../sbl/segalib/lib/libsat.a(cdc_bio.o)
 .comment       0x0000000000000012       0x13 ../sbl/segalib/lib/libsat.a(cdc_cfs.o)
 .comment       0x0000000000000012       0x13 ../sbl/segalib/lib/libsat.a(csh_main.o)
 .comment       0x0000000000000012       0x13 ../sbl/segalib/lib/libsat.a(dma_cpu0.o)
 .comment       0x0000000000000012       0x13 ../sbl/segalib/lib/libsat.a(dma_scu0.o)
 .comment       0x0000000000000012       0x13 ../sbl/segalib/lib/libsat.a(spr_1c.o)
 .comment       0x0000000000000012       0x13 /opt/toolchains/sh-elf/bin/../lib/gcc/sh-elf/11.1.0/libgcc.a(_mul_df.o)
 .comment       0x0000000000000012       0x13 /opt/toolchains/sh-elf/bin/../lib/gcc/sh-elf/11.1.0/libgcc.a(_si_to_df.o)
 .comment       0x0000000000000012       0x13 /opt/toolchains/sh-elf/bin/../lib/gcc/sh-elf/11.1.0/libgcc.a(_df_to_si.o)
 .comment       0x0000000000000012       0x13 /opt/toolchains/sh-elf/bin/../lib/gcc/sh-elf/11.1.0/libgcc.a(_thenan_df.o)
 .comment       0x0000000000000012       0x13 /opt/toolchains/sh-elf/bin/../lib/gcc/sh-elf/11.1.0/libgcc.a(_clzsi2.o)
 .comment       0x0000000000000012       0x13 /opt/toolchains/sh-elf/bin/../lib/gcc/sh-elf/11.1.0/libgcc.a(_pack_df.o)
 .comment       0x0000000000000012       0x13 /opt/toolchains/sh-elf/bin/../lib/gcc/sh-elf/11.1.0/libgcc.a(_unpack_df.o)
 .comment       0x0000000000000012       0x13 /opt/toolchains/sh-elf/bin/../lib/gcc/sh-elf/11.1.0/libgcc.a(_clz.o)
 .comment       0x0000000000000012       0x13 /opt/toolchains/sh-elf/bin/../lib/gcc/sh-elf/11.1.0/../../../../sh-elf/lib/libc.a(lib_a-memcmp.o)
 .comment       0x0000000000000012       0x13 /opt/toolchains/sh-elf/bin/../lib/gcc/sh-elf/11.1.0/../../../../sh-elf/lib/libc.a(lib_a-memmove.o)
 .comment       0x0000000000000012       0x13 /opt/toolchains/sh-elf/bin/../lib/gcc/sh-elf/11.1.0/../../../../sh-elf/lib/libc.a(lib_a-strncmp.o)
 .comment       0x0000000000000012       0x13 /opt/toolchains/sh-elf/bin/../lib/gcc/sh-elf/11.1.0/../../../../sh-elf/lib/libc.a(lib_a-strncpy.o)

.debug_frame    0x0000000000000000     0x1354
 .debug_frame   0x0000000000000000       0xb8 vblank.o
 .debug_frame   0x00000000000000b8       0xac bg.o
 .debug_frame   0x0000000000000164       0xa8 cd.o
 .debug_frame   0x000000000000020c       0x38 crc.o
 .debug_frame   0x0000000000000244      0x198 devcart.o
 .debug_frame   0x00000000000003dc      0x390 game.o
 .debug_frame   0x000000000000076c      0x1e0 pcmsys.o
 .debug_frame   0x000000000000094c       0xf4 print.o
 .debug_frame   0x0000000000000a40       0xc0 rng.o
 .debug_frame   0x0000000000000b00      0x248 scroll.o
 .debug_frame   0x0000000000000d48       0xc4 sound.o
 .debug_frame   0x0000000000000e0c      0x284 sprite.o
 .debug_frame   0x0000000000001090       0x30 main.o
 .debug_frame   0x00000000000010c0       0x98 /opt/toolchains/sh-elf/bin/../lib/gcc/sh-elf/11.1.0/libgcc.a(_mul_df.o)
 .debug_frame   0x0000000000001158       0x3c /opt/toolchains/sh-elf/bin/../lib/gcc/sh-elf/11.1.0/libgcc.a(_si_to_df.o)
 .debug_frame   0x0000000000001194       0x48 /opt/toolchains/sh-elf/bin/../lib/gcc/sh-elf/11.1.0/libgcc.a(_df_to_si.o)
 .debug_frame   0x00000000000011dc       0x38 /opt/toolchains/sh-elf/bin/../lib/gcc/sh-elf/11.1.0/libgcc.a(_clzsi2.o)
 .debug_frame   0x0000000000001214       0x6c /opt/toolchains/sh-elf/bin/../lib/gcc/sh-elf/11.1.0/libgcc.a(_pack_df.o)
 .debug_frame   0x0000000000001280       0x20 /opt/toolchains/sh-elf/bin/../lib/gcc/sh-elf/11.1.0/libgcc.a(_unpack_df.o)
 .debug_frame   0x00000000000012a0       0x20 /opt/toolchains/sh-elf/bin/../lib/gcc/sh-elf/11.1.0/../../../../sh-elf/lib/libc.a(lib_a-memcmp.o)
 .debug_frame   0x00000000000012c0       0x20 /opt/toolchains/sh-elf/bin/../lib/gcc/sh-elf/11.1.0/../../../../sh-elf/lib/libc.a(lib_a-memmove.o)
 .debug_frame   0x00000000000012e0       0x30 /opt/toolchains/sh-elf/bin/../lib/gcc/sh-elf/11.1.0/../../../../sh-elf/lib/libc.a(lib_a-strncmp.o)
 .debug_frame   0x0000000000001310       0x44 /opt/toolchains/sh-elf/bin/../lib/gcc/sh-elf/11.1.0/../../../../sh-elf/lib/libc.a(lib_a-strncpy.o)

.debug_loclists
                0x0000000000000000      0xa2a
 .debug_loclists
                0x0000000000000000      0x30c /opt/toolchains/sh-elf/bin/../lib/gcc/sh-elf/11.1.0/libgcc.a(_mul_df.o)
 .debug_loclists
                0x000000000000030c       0x6c /opt/toolchains/sh-elf/bin/../lib/gcc/sh-elf/11.1.0/libgcc.a(_si_to_df.o)
 .debug_loclists
                0x0000000000000378       0x35 /opt/toolchains/sh-elf/bin/../lib/gcc/sh-elf/11.1.0/libgcc.a(_df_to_si.o)
 .debug_loclists
                0x00000000000003ad       0x22 /opt/toolchains/sh-elf/bin/../lib/gcc/sh-elf/11.1.0/libgcc.a(_clzsi2.o)
 .debug_loclists
                0x00000000000003cf      0x230 /opt/toolchains/sh-elf/bin/../lib/gcc/sh-elf/11.1.0/libgcc.a(_pack_df.o)
 .debug_loclists
                0x00000000000005ff       0x71 /opt/toolchains/sh-elf/bin/../lib/gcc/sh-elf/11.1.0/libgcc.a(_unpack_df.o)
 .debug_loclists
                0x0000000000000670       0xae /opt/toolchains/sh-elf/bin/../lib/gcc/sh-elf/11.1.0/../../../../sh-elf/lib/libc.a(lib_a-memcmp.o)
 .debug_loclists
                0x000000000000071e      0x13c /opt/toolchains/sh-elf/bin/../lib/gcc/sh-elf/11.1.0/../../../../sh-elf/lib/libc.a(lib_a-memmove.o)
 .debug_loclists
                0x000000000000085a       0xd5 /opt/toolchains/sh-elf/bin/../lib/gcc/sh-elf/11.1.0/../../../../sh-elf/lib/libc.a(lib_a-strncmp.o)
 .debug_loclists
                0x000000000000092f       0xfb /opt/toolchains/sh-elf/bin/../lib/gcc/sh-elf/11.1.0/../../../../sh-elf/lib/libc.a(lib_a-strncpy.o)

.debug_rnglists
                0x0000000000000000       0xf1
 .debug_rnglists
                0x0000000000000000       0x2e /opt/toolchains/sh-elf/bin/../lib/gcc/sh-elf/11.1.0/libgcc.a(_mul_df.o)
 .debug_rnglists
                0x000000000000002e       0x26 /opt/toolchains/sh-elf/bin/../lib/gcc/sh-elf/11.1.0/libgcc.a(_si_to_df.o)
 .debug_rnglists
                0x0000000000000054       0x1f /opt/toolchains/sh-elf/bin/../lib/gcc/sh-elf/11.1.0/libgcc.a(_clzsi2.o)
 .debug_rnglists
                0x0000000000000073       0x7e /opt/toolchains/sh-elf/bin/../lib/gcc/sh-elf/11.1.0/libgcc.a(_pack_df.o)