Archive member included to satisfy reference by file (symbol)

../sbl/segalib/lib/libsat.a(cdc_cmn.o)
                              main.o (_CDC_GetPeriStat)
../sbl/segalib/lib/libsat.a(cdc_drv.o)
                              sound.o (_CDC_CdPlay)
../sbl/segalib/lib/libsat.a(dma_scu1.o)
                              main.o (_DMA_ScuInit)
../sbl/segalib/lib/libsat.a(gfs.o)
                              cd.o (_GFS_SetDir)
../sbl/segalib/lib/libsat.a(gfs_buf.o)
                              ../sbl/segalib/lib/libsat.a(gfs.o) (_GFBF_GetNumData)
../sbl/segalib/lib/libsat.a(gfs_cdb.o)
                              ../sbl/segalib/lib/libsat.a(gfs.o) (_GFCB_Close)
../sbl/segalib/lib/libsat.a(gfs_cdc.o)
                              ../sbl/segalib/lib/libsat.a(gfs_cdb.o) (_GFCD_AllocFilt)
../sbl/segalib/lib/libsat.a(gfs_cdf.o)
                              ../sbl/segalib/lib/libsat.a(gfs.o) (_GFCF_Init)
../sbl/segalib/lib/libsat.a(gfs_dir.o)
                              ../sbl/segalib/lib/libsat.a(gfs.o) (_GFDR_NameToId)
../sbl/segalib/lib/libsat.a(gfs_trn.o)
                              ../sbl/segalib/lib/libsat.a(gfs.o) (_GFTR_Setup)
../sbl/segalib/lib/libsat.a(mth_rand.o)
                              rng.o (_MTH_InitialRand)
../sbl/segalib/lib/libsat.a(mth_fixd.o)
                              sprite.o (_MTH_Mul)
../sbl/segalib/lib/libsat.a(mth_tri.o)
                              sprite.o (_MTH_Sin)
../sbl/segalib/lib/libsat.a(per_prt.o)
                              vblank.o (_PER_Init)
../sbl/segalib/lib/libsat.a(spr_2c.o)
                              sprite.o (_SPR_2SetTvMode)
../sbl/segalib/lib/libsat.a(scl_func.o)
                              scroll.o (_Scl_n_reg)
../sbl/segalib/lib/libsat.a(scl_fu02.o)
                              scroll.o (_SCL_InitVramConfigTb)
../sbl/segalib/lib/libsat.a(scl_fu03.o)
                              scroll.o (_SCL_InitConfigTb)
../sbl/segalib/lib/libsat.a(scl_fu04.o)
                              scroll.o (_SCL_SetCycleTable)
../sbl/segalib/lib/libsat.a(scl_pri.o)
                              ../sbl/segalib/lib/libsat.a(scl_func.o) (_SCL_PriorityInit)
../sbl/segalib/lib/libsat.a(scl_ro00.o)
                              scroll.o (_SCL_InitRotateTable)
../sbl/segalib/lib/libsat.a(scl_ro03.o)
                              bg.o (_SCL_RotateTo)
../sbl/segalib/lib/libsat.a(scl_back.o)
                              scroll.o (_SCL_SetBack)
../sbl/segalib/lib/libsat.a(scl_vblv.o)
                              ../sbl/segalib/lib/libsat.a(spr_2c.o) (_SCL_SetFrameInterval)
../sbl/segalib/lib/libsat.a(scl_pr01.o)
                              sprite.o (_SCL_SetSpriteMode)
../sbl/segalib/lib/libsat.a(scl_pr02.o)
                              scroll.o (_SCL_SetColRam)
../sbl/segalib/lib/libsat.a(scl_pr03.o)
                              scroll.o (_SCL_AllocColRam)
../sbl/segalib/lib/libsat.a(scl_pr05.o)
                              ../sbl/segalib/lib/libsat.a(scl_pr02.o) (_SCL_GetColRamOffset)
../sbl/segalib/lib/libsat.a(scl_pr06.o)
                              ../sbl/segalib/lib/libsat.a(scl_pr03.o) (_SCL_SetColRamOffset)
../sbl/segalib/lib/libsat.a(scl_pr07.o)
                              scroll.o (_SCL_SetPriority)
../sbl/segalib/lib/libsat.a(scl_pr11.o)
                              bg.o (_SCL_SetAutoColOffset)
../sbl/segalib/lib/libsat.a(scl_pr12.o)
                              bg.o (_SCL_SetColOffset)
../sbl/segalib/lib/libsat.a(cdc_reg.o)
                              ../sbl/segalib/lib/libsat.a(gfs_cdb.o) (_CDC_GetDataPtr)
../sbl/segalib/lib/libsat.a(cdc_sub.o)
                              ../sbl/segalib/lib/libsat.a(cdc_cmn.o) (_CDSUB_GetCdstat)
../sbl/segalib/lib/libsat.a(cdc_dev.o)
                              ../sbl/segalib/lib/libsat.a(gfs_cdc.o) (_CDC_CdSetCon)
../sbl/segalib/lib/libsat.a(cdc_sel.o)
                              ../sbl/segalib/lib/libsat.a(gfs_cdc.o) (_CDC_SetFiltRange)
../sbl/segalib/lib/libsat.a(cdc_bif.o)
                              ../sbl/segalib/lib/libsat.a(gfs_cdc.o) (_CDC_GetBufSiz)
../sbl/segalib/lib/libsat.a(cdc_bio.o)
                              ../sbl/segalib/lib/libsat.a(gfs_cdc.o) (_CDC_SetSctLen)
../sbl/segalib/lib/libsat.a(cdc_cfs.o)
                              ../sbl/segalib/lib/libsat.a(gfs_cdc.o) (_CDC_ChgDir)
../sbl/segalib/lib/libsat.a(csh_main.o)
                              ../sbl/segalib/lib/libsat.a(dma_scu1.o) (_CSH_Purge)
../sbl/segalib/lib/libsat.a(dma_cpu0.o)
                              ../sbl/segalib/lib/libsat.a(gfs_trn.o) (_DMA_CpuSetComPrm)
../sbl/segalib/lib/libsat.a(dma_scu0.o)
                              ../sbl/segalib/lib/libsat.a(dma_scu1.o) (_DMA_ScuSetPrm)
../sbl/segalib/lib/libsat.a(spr_1c.o)
                              ../sbl/segalib/lib/libsat.a(spr_2c.o) (_SPR_SetTvMode)
../sbl/segalib/lib/libsat.a(spr_2a.o)
                              ../sbl/segalib/lib/libsat.a(spr_2c.o) (_SPR_2SetDrawPrty)
/opt/toolchains/sh-elf/bin/../lib/gcc/sh-elf/11.1.0/libgcc.a(_ashiftrt.o)
[...]
Memory Configuration

Name             Origin             Length             Attributes
*default*        0x0000000000000000 0xffffffffffffffff

Linker script and memory map

LOAD entry.o
LOAD stack.o
LOAD vblank.o
LOAD bg.o
LOAD cd.o
LOAD crc.o
LOAD devcart.o
LOAD game.o
LOAD hwram.o
LOAD rank.o
LOAD pcmsys.o
LOAD piece.o
LOAD print.o
LOAD rng.o
LOAD scroll.o
LOAD sound.o
LOAD sprite.o
LOAD title.o
LOAD main.o
LOAD ../sbl/segalib/lib/libsat.a
LOAD /opt/toolchains/sh-elf/bin/../lib/gcc/sh-elf/11.1.0/libgcc.a
LOAD /opt/toolchains/sh-elf/bin/../lib/gcc/sh-elf/11.1.0/libgcc-Os-4-200.a
LOAD /opt/toolchains/sh-elf/bin/../lib/gcc/sh-elf/11.1.0/../../../../sh-elf/lib/libc.a
LOAD /opt/toolchains/sh-elf/bin/../lib/gcc/sh-elf/11.1.0/libgcc.a
LOAD /opt/toolchains/sh-elf/bin/../lib/gcc/sh-elf/11.1.0/libgcc-Os-4-200.a

.entry          0x0000000006010000       0x60
 *(.entry)
 .entry         0x0000000006010000       0x50 entry.o
                0x0000000006010000                _entry
                0x0000000006010060                . = ALIGN (0x20)
 *fill*         0x0000000006010050       0x10 
                0x0000000006010060                _eentry = ABSOLUTE (.)

.text           0x0000000006010060    0x10710
 *(.text*)
 .text          0x0000000006010060        0x0 entry.o
 .text          0x0000000006010060        0x0 stack.o
 .text          0x0000000006010060      0x148 vblank.o
                0x0000000006010060                _CheckVblankEnd
                0x0000000006010070                _UsrVblankIn
                0x0000000006010088                _UsrVblankOut
                0x0000000006010118                _SetVblank
 .text          0x00000000060101a8      0x3c4 bg.o
                0x00000000060101a8                _BG_Init
                0x000000000601033c                _BG_Run
                0x0000000006010530                _BG_Next
 .text          0x000000000601056c       0xdc cd.o
                0x000000000601056c                _CD_Init
                0x0000000006010594                _CD_ChangeDir
                0x00000000060105d4                _CD_Load
 .text          0x0000000006010648       0x20 crc.o
                0x0000000006010648                _crc_update
 .text          0x0000000006010668      0x1d4 devcart.o
                0x00000000060106bc                _Devcart_LoadFile
                0x0000000006010788                _Devcart_PrintStr
                0x00000000060107c0                _Devcart_Reset
                0x0000000006010804                _Devcart_ChangeDir
 .text          0x000000000601083c     0x1074 game.o
                0x0000000006010c84                _Game_Init
                0x0000000006010fbc                _Game_Run
 .text          0x00000000060118b0        0x0 hwram.o
 .text          0x00000000060118b0      0x284 rank.o
                0x00000000060118b0                _Rank_Setup
                0x00000000060118bc                _Rank_Init
                0x00000000060119ec                _Rank_Run
 .text          0x0000000006011b34      0x35c pcmsys.o
                0x0000000006011b34                _smpc_wait_till_ready
                0x0000000006011b48                _smpc_issue_command
                0x0000000006011b5c                _load_driver_binary
                0x0000000006011bd0                _load_drv
                0x0000000006011c08                _calculate_bytes_per_blank
                0x0000000006011c38                _load_16bit_pcm
                0x0000000006011d34                _load_8bit_pcm
                0x0000000006011e2c                _pcm_play
                0x0000000006011e50                _pcm_parameter_change
                0x0000000006011e6c                _pcm_cease
 .text          0x0000000006011e90        0x0 piece.o
 .text          0x0000000006011e90      0x154 print.o
                0x0000000006011e90                _Print_Load
                0x0000000006011ea0                _Print_Init
                0x0000000006011eb8                _Print_Num
                0x0000000006011efc                _Print_String
                0x0000000006011f54                _Print_Display
 .text          0x0000000006011fe4       0xf4 rng.o
                0x0000000006011fe4                _RNG_Init
                0x0000000006012038                _RNG_Get
 .text          0x00000000060120d8      0x5ac scroll.o
                0x00000000060120d8                _Scroll_Init
                0x0000000006012368                _Scroll_TilePtr
                0x00000000060123bc                _Scroll_LoadTile
                0x000000000601243c                _Scroll_MapPtr
                0x0000000006012474                _Scroll_Scale
                0x0000000006012510                _Scroll_Set
                0x0000000006012550                _Scroll_Move
                0x0000000006012590                _Scroll_ClearMaps
                0x00000000060125d4                _Scroll_ClearVram
                0x00000000060125f0                _Scroll_CharSize
                0x0000000006012624                _Scroll_Enable
                0x0000000006012654                _Scroll_MapSize
 .text          0x0000000006012684      0x204 sound.o
                0x0000000006012684                _Sound_CDVolume
                0x0000000006012770                _Sound_Init
                0x0000000006012838                _Sound_CDDA
                0x0000000006012878                _Sound_Play
 .text          0x0000000006012888      0x60c sprite.o
                0x0000000006012888                _Sprite_Init
                0x000000000601291c                _Sprite_Clear
                0x0000000006012938                _Sprite_Load
                0x0000000006012b24                _Sprite_StartDraw
                0x0000000006012b54                _Sprite_Draw
                0x0000000006012d6c                _Sprite_Make
                0x0000000006012d98                _Sprite_DrawAll
                0x0000000006012de4                _Sprite_Next
                0x0000000006012e28                _Sprite_ListAdd
                0x0000000006012e3c                _Sprite_ListRemove
                0x0000000006012e60                _Sprite_Delete
                0x0000000006012e74                _Sprite_DeleteAll
 .text          0x0000000006012e94      0x2f8 title.o
                0x0000000006012e94                _Title_Init
                0x0000000006012fc4                _Title_Run
 .text          0x000000000601318c        0x0 main.o
 .text.startup  0x000000000601318c      0x158 main.o
                0x000000000601318c                _main
 .text          0x00000000060132e4      0x354 ../sbl/segalib/lib/libsat.a(cdc_cmn.o)
                0x00000000060132e4                _CDC_GetCurStat
                0x0000000006013328                _CDC_GetLastStat
                0x0000000006013334                _getPeriRsp
                0x00000000060133bc                _CDC_GetPeriStat
                0x0000000006013400                _CDC_GetHwInfo
                0x0000000006013458                _CDC_TgetToc
                0x00000000060134b0                _CDC_GetSes
                0x00000000060134e8                _CDC_CdInit
                0x0000000006013560                _CDC_CdOpen
                0x0000000006013588                _CDC_DataEnd
                0x00000000060135dc                _CDC_DataReady
 .text          0x0000000006013638      0x108 ../sbl/segalib/lib/libsat.a(cdc_drv.o)
                0x0000000006013638                _analyPos
                0x0000000006013688                _CDC_CdPlay
                0x00000000060136dc                _CDC_CdSeek
                0x0000000006013714                _CDC_CdScan
 .text          0x0000000006013740      0x198 ../sbl/segalib/lib/libsat.a(dma_scu1.o)
                0x0000000006013740                _DMA_ScuInit
                0x000000000601377c                _DMA_ScuMemCopy
                0x0000000006013840                _DMA_ScuResult
 .text          0x00000000060138d8     0x1610 ../sbl/segalib/lib/libsat.a(gfs.o)
                0x00000000060138d8                _gfs_recovRdErr
                0x0000000006013900                _GFS_SetErrFunc
                0x0000000006013924                _GFS_GetErrStat
                0x0000000006013944                _gfs_mngSetupFuncTbl
                0x0000000006013970                _gfs_mngInitWork
                0x00000000060139f0                _gfs_mngGetNumFile
                0x0000000006013a48                _GFS_mngAllocGrp
                0x0000000006013a88                _gfs_mngFreeGrp
                0x0000000006013a8e                _gfs_mngTermAccess
                0x0000000006013af8                _gfs_mngSetErrCode
                0x0000000006013b28                _GFS_SetDir
                0x0000000006013b8c                _GFS_NameToId
                0x0000000006013bdc                _GFS_IdToName
                0x0000000006013c38                _GFS_Tell
                0x0000000006013c78                _GFS_NwIsComplete
                0x0000000006013ca0                _GFS_CdMovePickup
                0x0000000006013d00                _GFS_GetDirInfo
                0x0000000006013d78                _gfs_svrSearchHndl
                0x0000000006013dac                _gfs_svrAddHndl
                0x0000000006013de0                _gfs_svrRemoveHndl
                0x0000000006013e54                _GFS_NwStop
                0x0000000006013eac                _GFS_OpenSub
                0x0000000006013ef4                _GFS_Open
                0x0000000006013f98                _GFS_GetFad
                0x0000000006013fdc                _gfs_SetSct
                0x0000000006014008                _GFS_NwCdRead
                0x000000000601408c                _gfs_GetFinfo
                0x00000000060140da                _GFS_GetFileSize
                0x000000000601413c                _GFS_Seek
                0x00000000060141f0                _GFS_IsEof
                0x0000000006014250                _GFS_ByteToSct
                0x00000000060142ac                _GFS_GetFileInfo
                0x0000000006014320                _GFS_NwFread
                0x0000000006014434                _GFS_NwGetStat
                0x00000000060144a8                _GFS_SetGmode
                0x000000000601450c                _GFS_SetTmode
                0x0000000006014580                _GFS_SetReadPara
                0x00000000060145e4                _GFS_SetTransPara
                0x0000000006014658                _gfs_transData
                0x00000000060146e8                _gfs_closeSub
                0x0000000006014718                _GFS_Close
                0x0000000006014750                _GFS_LoadDir
                0x00000000060147ec                _gfs_getGmode
                0x00000000060147f2                _gfs_isTaskDone
                0x000000000601483c                _gfs_convFinStat
                0x00000000060148a0                _gfs_flowIn
                0x0000000006014920                _GFS_NwExecOne
                0x00000000060149b0                _GFS_Fread
                0x0000000006014af8                _GFS_Load
                0x0000000006014bc0                _gfs_loadVol
                0x0000000006014c84                _gfs_getRootDir
                0x0000000006014d0c                _gfs_loadRootDir
                0x0000000006014d94                _GFS_Init
                0x0000000006014e80                _GFS_NwExecServer
 .text          0x0000000006014ee8       0x6c ../sbl/segalib/lib/libsat.a(gfs_buf.o)
                0x0000000006014ee8                _GFBF_GetTranData
                0x0000000006014efc                _GFBF_GetNumData
                0x0000000006014f14                _GFBF_GetSrcPk
                0x0000000006014f28                _GFBF_GetSctData
                0x0000000006014f3c                _GFBF_RtnPk
                0x0000000006014f50                _gfbf_getSctDt
 .text          0x0000000006014f54      0x484 ../sbl/segalib/lib/libsat.a(gfs_cdb.o)
                0x0000000006014f54                _GFCB_Setup
                0x0000000006015018                _GFCB_Close
                0x0000000006015038                _GFCB_GetLenData
                0x00000000060150cc                _GFCB_GetLenRoom
                0x00000000060150d0                _GFCB_SetFilt
                0x0000000006015128                _GFCB_DeleteAllData
                0x0000000006015144                _GFCB_Tell
                0x000000000601514c                _GFCB_Seek
                0x0000000006015230                _GFCB_GetSrcPack
                0x00000000060152f8                _GFCB_GetSctData
                0x0000000006015324                _GFCB_GetDstPack
                0x0000000006015328                _GFCB_RtnPk
                0x0000000006015368                _GFCB_MovePickup
                0x0000000006015378                _GFCB_SetCon
                0x00000000060153a0                _GFCB_GetPickup
                0x00000000060153c0                _GFCB_IsPuOwner
                0x00000000060153cc                _GFCB_UngetPickup
 .text          0x00000000060153d8     0x1504 ../sbl/segalib/lib/libsat.a(gfs_cdc.o)
                0x00000000060153d8                _GFCD_AllocFilt
                0x0000000006015408                _GFCD_FreeFilt
                0x0000000006015430                _GFCD_AllocBuf
                0x000000000601545c                _GFCD_GetBaseFad
                0x0000000006015488                _GFCD_GetPickup
                0x00000000060154ac                _GFCD_UngetPickup
                0x00000000060154d0                _GFCD_IsPuOwner
                0x00000000060154e8                _GFCD_CheckDelSctData
                0x0000000006015510                _GFCD_CheckMove
                0x0000000006015528                _gfcd_isIdleTask
                0x000000000601558c                _GFCD_SetTimer
                0x0000000006015598                _gfcd_checkEflag
                0x00000000060155b4                _gfcd_initCdbMng
                0x000000000601561c                _gfcd_setStat
                0x0000000006015640                _GFCD_GetFilt
                0x0000000006015684                _GFCD_EndData
                0x00000000060156c8                _GFCD_GetSctInfo
                0x000000000601570c                _GFCD_GetFileInfo
                0x00000000060157d4                _GFCD_GetBufSiz
                0x0000000006015804                _gfcd_doSetFiltTsk
                0x0000000006015970                _GFCD_SetFilt
                0x0000000006015a08                _gfcd_doSetConTsk
                0x0000000006015a80                _GFCD_SetCon
                0x0000000006015acc                _gfcd_doGetLenDataTsk
                0x0000000006015bcc                _GFCD_GetLenData
                0x0000000006015c10                _gfcd_doReqDataTsk
                0x0000000006015c84                _GFCD_ReqData
                0x0000000006015ccc                _gfcd_doDelSctDataTsk
                0x0000000006015dd8                _GFCD_DelSctData
                0x0000000006015e24                _gfcd_doMoveSctTsk
                0x0000000006015f40                _GFCD_MoveSctData
                0x0000000006015f9c                _gfcd_doSetFiltConTsk
                0x0000000006016098                _GFCD_SetFiltCon
                0x0000000006016190                _GFCD_SetCsctFunc
                0x00000000060161a0                _GFCD_WaitScdqFlag
                0x00000000060161e4                _GFCD_GetStat
                0x0000000006016254                _GFCD_Init
                0x000000000601643c                _GFCD_Play
                0x000000000601648c                _GFCD_MovePickup
                0x00000000060164d4                _gfcd_doChgDirTsk
                0x0000000006016678                _GFCD_ChgDir
                0x00000000060166e0                _gfcd_doTask
                0x0000000006016750                _GFCD_ExecServer
                0x000000000601682c                _GFCD_FreeBuf
                0x00000000060168a8                _GFCD_WaitServer
 .text          0x00000000060168dc      0x600 ../sbl/segalib/lib/libsat.a(gfs_cdf.o)
                0x00000000060168dc                _GFCF_Init
                0x0000000006016934                _GFCF_SetSct
                0x0000000006016960                _GFCF_GetFileInfo
                0x00000000060169be                _GFCF_Recover
                0x0000000006016a00                _GFCF_Tell
                0x0000000006016a0c                _GFCF_Seek
                0x0000000006016a18                _GFCF_cnvIntlvOfs
                0x0000000006016a4c                _GFCF_GetStat
                0x0000000006016a98                _GFCF_StopInBuf
                0x0000000006016b10                _GFCF_MovePickup
                0x0000000006016b94                _gfcf_getSctSize
                0x0000000006016bcc                _GFCF_Setup
                0x0000000006016c84                _gfcf_isCdOk
                0x0000000006016cd0                _gfcf_getPlayRange
                0x0000000006016dd8                _GFCF_FlowInBuf
 .text          0x0000000006016edc      0x7e8 ../sbl/segalib/lib/libsat.a(gfs_dir.o)
                0x0000000006016edc                _GFDR_NameToId
                0x0000000006016f2c                _GFDR_GetInfoDirId
                0x0000000006016f38                _GFDR_GetInfoDirName
                0x0000000006016f44                _GFDR_GetAtrDirId
                0x0000000006016f54                _GFDR_GetAtrDirName
                0x0000000006016f64                _GFDR_ChgDir
                0x0000000006016fd4                _GFDR_ChgRoot
                0x0000000006016fe0                _gfdr_open
                0x0000000006017000                _gfdr_read
                0x00000000060170b8                _gfdr_readByte
                0x00000000060170e0                _gfdr_readWord
                0x0000000006017108                _gfdr_readWordNB
                0x0000000006017154                _gfdr_readLongNB
                0x000000000601719c                _gfdr_readLongNM
                0x00000000060171bc                _gfdr_setNextRec
                0x0000000006017238                _gfdr_readDirEnt
                0x0000000006017520                _gfdr_setDirrecCd
                0x000000000601753e                _gfdr_setupDirIdTbl
                0x00000000060175b4                _gfdr_setupDirNameTbl
                0x0000000006017654                _GFDR_SetupDirTbl
 .text          0x00000000060176c4      0x818 ../sbl/segalib/lib/libsat.a(gfs_trn.o)
                0x00000000060176c4                _gftr_reqScu
                0x00000000060176c8                _gftr_remCpu
                0x00000000060176cc                _gftr_execScu
                0x000000000601774c                _gftr_remScu
                0x000000000601776c                _gftr_reqDma0
                0x0000000006017770                _gftr_reqDma1
                0x0000000006017774                _gftr_reqCpu
                0x0000000006017778                _GFTR_Setup
                0x000000000601779e                _GFTR_SetMode
                0x00000000060177aa                _GFTR_SetUnit
                0x00000000060177ae                _GFTR_SetTransPara
                0x00000000060177c0                _GFTR_GetTransPara
                0x00000000060177c4                _GFTR_GetNumTrans
                0x00000000060177c8                _GFTR_SetTransMax
                0x00000000060177ce                _GFTR_Start
                0x00000000060177d4                _GFTR_Pause
                0x00000000060177da                _gfdma_canUse
                0x00000000060177de                _gfdma_exec
                0x00000000060178b8                _gftr_execSdma0
                0x00000000060178dc                _gftr_execSdma1
                0x0000000006017900                _gftr_reqTrn
                0x0000000006017954                _gftr_execTrn
                0x0000000006017a20                _gftr_remTrn
                0x0000000006017a80                _gftr_copyFrac
                0x0000000006017aa4                _gfdma_getBytecnt
                0x0000000006017ad4                _gftr_remDma0
                0x0000000006017ae0                _gftr_remDma1
                0x0000000006017aec                _gftr_execCpu
                0x0000000006017b38                _GFTR_GetLenData
                0x0000000006017b3c                _GFTR_GetLenRoom
                0x0000000006017b4a                _gftr_getSrcPack
                0x0000000006017bcc                _GFTR_Idle
                0x0000000006017c3c                _GFTR_GetDstPack
                0x0000000006017c68                _gftr_getDstPack
                0x0000000006017ca8                _gftr_execSub
                0x0000000006017db0                _GFTR_Exec
                0x0000000006017e08                _GFTR_Stop
                0x0000000006017ea8                _GFTR_RtnDstPk
                0x0000000006017eb6                _GFTR_GetData
                0x0000000006017ec4                _GFTR_SetData
                0x0000000006017ed0                _GFTR_SetTransFunc
 .text          0x0000000006017edc       0x24 ../sbl/segalib/lib/libsat.a(mth_rand.o)
                0x0000000006017edc                _MTH_InitialRand
                0x0000000006017ee8                _MTH_GetRand
 .text          0x0000000006017f00       0x78 ../sbl/segalib/lib/libsat.a(mth_fixd.o)
                0x0000000006017f00                _MTH_Mul
                0x0000000006017f14                _MTH_Div
                0x0000000006017f28                _MTH_IntToFixed
                0x0000000006017f30                _MTH_FixedToInt
                0x0000000006017f38                _MTH_Product
 .text          0x0000000006017f78      0x5d4 ../sbl/segalib/lib/libsat.a(mth_tri.o)
                0x0000000006017f78                _MTH_Sin
                0x0000000006017fb8                _MTH_Cos
                0x0000000006017ffc                _fcos
                0x0000000006018002                _fsin
                0x0000000006018194                _MTH_Atan
 .text          0x000000000601854c      0xf58 ../sbl/segalib/lib/libsat.a(per_prt.o)
                0x000000000601894c                _PER_IntFunc
                0x00000000060191fc                _PER_Init
                0x00000000060193a4                _PER_GetPer
 .text          0x00000000060194a4      0xcbc ../sbl/segalib/lib/libsat.a(spr_2c.o)
                0x00000000060194a4                _SPR_2SetTvMode
                0x00000000060194b4                _SPR_2FrameChgIntr
                0x00000000060194c8                _SPR_2FrameEraseData
                0x0000000006019508                _SPR_2SetGourTbl
                0x0000000006019538                _SPR_2SetLookupTbl
                0x0000000006019554                _SPR_2SetChar
                0x0000000006019680                _SPR_2ClrChar
                0x0000000006019788                _SPR_2ClrAllChar
                0x00000000060197d4                _SPR_2Initial
                0x0000000006019928                _SPR_2GourTblNoToVram
                0x0000000006019944                _SPR_2LookupTblNoToVram
                0x0000000006019954                _SPR_2CharNoToVram
                0x0000000006019968                _SPR_2GetAreaSizeInfo
                0x00000000060199c8                _SPR_2OpenCommand
                0x0000000006019a60                _SPR_2FlushDrawPrty
                0x0000000006019aa0                _SPR_2CloseCommand
                0x0000000006019bc0                _SPR_2LocalCoord
                0x0000000006019c18                _SPR_2SysClip
                0x0000000006019c60                _SPR_2UserClip
                0x0000000006019cb0                _SPR_2Line
                0x0000000006019d4c                _SPR_2PolyLine
                0x0000000006019dec                _SPR_2Polygon
                0x0000000006019e8c                _SPR_2NormSpr
                0x0000000006019f58                _SPR_2ScaleSpr
                0x000000000601a040                _SPR_2DistSpr
                0x000000000601a118                _SPR_2Cmd
 .text          0x000000000601a160      0x754 ../sbl/segalib/lib/libsat.a(scl_func.o)
                0x000000000601a160                _SCL_ParametersInit
                0x000000000601a24c                _SCL_Vdp2Init
                0x000000000601a2b4                _SCL_Open
                0x000000000601a2d0                _SCL_Close
                0x000000000601a2e4                _SCL_MoveTo
                0x000000000601a3d8                _SCL_Move
                0x000000000601a504                _SCL_Scale
                0x000000000601a608                _SCL_Memcpyw
                0x000000000601a61c                _SCL_CopyReg
                0x000000000601a6fc                _SCL_SetColRamMode
                0x000000000601a74c                _SCL_PriIntProc
                0x000000000601a848                _SCL_ScrollShow
 .text          0x000000000601a8b4      0x384 ../sbl/segalib/lib/libsat.a(scl_fu02.o)
                0x000000000601a8b4                _SCL_InitVramConfigTb
                0x000000000601a8c2                _SCL_SetVramConfig
 .text          0x000000000601ac38      0x62c ../sbl/segalib/lib/libsat.a(scl_fu03.o)
                0x000000000601ac38                _SCL_InitConfigTb
                0x000000000601ac50                _SCL_SetConfig
 .text          0x000000000601b264       0x18 ../sbl/segalib/lib/libsat.a(scl_fu04.o)
                0x000000000601b264                _SCL_SetCycleTable
 .text          0x000000000601b27c      0xf30 ../sbl/segalib/lib/libsat.a(scl_pri.o)
                0x000000000601b27c                _SCL_PriorityInit
                0x000000000601b828                _SCL_GetColRamMode
                0x000000000601b848                _SCL_AbortAutoVe
                0x000000000601b854                _SCL_SetColMixRate
                0x000000000601bbbc                _SCL_IncColOffset
                0x000000000601bc30                _SCL_AutoExec
                0x000000000601c05c                _SCL_SetShadowBit
 .text          0x000000000601c1ac      0xe38 ../sbl/segalib/lib/libsat.a(scl_ro00.o)
                0x000000000601c2d0                _SCL_InitRotateTable
                0x000000000601c518                _SCL_RotateZD
                0x000000000601c658                _SCL_Rotate
 .text          0x000000000601cfe4       0xfc ../sbl/segalib/lib/libsat.a(scl_ro03.o)
                0x000000000601cfe4                _SCL_RotateTo
 .text          0x000000000601d0e0       0x74 ../sbl/segalib/lib/libsat.a(scl_back.o)
                0x000000000601d0e0                _SCL_SetBack
 .text          0x000000000601d154      0x264 ../sbl/segalib/lib/libsat.a(scl_vblv.o)
                0x000000000601d154                _SCL_SetFrameInterval
                0x000000000601d1cc                _SCL_DisplayFrame
                0x000000000601d1f8                _SCL_VblInit
                0x000000000601d240                _SCL_VblankStart
                0x000000000601d310                _SCL_VblankEnd
 .text          0x000000000601d3b8       0x54 ../sbl/segalib/lib/libsat.a(scl_pr01.o)
                0x000000000601d3b8                _SCL_SetSpriteMode
 .text          0x000000000601d40c       0x90 ../sbl/segalib/lib/libsat.a(scl_pr02.o)
                0x000000000601d40c                _SCL_SetColRam
 .text          0x000000000601d49c      0x10c ../sbl/segalib/lib/libsat.a(scl_pr03.o)
                0x000000000601d49c                _SCL_FreeColRam
                0x000000000601d4c4                _SCL_AllocColRam
 .text          0x000000000601d5a8       0xac ../sbl/segalib/lib/libsat.a(scl_pr05.o)
                0x000000000601d5a8                _SCL_GetColRamOffset
 .text          0x000000000601d654      0x180 ../sbl/segalib/lib/libsat.a(scl_pr06.o)
                0x000000000601d654                _SCL_SetColRamOffset
 .text          0x000000000601d7d4      0x1c8 ../sbl/segalib/lib/libsat.a(scl_pr07.o)
                0x000000000601d7d4                _SCL_SetPriority
 .text          0x000000000601d99c      0x13c ../sbl/segalib/lib/libsat.a(scl_pr11.o)
                0x000000000601d99c                _SCL_SetAutoColOffset
 .text          0x000000000601dad8      0x164 ../sbl/segalib/lib/libsat.a(scl_pr12.o)
                0x000000000601dad8                _SCL_SetColOffset
 .text          0x000000000601dc3c      0x234 ../sbl/segalib/lib/libsat.a(cdc_reg.o)
                0x000000000601dc3c                _CDC_GetDataPtr
                0x000000000601dc48                _CDC_GetHirqReq
                0x000000000601dc54                _CDC_ClrHirqReq
                0x000000000601dc74                _CDREG_ClrHirqReq
                0x000000000601dc80                _CDREG_InitHirqReq
                0x000000000601dc98                _CDREG_SetHirqFlag
                0x000000000601dca8                _CDC_GetHirqMsk
                0x000000000601dcb4                _CDC_SetHirqMsk
                0x000000000601dcc0                _CDC_GetMpegPtr
                0x000000000601dccc                _CDREG_TgetData
                0x000000000601dd28                _CDREG_WaitHirq
                0x000000000601dd50                _writeCmd
                0x000000000601dd70                _CDREG_ReadRsp
                0x000000000601dd94                _doCmdRsp
                0x000000000601de3c                _CDREG_CmdRsp
 .text          0x000000000601de70       0xf4 ../sbl/segalib/lib/libsat.a(cdc_sub.o)
                0x000000000601de70                _CDSUB_GetCdstat
                0x000000000601dea4                _CDSUB_RspToCdstat
                0x000000000601ded6                _CDSUB_CdCmd
                0x000000000601df38                _CDSUB_UpdStatus
                0x000000000601df44                _CDSUB_UpdCdstat
                0x000000000601df60                _CDSUB_SoftTimer
 .text          0x000000000601df64       0xb4 ../sbl/segalib/lib/libsat.a(cdc_dev.o)
                0x000000000601df64                _CDC_CdSetCon
                0x000000000601df98                _CDC_CdGetCon
                0x000000000601dfd8                _CDC_CdGetLastBuf
 .text          0x000000000601e018      0x290 ../sbl/segalib/lib/libsat.a(cdc_sel.o)
                0x000000000601e018                _CDC_SetFiltRange
                0x000000000601e054                _CDC_GetFiltRange
                0x000000000601e0c0                _CDC_SetFiltSubh
                0x000000000601e110                _CDC_GetFiltSubh
                0x000000000601e174                _CDC_SetFiltMode
                0x000000000601e1a8                _CDC_GetFiltMode
                0x000000000601e1e8                _CDC_SetFiltCon
                0x000000000601e220                _CDC_GetFiltCon
                0x000000000601e274                _CDC_ResetSelector
 .text          0x000000000601e2a8      0x234 ../sbl/segalib/lib/libsat.a(cdc_bif.o)
                0x000000000601e2a8                _CDC_GetBufSiz
                0x000000000601e300                _CDC_GetSctNum
                0x000000000601e348                _CDC_CalActSiz
                0x000000000601e378                _chkEselUpdStatus
                0x000000000601e3ac                _CDC_GetActSiz
                0x000000000601e3f0                _CDC_GetSctInfo
                0x000000000601e448                _CDC_ExeFadSearch
                0x000000000601e47c                _CDC_GetFadSearch
 .text          0x000000000601e4dc      0x190 ../sbl/segalib/lib/libsat.a(cdc_bio.o)
                0x000000000601e4dc                _CDC_SetSctLen
                0x000000000601e50c                _CDC_GetSctData
                0x000000000601e53c                _CDC_DelSctData
                0x000000000601e56c                _CDC_GetdelSctData
                0x000000000601e59c                _CDC_PutSctData
                0x000000000601e5cc                _CDC_CopySctData
                0x000000000601e600                _CDC_MoveSctData
                0x000000000601e634                _CDC_GetCopyErr
 .text          0x000000000601e66c      0x1a4 ../sbl/segalib/lib/libsat.a(cdc_cfs.o)
                0x000000000601e66c                _CDC_ChgDir
                0x000000000601e6a4                _CDC_ReadDir
                0x000000000601e6dc                _CDC_GetFileScope
                0x000000000601e73c                _CDC_TgetFileInfo
                0x000000000601e794                _CDC_ReadFile
                0x000000000601e7d4                _CDC_AbortFile
 .text          0x000000000601e810       0xb0 ../sbl/segalib/lib/libsat.a(csh_main.o)
                0x000000000601e810                _CSH_Init
                0x000000000601e85c                _CSH_AllClr
                0x000000000601e89c                _CSH_Purge
 .text          0x000000000601e8c0      0x13c ../sbl/segalib/lib/libsat.a(dma_cpu0.o)
                0x000000000601e8c0                _DMA_CpuSetComPrm
                0x000000000601e8f8                _DMA_CpuSetPrm
                0x000000000601e9ac                _DMA_CpuStart
                0x000000000601e9bc                _DMA_CpuStop
                0x000000000601e9ce                _DMA_CpuAllStop
                0x000000000601e9dc                _DMA_CpuGetComStatus
                0x000000000601e9ee                _DMA_CpuGetStatus
 .text          0x000000000601e9fc      0x274 ../sbl/segalib/lib/libsat.a(dma_scu0.o)
                0x000000000601e9fc                _DMA_ScuIntFunc0
                0x000000000601ea5c                _DMA_ScuIntFunc1
                0x000000000601eac0                _DMA_ScuIntFunc2
                0x000000000601eb24                _DMA_ScuSetPrm
                0x000000000601eb8c                _DMA_ScuStart
                0x000000000601ec44                _DMA_ScuGetStatus
 .text          0x000000000601ec70      0x240 ../sbl/segalib/lib/libsat.a(spr_1c.o)
                0x000000000601ec70                _SPR_SetTvMode
                0x000000000601ecec                _SPR_GetStatus
                0x000000000601ed40                _SPR_SetEraseData
                0x000000000601edd8                _SPR_Initial
                0x000000000601ee8c                _SPR_WaitDrawEnd
                0x000000000601ee9c                _SPR_SetEosMode
 .text          0x000000000601eeb0      0x16c ../sbl/segalib/lib/libsat.a(spr_2a.o)
                0x000000000601eeb0                _SPR_2SetDrawPrty
                0x000000000601ef20                _SPR_2FlushDrawPrtyBlock
 .text          0x000000000601f01c       0x52 /opt/toolchains/sh-elf/bin/../lib/gcc/sh-elf/11.1.0/libgcc.a(_ashiftrt.o)
                0x000000000601f01c                ___ashiftrt_r4_31
                0x000000000601f01c                ___ashiftrt_r4_32
                0x000000000601f022                ___ashiftrt_r4_30
                0x000000000601f024                ___ashiftrt_r4_29
                0x000000000601f026                ___ashiftrt_r4_28
                0x000000000601f028                ___ashiftrt_r4_27
                0x000000000601f02a                ___ashiftrt_r4_26
                0x000000000601f02c                ___ashiftrt_r4_25
                0x000000000601f02e                ___ashiftrt_r4_24
                0x000000000601f036                ___ashiftrt_r4_23
                0x000000000601f038                ___ashiftrt_r4_22
                0x000000000601f03a                ___ashiftrt_r4_21
                0x000000000601f03c                ___ashiftrt_r4_20
                0x000000000601f03e                ___ashiftrt_r4_19
                0x000000000601f040                ___ashiftrt_r4_18
                0x000000000601f042                ___ashiftrt_r4_17
                0x000000000601f044                ___ashiftrt_r4_16
                0x000000000601f04a                ___ashiftrt_r4_15
                0x000000000601f04c                ___ashiftrt_r4_14
                0x000000000601f04e                ___ashiftrt_r4_13
                0x000000000601f050                ___ashiftrt_r4_12
                0x000000000601f052                ___ashiftrt_r4_11
                0x000000000601f054                ___ashiftrt_r4_10
                0x000000000601f056                ___ashiftrt_r4_9
                0x000000000601f058                ___ashiftrt_r4_8
                0x000000000601f05a                ___ashiftrt_r4_7
                0x000000000601f05c                ___ashiftrt_r4_6
                0x000000000601f05e                ___ashiftrt_r4_5
                0x000000000601f060                ___ashiftrt_r4_4
                0x000000000601f062                ___ashiftrt_r4_3
                0x000000000601f064                ___ashiftrt_r4_2
                0x000000000601f066                ___ashiftrt_r4_1
                0x000000000601f06a                ___ashiftrt_r4_0
 *fill*         0x000000000601f06e        0x2 
 .text          0x000000000601f070       0x80 /opt/toolchains/sh-elf/bin/../lib/gcc/sh-elf/11.1.0/libgcc.a(_ashiftrt_n.o)
                0x000000000601f070                ___ashrsi3
 .text          0x000000000601f0f0       0xbc /opt/toolchains/sh-elf/bin/../lib/gcc/sh-elf/11.1.0/libgcc.a(_ashiftlt.o)
                0x000000000601f0f0                ___ashlsi3
                0x000000000601f0f4                ___ashlsi3_r0
 .text          0x000000000601f1ac       0x78 /opt/toolchains/sh-elf/bin/../lib/gcc/sh-elf/11.1.0/libgcc.a(_movmem.o)
                0x000000000601f1ac                ___movmem
                0x000000000601f1ac                ___movstr
                0x000000000601f1e0                ___movmemSI64
                0x000000000601f1e0                ___movstrSI64
                0x000000000601f1e4                ___movmemSI60
                0x000000000601f1e4                ___movstrSI60
                0x000000000601f1e8                ___movstrSI56
                0x000000000601f1e8                ___movmemSI56
                0x000000000601f1ec                ___movmemSI52
                0x000000000601f1ec                ___movstrSI52
                0x000000000601f1f0                ___movstrSI48
                0x000000000601f1f0                ___movmemSI48
                0x000000000601f1f4                ___movmemSI44
                0x000000000601f1f4                ___movstrSI44
                0x000000000601f1f8                ___movstrSI40
                0x000000000601f1f8                ___movmemSI40
                0x000000000601f1fc                ___movstrSI36
                0x000000000601f1fc                ___movmemSI36
                0x000000000601f200                ___movstrSI32
                0x000000000601f200                ___movmemSI32
                0x000000000601f204                ___movmemSI28
                0x000000000601f204                ___movstrSI28
                0x000000000601f208                ___movmemSI24
                0x000000000601f208                ___movstrSI24
                0x000000000601f20c                ___movmemSI20
                0x000000000601f20c                ___movstrSI20
                0x000000000601f210                ___movstrSI16
                0x000000000601f210                ___movmemSI16
                0x000000000601f214                ___movmemSI12
                0x000000000601f214                ___movstrSI12
                0x000000000601f218                ___movstrSI8
                0x000000000601f218                ___movmemSI8
                0x000000000601f21c                ___movstrSI4
                0x000000000601f21c                ___movmemSI4
 .text          0x000000000601f224       0xa0 /opt/toolchains/sh-elf/bin/../lib/gcc/sh-elf/11.1.0/libgcc.a(_sdivsi3.o)
                0x000000000601f224                ___sdivsi3
 .text          0x000000000601f2c4       0x6c /opt/toolchains/sh-elf/bin/../lib/gcc/sh-elf/11.1.0/libgcc.a(_udivsi3.o)
                0x000000000601f2e6                ___udivsi3
 .text          0x000000000601f330      0x208 /opt/toolchains/sh-elf/bin/../lib/gcc/sh-elf/11.1.0/libgcc.a(_mul_df.o)
                0x000000000601f330                ___muldf3
 .text          0x000000000601f538       0xa8 /opt/toolchains/sh-elf/bin/../lib/gcc/sh-elf/11.1.0/libgcc.a(_si_to_df.o)
                0x000000000601f538                ___floatsidf
 .text          0x000000000601f5e0       0xa0 /opt/toolchains/sh-elf/bin/../lib/gcc/sh-elf/11.1.0/libgcc.a(_df_to_si.o)
                0x000000000601f5e0                ___fixdfsi
 .text          0x000000000601f680        0x0 /opt/toolchains/sh-elf/bin/../lib/gcc/sh-elf/11.1.0/libgcc.a(_thenan_df.o)
 .text          0x000000000601f680       0xbc /opt/toolchains/sh-elf/bin/../lib/gcc/sh-elf/11.1.0/libgcc.a(_lshiftrt.o)
                0x000000000601f680                ___lshrsi3
                0x000000000601f684                ___lshrsi3_r0
 .text          0x000000000601f73c       0x74 /opt/toolchains/sh-elf/bin/../lib/gcc/sh-elf/11.1.0/libgcc.a(_clzsi2.o)
                0x000000000601f73c                ___clzsi2
 .text          0x000000000601f7b0      0x29c /opt/toolchains/sh-elf/bin/../lib/gcc/sh-elf/11.1.0/libgcc.a(_pack_df.o)
                0x000000000601f7b0                ___pack_d
 .text          0x000000000601fa4c       0xcc /opt/toolchains/sh-elf/bin/../lib/gcc/sh-elf/11.1.0/libgcc.a(_unpack_df.o)
                0x000000000601fa4c                ___unpack_d
 .text          0x000000000601fb18        0x0 /opt/toolchains/sh-elf/bin/../lib/gcc/sh-elf/11.1.0/libgcc.a(_clz.o)
 .text          0x000000000601fb18       0x64 /opt/toolchains/sh-elf/bin/../lib/gcc/sh-elf/11.1.0/../../../../sh-elf/lib/libc.a(lib_a-memcmp.o)
                0x000000000601fb18                _memcmp
 .text          0x000000000601fb7c       0x94 /opt/toolchains/sh-elf/bin/../lib/gcc/sh-elf/11.1.0/../../../../sh-elf/lib/libc.a(lib_a-memcpy.o)
                0x000000000601fb7c                _memcpy
 .text          0x000000000601fc10       0xcc /opt/toolchains/sh-elf/bin/../lib/gcc/sh-elf/11.1.0/../../../../sh-elf/lib/libc.a(lib_a-memmove.o)
                0x000000000601fc10                _memmove
 .text          0x000000000601fcdc       0x40 /opt/toolchains/sh-elf/bin/../lib/gcc/sh-elf/11.1.0/../../../../sh-elf/lib/libc.a(lib_a-memset.o)
                0x000000000601fcdc                _memset
 .text          0x000000000601fd1c       0x3c /opt/toolchains/sh-elf/bin/../lib/gcc/sh-elf/11.1.0/../../../../sh-elf/lib/libc.a(lib_a-strcpy.o)
                0x000000000601fd1c                _strcpy
 .text          0x000000000601fd58       0xd0 /opt/toolchains/sh-elf/bin/../lib/gcc/sh-elf/11.1.0/../../../../sh-elf/lib/libc.a(lib_a-strncmp.o)
                0x000000000601fd58                _strncmp
 .text          0x000000000601fe28       0xd4 /opt/toolchains/sh-elf/bin/../lib/gcc/sh-elf/11.1.0/../../../../sh-elf/lib/libc.a(lib_a-strncpy.o)
                0x000000000601fe28                _strncpy
 *(.rodata*)
 .rodata.str1.4
                0x000000000601fefc        0x7 bg.o
 *fill*         0x000000000601ff03        0x1 
 .rodata        0x000000000601ff04      0x100 crc.o
 .rodata.str1.4
                0x0000000006020004       0x37 game.o
                                         0x3b (size before relaxing)
 *fill*         0x000000000602003b        0x1 
 .rodata.str1.4
                0x000000000602003c       0x74 rank.o
                                         0x78 (size before relaxing)
 .rodata        0x00000000060200b0       0x28 rank.o
 .rodata.str1.4
                0x00000000060200d8        0x9 pcmsys.o
 *fill*         0x00000000060200e1        0x3 
 .rodata        0x00000000060200e4      0x400 pcmsys.o
 .rodata.str1.4
                0x00000000060204e4        0x9 print.o
 *fill*         0x00000000060204ed        0x3 
 .rodata.str1.4
                0x00000000060204f0       0x77 sound.o
                                         0x7b (size before relaxing)
 *fill*         0x0000000006020567        0x1 
 .rodata.str1.4
                0x0000000006020568       0x26 title.o
                                         0x2b (size before relaxing)
 *fill*         0x000000000602058e        0x2 
 .rodata        0x0000000006020590        0xa ../sbl/segalib/lib/libsat.a(gfs.o)
 *fill*         0x000000000602059a        0x2 
 .rodata        0x000000000602059c       0x30 ../sbl/segalib/lib/libsat.a(gfs_buf.o)
 .rodata        0x00000000060205cc       0x2d ../sbl/segalib/lib/libsat.a(gfs_cdf.o)
 *fill*         0x00000000060205f9        0x3 
 .rodata.str1.4
                0x00000000060205fc        0x2 ../sbl/segalib/lib/libsat.a(gfs_dir.o)
                                          0x7 (size before relaxing)
 *fill*         0x00000000060205fe        0x2 
 .rodata        0x0000000006020600       0x30 ../sbl/segalib/lib/libsat.a(gfs_trn.o)
 .rodata        0x0000000006020630        0xc ../sbl/segalib/lib/libsat.a(dma_scu0.o)
 .rodata        0x000000000602063c       0x20 ../sbl/segalib/lib/libsat.a(spr_1c.o)
 .rodata        0x000000000602065c       0x14 /opt/toolchains/sh-elf/bin/../lib/gcc/sh-elf/11.1.0/libgcc.a(_thenan_df.o)
                0x000000000602065c                ___thenan_df
 .rodata        0x0000000006020670      0x100 /opt/toolchains/sh-elf/bin/../lib/gcc/sh-elf/11.1.0/libgcc.a(_clz.o)
                0x0000000006020670                ___clz_tab
 *(.strings)
                0x0000000006020770                . = ALIGN (0x10)
                0x0000000006020770                _etext = ABSOLUTE (.)

.tors           0x0000000006020770        0x0
                0x0000000006020770                ___ctors = .
 *(.ctors)
                0x0000000006020770                ___ctors_end = .
                0x0000000006020770                ___dtors = .
 *(.dtors)
                0x0000000006020770                ___dtors_end = .
                0x0000000006020770                . = ALIGN (0x10)
                0x0000000006020770                _etors = ABSOLUTE (.)

.data           0x0000000006020770      0x8c0
 *(.data)
 .data          0x0000000006020770        0x0 entry.o
 .data          0x0000000006020770        0x0 stack.o
 .data          0x0000000006020770        0x0 vblank.o
 .data          0x0000000006020770        0x0 bg.o
 .data          0x0000000006020770        0x0 cd.o
 .data          0x0000000006020770        0x0 crc.o
 .data          0x0000000006020770        0x0 devcart.o
 .data          0x0000000006020770      0x130 game.o
                0x0000000006020770                _songs
                0x0000000006020784                _ranks
                0x00000000060207ac                _gravity
                0x0000000006020824                _levels
 .data          0x00000000060208a0        0x0 hwram.o
 .data          0x00000000060208a0        0x0 rank.o
 .data          0x00000000060208a0        0xc pcmsys.o
                0x00000000060208a0                _master_volume
                0x00000000060208a4                _scsp_load
                0x00000000060208a8                _m68k_com
 .data          0x00000000060208ac      0x700 piece.o
                0x00000000060208ac                _pieces
 .data          0x0000000006020fac        0x0 print.o
 .data          0x0000000006020fac        0x0 rng.o
 .data          0x0000000006020fac       0x34 scroll.o
                0x0000000006020fac                _cycleTb
                0x0000000006020fbc                _charOffsets
                0x0000000006020fcc                _vram
 .data          0x0000000006020fe0        0x0 sound.o
 .data          0x0000000006020fe0       0x18 sprite.o
 .data          0x0000000006020ff8        0x0 title.o
 .data          0x0000000006020ff8        0x0 main.o
 .data          0x0000000006020ff8        0x0 ../sbl/segalib/lib/libsat.a(cdc_cmn.o)
 .data          0x0000000006020ff8        0x0 ../sbl/segalib/lib/libsat.a(cdc_drv.o)
 .data          0x0000000006020ff8        0x0 ../sbl/segalib/lib/libsat.a(dma_scu1.o)
 .data          0x0000000006020ff8        0x0 ../sbl/segalib/lib/libsat.a(gfs.o)
 .data          0x0000000006020ff8        0x0 ../sbl/segalib/lib/libsat.a(gfs_buf.o)
 .data          0x0000000006020ff8        0x0 ../sbl/segalib/lib/libsat.a(gfs_cdb.o)
 .data          0x0000000006020ff8        0x0 ../sbl/segalib/lib/libsat.a(gfs_cdc.o)
 .data          0x0000000006020ff8        0x0 ../sbl/segalib/lib/libsat.a(gfs_cdf.o)
 .data          0x0000000006020ff8        0x0 ../sbl/segalib/lib/libsat.a(gfs_dir.o)
 .data          0x0000000006020ff8        0x0 ../sbl/segalib/lib/libsat.a(gfs_trn.o)
 .data          0x0000000006020ff8        0x0 ../sbl/segalib/lib/libsat.a(mth_rand.o)
 .data          0x0000000006020ff8        0x0 ../sbl/segalib/lib/libsat.a(mth_fixd.o)
 .data          0x0000000006020ff8        0x0 ../sbl/segalib/lib/libsat.a(mth_tri.o)
 .data          0x0000000006020ff8        0x3 ../sbl/segalib/lib/libsat.a(per_prt.o)
 .data          0x0000000006020ffb        0x0 ../sbl/segalib/lib/libsat.a(spr_2c.o)
 *fill*         0x0000000006020ffb        0x1 
 .data          0x0000000006020ffc        0x6 ../sbl/segalib/lib/libsat.a(scl_func.o)
                0x0000000006020ffc                _SclRotateTableMode
                0x0000000006020ffe                _SclDisplayY
                0x0000000006021000                _SclDisplayX
 .data          0x0000000006021002        0x0 ../sbl/segalib/lib/libsat.a(scl_fu02.o)
 .data          0x0000000006021002        0x0 ../sbl/segalib/lib/libsat.a(scl_fu03.o)
 .data          0x0000000006021002        0x0 ../sbl/segalib/lib/libsat.a(scl_fu04.o)
 *fill*         0x0000000006021002        0x2 
 .data          0x0000000006021004       0x18 ../sbl/segalib/lib/libsat.a(scl_pri.o)
                0x0000000006021004                _SclRealColOffset
                0x0000000006021008                _SclRealBgColMix
                0x000000000602100c                _SclRealSpColMix
                0x0000000006021010                _SclRealBgPriNum
                0x0000000006021014                _SclRealSpPriNum
                0x0000000006021018                _SclRealOtherPri
 .data          0x000000000602101c        0x0 ../sbl/segalib/lib/libsat.a(scl_ro00.o)
 .data          0x000000000602101c        0x0 ../sbl/segalib/lib/libsat.a(scl_ro03.o)
 .data          0x000000000602101c        0x0 ../sbl/segalib/lib/libsat.a(scl_back.o)
 .data          0x000000000602101c        0x8 ../sbl/segalib/lib/libsat.a(scl_vblv.o)
                0x000000000602101c                _VBInterval
                0x0000000006021020                _SpFrameEraseMode
 .data          0x0000000006021024        0x0 ../sbl/segalib/lib/libsat.a(scl_pr01.o)
 .data          0x0000000006021024        0x0 ../sbl/segalib/lib/libsat.a(scl_pr02.o)
 .data          0x0000000006021024        0x0 ../sbl/segalib/lib/libsat.a(scl_pr03.o)
 .data          0x0000000006021024        0x0 ../sbl/segalib/lib/libsat.a(scl_pr05.o)
 .data          0x0000000006021024        0x0 ../sbl/segalib/lib/libsat.a(scl_pr06.o)
 .data          0x0000000006021024        0x0 ../sbl/segalib/lib/libsat.a(scl_pr07.o)
 .data          0x0000000006021024        0x0 ../sbl/segalib/lib/libsat.a(scl_pr11.o)
 .data          0x0000000006021024        0x0 ../sbl/segalib/lib/libsat.a(scl_pr12.o)
 .data          0x0000000006021024        0x0 ../sbl/segalib/lib/libsat.a(cdc_reg.o)
 .data          0x0000000006021024        0x0 ../sbl/segalib/lib/libsat.a(cdc_sub.o)
 .data          0x0000000006021024        0x0 ../sbl/segalib/lib/libsat.a(cdc_dev.o)
 .data          0x0000000006021024        0x0 ../sbl/segalib/lib/libsat.a(cdc_sel.o)
 .data          0x0000000006021024        0x0 ../sbl/segalib/lib/libsat.a(cdc_bif.o)
 .data          0x0000000006021024        0x0 ../sbl/segalib/lib/libsat.a(cdc_bio.o)
 .data          0x0000000006021024        0x0 ../sbl/segalib/lib/libsat.a(cdc_cfs.o)
 .data          0x0000000006021024        0x0 ../sbl/segalib/lib/libsat.a(csh_main.o)
 .data          0x0000000006021024        0x0 ../sbl/segalib/lib/libsat.a(dma_cpu0.o)
 .data          0x0000000006021024        0x0 ../sbl/segalib/lib/libsat.a(dma_scu0.o)
 .data          0x0000000006021024        0x0 ../sbl/segalib/lib/libsat.a(spr_1c.o)
 .data          0x0000000006021024        0x0 ../sbl/segalib/lib/libsat.a(spr_2a.o)
 .data          0x0000000006021024        0x0 /opt/toolchains/sh-elf/bin/../lib/gcc/sh-elf/11.1.0/libgcc.a(_ashiftrt.o)
 .data          0x0000000006021024        0x0 /opt/toolchains/sh-elf/bin/../lib/gcc/sh-elf/11.1.0/libgcc.a(_ashiftrt_n.o)
 .data          0x0000000006021024        0x0 /opt/toolchains/sh-elf/bin/../lib/gcc/sh-elf/11.1.0/libgcc.a(_ashiftlt.o)
 .data          0x0000000006021024        0x0 /opt/toolchains/sh-elf/bin/../lib/gcc/sh-elf/11.1.0/libgcc.a(_movmem.o)
 .data          0x0000000006021024        0x0 /opt/toolchains/sh-elf/bin/../lib/gcc/sh-elf/11.1.0/libgcc.a(_sdivsi3.o)
 .data          0x0000000006021024        0x0 /opt/toolchains/sh-elf/bin/../lib/gcc/sh-elf/11.1.0/libgcc.a(_udivsi3.o)
 .data          0x0000000006021024        0x0 /opt/toolchains/sh-elf/bin/../lib/gcc/sh-elf/11.1.0/libgcc.a(_mul_df.o)
 .data          0x0000000006021024        0x0 /opt/toolchains/sh-elf/bin/../lib/gcc/sh-elf/11.1.0/libgcc.a(_si_to_df.o)
 .data          0x0000000006021024        0x0 /opt/toolchains/sh-elf/bin/../lib/gcc/sh-elf/11.1.0/libgcc.a(_df_to_si.o)
 .data          0x0000000006021024        0x0 /opt/toolchains/sh-elf/bin/../lib/gcc/sh-elf/11.1.0/libgcc.a(_thenan_df.o)
 .data          0x0000000006021024        0x0 /opt/toolchains/sh-elf/bin/../lib/gcc/sh-elf/11.1.0/libgcc.a(_lshiftrt.o)
 .data          0x0000000006021024        0x0 /opt/toolchains/sh-elf/bin/../lib/gcc/sh-elf/11.1.0/libgcc.a(_clzsi2.o)
 .data          0x0000000006021024        0x0 /opt/toolchains/sh-elf/bin/../lib/gcc/sh-elf/11.1.0/libgcc.a(_pack_df.o)
 .data          0x0000000006021024        0x0 /opt/toolchains/sh-elf/bin/../lib/gcc/sh-elf/11.1.0/libgcc.a(_unpack_df.o)
 .data          0x0000000006021024        0x0 /opt/toolchains/sh-elf/bin/../lib/gcc/sh-elf/11.1.0/libgcc.a(_clz.o)
 .data          0x0000000006021024        0x0 /opt/toolchains/sh-elf/bin/../lib/gcc/sh-elf/11.1.0/../../../../sh-elf/lib/libc.a(lib_a-memcmp.o)
 .data          0x0000000006021024        0x0 /opt/toolchains/sh-elf/bin/../lib/gcc/sh-elf/11.1.0/../../../../sh-elf/lib/libc.a(lib_a-memcpy.o)
 .data          0x0000000006021024        0x0 /opt/toolchains/sh-elf/bin/../lib/gcc/sh-elf/11.1.0/../../../../sh-elf/lib/libc.a(lib_a-memmove.o)
 .data          0x0000000006021024        0x0 /opt/toolchains/sh-elf/bin/../lib/gcc/sh-elf/11.1.0/../../../../sh-elf/lib/libc.a(lib_a-memset.o)
 .data          0x0000000006021024        0x0 /opt/toolchains/sh-elf/bin/../lib/gcc/sh-elf/11.1.0/../../../../sh-elf/lib/libc.a(lib_a-strcpy.o)
 .data          0x0000000006021024        0x0 /opt/toolchains/sh-elf/bin/../lib/gcc/sh-elf/11.1.0/../../../../sh-elf/lib/libc.a(lib_a-strncmp.o)
 .data          0x0000000006021024        0x0 /opt/toolchains/sh-elf/bin/../lib/gcc/sh-elf/11.1.0/../../../../sh-elf/lib/libc.a(lib_a-strncpy.o)
                0x0000000006021030                . = ALIGN (0x10)
 *fill*         0x0000000006021024        0xc 
                0x0000000006021030                _edata = ABSOLUTE (.)

.bss            0x0000000006021030    0x19fe0
                0x0000000006021030                _bss_start = .
 *(.bss)
 .bss           0x0000000006021030        0x0 entry.o
 .bss           0x0000000006021030        0x0 stack.o
 .bss           0x0000000006021030       0x34 vblank.o
                0x0000000006021030                _vblank_frames
                0x0000000006021034                _VblankFlg
                0x0000000006021038                _perFlag
                0x000000000602103c                _PadWorkArea
                0x0000000006021058                _PadData2E
                0x000000000602105a                _PadData2L
                0x000000000602105c                _PadData2
                0x000000000602105e                _PadData1E
                0x0000000006021060                _PadData1L
                0x0000000006021062                _PadData1
 .bss           0x0000000006021064      0x858 bg.o
 .bss           0x00000000060218bc     0x1674 cd.o
 .bss           0x0000000006022f30        0x0 crc.o
 .bss           0x0000000006022f30        0x0 devcart.o
 .bss           0x0000000006022f30      0x44c game.o
                0x0000000006022f30                _song
                0x0000000006022f34                _boardVram
 .bss           0x000000000602337c    0x13880 hwram.o
                0x000000000602337c                _HWRAM_Buffer
 .bss           0x0000000006036bfc        0x8 rank.o
 .bss           0x0000000006036c04        0x2 pcmsys.o
                0x0000000006036c04                _numberPCMs
 .bss           0x0000000006036c06        0x0 piece.o
 .bss           0x0000000006036c06      0x528 print.o
                0x0000000006036c06                _text
 *fill*         0x000000000603712e        0x2 
 .bss           0x0000000006037130        0x8 rng.o
 .bss           0x0000000006037138      0x17c scroll.o
                0x0000000006037138                _scfg
 .bss           0x00000000060372b4        0x0 sound.o
 .bss           0x00000000060372b4     0x257c sprite.o
                0x00000000060372b4                _sprites
                0x0000000006038574                _palCnt
                0x0000000006038578                _tileCount
                0x000000000603857c                _numSprites
 .bss           0x0000000006039830       0x20 title.o
 .bss           0x0000000006039850        0x8 main.o
                0x0000000006039850                _state
                0x0000000006039854                _frame
 .bss           0x0000000006039858        0x0 ../sbl/segalib/lib/libsat.a(cdc_cmn.o)
 .bss           0x0000000006039858        0x0 ../sbl/segalib/lib/libsat.a(cdc_drv.o)
 .bss           0x0000000006039858        0xc ../sbl/segalib/lib/libsat.a(dma_scu1.o)
 .bss           0x0000000006039864        0xc ../sbl/segalib/lib/libsat.a(gfs.o)
                0x0000000006039864                _GFMC_base
                0x0000000006039868                _gfs_mng_ptr
                0x000000000603986c                _bobtest
 .bss           0x0000000006039870        0x0 ../sbl/segalib/lib/libsat.a(gfs_buf.o)
 .bss           0x0000000006039870        0x0 ../sbl/segalib/lib/libsat.a(gfs_cdb.o)
 .bss           0x0000000006039870        0x4 ../sbl/segalib/lib/libsat.a(gfs_cdc.o)
                0x0000000006039870                _gfcd_work
 .bss           0x0000000006039874        0x0 ../sbl/segalib/lib/libsat.a(gfs_cdf.o)
 .bss           0x0000000006039874        0x0 ../sbl/segalib/lib/libsat.a(gfs_dir.o)
 .bss           0x0000000006039874        0xc ../sbl/segalib/lib/libsat.a(gfs_trn.o)
 .bss           0x0000000006039880        0x4 ../sbl/segalib/lib/libsat.a(mth_rand.o)
 .bss           0x0000000006039884        0x0 ../sbl/segalib/lib/libsat.a(mth_fixd.o)
 .bss           0x0000000006039884        0x0 ../sbl/segalib/lib/libsat.a(mth_tri.o)
 .bss           0x0000000006039884       0x7f ../sbl/segalib/lib/libsat.a(per_prt.o)
                0x0000000006039884                _per_set_sys_flg
                0x0000000006039888                _per_get_sys_data
                0x0000000006039894                _per_get_time_adr
                0x0000000006039898                _per_hot_res
                0x0000000006039899                _per_time_out_flg
 *fill*         0x0000000006039903        0x1 
 .bss           0x0000000006039904       0x94 ../sbl/segalib/lib/libsat.a(spr_2c.o)
                0x0000000006039904                _SpCmdTblR
                0x0000000006039908                _SpCmdTbl
                0x000000000603990c                _SpCrCmdChain
                0x0000000006039910                _SpDrawPrtyBlk
                0x0000000006039914                _SpCmdChain
                0x0000000006039918                _SpCmdChainBlkNo
                0x000000000603991c                _SpDrawPrtyProcFlag
                0x0000000006039920                _SpDrawPrtyTopCmdNo
                0x0000000006039924                _SpCmdNo
                0x0000000006039928                _SpDrawPrtyBlkMax
                0x000000000603992c                _SpCharMax
                0x0000000006039930                _SpCharTbl
                0x0000000006039934                _SpLCoordY
                0x0000000006039938                _SpLCoordX
                0x000000000603993c                _Sp2OpenFlag
 .bss           0x0000000006039998      0xf1c ../sbl/segalib/lib/libsat.a(scl_func.o)
                0x0000000006039998                _SclRPMD
                0x000000000603999c                _SclRotateMoveZ
                0x00000000060399a4                _SclRotateDisp
                0x00000000060399ac                _SclRotateZ
                0x00000000060399b4                _SclRotateXy
                0x00000000060399bc                _SclRotateTableAddress
                0x00000000060399c0                _SclRb
                0x00000000060399c1                _SclRa
                0x00000000060399c2                _SclRotXySw
                0x00000000060399c8                _SclRbgKtbOffset
                0x00000000060399d0                _SclRbgKtbAddr
                0x00000000060399d8                _SclK_TableFlag
                0x00000000060399dc                _SclK_TableNum
                0x00000000060399e4                _SclK_TableBuff
                0x000000000603a6b4                _SclRotregBuff
                0x000000000603a7b4                _Scl_w_reg
                0x000000000603a7d4                _Scl_r_reg
                0x000000000603a7e4                _Scl_n_reg
                0x000000000603a824                _Scl_d_reg
                0x000000000603a86c                _Scl_s_reg
                0x000000000603a894                _SclProcess
                0x000000000603a898                _SclCurSclNum
                0x000000000603a89c                _SclLengthCsTbl
                0x000000000603a89e                _SclLengthLsTbl
                0x000000000603a8a0                _SclAddrCsTbl
                0x000000000603a8a8                _SclAddrLsTbl
 .bss           0x000000000603a8b4        0x0 ../sbl/segalib/lib/libsat.a(scl_fu02.o)
 .bss           0x000000000603a8b4        0x0 ../sbl/segalib/lib/libsat.a(scl_fu03.o)
 .bss           0x000000000603a8b4        0x0 ../sbl/segalib/lib/libsat.a(scl_fu04.o)
 .bss           0x000000000603a8b4      0x696 ../sbl/segalib/lib/libsat.a(scl_pri.o)
                0x000000000603a8b4                _SclAutoRGB
                0x000000000603aeb4                _SclAutoPlusFlag
                0x000000000603aeb5                _SclAutoVeFlag
                0x000000000603aeb6                _SclAutoEndRate
                0x000000000603aeb7                _SclAutoCurRate
                0x000000000603aeb8                _SclAutoEndBlue2
                0x000000000603aeba                _SclAutoEndGreen2
                0x000000000603aebc                _SclAutoEndRed2
                0x000000000603aebe                _SclAutoEndBlue
                0x000000000603aec0                _SclAutoEndGreen
                0x000000000603aec2                _SclAutoEndRed
                0x000000000603aec4                _SclAutoBlue
                0x000000000603aec6                _SclAutoGreen
                0x000000000603aec8                _SclAutoRed
                0x000000000603aecc                _SclAutoMax
                0x000000000603aed0                _SclAutoIndex
                0x000000000603aed4                _SclAutoCount
                0x000000000603aed8                _SclAutoInterval
                0x000000000603aedc                _SclAutoSurface
                0x000000000603aee0                _SclColRamAlloc2048
                0x000000000603aee4                _SclColRamAlloc256
                0x000000000603af04                _SclLineColRamOffset
                0x000000000603af08                _SclPriBuffDirty
                0x000000000603af0c                _SclColOffset
                0x000000000603af1c                _SclBgColMix
                0x000000000603af24                _SclSpColMix
                0x000000000603af2c                _SclBgPriNum
                0x000000000603af32                _SclSpPriNum
                0x000000000603af3a                _SclOtherPri
 *fill*         0x000000000603af4a        0x2 
 .bss           0x000000000603af4c       0x58 ../sbl/segalib/lib/libsat.a(scl_ro00.o)
                0x000000000603af4c                _SclCsy
                0x000000000603af54                _SclCsx
 .bss           0x000000000603afa4        0x0 ../sbl/segalib/lib/libsat.a(scl_ro03.o)
 .bss           0x000000000603afa4        0x0 ../sbl/segalib/lib/libsat.a(scl_back.o)
 .bss           0x000000000603afa4       0x16 ../sbl/segalib/lib/libsat.a(scl_vblv.o)
                0x000000000603afa4                _frameChgFlag
                0x000000000603afa8                _VBIntrDisableDepth
                0x000000000603afac                _ReqDisplayFlag2
                0x000000000603afb0                _ReqDisplayFlag1
                0x000000000603afb4                _VBIntervalCounter
                0x000000000603afb8                _SpFrameChgMode
 .bss           0x000000000603afba        0x0 ../sbl/segalib/lib/libsat.a(scl_pr01.o)
 .bss           0x000000000603afba        0x0 ../sbl/segalib/lib/libsat.a(scl_pr02.o)
 .bss           0x000000000603afba        0x0 ../sbl/segalib/lib/libsat.a(scl_pr03.o)
 .bss           0x000000000603afba        0x0 ../sbl/segalib/lib/libsat.a(scl_pr05.o)
 .bss           0x000000000603afba        0x0 ../sbl/segalib/lib/libsat.a(scl_pr06.o)
 .bss           0x000000000603afba        0x0 ../sbl/segalib/lib/libsat.a(scl_pr07.o)
 .bss           0x000000000603afba        0x0 ../sbl/segalib/lib/libsat.a(scl_pr11.o)
 .bss           0x000000000603afba        0x0 ../sbl/segalib/lib/libsat.a(scl_pr12.o)
 .bss           0x000000000603afba        0x2 ../sbl/segalib/lib/libsat.a(cdc_reg.o)
                0x000000000603afba                _hirq_flag
 .bss           0x000000000603afbc        0xc ../sbl/segalib/lib/libsat.a(cdc_sub.o)
                0x000000000603afbc                _cd_stat
 .bss           0x000000000603afc8        0x0 ../sbl/segalib/lib/libsat.a(cdc_dev.o)
 .bss           0x000000000603afc8        0x0 ../sbl/segalib/lib/libsat.a(cdc_sel.o)
 .bss           0x000000000603afc8        0x0 ../sbl/segalib/lib/libsat.a(cdc_bif.o)
 .bss           0x000000000603afc8        0x0 ../sbl/segalib/lib/libsat.a(cdc_bio.o)
 .bss           0x000000000603afc8        0x0 ../sbl/segalib/lib/libsat.a(cdc_cfs.o)
 .bss           0x000000000603afc8        0x0 ../sbl/segalib/lib/libsat.a(csh_main.o)
 .bss           0x000000000603afc8        0x0 ../sbl/segalib/lib/libsat.a(dma_cpu0.o)
 .bss           0x000000000603afc8       0x1c ../sbl/segalib/lib/libsat.a(dma_scu0.o)
 .bss           0x000000000603afe4       0x20 ../sbl/segalib/lib/libsat.a(spr_1c.o)
                0x000000000603afe4                _SpDil
                0x000000000603afe6                _SpDie
                0x000000000603afe8                _SpFbcrMode
                0x000000000603afea                _SpTvMode
                0x000000000603afec                _SpScreenY
                0x000000000603aff0                _SpScreenX
                0x000000000603aff4                _SpInitialFlag
 .bss           0x000000000603b004        0x0 ../sbl/segalib/lib/libsat.a(spr_2a.o)
 .bss           0x000000000603b004        0x0 /opt/toolchains/sh-elf/bin/../lib/gcc/sh-elf/11.1.0/libgcc.a(_ashiftrt.o)
 .bss           0x000000000603b004        0x0 /opt/toolchains/sh-elf/bin/../lib/gcc/sh-elf/11.1.0/libgcc.a(_ashiftrt_n.o)
 .bss           0x000000000603b004        0x0 /opt/toolchains/sh-elf/bin/../lib/gcc/sh-elf/11.1.0/libgcc.a(_ashiftlt.o)
 .bss           0x000000000603b004        0x0 /opt/toolchains/sh-elf/bin/../lib/gcc/sh-elf/11.1.0/libgcc.a(_movmem.o)
 .bss           0x000000000603b004        0x0 /opt/toolchains/sh-elf/bin/../lib/gcc/sh-elf/11.1.0/libgcc.a(_sdivsi3.o)
 .bss           0x000000000603b004        0x0 /opt/toolchains/sh-elf/bin/../lib/gcc/sh-elf/11.1.0/libgcc.a(_udivsi3.o)
 .bss           0x000000000603b004        0x0 /opt/toolchains/sh-elf/bin/../lib/gcc/sh-elf/11.1.0/libgcc.a(_mul_df.o)
 .bss           0x000000000603b004        0x0 /opt/toolchains/sh-elf/bin/../lib/gcc/sh-elf/11.1.0/libgcc.a(_si_to_df.o)
 .bss           0x000000000603b004        0x0 /opt/toolchains/sh-elf/bin/../lib/gcc/sh-elf/11.1.0/libgcc.a(_df_to_si.o)
 .bss           0x000000000603b004        0x0 /opt/toolchains/sh-elf/bin/../lib/gcc/sh-elf/11.1.0/libgcc.a(_thenan_df.o)
 .bss           0x000000000603b004        0x0 /opt/toolchains/sh-elf/bin/../lib/gcc/sh-elf/11.1.0/libgcc.a(_lshiftrt.o)
 .bss           0x000000000603b004        0x0 /opt/toolchains/sh-elf/bin/../lib/gcc/sh-elf/11.1.0/libgcc.a(_clzsi2.o)
 .bss           0x000000000603b004        0x0 /opt/toolchains/sh-elf/bin/../lib/gcc/sh-elf/11.1.0/libgcc.a(_pack_df.o)
 .bss           0x000000000603b004        0x0 /opt/toolchains/sh-elf/bin/../lib/gcc/sh-elf/11.1.0/libgcc.a(_unpack_df.o)
 .bss           0x000000000603b004        0x0 /opt/toolchains/sh-elf/bin/../lib/gcc/sh-elf/11.1.0/libgcc.a(_clz.o)
 .bss           0x000000000603b004        0x0 /opt/toolchains/sh-elf/bin/../lib/gcc/sh-elf/11.1.0/../../../../sh-elf/lib/libc.a(lib_a-memcmp.o)
 .bss           0x000000000603b004        0x0 /opt/toolchains/sh-elf/bin/../lib/gcc/sh-elf/11.1.0/../../../../sh-elf/lib/libc.a(lib_a-memcpy.o)
 .bss           0x000000000603b004        0x0 /opt/toolchains/sh-elf/bin/../lib/gcc/sh-elf/11.1.0/../../../../sh-elf/lib/libc.a(lib_a-memmove.o)
 .bss           0x000000000603b004        0x0 /opt/toolchains/sh-elf/bin/../lib/gcc/sh-elf/11.1.0/../../../../sh-elf/lib/libc.a(lib_a-memset.o)
 .bss           0x000000000603b004        0x0 /opt/toolchains/sh-elf/bin/../lib/gcc/sh-elf/11.1.0/../../../../sh-elf/lib/libc.a(lib_a-strcpy.o)
 .bss           0x000000000603b004        0x0 /opt/toolchains/sh-elf/bin/../lib/gcc/sh-elf/11.1.0/../../../../sh-elf/lib/libc.a(lib_a-strncmp.o)
 .bss           0x000000000603b004        0x0 /opt/toolchains/sh-elf/bin/../lib/gcc/sh-elf/11.1.0/../../../../sh-elf/lib/libc.a(lib_a-strncpy.o)
 *(COMMON)
                0x000000000603b004                _bss_end = .
                0x000000000603b010                . = ALIGN (0x10)
 *fill*         0x000000000603b004        0xc 
                0x000000000603b010                _end = ABSOLUTE (.)

.stack          0x000000000603b010     0x2000
 *(.stack)
 .stack         0x000000000603b010     0x2000 stack.o
                0x000000000603b010                _PROG_STK
                0x000000000603d010                _stack = .

.lwram          0x0000000000200000        0x0
                0x0000000000200000                . = ALIGN (0x10)
 *(.lwram)
                0x0000000000200000                . = ALIGN (0x10)
OUTPUT(main.elf elf32-sh)

.debug_info     0x0000000000000000     0x8a98
 .debug_info    0x0000000000000000      0x4d4 vblank.o
 .debug_info    0x00000000000004d4      0x7a5 bg.o
 .debug_info    0x0000000000000c79      0x937 cd.o
 .debug_info    0x00000000000015b0      0x12d crc.o
 .debug_info    0x00000000000016dd      0x47b devcart.o
 .debug_info    0x0000000000001b58     0x16de game.o
 .debug_info    0x0000000000003236       0x9e hwram.o
 .debug_info    0x00000000000032d4      0x69c rank.o
 .debug_info    0x0000000000003970      0x6a5 pcmsys.o
 .debug_info    0x0000000000004015       0x69 piece.o
 .debug_info    0x000000000000407e      0x3fe print.o
 .debug_info    0x000000000000447c      0x240 rng.o
 .debug_info    0x00000000000046bc      0xf2a scroll.o
 .debug_info    0x00000000000055e6      0x49a sound.o
 .debug_info    0x0000000000005a80     0x102c sprite.o
 .debug_info    0x0000000000006aac      0x5d2 title.o
 .debug_info    0x000000000000707e      0x3ec main.o
 .debug_info    0x000000000000746a      0x4d2 /opt/toolchains/sh-elf/bin/../lib/gcc/sh-elf/11.1.0/libgcc.a(_mul_df.o)
 .debug_info    0x000000000000793c      0x259 /opt/toolchains/sh-elf/bin/../lib/gcc/sh-elf/11.1.0/libgcc.a(_si_to_df.o)
 .debug_info    0x0000000000007b95      0x2a5 /opt/toolchains/sh-elf/bin/../lib/gcc/sh-elf/11.1.0/libgcc.a(_df_to_si.o)
 .debug_info    0x0000000000007e3a      0x15b /opt/toolchains/sh-elf/bin/../lib/gcc/sh-elf/11.1.0/libgcc.a(_thenan_df.o)
 .debug_info    0x0000000000007f95      0x130 /opt/toolchains/sh-elf/bin/../lib/gcc/sh-elf/11.1.0/libgcc.a(_clzsi2.o)
 .debug_info    0x00000000000080c5      0x298 /opt/toolchains/sh-elf/bin/../lib/gcc/sh-elf/11.1.0/libgcc.a(_pack_df.o)
 .debug_info    0x000000000000835d      0x20c /opt/toolchains/sh-elf/bin/../lib/gcc/sh-elf/11.1.0/libgcc.a(_unpack_df.o)
 .debug_info    0x0000000000008569       0xca /opt/toolchains/sh-elf/bin/../lib/gcc/sh-elf/11.1.0/libgcc.a(_clz.o)
 .debug_info    0x0000000000008633      0x10f /opt/toolchains/sh-elf/bin/../lib/gcc/sh-elf/11.1.0/../../../../sh-elf/lib/libc.a(lib_a-memcmp.o)
 .debug_info    0x0000000000008742      0x130 /opt/toolchains/sh-elf/bin/../lib/gcc/sh-elf/11.1.0/../../../../sh-elf/lib/libc.a(lib_a-memmove.o)
 .debug_info    0x0000000000008872       0xf4 /opt/toolchains/sh-elf/bin/../lib/gcc/sh-elf/11.1.0/../../../../sh-elf/lib/libc.a(lib_a-strncmp.o)
 .debug_info    0x0000000000008966      0x132 /opt/toolchains/sh-elf/bin/../lib/gcc/sh-elf/11.1.0/../../../../sh-elf/lib/libc.a(lib_a-strncpy.o)

.debug_abbrev   0x0000000000000000     0x3174
 .debug_abbrev  0x0000000000000000      0x1f2 vblank.o
 .debug_abbrev  0x00000000000001f2      0x22e bg.o
 .debug_abbrev  0x0000000000000420      0x25b cd.o
 .debug_abbrev  0x000000000000067b       0xbe crc.o
 .debug_abbrev  0x0000000000000739      0x24f devcart.o
 .debug_abbrev  0x0000000000000988      0x499 game.o
 .debug_abbrev  0x0000000000000e21       0x69 hwram.o
 .debug_abbrev  0x0000000000000e8a      0x275 rank.o
 .debug_abbrev  0x00000000000010ff      0x2f6 pcmsys.o
 .debug_abbrev  0x00000000000013f5       0x5a piece.o
 .debug_abbrev  0x000000000000144f      0x1de print.o
 .debug_abbrev  0x000000000000162d      0x1ad rng.o
 .debug_abbrev  0x00000000000017da      0x332 scroll.o
 .debug_abbrev  0x0000000000001b0c      0x1cf sound.o
 .debug_abbrev  0x0000000000001cdb      0x3dc sprite.o
 .debug_abbrev  0x00000000000020b7      0x1ad title.o
 .debug_abbrev  0x0000000000002264      0x1b6 main.o
 .debug_abbrev  0x000000000000241a      0x278 /opt/toolchains/sh-elf/bin/../lib/gcc/sh-elf/11.1.0/libgcc.a(_mul_df.o)
 .debug_abbrev  0x0000000000002692      0x1b2 /opt/toolchains/sh-elf/bin/../lib/gcc/sh-elf/11.1.0/libgcc.a(_si_to_df.o)
 .debug_abbrev  0x0000000000002844      0x1b2 /opt/toolchains/sh-elf/bin/../lib/gcc/sh-elf/11.1.0/libgcc.a(_df_to_si.o)
 .debug_abbrev  0x00000000000029f6       0xcf /opt/toolchains/sh-elf/bin/../lib/gcc/sh-elf/11.1.0/libgcc.a(_thenan_df.o)
 .debug_abbrev  0x0000000000002ac5       0xca /opt/toolchains/sh-elf/bin/../lib/gcc/sh-elf/11.1.0/libgcc.a(_clzsi2.o)
 .debug_abbrev  0x0000000000002b8f      0x1ae /opt/toolchains/sh-elf/bin/../lib/gcc/sh-elf/11.1.0/libgcc.a(_pack_df.o)
 .debug_abbrev  0x0000000000002d3d      0x142 /opt/toolchains/sh-elf/bin/../lib/gcc/sh-elf/11.1.0/libgcc.a(_unpack_df.o)
 .debug_abbrev  0x0000000000002e7f       0x70 /opt/toolchains/sh-elf/bin/../lib/gcc/sh-elf/11.1.0/libgcc.a(_clz.o)
 .debug_abbrev  0x0000000000002eef       0x8a /opt/toolchains/sh-elf/bin/../lib/gcc/sh-elf/11.1.0/../../../../sh-elf/lib/libc.a(lib_a-memcmp.o)
 .debug_abbrev  0x0000000000002f79       0xba /opt/toolchains/sh-elf/bin/../lib/gcc/sh-elf/11.1.0/../../../../sh-elf/lib/libc.a(lib_a-memmove.o)
 .debug_abbrev  0x0000000000003033       0x8c /opt/toolchains/sh-elf/bin/../lib/gcc/sh-elf/11.1.0/../../../../sh-elf/lib/libc.a(lib_a-strncmp.o)
 .debug_abbrev  0x00000000000030bf       0xb5 /opt/toolchains/sh-elf/bin/../lib/gcc/sh-elf/11.1.0/../../../../sh-elf/lib/libc.a(lib_a-strncpy.o)

.debug_aranges  0x0000000000000000      0x380
 .debug_aranges
                0x0000000000000000       0x20 vblank.o
 .debug_aranges
                0x0000000000000020       0x20 bg.o
 .debug_aranges
                0x0000000000000040       0x20 cd.o
 .debug_aranges
                0x0000000000000060       0x20 crc.o
 .debug_aranges
                0x0000000000000080       0x20 devcart.o
 .debug_aranges
                0x00000000000000a0       0x20 game.o
 .debug_aranges
                0x00000000000000c0       0x18 hwram.o
 .debug_aranges
                0x00000000000000d8       0x20 rank.o
 .debug_aranges
                0x00000000000000f8       0x20 pcmsys.o
 .debug_aranges
                0x0000000000000118       0x18 piece.o
 .debug_aranges
                0x0000000000000130       0x20 print.o
 .debug_aranges
                0x0000000000000150       0x20 rng.o
 .debug_aranges
                0x0000000000000170       0x20 scroll.o
 .debug_aranges
                0x0000000000000190       0x20 sound.o
 .debug_aranges
                0x00000000000001b0       0x20 sprite.o
 .debug_aranges
                0x00000000000001d0       0x20 title.o
 .debug_aranges
                0x00000000000001f0       0x20 main.o
 .debug_aranges
                0x0000000000000210       0x20 /opt/toolchains/sh-elf/bin/../lib/gcc/sh-elf/11.1.0/libgcc.a(_mul_df.o)
 .debug_aranges
                0x0000000000000230       0x20 /opt/toolchains/sh-elf/bin/../lib/gcc/sh-elf/11.1.0/libgcc.a(_si_to_df.o)
 .debug_aranges
                0x0000000000000250       0x20 /opt/toolchains/sh-elf/bin/../lib/gcc/sh-elf/11.1.0/libgcc.a(_df_to_si.o)
 .debug_aranges
                0x0000000000000270       0x18 /opt/toolchains/sh-elf/bin/../lib/gcc/sh-elf/11.1.0/libgcc.a(_thenan_df.o)
 .debug_aranges
                0x0000000000000288       0x20 /opt/toolchains/sh-elf/bin/../lib/gcc/sh-elf/11.1.0/libgcc.a(_clzsi2.o)
 .debug_aranges
                0x00000000000002a8       0x20 /opt/toolchains/sh-elf/bin/../lib/gcc/sh-elf/11.1.0/libgcc.a(_pack_df.o)
 .debug_aranges
                0x00000000000002c8       0x20 /opt/toolchains/sh-elf/bin/../lib/gcc/sh-elf/11.1.0/libgcc.a(_unpack_df.o)
 .debug_aranges
                0x00000000000002e8       0x18 /opt/toolchains/sh-elf/bin/../lib/gcc/sh-elf/11.1.0/libgcc.a(_clz.o)
 .debug_aranges
                0x0000000000000300       0x20 /opt/toolchains/sh-elf/bin/../lib/gcc/sh-elf/11.1.0/../../../../sh-elf/lib/libc.a(lib_a-memcmp.o)
 .debug_aranges
                0x0000000000000320       0x20 /opt/toolchains/sh-elf/bin/../lib/gcc/sh-elf/11.1.0/../../../../sh-elf/lib/libc.a(lib_a-memmove.o)
 .debug_aranges
                0x0000000000000340       0x20 /opt/toolchains/sh-elf/bin/../lib/gcc/sh-elf/11.1.0/../../../../sh-elf/lib/libc.a(lib_a-strncmp.o)
 .debug_aranges
                0x0000000000000360       0x20 /opt/toolchains/sh-elf/bin/../lib/gcc/sh-elf/11.1.0/../../../../sh-elf/lib/libc.a(lib_a-strncpy.o)

.debug_line     0x0000000000000000     0x503c
 .debug_line    0x0000000000000000      0x153 vblank.o
 .debug_line    0x0000000000000153      0x49a bg.o
 .debug_line    0x00000000000005ed      0x13e cd.o
 .debug_line    0x000000000000072b       0xaa crc.o
 .debug_line    0x00000000000007d5      0x3d0 devcart.o
 .debug_line    0x0000000000000ba5     0x10bb game.o
 .debug_line    0x0000000000001c60       0x58 hwram.o
 .debug_line    0x0000000000001cb8      0x301 rank.o
 .debug_line    0x0000000000001fb9      0x4ce pcmsys.o
 .debug_line    0x0000000000002487       0x33 piece.o
 .debug_line    0x00000000000024ba      0x1db print.o
 .debug_line    0x0000000000002695      0x155 rng.o
 .debug_line    0x00000000000027ea      0x6b9 scroll.o
 .debug_line    0x0000000000002ea3      0x285 sound.o
 .debug_line    0x0000000000003128      0x820 sprite.o
 .debug_line    0x0000000000003948      0x345 title.o
 .debug_line    0x0000000000003c8d      0x1de main.o
 .debug_line    0x0000000000003e6b      0x2d6 /opt/toolchains/sh-elf/bin/../lib/gcc/sh-elf/11.1.0/libgcc.a(_mul_df.o)
 .debug_line    0x0000000000004141      0x13d /opt/toolchains/sh-elf/bin/../lib/gcc/sh-elf/11.1.0/libgcc.a(_si_to_df.o)
 .debug_line    0x000000000000427e       0xf6 /opt/toolchains/sh-elf/bin/../lib/gcc/sh-elf/11.1.0/libgcc.a(_df_to_si.o)
 .debug_line    0x0000000000004374       0x50 /opt/toolchains/sh-elf/bin/../lib/gcc/sh-elf/11.1.0/libgcc.a(_thenan_df.o)
 .debug_line    0x00000000000043c4       0xad /opt/toolchains/sh-elf/bin/../lib/gcc/sh-elf/11.1.0/libgcc.a(_clzsi2.o)
 .debug_line    0x0000000000004471      0x30c /opt/toolchains/sh-elf/bin/../lib/gcc/sh-elf/11.1.0/libgcc.a(_pack_df.o)
 .debug_line    0x000000000000477d      0x146 /opt/toolchains/sh-elf/bin/../lib/gcc/sh-elf/11.1.0/libgcc.a(_unpack_df.o)
 .debug_line    0x00000000000048c3       0x52 /opt/toolchains/sh-elf/bin/../lib/gcc/sh-elf/11.1.0/libgcc.a(_clz.o)
 .debug_line    0x0000000000004915      0x167 /opt/toolchains/sh-elf/bin/../lib/gcc/sh-elf/11.1.0/../../../../sh-elf/lib/libc.a(lib_a-memcmp.o)
 .debug_line    0x0000000000004a7c      0x1ec /opt/toolchains/sh-elf/bin/../lib/gcc/sh-elf/11.1.0/../../../../sh-elf/lib/libc.a(lib_a-memmove.o)
 .debug_line    0x0000000000004c68      0x200 /opt/toolchains/sh-elf/bin/../lib/gcc/sh-elf/11.1.0/../../../../sh-elf/lib/libc.a(lib_a-strncmp.o)
 .debug_line    0x0000000000004e68      0x1d4 /opt/toolchains/sh-elf/bin/../lib/gcc/sh-elf/11.1.0/../../../../sh-elf/lib/libc.a(lib_a-strncpy.o)

.debug_str      0x0000000000000000     0x1d4d
 .debug_str     0x0000000000000000      0x236 vblank.o
                                        0x298 (size before relaxing)
 .debug_str     0x0000000000000236      0x1e3 bg.o
                                        0x2c8 (size before relaxing)
 .debug_str     0x0000000000000419      0x25a cd.o
                                        0x36a (size before relaxing)
 .debug_str     0x0000000000000673       0x3a crc.o
                                        0x121 (size before relaxing)
 .debug_str     0x00000000000006ad      0x118 devcart.o
                                        0x246 (size before relaxing)
 .debug_str     0x00000000000007c5      0x4f8 game.o
                                        0x63b (size before relaxing)
 .debug_str     0x0000000000000cbd        0x8 hwram.o
                                         0xcd (size before relaxing)
 .debug_str     0x0000000000000cc5       0xa9 rank.o
                                        0x2d7 (size before relaxing)
 .debug_str     0x0000000000000d6e      0x161 pcmsys.o
                                        0x302 (size before relaxing)
 .debug_str     0x0000000000000ecf        0x8 piece.o
                                         0x62 (size before relaxing)
 .debug_str     0x0000000000000ed7       0x4b print.o
                                        0x1f4 (size before relaxing)
 .debug_str     0x0000000000000f22       0x7c rng.o
                                        0x184 (size before relaxing)
 .debug_str     0x0000000000000f9e      0x355 scroll.o
                                        0x4f8 (size before relaxing)
 .debug_str     0x00000000000012f3       0xb8 sound.o
                                        0x20c (size before relaxing)
 .debug_str     0x00000000000013ab      0x328 sprite.o
                                        0x560 (size before relaxing)
 .debug_str     0x00000000000016d3       0xdf title.o
                                        0x2c7 (size before relaxing)
 .debug_str     0x00000000000017b2      0x152 main.o
                                        0x33d (size before relaxing)
 .debug_str     0x0000000000001904      0x212 /opt/toolchains/sh-elf/bin/../lib/gcc/sh-elf/11.1.0/libgcc.a(_mul_df.o)
                                        0x28a (size before relaxing)
 .debug_str     0x0000000000001b16       0x27 /opt/toolchains/sh-elf/bin/../lib/gcc/sh-elf/11.1.0/libgcc.a(_si_to_df.o)
                                        0x216 (size before relaxing)
 .debug_str     0x0000000000001b3d        0xa /opt/toolchains/sh-elf/bin/../lib/gcc/sh-elf/11.1.0/libgcc.a(_df_to_si.o)
                                        0x233 (size before relaxing)
 .debug_str     0x0000000000001b47      0x1d5 /opt/toolchains/sh-elf/bin/../lib/gcc/sh-elf/11.1.0/libgcc.a(_thenan_df.o)
 .debug_str     0x0000000000001b47       0x59 /opt/toolchains/sh-elf/bin/../lib/gcc/sh-elf/11.1.0/libgcc.a(_clzsi2.o)
                                        0x198 (size before relaxing)
 .debug_str     0x0000000000001ba0        0x7 /opt/toolchains/sh-elf/bin/../lib/gcc/sh-elf/11.1.0/libgcc.a(_pack_df.o)
                                        0x227 (size before relaxing)
 .debug_str     0x0000000000001ba7      0x209 /opt/toolchains/sh-elf/bin/../lib/gcc/sh-elf/11.1.0/libgcc.a(_unpack_df.o)
 .debug_str     0x0000000000001ba7      0x17b /opt/toolchains/sh-elf/bin/../lib/gcc/sh-elf/11.1.0/libgcc.a(_clz.o)
 .debug_str     0x0000000000001ba7       0xa8 /opt/toolchains/sh-elf/bin/../lib/gcc/sh-elf/11.1.0/../../../../sh-elf/lib/libc.a(lib_a-memcmp.o)
                                        0x144 (size before relaxing)
 .debug_str     0x0000000000001c4f       0x72 /opt/toolchains/sh-elf/bin/../lib/gcc/sh-elf/11.1.0/../../../../sh-elf/lib/libc.a(lib_a-memmove.o)
                                        0x177 (size before relaxing)
 .debug_str     0x0000000000001cc1       0x41 /opt/toolchains/sh-elf/bin/../lib/gcc/sh-elf/11.1.0/../../../../sh-elf/lib/libc.a(lib_a-strncmp.o)
                                        0x146 (size before relaxing)
 .debug_str     0x0000000000001d02       0x4b /opt/toolchains/sh-elf/bin/../lib/gcc/sh-elf/11.1.0/../../../../sh-elf/lib/libc.a(lib_a-strncpy.o)
                                        0x16e (size before relaxing)

.comment        0x0000000000000000       0x12
 .comment       0x0000000000000000       0x12 vblank.o
                                         0x13 (size before relaxing)
 .comment       0x0000000000000012       0x13 bg.o
 .comment       0x0000000000000012       0x13 cd.o
 .comment       0x0000000000000012       0x13 crc.o
 .comment       0x0000000000000012       0x13 devcart.o
 .comment       0x0000000000000012       0x13 game.o
 .comment       0x0000000000000012       0x13 hwram.o
 .comment       0x0000000000000012       0x13 rank.o
 .comment       0x0000000000000012       0x13 pcmsys.o
 .comment       0x0000000000000012       0x13 piece.o
 .comment       0x0000000000000012       0x13 print.o
 .comment       0x0000000000000012       0x13 rng.o
 .comment       0x0000000000000012       0x13 scroll.o
 .comment       0x0000000000000012       0x13 sound.o
 .comment       0x0000000000000012       0x13 sprite.o
 .comment       0x0000000000000012       0x13 title.o
 .comment       0x0000000000000012       0x13 main.o
 .comment       0x0000000000000012       0x13 ../sbl/segalib/lib/libsat.a(cdc_cmn.o)
 .comment       0x0000000000000012       0x13 ../sbl/segalib/lib/libsat.a(cdc_drv.o)
 .comment       0x0000000000000012       0x13 ../sbl/segalib/lib/libsat.a(dma_scu1.o)
 .comment       0x0000000000000012       0x13 ../sbl/segalib/lib/libsat.a(gfs.o)
 .comment       0x0000000000000012       0x13 ../sbl/segalib/lib/libsat.a(gfs_buf.o)
 .comment       0x0000000000000012       0x13 ../sbl/segalib/lib/libsat.a(gfs_cdb.o)
 .comment       0x0000000000000012       0x13 ../sbl/segalib/lib/libsat.a(gfs_cdc.o)
 .comment       0x0000000000000012       0x13 ../sbl/segalib/lib/libsat.a(gfs_cdf.o)
 .comment       0x0000000000000012       0x13 ../sbl/segalib/lib/libsat.a(gfs_dir.o)
 .comment       0x0000000000000012       0x13 ../sbl/segalib/lib/libsat.a(gfs_trn.o)
 .comment       0x0000000000000012       0x13 ../sbl/segalib/lib/libsat.a(mth_rand.o)
 .comment       0x0000000000000012       0x13 ../sbl/segalib/lib/libsat.a(per_prt.o)
 .comment       0x0000000000000012       0x13 ../sbl/segalib/lib/libsat.a(spr_2c.o)
 .comment       0x0000000000000012       0x13 ../sbl/segalib/lib/libsat.a(scl_func.o)
 .comment       0x0000000000000012       0x13 ../sbl/segalib/lib/libsat.a(scl_fu02.o)
 .comment       0x0000000000000012       0x13 ../sbl/segalib/lib/libsat.a(scl_fu03.o)
 .comment       0x0000000000000012       0x13 ../sbl/segalib/lib/libsat.a(scl_fu04.o)
 .comment       0x0000000000000012       0x13 ../sbl/segalib/lib/libsat.a(scl_pri.o)
 .comment       0x0000000000000012       0x13 ../sbl/segalib/lib/libsat.a(scl_ro00.o)
 .comment       0x0000000000000012       0x13 ../sbl/segalib/lib/libsat.a(scl_ro03.o)
 .comment       0x0000000000000012       0x13 ../sbl/segalib/lib/libsat.a(scl_back.o)
 .comment       0x0000000000000012       0x13 ../sbl/segalib/lib/libsat.a(scl_vblv.o)
 .comment       0x0000000000000012       0x13 ../sbl/segalib/lib/libsat.a(scl_pr01.o)
 .comment       0x0000000000000012       0x13 ../sbl/segalib/lib/libsat.a(scl_pr02.o)
 .comment       0x0000000000000012       0x13 ../sbl/segalib/lib/libsat.a(scl_pr03.o)
 .comment       0x0000000000000012       0x13 ../sbl/segalib/lib/libsat.a(scl_pr05.o)
 .comment       0x0000000000000012       0x13 ../sbl/segalib/lib/libsat.a(scl_pr06.o)
 .comment       0x0000000000000012       0x13 ../sbl/segalib/lib/libsat.a(scl_pr07.o)
 .comment       0x0000000000000012       0x13 ../sbl/segalib/lib/libsat.a(scl_pr11.o)
 .comment       0x0000000000000012       0x13 ../sbl/segalib/lib/libsat.a(scl_pr12.o)
 .comment       0x0000000000000012       0x13 ../sbl/segalib/lib/libsat.a(cdc_reg.o)
 .comment       0x0000000000000012       0x13 ../sbl/segalib/lib/libsat.a(cdc_sub.o)
 .comment       0x0000000000000012       0x13 ../sbl/segalib/lib/libsat.a(cdc_dev.o)
 .comment       0x0000000000000012       0x13 ../sbl/segalib/lib/libsat.a(cdc_sel.o)
 .comment       0x0000000000000012       0x13 ../sbl/segalib/lib/libsat.a(cdc_bif.o)
 .comment       0x0000000000000012       0x13 ../sbl/segalib/lib/libsat.a(cdc_bio.o)
 .comment       0x0000000000000012       0x13 ../sbl/segalib/lib/libsat.a(cdc_cfs.o)
 .comment       0x0000000000000012       0x13 ../sbl/segalib/lib/libsat.a(csh_main.o)
 .comment       0x0000000000000012       0x13 ../sbl/segalib/lib/libsat.a(dma_cpu0.o)
 .comment       0x0000000000000012       0x13 ../sbl/segalib/lib/libsat.a(dma_scu0.o)
 .comment       0x0000000000000012       0x13 ../sbl/segalib/lib/libsat.a(spr_1c.o)
 .comment       0x0000000000000012       0x13 /opt/toolchains/sh-elf/bin/../lib/gcc/sh-elf/11.1.0/libgcc.a(_mul_df.o)
 .comment       0x0000000000000012       0x13 /opt/toolchains/sh-elf/bin/../lib/gcc/sh-elf/11.1.0/libgcc.a(_si_to_df.o)
 .comment       0x0000000000000012       0x13 /opt/toolchains/sh-elf/bin/../lib/gcc/sh-elf/11.1.0/libgcc.a(_df_to_si.o)
 .comment       0x0000000000000012       0x13 /opt/toolchains/sh-elf/bin/../lib/gcc/sh-elf/11.1.0/libgcc.a(_thenan_df.o)
 .comment       0x0000000000000012       0x13 /opt/toolchains/sh-elf/bin/../lib/gcc/sh-elf/11.1.0/libgcc.a(_clzsi2.o)
 .comment       0x0000000000000012       0x13 /opt/toolchains/sh-elf/bin/../lib/gcc/sh-elf/11.1.0/libgcc.a(_pack_df.o)
 .comment       0x0000000000000012       0x13 /opt/toolchains/sh-elf/bin/../lib/gcc/sh-elf/11.1.0/libgcc.a(_unpack_df.o)
 .comment       0x0000000000000012       0x13 /opt/toolchains/sh-elf/bin/../lib/gcc/sh-elf/11.1.0/libgcc.a(_clz.o)
 .comment       0x0000000000000012       0x13 /opt/toolchains/sh-elf/bin/../lib/gcc/sh-elf/11.1.0/../../../../sh-elf/lib/libc.a(lib_a-memcmp.o)
 .comment       0x0000000000000012       0x13 /opt/toolchains/sh-elf/bin/../lib/gcc/sh-elf/11.1.0/../../../../sh-elf/lib/libc.a(lib_a-memmove.o)
 .comment       0x0000000000000012       0x13 /opt/toolchains/sh-elf/bin/../lib/gcc/sh-elf/11.1.0/../../../../sh-elf/lib/libc.a(lib_a-strncmp.o)
 .comment       0x0000000000000012       0x13 /opt/toolchains/sh-elf/bin/../lib/gcc/sh-elf/11.1.0/../../../../sh-elf/lib/libc.a(lib_a-strncpy.o)

.debug_frame    0x0000000000000000     0x10f8
 .debug_frame   0x0000000000000000       0x84 vblank.o
 .debug_frame   0x0000000000000084       0xfc bg.o
 .debug_frame   0x0000000000000180       0x78 cd.o
 .debug_frame   0x00000000000001f8       0x20 crc.o
 .debug_frame   0x0000000000000218       0x98 devcart.o
 .debug_frame   0x00000000000002b0      0x28c game.o
 .debug_frame   0x000000000000053c       0x94 rank.o
 .debug_frame   0x00000000000005d0      0x174 pcmsys.o
 .debug_frame   0x0000000000000744       0xc4 print.o
 .debug_frame   0x0000000000000808       0x80 rng.o
 .debug_frame   0x0000000000000888      0x250 scroll.o
 .debug_frame   0x0000000000000ad8       0x84 sound.o
 .debug_frame   0x0000000000000b5c      0x224 sprite.o
 .debug_frame   0x0000000000000d80       0x98 title.o
 .debug_frame   0x0000000000000e18       0x4c main.o
 .debug_frame   0x0000000000000e64       0x98 /opt/toolchains/sh-elf/bin/../lib/gcc/sh-elf/11.1.0/libgcc.a(_mul_df.o)
 .debug_frame   0x0000000000000efc       0x3c /opt/toolchains/sh-elf/bin/../lib/gcc/sh-elf/11.1.0/libgcc.a(_si_to_df.o)
 .debug_frame   0x0000000000000f38       0x48 /opt/toolchains/sh-elf/bin/../lib/gcc/sh-elf/11.1.0/libgcc.a(_df_to_si.o)
 .debug_frame   0x0000000000000f80       0x38 /opt/toolchains/sh-elf/bin/../lib/gcc/sh-elf/11.1.0/libgcc.a(_clzsi2.o)
 .debug_frame   0x0000000000000fb8       0x6c /opt/toolchains/sh-elf/bin/../lib/gcc/sh-elf/11.1.0/libgcc.a(_pack_df.o)
 .debug_frame   0x0000000000001024       0x20 /opt/toolchains/sh-elf/bin/../lib/gcc/sh-elf/11.1.0/libgcc.a(_unpack_df.o)
 .debug_frame   0x0000000000001044       0x20 /opt/toolchains/sh-elf/bin/../lib/gcc/sh-elf/11.1.0/../../../../sh-elf/lib/libc.a(lib_a-memcmp.o)
 .debug_frame   0x0000000000001064       0x20 /opt/toolchains/sh-elf/bin/../lib/gcc/sh-elf/11.1.0/../../../../sh-elf/lib/libc.a(lib_a-memmove.o)
 .debug_frame   0x0000000000001084       0x30 /opt/toolchains/sh-elf/bin/../lib/gcc/sh-elf/11.1.0/../../../../sh-elf/lib/libc.a(lib_a-strncmp.o)
 .debug_frame   0x00000000000010b4       0x44 /opt/toolchains/sh-elf/bin/../lib/gcc/sh-elf/11.1.0/../../../../sh-elf/lib/libc.a(lib_a-strncpy.o)

.debug_loclists
                0x0000000000000000     0x206b
 .debug_loclists